--------- beginning of main
03-31 01:34:09.305  1337  1353 W System  : A resource failed to call release. 
03-31 01:34:09.305  1337  1353 W System  : A resource failed to call release. 
03-31 01:34:09.305  1337  1353 W System  : A resource failed to call release. 
03-31 01:34:09.393  1337  1353 W System  : A resource failed to call release. 
--------- beginning of system
03-31 01:34:09.735   815  2381 W ActivityTaskManager: callingPackage for (uid=2000, pid=30372) has no WPC
03-31 01:34:09.739   815  2381 V WindowManager: DesktopModeLaunchParamsModifier: phase= 0 task=null activity=null display-area-from-current-params=null display-area-from-default-fallback=DefaultTaskDisplayArea@146451114 display-id=0 task-display-area-windowing-mode=1 suggested-display-area=DefaultTaskDisplayArea@146451114 task null, skipping
03-31 01:34:09.739   815  2381 V WindowManager: TaskLaunchParamsModifier:phase=0 task=null activity=null display-area-from-current-params=null display-area-from-default-fallback=DefaultTaskDisplayArea@146451114 display-id=0 task-display-area-windowing-mode=1 suggested-display-area=DefaultTaskDisplayArea@146451114
03-31 01:34:09.769   815  2381 V GrammaticalInflectionUtils: AttributionSource: android.content.AttributionSource@a8b12c4b does not have READ_SYSTEM_GRAMMATICAL_GENDER permission.
03-31 01:34:09.778   815  2381 V WindowManager: DesktopModeLaunchParamsModifier: phase= 0 task=null activity=ActivityRecord{133783551 u0 com.weejobs.app/.MainActivity display-area-from-current-params=null display-area-from-default-fallback=DefaultTaskDisplayArea@146451114 display-id=0 task-display-area-windowing-mode=1 suggested-display-area=DefaultTaskDisplayArea@146451114 task null, skipping
03-31 01:34:09.778   815  2381 V WindowManager: TaskLaunchParamsModifier:phase=0 task=null activity=ActivityRecord{133783551 u0 com.weejobs.app/.MainActivity t-1} display-area-from-current-params=null display-area-from-default-fallback=DefaultTaskDisplayArea@146451114 display-id=0 task-display-area-windowing-mode=1 suggested-display-area=DefaultTaskDisplayArea@146451114
03-31 01:34:09.779   815  2381 V WindowManager: DesktopModeLaunchParamsModifier: phase= 3 task=null activity=ActivityRecord{133783551 u0 com.weejobs.app/.MainActivity t-1} display-area-from-current-params=null display-area-from-default-fallback=DefaultTaskDisplayArea@146451114 display-id=0 task-display-area-windowing-mode=1 suggested-display-area=DefaultTaskDisplayArea@146451114 task null, skipping
03-31 01:34:09.781   815  2381 V WindowManager: TaskLaunchParamsModifier:phase=3 task=null activity=ActivityRecord{133783551 u0 com.weejobs.app/.MainActivity t-1} display-area-from-current-params=null display-area-from-default-fallback=DefaultTaskDisplayArea@146451114 display-id=0 task-display-area-windowing-mode=1 suggested-display-area=DefaultTaskDisplayArea@146451114 non-freeform-task-display-area display-area=DefaultTaskDisplayArea@146451114 skip-bounds-fullscreen
03-31 01:34:09.799   815  2381 V WindowManager: DesktopModeLaunchParamsModifier: phase= 3 task=Task{ea7c1cc #79 type=standard A=10227:com.weejobs.app} activity=ActivityRecord{133783551 u0 com.weejobs.app/.MainActivity t-1} display-from-task=0 display-id=0 task-display-area-windowing-mode=1 suggested-display-area=DefaultTaskDisplayArea@146451114 not entering desktop mode, skipping
03-31 01:34:09.800   815  2381 V WindowManager: TaskLaunchParamsModifier:phase=3 task=Task{ea7c1cc #79 type=standard A=10227:com.weejobs.app} activity=ActivityRecord{133783551 u0 com.weejobs.app/.MainActivity t-1} display-from-task=0 display-id=0 task-display-area-windowing-mode=1 suggested-display-area=DefaultTaskDisplayArea@146451114 inherit-from-task=fullscreen non-freeform-task-display-area display-area=DefaultTaskDisplayArea@146451114 skip-bounds-fullscreen
03-31 01:34:09.805   651   794 I libbinder.BpBinder: onLastStrongRef automatically unlinking death recipients for descriptor: '(not cached)'
03-31 01:34:09.829   815  2381 I ActivityTaskManager: START u0 {flg=0x10000000 xflg=0x5 cmp=com.weejobs.app/.MainActivity} with LAUNCH_SINGLE_TASK from uid 2000 (com.android.shell) (BAL_ALLOW_PERMISSION) result code=0
03-31 01:34:09.838  1636  1636 D BaseActivity: Launcher flags updated: [state_started|state_resumed|state_deferred_resumed|state_window_focused] -[state_user_active]
03-31 01:34:09.843  1636  1636 D BaseActivity: Launcher flags updated: [state_started|state_window_focused] -[state_resumed|state_deferred_resumed]
03-31 01:34:09.846  1337  1429 V WindowManagerShell: Transition requested (#173): android.os.BinderProxy@b96a975 TransitionRequestInfo { type = OPEN, triggerTask = TaskInfo{userId=0 taskId=79 effectiveUid=10227 displayId=0 isRunning=true baseIntent=Intent { flg=0x10000000 cmp=com.weejobs.app/.MainActivity } baseActivity=ComponentInfo{com.weejobs.app/com.weejobs.app.MainActivity} topActivity=ComponentInfo{com.weejobs.app/com.weejobs.app.MainActivity} origActivity=null realActivity=ComponentInfo{com.weejobs.app/com.weejobs.app.MainActivity} numActivities=1 lastActiveTime=46198426 supportsMultiWindow=true resizeMode=1 isResizeable=true minWidth=-1 minHeight=-1 defaultMinSize=220 token=WCT{android.os.BinderProxy@c45fd0a} topActivityType=1 pictureInPictureParams=null shouldDockBigOverlays=false launchIntoPipHostTaskId=-1 lastParentTaskIdBeforePip=-1 displayCutoutSafeInsets=Rect(0, 0 - 0, 0) topActivityInfo=ActivityInfo{ca1f97b com.weejobs.app.MainActivity} launchCookies=[] positionInParent=Point(0, 0) parentTaskId=-1 isFocused=false isVisible=false isVisibleRequested=false isTopActivityNoDisplay=false isSleeping=false locusId=null displayAreaFeatureId=1 isTopActivityTransparent=false isActivityStackTransparent=false lastNonFullscreenBounds=null capturedLink=null capturedLinkTimestamp=0 requestedVisibleTypes=503 topActivityRequestOpenInBrowserEducationTimestamp=0 appCompatTaskInfo=AppCompatTaskInfo { topActivityInSizeCompat=false isLeafTask= true eligibleForLetterboxEducation= false isLetterboxEducationEnabled= true isLetterboxDoubleTapEnabled= false eligibleForUserAspectRatioButton= false topActivityBoundsLetterboxed= false isFromLetterboxDoubleTap= false topActivityLetterboxVerticalPosition= -1 topActivityLetterboxHorizontalPosition= -1 topActivityLetterboxWidth=-1 topActivityLetterboxHeight=-1 topActivityAppBounds=Rect(0, 0 - 1080, 2400) isUserFullscreenOverrideEnabled=false isSystemFullscreenOverrideEnabled=false hasMinAspectRatioOverride=false topActivityLetterboxBounds=null cameraCompatTaskInfo=CameraCompatTaskInfo { cameraCompatMode=undefinedundefined} topNonResizableActivityAspectRatio=-1.0} topActivityMainWindowFrame=null isAppBubble=false}, pipChange = null, remoteTransition = null, displayChange = null, requestedLocation = null, userChange = null, windowingLayerChange = null, flags = 0, debugId = 173 }
03-31 01:34:09.847  1636  1636 W SplitSelectStateCtor: Missing session instanceIds
03-31 01:34:09.847  1636  1636 D StatsLog: LAUNCHER_SPLIT_SELECTION_EXIT_INTERRUPTED
03-31 01:34:09.848  1337  1429 D ShellSplitScreen: logExit: no-op, mLoggerSessionId is null
03-31 01:34:09.851  1337  1429 V ShellDesktopMode: DesktopTasksController: handleRequest request=TransitionRequestInfo { type = OPEN, triggerTask = TaskInfo{userId=0 taskId=79 effectiveUid=10227 displayId=0 isRunning=true baseIntent=Intent { flg=0x10000000 cmp=com.weejobs.app/.MainActivity } baseActivity=ComponentInfo{com.weejobs.app/com.weejobs.app.MainActivity} topActivity=ComponentInfo{com.weejobs.app/com.weejobs.app.MainActivity} origActivity=null realActivity=ComponentInfo{com.weejobs.app/com.weejobs.app.MainActivity} numActivities=1 lastActiveTime=46198426 supportsMultiWindow=true resizeMode=1 isResizeable=true minWidth=-1 minHeight=-1 defaultMinSize=220 token=WCT{android.os.BinderProxy@c45fd0a} topActivityType=1 pictureInPictureParams=null shouldDockBigOverlays=false launchIntoPipHostTaskId=-1 lastParentTaskIdBeforePip=-1 displayCutoutSafeInsets=Rect(0, 0 - 0, 0) topActivityInfo=ActivityInfo{ca1f97b com.weejobs.app.MainActivity} launchCookies=[] positionInParent=Point(0, 0) parentTaskId=-1 isFocused=false isVisible=false isVisibleRequested=false isTopActivityNoDisplay=false isSleeping=false locusId=null displayAreaFeatureId=1 isTopActivityTransparent=false isActivityStackTransparent=false lastNonFullscreenBounds=null capturedLink=null capturedLinkTimestamp=0 requestedVisibleTypes=503 topActivityRequestOpenInBrowserEducationTimestamp=0 appCompatTaskInfo=AppCompatTaskInfo { topActivityInSizeCompat=false isLeafTask= true eligibleForLetterboxEducation= false isLetterboxEducationEnabled= true isLetterboxDoubleTapEnabled= false eligibleForUserAspectRatioButton= false topActivityBoundsLetterboxed= false isFromLetterboxDoubleTap= false topActivityLetterboxVerticalPosition= -1 topActivityLetterboxHorizontalPosition= -1 topActivityLetterboxWidth=-1 topActivityLetterboxHeight=-1 topActivityAppBounds=Rect(0, 0 - 1080, 2400) isUserFullscreenOverrideEnabled=false isSystemFullscreenOverrideEnabled=false hasMinAspectRatioOverride=false topActivityLetterboxBounds=null cameraCompatTaskInfo=CameraCompatTaskInfo { cameraCompatMode=undefinedundefined} topNonResizableActivityAspectRatio=-1.0} topActivityMainWindowFrame=null isAppBubble=false}, pipChange = null, remoteTransition = null, displayChange = null, requestedLocation = null, userChange = null, windowingLayerChange = null, flags = 0, debugId = 173 }
03-31 01:34:09.851  1337  1429 V ShellDesktopMode: DesktopTasksController: skipping handleRequest reason=triggerTask's display doesn't support desktop mode
03-31 01:34:09.861   815  3564 V WindowManager: Defer transition id=173 for TaskFragmentTransaction=android.os.Binder@68dfd1b
03-31 01:34:09.863   815  3564 V WindowManager: deferTransitionReady deferReadyDepth=1 stack=com.android.server.wm.TransitionController.deferTransitionReady:1061 com.android.server.wm.TaskFragmentOrganizerController$TaskFragmentOrganizerState.dispatchTransaction:517 com.android.server.wm.TaskFragmentOrganizerController.dispatchPendingEvents:1259 com.android.server.wm.TaskFragmentOrganizerController.dispatchPendingEvents:1228 com.android.server.wm.RootWindowContainer.performSurfacePlacement:777 
03-31 01:34:09.872  1636  1636 D RecentsView: onTaskDisplayChanged: 79, new displayId = 0
03-31 01:34:09.876  1337  1429 D WindowManagerShell: setLauncherKeepClearAreaHeight: visible=false, height=495
03-31 01:34:09.884   815   838 V GrammaticalInflectionUtils: AttributionSource: android.content.AttributionSource@a8b12c4b does not have READ_SYSTEM_GRAMMATICAL_GENDER permission.
03-31 01:34:09.884   815  1701 V WindowManager: Continue transition id=173 for TaskFragmentTransaction=android.os.Binder@68dfd1b
03-31 01:34:09.885   815  1701 V WindowManager: continueTransitionReady deferReadyDepth=0 stack=com.android.server.wm.TransitionController.continueTransitionReady:1071 com.android.server.wm.TaskFragmentOrganizerController$TaskFragmentOrganizerState.onTransactionFinished:546 com.android.server.wm.TaskFragmentOrganizerController.onTransactionHandled:740 android.window.ITaskFragmentOrganizerController$Stub.onTransact:225 android.os.Binder.execTransactInternal:1473 
03-31 01:34:09.896   815  1701 D CompatChangeReporter: Compat change id reported: 377864165; UID 10227; state: ENABLED
03-31 01:34:09.901   815   838 W ActivityManager: Slow operation: 57ms so far, now at startProcess: done starting proc!
03-31 01:34:09.906  1337  1429 D ShellDesktopMode: DesktopRepository: Removes freeform task: taskId=78
03-31 01:34:09.910  1337  1429 W ShellDesktopMode: DesktopRepository: No display id found for task: taskId=78
03-31 01:34:09.911   815  1292 D BackgroundInstallControlService: Package event received: 0
03-31 01:34:09.969  1636  1636 D b/417220811: invalidateLoadedTasks - previous requestLoadId: -1
03-31 01:34:09.971  1636  1636 D b/417220811: invalidateLoadedTasks - previous requestLoadId: -1
03-31 01:34:09.971  1636  1636 D BaseActivity: Launcher flags updated: [state_started] -[state_window_focused]
03-31 01:34:10.043  1636  1636 D b/417220811: invalidateLoadedTasks - previous requestLoadId: -1
03-31 01:34:10.074  1337  1477 D WindowOnBackDispatcher: setTopOnBackInvokedCallback (unwrapped): android.view.ViewRootImpl$$ExternalSyntheticLambda12@5b8e374
03-31 01:34:10.077   815  2214 D CoreBackPreview: Window{576eff6 u0 Splash Screen com.weejobs.app}: Setting back callback OnBackInvokedCallbackInfo{mCallback=android.window.IOnBackInvokedCallback$Stub$Proxy@3aa7e64, mPriority=0, mIsAnimationCallback=false, mOverrideBehavior=0}
03-31 01:34:10.187   579   579 D Zygote  : Forked child process 30376
03-31 01:34:10.193   815   846 W ActivityManager: Slow operation: 308ms so far, now at startProcess: returned from zygote!
03-31 01:34:10.193   815   846 W ActivityManager: Slow operation: 308ms so far, now at startProcess: done updating battery stats
03-31 01:34:10.193   815   846 W ActivityManager: Slow operation: 309ms so far, now at startProcess: building log message
03-31 01:34:10.194   815   846 I ActivityManager: Start proc 30376:com.weejobs.app/u0a227 for next-top-activity {com.weejobs.app/com.weejobs.app.MainActivity}
03-31 01:34:10.194   815   846 W ActivityManager: Slow operation: 309ms so far, now at startProcess: starting to update pids map
03-31 01:34:10.195   815   846 W ActivityManager: Slow operation: 310ms so far, now at startProcess: done updating pids map
03-31 01:34:10.305   815   835 V WindowManager: Sent Transition (#173) createdAt=03-31 01:34:09.776 via request=TransitionRequestInfo { type = OPEN, triggerTask = TaskInfo{userId=0 taskId=79 effectiveUid=10227 displayId=0 isRunning=true baseIntent=Intent { flg=0x10000000 cmp=com.weejobs.app/.MainActivity } baseActivity=ComponentInfo{com.weejobs.app/com.weejobs.app.MainActivity} topActivity=ComponentInfo{com.weejobs.app/com.weejobs.app.MainActivity} origActivity=null realActivity=ComponentInfo{com.weejobs.app/com.weejobs.app.MainActivity} numActivities=1 lastActiveTime=46198426 supportsMultiWindow=true resizeMode=1 isResizeable=true minWidth=-1 minHeight=-1 defaultMinSize=220 token=WCT{RemoteToken{28535fc Task{ea7c1cc #79 type=standard A=10227:com.weejobs.app}}} topActivityType=1 pictureInPictureParams=null shouldDockBigOverlays=false launchIntoPipHostTaskId=-1 lastParentTaskIdBeforePip=-1 displayCutoutSafeInsets=Rect(0, 0 - 0, 0) topActivityInfo=ActivityInfo{612f485 com.weejobs.app.MainActivity} launchCookies=[] positionInParent=Point(0, 0) parentTaskId=-1 isFocused=false isVisible=false isVisibleRequested=false isTopActivityNoDisplay=false isSleeping=false locusId=null displayAreaFeatureId=1 isTopActivityTransparent=false isActivityStackTransparent=false lastNonFullscreenBounds=null capturedLink=null capturedLinkTimestamp=0 requestedVisibleTypes=503 topActivityRequestOpenInBrowserEducationTimestamp=0 appCompatTaskInfo=AppCompatTaskInfo { topActivityInSizeCompat=false isLeafTask= true eligibleForLetterboxEducation= false isLetterboxEducationEnabled= true isLetterboxDoubleTapEnabled= false eligibleForUserAspectRatioButton= false topActivityBoundsLetterboxed= false isFromLetterboxDoubleTap= false topActivityLetterboxVerticalPosition= -1 topActivityLetterboxHorizontalPosition= -1 topActivityLetterboxWidth=-1 topActivityLetterboxHeight=-1 topActivityAppBounds=Rect(0, 0 - 1080, 2400) isUserFullscreenOverrideEnabled=false isSystemFullscreenOverrideEnabled=false hasMinAspectRatioOverride=false topActivityLetterboxBounds=null cameraCompatTaskInfo=CameraCompatTaskInfo { cameraCompatMode=undefinedundefined} topNonResizableActivityAspectRatio=-1.0} topActivityMainWindowFrame=null isAppBubble=false}, pipChange = null, remoteTransition = null, displayChange = null, requestedLocation = null, userChange = null, windowingLayerChange = null, flags = 0, debugId = 173 }
03-31 01:34:10.306   815   835 V WindowManager:     startWCT=WindowContainerTransaction { changes= {} hops= [] errorCallbackToken=null taskFragmentOrganizer=null }
03-31 01:34:10.310   815   835 V WindowManager:     info={id=173 t=OPEN f=0x0 trk=0 r=[0@Point(0, 0)] c=[
03-31 01:34:10.310   815   835 V WindowManager:         {WCT{RemoteToken{28535fc Task{ea7c1cc #79 type=standard A=10227:com.weejobs.app}}} m=OPEN f=NONE leash=Surface(name=Task=79#2480)/@0x81a1582 sb=Rect(0, 0 - 1080, 2400) eb=Rect(0, 0 - 1080, 2400) epz=Point(1080, 2400) d=0 taskParent=-1 winMode=1 userId=0},
03-31 01:34:10.310   815   835 V WindowManager:         {WCT{RemoteToken{2b288d7 Task{456e129 #1 type=home}}} m=TO_BACK f=SHOW_WALLPAPER leash=Surface(name=Task=1#44)/@0x377fbff sb=Rect(0, 0 - 1080, 2400) eb=Rect(0, 0 - 1080, 2400) epz=Point(1080, 2400) d=0 taskParent=-1 winMode=1 userId=0},
03-31 01:34:10.310   815   835 V WindowManager:         {m=TO_BACK f=IS_WALLPAPER leash=Surface(name=WallpaperWindowToken{4959bac}#56)/@0x6259f59 sb=Rect(0, 0 - 1080, 2400) eb=Rect(0, 0 - 1080, 2400) epz=Point(1080, 2400) d=0}
03-31 01:34:10.310   815   835 V WindowManager:     ]}
03-31 01:34:10.334  1337  1429 V ShellTaskOrganizer: Task appeared taskId=79 listener=FullscreenTaskListener
03-31 01:34:10.334  1337  1429 V ShellTaskOrganizer: Fullscreen Task Appeared: #79
03-31 01:34:10.342  1636  1636 D b/417220811: invalidateLoadedTasks - previous requestLoadId: -1
03-31 01:34:10.355  1337  1882 V WindowManagerShell: onTransitionReady(transaction=3500398363254)
03-31 01:34:10.357  1337  1429 V WindowManagerShell: onTransitionReady (#173) android.os.BinderProxy@b96a975: {id=173 t=OPEN f=0x0 trk=0 r=[0@Point(0, 0)] c=[
03-31 01:34:10.357  1337  1429 V WindowManagerShell:         {m=OPEN f=NONE leash=Surface(name=Task=79#2480)/@0xc703f sb=Rect(0, 0 - 1080, 2400) eb=Rect(0, 0 - 1080, 2400) epz=Point(1080, 2400) d=0 taskParent=-1 winMode=1 userId=0},
03-31 01:34:10.357  1337  1429 V WindowManagerShell:         {m=TO_BACK f=SHOW_WALLPAPER leash=Surface(name=Task=1#44)/@0xf392d0c sb=Rect(0, 0 - 1080, 2400) eb=Rect(0, 0 - 1080, 2400) epz=Point(1080, 2400) d=0 taskParent=-1 winMode=1 userId=0},
03-31 01:34:10.357  1337  1429 V WindowManagerShell:         {m=TO_BACK f=IS_WALLPAPER leash=Surface(name=WallpaperWindowToken{4959bac}#56)/@0xa5a0655 sb=Rect(0, 0 - 1080, 2400) eb=Rect(0, 0 - 1080, 2400) epz=Point(1080, 2400) d=0}
03-31 01:34:10.357  1337  1429 V WindowManagerShell:     ]}
03-31 01:34:10.359  1337  1429 V WindowManagerShell: Playing animation for (#173) android.os.BinderProxy@b96a975@0
03-31 01:34:10.361  1337  1429 V ShellRecents: RecentsTransitionHandler.startAnimation: no controller found
03-31 01:34:10.361  1337  1429 V ShellDesktopMode: DesktopMixedTransitionHandler: No pending desktop transition
03-31 01:34:10.363  1337  1429 V WindowManagerShell: Transition doesn't have explicit remote, search filters for match for {id=173 t=OPEN f=0x0 trk=0 r=[0@Point(0, 0)] c=[{m=OPEN f=NONE leash=Surface(name=Task=79#2480)/@0xc703f sb=Rect(0, 0 - 1080, 2400) eb=Rect(0, 0 - 1080, 2400) epz=Point(1080, 2400) d=0 taskParent=-1 winMode=1 userId=0},{m=TO_BACK f=SHOW_WALLPAPER leash=Surface(name=Task=1#44)/@0xf392d0c sb=Rect(0, 0 - 1080, 2400) eb=Rect(0, 0 - 1080, 2400) epz=Point(1080, 2400) d=0 taskParent=-1 winMode=1 userId=0},{m=TO_BACK f=IS_WALLPAPER leash=Surface(name=WallpaperWindowToken{4959bac}#56)/@0xa5a0655 sb=Rect(0, 0 - 1080, 2400) eb=Rect(0, 0 - 1080, 2400) epz=Point(1080, 2400) d=0}]}
03-31 01:34:10.365  1337  1429 V WindowManagerShell:  Checking filter Pair{{types=[] flags=0x0] notFlags=0x0 checks=[{atype=undefined independent=true modes=[CLOSE,TO_BACK] flags=IN_TASK_WITH_EMBEDDED_ACTIVITY mustBeTask=false order=ANY topActivity=null launchCookie=null taskFragmentToken=android.os.BinderProxy@c043bef windowingMode=undefined isCrossDisplayMove=false}]} RemoteTransition { remoteTransition = android.window.IRemoteTransition$Stub$Proxy@1ea86fc, appThread = android.app.IApplicationThread$Stub$Proxy@8e47185, debugName = overlayBackTransition }}
03-31 01:34:10.366  1337  1429 V WindowManagerShell:  Checking filter Pair{{types=[] flags=0x0] notFlags=0x0 checks=[{atype=dream independent=true modes=[OPEN,TO_FRONT] flags=NONE mustBeTask=false order=ANY topActivity=null launchCookie=null windowingMode=undefined isCrossDisplayMove=false},{atype=home independent=true modes=[CLOSE,TO_BACK] flags=NONE mustBeTask=false order=ANY topActivity=null launchCookie=null windowingMode=undefined isCrossDisplayMove=false}]} RemoteTransition { remoteTransition = android.window.IRemoteTransition$Stub$Proxy@5b90bda, appThread = android.app.IApplicationThread$Stub$Proxy@602a80b, debugName = LauncherToDream }}
03-31 01:34:10.368  1337  1429 V WindowManagerShell:  Checking filter Pair{{types=[] flags=0x0] notFlags=0x100 checks=[{atype=home independent=true modes=[OPEN,TO_FRONT] flags=NONE mustBeTask=false order=TOP topActivity=ComponentInfo{com.google.android.apps.nexuslauncher/com.google.android.apps.nexuslauncher.NexusLauncherActivity} launchCookie=null windowingMode=undefined isCrossDisplayMove=false},{atype=standard independent=true modes=[CLOSE,TO_BACK] flags=NONE mustBeTask=false order=ANY topActivity=null launchCookie=null windowingMode=undefined isCrossDisplayMove=false},{NOT atype=undefined independent=true modes=[] flags=NONE mustBeTask=true order=ANY topActivity=null launchCookie=null customAnim=true windowingMode=undefined isCrossDisplayMove=false}]} RemoteTransition { remoteTransition = android.window.IRemoteTransition$Stub$Proxy@1d716e8, appThread = android.app.IApplicationThread$Stub$Proxy@ffa101, debugName = QuickstepLaunchHome }}
03-31 01:34:10.369  1337  1429 V WindowManagerShell:  Checking filter Pair{{types=[OPEN,TO_FRONT] flags=0x0] notFlags=0x0 checks=[{atype=standard independent=true modes=[OPEN,TO_FRONT] flags=NONE mustBeTask=true order=ANY topActivity=null launchCookie=null windowingMode=freeform isCrossDisplayMove=false}]} RemoteTransition { remoteTransition = android.window.IRemoteTransition$Stub$Proxy@37a315c, appThread = null, debugName = DesktopWindowLimitUnminimize }}
03-31 01:34:10.369  1337  1429 V WindowManagerShell:  Delegate animation for (#173) to null
03-31 01:34:10.371  1337  1429 V WindowManagerShell: start default transition animation, info = {id=173 t=OPEN f=0x0 trk=0 r=[0@Point(0, 0)] c=[{m=OPEN f=NONE leash=Surface(name=Task=79#2480)/@0xc703f sb=Rect(0, 0 - 1080, 2400) eb=Rect(0, 0 - 1080, 2400) epz=Point(1080, 2400) d=0 taskParent=-1 winMode=1 userId=0},{m=TO_BACK f=SHOW_WALLPAPER leash=Surface(name=Task=1#44)/@0xf392d0c sb=Rect(0, 0 - 1080, 2400) eb=Rect(0, 0 - 1080, 2400) epz=Point(1080, 2400) d=0 taskParent=-1 winMode=1 userId=0},{m=TO_BACK f=IS_WALLPAPER leash=Surface(name=WallpaperWindowToken{4959bac}#56)/@0xa5a0655 sb=Rect(0, 0 - 1080, 2400) eb=Rect(0, 0 - 1080, 2400) epz=Point(1080, 2400) d=0}]}
03-31 01:34:10.383  1337  1429 V WindowManagerShell: loadAnimation: anim=android.view.animation.AnimationSet@91611a4 animAttr=0x13 type=OPEN isEntrance=false
03-31 01:34:10.402  1337  1429 V WindowManagerShell: loadAnimation: anim=android.view.animation.AnimationSet@574a410 animAttr=0x12 type=OPEN isEntrance=true
03-31 01:34:10.420  1337  1429 V WindowManagerShell:  animated by com.android.wm.shell.transition.DefaultTransitionHandler@7009b89
03-31 01:34:10.542 30376 30376 I Zygote  : Process 30376 created for com.weejobs.app
03-31 01:34:10.551 30376 30376 I com.weejobs.app: Late-enabling -Xcheck:jni
03-31 01:34:10.752  1337  1429 V WindowManagerShell: Transition animation finished (aborted=false), notifying core (#173) android.os.BinderProxy@b96a975@0
03-31 01:34:10.807   815   835 V WindowManager: Finish Transition (#173): created at 03-31 01:34:09.776 collect-started=0.103ms request-sent=52.455ms started=95.774ms ready=494.797ms sent=508.237ms commit=147.234ms finished=1011.725ms
03-31 01:34:10.809  1337  1429 V WindowManagerShell: Track 0 became idle
03-31 01:34:10.809  1337  1429 V WindowManagerShell: All active transition animations finished
03-31 01:34:10.839  1337  1627 D WallpaperService: onVisibilityChanged(false): com.android.systemui.wallpapers.ImageWallpaper$CanvasEngine@b85e592
03-31 01:34:10.854  1636  1636 D VRI[NexusLauncherActivity]: visibilityChanged oldVisibility=true newVisibility=false
03-31 01:34:10.860  1337  1429 D Bubbles : onLocusVisibilityChanged=Overview|DISABLED visible=false taskId=1
03-31 01:34:10.877  1636  1636 D NexusLauncherModelDelegate: notifySmartspaceEvent: SmartspaceTargetEvent{mSmartspaceTarget=null, mSmartspaceActionId='null', mEventType=7}
03-31 01:34:11.298   815  1239 I HalDevMgr: bestIfaceCreationProposal is null, requestIface=STA, existingIface=[name=wlan0 type=STA]
03-31 01:34:11.396 22626 22660 W ssioncontroller: Reducing the number of considered missed Gc histogram windows from 307 to 100
03-31 01:34:11.496 30376 30376 I com.weejobs.app: Using CollectorTypeCMC GC.
03-31 01:34:11.519 30376 30376 W com.weejobs.app: Unexpected CPU variant for x86: x86_64.
03-31 01:34:11.519 30376 30376 W com.weejobs.app: Known variants: atom, sandybridge, silvermont, goldmont, goldmont-plus, goldmont-without-sha-xsaves, tremont, kabylake, alderlake, default
03-31 01:34:11.616  1634  1672 I adbd    : jdwp connection from 30376
03-31 01:34:11.789 30376 30376 D nativeloader: Load libframework-connectivity-tiramisu-jni.so using APEX ns com_android_tethering for caller /apex/com.android.tethering/javalib/framework-connectivity-t.jar: ok
03-31 01:34:11.990  1636  2560 I WellbeingModel: Retrying; attempt 1
03-31 01:34:11.991  1636  2560 I WellbeingModel: updateActionsWithRetry(); retryCount: 1, package: com.weejobs.app
03-31 01:34:11.991  1636  2560 D WellbeingModel: retrieveActions() called with: packageNames = [com.weejobs.app]
03-31 01:34:12.121  1636  2560 D WellbeingModel: ....actionId: pause, packages: com.weejobs.app
03-31 01:34:12.122  1636  2560 I WellbeingModel: retrieveActions(): finished
03-31 01:34:12.169   815  1292 D BackgroundInstallControlService: Package event received: 0
03-31 01:34:12.706 30376 30376 D ApplicationLoaders: Returning zygote-cached class loader: /system/framework/org.apache.http.legacy.jar
03-31 01:34:12.708 30376 30376 D ApplicationLoaders: Returning zygote-cached class loader: /system_ext/framework/androidx.window.extensions.jar
03-31 01:34:12.708 30376 30376 D ApplicationLoaders: Returning zygote-cached class loader: /system_ext/framework/androidx.window.sidecar.jar
03-31 01:34:13.855   815  3550 E TaskPersister: File error accessing recents directory (directory doesn't exist?).
03-31 01:34:14.323   815  1239 I HalDevMgr: bestIfaceCreationProposal is null, requestIface=STA, existingIface=[name=wlan0 type=STA]
03-31 01:34:14.423   815   952 D ActivityManager: freezing 29751 com.android.vending:background
03-31 01:34:14.544 30389 30389 W libbinder.BackendUnifiedServiceManager: Thread Pool max thread count is 0. Cannot cache binder as linkToDeath cannot be implemented. serviceName: package
03-31 01:34:14.786  1522  1586 D SatelliteController: iisInCarrierRoamingNbIotNtn: satellite is disabled
03-31 01:34:14.787  1522  1586 D SatelliteController: getCarrierRoamingNtnConnectType: Falling back to global carrier config connect type: 0
03-31 01:34:15.082  3343 22143 I artd    : GetBestInfo: odex next to the dex file (/data/app/~~l86ooHn3z7zjJPmRwuVyKA==/com.google.android.gms-mjvtrlLEHAA3R1GV5L8qqg==/oat/x86_64/base.odex) is kOatUpToDate with filter 'speed-profile' executable 'false'
03-31 01:34:15.088  3343 22143 I artd    : GetBestInfo: odex next to the dex file (/data/app/~~l86ooHn3z7zjJPmRwuVyKA==/com.google.android.gms-mjvtrlLEHAA3R1GV5L8qqg==/oat/x86_64/split_AdsDynamite_installtime.odex) is kOatUpToDate with filter 'speed' executable 'false'
03-31 01:34:15.095  3343 22143 I artd    : GetBestInfo: odex next to the dex file (/data/app/~~l86ooHn3z7zjJPmRwuVyKA==/com.google.android.gms-mjvtrlLEHAA3R1GV5L8qqg==/oat/x86_64/split_CronetDynamite_installtime.odex) is kOatUpToDate with filter 'speed' executable 'false'
03-31 01:34:15.100  3343 22143 I artd    : GetBestInfo: odex next to the dex file (/data/app/~~l86ooHn3z7zjJPmRwuVyKA==/com.google.android.gms-mjvtrlLEHAA3R1GV5L8qqg==/oat/x86_64/split_DynamiteLoader_installtime.odex) is kOatUpToDate with filter 'speed' executable 'false'
03-31 01:34:15.105  3343 22143 I artd    : GetBestInfo: odex next to the dex file (/data/app/~~l86ooHn3z7zjJPmRwuVyKA==/com.google.android.gms-mjvtrlLEHAA3R1GV5L8qqg==/oat/x86_64/split_DynamiteModulesA_installtime.odex) is kOatUpToDate with filter 'speed' executable 'false'
03-31 01:34:15.108  3343 22143 I artd    : GetBestInfo: odex next to the dex file (/data/app/~~l86ooHn3z7zjJPmRwuVyKA==/com.google.android.gms-mjvtrlLEHAA3R1GV5L8qqg==/oat/x86_64/split_DynamiteModulesC_installtime.odex) is kOatUpToDate with filter 'speed' executable 'false'
03-31 01:34:15.116  3343 22143 I artd    : GetBestInfo: odex next to the dex file (/data/app/~~l86ooHn3z7zjJPmRwuVyKA==/com.google.android.gms-mjvtrlLEHAA3R1GV5L8qqg==/oat/x86_64/split_GoogleCertificates_installtime.odex) is kOatUpToDate with filter 'speed' executable 'false'
03-31 01:34:15.121  3343 22143 I artd    : GetBestInfo: odex next to the dex file (/data/app/~~l86ooHn3z7zjJPmRwuVyKA==/com.google.android.gms-mjvtrlLEHAA3R1GV5L8qqg==/oat/x86_64/split_MapsDynamite_installtime.odex) is kOatUpToDate with filter 'speed' executable 'false'
03-31 01:34:15.126  3343 22143 I artd    : GetBestInfo: odex next to the dex file (/data/app/~~l86ooHn3z7zjJPmRwuVyKA==/com.google.android.gms-mjvtrlLEHAA3R1GV5L8qqg==/oat/x86_64/split_MeasurementDynamite_installtime.odex) is kOatUpToDate with filter 'speed' executable 'false'
03-31 01:34:15.131  3343 22143 I artd    : GetBestInfo: /data/user_de/0/com.google.android.gms/app_chimera/m/0000000d/dl-PlayCloudSearch.optional_253434100000.apk has no usable artifacts
03-31 01:34:15.137  3343 22143 I artd    : GetBestInfo: /data/user_de/0/com.google.android.gms/app_chimera/m/0000000c/dl-MlkitBarcodeUi.optional_253434100800.apk has no usable artifacts
03-31 01:34:15.140  3343 22143 I artd    : GetBestInfo: /data/user_de/0/com.google.android.gms/app_chimera/m/00000001/CronetDynamite.apk has no usable artifacts
03-31 01:34:15.153  3343 22143 I artd    : GetBestInfo: /data/user_de/0/com.google.android.gms/app_chimera/m/00000016/dl-MlkitOcrCommon.optional_261133100800.apk has no usable artifacts
03-31 01:34:15.189  3343 22143 I artd    : GetBestInfo: /data/user_de/0/com.google.android.gms/app_chimera/m/0000000e/dl-VisionOcr.optional_253434100000.apk has no usable artifacts
03-31 01:34:15.200  3343 22143 I artd    : GetBestInfo: /data/user_de/0/com.google.android.gms/app_chimera/m/00000002/DynamiteLoader.apk has no usable artifacts
03-31 01:34:15.203  3343 22143 I artd    : GetBestInfo: /data/user_de/0/com.google.android.gms/app_chimera/m/00000005/GoogleCertificates.apk has no usable artifacts
03-31 01:34:15.220  3343 22143 I artd    : GetBestInfo: /data/user_de/0/com.google.android.gms/app_chimera/m/00000012/dl-Appsearch.optional_261133100800.apk has no usable artifacts
03-31 01:34:15.229  3343 22143 I artd    : GetBestInfo: /data/user_de/0/com.google.android.gms/app_chimera/m/00000011/dl-PlayCloudSearch.optional_261133100000.apk has no usable artifacts
03-31 01:34:15.261  3343 22143 I artd    : GetBestInfo: /data/user_de/0/com.google.android.gms/app_chimera/m/00000015/dl-MlkitBarcodeUi.optional_261133100800.apk has no usable artifacts
03-31 01:34:15.270  3343 22143 I artd    : GetBestInfo: /data/user_de/0/com.google.android.gms/app_chimera/m/0000000a/dl-Appsearch.optional_253434100800.apk has no usable artifacts
03-31 01:34:15.288  3343 22143 I artd    : GetBestInfo: /data/user_de/0/com.google.android.gms/app_chimera/m/00000008/dl-TfliteDynamiteDynamite.integ_252130102100800.apk has no usable artifacts
03-31 01:34:15.311  3343 22143 I artd    : GetBestInfo: /data/user_de/0/com.google.android.gms/app_chimera/m/0000000f/dl-MlkitOcrCommon.optional_253434100800.apk has no usable artifacts
03-31 01:34:15.339  3343 22143 I artd    : GetBestInfo: /data/user_de/0/com.google.android.gms/app_chimera/m/00000010/dl-VisionOcr.optional_261133100000.apk has no usable artifacts
03-31 01:34:15.350  3343 22143 I artd    : GetBestInfo: vdex next to the dex file (/data/user/0/com.google.android.gms/app_dg_cache/BB2AE5A47BB198AF36C19CFD2B6407061A1BAF30/oat/x86_64/the.vdex) is kOatUpToDate with filter 'verify' executable 'false'
03-31 01:34:15.355  3343 22143 I artd    : GetBestInfo: /data/user_de/0/com.google.android.gms/app_chimera/m/00000007/MeasurementDynamite.apk has no usable artifacts
03-31 01:34:15.450   815   952 D ActivityManager: freezing 27088 com.android.vending
03-31 01:34:15.453   815  1247 D InetDiagMessage: Destroyed 0 sockets, proto=IPPROTO_TCP, family=AF_INET, states=14
03-31 01:34:15.460   815  1247 D InetDiagMessage: Destroyed 2 sockets, proto=IPPROTO_TCP, family=AF_INET6, states=14
03-31 01:34:15.460   815  1247 D InetDiagMessage: Destroyed live tcp sockets for uids={10153} in 8ms
03-31 01:34:16.698 30376 30376 D nativeloader: Configuring clns-9 for other apk /data/app/~~L1I7RihJxjhG8lCyupSBfg==/com.weejobs.app-7693f6mkpN08nZ6t1fnz9g==/base.apk. target_sdk_version=36, uses_libraries=, library_path=/data/app/~~L1I7RihJxjhG8lCyupSBfg==/com.weejobs.app-7693f6mkpN08nZ6t1fnz9g==/lib/x86_64:/data/app/~~L1I7RihJxjhG8lCyupSBfg==/com.weejobs.app-7693f6mkpN08nZ6t1fnz9g==/base.apk!/lib/x86_64, permitted_path=/data:/mnt/expand:/data/user/0/com.weejobs.app
03-31 01:34:16.870 30376 30376 V GraphicsEnvironment: Currently set values for:
03-31 01:34:16.870 30376 30376 V GraphicsEnvironment:   angle_gl_driver_selection_pkgs=[]
03-31 01:34:16.871 30376 30376 V GraphicsEnvironment:   angle_gl_driver_selection_values=[]
03-31 01:34:16.871 30376 30376 V GraphicsEnvironment: com.weejobs.app is not listed in per-application setting
03-31 01:34:16.872 30376 30376 V GraphicsEnvironment: ANGLE allowlist from config: com.dreamgames.royalmatch com.dts.freefiremax com.dxx.firenow com.gramgames.mergedragons com.ludo.king com.mojang.minecraftpe com.my.defense com.nintendo.zaka com.os.airforce com.playrix.fishdomdd.gplay io.teslatech.callbreak jp.konami.prospia net.peakgames.toonblast
03-31 01:34:16.873 30376 30376 V GraphicsEnvironment: No special selections for ANGLE, returning default driver choice
03-31 01:34:16.874 30376 30376 V GraphicsEnvironment: Neither updatable production driver nor prerelease driver is supported.
03-31 01:34:17.343   815  1239 I HalDevMgr: bestIfaceCreationProposal is null, requestIface=STA, existingIface=[name=wlan0 type=STA]
03-31 01:34:17.355 30376 30376 W SoLoader: Initializing SoLoader: 0
03-31 01:34:17.376 30376 30376 W SoLoader: Recording new base apk path: /data/app/~~L1I7RihJxjhG8lCyupSBfg==/com.weejobs.app-7693f6mkpN08nZ6t1fnz9g==/base.apk
03-31 01:34:17.376 30376 30376 W SoLoader: Previously recorded 0 base apk paths.
03-31 01:34:17.393 30376 30376 I SoLoader: Preparing SO source: DirectorySoSource[root = /vendor/lib64 flags = 2]
03-31 01:34:17.394 30376 30376 I SoLoader: Preparing SO source: DirectorySoSource[root = /system/lib64 flags = 2]
03-31 01:34:17.395 30376 30376 I SoLoader: Preparing SO source: DirectApkSoSource[root = [/data/app/~~L1I7RihJxjhG8lCyupSBfg==/com.weejobs.app-7693f6mkpN08nZ6t1fnz9g==/base.apk!/lib/x86_64]]
03-31 01:34:17.600 30376 30376 I SoLoader: Preparing SO source: ApplicationSoSource[DirectorySoSource[root = /data/app/~~L1I7RihJxjhG8lCyupSBfg==/com.weejobs.app-7693f6mkpN08nZ6t1fnz9g==/lib/x86_64 flags = 0]]
03-31 01:34:17.600 30376 30376 I SoLoader: init finish: 4 SO sources prepared
03-31 01:34:17.602 30376 30376 W SoLoader: SoLoader initialized: 8
03-31 01:34:17.762 30376 30376 D nativeloader: Load /data/app/~~L1I7RihJxjhG8lCyupSBfg==/com.weejobs.app-7693f6mkpN08nZ6t1fnz9g==/base.apk!/lib/x86_64/libc++_shared.so using class loader ns clns-9 (caller=/data/app/~~L1I7RihJxjhG8lCyupSBfg==/com.weejobs.app-7693f6mkpN08nZ6t1fnz9g==/base.apk!classes21.dex): ok
03-31 01:34:17.959 30376 30376 D nativeloader: Load /data/app/~~L1I7RihJxjhG8lCyupSBfg==/com.weejobs.app-7693f6mkpN08nZ6t1fnz9g==/base.apk!/lib/x86_64/libjsi.so using class loader ns clns-9 (caller=/data/app/~~L1I7RihJxjhG8lCyupSBfg==/com.weejobs.app-7693f6mkpN08nZ6t1fnz9g==/base.apk!classes21.dex): ok
03-31 01:34:17.975 30376 30376 D nativeloader: Load /data/app/~~L1I7RihJxjhG8lCyupSBfg==/com.weejobs.app-7693f6mkpN08nZ6t1fnz9g==/base.apk!/lib/x86_64/libfbjni.so using class loader ns clns-9 (caller=/data/app/~~L1I7RihJxjhG8lCyupSBfg==/com.weejobs.app-7693f6mkpN08nZ6t1fnz9g==/base.apk!classes21.dex): ok
03-31 01:34:18.001 30376 30376 D nativeloader: Load /data/app/~~L1I7RihJxjhG8lCyupSBfg==/com.weejobs.app-7693f6mkpN08nZ6t1fnz9g==/base.apk!/lib/x86_64/libreactnative.so using class loader ns clns-9 (caller=/data/app/~~L1I7RihJxjhG8lCyupSBfg==/com.weejobs.app-7693f6mkpN08nZ6t1fnz9g==/base.apk!classes21.dex): ok
03-31 01:34:18.003 30376 30376 D jni_lib_merge: Entering merged library JNI_OnLoad.
03-31 01:34:18.003 30376 30376 D jni_lib_merge: Preparing 12 pre-merged libs (including stub)
03-31 01:34:18.003 30376 30376 D jni_lib_merge: Preparing to register libfabricjni_so.  onload_func: 0x76f54ed315d0
03-31 01:34:18.003 30376 30376 D jni_lib_merge: Preparing to register libreact_devsupportjni_so.  onload_func: 0x76f54ef4a660
03-31 01:34:18.003 30376 30376 D jni_lib_merge: Preparing to register libreact_featureflagsjni_so.  onload_func: 0x76f54ef5c530
03-31 01:34:18.003 30376 30376 D jni_lib_merge: Preparing to register libreact_newarchdefaults_so.  onload_func: 0x76f54eff7b10
03-31 01:34:18.004 30376 30376 D jni_lib_merge: Preparing to register libreactnativeblob_so.  onload_func: 0x76f54f2046c0
03-31 01:34:18.004 30376 30376 D jni_lib_merge: Preparing to register libreactnativejni_so.  onload_func: 0x76f54f2402d0
03-31 01:34:18.004 30376 30376 D jni_lib_merge: Preparing to register libreactnativejni_common_so.  onload_func: 0x76f54f245cd0
03-31 01:34:18.004 30376 30376 D jni_lib_merge: Preparing to register librninstance_so.  onload_func: 0x76f54f28ffe0
03-31 01:34:18.004 30376 30376 D jni_lib_merge: Preparing to register libturbomodulejsijni_so.  onload_func: 0x76f54f3f1f40
03-31 01:34:18.004 30376 30376 D jni_lib_merge: Preparing to register libuimanagerjni_so.  onload_func: 0x76f54f408a30
03-31 01:34:18.004 30376 30376 D jni_lib_merge: Preparing to register libyoga_so.  onload_func: 0x76f54f4179c0
03-31 01:34:18.004 30376 30376 D jni_lib_merge: About to register 11 actual methods.
03-31 01:34:18.051 30376 30376 D nativeloader: Load /data/app/~~L1I7RihJxjhG8lCyupSBfg==/com.weejobs.app-7693f6mkpN08nZ6t1fnz9g==/base.apk!/lib/x86_64/libreact_codegen_rnscreens.so using class loader ns clns-9 (caller=/data/app/~~L1I7RihJxjhG8lCyupSBfg==/com.weejobs.app-7693f6mkpN08nZ6t1fnz9g==/base.apk!classes21.dex): ok
03-31 01:34:18.052 30376 30376 D jni_lib_merge: Entering merged library JNI_OnLoad.
03-31 01:34:18.052 30376 30376 D jni_lib_merge: Preparing 12 pre-merged libs (including stub)
03-31 01:34:18.052 30376 30376 D jni_lib_merge: Preparing to register libfabricjni_so.  onload_func: 0x76f54ed315d0
03-31 01:34:18.052 30376 30376 D jni_lib_merge: Preparing to register libreact_devsupportjni_so.  onload_func: 0x76f54ef4a660
03-31 01:34:18.052 30376 30376 D jni_lib_merge: Preparing to register libreact_featureflagsjni_so.  onload_func: 0x76f54ef5c530
03-31 01:34:18.052 30376 30376 D jni_lib_merge: Preparing to register libreact_newarchdefaults_so.  onload_func: 0x76f54eff7b10
03-31 01:34:18.052 30376 30376 D jni_lib_merge: Preparing to register libreactnativeblob_so.  onload_func: 0x76f54f2046c0
03-31 01:34:18.052 30376 30376 D jni_lib_merge: Preparing to register libreactnativejni_so.  onload_func: 0x76f54f2402d0
03-31 01:34:18.052 30376 30376 D jni_lib_merge: Preparing to register libreactnativejni_common_so.  onload_func: 0x76f54f245cd0
03-31 01:34:18.052 30376 30376 D jni_lib_merge: Preparing to register librninstance_so.  onload_func: 0x76f54f28ffe0
03-31 01:34:18.052 30376 30376 D jni_lib_merge: Preparing to register libturbomodulejsijni_so.  onload_func: 0x76f54f3f1f40
03-31 01:34:18.052 30376 30376 D jni_lib_merge: Preparing to register libuimanagerjni_so.  onload_func: 0x76f54f408a30
03-31 01:34:18.053 30376 30376 D jni_lib_merge: Preparing to register libyoga_so.  onload_func: 0x76f54f4179c0
03-31 01:34:18.053 30376 30376 D jni_lib_merge: About to register 11 actual methods.
03-31 01:34:18.069 30376 30376 D nativeloader: Load /data/app/~~L1I7RihJxjhG8lCyupSBfg==/com.weejobs.app-7693f6mkpN08nZ6t1fnz9g==/base.apk!/lib/x86_64/libreact_codegen_safeareacontext.so using class loader ns clns-9 (caller=/data/app/~~L1I7RihJxjhG8lCyupSBfg==/com.weejobs.app-7693f6mkpN08nZ6t1fnz9g==/base.apk!classes21.dex): ok
03-31 01:34:18.075 30376 30376 D nativeloader: Load /data/app/~~L1I7RihJxjhG8lCyupSBfg==/com.weejobs.app-7693f6mkpN08nZ6t1fnz9g==/base.apk!/lib/x86_64/libappmodules.so using class loader ns clns-9 (caller=/data/app/~~L1I7RihJxjhG8lCyupSBfg==/com.weejobs.app-7693f6mkpN08nZ6t1fnz9g==/base.apk!classes21.dex): ok
03-31 01:34:18.829   815  1292 D BackgroundInstallControlService: Package event received: 0
03-31 01:34:18.829   815  1292 D BackgroundInstallControlService: Package event received: 0
03-31 01:34:18.842 30376 30376 I Choreographer: Skipped 97 frames!  The application may be doing too much work on its main thread.
03-31 01:34:18.886 30376 30394 I DisplayManager: Choreographer implicitly registered for the refresh rate.
03-31 01:34:19.284 30376 30394 I GFXSTREAM: [eglDisplay.cpp(297)] Opening libGLESv1_CM_emulation.so
03-31 01:34:19.289 30376 30394 I GFXSTREAM: [eglDisplay.cpp(297)] Opening libGLESv2_emulation.so
03-31 01:34:19.308 30376 30394 W HWUI    : Failed to choose config with EGL_SWAP_BEHAVIOR_PRESERVED, retrying without...
03-31 01:34:19.308 30376 30394 W HWUI    : Failed to initialize 101010-2 format, error = EGL_SUCCESS
03-31 01:34:19.393 30376 30376 D DesktopExperienceFlags: Toggle override initialized to: false
03-31 01:34:19.504 30376 30376 D AppCompatDelegate: Checking for metadata for AppLocalesMetadataHolderService : Service not found
03-31 01:34:19.568 30376 30376 E ashmem  : Pinning is deprecated since Android Q. Please use trim or other methods.
03-31 01:34:19.648 30376 30376 W com.weejobs.app: JNI critical lock held for 17.588ms on Thread[1,tid=30376,Runnable,Thread*=0x76f60260b7b0,peer=0x72ff0f78,"main"]
03-31 01:34:19.746 30376 30376 D CompatChangeReporter: Compat change id reported: 377864165; UID 10227; state: ENABLED
03-31 01:34:19.747 30376 30376 D DesktopModeFlags: Toggle override initialized to: OVERRIDE_UNSET
03-31 01:34:19.826   815   838 W ActivityTaskManager: Launch timeout has expired, giving up wake lock!
03-31 01:34:19.857 30376 30376 I com.weejobs.app: hiddenapi: Accessing hidden method Landroid/view/ViewGroup;->makeOptionalFitsSystemWindows()V (runtime_flags=0, domain=platform, api=unsupported) from Landroidx/appcompat/widget/ViewUtils; (domain=app, TargetSdkVersion=36) using reflection: allowed
03-31 01:34:20.363   815  1239 I HalDevMgr: bestIfaceCreationProposal is null, requestIface=STA, existingIface=[name=wlan0 type=STA]
03-31 01:34:20.821   815   952 D ActivityManager: freezing 22626 com.google.android.permissioncontroller
03-31 01:34:20.835   815  1247 D InetDiagMessage: Destroyed 0 sockets, proto=IPPROTO_TCP, family=AF_INET, states=14
03-31 01:34:20.837   815  1247 D InetDiagMessage: Destroyed 0 sockets, proto=IPPROTO_TCP, family=AF_INET6, states=14
03-31 01:34:20.838   815  1247 D InetDiagMessage: Destroyed live tcp sockets for uids={10219} in 4ms
03-31 01:34:20.927 22624 22624 D BoundBrokerSvc: onUnbind: Intent { act=com.google.android.gms.feedback.internal.IFeedbackService dat=chimera-action:/... xflg=0x4 cmp=com.google.android.gms/.chimera.GmsBoundBrokerService }
03-31 01:34:21.572 30376 30376 W unknown:BridgelessReact: ReactHost{0}.startSurface(surfaceId = 0): Schedule
03-31 01:34:21.572 30376 30376 W unknown:BridgelessReact: ReactHost{0}.attachSurface(surfaceId = 0)
03-31 01:34:21.585 30376 30403 W unknown:BridgelessReact: ReactHost{0}.getOrCreateReactInstanceTask()
03-31 01:34:21.586 30376 30403 W unknown:BridgelessReact: ReactHost{0}.getOrCreateReactInstanceTask(): Start
03-31 01:34:21.588 30376 30403 W unknown:BridgelessReact: ReactHost{0}.getJSBundleLoader()
03-31 01:34:21.589 30376 30403 W unknown:BridgelessReact: ReactHost{0}.isMetroRunning()
03-31 01:34:21.638 30376 30381 W com.weejobs.app: userfaultfd: MOVE ioctl seems unsupported: Try again
03-31 01:34:21.662 30376 30381 I com.weejobs.app: Background concurrent mark compact GC freed 5354KB AllocSpace bytes, 17(1524KB) LOS objects, 49% free, 3239KB/6478KB, paused 9.507ms,4.568ms total 132.802ms
03-31 01:34:21.707 30376 30376 I expo-router-native: MainActivity.onCreate immediate: sdExists=false appExists=true
03-31 01:34:21.716 30376 30376 I expo-router-native: Wrote debug routes_manifest_seen in app files: {"nativeDebug":true,"ts":1774946061708}
03-31 01:34:21.733 30376 30405 I expo-router-native: Found routes_manifest_seen in app files: {"nativeDebug":true,"ts":1774946061708}
03-31 01:34:21.768 30376 30376 W WindowOnBackDispatcher: OnBackInvokedCallback is not enabled for the application.
03-31 01:34:21.768 30376 30376 W WindowOnBackDispatcher: Set 'android:enableOnBackInvokedCallback="true"' in the application manifest.
03-31 01:34:21.819 30376 30376 W unknown:BridgelessReact: ReactHost{0}.onHostResume(activity)
03-31 01:34:21.820 30376 30376 W unknown:ReactNative: Packager connection already open, nooping.
03-31 01:34:21.970 30376 30376 W HWUI    : Unknown dataspace 0
03-31 01:34:22.070 30376 30376 D VRI[MainActivity]: WindowInsets changed: 1080x2400 statusBars:[0,63,0,0] navigationBars:[0,0,0,63] mandatorySystemGestures:[0,63,0,84] 
03-31 01:34:22.132 30376 30376 D WindowOnBackDispatcher: setTopOnBackInvokedCallback (unwrapped): android.view.ViewRootImpl$$ExternalSyntheticLambda12@b76dd59
03-31 01:34:22.134   815  3564 D CoreBackPreview: Window{4f22c99 u0 com.weejobs.app/com.weejobs.app.MainActivity}: Setting back callback OnBackInvokedCallbackInfo{mCallback=android.window.IOnBackInvokedCallback$Stub$Proxy@5b30c0c, mPriority=0, mIsAnimationCallback=false, mOverrideBehavior=0}
03-31 01:34:22.440  8555  9213 I FontLog : (REDACTED) Received query %s, URI %s
03-31 01:34:22.441  8555  9213 I FontLog : (REDACTED) Query [%s] resolved to %s
03-31 01:34:22.471  8555  9213 I FontLog : (REDACTED) Fetch %s end status %s
03-31 01:34:22.489  8555  8617 I FontLog : (REDACTED) Pulling font file for id = %d, cache size = %d
03-31 01:34:22.499 30376 30411 I HWUI    : Using FreeType backend (prop=Auto)
03-31 01:34:22.580  8555  8617 I FontLog : (REDACTED) Pulling font file for id = %d, cache size = %d
03-31 01:34:23.066 30376 30380 I com.weejobs.app: Compiler allocated 5087KB to compile void android.view.ViewRootImpl.performTraversals()
03-31 01:34:23.164   815  1247 D InetDiagMessage: Destroyed 0 sockets, proto=IPPROTO_TCP, family=AF_INET, states=14
03-31 01:34:23.167   815  1247 D InetDiagMessage: Destroyed 0 sockets, proto=IPPROTO_TCP, family=AF_INET6, states=14
03-31 01:34:23.167   815  1247 D InetDiagMessage: Destroyed live tcp sockets for uids={10159} in 3ms
03-31 01:34:23.168   815  1247 D InetDiagMessage: Destroyed 0 sockets, proto=IPPROTO_TCP, family=AF_INET, states=14
03-31 01:34:23.168   815  1247 D InetDiagMessage: Destroyed 0 sockets, proto=IPPROTO_TCP, family=AF_INET6, states=14
03-31 01:34:23.169   815  1247 D InetDiagMessage: Destroyed live tcp sockets for uids={20159} in 1ms
03-31 01:34:23.379   815  1239 I HalDevMgr: bestIfaceCreationProposal is null, requestIface=STA, existingIface=[name=wlan0 type=STA]
03-31 01:34:24.476 30412 30412 W libbinder.BackendUnifiedServiceManager: Thread Pool max thread count is 0. Cannot cache binder as linkToDeath cannot be implemented. serviceName: package
03-31 01:34:24.788  1522  1586 D SatelliteController: iisInCarrierRoamingNbIotNtn: satellite is disabled
03-31 01:34:24.802  1522  1586 D SatelliteController: getCarrierRoamingNtnConnectType: Falling back to global carrier config connect type: 0
03-31 01:34:24.850 30376 30415 D ProfileInstaller: Installing profile for com.weejobs.app
03-31 01:34:24.861  3343 22143 I artd    : GetBestInfo: odex next to the dex file (/data/app/~~l86ooHn3z7zjJPmRwuVyKA==/com.google.android.gms-mjvtrlLEHAA3R1GV5L8qqg==/oat/x86_64/base.odex) is kOatUpToDate with filter 'speed-profile' executable 'false'
03-31 01:34:24.872  3343 22143 I artd    : GetBestInfo: odex next to the dex file (/data/app/~~l86ooHn3z7zjJPmRwuVyKA==/com.google.android.gms-mjvtrlLEHAA3R1GV5L8qqg==/oat/x86_64/split_AdsDynamite_installtime.odex) is kOatUpToDate with filter 'speed' executable 'false'
03-31 01:34:24.879  3343 22143 I artd    : GetBestInfo: odex next to the dex file (/data/app/~~l86ooHn3z7zjJPmRwuVyKA==/com.google.android.gms-mjvtrlLEHAA3R1GV5L8qqg==/oat/x86_64/split_CronetDynamite_installtime.odex) is kOatUpToDate with filter 'speed' executable 'false'
03-31 01:34:24.884  3343 22143 I artd    : GetBestInfo: odex next to the dex file (/data/app/~~l86ooHn3z7zjJPmRwuVyKA==/com.google.android.gms-mjvtrlLEHAA3R1GV5L8qqg==/oat/x86_64/split_DynamiteLoader_installtime.odex) is kOatUpToDate with filter 'speed' executable 'false'
03-31 01:34:24.889  3343 22143 I artd    : GetBestInfo: odex next to the dex file (/data/app/~~l86ooHn3z7zjJPmRwuVyKA==/com.google.android.gms-mjvtrlLEHAA3R1GV5L8qqg==/oat/x86_64/split_DynamiteModulesA_installtime.odex) is kOatUpToDate with filter 'speed' executable 'false'
03-31 01:34:24.896  3343 22143 I artd    : GetBestInfo: odex next to the dex file (/data/app/~~l86ooHn3z7zjJPmRwuVyKA==/com.google.android.gms-mjvtrlLEHAA3R1GV5L8qqg==/oat/x86_64/split_DynamiteModulesC_installtime.odex) is kOatUpToDate with filter 'speed' executable 'false'
