03-31 01:34:24.902  3343 22143 I artd    : GetBestInfo: odex next to the dex file (/data/app/~~l86ooHn3z7zjJPmRwuVyKA==/com.google.android.gms-mjvtrlLEHAA3R1GV5L8qqg==/oat/x86_64/split_GoogleCertificates_installtime.odex) is kOatUpToDate with filter 'speed' executable 'false'
03-31 01:34:24.919  3343 22143 I artd    : GetBestInfo: odex next to the dex file (/data/app/~~l86ooHn3z7zjJPmRwuVyKA==/com.google.android.gms-mjvtrlLEHAA3R1GV5L8qqg==/oat/x86_64/split_MapsDynamite_installtime.odex) is kOatUpToDate with filter 'speed' executable 'false'
03-31 01:34:24.925  3343 22143 I artd    : GetBestInfo: odex next to the dex file (/data/app/~~l86ooHn3z7zjJPmRwuVyKA==/com.google.android.gms-mjvtrlLEHAA3R1GV5L8qqg==/oat/x86_64/split_MeasurementDynamite_installtime.odex) is kOatUpToDate with filter 'speed' executable 'false'
03-31 01:34:24.931  3343 22143 I artd    : GetBestInfo: /data/user_de/0/com.google.android.gms/app_chimera/m/0000000d/dl-PlayCloudSearch.optional_253434100000.apk has no usable artifacts
03-31 01:34:24.936  3343 22143 I artd    : GetBestInfo: /data/user_de/0/com.google.android.gms/app_chimera/m/0000000c/dl-MlkitBarcodeUi.optional_253434100800.apk has no usable artifacts
03-31 01:34:24.939  3343 22143 I artd    : GetBestInfo: /data/user_de/0/com.google.android.gms/app_chimera/m/00000001/CronetDynamite.apk has no usable artifacts
03-31 01:34:24.943  3343 22143 I artd    : GetBestInfo: /data/user_de/0/com.google.android.gms/app_chimera/m/00000016/dl-MlkitOcrCommon.optional_261133100800.apk has no usable artifacts
03-31 01:34:24.951  3343 22143 I artd    : GetBestInfo: /data/user_de/0/com.google.android.gms/app_chimera/m/0000000e/dl-VisionOcr.optional_253434100000.apk has no usable artifacts
03-31 01:34:24.953  3343 22143 I artd    : GetBestInfo: /data/user_de/0/com.google.android.gms/app_chimera/m/00000002/DynamiteLoader.apk has no usable artifacts
03-31 01:34:24.955  3343 22143 I artd    : GetBestInfo: /data/user_de/0/com.google.android.gms/app_chimera/m/00000005/GoogleCertificates.apk has no usable artifacts
03-31 01:34:24.958  3343 22143 I artd    : GetBestInfo: /data/user_de/0/com.google.android.gms/app_chimera/m/00000012/dl-Appsearch.optional_261133100800.apk has no usable artifacts
03-31 01:34:24.964  3343 22143 I artd    : GetBestInfo: /data/user_de/0/com.google.android.gms/app_chimera/m/00000011/dl-PlayCloudSearch.optional_261133100000.apk has no usable artifacts
03-31 01:34:24.967  3343 22143 I artd    : GetBestInfo: /data/user_de/0/com.google.android.gms/app_chimera/m/00000015/dl-MlkitBarcodeUi.optional_261133100800.apk has no usable artifacts
03-31 01:34:24.972  3343 22143 I artd    : GetBestInfo: /data/user_de/0/com.google.android.gms/app_chimera/m/0000000a/dl-Appsearch.optional_253434100800.apk has no usable artifacts
03-31 01:34:24.976  3343 22143 I artd    : GetBestInfo: /data/user_de/0/com.google.android.gms/app_chimera/m/00000008/dl-TfliteDynamiteDynamite.integ_252130102100800.apk has no usable artifacts
03-31 01:34:24.986  3343 22143 I artd    : GetBestInfo: /data/user_de/0/com.google.android.gms/app_chimera/m/0000000f/dl-MlkitOcrCommon.optional_253434100800.apk has no usable artifacts
03-31 01:34:24.991  3343 22143 I artd    : GetBestInfo: /data/user_de/0/com.google.android.gms/app_chimera/m/00000010/dl-VisionOcr.optional_261133100000.apk has no usable artifacts
03-31 01:34:24.998  3343 22143 I artd    : GetBestInfo: vdex next to the dex file (/data/user/0/com.google.android.gms/app_dg_cache/BB2AE5A47BB198AF36C19CFD2B6407061A1BAF30/oat/x86_64/the.vdex) is kOatUpToDate with filter 'verify' executable 'false'
03-31 01:34:25.001  3343 22143 I artd    : GetBestInfo: /data/user_de/0/com.google.android.gms/app_chimera/m/00000007/MeasurementDynamite.apk has no usable artifacts
03-31 01:34:25.142   815   826 I system_server: Background young concurrent mark compact GC freed 21MB AllocSpace bytes, 20(864KB) LOS objects, 41% free, 33MB/57MB, paused 6.728ms,7.322ms total 120.636ms
03-31 01:34:26.399   815  1239 I HalDevMgr: bestIfaceCreationProposal is null, requestIface=STA, existingIface=[name=wlan0 type=STA]
03-31 01:34:26.631 30376 30404 W unknown:ReactNative: The packager does not seem to be running as we got an IOException requesting its status: failed to connect to /10.0.2.2 (port 8081) from /10.0.2.16 (port 51586) after 5000ms
03-31 01:34:26.631 30376 30404 W unknown:BridgelessReact: ReactHost{0}.isMetroRunning(): Async result = false
03-31 01:34:26.637 30376 30403 W unknown:BridgelessReact: ReactHost{0}.getOrCreateReactInstanceTask(): Creating BridgelessReactContext
03-31 01:34:26.656 30376 30403 W unknown:BridgelessReact: ReactHost{0}.getOrCreateReactInstanceTask(): Creating ReactInstance
03-31 01:34:26.816 30376 30403 D nativeloader: Load /data/app/~~L1I7RihJxjhG8lCyupSBfg==/com.weejobs.app-7693f6mkpN08nZ6t1fnz9g==/base.apk!/lib/x86_64/libhermesvm.so using class loader ns clns-9 (caller=/data/app/~~L1I7RihJxjhG8lCyupSBfg==/com.weejobs.app-7693f6mkpN08nZ6t1fnz9g==/base.apk!classes21.dex): ok
03-31 01:34:26.820 30376 30403 D nativeloader: Load /data/app/~~L1I7RihJxjhG8lCyupSBfg==/com.weejobs.app-7693f6mkpN08nZ6t1fnz9g==/base.apk!/lib/x86_64/libhermestooling.so using class loader ns clns-9 (caller=/data/app/~~L1I7RihJxjhG8lCyupSBfg==/com.weejobs.app-7693f6mkpN08nZ6t1fnz9g==/base.apk!classes21.dex): ok
03-31 01:34:26.820 30376 30403 D jni_lib_merge: Entering merged library JNI_OnLoad.
03-31 01:34:26.820 30376 30403 D jni_lib_merge: Preparing 4 pre-merged libs (including stub)
03-31 01:34:26.821 30376 30403 D jni_lib_merge: Preparing to register libhermes_executor_so.  onload_func: 0x76f5d65b8ad0
03-31 01:34:26.821 30376 30403 D jni_lib_merge: Preparing to register libhermesinstancejni_so.  onload_func: 0x76f5d65e4330
03-31 01:34:26.821 30376 30403 D jni_lib_merge: Preparing to register libjsijniprofiler_so.  onload_func: 0x76f5d65e60a0
03-31 01:34:26.821 30376 30403 D jni_lib_merge: About to register 3 actual methods.
03-31 01:34:27.835 30376 30403 W com.weejobs.app: Verification of expo.modules.kotlin.modules.ModuleDefinitionData expo.modules.filesystem.legacy.FileSystemLegacyModule.definition() took 131.968ms (44798.57 bytecodes/s) (0B arena alloc)
03-31 01:34:28.080   815   944 D ActivityManager: sync unfroze 27088 com.android.vending for 6
03-31 01:34:28.174   815  2200 W ProcessStats: Tracking association SourceState{623b636 system/1000 ImpBg #29062} whose proc state 6 is better than process ProcessState{2117a88 com.android.vending/10153 pkg=com.android.vending} proc state 14 (3 skipped)
03-31 01:34:28.182 27088 27088 I Finsky  : [2] SCH: job service start with id 9620.
03-31 01:34:28.257 27088 30341 I Finsky  : [173] SCH: Satisfied jobs for 9620 are: 12-1
03-31 01:34:28.269 27088 30424 I Finsky  : [180] SCH: Job 12-1 starting
03-31 01:34:28.276 27088 27088 I Finsky  : [2] WM::SCH: Logging work start for 12-1
03-31 01:34:28.315 27088 27088 I Finsky  : [2] [ContentSync] job started
03-31 01:34:28.426 30376 30403 I ExpoModulesCore: ✅ AppContext was initialized
03-31 01:34:28.687 30376 30403 W unknown:BridgelessReact: ReactHost{0}.getOrCreateReactInstanceTask(): Loading JS Bundle
03-31 01:34:28.714 30376 30403 W unknown:BridgelessReact: ReactHost{0}.getOrCreateReactInstanceTask(): DevSupportManager.onNewReactContextCreated()
03-31 01:34:28.724 27088 30425 I Finsky  : [181] App states replicator found 6 unowned apps
03-31 01:34:28.748 30376 30403 W unknown:BridgelessReact: ReactHost{0}.startSurface(surfaceId = 0): Execute
03-31 01:34:28.751 27088 27162 I Finsky  : [61] Completed 0 account content syncs with 0 successful.
03-31 01:34:28.755 27088 27088 I Finsky  : [2] [ContentSync] Installation state replication succeeded.
03-31 01:34:28.756 27088 27088 I Finsky  : [2] SCH: jobFinished: 12-1. TimeElapsed: 484ms.
03-31 01:34:28.759 27088 27088 I Finsky  : [2] WM::SCH: Logging work end for 12-1
03-31 01:34:28.759 30376 30376 W unknown:ReactNative: Packager connection already open, nooping.
03-31 01:34:28.759 30376 30376 W unknown:BridgelessReact: ReactHost{0}.ReactContext.onHostResume()
03-31 01:34:28.779 30376 30416 I HermesVM: Compiling JS failed: 337:1:unrecognized Unicode character \ufffd, sourceURL: index.android.bundle
03-31 01:34:28.791 27088 27095 W android.vending: Suspending all threads took: 17.441ms
03-31 01:34:28.816 30376 30376 W unknown:BridgelessReact: ReactHost{0}.getOrCreateReactInstanceTask(): Executing ReactInstanceEventListeners
03-31 01:34:28.835   815  2381 W libbinder.Binder: Binder transaction to android.app.IActivityManager code 1598246212 took 19118ms. Data bytes: 236 Reply bytes: 4 Flags: 16
03-31 01:34:28.859  1636  1636 D BaseActivity: Launcher flags updated: [] -[state_started]
03-31 01:34:28.860  1636  1636 D BaseDepthController: setSurface:
03-31 01:34:28.860  1636  1636 D BaseDepthController: 	mWaitingOnSurfaceValidity: false
03-31 01:34:28.860  1636  1636 D BaseDepthController: 	mBaseSurface: null
03-31 01:34:28.860  1636  1636 D BaseDepthController: mSurface is null and mCurrentBlur is: 0
03-31 01:34:28.896  1636  1636 D LauncherStateManager: StateManager.goToState: fromState: Normal, toState: Normal, partial trace:
03-31 01:34:28.896  1636  1636 D LauncherStateManager: 	at com.android.launcher3.statemanager.StateManager.moveToRestState(go/retraceme f3a19d912c87c27267cfbc05ba0bc7b202ab72a6648bd76225f5f7e128d94583:6)
03-31 01:34:28.896  1636  1636 D LauncherStateManager: 	at com.android.launcher3.statemanager.StateManager.moveToRestState(go/retraceme f3a19d912c87c27267cfbc05ba0bc7b202ab72a6648bd76225f5f7e128d94583:2)
03-31 01:34:28.896  1636  1636 D LauncherStateManager: 	at com.android.launcher3.statemanager.StatefulActivity.onStop(go/retraceme f3a19d912c87c27267cfbc05ba0bc7b202ab72a6648bd76225f5f7e128d94583:32)
03-31 01:34:28.896  1636  1636 D LauncherStateManager: StateManager.onRepeatStateSetAborted: state: Normal
03-31 01:34:28.899  1636  1636 D ActivityContext: hideKeyboard
03-31 01:34:28.899  1636  1636 D ActivityContext: isImeShown: false
03-31 01:34:28.900  1636  1636 D StatsLog: LAUNCHER_ONSTOP
03-31 01:34:28.904  1636  8447 D GmsPlayProvider: Shutdown the binder channel gracefully.
03-31 01:34:28.909  1636  8447 D GmsPlayProvider: Binder channel is terminated gracefully.
03-31 01:34:28.924  1636  1636 D StatsLog: LAUNCHER_GOOGLE_SEARCH_RESTORE_LIST_SIZE_AFTER_ACTIVITY_RESTART
03-31 01:34:28.950   815  1292 D BackgroundInstallControlService: Package event received: 0
03-31 01:34:29.003 27088 27162 I Finsky  : [61] SCH: Scheduling phonesky job Id: 1-1337, CT: 1774935159947, Constraints: [{ L: 43145467, D: 86345467, C: CHARGING_NONE, I: IDLE_NONE, N: NET_ANY, B: BATTERY_ANY }]
03-31 01:34:29.030 27088 27161 I Finsky  : [60] SCH: Scheduling 1 system job(s)
03-31 01:34:29.032 27088 27161 I Finsky  : [60] SCH: Scheduling system job Id: 9623, L: 32236384, D: 75436384, C: false, I: false, N: 1
03-31 01:34:29.148 27088 30424 I Finsky  : [180] SCH: job service finished with id 9620.
03-31 01:34:29.183 27088 27088 I Finsky  : [2] Memory trim requested to level 40
03-31 01:34:29.183 27088 27088 I Finsky  : [2] Flushing in-memory image cache
03-31 01:34:29.212 30376 30416 W unknown:BridgelessReact: ReactHost{0}.handleHostException(message = "[runtime not ready]: Error: Non-js exception: Compiling JS failed: 337:1:unrecognized Unicode character \ufffd, sourceURL: index.android.bundle, stack:
03-31 01:34:29.212 30376 30416 W unknown:BridgelessReact: ")
03-31 01:34:29.215 30376 30416 E unknown:ReactNative: Exception in native call from JS
03-31 01:34:29.215 30376 30416 E unknown:ReactNative: com.facebook.react.common.JavascriptException: [runtime not ready]: Error: Non-js exception: Compiling JS failed: 337:1:unrecognized Unicode character \ufffd, sourceURL: index.android.bundle, stack:
03-31 01:34:29.215 30376 30416 E unknown:ReactNative: 
03-31 01:34:29.215 30376 30416 E unknown:ReactNative: 	at com.facebook.react.modules.core.ExceptionsManagerModule.reportException(ExceptionsManagerModule.kt:52)
03-31 01:34:29.215 30376 30416 E unknown:ReactNative: 	at com.facebook.react.runtime.ReactInstance$ReactJsExceptionHandlerImpl.reportJsException(ReactInstance.kt:291)
03-31 01:34:29.215 30376 30416 E unknown:ReactNative: 	at com.facebook.jni.NativeRunnable.run(Native Method)
03-31 01:34:29.215 30376 30416 E unknown:ReactNative: 	at android.os.Handler.handleCallback(Handler.java:1070)
03-31 01:34:29.215 30376 30416 E unknown:ReactNative: 	at android.os.Handler.dispatchMessage(Handler.java:125)
03-31 01:34:29.215 30376 30416 E unknown:ReactNative: 	at com.facebook.react.bridge.queue.MessageQueueThreadHandler.dispatchMessage(MessageQueueThreadHandler.kt:21)
03-31 01:34:29.215 30376 30416 E unknown:ReactNative: 	at android.os.Looper.dispatchMessage(Looper.java:333)
03-31 01:34:29.215 30376 30416 E unknown:ReactNative: 	at android.os.Looper.loopOnce(Looper.java:263)
03-31 01:34:29.215 30376 30416 E unknown:ReactNative: 	at android.os.Looper.loop(Looper.java:367)
03-31 01:34:29.215 30376 30416 E unknown:ReactNative: 	at com.facebook.react.bridge.queue.MessageQueueThreadImpl$Companion.startNewBackgroundThread$lambda$0(MessageQueueThreadImpl.kt:152)
03-31 01:34:29.215 30376 30416 E unknown:ReactNative: 	at com.facebook.react.bridge.queue.MessageQueueThreadImpl$Companion.$r8$lambda$YYXYCFexeoKtAeDpeNYkxZZlpbA(Unknown Source:0)
03-31 01:34:29.215 30376 30416 E unknown:ReactNative: 	at com.facebook.react.bridge.queue.MessageQueueThreadImpl$Companion$$ExternalSyntheticLambda0.run(D8$$SyntheticClass:0)
03-31 01:34:29.215 30376 30416 E unknown:ReactNative: 	at java.lang.Thread.run(Thread.java:1563)
03-31 01:34:29.218 30376 30403 W unknown:BridgelessReact: ReactHost{0}.getOrCreateDestroyTask()
03-31 01:34:29.219 30376 30403 W unknown:BridgelessReact: ReactHost{0}.getOrCreateDestroyTask(): Resetting createReactInstance task ref
03-31 01:34:29.417   815  1239 I HalDevMgr: bestIfaceCreationProposal is null, requestIface=STA, existingIface=[name=wlan0 type=STA]
03-31 01:34:29.499 30376 30376 W unknown:BridgelessReact: ReactHost{0}.getOrCreateDestroyTask(): Starting React Native destruction
03-31 01:34:29.499 30376 30376 W unknown:BridgelessReact: ReactHost{0}.getOrCreateDestroyTask(): DevSupportManager cleanup
03-31 01:34:29.500 30376 30376 W unknown:BridgelessReact: ReactHost{0}.getOrCreateDestroyTask(): Move ReactHost to onHostDestroy()
03-31 01:34:29.502 30376 30376 W unknown:BridgelessReact: ReactHost{0}.ReactContext.onHostPause()
03-31 01:34:29.503 30376 30376 W unknown:BridgelessReact: ReactHost{0}.ReactContext.onHostDestroy()
03-31 01:34:29.535 30376 30403 W unknown:BridgelessReact: ReactHost{0}.getOrCreateDestroyTask(): Stopping all React Native surfaces
03-31 01:34:29.535 30376 30403 E unknown:SurfaceMountingManager: Stopping surface [1]
03-31 01:34:29.549 30376 30376 D WindowOnBackDispatcher: setTopOnBackInvokedCallback (unwrapped): android.view.ViewRootImpl$$ExternalSyntheticLambda12@c889ee9
03-31 01:34:29.555   815  2381 D CoreBackPreview: Window{745571c u0 com.weejobs.app/com.weejobs.app.MainActivity}: Setting back callback OnBackInvokedCallbackInfo{mCallback=android.window.IOnBackInvokedCallback$Stub$Proxy@53b5ac6, mPriority=0, mIsAnimationCallback=false, mOverrideBehavior=0}
03-31 01:34:29.651 30376 30381 I com.weejobs.app: Background concurrent mark compact GC freed 1036KB AllocSpace bytes, 6(248KB) LOS objects, 49% free, 5220KB/10MB, paused 8.124ms,7.704ms total 127.242ms
03-31 01:34:29.975 30376 30376 E unknown:SurfaceMountingManager: Surface [1] was stopped on SurfaceMountingManager.
03-31 01:34:29.985 30376 30388 I HWUI    : Davey! duration=720ms; Flags=1, FrameTimelineVsyncId=9698181, IntendedVsync=46217836427744, Vsync=46218119761066, InputEventId=0, HandleInputStart=46218138776714, AnimationStart=46218138917714, PerformTraversalsStart=46218139240814, DrawStart=46218346780014, FrameDeadline=46217853094410, FrameStartTime=46218134458514, FrameInterval=16666666, WorkloadTarget=16666666, SyncQueued=46218353630314, SyncStart=46218370775914, IssueDrawCommandsStart=46218371006314, SwapBuffers=46218545346714, FrameCompleted=46218574240014, DequeueBufferDuration=55500, QueueBufferDuration=818200, GpuCompleted=46218574240014, SwapBuffersCompleted=46218562658514, DisplayPresentTime=0, CommandSubmissionCompleted=46218545346714, 
03-31 01:34:29.989 30376 30376 W unknown:BridgelessReact: ReactHost{0}.getOrCreateDestroyTask(): Destroying MemoryPressureRouter
03-31 01:34:29.989 30376 30376 W unknown:BridgelessReact: ReactHost{0}.getOrCreateDestroyTask(): Resetting ReactContext ref
03-31 01:34:29.990 30376 30376 W unknown:BridgelessReact: ReactHost{0}.getOrCreateDestroyTask(): Destroying ReactContext
03-31 01:34:29.993 30376 30403 W unknown:BridgelessReact: ReactHost{0}.getOrCreateDestroyTask(): Resetting ReactInstance ptr
03-31 01:34:29.993 30376 30403 W unknown:BridgelessReact: ReactHost{0}.getOrCreateDestroyTask(): Destroying ReactInstance
03-31 01:34:30.000 30376 30403 E unknown:ReactNative: Tried to remove non-existent frame callback
03-31 01:34:30.051 30376 30403 W unknown:BridgelessReact: ReactHost{0}.getOrCreateDestroyTask(): Resetting start/destroy task ref
03-31 01:34:30.074   815   972 I ImeTracker: com.weejobs.app:1d164a95: onRequestHide at ORIGIN_SERVER reason HIDE_UNSPECIFIED_WINDOW fromUser false
03-31 01:34:30.091 30376 30376 D InsetsController: hide(ime())
03-31 01:34:30.093 30376 30376 I ImeTracker: com.weejobs.app:1d164a95: onCancelled at PHASE_CLIENT_ALREADY_HIDDEN
03-31 01:34:30.105  8754  8754 I GoogleInputMethodService: GoogleInputMethodService.onFinishInput():2057 
03-31 01:34:30.108   815  2200 I ImeTracker: system_server:931b117d: onRequestHide at ORIGIN_SERVER reason IME_REQUESTED_CHANGED_LISTENER fromUser false
03-31 01:34:30.110  8754  8754 I Module  : DeviceLockedStatusModuleProvider$Module.updateDeviceLockedStatus():100 repeatCheckTimes = 0, locked = false
03-31 01:34:30.116  8754  8754 I GoogleInputMethodService: GoogleInputMethodService.onStartInput():1318 onStartInput(EditorInfo{EditorInfo{packageName=com.weejobs.app, inputType=0, inputTypeString=NULL, enableLearning=false, autoCorrection=false, autoComplete=false, imeOptions=0, privateImeOptions=null, actionName=UNSPECIFIED, actionLabel=null, initialSelStart=-1, initialSelEnd=-1, initialCapsMode=0, label=null, fieldId=0, fieldName=null, extras=null, hintText=null, hintLocales=[]}}, false)
03-31 01:34:30.117   815   838 I ImeTracker: system_server:931b117d: onCancelled at PHASE_SERVER_SHOULD_HIDE
03-31 01:34:30.123  8754  8754 I Module  : DeviceLockedStatusModuleProvider$Module.updateDeviceLockedStatus():100 repeatCheckTimes = 1, locked = false
03-31 01:34:30.129   815  2200 W PackageConfigPersister: App-specific configuration not found for packageName: com.weejobs.app and userId: 0
