--------- beginning of main
03-31 05:47:35.320 10368 10399 I Finsky:background: [52] playLoggingServerUrl: https://play.googleapis.com/play/log
03-31 05:47:35.320 10368 10399 I Finsky:background: [52] playLoggingServerTimestampUrl: https://play.googleapis.com/play/log/timestamp
03-31 05:47:35.366  8555 11073 W GetConfigSnapshotOp: Succeeded but not registered: com.google.android.libraries.performance.primes#com.android.vending [CONTEXT service_id=51 ]
03-31 05:47:35.503  1522  1586 D SatelliteController: iisInCarrierRoamingNbIotNtn: satellite is disabled
03-31 05:47:35.523  1522  1586 D SatelliteController: getCarrierRoamingNtnConnectType: Falling back to global carrier config connect type: 0
--------- beginning of system
03-31 05:47:35.749   815  1312 W ActivityTaskManager: callingPackage for (uid=2000, pid=10501) has no WPC
03-31 05:47:35.756   815  1312 V WindowManager: DesktopModeLaunchParamsModifier: phase= 0 task=null activity=null display-area-from-current-params=null display-area-from-default-fallback=DefaultTaskDisplayArea@146451114 display-id=0 task-display-area-windowing-mode=1 suggested-display-area=DefaultTaskDisplayArea@146451114 task null, skipping
03-31 05:47:35.757   815  1312 V WindowManager: TaskLaunchParamsModifier:phase=0 task=null activity=null display-area-from-current-params=null display-area-from-default-fallback=DefaultTaskDisplayArea@146451114 display-id=0 task-display-area-windowing-mode=1 suggested-display-area=DefaultTaskDisplayArea@146451114
03-31 05:47:35.760 10502 10502 W libbinder.BackendUnifiedServiceManager: Thread Pool max thread count is 0. Cannot cache binder as linkToDeath cannot be implemented. serviceName: package
03-31 05:47:35.810   815  1312 V GrammaticalInflectionUtils: AttributionSource: android.content.AttributionSource@a8b12c4b does not have READ_SYSTEM_GRAMMATICAL_GENDER permission.
03-31 05:47:35.831   815  1312 V WindowManager: DesktopModeLaunchParamsModifier: phase= 0 task=null activity=ActivityRecord{108308954 u0 com.weejobs.app/.MainActivity display-area-from-current-params=null display-area-from-default-fallback=DefaultTaskDisplayArea@146451114 display-id=0 task-display-area-windowing-mode=1 suggested-display-area=DefaultTaskDisplayArea@146451114 task null, skipping
03-31 05:47:35.834   815  1312 V WindowManager: TaskLaunchParamsModifier:phase=0 task=null activity=ActivityRecord{108308954 u0 com.weejobs.app/.MainActivity t-1} display-area-from-current-params=null display-area-from-default-fallback=DefaultTaskDisplayArea@146451114 display-id=0 task-display-area-windowing-mode=1 suggested-display-area=DefaultTaskDisplayArea@146451114
03-31 05:47:35.836   815  1312 V WindowManager: DesktopModeLaunchParamsModifier: phase= 3 task=null activity=ActivityRecord{108308954 u0 com.weejobs.app/.MainActivity t-1} display-area-from-current-params=null display-area-from-default-fallback=DefaultTaskDisplayArea@146451114 display-id=0 task-display-area-windowing-mode=1 suggested-display-area=DefaultTaskDisplayArea@146451114 task null, skipping
03-31 05:47:35.837   815  1312 V WindowManager: TaskLaunchParamsModifier:phase=3 task=null activity=ActivityRecord{108308954 u0 com.weejobs.app/.MainActivity t-1} display-area-from-current-params=null display-area-from-default-fallback=DefaultTaskDisplayArea@146451114 display-id=0 task-display-area-windowing-mode=1 suggested-display-area=DefaultTaskDisplayArea@146451114 non-freeform-task-display-area display-area=DefaultTaskDisplayArea@146451114 skip-bounds-fullscreen
03-31 05:47:35.858   815  1312 V WindowManager: DesktopModeLaunchParamsModifier: phase= 3 task=Task{408ee0b #84 type=standard A=10227:com.weejobs.app} activity=ActivityRecord{108308954 u0 com.weejobs.app/.MainActivity t-1} display-from-task=0 display-id=0 task-display-area-windowing-mode=1 suggested-display-area=DefaultTaskDisplayArea@146451114 not entering desktop mode, skipping
03-31 05:47:35.862   815  1312 V WindowManager: TaskLaunchParamsModifier:phase=3 task=Task{408ee0b #84 type=standard A=10227:com.weejobs.app} activity=ActivityRecord{108308954 u0 com.weejobs.app/.MainActivity t-1} display-from-task=0 display-id=0 task-display-area-windowing-mode=1 suggested-display-area=DefaultTaskDisplayArea@146451114 inherit-from-task=fullscreen non-freeform-task-display-area display-area=DefaultTaskDisplayArea@146451114 skip-bounds-fullscreen
03-31 05:47:35.876   651  1624 I libbinder.BpBinder: onLastStrongRef automatically unlinking death recipients for descriptor: '(not cached)'
03-31 05:47:35.921   815  1312 I ActivityTaskManager: START u0 {flg=0x10000000 xflg=0x5 cmp=com.weejobs.app/.MainActivity} with LAUNCH_SINGLE_TASK from uid 2000 (com.android.shell) (BAL_ALLOW_PERMISSION) result code=0
03-31 05:47:35.932  1337  1429 V WindowManagerShell: Transition requested (#183): android.os.BinderProxy@9fe1bd6 TransitionRequestInfo { type = OPEN, triggerTask = TaskInfo{userId=0 taskId=84 effectiveUid=10227 displayId=0 isRunning=true baseIntent=Intent { flg=0x10000000 cmp=com.weejobs.app/.MainActivity } baseActivity=ComponentInfo{com.weejobs.app/com.weejobs.app.MainActivity} topActivity=ComponentInfo{com.weejobs.app/com.weejobs.app.MainActivity} origActivity=null realActivity=ComponentInfo{com.weejobs.app/com.weejobs.app.MainActivity} numActivities=1 lastActiveTime=61404514 supportsMultiWindow=true resizeMode=1 isResizeable=true minWidth=-1 minHeight=-1 defaultMinSize=220 token=WCT{android.os.BinderProxy@b313e57} topActivityType=1 pictureInPictureParams=null shouldDockBigOverlays=false launchIntoPipHostTaskId=-1 lastParentTaskIdBeforePip=-1 displayCutoutSafeInsets=Rect(0, 0 - 0, 0) topActivityInfo=ActivityInfo{3403d44 com.weejobs.app.MainActivity} launchCookies=[] positionInParent=Point(0, 0) parentTaskId=-1 isFocused=false isVisible=false isVisibleRequested=false isTopActivityNoDisplay=false isSleeping=false locusId=null displayAreaFeatureId=1 isTopActivityTransparent=false isActivityStackTransparent=false lastNonFullscreenBounds=null capturedLink=null capturedLinkTimestamp=0 requestedVisibleTypes=503 topActivityRequestOpenInBrowserEducationTimestamp=0 appCompatTaskInfo=AppCompatTaskInfo { topActivityInSizeCompat=false isLeafTask= true eligibleForLetterboxEducation= false isLetterboxEducationEnabled= true isLetterboxDoubleTapEnabled= false eligibleForUserAspectRatioButton= false topActivityBoundsLetterboxed= false isFromLetterboxDoubleTap= false topActivityLetterboxVerticalPosition= -1 topActivityLetterboxHorizontalPosition= -1 topActivityLetterboxWidth=-1 topActivityLetterboxHeight=-1 topActivityAppBounds=Rect(0, 0 - 1080, 2400) isUserFullscreenOverrideEnabled=false isSystemFullscreenOverrideEnabled=false hasMinAspectRatioOverride=false topActivityLetterboxBounds=null cameraCompatTaskInfo=CameraCompatTaskInfo { cameraCompatMode=undefinedundefined} topNonResizableActivityAspectRatio=-1.0} topActivityMainWindowFrame=null isAppBubble=false}, pipChange = null, remoteTransition = null, displayChange = null, requestedLocation = null, userChange = null, windowingLayerChange = null, flags = 0, debugId = 183 }
03-31 05:47:35.935  1636  1636 D BaseActivity: Launcher flags updated: [state_started|state_resumed|state_deferred_resumed|state_window_focused] -[state_user_active]
03-31 05:47:35.937  1636  1636 D BaseActivity: Launcher flags updated: [state_started|state_window_focused] -[state_resumed|state_deferred_resumed]
03-31 05:47:35.940  1636  1636 W SplitSelectStateCtor: Missing session instanceIds
03-31 05:47:35.940  1636  1636 D StatsLog: LAUNCHER_SPLIT_SELECTION_EXIT_INTERRUPTED
03-31 05:47:35.946  1337  1429 D ShellSplitScreen: logExit: no-op, mLoggerSessionId is null
03-31 05:47:35.947  1337  1429 V ShellDesktopMode: DesktopTasksController: handleRequest request=TransitionRequestInfo { type = OPEN, triggerTask = TaskInfo{userId=0 taskId=84 effectiveUid=10227 displayId=0 isRunning=true baseIntent=Intent { flg=0x10000000 cmp=com.weejobs.app/.MainActivity } baseActivity=ComponentInfo{com.weejobs.app/com.weejobs.app.MainActivity} topActivity=ComponentInfo{com.weejobs.app/com.weejobs.app.MainActivity} origActivity=null realActivity=ComponentInfo{com.weejobs.app/com.weejobs.app.MainActivity} numActivities=1 lastActiveTime=61404514 supportsMultiWindow=true resizeMode=1 isResizeable=true minWidth=-1 minHeight=-1 defaultMinSize=220 token=WCT{android.os.BinderProxy@b313e57} topActivityType=1 pictureInPictureParams=null shouldDockBigOverlays=false launchIntoPipHostTaskId=-1 lastParentTaskIdBeforePip=-1 displayCutoutSafeInsets=Rect(0, 0 - 0, 0) topActivityInfo=ActivityInfo{3403d44 com.weejobs.app.MainActivity} launchCookies=[] positionInParent=Point(0, 0) parentTaskId=-1 isFocused=false isVisible=false isVisibleRequested=false isTopActivityNoDisplay=false isSleeping=false locusId=null displayAreaFeatureId=1 isTopActivityTransparent=false isActivityStackTransparent=false lastNonFullscreenBounds=null capturedLink=null capturedLinkTimestamp=0 requestedVisibleTypes=503 topActivityRequestOpenInBrowserEducationTimestamp=0 appCompatTaskInfo=AppCompatTaskInfo { topActivityInSizeCompat=false isLeafTask= true eligibleForLetterboxEducation= false isLetterboxEducationEnabled= true isLetterboxDoubleTapEnabled= false eligibleForUserAspectRatioButton= false topActivityBoundsLetterboxed= false isFromLetterboxDoubleTap= false topActivityLetterboxVerticalPosition= -1 topActivityLetterboxHorizontalPosition= -1 topActivityLetterboxWidth=-1 topActivityLetterboxHeight=-1 topActivityAppBounds=Rect(0, 0 - 1080, 2400) isUserFullscreenOverrideEnabled=false isSystemFullscreenOverrideEnabled=false hasMinAspectRatioOverride=false topActivityLetterboxBounds=null cameraCompatTaskInfo=CameraCompatTaskInfo { cameraCompatMode=undefinedundefined} topNonResizableActivityAspectRatio=-1.0} topActivityMainWindowFrame=null isAppBubble=false}, pipChange = null, remoteTransition = null, displayChange = null, requestedLocation = null, userChange = null, windowingLayerChange = null, flags = 0, debugId = 183 }
03-31 05:47:35.947  1337  1429 V ShellDesktopMode: DesktopTasksController: skipping handleRequest reason=triggerTask's display doesn't support desktop mode
03-31 05:47:35.955   815  2231 V WindowManager: Defer transition id=183 for TaskFragmentTransaction=android.os.Binder@b8389a6
03-31 05:47:35.972   815  2231 V WindowManager: deferTransitionReady deferReadyDepth=1 stack=com.android.server.wm.TransitionController.deferTransitionReady:1061 com.android.server.wm.TaskFragmentOrganizerController$TaskFragmentOrganizerState.dispatchTransaction:517 com.android.server.wm.TaskFragmentOrganizerController.dispatchPendingEvents:1259 com.android.server.wm.TaskFragmentOrganizerController.dispatchPendingEvents:1228 com.android.server.wm.RootWindowContainer.performSurfacePlacement:777 
03-31 05:47:35.979  1636  1636 D RecentsView: onTaskDisplayChanged: 84, new displayId = 0
03-31 05:47:35.983   815  1701 D CompatChangeReporter: Compat change id reported: 377864165; UID 10227; state: ENABLED
03-31 05:47:35.995  1337  1429 D WindowManagerShell: setLauncherKeepClearAreaHeight: visible=false, height=495
03-31 05:47:35.996   815   838 V GrammaticalInflectionUtils: AttributionSource: android.content.AttributionSource@a8b12c4b does not have READ_SYSTEM_GRAMMATICAL_GENDER permission.
03-31 05:47:36.016   815   830 V WindowManager: Continue transition id=183 for TaskFragmentTransaction=android.os.Binder@b8389a6
03-31 05:47:36.032   815   830 V WindowManager: continueTransitionReady deferReadyDepth=0 stack=com.android.server.wm.TransitionController.continueTransitionReady:1071 com.android.server.wm.TaskFragmentOrganizerController$TaskFragmentOrganizerState.onTransactionFinished:546 com.android.server.wm.TaskFragmentOrganizerController.onTransactionHandled:740 android.window.ITaskFragmentOrganizerController$Stub.onTransact:225 android.os.Binder.execTransactInternal:1473 
03-31 05:47:36.043   815   838 W ActivityManager: Slow operation: 93ms so far, now at startProcess: done starting proc!
03-31 05:47:36.047   815   846 W ActivityManager: Slow operation: 51ms so far, now at startProcess: asking zygote to start proc
03-31 05:47:36.075  1337  1429 D ShellDesktopMode: DesktopRepository: Removes freeform task: taskId=83
03-31 05:47:36.078  1337  1429 W ShellDesktopMode: DesktopRepository: No display id found for task: taskId=83
03-31 05:47:36.091   579   579 D Zygote  : Forked child process 10507
03-31 05:47:36.094   815   846 W ActivityManager: Slow operation: 98ms so far, now at startProcess: returned from zygote!
03-31 05:47:36.116   815  1292 D BackgroundInstallControlService: Package event received: 0
03-31 05:47:36.120   815   846 W ActivityManager: Slow operation: 124ms so far, now at startProcess: done updating battery stats
03-31 05:47:36.120   815   846 W ActivityManager: Slow operation: 124ms so far, now at startProcess: building log message
03-31 05:47:36.120   815   846 I ActivityManager: Start proc 10507:com.weejobs.app/u0a227 for next-top-activity {com.weejobs.app/com.weejobs.app.MainActivity}
03-31 05:47:36.120   815   846 W ActivityManager: Slow operation: 124ms so far, now at startProcess: starting to update pids map
03-31 05:47:36.131  1636  1636 D b/417220811: invalidateLoadedTasks - previous requestLoadId: -1
03-31 05:47:36.161   815   846 W ActivityManager: Slow operation: 165ms so far, now at startProcess: done updating pids map
03-31 05:47:36.201  1636  1636 D BaseActivity: Launcher flags updated: [state_started] -[state_window_focused]
03-31 05:47:36.225 10507 10507 I Zygote  : Process 10507 created for com.weejobs.app
03-31 05:47:36.228 10507 10507 I com.weejobs.app: Late-enabling -Xcheck:jni
03-31 05:47:36.234 10507 10507 W com.weejobs.app: Suspending all threads took: 5.237ms
03-31 05:47:36.320   815   836 W Looper  : Slow dispatch took 221ms android.ui app=system_server main=false group=TOP_APP h=com.android.server.am.ActivityManagerService$UiHandler c=com.android.server.am.UidObserverController$$ExternalSyntheticLambda0@b25499f m=0
03-31 05:47:36.320  1636  1636 D b/417220811: invalidateLoadedTasks - previous requestLoadId: -1
03-31 05:47:36.324  1636  1636 D b/417220811: invalidateLoadedTasks - previous requestLoadId: -1
03-31 05:47:36.332  1337  1477 D WindowOnBackDispatcher: setTopOnBackInvokedCallback (unwrapped): android.view.ViewRootImpl$$ExternalSyntheticLambda12@e689599
03-31 05:47:36.337   815   830 D CoreBackPreview: Window{a28623d u0 Splash Screen com.weejobs.app}: Setting back callback OnBackInvokedCallbackInfo{mCallback=android.window.IOnBackInvokedCallback$Stub$Proxy@57f6900, mPriority=0, mIsAnimationCallback=false, mOverrideBehavior=0}
03-31 05:47:36.493   815   836 W Looper  : Slow delivery took 216ms android.ui app=system_server main=false group=TOP_APP h=com.android.server.am.ActivityManagerService$UiHandler c=com.android.server.am.UidObserverController$$ExternalSyntheticLambda0@b25499f m=0
03-31 05:47:36.495   815   836 W Looper  : Slow dispatch took 173ms android.ui app=system_server main=false group=TOP_APP h=com.android.server.am.ActivityManagerService$UiHandler c=com.android.server.am.UidObserverController$$ExternalSyntheticLambda0@b25499f m=0
03-31 05:47:36.651   815  1239 I HalDevMgr: bestIfaceCreationProposal is null, requestIface=STA, existingIface=[name=wlan0 type=STA]
03-31 05:47:36.732  3343  3357 I artd    : GetBestInfo: odex next to the dex file (/data/app/~~l86ooHn3z7zjJPmRwuVyKA==/com.google.android.gms-mjvtrlLEHAA3R1GV5L8qqg==/oat/x86_64/base.odex) is kOatUpToDate with filter 'speed-profile' executable 'false'
03-31 05:47:36.744   815   836 W Looper  : Slow dispatch took 128ms android.ui app=system_server main=false group=TOP_APP h=com.android.server.am.ActivityManagerService$UiHandler c=com.android.server.am.UidObserverController$$ExternalSyntheticLambda0@b25499f m=0
03-31 05:47:36.747  3343  3357 I artd    : GetBestInfo: odex next to the dex file (/data/app/~~l86ooHn3z7zjJPmRwuVyKA==/com.google.android.gms-mjvtrlLEHAA3R1GV5L8qqg==/oat/x86_64/split_AdsDynamite_installtime.odex) is kOatUpToDate with filter 'speed' executable 'false'
03-31 05:47:36.792   815  1701 D FileUtils: Rounded bytes from 2061062144 to 4000000000
03-31 05:47:36.807  3343  3357 I artd    : GetBestInfo: odex next to the dex file (/data/app/~~l86ooHn3z7zjJPmRwuVyKA==/com.google.android.gms-mjvtrlLEHAA3R1GV5L8qqg==/oat/x86_64/split_CronetDynamite_installtime.odex) is kOatUpToDate with filter 'speed' executable 'false'
03-31 05:47:36.851 10283 10287 W android.vending: userfaultfd: MOVE ioctl seems unsupported: Connection timed out
03-31 05:47:36.872 10283 10354 I Finsky  : [51] Initializing pausers from value store.
03-31 05:47:36.873  3343 22142 I artd    : GetBestInfo: odex next to the dex file (/data/app/~~l86ooHn3z7zjJPmRwuVyKA==/com.google.android.gms-mjvtrlLEHAA3R1GV5L8qqg==/oat/x86_64/split_DynamiteLoader_installtime.odex) is kOatUpToDate with filter 'speed' executable 'false'
03-31 05:47:36.892   815   836 W Looper  : Drained
03-31 05:47:36.924   815   835 V WindowManager: Sent Transition (#183) createdAt=03-31 05:47:35.827 via request=TransitionRequestInfo { type = OPEN, triggerTask = TaskInfo{userId=0 taskId=84 effectiveUid=10227 displayId=0 isRunning=true baseIntent=Intent { flg=0x10000000 cmp=com.weejobs.app/.MainActivity } baseActivity=ComponentInfo{com.weejobs.app/com.weejobs.app.MainActivity} topActivity=ComponentInfo{com.weejobs.app/com.weejobs.app.MainActivity} origActivity=null realActivity=ComponentInfo{com.weejobs.app/com.weejobs.app.MainActivity} numActivities=1 lastActiveTime=61404514 supportsMultiWindow=true resizeMode=1 isResizeable=true minWidth=-1 minHeight=-1 defaultMinSize=220 token=WCT{RemoteToken{bee20c8 Task{408ee0b #84 type=standard A=10227:com.weejobs.app}}} topActivityType=1 pictureInPictureParams=null shouldDockBigOverlays=false launchIntoPipHostTaskId=-1 lastParentTaskIdBeforePip=-1 displayCutoutSafeInsets=Rect(0, 0 - 0, 0) topActivityInfo=ActivityInfo{5111561 com.weejobs.app.MainActivity} launchCookies=[] positionInParent=Point(0, 0) parentTaskId=-1 isFocused=false isVisible=false isVisibleRequested=false isTopActivityNoDisplay=false isSleeping=false locusId=null displayAreaFeatureId=1 isTopActivityTransparent=false isActivityStackTransparent=false lastNonFullscreenBounds=null capturedLink=null capturedLinkTimestamp=0 requestedVisibleTypes=503 topActivityRequestOpenInBrowserEducationTimestamp=0 appCompatTaskInfo=AppCompatTaskInfo { topActivityInSizeCompat=false isLeafTask= true eligibleForLetterboxEducation= false isLetterboxEducationEnabled= true isLetterboxDoubleTapEnabled= false eligibleForUserAspectRatioButton= false topActivityBoundsLetterboxed= false isFromLetterboxDoubleTap= false topActivityLetterboxVerticalPosition= -1 topActivityLetterboxHorizontalPosition= -1 topActivityLetterboxWidth=-1 topActivityLetterboxHeight=-1 topActivityAppBounds=Rect(0, 0 - 1080, 2400) isUserFullscreenOverrideEnabled=false isSystemFullscreenOverrideEnabled=false hasMinAspectRatioOverride=false topActivityLetterboxBounds=null cameraCompatTaskInfo=CameraCompatTaskInfo { cameraCompatMode=undefinedundefined} topNonResizableActivityAspectRatio=-1.0} topActivityMainWindowFrame=null isAppBubble=false}, pipChange = null, remoteTransition = null, displayChange = null, requestedLocation = null, userChange = null, windowingLayerChange = null, flags = 0, debugId = 183 }
03-31 05:47:36.924 10283 10354 I Finsky  : [51] IQ::HLD: Callers (Pausers) in PauseUpdatesCallersValueStore: []
03-31 05:47:36.925   815   835 V WindowManager:     startWCT=WindowContainerTransaction { changes= {} hops= [] errorCallbackToken=null taskFragmentOrganizer=null }
03-31 05:47:36.928  3343 22142 I artd    : GetBestInfo: odex next to the dex file (/data/app/~~l86ooHn3z7zjJPmRwuVyKA==/com.google.android.gms-mjvtrlLEHAA3R1GV5L8qqg==/oat/x86_64/split_DynamiteModulesA_installtime.odex) is kOatUpToDate with filter 'speed' executable 'false'
03-31 05:47:36.938   815   835 V WindowManager:     info={id=183 t=OPEN f=0x0 trk=0 r=[0@Point(0, 0)] c=[
03-31 05:47:36.938   815   835 V WindowManager:         {WCT{RemoteToken{bee20c8 Task{408ee0b #84 type=standard A=10227:com.weejobs.app}}} m=OPEN f=NONE leash=Surface(name=Task=84#2630)/@0xb8c2b4f sb=Rect(0, 0 - 1080, 2400) eb=Rect(0, 0 - 1080, 2400) epz=Point(1080, 2400) d=0 taskParent=-1 winMode=1 userId=0},
03-31 05:47:36.938   815   835 V WindowManager:         {WCT{RemoteToken{2b288d7 Task{456e129 #1 type=home}}} m=TO_BACK f=SHOW_WALLPAPER leash=Surface(name=Task=1#44)/@0x377fbff sb=Rect(0, 0 - 1080, 2400) eb=Rect(0, 0 - 1080, 2400) epz=Point(1080, 2400) d=0 taskParent=-1 winMode=1 userId=0},
03-31 05:47:36.938   815   835 V WindowManager:         {m=TO_BACK f=IS_WALLPAPER leash=Surface(name=WallpaperWindowToken{4959bac}#56)/@0x6259f59 sb=Rect(0, 0 - 1080, 2400) eb=Rect(0, 0 - 1080, 2400) epz=Point(1080, 2400) d=0}
03-31 05:47:36.938   815   835 V WindowManager:     ]}
03-31 05:47:36.948  1337  1884 V WindowManagerShell: onTransitionReady(transaction=3500398364151)
03-31 05:47:36.955  1337  1429 V WindowManagerShell: onTransitionReady (#183) android.os.BinderProxy@9fe1bd6: {id=183 t=OPEN f=0x0 trk=0 r=[0@Point(0, 0)] c=[
03-31 05:47:36.955  1337  1429 V WindowManagerShell:         {m=OPEN f=NONE leash=Surface(name=Task=84#2630)/@0xa8bada4 sb=Rect(0, 0 - 1080, 2400) eb=Rect(0, 0 - 1080, 2400) epz=Point(1080, 2400) d=0 taskParent=-1 winMode=1 userId=0},
03-31 05:47:36.955  1337  1429 V WindowManagerShell:         {m=TO_BACK f=SHOW_WALLPAPER leash=Surface(name=Task=1#44)/@0xd39170d sb=Rect(0, 0 - 1080, 2400) eb=Rect(0, 0 - 1080, 2400) epz=Point(1080, 2400) d=0 taskParent=-1 winMode=1 userId=0},
03-31 05:47:36.955  1337  1429 V WindowManagerShell:         {m=TO_BACK f=IS_WALLPAPER leash=Surface(name=WallpaperWindowToken{4959bac}#56)/@0x762f6c2 sb=Rect(0, 0 - 1080, 2400) eb=Rect(0, 0 - 1080, 2400) epz=Point(1080, 2400) d=0}
03-31 05:47:36.955  1337  1429 V WindowManagerShell:     ]}
03-31 05:47:36.967  3343 22142 I artd    : GetBestInfo: odex next to the dex file (/data/app/~~l86ooHn3z7zjJPmRwuVyKA==/com.google.android.gms-mjvtrlLEHAA3R1GV5L8qqg==/oat/x86_64/split_DynamiteModulesC_installtime.odex) is kOatUpToDate with filter 'speed' executable 'false'
03-31 05:47:36.971  1337  1429 V WindowManagerShell: Playing animation for (#183) android.os.BinderProxy@9fe1bd6@0
03-31 05:47:36.971  1337  1429 V ShellRecents: RecentsTransitionHandler.startAnimation: no controller found
03-31 05:47:36.983  1337  1429 V ShellDesktopMode: DesktopMixedTransitionHandler: No pending desktop transition
03-31 05:47:36.985  1337  1429 V WindowManagerShell: Transition doesn't have explicit remote, search filters for match for {id=183 t=OPEN f=0x0 trk=0 r=[0@Point(0, 0)] c=[{m=OPEN f=NONE leash=Surface(name=Task=84#2630)/@0xa8bada4 sb=Rect(0, 0 - 1080, 2400) eb=Rect(0, 0 - 1080, 2400) epz=Point(1080, 2400) d=0 taskParent=-1 winMode=1 userId=0},{m=TO_BACK f=SHOW_WALLPAPER leash=Surface(name=Task=1#44)/@0xd39170d sb=Rect(0, 0 - 1080, 2400) eb=Rect(0, 0 - 1080, 2400) epz=Point(1080, 2400) d=0 taskParent=-1 winMode=1 userId=0},{m=TO_BACK f=IS_WALLPAPER leash=Surface(name=WallpaperWindowToken{4959bac}#56)/@0x762f6c2 sb=Rect(0, 0 - 1080, 2400) eb=Rect(0, 0 - 1080, 2400) epz=Point(1080, 2400) d=0}]}
03-31 05:47:36.985  1337  1429 V WindowManagerShell:  Checking filter Pair{{types=[] flags=0x0] notFlags=0x0 checks=[{atype=undefined independent=true modes=[CLOSE,TO_BACK] flags=IN_TASK_WITH_EMBEDDED_ACTIVITY mustBeTask=false order=ANY topActivity=null launchCookie=null taskFragmentToken=android.os.BinderProxy@c043bef windowingMode=undefined isCrossDisplayMove=false}]} RemoteTransition { remoteTransition = android.window.IRemoteTransition$Stub$Proxy@1ea86fc, appThread = android.app.IApplicationThread$Stub$Proxy@8e47185, debugName = overlayBackTransition }}
03-31 05:47:36.985  1337  1429 V WindowManagerShell:  Checking filter Pair{{types=[] flags=0x0] notFlags=0x0 checks=[{atype=dream independent=true modes=[OPEN,TO_FRONT] flags=NONE mustBeTask=false order=ANY topActivity=null launchCookie=null windowingMode=undefined isCrossDisplayMove=false},{atype=home independent=true modes=[CLOSE,TO_BACK] flags=NONE mustBeTask=false order=ANY topActivity=null launchCookie=null windowingMode=undefined isCrossDisplayMove=false}]} RemoteTransition { remoteTransition = android.window.IRemoteTransition$Stub$Proxy@5b90bda, appThread = android.app.IApplicationThread$Stub$Proxy@602a80b, debugName = LauncherToDream }}
03-31 05:47:36.985  1337  1429 V WindowManagerShell:  Checking filter Pair{{types=[] flags=0x0] notFlags=0x100 checks=[{atype=home independent=true modes=[OPEN,TO_FRONT] flags=NONE mustBeTask=false order=TOP topActivity=ComponentInfo{com.google.android.apps.nexuslauncher/com.google.android.apps.nexuslauncher.NexusLauncherActivity} launchCookie=null windowingMode=undefined isCrossDisplayMove=false},{atype=standard independent=true modes=[CLOSE,TO_BACK] flags=NONE mustBeTask=false order=ANY topActivity=null launchCookie=null windowingMode=undefined isCrossDisplayMove=false},{NOT atype=undefined independent=true modes=[] flags=NONE mustBeTask=true order=ANY topActivity=null launchCookie=null customAnim=true windowingMode=undefined isCrossDisplayMove=false}]} RemoteTransition { remoteTransition = android.window.IRemoteTransition$Stub$Proxy@1d716e8, appThread = android.app.IApplicationThread$Stub$Proxy@ffa101, debugName = QuickstepLaunchHome }}
03-31 05:47:36.986  1337  1429 V WindowManagerShell:  Checking filter Pair{{types=[OPEN,TO_FRONT] flags=0x0] notFlags=0x0 checks=[{atype=standard independent=true modes=[OPEN,TO_FRONT] flags=NONE mustBeTask=true order=ANY topActivity=null launchCookie=null windowingMode=freeform isCrossDisplayMove=false}]} RemoteTransition { remoteTransition = android.window.IRemoteTransition$Stub$Proxy@37a315c, appThread = null, debugName = DesktopWindowLimitUnminimize }}
03-31 05:47:36.986  1337  1429 V WindowManagerShell:  Delegate animation for (#183) to null
03-31 05:47:36.986  1337  1429 V WindowManagerShell: start default transition animation, info = {id=183 t=OPEN f=0x0 trk=0 r=[0@Point(0, 0)] c=[{m=OPEN f=NONE leash=Surface(name=Task=84#2630)/@0xa8bada4 sb=Rect(0, 0 - 1080, 2400) eb=Rect(0, 0 - 1080, 2400) epz=Point(1080, 2400) d=0 taskParent=-1 winMode=1 userId=0},{m=TO_BACK f=SHOW_WALLPAPER leash=Surface(name=Task=1#44)/@0xd39170d sb=Rect(0, 0 - 1080, 2400) eb=Rect(0, 0 - 1080, 2400) epz=Point(1080, 2400) d=0 taskParent=-1 winMode=1 userId=0},{m=TO_BACK f=IS_WALLPAPER leash=Surface(name=WallpaperWindowToken{4959bac}#56)/@0x762f6c2 sb=Rect(0, 0 - 1080, 2400) eb=Rect(0, 0 - 1080, 2400) epz=Point(1080, 2400) d=0}]}
03-31 05:47:36.991  3343 22142 I artd    : GetBestInfo: odex next to the dex file (/data/app/~~l86ooHn3z7zjJPmRwuVyKA==/com.google.android.gms-mjvtrlLEHAA3R1GV5L8qqg==/oat/x86_64/split_GoogleCertificates_installtime.odex) is kOatUpToDate with filter 'speed' executable 'false'
03-31 05:47:37.003 10283 10353 I Finsky  : [50] registerListener
03-31 05:47:37.040  3343 22142 I artd    : GetBestInfo: odex next to the dex file (/data/app/~~l86ooHn3z7zjJPmRwuVyKA==/com.google.android.gms-mjvtrlLEHAA3R1GV5L8qqg==/oat/x86_64/split_MapsDynamite_installtime.odex) is kOatUpToDate with filter 'speed' executable 'false'
03-31 05:47:37.074  3343 22142 I artd    : GetBestInfo: odex next to the dex file (/data/app/~~l86ooHn3z7zjJPmRwuVyKA==/com.google.android.gms-mjvtrlLEHAA3R1GV5L8qqg==/oat/x86_64/split_MeasurementDynamite_installtime.odex) is kOatUpToDate with filter 'speed' executable 'false'
03-31 05:47:37.075  1337  1429 V WindowManagerShell: loadAnimation: anim=android.view.animation.AnimationSet@edbd0e animAttr=0x13 type=OPEN isEntrance=false
03-31 05:47:37.081 10283 10353 I Finsky  : [50] DFS: Listener added for rzy@feb3dfe
03-31 05:47:37.081 10283 10353 I Finsky  : [50] registerListener
03-31 05:47:37.082  3343 22142 I artd    : GetBestInfo: /data/user_de/0/com.google.android.gms/app_chimera/m/0000000d/dl-PlayCloudSearch.optional_253434100000.apk has no usable artifacts
03-31 05:47:37.102  3343 22142 I artd    : GetBestInfo: /data/user_de/0/com.google.android.gms/app_chimera/m/0000000c/dl-MlkitBarcodeUi.optional_253434100800.apk has no usable artifacts
03-31 05:47:37.128  3343 22142 I artd    : GetBestInfo: /data/user_de/0/com.google.android.gms/app_chimera/m/00000001/CronetDynamite.apk has no usable artifacts
03-31 05:47:37.135  3343 22142 I artd    : GetBestInfo: /data/user_de/0/com.google.android.gms/app_chimera/m/00000016/dl-MlkitOcrCommon.optional_261133100800.apk has no usable artifacts
03-31 05:47:37.148 10368 10368 I Endpoint: Created gRPC endpoint for service class com.google.frameworks.client.data.android.server.play.BackgroundProcessEndpointService
03-31 05:47:37.160  3343 22142 I artd    : GetBestInfo: /data/user_de/0/com.google.android.gms/app_chimera/m/0000000e/dl-VisionOcr.optional_253434100000.apk has no usable artifacts
03-31 05:47:37.184  3343 22142 I artd    : GetBestInfo: /data/user_de/0/com.google.android.gms/app_chimera/m/00000002/DynamiteLoader.apk has no usable artifacts
03-31 05:47:37.185  3343 22142 I artd    : GetBestInfo: /data/user_de/0/com.google.android.gms/app_chimera/m/00000005/GoogleCertificates.apk has no usable artifacts
03-31 05:47:37.188  1337  1429 V WindowManagerShell: loadAnimation: anim=android.view.animation.AnimationSet@94c9c1a animAttr=0x12 type=OPEN isEntrance=true
03-31 05:47:37.194  3343 22142 I artd    : GetBestInfo: /data/user_de/0/com.google.android.gms/app_chimera/m/00000012/dl-Appsearch.optional_261133100800.apk has no usable artifacts
03-31 05:47:37.200  3343 22142 I artd    : GetBestInfo: /data/user_de/0/com.google.android.gms/app_chimera/m/00000011/dl-PlayCloudSearch.optional_261133100000.apk has no usable artifacts
03-31 05:47:37.209 10283 10382 I Finsky  : [67] ApplicationRestrictions: {}
03-31 05:47:37.213  3343 22142 I artd    : GetBestInfo: /data/user_de/0/com.google.android.gms/app_chimera/m/00000015/dl-MlkitBarcodeUi.optional_261133100800.apk has no usable artifacts
03-31 05:47:37.244  3343 22142 I artd    : GetBestInfo: /data/user_de/0/com.google.android.gms/app_chimera/m/0000000a/dl-Appsearch.optional_253434100800.apk has no usable artifacts
03-31 05:47:37.263  1337  1429 V WindowManagerShell:  animated by com.android.wm.shell.transition.DefaultTransitionHandler@7009b89
03-31 05:47:37.263  1337  1429 V ShellTaskOrganizer: Task appeared taskId=84 listener=FullscreenTaskListener
03-31 05:47:37.264  1337  1429 V ShellTaskOrganizer: Fullscreen Task Appeared: #84
03-31 05:47:37.264  3343 22142 I artd    : GetBestInfo: /data/user_de/0/com.google.android.gms/app_chimera/m/00000008/dl-TfliteDynamiteDynamite.integ_252130102100800.apk has no usable artifacts
03-31 05:47:37.274   815  1292 D BackgroundInstallControlService: Package event received: 0
03-31 05:47:37.279 10253 10253 D BoundBrokerSvc: onBind: Intent { act=com.google.android.gms.potokens.service.START dat=chimera-action:/... xflg=0x4 cmp=com.google.android.gms/.chimera.GmsApiService }
03-31 05:47:37.279 10253 10253 D BoundBrokerSvc: Loading bound service for intent: Intent { act=com.google.android.gms.potokens.service.START dat=chimera-action:/... xflg=0x4 cmp=com.google.android.gms/.chimera.GmsApiService }
03-31 05:47:37.295   815   826 I system_server: Background young concurrent mark compact GC freed 20MB AllocSpace bytes, 17(700KB) LOS objects, 36% free, 36MB/58MB, paused 26.929ms,12.759ms total 873.099ms
03-31 05:47:37.317 10283 10366 I Finsky  : [62] CronetEngine is present. Using Cronet for the networking stack.
03-31 05:47:37.323 10283 10364 I Finsky  : [60] System was updated or GL extensions were already cached.
03-31 05:47:37.327  3343 22142 I artd    : GetBestInfo: /data/user_de/0/com.google.android.gms/app_chimera/m/0000000f/dl-MlkitOcrCommon.optional_253434100800.apk has no usable artifacts
03-31 05:47:37.346  3343 22142 I artd    : GetBestInfo: /data/user_de/0/com.google.android.gms/app_chimera/m/00000010/dl-VisionOcr.optional_261133100000.apk has no usable artifacts
03-31 05:47:37.371  3343 22142 I artd    : GetBestInfo: vdex next to the dex file (/data/user/0/com.google.android.gms/app_dg_cache/BB2AE5A47BB198AF36C19CFD2B6407061A1BAF30/oat/x86_64/the.vdex) is kOatUpToDate with filter 'verify' executable 'false'
03-31 05:47:37.383 10283 10365 I Finsky  : [61] Component class com.google.android.finsky.wearsupport.WearSupportService disabled via PackageManager.
03-31 05:47:37.383  3343 22142 I artd    : GetBestInfo: /data/user_de/0/com.google.android.gms/app_chimera/m/00000007/MeasurementDynamite.apk has no usable artifacts
03-31 05:47:37.393 10283 10545 I Finsky  : [101] SM: There are no stale sessions to be pruned
03-31 05:47:37.395 10253 10258 W gle.android.gms: Suspending all threads took: 10.104ms
03-31 05:47:37.408 10283 10283 I Finsky  : [2] Connecting InstallListener to SplitInstallService broadcaster...
03-31 05:47:37.410 10283 10365 I Finsky  : [61] Component class com.google.android.finsky.wearsupport.WearChangeListenerService disabled via PackageManager.
03-31 05:47:37.435  1636  1636 D b/417220811: invalidateLoadedTasks - previous requestLoadId: -1
03-31 05:47:37.515   815  2303 W libbinder.Binder: Binder transaction to android.content.pm.IPackageManager code 1598311760 took 1747ms. Data bytes: 80 Reply bytes: 4 Flags: 16
03-31 05:47:37.548 10283 10287 W android.vending: Suspending all threads took: 5.565ms
03-31 05:47:37.610  1337  1429 V WindowManagerShell: Transition animation finished (aborted=false), notifying core (#183) android.os.BinderProxy@9fe1bd6@0
03-31 05:47:37.675  1636  1636 D VRI[NexusLauncherActivity]: visibilityChanged oldVisibility=true newVisibility=false
03-31 05:47:37.681  1337  1627 D WallpaperService: onVisibilityChanged(false): com.android.systemui.wallpapers.ImageWallpaper$CanvasEngine@b85e592
03-31 05:47:37.699  1636  1636 D NexusLauncherModelDelegate: notifySmartspaceEvent: SmartspaceTargetEvent{mSmartspaceTarget=null, mSmartspaceActionId='null', mEventType=7}
03-31 05:47:37.701   815   835 V WindowManager: Finish Transition (#183): created at 03-31 05:47:35.827 collect-started=0.189ms request-sent=91.789ms started=155.035ms ready=960.851ms sent=1063.208ms commit=358.618ms finished=1837.879ms
03-31 05:47:37.703  1337  1429 V WindowManagerShell: Track 0 became idle
03-31 05:47:37.703  1337  1429 V WindowManagerShell: All active transition animations finished
03-31 05:47:37.734  1337  1429 D Bubbles : onLocusVisibilityChanged=Overview|DISABLED visible=false taskId=1
03-31 05:47:37.767  8555  8555 D BoundBrokerSvc: onRebind: Intent { act=com.google.android.gms.common.telemetry.service.START dat=chimera-action:/... xflg=0x4 cmp=com.google.android.gms/.chimera.PersistentApiService }
03-31 05:47:37.805 10283 10354 I Finsky  : [51] Triggered update for experiment package com.google.android.finsky.stable.
03-31 05:47:37.906  8555  8555 D BoundBrokerSvc: onRebind: Intent { act=com.google.android.gms.auth.aang.events.services.START dat=chimera-action:/... xflg=0x4 cmp=com.google.android.gms/.chimera.PersistentApiService }
03-31 05:47:37.947 10507 10507 I com.weejobs.app: Using CollectorTypeCMC GC.
03-31 05:47:37.966 10507 10507 W com.weejobs.app: Unexpected CPU variant for x86: x86_64.
03-31 05:47:37.966 10507 10507 W com.weejobs.app: Known variants: atom, sandybridge, silvermont, goldmont, goldmont-plus, goldmont-without-sha-xsaves, tremont, kabylake, alderlake, default
03-31 05:47:38.031 10283 10369 I Phlogger: Unable to retrieve flag snapshot for com.google.android.gms.phenotype, using defaults.
03-31 05:47:38.120  1634  1672 I adbd    : jdwp connection from 10507
03-31 05:47:38.151 10507 10507 D nativeloader: Load libframework-connectivity-tiramisu-jni.so using APEX ns com_android_tethering for caller /apex/com.android.tethering/javalib/framework-connectivity-t.jar: ok
03-31 05:47:38.327 10283 10354 I Finsky  : [51] Already at the latest configurations for experiment package com.google.android.finsky.stable.
03-31 05:47:38.328 10283 10354 I Finsky  : [51] Triggered update for experiment package com.google.android.finsky.regular.
03-31 05:47:38.374   815  1292 D BackgroundInstallControlService: Package event received: 0
03-31 05:47:38.411 10283 10354 I Finsky  : [51] Already at the latest configurations for experiment package com.google.android.finsky.regular.
03-31 05:47:38.418   815   952 D ActivityManager: freezing 10283 com.android.vending
03-31 05:47:38.793 10507 10507 D ApplicationLoaders: Returning zygote-cached class loader: /system/framework/org.apache.http.legacy.jar
03-31 05:47:38.794 10507 10507 D ApplicationLoaders: Returning zygote-cached class loader: /system_ext/framework/androidx.window.extensions.jar
03-31 05:47:38.794 10507 10507 D ApplicationLoaders: Returning zygote-cached class loader: /system_ext/framework/androidx.window.sidecar.jar
03-31 05:47:39.096 10253 10340 W libbinder.IPCThreadState: Sending oneway calls to frozen process.
03-31 05:47:39.296   815   952 D ActivityManager: freezing 10368 com.android.vending:background
03-31 05:47:39.321   815  1247 D InetDiagMessage: Destroyed 0 sockets, proto=IPPROTO_TCP, family=AF_INET, states=14
03-31 05:47:39.339   815  1247 D InetDiagMessage: Destroyed 2 sockets, proto=IPPROTO_TCP, family=AF_INET6, states=14
03-31 05:47:39.340   815  1247 D InetDiagMessage: Destroyed live tcp sockets for uids={10153} in 25ms
03-31 05:47:39.455   815  3550 E TaskPersister: File error accessing recents directory (directory doesn't exist?).
03-31 05:47:39.713   815  1239 I HalDevMgr: bestIfaceCreationProposal is null, requestIface=STA, existingIface=[name=wlan0 type=STA]
03-31 05:47:40.788  8555  8555 D BoundBrokerSvc: onUnbind: Intent { act=com.google.android.gms.libs.gmscorelogger.service.START dat=chimera-action:/... xflg=0x4 cmp=com.google.android.gms/.chimera.PersistentDirectBootAwareApiService }
03-31 05:47:41.075 10507 10507 D nativeloader: Configuring clns-9 for other apk /data/app/~~o3tG7dhm4VQkbQAqTfmYXA==/com.weejobs.app-ATvSs-CXhXIW_mrZf9cKWw==/base.apk. target_sdk_version=36, uses_libraries=, library_path=/data/app/~~o3tG7dhm4VQkbQAqTfmYXA==/com.weejobs.app-ATvSs-CXhXIW_mrZf9cKWw==/lib/x86_64:/data/app/~~o3tG7dhm4VQkbQAqTfmYXA==/com.weejobs.app-ATvSs-CXhXIW_mrZf9cKWw==/base.apk!/lib/x86_64, permitted_path=/data:/mnt/expand:/data/user/0/com.weejobs.app
03-31 05:47:41.382 10507 10507 V GraphicsEnvironment: Currently set values for:
03-31 05:47:41.383 10507 10507 V GraphicsEnvironment:   angle_gl_driver_selection_pkgs=[]
03-31 05:47:41.383 10507 10507 V GraphicsEnvironment:   angle_gl_driver_selection_values=[]
03-31 05:47:41.383 10507 10507 V GraphicsEnvironment: com.weejobs.app is not listed in per-application setting
03-31 05:47:41.384 10507 10507 V GraphicsEnvironment: ANGLE allowlist from config: com.dreamgames.royalmatch com.dts.freefiremax com.dxx.firenow com.gramgames.mergedragons com.ludo.king com.mojang.minecraftpe com.my.defense com.nintendo.zaka com.os.airforce com.playrix.fishdomdd.gplay io.teslatech.callbreak jp.konami.prospia net.peakgames.toonblast
03-31 05:47:41.384 10507 10507 V GraphicsEnvironment: No special selections for ANGLE, returning default driver choice
03-31 05:47:41.384 10507 10507 V GraphicsEnvironment: Neither updatable production driver nor prerelease driver is supported.
03-31 05:47:41.766   815  1247 D InetDiagMessage: Destroyed 0 sockets, proto=IPPROTO_TCP, family=AF_INET, states=14
03-31 05:47:41.767   815  1247 D InetDiagMessage: Destroyed 0 sockets, proto=IPPROTO_TCP, family=AF_INET6, states=14
03-31 05:47:41.767   815  1247 D InetDiagMessage: Destroyed live tcp sockets for uids={10159} in 2ms
03-31 05:47:41.772   815  1247 D InetDiagMessage: Destroyed 0 sockets, proto=IPPROTO_TCP, family=AF_INET, states=14
03-31 05:47:41.776   815  1247 D InetDiagMessage: Destroyed 0 sockets, proto=IPPROTO_TCP, family=AF_INET6, states=14
03-31 05:47:41.784   815  1247 D InetDiagMessage: Destroyed live tcp sockets for uids={20159} in 5ms
03-31 05:47:42.034 10241 10247 W ndroid.keychain: userfaultfd: MOVE ioctl seems unsupported: Connection timed out
03-31 05:47:42.164   815  1247 D InetDiagMessage: Destroyed 0 sockets, proto=IPPROTO_TCP, family=AF_INET, states=14
03-31 05:47:42.166   815  1247 D InetDiagMessage: Destroyed 0 sockets, proto=IPPROTO_TCP, family=AF_INET6, states=14
03-31 05:47:42.166   815  1247 D InetDiagMessage: Destroyed live tcp sockets for uids={10157} in 18ms
03-31 05:47:42.174   815  1247 D InetDiagMessage: Destroyed 0 sockets, proto=IPPROTO_TCP, family=AF_INET, states=14
03-31 05:47:42.175   815  1247 D InetDiagMessage: Destroyed 0 sockets, proto=IPPROTO_TCP, family=AF_INET6, states=14
03-31 05:47:42.175   815  1247 D InetDiagMessage: Destroyed live tcp sockets for uids={20157} in 8ms
03-31 05:47:42.439 10507 10507 W SoLoader: Initializing SoLoader: 0
03-31 05:47:42.474 10507 10507 W SoLoader: Recording new base apk path: /data/app/~~o3tG7dhm4VQkbQAqTfmYXA==/com.weejobs.app-ATvSs-CXhXIW_mrZf9cKWw==/base.apk
03-31 05:47:42.474 10507 10507 W SoLoader: Previously recorded 0 base apk paths.
03-31 05:47:42.488 10507 10507 I SoLoader: Preparing SO source: DirectorySoSource[root = /vendor/lib64 flags = 2]
03-31 05:47:42.490 10507 10507 I SoLoader: Preparing SO source: DirectorySoSource[root = /system/lib64 flags = 2]
03-31 05:47:42.490 10507 10507 I SoLoader: Preparing SO source: DirectApkSoSource[root = [/data/app/~~o3tG7dhm4VQkbQAqTfmYXA==/com.weejobs.app-ATvSs-CXhXIW_mrZf9cKWw==/base.apk!/lib/x86_64]]
03-31 05:47:42.756   815  1239 I HalDevMgr: bestIfaceCreationProposal is null, requestIface=STA, existingIface=[name=wlan0 type=STA]
03-31 05:47:42.770 10507 10507 I SoLoader: Preparing SO source: ApplicationSoSource[DirectorySoSource[root = /data/app/~~o3tG7dhm4VQkbQAqTfmYXA==/com.weejobs.app-ATvSs-CXhXIW_mrZf9cKWw==/lib/x86_64 flags = 0]]
03-31 05:47:42.771 10507 10507 I SoLoader: init finish: 4 SO sources prepared
03-31 05:47:42.774 10507 10507 W SoLoader: SoLoader initialized: 8
03-31 05:47:42.780  8555  8555 D BoundBrokerSvc: onUnbind: Intent { act=com.google.android.gms.common.telemetry.service.START dat=chimera-action:/... xflg=0x4 cmp=com.google.android.gms/.chimera.PersistentApiService }
03-31 05:47:42.933 10253 10253 D BoundBrokerSvc: onUnbind: Intent { act=com.google.android.gms.feedback.internal.IFeedbackService dat=chimera-action:/... xflg=0x4 cmp=com.google.android.gms/.chimera.GmsBoundBrokerService }
03-31 05:47:43.305 10507 10507 D nativeloader: Load /data/app/~~o3tG7dhm4VQkbQAqTfmYXA==/com.weejobs.app-ATvSs-CXhXIW_mrZf9cKWw==/base.apk!/lib/x86_64/libc++_shared.so using class loader ns clns-9 (caller=/data/app/~~o3tG7dhm4VQkbQAqTfmYXA==/com.weejobs.app-ATvSs-CXhXIW_mrZf9cKWw==/base.apk!classes21.dex): ok
03-31 05:47:43.548 10507 10507 D nativeloader: Load /data/app/~~o3tG7dhm4VQkbQAqTfmYXA==/com.weejobs.app-ATvSs-CXhXIW_mrZf9cKWw==/base.apk!/lib/x86_64/libjsi.so using class loader ns clns-9 (caller=/data/app/~~o3tG7dhm4VQkbQAqTfmYXA==/com.weejobs.app-ATvSs-CXhXIW_mrZf9cKWw==/base.apk!classes21.dex): ok
03-31 05:47:43.601 10507 10507 D nativeloader: Load /data/app/~~o3tG7dhm4VQkbQAqTfmYXA==/com.weejobs.app-ATvSs-CXhXIW_mrZf9cKWw==/base.apk!/lib/x86_64/libfbjni.so using class loader ns clns-9 (caller=/data/app/~~o3tG7dhm4VQkbQAqTfmYXA==/com.weejobs.app-ATvSs-CXhXIW_mrZf9cKWw==/base.apk!classes21.dex): ok
03-31 05:47:43.664   815  1247 D ConnectivityService: handleLingerComplete for [101 CELLULAR]
03-31 05:47:43.665   815  1247 I ConnectivityService: Update capabilities for net 101 : -FOREGROUND
03-31 05:47:43.671   815  1247 D InetDiagMessage: Destroyed 0 sockets, proto=IPPROTO_TCP, family=AF_INET, states=14
03-31 05:47:43.672   815  1247 D InetDiagMessage: Destroyed 0 sockets, proto=IPPROTO_TCP, family=AF_INET6, states=14
03-31 05:47:43.672   815  1247 D InetDiagMessage: Destroyed live tcp sockets for lacking permission for netId:101 and permission:1 in 7ms
03-31 05:47:43.686   815  1247 D InetDiagMessage: Destroyed 0 sockets, proto=IPPROTO_TCP, family=AF_INET, states=14
03-31 05:47:43.687   815  1247 D InetDiagMessage: Destroyed 0 sockets, proto=IPPROTO_TCP, family=AF_INET6, states=14
03-31 05:47:43.687   815  1247 D InetDiagMessage: Destroyed live tcp sockets for lacking permission for netId:101 and permission:1 in 1ms
03-31 05:47:43.818 10507 10507 D nativeloader: Load /data/app/~~o3tG7dhm4VQkbQAqTfmYXA==/com.weejobs.app-ATvSs-CXhXIW_mrZf9cKWw==/base.apk!/lib/x86_64/libreactnative.so using class loader ns clns-9 (caller=/data/app/~~o3tG7dhm4VQkbQAqTfmYXA==/com.weejobs.app-ATvSs-CXhXIW_mrZf9cKWw==/base.apk!classes21.dex): ok
03-31 05:47:43.828 10507 10507 D jni_lib_merge: Entering merged library JNI_OnLoad.
03-31 05:47:43.828 10507 10507 D jni_lib_merge: Preparing 12 pre-merged libs (including stub)
03-31 05:47:43.828 10507 10507 D jni_lib_merge: Preparing to register libfabricjni_so.  onload_func: 0x76f54fac35d0
03-31 05:47:43.828 10507 10507 D jni_lib_merge: Preparing to register libreact_devsupportjni_so.  onload_func: 0x76f54fcdc660
03-31 05:47:43.828 10507 10507 D jni_lib_merge: Preparing to register libreact_featureflagsjni_so.  onload_func: 0x76f54fcee530
03-31 05:47:43.828 10507 10507 D jni_lib_merge: Preparing to register libreact_newarchdefaults_so.  onload_func: 0x76f54fd89b10
03-31 05:47:43.829 10507 10507 D jni_lib_merge: Preparing to register libreactnativeblob_so.  onload_func: 0x76f54ff966c0
03-31 05:47:43.829 10507 10507 D jni_lib_merge: Preparing to register libreactnativejni_so.  onload_func: 0x76f54ffd22d0
03-31 05:47:43.829 10507 10507 D jni_lib_merge: Preparing to register libreactnativejni_common_so.  onload_func: 0x76f54ffd7cd0
03-31 05:47:43.829 10507 10507 D jni_lib_merge: Preparing to register librninstance_so.  onload_func: 0x76f550021fe0
03-31 05:47:43.829 10507 10507 D jni_lib_merge: Preparing to register libturbomodulejsijni_so.  onload_func: 0x76f550183f40
03-31 05:47:43.829 10507 10507 D jni_lib_merge: Preparing to register libuimanagerjni_so.  onload_func: 0x76f55019aa30
03-31 05:47:43.829 10507 10507 D jni_lib_merge: Preparing to register libyoga_so.  onload_func: 0x76f5501a99c0
03-31 05:47:43.829 10507 10507 D jni_lib_merge: About to register 11 actual methods.
03-31 05:47:43.913   577 10179 W resolv  : SSL_connect write error 0, mark 0xf0068: Try again
03-31 05:47:43.915   577 10179 W resolv  : TLS Handshake failed
03-31 05:47:43.916   577 10179 W resolv  : query failed
03-31 05:47:43.917   577 10179 W resolv  : validateDnsTlsServer returned 0 for {10.0.2.3/}
03-31 05:47:43.921   577 10179 W resolv  : Validation failed
03-31 05:47:43.961 10507 10507 D nativeloader: Load /data/app/~~o3tG7dhm4VQkbQAqTfmYXA==/com.weejobs.app-ATvSs-CXhXIW_mrZf9cKWw==/base.apk!/lib/x86_64/libreact_codegen_rnscreens.so using class loader ns clns-9 (caller=/data/app/~~o3tG7dhm4VQkbQAqTfmYXA==/com.weejobs.app-ATvSs-CXhXIW_mrZf9cKWw==/base.apk!classes21.dex): ok
03-31 05:47:43.963 10507 10507 D jni_lib_merge: Entering merged library JNI_OnLoad.
03-31 05:47:43.963 10507 10507 D jni_lib_merge: Preparing 12 pre-merged libs (including stub)
03-31 05:47:43.963 10507 10507 D jni_lib_merge: Preparing to register libfabricjni_so.  onload_func: 0x76f54fac35d0
03-31 05:47:43.963 10507 10507 D jni_lib_merge: Preparing to register libreact_devsupportjni_so.  onload_func: 0x76f54fcdc660
03-31 05:47:43.963 10507 10507 D jni_lib_merge: Preparing to register libreact_featureflagsjni_so.  onload_func: 0x76f54fcee530
03-31 05:47:43.963 10507 10507 D jni_lib_merge: Preparing to register libreact_newarchdefaults_so.  onload_func: 0x76f54fd89b10
03-31 05:47:43.963 10507 10507 D jni_lib_merge: Preparing to register libreactnativeblob_so.  onload_func: 0x76f54ff966c0
03-31 05:47:43.964 10507 10507 D jni_lib_merge: Preparing to register libreactnativejni_so.  onload_func: 0x76f54ffd22d0
03-31 05:47:43.964 10507 10507 D jni_lib_merge: Preparing to register libreactnativejni_common_so.  onload_func: 0x76f54ffd7cd0
03-31 05:47:43.964 10507 10507 D jni_lib_merge: Preparing to register librninstance_so.  onload_func: 0x76f550021fe0
03-31 05:47:43.964 10507 10507 D jni_lib_merge: Preparing to register libturbomodulejsijni_so.  onload_func: 0x76f550183f40
03-31 05:47:43.964 10507 10507 D jni_lib_merge: Preparing to register libuimanagerjni_so.  onload_func: 0x76f55019aa30
03-31 05:47:43.964 10507 10507 D jni_lib_merge: Preparing to register libyoga_so.  onload_func: 0x76f5501a99c0
03-31 05:47:43.964 10507 10507 D jni_lib_merge: About to register 11 actual methods.
03-31 05:47:43.991 10507 10507 D nativeloader: Load /data/app/~~o3tG7dhm4VQkbQAqTfmYXA==/com.weejobs.app-ATvSs-CXhXIW_mrZf9cKWw==/base.apk!/lib/x86_64/libreact_codegen_safeareacontext.so using class loader ns clns-9 (caller=/data/app/~~o3tG7dhm4VQkbQAqTfmYXA==/com.weejobs.app-ATvSs-CXhXIW_mrZf9cKWw==/base.apk!classes21.dex): ok
03-31 05:47:44.038 10507 10507 D nativeloader: Load /data/app/~~o3tG7dhm4VQkbQAqTfmYXA==/com.weejobs.app-ATvSs-CXhXIW_mrZf9cKWw==/base.apk!/lib/x86_64/libappmodules.so using class loader ns clns-9 (caller=/data/app/~~o3tG7dhm4VQkbQAqTfmYXA==/com.weejobs.app-ATvSs-CXhXIW_mrZf9cKWw==/base.apk!classes21.dex): ok
03-31 05:47:44.727 10507 10507 I Choreographer: Skipped 163 frames!  The application may be doing too much work on its main thread.
03-31 05:47:44.736   815  1292 D BackgroundInstallControlService: Package event received: 0
03-31 05:47:44.736   815  1292 D BackgroundInstallControlService: Package event received: 0
03-31 05:47:44.754 10507 10564 I DisplayManager: Choreographer implicitly registered for the refresh rate.
03-31 05:47:44.995   815   952 D ActivityManager: freezing 10219 com.google.android.permissioncontroller
03-31 05:47:45.009   815  1247 D InetDiagMessage: Destroyed 0 sockets, proto=IPPROTO_TCP, family=AF_INET, states=14
03-31 05:47:45.011   815  1247 D InetDiagMessage: Destroyed 0 sockets, proto=IPPROTO_TCP, family=AF_INET6, states=14
03-31 05:47:45.011   815  1247 D InetDiagMessage: Destroyed live tcp sockets for uids={10219} in 4ms
