--------- beginning of main
03-31 01:16:35.528 W/libbinder.Binder(  815): Binder transaction to android.app.IActivityManager code 71 took 1034ms. Data bytes: 1008 Reply bytes: 32 Flags: 16
--------- beginning of system
03-31 01:16:35.726 W/Looper  (  815): Slow dispatch took 314ms main app=system_server main=true group=FOREGROUND h=com.android.server.notification.NotificationManagerService$WorkerHandler c=com.android.server.notification.NotificationManagerService$15@9623d42 m=0
03-31 01:16:35.796 E/RoleControllerServiceImpl(  815): Default/fallback role holder package doesn't qualify for the role, package: com.google.android.gms, role: android.app.role.WALLET, user: 0
03-31 01:16:36.575 W/AlarmManager(  815): Package com.weejobs.app, uid 10227 lost permission to set exact alarms!
03-31 01:16:36.576 W/Looper  (  815): Slow dispatch took 588ms main app=system_server main=true group=FOREGROUND h=com.android.server.alarm.AlarmManagerService$AlarmHandler c=null m=13
03-31 01:16:36.963 W/id.partnersetup(29240): Suspending all threads took: 60.529ms
03-31 01:16:37.060 I/id.partnersetup(29240): WaitForGcToComplete blocked DeletingDexCacheArrays on AddRemoveAppImageSpace for 98.543ms
03-31 01:16:37.500 W/Looper  ( 1337): Slow dispatch took 2093ms SysUiBg app=com.android.systemui main=false group=FOREGROUND h=android.os.Handler c=android.telephony.TelephonyCallback$IPhoneStateListenerStub$$ExternalSyntheticLambda52@b4d05a4 m=0
03-31 01:16:37.622 W/ActivityTaskManager(  815): callingPackage for (uid=2000, pid=29274) has no WPC
03-31 01:16:37.781 V/WindowManager(  815): DesktopModeLaunchParamsModifier: phase= 0 task=null activity=null display-area-from-current-params=null display-area-from-default-fallback=DefaultTaskDisplayArea@146451114 display-id=0 task-display-area-windowing-mode=1 suggested-display-area=DefaultTaskDisplayArea@146451114 task null, skipping
03-31 01:16:37.792 I/Fitness ( 8555): (REDACTED) FitCleanupIntentOperation received Intent %s
03-31 01:16:37.829 V/WindowManager(  815): TaskLaunchParamsModifier:phase=0 task=null activity=null display-area-from-current-params=null display-area-from-default-fallback=DefaultTaskDisplayArea@146451114 display-id=0 task-display-area-windowing-mode=1 suggested-display-area=DefaultTaskDisplayArea@146451114
03-31 01:16:37.944 D/nativeloader(29240): InitLlndkLibrariesProduct: libEGL.so:libGLESv1_CM.so:libGLESv2.so:libGLESv3.so:libRS.so:libandroid_net.so:libapexsupport.so:libavf.so:libbinder_ndk.so:libc.so:libcgrouprc.so:libclang_rt.asan-x86_64-android.so:libcom.android.tethering.connectivity_native.so:libdl.so:libft2.so:liblog.so:libm.so:libmediandk.so:libnativewindow.so:libneuralnetworks.so:libselinux.so:libsync.so:libvendorsupport.so:libvndksupport.so:libvulkan.so
03-31 01:16:37.945 D/nativeloader(29240): Configuring product-clns-9 for unbundled product apk /product/priv-app/PartnerSetupPrebuilt/PartnerSetupPrebuilt.apk. target_sdk_version=36, uses_libraries=, library_path=/product/priv-app/PartnerSetupPrebuilt/lib/x86_64:/product/lib64:/system/product/lib64, permitted_path=/data:/mnt/expand:/data/user/0/com.google.android.partnersetup:/product/lib64:/system/product/lib64
03-31 01:16:37.990 D/nativeloader(29240): InitVndkspLibrariesProduct: VNDK is deprecated with product
03-31 01:16:38.317 W/system_server(  815): Suspending all threads took: 300.047ms
03-31 01:16:38.685 I/HalDevMgr(  815): bestIfaceCreationProposal is null, requestIface=STA, existingIface=[name=wlan0 type=STA]
03-31 01:16:39.108 W/libbinder.Binder(  815): Binder transaction to android.content.pm.IPackageManager code 39 took 1021ms. Data bytes: 100 Reply bytes: 65740 Flags: 18
03-31 01:16:39.332 V/GrammaticalInflectionUtils(  815): AttributionSource: android.content.AttributionSource@a8b12c4b does not have READ_SYSTEM_GRAMMATICAL_GENDER permission.
03-31 01:16:39.388 V/WindowManager(  815): DesktopModeLaunchParamsModifier: phase= 0 task=null activity=ActivityRecord{88523151 u0 com.weejobs.app/.MainActivity display-area-from-current-params=null display-area-from-default-fallback=DefaultTaskDisplayArea@146451114 display-id=0 task-display-area-windowing-mode=1 suggested-display-area=DefaultTaskDisplayArea@146451114 task null, skipping
03-31 01:16:39.391 V/WindowManager(  815): TaskLaunchParamsModifier:phase=0 task=null activity=ActivityRecord{88523151 u0 com.weejobs.app/.MainActivity t-1} display-area-from-current-params=null display-area-from-default-fallback=DefaultTaskDisplayArea@146451114 display-id=0 task-display-area-windowing-mode=1 suggested-display-area=DefaultTaskDisplayArea@146451114
03-31 01:16:39.392 V/WindowManager(  815): DesktopModeLaunchParamsModifier: phase= 3 task=null activity=ActivityRecord{88523151 u0 com.weejobs.app/.MainActivity t-1} display-area-from-current-params=null display-area-from-default-fallback=DefaultTaskDisplayArea@146451114 display-id=0 task-display-area-windowing-mode=1 suggested-display-area=DefaultTaskDisplayArea@146451114 task null, skipping
03-31 01:16:39.393 V/WindowManager(  815): TaskLaunchParamsModifier:phase=3 task=null activity=ActivityRecord{88523151 u0 com.weejobs.app/.MainActivity t-1} display-area-from-current-params=null display-area-from-default-fallback=DefaultTaskDisplayArea@146451114 display-id=0 task-display-area-windowing-mode=1 suggested-display-area=DefaultTaskDisplayArea@146451114 non-freeform-task-display-area display-area=DefaultTaskDisplayArea@146451114 skip-bounds-fullscreen
03-31 01:16:39.444 V/WindowManager(  815): DesktopModeLaunchParamsModifier: phase= 3 task=Task{1b42c1c #77 type=standard A=10227:com.weejobs.app} activity=ActivityRecord{88523151 u0 com.weejobs.app/.MainActivity t-1} display-from-task=0 display-id=0 task-display-area-windowing-mode=1 suggested-display-area=DefaultTaskDisplayArea@146451114 not entering desktop mode, skipping
03-31 01:16:39.448 V/WindowManager(  815): TaskLaunchParamsModifier:phase=3 task=Task{1b42c1c #77 type=standard A=10227:com.weejobs.app} activity=ActivityRecord{88523151 u0 com.weejobs.app/.MainActivity t-1} display-from-task=0 display-id=0 task-display-area-windowing-mode=1 suggested-display-area=DefaultTaskDisplayArea@146451114 inherit-from-task=fullscreen non-freeform-task-display-area display-area=DefaultTaskDisplayArea@146451114 skip-bounds-fullscreen
03-31 01:16:39.551 I/libbinder.BpBinder(  651): onLastStrongRef automatically unlinking death recipients for descriptor: '(not cached)'
03-31 01:16:39.711 I/ActivityTaskManager(  815): START u0 {flg=0x10000000 xflg=0x5 cmp=com.weejobs.app/.MainActivity} with LAUNCH_SINGLE_TASK from uid 2000 (com.android.shell) (BAL_ALLOW_PERMISSION) result code=0
03-31 01:16:39.725 V/WindowManagerShell( 1337): Transition requested (#169): android.os.BinderProxy@5a00ec2 TransitionRequestInfo { type = OPEN, triggerTask = TaskInfo{userId=0 taskId=77 effectiveUid=10227 displayId=0 isRunning=true baseIntent=Intent { flg=0x10000000 cmp=com.weejobs.app/.MainActivity } baseActivity=ComponentInfo{com.weejobs.app/com.weejobs.app.MainActivity} topActivity=ComponentInfo{com.weejobs.app/com.weejobs.app.MainActivity} origActivity=null realActivity=ComponentInfo{com.weejobs.app/com.weejobs.app.MainActivity} numActivities=1 lastActiveTime=45148291 supportsMultiWindow=true resizeMode=1 isResizeable=true minWidth=-1 minHeight=-1 defaultMinSize=220 token=WCT{android.os.BinderProxy@5b194d3} topActivityType=1 pictureInPictureParams=null shouldDockBigOverlays=false launchIntoPipHostTaskId=-1 lastParentTaskIdBeforePip=-1 displayCutoutSafeInsets=Rect(0, 0 - 0, 0) topActivityInfo=ActivityInfo{626d810 com.weejobs.app.MainActivity} launchCookies=[] positionInParent=Point(0, 0) parentTaskId=-1 isFocused=false isVisible=false isVisibleRequested=false isTopActivityNoDisplay=false isSleeping=false locusId=null displayAreaFeatureId=1 isTopActivityTransparent=false isActivityStackTransparent=false lastNonFullscreenBounds=null capturedLink=null capturedLinkTimestamp=0 requestedVisibleTypes=503 topActivityRequestOpenInBrowserEducationTimestamp=0 appCompatTaskInfo=AppCompatTaskInfo { topActivityInSizeCompat=false isLeafTask= true eligibleForLetterboxEducation= false isLetterboxEducationEnabled= true isLetterboxDoubleTapEnabled= false eligibleForUserAspectRatioButton= false topActivityBoundsLetterboxed= false isFromLetterboxDoubleTap= false topActivityLetterboxVerticalPosition= -1 topActivityLetterboxHorizontalPosition= -1 topActivityLetterboxWidth=-1 topActivityLetterboxHeight=-1 topActivityAppBounds=Rect(0, 0 - 1080, 2400) isUserFullscreenOverrideEnabled=false isSystemFullscreenOverrideEnabled=false hasMinAspectRatioOverride=false topActivityLetterboxBounds=null cameraCompatTaskInfo=CameraCompatTaskInfo { cameraCompatMode=undefinedundefined} topNonResizableActivityAspectRatio=-1.0} topActivityMainWindowFrame=null isAppBubble=false}, pipChange = null, remoteTransition = null, displayChange = null, requestedLocation = null, userChange = null, windowingLayerChange = null, flags = 0, debugId = 169 }
03-31 01:16:39.730 D/ShellSplitScreen( 1337): logExit: no-op, mLoggerSessionId is null
03-31 01:16:39.731 V/ShellDesktopMode( 1337): DesktopTasksController: handleRequest request=TransitionRequestInfo { type = OPEN, triggerTask = TaskInfo{userId=0 taskId=77 effectiveUid=10227 displayId=0 isRunning=true baseIntent=Intent { flg=0x10000000 cmp=com.weejobs.app/.MainActivity } baseActivity=ComponentInfo{com.weejobs.app/com.weejobs.app.MainActivity} topActivity=ComponentInfo{com.weejobs.app/com.weejobs.app.MainActivity} origActivity=null realActivity=ComponentInfo{com.weejobs.app/com.weejobs.app.MainActivity} numActivities=1 lastActiveTime=45148291 supportsMultiWindow=true resizeMode=1 isResizeable=true minWidth=-1 minHeight=-1 defaultMinSize=220 token=WCT{android.os.BinderProxy@5b194d3} topActivityType=1 pictureInPictureParams=null shouldDockBigOverlays=false launchIntoPipHostTaskId=-1 lastParentTaskIdBeforePip=-1 displayCutoutSafeInsets=Rect(0, 0 - 0, 0) topActivityInfo=ActivityInfo{626d810 com.weejobs.app.MainActivity} launchCookies=[] positionInParent=Point(0, 0) parentTaskId=-1 isFocused=false isVisible=false isVisibleRequested=false isTopActivityNoDisplay=false isSleeping=false locusId=null displayAreaFeatureId=1 isTopActivityTransparent=false isActivityStackTransparent=false lastNonFullscreenBounds=null capturedLink=null capturedLinkTimestamp=0 requestedVisibleTypes=503 topActivityRequestOpenInBrowserEducationTimestamp=0 appCompatTaskInfo=AppCompatTaskInfo { topActivityInSizeCompat=false isLeafTask= true eligibleForLetterboxEducation= false isLetterboxEducationEnabled= true isLetterboxDoubleTapEnabled= false eligibleForUserAspectRatioButton= false topActivityBoundsLetterboxed= false isFromLetterboxDoubleTap= false topActivityLetterboxVerticalPosition= -1 topActivityLetterboxHorizontalPosition= -1 topActivityLetterboxWidth=-1 topActivityLetterboxHeight=-1 topActivityAppBounds=Rect(0, 0 - 1080, 2400) isUserFullscreenOverrideEnabled=false isSystemFullscreenOverrideEnabled=false hasMinAspectRatioOverride=false topActivityLetterboxBounds=null cameraCompatTaskInfo=CameraCompatTaskInfo { cameraCompatMode=undefinedundefined} topNonResizableActivityAspectRatio=-1.0} topActivityMainWindowFrame=null isAppBubble=false}, pipChange = null, remoteTransition = null, displayChange = null, requestedLocation = null, userChange = null, windowingLayerChange = null, flags = 0, debugId = 169 }
03-31 01:16:39.731 V/ShellDesktopMode( 1337): DesktopTasksController: skipping handleRequest reason=triggerTask's display doesn't support desktop mode
03-31 01:16:39.732 W/.apps.wellbeing(24277): Suspending all threads took: 49.356ms
03-31 01:16:39.761 I/Finsky  (27088): [2] SCH: Received scheduling request: Id: 12-1, Constraints: [{ L: 15000, D: 86400000, C: CHARGING_NONE, I: IDLE_NONE, N: NET_ANY, B: BATTERY_ANY }]
03-31 01:16:39.863 V/GraphicsEnvironment(29240): Currently set values for:
03-31 01:16:39.863 V/GraphicsEnvironment(29240):   angle_gl_driver_selection_pkgs=[]
03-31 01:16:39.863 V/GraphicsEnvironment(29240):   angle_gl_driver_selection_values=[]
03-31 01:16:39.865 V/GraphicsEnvironment(29240): com.google.android.partnersetup is not listed in per-application setting
03-31 01:16:39.984 V/GraphicsEnvironment(29240): ANGLE allowlist from config: com.dreamgames.royalmatch com.dts.freefiremax com.dxx.firenow com.gramgames.mergedragons com.ludo.king com.mojang.minecraftpe com.my.defense com.nintendo.zaka com.os.airforce com.playrix.fishdomdd.gplay io.teslatech.callbreak jp.konami.prospia net.peakgames.toonblast
03-31 01:16:40.039 I/berberis(29237): Initialized Berberis ((null)), version 16.0.0
03-31 01:16:40.160 D/BaseActivity( 1636): Launcher flags updated: [state_started|state_resumed|state_deferred_resumed|state_window_focused] -[state_user_active]
03-31 01:16:40.184 D/BaseActivity( 1636): Launcher flags updated: [state_started|state_window_focused] -[state_resumed|state_deferred_resumed]
03-31 01:16:40.185 W/SplitSelectStateCtor( 1636): Missing session instanceIds
03-31 01:16:40.185 D/StatsLog( 1636): LAUNCHER_SPLIT_SELECTION_EXIT_INTERRUPTED
03-31 01:16:40.461 V/GraphicsEnvironment(29240): No special selections for ANGLE, returning default driver choice
03-31 01:16:40.463 V/GraphicsEnvironment(29240): Neither updatable production driver nor prerelease driver is supported.
03-31 01:16:40.899 D/CompatChangeReporter(  815): Compat change id reported: 377864165; UID 10227; state: ENABLED
03-31 01:16:40.979 W/libbinder.Binder(  815): Binder transaction to android.app.IActivityManager code 71 took 1258ms. Data bytes: 1172 Reply bytes: 32 Flags: 18
03-31 01:16:41.025 W/libbinder.Binder(  815): Binder transaction to android.content.pm.IPackageManager code 30 took 1037ms. Data bytes: 256 Reply bytes: 2808 Flags: 18
03-31 01:16:41.106 I/Bugle   (24895): BroadcastReceiverAsyncWorkTracker: Acknowledging broadcast of crsu@858225
03-31 01:16:41.196 W/libbinder.Binder( 8555): Binder transaction to com.google.android.gms.common.internal.IGmsServiceBroker code 46 took 4725ms. Data bytes: 500 Reply bytes: 4 Flags: 18
03-31 01:16:41.200 W/WellbeingSettingsProvid(24277): <DWB> Call failed: get_actions
03-31 01:16:41.200 W/WellbeingSettingsProvid(24277): java.util.concurrent.TimeoutException: Waited 5000 milliseconds (plus 4 milliseconds, 345700 nanoseconds delay) for ntm@18ec344[status=PENDING, info=[inputFuture=[ntl@3e00c2d[status=PENDING, setFuture=[nss@1e91562[status=PENDING, info=[inputFuture=[ntm@8e26f3[status=PENDING, info=[inputFuture=[ntm@f56cfb0[status=PENDING, info=[inputFuture=[nuh@d5e3e29[status=PENDING, info=[futures=[ntm@4c725ae[status=PENDING, info=[inputFuture=[ntm@8da3f4f[status=PENDING, info=[inputFuture=[nvg@a5136dc[status=PENDING, info=[delegate=[nwm@d7393e5[status=PENDING, setFuture=[ntm@963eeba[status=PENDING, info=[inputFuture=[ntl@25816b[status=PENDING, info=[inputFuture=[nvg@128e4c8[status=PENDING, info=[delegate=[nwm@ece8961[status=PENDING, setFuture=[ntl@dd23c86[status=PENDING, info=[function=[propagating=[egd@698c947]]]]]]]]]], function=[propagating=[dwm@4b8574]]]]], function=[propagating=[dwo@e895a9d]]]]]]]]]], function=[propagating=[dvz@c859b12]]]]], function=[propagating=[fai@c0eb2e3]]]]]]]], function=[propagating=[ewe@b5584e0]]]]], function=[propagating=[dtn@7260399]]]]], exceptionType=[class java.lang.Throwable], fallback=[propagating=[dwo@19e565e]]]]]]], function=[propagating=[dtn@96f9a3f]]]]
03-31 01:16:41.200 W/WellbeingSettingsProvid(24277): 	at ntj.t(PG:370)
03-31 01:16:41.200 W/WellbeingSettingsProvid(24277): 	at ntb.get(PG:2)
03-31 01:16:41.200 W/WellbeingSettingsProvid(24277): 	at nuy.get(PG:2)
03-31 01:16:41.200 W/WellbeingSettingsProvid(24277): 	at com.google.android.apps.wellbeing.api.impl.WellbeingSettingsProvider.i(PG:9)
03-31 01:16:41.200 W/WellbeingSettingsProvid(24277): 	at com.google.android.apps.wellbeing.api.impl.WellbeingSettingsProvider.call(PG:151)
03-31 01:16:41.200 W/WellbeingSettingsProvid(24277): 	at android.content.ContentProvider.call(ContentProvider.java:2746)
03-31 01:16:41.200 W/WellbeingSettingsProvid(24277): 	at android.content.ContentProvider$Transport.call(ContentProvider.java:640)
03-31 01:16:41.200 W/WellbeingSettingsProvid(24277): 	at android.content.ContentProviderNative.onTransact(ContentProviderNative.java:307)
03-31 01:16:41.200 W/WellbeingSettingsProvid(24277): 	at android.os.Binder.execTransactInternal(Binder.java:1473)
03-31 01:16:41.200 W/WellbeingSettingsProvid(24277): 	at android.os.Binder.execTransact(Binder.java:1418)
03-31 01:16:41.206 W/libbinder.Binder(  815): Binder transaction to android.app.IActivityManager code 69 took 1482ms. Data bytes: 116 Reply bytes: 0 Flags: 17
03-31 01:16:41.298 I/Bugle   (24895): BroadcastReceiverAsyncWorkTracker: Acknowledging broadcast of crsu@858225
03-31 01:16:41.354 W/libbinder.Binder(24277): Binder transaction to android.content.IContentProvider code 21 took 12398ms. Data bytes: 472 Reply bytes: 116 Flags: 18
03-31 01:16:41.541 W/Looper  (  815): Slow dispatch took 4941ms main app=system_server main=true group=FOREGROUND h=android.app.ActivityThread$H c=android.app.LoadedApk$ReceiverDispatcher$Args$$ExternalSyntheticLambda0@39cf9a1 m=0
03-31 01:16:41.575 V/WindowManager(  815): Defer transition id=169 for TaskFragmentTransaction=android.os.Binder@16b87c6
03-31 01:16:41.679 V/WindowManager(  815): deferTransitionReady deferReadyDepth=1 stack=com.android.server.wm.TransitionController.deferTransitionReady:1061 com.android.server.wm.TaskFragmentOrganizerController$TaskFragmentOrganizerState.dispatchTransaction:517 com.android.server.wm.TaskFragmentOrganizerController.dispatchPendingEvents:1259 com.android.server.wm.TaskFragmentOrganizerController.dispatchPendingEvents:1228 com.android.server.wm.RootWindowContainer.performSurfacePlacement:777 
03-31 01:16:41.695 W/libbinder.Binder(  815): Binder transaction to android.app.IActivityClientController code 5 took 1485ms. Data bytes: 120 Reply bytes: 4 Flags: 18
03-31 01:16:41.699 D/RecentsView( 1636): onTaskDisplayChanged: 77, new displayId = 0
03-31 01:16:41.699 I/Choreographer( 1636): Skipped 88 frames!  The application may be doing too much work on its main thread.
03-31 01:16:41.700 W/.apps.wellbeing(24277): Reducing the number of considered missed Gc histogram windows from 104 to 100
03-31 01:16:41.783 W/libbinder.Binder(  815): Binder transaction to android.window.IWindowOrganizerController code 4 took 2045ms. Data bytes: 132 Reply bytes: 4 Flags: 18
03-31 01:16:41.784 D/WindowManagerShell( 1337): setLauncherKeepClearAreaHeight: visible=false, height=495
03-31 01:16:41.982 V/GrammaticalInflectionUtils(  815): AttributionSource: android.content.AttributionSource@a8b12c4b does not have READ_SYSTEM_GRAMMATICAL_GENDER permission.
03-31 01:16:41.986 W/ActivityManager(  815): Slow operation: 774ms so far, now at startProcess: done creating new process record
03-31 01:16:41.986 W/ActivityManager(  815): Slow operation: 774ms so far, now at startProcess: stepping in to startProcess
03-31 01:16:41.999 W/Looper  (  815): Slow dispatch took 299ms main app=system_server main=true group=FOREGROUND h=android.app.ActivityThread$H c=android.app.LoadedApk$ReceiverDispatcher$Args$$ExternalSyntheticLambda0@d6a978b m=0
03-31 01:16:42.050 W/ActivityManager(  815): Slow operation: 838ms so far, now at startProcess: done starting proc!
03-31 01:16:42.081 D/BaseActivity( 1636): Launcher flags updated: [state_started] -[state_window_focused]
03-31 01:16:42.083 W/ActivityManager(  815): Slow operation: 96ms so far, now at startProcess: asking zygote to start proc
03-31 01:16:42.089 V/WindowManager(  815): Continue transition id=169 for TaskFragmentTransaction=android.os.Binder@16b87c6
03-31 01:16:42.091 V/WindowManager(  815): continueTransitionReady deferReadyDepth=0 stack=com.android.server.wm.TransitionController.continueTransitionReady:1071 com.android.server.wm.TaskFragmentOrganizerController$TaskFragmentOrganizerState.onTransactionFinished:546 com.android.server.wm.TaskFragmentOrganizerController.onTransactionHandled:740 android.window.ITaskFragmentOrganizerController$Stub.onTransact:225 android.os.Binder.execTransactInternal:1473 
03-31 01:16:42.118 W/libbinder.Binder(  815): Binder transaction to android.app.IActivityManager code 40 took 1471ms. Data bytes: 720 Reply bytes: 180 Flags: 18
03-31 01:16:42.124 D/ShellDesktopMode( 1337): DesktopRepository: Removes freeform task: taskId=76
03-31 01:16:42.125 W/ShellDesktopMode( 1337): DesktopRepository: No display id found for task: taskId=76
03-31 01:16:42.183 D/BackgroundInstallControlService(  815): Package event received: 0
03-31 01:16:42.220 W/ActivityManager(  815): Process ProcessRecord{62fb110 29237:com.google.android.apps.safetyhub/u0a156} failed to attach
03-31 01:16:42.240 W/Looper  (  815): Slow dispatch took 147ms main app=system_server main=true group=FOREGROUND h=com.android.server.notification.NotificationManagerService$WorkerHandler c=null m=8
03-31 01:16:42.241 W/ActivityManager(  815): Forcing bringing down service: ServiceRecord{96231d3 u0 com.google.android.apps.safetyhub/androidx.work.impl.background.systemjob.SystemJobService c:android}
03-31 01:16:42.244 D/CompatChangeReporter(  815): Compat change id reported: 311208629; UID 10156; state: ENABLED
03-31 01:16:42.250 D/b/417220811( 1636): invalidateLoadedTasks - previous requestLoadId: -1
03-31 01:16:42.250 D/b/417220811( 1636): invalidateLoadedTasks - previous requestLoadId: -1
03-31 01:16:42.253 D/WindowOnBackDispatcher( 1337): setTopOnBackInvokedCallback (unwrapped): android.view.ViewRootImpl$$ExternalSyntheticLambda12@eeebe1f
03-31 01:16:42.261 I/ActivityManager(  815): Killing 29237:com.google.android.apps.safetyhub/u0a156 (adj -10000): start timeout
03-31 01:16:42.272 D/CoreBackPreview(  815): Window{b6e8edd u0 Splash Screen com.weejobs.app}: Setting back callback OnBackInvokedCallbackInfo{mCallback=android.window.IOnBackInvokedCallback$Stub$Proxy@e14797b, mPriority=0, mIsAnimationCallback=false, mOverrideBehavior=0}
03-31 01:16:42.279 D/AS.AudioService(  815): received android.intent.action.PACKAGE_REPLACED replacing: true archival: false for package com.weejobs.app with uid 10227
03-31 01:16:42.291 D/AppSearchAppsIndexerManagerS(  815): userid in package receiver: 10227
03-31 01:16:42.357 D/Zygote  (  579): Forked child process 29290
03-31 01:16:42.371 W/libbinder.Binder(  815): Binder transaction to android.app.IActivityManager code 57 took 1332ms. Data bytes: 284 Reply bytes: 8 Flags: 18
03-31 01:16:42.380 I/SQLiteConnection(27164): Long db operation: /data/user/0/com.android.vending/databases/frosting.db
03-31 01:16:42.435 W/ProcessCpuTracker(  815): Failed to stat(/proc/29237): android.system.ErrnoException: stat failed: ENOENT (No such file or directory)
03-31 01:16:42.437 W/Looper  (  815): Slow dispatch took 236ms android.ui app=system_server main=false group=TOP_APP h=com.android.server.am.ActivityManagerService$UiHandler c=com.android.server.am.UidObserverController$$ExternalSyntheticLambda0@b25499f m=0
03-31 01:16:42.443 I/Zygote  (  579): Process 29237 exited due to signal 9 (Killed)
03-31 01:16:42.448 I/HalDevMgr(  815): bestIfaceCreationProposal is null, requestIface=STA, existingIface=[name=wlan0 type=STA]
03-31 01:16:42.472 W/ActivityManager(  815): Slow operation: 376ms so far, now at startProcess: returned from zygote!
03-31 01:16:42.491 I/Finsky  (27088): [2] aiky - Received: android.intent.action.PACKAGE_ADDED, [Gqk4ewQyzs5K3YXFVstm8EkH33a-0A8vDs_YEc4mwgs]
03-31 01:16:42.492 I/libprocessgroup(  815): Removed cgroup /sys/fs/cgroup/apps/uid_10156/pid_29237
03-31 01:16:42.510 W/ProcessCpuTracker(  815): Skipping unknown process pid 29237
03-31 01:16:42.591 W/ActivityManager(  815): Slow operation: 605ms so far, now at startProcess: done updating battery stats
03-31 01:16:42.591 D/b/417220811( 1636): invalidateLoadedTasks - previous requestLoadId: -1
03-31 01:16:42.591 W/ActivityManager(  815): Slow operation: 606ms so far, now at startProcess: building log message
03-31 01:16:42.592 I/ActivityManager(  815): Start proc 29290:com.weejobs.app/u0a227 for next-top-activity {com.weejobs.app/com.weejobs.app.MainActivity}
03-31 01:16:42.592 W/ActivityManager(  815): Slow operation: 606ms so far, now at startProcess: starting to update pids map
03-31 01:16:42.663 I/Zygote  (29290): Process 29290 created for com.weejobs.app
03-31 01:16:42.664 I/com.weejobs.app(29290): Late-enabling -Xcheck:jni
03-31 01:16:43.057 W/ActivityManager(  815): Slow operation: 1071ms so far, now at startProcess: done updating pids map
03-31 01:16:43.092 W/Looper  (  815): Slow delivery took 210ms android.ui app=system_server main=false group=TOP_APP h=com.android.server.am.ActivityManagerService$UiHandler c=com.android.server.am.UidObserverController$$ExternalSyntheticLambda0@b25499f m=0
03-31 01:16:43.092 W/Looper  (  815): Slow dispatch took 654ms android.ui app=system_server main=false group=TOP_APP h=com.android.server.am.ActivityManagerService$UiHandler c=com.android.server.am.UidObserverController$$ExternalSyntheticLambda0@b25499f m=0
03-31 01:16:43.159 I/Finsky:background(27164): [107] Wrote row to frosting DB: 575
03-31 01:16:43.159 W/Looper  (  815): Slow dispatch took 625ms main app=system_server main=true group=FOREGROUND h=android.app.ActivityThread$H c=null m=114
03-31 01:16:43.284 W/Looper  (  815): Slow delivery took 203ms android.fg app=system_server main=false group=FOREGROUND h=android.os.Handler c=com.android.server.power.hint.HintManagerService$MyUidObserver$$ExternalSyntheticLambda1@1ca5ae1 m=0
03-31 01:16:43.649 W/libbinder.Binder(  815): Binder transaction to android.app.IActivityManager code 78 took 1056ms. Data bytes: 108 Reply bytes: 0 Flags: 17
03-31 01:16:43.682 I/Choreographer( 1337): Skipped 89 frames!  The application may be doing too much work on its main thread.
03-31 01:16:43.769 E/SurfaceSyncGroup( 1337): Failed to receive transaction ready in 1000ms. Marking SurfaceSyncGroup(wmsSync-VRI[app]#60) as ready
03-31 01:16:43.783 I/artd    ( 3343): GetBestInfo: odex next to the dex file (/data/app/~~l86ooHn3z7zjJPmRwuVyKA==/com.google.android.gms-mjvtrlLEHAA3R1GV5L8qqg==/oat/x86_64/base.odex) is kOatUpToDate with filter 'speed-profile' executable 'false'
03-31 01:16:43.783 W/libbinder.Binder(  815): Binder transaction to android.app.IActivityManager code 57 took 1167ms. Data bytes: 284 Reply bytes: 8 Flags: 18
03-31 01:16:43.796 I/artd    ( 3343): GetBestInfo: odex next to the dex file (/data/app/~~l86ooHn3z7zjJPmRwuVyKA==/com.google.android.gms-mjvtrlLEHAA3R1GV5L8qqg==/oat/x86_64/split_AdsDynamite_installtime.odex) is kOatUpToDate with filter 'speed' executable 'false'
03-31 01:16:43.812 I/artd    ( 3343): GetBestInfo: odex next to the dex file (/data/app/~~l86ooHn3z7zjJPmRwuVyKA==/com.google.android.gms-mjvtrlLEHAA3R1GV5L8qqg==/oat/x86_64/split_CronetDynamite_installtime.odex) is kOatUpToDate with filter 'speed' executable 'false'
03-31 01:16:43.826 I/system_server(  815): Background concurrent mark compact GC freed 16MB AllocSpace bytes, 17(476KB) LOS objects, 38% free, 38MB/62MB, paused 571.161ms,185.305ms total 16.917s
03-31 01:16:43.848 I/artd    ( 3343): GetBestInfo: odex next to the dex file (/data/app/~~l86ooHn3z7zjJPmRwuVyKA==/com.google.android.gms-mjvtrlLEHAA3R1GV5L8qqg==/oat/x86_64/split_DynamiteLoader_installtime.odex) is kOatUpToDate with filter 'speed' executable 'false'
03-31 01:16:43.863 I/artd    ( 3343): GetBestInfo: odex next to the dex file (/data/app/~~l86ooHn3z7zjJPmRwuVyKA==/com.google.android.gms-mjvtrlLEHAA3R1GV5L8qqg==/oat/x86_64/split_DynamiteModulesA_installtime.odex) is kOatUpToDate with filter 'speed' executable 'false'
03-31 01:16:43.900 I/artd    ( 3343): GetBestInfo: odex next to the dex file (/data/app/~~l86ooHn3z7zjJPmRwuVyKA==/com.google.android.gms-mjvtrlLEHAA3R1GV5L8qqg==/oat/x86_64/split_DynamiteModulesC_installtime.odex) is kOatUpToDate with filter 'speed' executable 'false'
03-31 01:16:43.935 I/artd    ( 3343): GetBestInfo: odex next to the dex file (/data/app/~~l86ooHn3z7zjJPmRwuVyKA==/com.google.android.gms-mjvtrlLEHAA3R1GV5L8qqg==/oat/x86_64/split_GoogleCertificates_installtime.odex) is kOatUpToDate with filter 'speed' executable 'false'
03-31 01:16:43.952 I/artd    ( 3343): GetBestInfo: odex next to the dex file (/data/app/~~l86ooHn3z7zjJPmRwuVyKA==/com.google.android.gms-mjvtrlLEHAA3R1GV5L8qqg==/oat/x86_64/split_MapsDynamite_installtime.odex) is kOatUpToDate with filter 'speed' executable 'false'
03-31 01:16:43.954 W/libbinder.Binder(  815): Binder transaction to android.app.IActivityManager code 40 took 1079ms. Data bytes: 1240 Reply bytes: 176 Flags: 18
03-31 01:16:43.967 I/HWUI    ( 1337): Davey! duration=1917ms; Flags=1, FrameTimelineVsyncId=9288934, IntendedVsync=45150219803782, Vsync=45150686470430, InputEventId=0, HandleInputStart=45150710468714, AnimationStart=45150710520714, PerformTraversalsStart=45150710661614, DrawStart=45151882555414, FrameDeadline=45150236470448, FrameStartTime=45150698364914, FrameInterval=16666666, WorkloadTarget=16666666, SyncQueued=45151884013314, SyncStart=45152023673114, IssueDrawCommandsStart=45152083062714, SwapBuffers=45152202802714, FrameCompleted=45152277146014, DequeueBufferDuration=52100, QueueBufferDuration=26222300, GpuCompleted=45152258128014, SwapBuffersCompleted=45152277146014, DisplayPresentTime=8232384675943769812, CommandSubmissionCompleted=45152202802714, 
03-31 01:16:43.983 W/ProcessStats(  815): Tracking association SourceState{730c41d com.google.android.apps.nexuslauncher/10191 BTop #28598} whose proc state 2 is better than process ProcessState{9937bc com.google.android.apps.wellbeing/10159 pkg=com.google.android.apps.wellbeing} proc state 14 (4 skipped)
03-31 01:16:43.992 I/artd    ( 3343): GetBestInfo: odex next to the dex file (/data/app/~~l86ooHn3z7zjJPmRwuVyKA==/com.google.android.gms-mjvtrlLEHAA3R1GV5L8qqg==/oat/x86_64/split_MeasurementDynamite_installtime.odex) is kOatUpToDate with filter 'speed' executable 'false'
03-31 01:16:44.043 I/artd    ( 3343): GetBestInfo: /data/user_de/0/com.google.android.gms/app_chimera/m/0000000d/dl-PlayCloudSearch.optional_253434100000.apk has no usable artifacts
03-31 01:16:44.062 W/libbinder.Binder(  815): Binder transaction to android.app.IActivityManager code 40 took 1594ms. Data bytes: 720 Reply bytes: 180 Flags: 18
03-31 01:16:44.087 I/artd    ( 3343): GetBestInfo: /data/user_de/0/com.google.android.gms/app_chimera/m/0000000c/dl-MlkitBarcodeUi.optional_253434100800.apk has no usable artifacts
03-31 01:16:44.110 I/artd    ( 3343): GetBestInfo: /data/user_de/0/com.google.android.gms/app_chimera/m/00000001/CronetDynamite.apk has no usable artifacts
03-31 01:16:44.115 W/Looper  (  815): Slow dispatch took 955ms main app=system_server main=true group=FOREGROUND h=android.app.ActivityThread$H c=null m=121
03-31 01:16:44.124 W/Looper  (  815): Drained
03-31 01:16:44.133 I/artd    ( 3343): GetBestInfo: /data/user_de/0/com.google.android.gms/app_chimera/m/00000016/dl-MlkitOcrCommon.optional_261133100800.apk has no usable artifacts
03-31 01:16:44.143 I/artd    ( 3343): GetBestInfo: /data/user_de/0/com.google.android.gms/app_chimera/m/0000000e/dl-VisionOcr.optional_253434100000.apk has no usable artifacts
03-31 01:16:44.162 I/artd    ( 3343): GetBestInfo: /data/user_de/0/com.google.android.gms/app_chimera/m/00000002/DynamiteLoader.apk has no usable artifacts
03-31 01:16:44.183 I/artd    ( 3343): GetBestInfo: /data/user_de/0/com.google.android.gms/app_chimera/m/00000005/GoogleCertificates.apk has no usable artifacts
03-31 01:16:44.212 I/artd    ( 3343): GetBestInfo: /data/user_de/0/com.google.android.gms/app_chimera/m/00000012/dl-Appsearch.optional_261133100800.apk has no usable artifacts
03-31 01:16:44.263 I/artd    ( 3343): GetBestInfo: /data/user_de/0/com.google.android.gms/app_chimera/m/00000011/dl-PlayCloudSearch.optional_261133100000.apk has no usable artifacts
03-31 01:16:44.295 I/artd    ( 3343): GetBestInfo: /data/user_de/0/com.google.android.gms/app_chimera/m/00000015/dl-MlkitBarcodeUi.optional_261133100800.apk has no usable artifacts
03-31 01:16:44.336 I/artd    ( 3343): GetBestInfo: /data/user_de/0/com.google.android.gms/app_chimera/m/0000000a/dl-Appsearch.optional_253434100800.apk has no usable artifacts
03-31 01:16:44.350 W/Looper  (  815): Slow dispatch took 161ms main app=system_server main=true group=FOREGROUND h=com.android.server.power.Notifier$NotifierHandler c=com.android.server.power.Notifier$$ExternalSyntheticLambda2@b379e8c m=0
03-31 01:16:44.355 I/artd    ( 3343): GetBestInfo: /data/user_de/0/com.google.android.gms/app_chimera/m/00000008/dl-TfliteDynamiteDynamite.integ_252130102100800.apk has no usable artifacts
03-31 01:16:44.380 I/artd    ( 3343): GetBestInfo: /data/user_de/0/com.google.android.gms/app_chimera/m/0000000f/dl-MlkitOcrCommon.optional_253434100800.apk has no usable artifacts
03-31 01:16:44.390 W/SignedPackage(  815): Cannot get ApplicationInfo for package: com.google.android.devicelockcontroller
03-31 01:16:44.393 W/System  (  815): A resource failed to call close. 
03-31 01:16:44.408 I/artd    ( 3343): GetBestInfo: /data/user_de/0/com.google.android.gms/app_chimera/m/00000010/dl-VisionOcr.optional_261133100000.apk has no usable artifacts
03-31 01:16:44.430 I/artd    ( 3343): GetBestInfo: vdex next to the dex file (/data/user/0/com.google.android.gms/app_dg_cache/BB2AE5A47BB198AF36C19CFD2B6407061A1BAF30/oat/x86_64/the.vdex) is kOatUpToDate with filter 'verify' executable 'false'
03-31 01:16:44.491 I/artd    ( 3343): GetBestInfo: /data/user_de/0/com.google.android.gms/app_chimera/m/00000007/MeasurementDynamite.apk has no usable artifacts
03-31 01:16:44.555 W/Looper  (  815): Drained
03-31 01:16:44.555 W/Looper  (  815): Slow dispatch took 584ms android.ui app=system_server main=false group=TOP_APP h=com.android.server.am.ActivityManagerService$UiHandler c=com.android.server.am.UidObserverController$$ExternalSyntheticLambda0@b25499f m=0
03-31 01:16:44.595 D/BoundBrokerSvc(22624): onBind: Intent { act=com.google.android.gms.common.BIND_SHARED_PREFS xflg=0x4 pkg=com.google.android.gms }
03-31 01:16:44.595 D/BoundBrokerSvc(22624): Loading bound service for intent: Intent { act=com.google.android.gms.common.BIND_SHARED_PREFS xflg=0x4 pkg=com.google.android.gms }
03-31 01:16:44.675 W/libbinder.BackendUnifiedServiceManager(29303): Thread Pool max thread count is 0. Cannot cache binder as linkToDeath cannot be implemented. serviceName: package
03-31 01:16:44.686 W/libbinder.Binder(  815): Binder transaction to android.content.pm.IPackageManager code 1598311760 took 9734ms. Data bytes: 80 Reply bytes: 4 Flags: 16
03-31 01:16:44.708 I/Finsky:background(27164): [2] aiko - Received: android.intent.action.PACKAGE_ADDED, [Gqk4ewQyzs5K3YXFVstm8EkH33a-0A8vDs_YEc4mwgs]
03-31 01:16:44.728 W/BLASTSyncEngine(  815): Sync group 169 timeout
03-31 01:16:44.736 W/Looper  (  815): Slow dispatch took 158ms main app=system_server main=true group=FOREGROUND h=android.app.ActivityThread$H c=android.app.LoadedApk$ServiceDispatcher$RunConnection@669e6b6 m=0
03-31 01:16:44.798 D/SatelliteController( 1522): iisInCarrierRoamingNbIotNtn: satellite is disabled
03-31 01:16:44.799 D/SatelliteController( 1522): getCarrierRoamingNtnConnectType: Falling back to global carrier config connect type: 0
03-31 01:16:44.812 I/Auth    (22624): (REDACTED) [SupervisedAccountIntentOperation] onHandleIntent: %s
03-31 01:16:44.825 E/JobServiceContext(  815): Binding died for 0:com.google.android.apps.safetyhub
03-31 01:16:44.832 W/Looper  (  815): Slow dispatch took 117ms android.ui app=system_server main=false group=TOP_APP h=com.android.server.am.ActivityManagerService$UiHandler c=com.android.server.am.UidObserverController$$ExternalSyntheticLambda0@b25499f m=0
03-31 01:16:44.941 I/Choreographer(  815): Skipped 47 frames!  The application may be doing too much work on its main thread.
03-31 01:16:45.051 I/NearbyDiscovery(22624): (REDACTED) processGrantSlicePermission: %s
03-31 01:16:45.079 V/ShellTaskOrganizer( 1337): Task appeared taskId=77 listener=FullscreenTaskListener
03-31 01:16:45.080 V/ShellTaskOrganizer( 1337): Fullscreen Task Appeared: #77
03-31 01:16:45.101 D/b/417220811( 1636): invalidateLoadedTasks - previous requestLoadId: -1
03-31 01:16:45.116 V/WindowManagerShell( 1337): onTransitionReady(transaction=3500398362869)
03-31 01:16:45.118 V/WindowManagerShell( 1337): onTransitionReady (#169) android.os.BinderProxy@5a00ec2: {id=169 t=OPEN f=0x0 trk=0 r=[0@Point(0, 0)] c=[
03-31 01:16:45.118 V/WindowManagerShell( 1337):         {m=OPEN f=NONE leash=Surface(name=Task=77#2420)/@0x2662696 sb=Rect(0, 0 - 1080, 2400) eb=Rect(0, 0 - 1080, 2400) epz=Point(1080, 2400) d=0 taskParent=-1 winMode=1 userId=0},
03-31 01:16:45.118 V/WindowManagerShell( 1337):         {m=TO_BACK f=SHOW_WALLPAPER leash=Surface(name=Task=1#44)/@0x3445217 sb=Rect(0, 0 - 1080, 2400) eb=Rect(0, 0 - 1080, 2400) epz=Point(1080, 2400) d=0 taskParent=-1 winMode=1 userId=0},
03-31 01:16:45.118 V/WindowManagerShell( 1337):         {m=TO_BACK f=IS_WALLPAPER leash=Surface(name=WallpaperWindowToken{4959bac}#56)/@0x9e42604 sb=Rect(0, 0 - 1080, 2400) eb=Rect(0, 0 - 1080, 2400) epz=Point(1080, 2400) d=0}
03-31 01:16:45.118 V/WindowManagerShell( 1337):     ]}
03-31 01:16:45.136 V/WindowManager(  815): Sent Transition (#169) createdAt=03-31 01:16:39.379 via request=TransitionRequestInfo { type = OPEN, triggerTask = TaskInfo{userId=0 taskId=77 effectiveUid=10227 displayId=0 isRunning=true baseIntent=Intent { flg=0x10000000 cmp=com.weejobs.app/.MainActivity } baseActivity=ComponentInfo{com.weejobs.app/com.weejobs.app.MainActivity} topActivity=ComponentInfo{com.weejobs.app/com.weejobs.app.MainActivity} origActivity=null realActivity=ComponentInfo{com.weejobs.app/com.weejobs.app.MainActivity} numActivities=1 lastActiveTime=45148291 supportsMultiWindow=true resizeMode=1 isResizeable=true minWidth=-1 minHeight=-1 defaultMinSize=220 token=WCT{RemoteToken{a39e689 Task{1b42c1c #77 type=standard A=10227:com.weejobs.app}}} topActivityType=1 pictureInPictureParams=null shouldDockBigOverlays=false launchIntoPipHostTaskId=-1 lastParentTaskIdBeforePip=-1 displayCutoutSafeInsets=Rect(0, 0 - 0, 0) topActivityInfo=ActivityInfo{5db168e com.weejobs.app.MainActivity} launchCookies=[] positionInParent=Point(0, 0) parentTaskId=-1 isFocused=false isVisible=false isVisibleRequested=false isTopActivityNoDisplay=false isSleeping=false locusId=null displayAreaFeatureId=1 isTopActivityTransparent=false isActivityStackTransparent=false lastNonFullscreenBounds=null capturedLink=null capturedLinkTimestamp=0 requestedVisibleTypes=503 topActivityRequestOpenInBrowserEducationTimestamp=0 appCompatTaskInfo=AppCompatTaskInfo { topActivityInSizeCompat=false isLeafTask= true eligibleForLetterboxEducation= false isLetterboxEducationEnabled= true isLetterboxDoubleTapEnabled= false eligibleForUserAspectRatioButton= false topActivityBoundsLetterboxed= false isFromLetterboxDoubleTap= false topActivityLetterboxVerticalPosition= -1 topActivityLetterboxHorizontalPosition= -1 topActivityLetterboxWidth=-1 topActivityLetterboxHeight=-1 topActivityAppBounds=Rect(0, 0 - 1080, 2400) isUserFullscreenOverrideEnabled=false isSystemFullscreenOverrideEnabled=false hasMinAspectRatioOverride=false topActivityLetterboxBounds=null cameraCompatTaskInfo=CameraCompatTaskInfo { cameraCompatMode=undefinedundefined} topNonResizableActivityAspectRatio=-1.0} topActivityMainWindowFrame=null isAppBubble=false}, pipChange = null, remoteTransition = null, displayChange = null, requestedLocation = null, userChange = null, windowingLayerChange = null, flags = 0, debugId = 169 }
03-31 01:16:45.136 V/WindowManager(  815):     startWCT=WindowContainerTransaction { changes= {} hops= [] errorCallbackToken=null taskFragmentOrganizer=null }
03-31 01:16:45.136 V/WindowManager(  815):     info={id=169 t=OPEN f=0x0 trk=0 r=[0@Point(0, 0)] c=[
03-31 01:16:45.136 V/WindowManager(  815):         {WCT{RemoteToken{a39e689 Task{1b42c1c #77 type=standard A=10227:com.weejobs.app}}} m=OPEN f=NONE leash=Surface(name=Task=77#2420)/@0x626dfb7 sb=Rect(0, 0 - 1080, 2400) eb=Rect(0, 0 - 1080, 2400) epz=Point(1080, 2400) d=0 taskParent=-1 winMode=1 userId=0},
03-31 01:16:45.136 V/WindowManager(  815):         {WCT{RemoteToken{2b288d7 Task{456e129 #1 type=home}}} m=TO_BACK f=SHOW_WALLPAPER leash=Surface(name=Task=1#44)/@0x377fbff sb=Rect(0, 0 - 1080, 2400) eb=Rect(0, 0 - 1080, 2400) epz=Point(1080, 2400) d=0 taskParent=-1 winMode=1 userId=0},
03-31 01:16:45.136 V/WindowManager(  815):         {m=TO_BACK f=IS_WALLPAPER leash=Surface(name=WallpaperWindowToken{4959bac}#56)/@0x6259f59 sb=Rect(0, 0 - 1080, 2400) eb=Rect(0, 0 - 1080, 2400) epz=Point(1080, 2400) d=0}
03-31 01:16:45.136 V/WindowManager(  815):     ]}
03-31 01:16:45.136 W/Looper  (  815): Slow dispatch took 200ms android.fg app=system_server main=false group=FOREGROUND h=android.os.Handler c=com.android.server.wm.TransitionController$Logger@efc0eaf m=0
03-31 01:16:45.145 E/TaskPersister(  815): File error accessing recents directory (directory doesn't exist?).
03-31 01:16:45.205 V/WindowManagerShell( 1337): Playing animation for (#169) android.os.BinderProxy@5a00ec2@0
03-31 01:16:45.205 V/ShellRecents( 1337): RecentsTransitionHandler.startAnimation: no controller found
03-31 01:16:45.206 V/ShellDesktopMode( 1337): DesktopMixedTransitionHandler: No pending desktop transition
03-31 01:16:45.207 V/WindowManagerShell( 1337): Transition doesn't have explicit remote, search filters for match for {id=169 t=OPEN f=0x0 trk=0 r=[0@Point(0, 0)] c=[{m=OPEN f=NONE leash=Surface(name=Task=77#2420)/@0x2662696 sb=Rect(0, 0 - 1080, 2400) eb=Rect(0, 0 - 1080, 2400) epz=Point(1080, 2400) d=0 taskParent=-1 winMode=1 userId=0},{m=TO_BACK f=SHOW_WALLPAPER leash=Surface(name=Task=1#44)/@0x3445217 sb=Rect(0, 0 - 1080, 2400) eb=Rect(0, 0 - 1080, 2400) epz=Point(1080, 2400) d=0 taskParent=-1 winMode=1 userId=0},{m=TO_BACK f=IS_WALLPAPER leash=Surface(name=WallpaperWindowToken{4959bac}#56)/@0x9e42604 sb=Rect(0, 0 - 1080, 2400) eb=Rect(0, 0 - 1080, 2400) epz=Point(1080, 2400) d=0}]}
03-31 01:16:45.208 V/WindowManagerShell( 1337):  Checking filter Pair{{types=[] flags=0x0] notFlags=0x0 checks=[{atype=undefined independent=true modes=[CLOSE,TO_BACK] flags=IN_TASK_WITH_EMBEDDED_ACTIVITY mustBeTask=false order=ANY topActivity=null launchCookie=null taskFragmentToken=android.os.BinderProxy@c043bef windowingMode=undefined isCrossDisplayMove=false}]} RemoteTransition { remoteTransition = android.window.IRemoteTransition$Stub$Proxy@1ea86fc, appThread = android.app.IApplicationThread$Stub$Proxy@8e47185, debugName = overlayBackTransition }}
03-31 01:16:45.208 V/WindowManagerShell( 1337):  Checking filter Pair{{types=[] flags=0x0] notFlags=0x0 checks=[{atype=dream independent=true modes=[OPEN,TO_FRONT] flags=NONE mustBeTask=false order=ANY topActivity=null launchCookie=null windowingMode=undefined isCrossDisplayMove=false},{atype=home independent=true modes=[CLOSE,TO_BACK] flags=NONE mustBeTask=false order=ANY topActivity=null launchCookie=null windowingMode=undefined isCrossDisplayMove=false}]} RemoteTransition { remoteTransition = android.window.IRemoteTransition$Stub$Proxy@5b90bda, appThread = android.app.IApplicationThread$Stub$Proxy@602a80b, debugName = LauncherToDream }}
03-31 01:16:45.275 W/Looper  (  815): Slow dispatch took 469ms main app=system_server main=true group=FOREGROUND h=android.app.ActivityThread$H c=android.app.LoadedApk$ServiceDispatcher$RunConnection@2d16245 m=0
03-31 01:16:45.285 I/Finsky:background(27164): [55] IQ:PSL: skipping onPackageRemoved(replacing=true) for untracked package=com.weejobs.app
03-31 01:16:45.296 V/WindowManagerShell( 1337):  Checking filter Pair{{types=[] flags=0x0] notFlags=0x100 checks=[{atype=home independent=true modes=[OPEN,TO_FRONT] flags=NONE mustBeTask=false order=TOP topActivity=ComponentInfo{com.google.android.apps.nexuslauncher/com.google.android.apps.nexuslauncher.NexusLauncherActivity} launchCookie=null windowingMode=undefined isCrossDisplayMove=false},{atype=standard independent=true modes=[CLOSE,TO_BACK] flags=NONE mustBeTask=false order=ANY topActivity=null launchCookie=null windowingMode=undefined isCrossDisplayMove=false},{NOT atype=undefined independent=true modes=[] flags=NONE mustBeTask=true order=ANY topActivity=null launchCookie=null customAnim=true windowingMode=undefined isCrossDisplayMove=false}]} RemoteTransition { remoteTransition = android.window.IRemoteTransition$Stub$Proxy@1d716e8, appThread = android.app.IApplicationThread$Stub$Proxy@ffa101, debugName = QuickstepLaunchHome }}
03-31 01:16:45.296 V/WindowManagerShell( 1337):  Checking filter Pair{{types=[OPEN,TO_FRONT] flags=0x0] notFlags=0x0 checks=[{atype=standard independent=true modes=[OPEN,TO_FRONT] flags=NONE mustBeTask=true order=ANY topActivity=null launchCookie=null windowingMode=freeform isCrossDisplayMove=false}]} RemoteTransition { remoteTransition = android.window.IRemoteTransition$Stub$Proxy@37a315c, appThread = null, debugName = DesktopWindowLimitUnminimize }}
03-31 01:16:45.297 V/WindowManagerShell( 1337):  Delegate animation for (#169) to null
03-31 01:16:45.354 V/WindowManagerShell( 1337): start default transition animation, info = {id=169 t=OPEN f=0x0 trk=0 r=[0@Point(0, 0)] c=[{m=OPEN f=NONE leash=Surface(name=Task=77#2420)/@0x2662696 sb=Rect(0, 0 - 1080, 2400) eb=Rect(0, 0 - 1080, 2400) epz=Point(1080, 2400) d=0 taskParent=-1 winMode=1 userId=0},{m=TO_BACK f=SHOW_WALLPAPER leash=Surface(name=Task=1#44)/@0x3445217 sb=Rect(0, 0 - 1080, 2400) eb=Rect(0, 0 - 1080, 2400) epz=Point(1080, 2400) d=0 taskParent=-1 winMode=1 userId=0},{m=TO_BACK f=IS_WALLPAPER leash=Surface(name=WallpaperWindowToken{4959bac}#56)/@0x9e42604 sb=Rect(0, 0 - 1080, 2400) eb=Rect(0, 0 - 1080, 2400) epz=Point(1080, 2400) d=0}]}
03-31 01:16:45.538 W/Looper  (  815): Slow dispatch took 151ms main app=system_server main=true group=FOREGROUND h=com.android.server.power.Notifier$NotifierHandler c=com.android.server.power.Notifier$$ExternalSyntheticLambda2@1976966 m=0
03-31 01:16:45.579 I/Choreographer( 1337): Skipped 35 frames!  The application may be doing too much work on its main thread.
03-31 01:16:45.592 V/WindowManagerShell( 1337): loadAnimation: anim=android.view.animation.AnimationSet@3496d0f animAttr=0x13 type=OPEN isEntrance=false
03-31 01:16:45.777 W/JobInfo (29240): Job 'com.google.android.partnersetup/.PhenotypeJobService#1' has a deadline with no functional constraints. The deadline won't improve job execution latency. Consider removing the deadline.
03-31 01:16:45.812 W/Looper  (  815): Slow dispatch took 224ms main app=system_server main=true group=FOREGROUND h=com.android.server.power.Notifier$NotifierHandler c=com.android.server.power.Notifier$$ExternalSyntheticLambda5@8de4ac0 m=0
03-31 01:16:45.819 W/JobInfo (  815): Job 'com.google.android.partnersetup/.PhenotypeJobService#1' has a deadline with no functional constraints. The deadline won't improve job execution latency. Consider removing the deadline.
03-31 01:16:45.833 I/SQLiteConnection(27164): Long db operation: /data/user/0/com.android.vending/databases/frosting.db
03-31 01:16:45.835 I/Finsky:background(27164): [107] Wrote row to frosting DB: 576
03-31 01:16:45.893 V/WindowManagerShell( 1337): loadAnimation: anim=android.view.animation.AnimationSet@bb9cb2b animAttr=0x12 type=OPEN isEntrance=true
03-31 01:16:45.905 W/ogle.android.as( 2049): Suspending all threads took: 85.673ms
03-31 01:16:45.919 W/Looper  (  815): Slow dispatch took 106ms main app=system_server main=true group=FOREGROUND h=android.app.job.JobServiceEngine$JobHandler c=null m=0
03-31 01:16:45.924 I/Finsky:background(27164): [2] aiko - Received: android.intent.action.PACKAGE_ADDED, [Gqk4ewQyzs5K3YXFVstm8EkH33a-0A8vDs_YEc4mwgs]
03-31 01:16:45.952 V/WindowManagerShell( 1337):  animated by com.android.wm.shell.transition.DefaultTransitionHandler@7009b89
03-31 01:16:45.963 I/HalDevMgr(  815): bestIfaceCreationProposal is null, requestIface=STA, existingIface=[name=wlan0 type=STA]
03-31 01:16:46.004 I/Finsky  (27088): [144] SCH: Received scheduling request: Id: 12-1, Constraints: [{ L: 15000, D: 86400000, C: CHARGING_NONE, I: IDLE_NONE, N: NET_ANY, B: BATTERY_ANY }]
03-31 01:16:46.133 W/SQLiteLog(22624): (28) double-quoted string literal: "com.weejobs.app"
03-31 01:16:46.140 W/Looper  (  815): Slow dispatch took 182ms android.ui app=system_server main=false group=TOP_APP h=com.android.server.am.ActivityManagerService$UiHandler c=com.android.server.am.UidObserverController$$ExternalSyntheticLambda0@b25499f m=0
03-31 01:16:46.242 I/Finsky  (27088): [2] DTU: Received onPackageAdded, replacing: true
03-31 01:16:46.289 I/Finsky:background(27164): [2] aiko - Deduping intent android.intent.action.PACKAGE_ADDED
03-31 01:16:46.384 I/WellbeingModel( 1636): Retrying; attempt 1
03-31 01:16:46.384 I/WellbeingModel( 1636): updateActionsWithRetry(); retryCount: 1, package: com.weejobs.app
03-31 01:16:46.384 D/WellbeingModel( 1636): retrieveActions() called with: packageNames = [com.weejobs.app]
03-31 01:16:46.435 W/Looper  ( 1337): Drained
03-31 01:16:46.436 W/Looper  ( 1337): Slow dispatch took 1537ms SysUiBg app=com.android.systemui main=false group=TOP_APP h=android.os.Handler c=android.telephony.TelephonyCallback$IPhoneStateListenerStub$$ExternalSyntheticLambda52@6936146 m=0
03-31 01:16:46.538 I/com.weejobs.app(29290): Using CollectorTypeCMC GC.
03-31 01:16:46.546 W/com.weejobs.app(29290): Unexpected CPU variant for x86: x86_64.
03-31 01:16:46.546 W/com.weejobs.app(29290): Known variants: atom, sandybridge, silvermont, goldmont, goldmont-plus, goldmont-without-sha-xsaves, tremont, kabylake, alderlake, default
03-31 01:16:46.560 I/PlayCommon(27164): [89] Successfully uploaded logs.
03-31 01:16:46.742 I/BugleDataModel(24895): ActionExecutorImpl: ACTION_EXECUTE_QUEUED_CountryCodeDetectorAction
