03-31 05:40:55.447   815  1239 I HalDevMgr: bestIfaceCreationProposal is null, requestIface=STA, existingIface=[name=wlan0 type=STA]
03-31 05:40:55.481  1522  1586 D SatelliteController: iisInCarrierRoamingNbIotNtn: satellite is disabled
03-31 05:40:55.495  1522  1586 D SatelliteController: getCarrierRoamingNtnConnectType: Falling back to global carrier config connect type: 0
03-31 05:40:55.542  9701  9738 I HermesVM: Compiling JS failed: 1339:1756:non-terminated string, sourceURL: index.android.bundle
03-31 05:40:55.681  9746  9746 W libbinder.BackendUnifiedServiceManager: Thread Pool max thread count is 0. Cannot cache binder as linkToDeath cannot be implemented. serviceName: package
03-31 05:40:55.936  9701  9738 W unknown:BridgelessReact: ReactHost{0}.handleHostException(message = "[runtime not ready]: Error: Non-js exception: Compiling JS failed: 1339:1756:non-terminated string, sourceURL: index.android.bundle, stack:
03-31 05:40:55.936  9701  9738 W unknown:BridgelessReact: ")
03-31 05:40:55.937  9701  9738 E unknown:ReactNative: Exception in native call from JS
03-31 05:40:55.937  9701  9738 E unknown:ReactNative: com.facebook.react.common.JavascriptException: [runtime not ready]: Error: Non-js exception: Compiling JS failed: 1339:1756:non-terminated string, sourceURL: index.android.bundle, stack:
03-31 05:40:55.937  9701  9738 E unknown:ReactNative: 
03-31 05:40:55.937  9701  9738 E unknown:ReactNative: 	at com.facebook.react.modules.core.ExceptionsManagerModule.reportException(ExceptionsManagerModule.kt:52)
03-31 05:40:55.937  9701  9738 E unknown:ReactNative: 	at com.facebook.react.runtime.ReactInstance$ReactJsExceptionHandlerImpl.reportJsException(ReactInstance.kt:291)
03-31 05:40:55.937  9701  9738 E unknown:ReactNative: 	at com.facebook.jni.NativeRunnable.run(Native Method)
03-31 05:40:55.937  9701  9738 E unknown:ReactNative: 	at android.os.Handler.handleCallback(Handler.java:1070)
03-31 05:40:55.937  9701  9738 E unknown:ReactNative: 	at android.os.Handler.dispatchMessage(Handler.java:125)
03-31 05:40:55.937  9701  9738 E unknown:ReactNative: 	at com.facebook.react.bridge.queue.MessageQueueThreadHandler.dispatchMessage(MessageQueueThreadHandler.kt:21)
03-31 05:40:55.937  9701  9738 E unknown:ReactNative: 	at android.os.Looper.dispatchMessage(Looper.java:333)
03-31 05:40:55.937  9701  9738 E unknown:ReactNative: 	at android.os.Looper.loopOnce(Looper.java:263)
03-31 05:40:55.937  9701  9738 E unknown:ReactNative: 	at android.os.Looper.loop(Looper.java:367)
03-31 05:40:55.937  9701  9738 E unknown:ReactNative: 	at com.facebook.react.bridge.queue.MessageQueueThreadImpl$Companion.startNewBackgroundThread$lambda$0(MessageQueueThreadImpl.kt:152)
03-31 05:40:55.937  9701  9738 E unknown:ReactNative: 	at com.facebook.react.bridge.queue.MessageQueueThreadImpl$Companion.$r8$lambda$YYXYCFexeoKtAeDpeNYkxZZlpbA(Unknown Source:0)
03-31 05:40:55.937  9701  9738 E unknown:ReactNative: 	at com.facebook.react.bridge.queue.MessageQueueThreadImpl$Companion$$ExternalSyntheticLambda0.run(D8$$SyntheticClass:0)
03-31 05:40:55.937  9701  9738 E unknown:ReactNative: 	at java.lang.Thread.run(Thread.java:1563)
03-31 05:40:55.968  9701  9728 W unknown:BridgelessReact: ReactHost{0}.getOrCreateDestroyTask()
03-31 05:40:55.979  9701  9728 W unknown:BridgelessReact: ReactHost{0}.getOrCreateDestroyTask(): Resetting createReactInstance task ref
03-31 05:40:56.136  3343 22142 I artd    : GetBestInfo: odex next to the dex file (/data/app/~~l86ooHn3z7zjJPmRwuVyKA==/com.google.android.gms-mjvtrlLEHAA3R1GV5L8qqg==/oat/x86_64/base.odex) is kOatUpToDate with filter 'speed-profile' executable 'false'
03-31 05:40:56.152  3343 22142 I artd    : GetBestInfo: odex next to the dex file (/data/app/~~l86ooHn3z7zjJPmRwuVyKA==/com.google.android.gms-mjvtrlLEHAA3R1GV5L8qqg==/oat/x86_64/split_AdsDynamite_installtime.odex) is kOatUpToDate with filter 'speed' executable 'false'
03-31 05:40:56.156  3343 22142 I artd    : GetBestInfo: odex next to the dex file (/data/app/~~l86ooHn3z7zjJPmRwuVyKA==/com.google.android.gms-mjvtrlLEHAA3R1GV5L8qqg==/oat/x86_64/split_CronetDynamite_installtime.odex) is kOatUpToDate with filter 'speed' executable 'false'
03-31 05:40:56.158  3343 22142 I artd    : GetBestInfo: odex next to the dex file (/data/app/~~l86ooHn3z7zjJPmRwuVyKA==/com.google.android.gms-mjvtrlLEHAA3R1GV5L8qqg==/oat/x86_64/split_DynamiteLoader_installtime.odex) is kOatUpToDate with filter 'speed' executable 'false'
03-31 05:40:56.163  3343 22142 I artd    : GetBestInfo: odex next to the dex file (/data/app/~~l86ooHn3z7zjJPmRwuVyKA==/com.google.android.gms-mjvtrlLEHAA3R1GV5L8qqg==/oat/x86_64/split_DynamiteModulesA_installtime.odex) is kOatUpToDate with filter 'speed' executable 'false'
03-31 05:40:56.169  3343 22142 I artd    : GetBestInfo: odex next to the dex file (/data/app/~~l86ooHn3z7zjJPmRwuVyKA==/com.google.android.gms-mjvtrlLEHAA3R1GV5L8qqg==/oat/x86_64/split_DynamiteModulesC_installtime.odex) is kOatUpToDate with filter 'speed' executable 'false'
03-31 05:40:56.175  1636  1650 W s.nexuslauncher: Reducing the number of considered missed Gc histogram windows from 1327 to 100
03-31 05:40:56.195  3343 22142 I artd    : GetBestInfo: odex next to the dex file (/data/app/~~l86ooHn3z7zjJPmRwuVyKA==/com.google.android.gms-mjvtrlLEHAA3R1GV5L8qqg==/oat/x86_64/split_GoogleCertificates_installtime.odex) is kOatUpToDate with filter 'speed' executable 'false'
03-31 05:40:56.196  1636  1652 W System  : A resource failed to call release. 
03-31 05:40:56.196  1636  1652 W System  : A resource failed to call release. 
03-31 05:40:56.196  1636  1652 W System  : A resource failed to call release. 
03-31 05:40:56.197  1636  1652 W System  : A resource failed to call release. 
03-31 05:40:56.197  1636  1652 W System  : A resource failed to call release. 
03-31 05:40:56.197  1636  1652 W System  : A resource failed to call release. 
03-31 05:40:56.202  3343 22142 I artd    : GetBestInfo: odex next to the dex file (/data/app/~~l86ooHn3z7zjJPmRwuVyKA==/com.google.android.gms-mjvtrlLEHAA3R1GV5L8qqg==/oat/x86_64/split_MapsDynamite_installtime.odex) is kOatUpToDate with filter 'speed' executable 'false'
03-31 05:40:56.209  3343 22142 I artd    : GetBestInfo: odex next to the dex file (/data/app/~~l86ooHn3z7zjJPmRwuVyKA==/com.google.android.gms-mjvtrlLEHAA3R1GV5L8qqg==/oat/x86_64/split_MeasurementDynamite_installtime.odex) is kOatUpToDate with filter 'speed' executable 'false'
03-31 05:40:56.214  3343 22142 I artd    : GetBestInfo: /data/user_de/0/com.google.android.gms/app_chimera/m/0000000d/dl-PlayCloudSearch.optional_253434100000.apk has no usable artifacts
03-31 05:40:56.220  3343 22142 I artd    : GetBestInfo: /data/user_de/0/com.google.android.gms/app_chimera/m/0000000c/dl-MlkitBarcodeUi.optional_253434100800.apk has no usable artifacts
03-31 05:40:56.223  3343 22142 I artd    : GetBestInfo: /data/user_de/0/com.google.android.gms/app_chimera/m/00000001/CronetDynamite.apk has no usable artifacts
03-31 05:40:56.227  3343 22142 I artd    : GetBestInfo: /data/user_de/0/com.google.android.gms/app_chimera/m/00000016/dl-MlkitOcrCommon.optional_261133100800.apk has no usable artifacts
03-31 05:40:56.231  3343 22142 I artd    : GetBestInfo: /data/user_de/0/com.google.android.gms/app_chimera/m/0000000e/dl-VisionOcr.optional_253434100000.apk has no usable artifacts
03-31 05:40:56.233  3343 22142 I artd    : GetBestInfo: /data/user_de/0/com.google.android.gms/app_chimera/m/00000002/DynamiteLoader.apk has no usable artifacts
03-31 05:40:56.235  3343 22142 I artd    : GetBestInfo: /data/user_de/0/com.google.android.gms/app_chimera/m/00000005/GoogleCertificates.apk has no usable artifacts
03-31 05:40:56.238  3343 22142 I artd    : GetBestInfo: /data/user_de/0/com.google.android.gms/app_chimera/m/00000012/dl-Appsearch.optional_261133100800.apk has no usable artifacts
03-31 05:40:56.242  3343 22142 I artd    : GetBestInfo: /data/user_de/0/com.google.android.gms/app_chimera/m/00000011/dl-PlayCloudSearch.optional_261133100000.apk has no usable artifacts
03-31 05:40:56.247  3343 22142 I artd    : GetBestInfo: /data/user_de/0/com.google.android.gms/app_chimera/m/00000015/dl-MlkitBarcodeUi.optional_261133100800.apk has no usable artifacts
03-31 05:40:56.253  3343 22142 I artd    : GetBestInfo: /data/user_de/0/com.google.android.gms/app_chimera/m/0000000a/dl-Appsearch.optional_253434100800.apk has no usable artifacts
03-31 05:40:56.258  3343 22142 I artd    : GetBestInfo: /data/user_de/0/com.google.android.gms/app_chimera/m/00000008/dl-TfliteDynamiteDynamite.integ_252130102100800.apk has no usable artifacts
03-31 05:40:56.264  3343 22142 I artd    : GetBestInfo: /data/user_de/0/com.google.android.gms/app_chimera/m/0000000f/dl-MlkitOcrCommon.optional_253434100800.apk has no usable artifacts
03-31 05:40:56.270  3343 22142 I artd    : GetBestInfo: /data/user_de/0/com.google.android.gms/app_chimera/m/00000010/dl-VisionOcr.optional_261133100000.apk has no usable artifacts
03-31 05:40:56.278  3343 22142 I artd    : GetBestInfo: vdex next to the dex file (/data/user/0/com.google.android.gms/app_dg_cache/BB2AE5A47BB198AF36C19CFD2B6407061A1BAF30/oat/x86_64/the.vdex) is kOatUpToDate with filter 'verify' executable 'false'
03-31 05:40:56.284  3343 22142 I artd    : GetBestInfo: /data/user_de/0/com.google.android.gms/app_chimera/m/00000007/MeasurementDynamite.apk has no usable artifacts
03-31 05:40:56.382  9701  9701 D WindowOnBackDispatcher: setTopOnBackInvokedCallback (unwrapped): android.view.ViewRootImpl$$ExternalSyntheticLambda12@de1e0ed
03-31 05:40:56.383   815  1482 D CoreBackPreview: Window{10f63d4 u0 com.weejobs.app/com.weejobs.app.MainActivity}: Setting back callback OnBackInvokedCallbackInfo{mCallback=android.window.IOnBackInvokedCallback$Stub$Proxy@b3441be, mPriority=0, mIsAnimationCallback=false, mOverrideBehavior=0}
03-31 05:40:57.780  9701  9750 E SurfaceSyncGroup: Failed to receive transaction ready in 1000ms. Marking SurfaceSyncGroup(wmsSync-VRI[MainActivity]#0) as ready
03-31 05:40:57.787  9701  9750 E SurfaceSyncGroup: Failed to receive transaction ready in 1000ms. Marking SurfaceSyncGroup(VRI[MainActivity]#1) as ready
03-31 05:40:58.326  9701  9701 W unknown:BridgelessReact: ReactHost{0}.getOrCreateDestroyTask(): Starting React Native destruction
03-31 05:40:58.326  9701  9701 W unknown:BridgelessReact: ReactHost{0}.getOrCreateDestroyTask(): DevSupportManager cleanup
03-31 05:40:58.328  9701  9701 W unknown:BridgelessReact: ReactHost{0}.getOrCreateDestroyTask(): Move ReactHost to onHostDestroy()
03-31 05:40:58.329  9701  9701 W unknown:BridgelessReact: ReactHost{0}.ReactContext.onHostPause()
03-31 05:40:58.331  9701  9701 W unknown:BridgelessReact: ReactHost{0}.ReactContext.onHostDestroy()
03-31 05:40:58.393  9701  9728 W unknown:BridgelessReact: ReactHost{0}.getOrCreateDestroyTask(): Stopping all React Native surfaces
03-31 05:40:58.397  9701  9728 E unknown:SurfaceMountingManager: Stopping surface [1]
03-31 05:40:58.398  9701  9701 I Choreographer: Skipped 120 frames!  The application may be doing too much work on its main thread.
03-31 05:40:58.399  9701  9712 I HWUI    : Davey! duration=2372ms; Flags=1, FrameTimelineVsyncId=15803134, IntendedVsync=61004552502942, Vsync=61004952502926, InputEventId=0, HandleInputStart=61004966883214, AnimationStart=61004966938014, PerformTraversalsStart=61004968635314, DrawStart=61006628332214, FrameDeadline=61004569169608, FrameStartTime=61004964097914, FrameInterval=16666666, WorkloadTarget=16666666, SyncQueued=61006639786314, SyncStart=61006681713714, IssueDrawCommandsStart=61006683423014, SwapBuffers=61006899634014, FrameCompleted=61006967203414, DequeueBufferDuration=132700, QueueBufferDuration=1469800, GpuCompleted=61006967203414, SwapBuffersCompleted=61006908288314, DisplayPresentTime=2677548454747658312, CommandSubmissionCompleted=61006899634014, 
03-31 05:40:58.439  9701  9712 I HWUI    : Davey! duration=2037ms; Flags=0, FrameTimelineVsyncId=15803166, IntendedVsync=61004985836258, Vsync=61006985836178, InputEventId=0, HandleInputStart=61006999858514, AnimationStart=61007000050814, PerformTraversalsStart=61007005918014, DrawStart=61007007198014, FrameDeadline=61006985836178, FrameStartTime=61006995700914, FrameInterval=16666666, WorkloadTarget=16666666, SyncQueued=61007007570214, SyncStart=61007007840314, IssueDrawCommandsStart=61007007949714, SwapBuffers=61007009742414, FrameCompleted=61007023942914, DequeueBufferDuration=75900, QueueBufferDuration=4181200, GpuCompleted=61007023942914, SwapBuffersCompleted=61007016447814, DisplayPresentTime=512, CommandSubmissionCompleted=61007009742414, 
03-31 05:40:58.463   815   972 I ImeTracker: com.weejobs.app:a809421d: onRequestHide at ORIGIN_SERVER reason HIDE_UNSPECIFIED_WINDOW fromUser false
03-31 05:40:58.472  9701  9701 E unknown:SurfaceMountingManager: Surface [1] was stopped on SurfaceMountingManager.
03-31 05:40:58.497  9701  9701 W unknown:BridgelessReact: ReactHost{0}.getOrCreateDestroyTask(): Destroying MemoryPressureRouter
03-31 05:40:58.497  9701  9701 W unknown:BridgelessReact: ReactHost{0}.getOrCreateDestroyTask(): Resetting ReactContext ref
03-31 05:40:58.497  9701  9701 W unknown:BridgelessReact: ReactHost{0}.getOrCreateDestroyTask(): Destroying ReactContext
03-31 05:40:58.500  9701  9728 W unknown:BridgelessReact: ReactHost{0}.getOrCreateDestroyTask(): Resetting ReactInstance ptr
03-31 05:40:58.502  9701  9728 W unknown:BridgelessReact: ReactHost{0}.getOrCreateDestroyTask(): Destroying ReactInstance
03-31 05:40:58.516  9701  9701 D InsetsController: hide(ime())
03-31 05:40:58.518  9701  9728 E unknown:ReactNative: Tried to remove non-existent frame callback
03-31 05:40:58.521  9701  9701 I ImeTracker: com.weejobs.app:a809421d: onCancelled at PHASE_CLIENT_ALREADY_HIDDEN
03-31 05:40:58.539  8754  8754 I GoogleInputMethodService: GoogleInputMethodService.onFinishInput():2057 
03-31 05:40:58.548   815  1482 I ImeTracker: system_server:6643002a: onRequestHide at ORIGIN_SERVER reason IME_REQUESTED_CHANGED_LISTENER fromUser false
03-31 05:40:58.556  8754  8754 I Module  : DeviceLockedStatusModuleProvider$Module.updateDeviceLockedStatus():100 repeatCheckTimes = 0, locked = false
03-31 05:40:58.552   815  1239 I HalDevMgr: bestIfaceCreationProposal is null, requestIface=STA, existingIface=[name=wlan0 type=STA]
03-31 05:40:58.573   815   838 I ImeTracker: system_server:6643002a: onCancelled at PHASE_SERVER_SHOULD_HIDE
03-31 05:40:58.575  8754  8754 I GoogleInputMethodService: GoogleInputMethodService.onStartInput():1318 onStartInput(EditorInfo{EditorInfo{packageName=com.weejobs.app, inputType=0, inputTypeString=NULL, enableLearning=false, autoCorrection=false, autoComplete=false, imeOptions=0, privateImeOptions=null, actionName=UNSPECIFIED, actionLabel=null, initialSelStart=-1, initialSelEnd=-1, initialCapsMode=0, label=null, fieldId=0, fieldName=null, extras=null, hintText=null, hintLocales=[]}}, false)
03-31 05:40:58.575  9701  9728 W unknown:BridgelessReact: ReactHost{0}.getOrCreateDestroyTask(): Resetting start/destroy task ref
03-31 05:40:58.587  8754  8754 I Module  : DeviceLockedStatusModuleProvider$Module.updateDeviceLockedStatus():100 repeatCheckTimes = 1, locked = false
03-31 05:40:58.596   815  2681 W PackageConfigPersister: App-specific configuration not found for packageName: com.weejobs.app and userId: 0
03-31 05:40:58.671  9701  9727 W unknown:ReconnectingWebSocket: Couldn't connect to "ws://10.0.2.2:8081/message?device=sdk_gphone64_x86_64%20-%2016%20-%20API%2036&app=com.weejobs.app&clientid=BridgelessDevSupportManager", will silently retry
03-31 05:40:59.372  9701  9707 I com.weejobs.app: Background concurrent mark compact GC freed 993KB AllocSpace bytes, 6(248KB) LOS objects, 49% free, 5252KB/10MB, paused 10.229ms,7.749ms total 199.253ms
03-31 05:40:59.839   815   838 W ActivityTaskManager: Activity transferring splash screen timeout for ActivityRecord{164117639 u0 com.weejobs.app/.MainActivity t83} state 2
03-31 05:41:00.269  1337  1477 D WindowOnBackDispatcher: setTopOnBackInvokedCallback (unwrapped): null
03-31 05:41:00.276   815  1482 D CoreBackPreview: Window{632357f u0 Splash Screen com.weejobs.app EXITING}: Setting back callback null
03-31 05:41:00.325  1337  1477 W FrameTracker: Missed App frame:UNKNOWN: 3, 15803854, 42876228, CUJ=J<SPLASHSCREEN_EXIT_ANIM>
03-31 05:41:00.325  1337  1477 W FrameTracker: Missed SF frame:UNKNOWN: 3, 15803854, 42876228, CUJ=J<SPLASHSCREEN_EXIT_ANIM>
03-31 05:41:00.326  1337  1477 W FrameTracker: Missed SF frame:JANK_COMPOSER, 15803868, 35907562, CUJ=J<SPLASHSCREEN_EXIT_ANIM>
03-31 05:41:00.327  1337  1477 W FrameTracker: Missed App frame:UNKNOWN: 3, 15803883, 54569096, CUJ=J<SPLASHSCREEN_EXIT_ANIM>
03-31 05:41:00.327  1337  1477 W FrameTracker: Missed SF frame:UNKNOWN: 3, 15803883, 54569096, CUJ=J<SPLASHSCREEN_EXIT_ANIM>
03-31 05:41:00.327  1337  1477 W FrameTracker: Missed SF frame:JANK_COMPOSER, 15803913, 37140664, CUJ=J<SPLASHSCREEN_EXIT_ANIM>
03-31 05:41:00.327  1337  1477 W FrameTracker: Missed SF frame:JANK_COMPOSER, 15803928, 31647498, CUJ=J<SPLASHSCREEN_EXIT_ANIM>
03-31 05:41:00.327  1337  1477 W FrameTracker: Missed App frame:UNKNOWN: 3, 15803943, 37102732, CUJ=J<SPLASHSCREEN_EXIT_ANIM>
03-31 05:41:00.327  1337  1477 W FrameTracker: Missed SF frame:UNKNOWN: 3, 15803943, 37102732, CUJ=J<SPLASHSCREEN_EXIT_ANIM>
03-31 05:41:00.327  1337  1477 W FrameTracker: Missed App frame:UNKNOWN: 3, 15803958, 37900666, CUJ=J<SPLASHSCREEN_EXIT_ANIM>
03-31 05:41:00.328  1337  1477 W FrameTracker: Missed SF frame:UNKNOWN: 3, 15803958, 37900666, CUJ=J<SPLASHSCREEN_EXIT_ANIM>
03-31 05:41:00.333  1337  1477 W FrameTracker: Missed App frame:UNKNOWN: 3, 15803973, 44666300, CUJ=J<SPLASHSCREEN_EXIT_ANIM>
03-31 05:41:00.333  1337  1477 W FrameTracker: Missed SF frame:UNKNOWN: 3, 15803973, 44666300, CUJ=J<SPLASHSCREEN_EXIT_ANIM>
03-31 05:41:00.333  1337  1477 W FrameTracker: Missed App frame:UNKNOWN: 3, 15803988, 65294134, CUJ=J<SPLASHSCREEN_EXIT_ANIM>
03-31 05:41:00.333  1337  1477 W FrameTracker: Missed SF frame:UNKNOWN: 3, 15803988, 65294134, CUJ=J<SPLASHSCREEN_EXIT_ANIM>
03-31 05:41:00.333  1337  1477 W FrameTracker: Missed App frame:UNKNOWN: 3, 15804002, 70952268, CUJ=J<SPLASHSCREEN_EXIT_ANIM>
03-31 05:41:00.334  1337  1477 W FrameTracker: Missed SF frame:UNKNOWN: 3, 15804002, 70952268, CUJ=J<SPLASHSCREEN_EXIT_ANIM>
03-31 05:41:00.334  1337  1477 W FrameTracker: Missed SF frame:JANK_COMPOSER, 15804024, 41355636, CUJ=J<SPLASHSCREEN_EXIT_ANIM>
03-31 05:41:00.334  1337  1477 W FrameTracker: Missed App frame:UNKNOWN: 3, 15804039, 74668070, CUJ=J<SPLASHSCREEN_EXIT_ANIM>
03-31 05:41:00.334  1337  1477 W FrameTracker: Missed SF frame:UNKNOWN: 3, 15804039, 74668070, CUJ=J<SPLASHSCREEN_EXIT_ANIM>
03-31 05:41:00.334  1337  1477 W FrameTracker: Missed App frame:UNKNOWN: 3, 15804061, 98454004, CUJ=J<SPLASHSCREEN_EXIT_ANIM>
03-31 05:41:00.334  1337  1477 W FrameTracker: Missed SF frame:UNKNOWN: 3, 15804061, 98454004, CUJ=J<SPLASHSCREEN_EXIT_ANIM>
03-31 05:41:00.334  1337  1477 W FrameTracker: Missed SF frame:JANK_COMPOSER, 15804083, 85710172, CUJ=J<SPLASHSCREEN_EXIT_ANIM>
03-31 05:41:00.334  1337  1477 W FrameTracker: Missed App frame:UNKNOWN: 3, 15804121, 52694108, CUJ=J<SPLASHSCREEN_EXIT_ANIM>
03-31 05:41:00.334  1337  1477 W FrameTracker: Missed SF frame:UNKNOWN: 3, 15804121, 52694108, CUJ=J<SPLASHSCREEN_EXIT_ANIM>
03-31 05:41:00.334  1337  1477 W FrameTracker: Missed App frame:UNKNOWN: 3, 15804151, 40183776, CUJ=J<SPLASHSCREEN_EXIT_ANIM>
03-31 05:41:00.334  1337  1477 W FrameTracker: Missed SF frame:UNKNOWN: 3, 15804151, 40183776, CUJ=J<SPLASHSCREEN_EXIT_ANIM>
03-31 05:41:01.184  1636  1650 W s.nexuslauncher: Suspending all threads took: 5.443ms
