03-31 05:51:57.622 10849 10880 W unknown:BridgelessReact: ReactHost{0}.isMetroRunning()
03-31 05:51:57.684   815   924 W ProcessStats: Tracking association SourceState{ddb966b system/1000 ImpBg #31946} whose proc state 6 is better than process ProcessState{2117a88 com.android.vending/10153 pkg=com.android.vending} proc state 14 (0 skipped)
03-31 05:51:57.713 10283 10283 I Finsky  : [2] SCH: job service start with id 9648.
03-31 05:51:57.737 10849 10849 I expo-router-native: MainActivity.onCreate immediate: sdExists=false appExists=true
03-31 05:51:57.770 10849 10849 I expo-router-native: Wrote debug routes_manifest_seen in app files: {"nativeDebug":true,"ts":1774961517739}
03-31 05:51:57.798 10849 10883 I expo-router-native: Found routes_manifest_seen in app files: {"nativeDebug":true,"ts":1774961517739}
03-31 05:51:57.855 10849 10849 W WindowOnBackDispatcher: OnBackInvokedCallback is not enabled for the application.
03-31 05:51:57.855 10849 10849 W WindowOnBackDispatcher: Set 'android:enableOnBackInvokedCallback="true"' in the application manifest.
03-31 05:51:57.866 10283 10810 I Finsky  : [116] SCH: Satisfied jobs for 9648 are: 12-1
03-31 05:51:57.884 10283 10882 I Finsky  : [121] SCH: Job 12-1 starting
03-31 05:51:57.887 10283 10283 I Finsky  : [2] WM::SCH: Logging work start for 12-1
03-31 05:51:57.911 10283 10283 I Finsky  : [2] [ContentSync] job started
03-31 05:51:57.924 10849 10849 W unknown:BridgelessReact: ReactHost{0}.onHostResume(activity)
03-31 05:51:57.925 10849 10849 W unknown:ReactNative: Packager connection already open, nooping.
03-31 05:51:58.153 10849 10849 W HWUI    : Unknown dataspace 0
03-31 05:51:58.300 10849 10849 D VRI[MainActivity]: WindowInsets changed: 1080x2400 statusBars:[0,63,0,0] navigationBars:[0,0,0,63] mandatorySystemGestures:[0,63,0,84] 
03-31 05:51:58.371 10849 10849 D WindowOnBackDispatcher: setTopOnBackInvokedCallback (unwrapped): android.view.ViewRootImpl$$ExternalSyntheticLambda12@b76dd59
03-31 05:51:58.373   815   924 D CoreBackPreview: Window{e8328ed u0 com.weejobs.app/com.weejobs.app.MainActivity}: Setting back callback OnBackInvokedCallbackInfo{mCallback=android.window.IOnBackInvokedCallback$Stub$Proxy@f3fbbb5, mPriority=0, mIsAnimationCallback=false, mOverrideBehavior=0}
03-31 05:51:58.619  8555  8733 I FontLog : (REDACTED) Received query %s, URI %s
03-31 05:51:58.623  8555  8733 I FontLog : (REDACTED) Query [%s] resolved to %s
03-31 05:51:58.648  8555  8733 I FontLog : (REDACTED) Fetch %s end status %s
03-31 05:51:58.675  8555  8733 I FontLog : (REDACTED) Pulling font file for id = %d, cache size = %d
03-31 05:51:58.687 10849 10892 I HWUI    : Using FreeType backend (prop=Auto)
03-31 05:51:58.811  8555  8733 I FontLog : (REDACTED) Pulling font file for id = %d, cache size = %d
03-31 05:51:58.861   815   826 I system_server: Background young concurrent mark compact GC freed 22MB AllocSpace bytes, 16(660KB) LOS objects, 41% free, 34MB/58MB, paused 12.014ms,7.357ms total 200.215ms
03-31 05:51:58.968 10283 10884 I Finsky  : [122] App states replicator found 6 unowned apps
03-31 05:51:58.999 10283 10363 I Finsky  : [59] Completed 0 account content syncs with 0 successful.
03-31 05:51:59.000 10283 10283 I Finsky  : [2] [ContentSync] Installation state replication succeeded.
03-31 05:51:59.001 10283 10283 I Finsky  : [2] SCH: jobFinished: 12-1. TimeElapsed: 1114ms.
03-31 05:51:59.014 10283 10283 I Finsky  : [2] WM::SCH: Logging work end for 12-1
03-31 05:51:59.128 10283 10366 I Finsky  : [62] SCH: Scheduling phonesky job Id: 1-1337, CT: 1774935159947, Constraints: [{ L: 43145467, D: 86345467, C: CHARGING_NONE, I: IDLE_NONE, N: NET_ANY, B: BATTERY_ANY }]
03-31 05:51:59.144 10283 10365 I Finsky  : [61] SCH: Scheduling 1 system job(s)
03-31 05:51:59.145 10283 10365 I Finsky  : [61] SCH: Scheduling system job Id: 9651, L: 16786270, D: 59986270, C: false, I: false, N: 1
03-31 05:51:59.173 10283 10882 I Finsky  : [121] SCH: job service finished with id 9648.
03-31 05:51:59.204 10283 10283 I Finsky  : [2] Memory trim requested to level 40
03-31 05:51:59.205 10283 10283 I Finsky  : [2] Flushing in-memory image cache
03-31 05:51:59.490 10849 10895 D ProfileInstaller: Installing profile for com.weejobs.app
03-31 05:51:59.763 10849 10857 I com.weejobs.app: Compiler allocated 5087KB to compile void android.view.ViewRootImpl.performTraversals()
03-31 05:51:59.812   815   952 D ActivityManager: freezing 10253 com.google.android.gms
03-31 05:52:00.306   815  1239 I HalDevMgr: bestIfaceCreationProposal is null, requestIface=STA, existingIface=[name=wlan0 type=STA]
03-31 05:52:02.671 10849 10881 W unknown:ReactNative: The packager does not seem to be running as we got an IOException requesting its status: failed to connect to /10.0.2.2 (port 8081) from /10.0.2.16 (port 56006) after 5000ms
03-31 05:52:02.673 10849 10881 W unknown:BridgelessReact: ReactHost{0}.isMetroRunning(): Async result = false
03-31 05:52:02.684 10849 10880 W unknown:BridgelessReact: ReactHost{0}.getOrCreateReactInstanceTask(): Creating BridgelessReactContext
03-31 05:52:02.714 10849 10880 W unknown:BridgelessReact: ReactHost{0}.getOrCreateReactInstanceTask(): Creating ReactInstance
03-31 05:52:02.892 10849 10858 I com.weejobs.app: Background young concurrent mark compact GC freed 1777KB AllocSpace bytes, 2(40KB) LOS objects, 19% free, 4544KB/5645KB, paused 11.774ms,4.240ms total 119.446ms
03-31 05:52:02.929 10849 10880 D nativeloader: Load /data/app/~~e3i8s9tezBHZkQ5b0FF4Rg==/com.weejobs.app-SExlyYflQyHypzzWuoYjNA==/base.apk!/lib/x86_64/libhermesvm.so using class loader ns clns-9 (caller=/data/app/~~e3i8s9tezBHZkQ5b0FF4Rg==/com.weejobs.app-SExlyYflQyHypzzWuoYjNA==/base.apk!classes21.dex): ok
03-31 05:52:02.932 10849 10880 D nativeloader: Load /data/app/~~e3i8s9tezBHZkQ5b0FF4Rg==/com.weejobs.app-SExlyYflQyHypzzWuoYjNA==/base.apk!/lib/x86_64/libhermestooling.so using class loader ns clns-9 (caller=/data/app/~~e3i8s9tezBHZkQ5b0FF4Rg==/com.weejobs.app-SExlyYflQyHypzzWuoYjNA==/base.apk!classes21.dex): ok
03-31 05:52:02.932 10849 10880 D jni_lib_merge: Entering merged library JNI_OnLoad.
03-31 05:52:02.932 10849 10880 D jni_lib_merge: Preparing 4 pre-merged libs (including stub)
03-31 05:52:02.932 10849 10880 D jni_lib_merge: Preparing to register libhermes_executor_so.  onload_func: 0x76f5d3d90ad0
03-31 05:52:02.932 10849 10880 D jni_lib_merge: Preparing to register libhermesinstancejni_so.  onload_func: 0x76f5d3dbc330
03-31 05:52:02.932 10849 10880 D jni_lib_merge: Preparing to register libjsijniprofiler_so.  onload_func: 0x76f5d3dbe0a0
03-31 05:52:02.933 10849 10880 D jni_lib_merge: About to register 3 actual methods.
03-31 05:52:03.073 10849 10880 I com.weejobs.app: Waiting for a blocking GC ClassLinker
03-31 05:52:03.117 10849 10858 I com.weejobs.app: Background concurrent mark compact GC freed 696KB AllocSpace bytes, 4(376KB) LOS objects, 49% free, 3896KB/7792KB, paused 8.212ms,9.350ms total 104.499ms
03-31 05:52:03.118 10849 10880 I com.weejobs.app: WaitForGcToComplete blocked ClassLinker on Background for 45.401ms
03-31 05:52:03.330   815  1239 I HalDevMgr: bestIfaceCreationProposal is null, requestIface=STA, existingIface=[name=wlan0 type=STA]
03-31 05:52:04.234   815  1701 W libbinder.Binder: Binder transaction to android.app.IActivityManager code 1598246212 took 18828ms. Data bytes: 236 Reply bytes: 4 Flags: 16
03-31 05:52:04.248  1636  1636 D BaseActivity: Launcher flags updated: [] -[state_started]
03-31 05:52:04.248  1636  1636 D BaseDepthController: setSurface:
03-31 05:52:04.248  1636  1636 D BaseDepthController: 	mWaitingOnSurfaceValidity: false
03-31 05:52:04.248  1636  1636 D BaseDepthController: 	mBaseSurface: null
03-31 05:52:04.249  1636  1636 D BaseDepthController: mSurface is null and mCurrentBlur is: 0
03-31 05:52:04.265  1636  1636 D LauncherStateManager: StateManager.goToState: fromState: Normal, toState: Normal, partial trace:
03-31 05:52:04.265  1636  1636 D LauncherStateManager: 	at com.android.launcher3.statemanager.StateManager.moveToRestState(go/retraceme f3a19d912c87c27267cfbc05ba0bc7b202ab72a6648bd76225f5f7e128d94583:6)
03-31 05:52:04.265  1636  1636 D LauncherStateManager: 	at com.android.launcher3.statemanager.StateManager.moveToRestState(go/retraceme f3a19d912c87c27267cfbc05ba0bc7b202ab72a6648bd76225f5f7e128d94583:2)
03-31 05:52:04.265  1636  1636 D LauncherStateManager: 	at com.android.launcher3.statemanager.StatefulActivity.onStop(go/retraceme f3a19d912c87c27267cfbc05ba0bc7b202ab72a6648bd76225f5f7e128d94583:32)
03-31 05:52:04.266  1636  1636 D LauncherStateManager: StateManager.onRepeatStateSetAborted: state: Normal
03-31 05:52:04.267  1636  1636 D ActivityContext: hideKeyboard
03-31 05:52:04.268  1636  1636 D ActivityContext: isImeShown: false
03-31 05:52:04.268  1636  1636 D StatsLog: LAUNCHER_ONSTOP
03-31 05:52:04.278  1636  8447 D GmsPlayProvider: Shutdown the binder channel gracefully.
03-31 05:52:04.280  1636  8447 D GmsPlayProvider: Binder channel is terminated gracefully.
03-31 05:52:04.281  1636  1636 D StatsLog: LAUNCHER_GOOGLE_SEARCH_RESTORE_LIST_SIZE_AFTER_ACTIVITY_RESTART
03-31 05:52:04.296   815  1292 D BackgroundInstallControlService: Package event received: 0
03-31 05:52:04.375 10849 10880 I ExpoModulesCore: ✅ AppContext was initialized
03-31 05:52:04.608 10849 10880 W unknown:BridgelessReact: ReactHost{0}.getOrCreateReactInstanceTask(): Loading JS Bundle
03-31 05:52:04.635 10849 10880 W unknown:BridgelessReact: ReactHost{0}.getOrCreateReactInstanceTask(): DevSupportManager.onNewReactContextCreated()
03-31 05:52:04.663 10849 10880 W unknown:BridgelessReact: ReactHost{0}.startSurface(surfaceId = 0): Execute
03-31 05:52:04.677 10849 10849 W unknown:ReactNative: Packager connection already open, nooping.
03-31 05:52:04.678 10849 10849 W unknown:BridgelessReact: ReactHost{0}.ReactContext.onHostResume()
03-31 05:52:04.740 10849 10849 W unknown:BridgelessReact: ReactHost{0}.getOrCreateReactInstanceTask(): Executing ReactInstanceEventListeners
03-31 05:52:04.812 10849 10896 I HermesVM: Compiling JS failed: 1339:1756:non-terminated string, sourceURL: index.android.bundle
03-31 05:52:05.113 10849 10896 W unknown:BridgelessReact: ReactHost{0}.handleHostException(message = "[runtime not ready]: Error: Non-js exception: Compiling JS failed: 1339:1756:non-terminated string, sourceURL: index.android.bundle, stack:
03-31 05:52:05.113 10849 10896 W unknown:BridgelessReact: ")
03-31 05:52:05.115 10849 10896 E unknown:ReactNative: Exception in native call from JS
03-31 05:52:05.115 10849 10896 E unknown:ReactNative: com.facebook.react.common.JavascriptException: [runtime not ready]: Error: Non-js exception: Compiling JS failed: 1339:1756:non-terminated string, sourceURL: index.android.bundle, stack:
03-31 05:52:05.115 10849 10896 E unknown:ReactNative: 
03-31 05:52:05.115 10849 10896 E unknown:ReactNative: 	at com.facebook.react.modules.core.ExceptionsManagerModule.reportException(ExceptionsManagerModule.kt:52)
03-31 05:52:05.115 10849 10896 E unknown:ReactNative: 	at com.facebook.react.runtime.ReactInstance$ReactJsExceptionHandlerImpl.reportJsException(ReactInstance.kt:291)
03-31 05:52:05.115 10849 10896 E unknown:ReactNative: 	at com.facebook.jni.NativeRunnable.run(Native Method)
03-31 05:52:05.115 10849 10896 E unknown:ReactNative: 	at android.os.Handler.handleCallback(Handler.java:1070)
03-31 05:52:05.115 10849 10896 E unknown:ReactNative: 	at android.os.Handler.dispatchMessage(Handler.java:125)
03-31 05:52:05.115 10849 10896 E unknown:ReactNative: 	at com.facebook.react.bridge.queue.MessageQueueThreadHandler.dispatchMessage(MessageQueueThreadHandler.kt:21)
03-31 05:52:05.115 10849 10896 E unknown:ReactNative: 	at android.os.Looper.dispatchMessage(Looper.java:333)
03-31 05:52:05.115 10849 10896 E unknown:ReactNative: 	at android.os.Looper.loopOnce(Looper.java:263)
03-31 05:52:05.115 10849 10896 E unknown:ReactNative: 	at android.os.Looper.loop(Looper.java:367)
03-31 05:52:05.115 10849 10896 E unknown:ReactNative: 	at com.facebook.react.bridge.queue.MessageQueueThreadImpl$Companion.startNewBackgroundThread$lambda$0(MessageQueueThreadImpl.kt:152)
03-31 05:52:05.115 10849 10896 E unknown:ReactNative: 	at com.facebook.react.bridge.queue.MessageQueueThreadImpl$Companion.$r8$lambda$YYXYCFexeoKtAeDpeNYkxZZlpbA(Unknown Source:0)
03-31 05:52:05.115 10849 10896 E unknown:ReactNative: 	at com.facebook.react.bridge.queue.MessageQueueThreadImpl$Companion$$ExternalSyntheticLambda0.run(D8$$SyntheticClass:0)
03-31 05:52:05.115 10849 10896 E unknown:ReactNative: 	at java.lang.Thread.run(Thread.java:1563)
03-31 05:52:05.117 10849 10880 W unknown:BridgelessReact: ReactHost{0}.getOrCreateDestroyTask()
03-31 05:52:05.118 10849 10880 W unknown:BridgelessReact: ReactHost{0}.getOrCreateDestroyTask(): Resetting createReactInstance task ref
03-31 05:52:05.490 10849 10849 W unknown:BridgelessReact: ReactHost{0}.getOrCreateDestroyTask(): Starting React Native destruction
03-31 05:52:05.490 10849 10849 W unknown:BridgelessReact: ReactHost{0}.getOrCreateDestroyTask(): DevSupportManager cleanup
03-31 05:52:05.492 10849 10849 W unknown:BridgelessReact: ReactHost{0}.getOrCreateDestroyTask(): Move ReactHost to onHostDestroy()
03-31 05:52:05.493 10849 10849 W unknown:BridgelessReact: ReactHost{0}.ReactContext.onHostPause()
03-31 05:52:05.493 10849 10849 W unknown:BridgelessReact: ReactHost{0}.ReactContext.onHostDestroy()
03-31 05:52:05.516  1522  1586 D SatelliteController: iisInCarrierRoamingNbIotNtn: satellite is disabled
03-31 05:52:05.530  1522  1586 D SatelliteController: getCarrierRoamingNtnConnectType: Falling back to global carrier config connect type: 0
03-31 05:52:05.536 10849 10880 W unknown:BridgelessReact: ReactHost{0}.getOrCreateDestroyTask(): Stopping all React Native surfaces
03-31 05:52:05.537 10849 10880 E unknown:SurfaceMountingManager: Stopping surface [1]
03-31 05:52:05.551 10849 10849 D WindowOnBackDispatcher: setTopOnBackInvokedCallback (unwrapped): android.view.ViewRootImpl$$ExternalSyntheticLambda12@c889ee9
03-31 05:52:05.556   815  1701 D CoreBackPreview: Window{eb6a33c u0 com.weejobs.app/com.weejobs.app.MainActivity}: Setting back callback OnBackInvokedCallbackInfo{mCallback=android.window.IOnBackInvokedCallback$Stub$Proxy@ecd45e6, mPriority=0, mIsAnimationCallback=false, mOverrideBehavior=0}
03-31 05:52:05.832 10904 10904 W libbinder.BackendUnifiedServiceManager: Thread Pool max thread count is 0. Cannot cache binder as linkToDeath cannot be implemented. serviceName: package
03-31 05:52:06.064 10849 10849 I Choreographer: Skipped 30 frames!  The application may be doing too much work on its main thread.
03-31 05:52:06.085 10849 10891 I HWUI    : Davey! duration=884ms; Flags=1, FrameTimelineVsyncId=16054743, IntendedVsync=61673735809508, Vsync=61674119142826, InputEventId=0, HandleInputStart=61674135274714, AnimationStart=61674135878614, PerformTraversalsStart=61674136168314, DrawStart=61674333801614, FrameDeadline=61673752476174, FrameStartTime=61674131719814, FrameInterval=16666666, WorkloadTarget=16666666, SyncQueued=61674347439614, SyncStart=61674382802414, IssueDrawCommandsStart=61674383044114, SwapBuffers=61674581477314, FrameCompleted=61674655257814, DequeueBufferDuration=50800, QueueBufferDuration=1191800, GpuCompleted=61674655257814, SwapBuffersCompleted=61674646423914, DisplayPresentTime=0, CommandSubmissionCompleted=61674581477314, 
03-31 05:52:06.091 10849 10849 E unknown:SurfaceMountingManager: Surface [1] was stopped on SurfaceMountingManager.
03-31 05:52:06.096 10849 10849 W unknown:BridgelessReact: ReactHost{0}.getOrCreateDestroyTask(): Destroying MemoryPressureRouter
03-31 05:52:06.106 10849 10849 W unknown:BridgelessReact: ReactHost{0}.getOrCreateDestroyTask(): Resetting ReactContext ref
03-31 05:52:06.106 10849 10849 W unknown:BridgelessReact: ReactHost{0}.getOrCreateDestroyTask(): Destroying ReactContext
03-31 05:52:06.128 10849 10880 W unknown:BridgelessReact: ReactHost{0}.getOrCreateDestroyTask(): Resetting ReactInstance ptr
03-31 05:52:06.128 10849 10880 W unknown:BridgelessReact: ReactHost{0}.getOrCreateDestroyTask(): Destroying ReactInstance
03-31 05:52:06.172 10849 10880 E unknown:ReactNative: Tried to remove non-existent frame callback
03-31 05:52:06.235 10849 10880 W unknown:BridgelessReact: ReactHost{0}.getOrCreateDestroyTask(): Resetting start/destroy task ref
03-31 05:52:06.240   815   972 I ImeTracker: com.weejobs.app:c2e95414: onRequestHide at ORIGIN_SERVER reason HIDE_UNSPECIFIED_WINDOW fromUser false
03-31 05:52:06.260 10849 10849 D InsetsController: hide(ime())
03-31 05:52:06.267 10849 10849 I ImeTracker: com.weejobs.app:c2e95414: onCancelled at PHASE_CLIENT_ALREADY_HIDDEN
03-31 05:52:06.360  8754  8754 I GoogleInputMethodService: GoogleInputMethodService.onFinishInput():2057 
03-31 05:52:06.366   815  1705 I ImeTracker: system_server:ef1a256a: onRequestHide at ORIGIN_SERVER reason IME_REQUESTED_CHANGED_LISTENER fromUser false
03-31 05:52:06.366  8754  8754 I Module  : DeviceLockedStatusModuleProvider$Module.updateDeviceLockedStatus():100 repeatCheckTimes = 0, locked = false
03-31 05:52:06.368   815   838 I ImeTracker: system_server:ef1a256a: onCancelled at PHASE_SERVER_SHOULD_HIDE
03-31 05:52:06.374  8754  8754 I GoogleInputMethodService: GoogleInputMethodService.onStartInput():1318 onStartInput(EditorInfo{EditorInfo{packageName=com.weejobs.app, inputType=0, inputTypeString=NULL, enableLearning=false, autoCorrection=false, autoComplete=false, imeOptions=0, privateImeOptions=null, actionName=UNSPECIFIED, actionLabel=null, initialSelStart=-1, initialSelEnd=-1, initialCapsMode=0, label=null, fieldId=0, fieldName=null, extras=null, hintText=null, hintLocales=[]}}, false)
03-31 05:52:06.382  8754  8754 I Module  : DeviceLockedStatusModuleProvider$Module.updateDeviceLockedStatus():100 repeatCheckTimes = 1, locked = false
03-31 05:52:06.398   815  1705 W PackageConfigPersister: App-specific configuration not found for packageName: com.weejobs.app and userId: 0
03-31 05:52:06.400   815   952 D ActivityManager: freezing 10769 com.android.keychain
03-31 05:52:06.413   815  1239 I HalDevMgr: bestIfaceCreationProposal is null, requestIface=STA, existingIface=[name=wlan0 type=STA]
03-31 05:52:06.539  3343  3357 I artd    : GetBestInfo: odex next to the dex file (/data/app/~~l86ooHn3z7zjJPmRwuVyKA==/com.google.android.gms-mjvtrlLEHAA3R1GV5L8qqg==/oat/x86_64/base.odex) is kOatUpToDate with filter 'speed-profile' executable 'false'
03-31 05:52:06.546  3343  3357 I artd    : GetBestInfo: odex next to the dex file (/data/app/~~l86ooHn3z7zjJPmRwuVyKA==/com.google.android.gms-mjvtrlLEHAA3R1GV5L8qqg==/oat/x86_64/split_AdsDynamite_installtime.odex) is kOatUpToDate with filter 'speed' executable 'false'
03-31 05:52:06.555  3343  3357 I artd    : GetBestInfo: odex next to the dex file (/data/app/~~l86ooHn3z7zjJPmRwuVyKA==/com.google.android.gms-mjvtrlLEHAA3R1GV5L8qqg==/oat/x86_64/split_CronetDynamite_installtime.odex) is kOatUpToDate with filter 'speed' executable 'false'
03-31 05:52:06.565  3343  3357 I artd    : GetBestInfo: odex next to the dex file (/data/app/~~l86ooHn3z7zjJPmRwuVyKA==/com.google.android.gms-mjvtrlLEHAA3R1GV5L8qqg==/oat/x86_64/split_DynamiteLoader_installtime.odex) is kOatUpToDate with filter 'speed' executable 'false'
03-31 05:52:06.570  3343  3357 I artd    : GetBestInfo: odex next to the dex file (/data/app/~~l86ooHn3z7zjJPmRwuVyKA==/com.google.android.gms-mjvtrlLEHAA3R1GV5L8qqg==/oat/x86_64/split_DynamiteModulesA_installtime.odex) is kOatUpToDate with filter 'speed' executable 'false'
03-31 05:52:06.577  3343  3357 I artd    : GetBestInfo: odex next to the dex file (/data/app/~~l86ooHn3z7zjJPmRwuVyKA==/com.google.android.gms-mjvtrlLEHAA3R1GV5L8qqg==/oat/x86_64/split_DynamiteModulesC_installtime.odex) is kOatUpToDate with filter 'speed' executable 'false'
03-31 05:52:06.595  3343  3357 I artd    : GetBestInfo: odex next to the dex file (/data/app/~~l86ooHn3z7zjJPmRwuVyKA==/com.google.android.gms-mjvtrlLEHAA3R1GV5L8qqg==/oat/x86_64/split_GoogleCertificates_installtime.odex) is kOatUpToDate with filter 'speed' executable 'false'
03-31 05:52:06.649  3343  3357 I artd    : GetBestInfo: odex next to the dex file (/data/app/~~l86ooHn3z7zjJPmRwuVyKA==/com.google.android.gms-mjvtrlLEHAA3R1GV5L8qqg==/oat/x86_64/split_MapsDynamite_installtime.odex) is kOatUpToDate with filter 'speed' executable 'false'
03-31 05:52:06.687  3343  3357 I artd    : GetBestInfo: odex next to the dex file (/data/app/~~l86ooHn3z7zjJPmRwuVyKA==/com.google.android.gms-mjvtrlLEHAA3R1GV5L8qqg==/oat/x86_64/split_MeasurementDynamite_installtime.odex) is kOatUpToDate with filter 'speed' executable 'false'
03-31 05:52:06.695  3343  3357 I artd    : GetBestInfo: /data/user_de/0/com.google.android.gms/app_chimera/m/0000000d/dl-PlayCloudSearch.optional_253434100000.apk has no usable artifacts
03-31 05:52:06.700  3343  3357 I artd    : GetBestInfo: /data/user_de/0/com.google.android.gms/app_chimera/m/0000000c/dl-MlkitBarcodeUi.optional_253434100800.apk has no usable artifacts
03-31 05:52:06.701  3343  3357 I artd    : GetBestInfo: /data/user_de/0/com.google.android.gms/app_chimera/m/00000001/CronetDynamite.apk has no usable artifacts
03-31 05:52:06.704  3343  3357 I artd    : GetBestInfo: /data/user_de/0/com.google.android.gms/app_chimera/m/00000016/dl-MlkitOcrCommon.optional_261133100800.apk has no usable artifacts
03-31 05:52:06.712  3343  3357 I artd    : GetBestInfo: /data/user_de/0/com.google.android.gms/app_chimera/m/0000000e/dl-VisionOcr.optional_253434100000.apk has no usable artifacts
03-31 05:52:06.719  3343  3357 I artd    : GetBestInfo: /data/user_de/0/com.google.android.gms/app_chimera/m/00000002/DynamiteLoader.apk has no usable artifacts
03-31 05:52:06.720  3343  3357 I artd    : GetBestInfo: /data/user_de/0/com.google.android.gms/app_chimera/m/00000005/GoogleCertificates.apk has no usable artifacts
03-31 05:52:06.738  3343  3357 I artd    : GetBestInfo: /data/user_de/0/com.google.android.gms/app_chimera/m/00000012/dl-Appsearch.optional_261133100800.apk has no usable artifacts
03-31 05:52:06.742  3343  3357 I artd    : GetBestInfo: /data/user_de/0/com.google.android.gms/app_chimera/m/00000011/dl-PlayCloudSearch.optional_261133100000.apk has no usable artifacts
03-31 05:52:06.747  3343  3357 I artd    : GetBestInfo: /data/user_de/0/com.google.android.gms/app_chimera/m/00000015/dl-MlkitBarcodeUi.optional_261133100800.apk has no usable artifacts
03-31 05:52:06.750  3343  3357 I artd    : GetBestInfo: /data/user_de/0/com.google.android.gms/app_chimera/m/0000000a/dl-Appsearch.optional_253434100800.apk has no usable artifacts
03-31 05:52:06.754  3343  3357 I artd    : GetBestInfo: /data/user_de/0/com.google.android.gms/app_chimera/m/00000008/dl-TfliteDynamiteDynamite.integ_252130102100800.apk has no usable artifacts
03-31 05:52:06.761  3343  3357 I artd    : GetBestInfo: /data/user_de/0/com.google.android.gms/app_chimera/m/0000000f/dl-MlkitOcrCommon.optional_253434100800.apk has no usable artifacts
03-31 05:52:06.764  3343  3357 I artd    : GetBestInfo: /data/user_de/0/com.google.android.gms/app_chimera/m/00000010/dl-VisionOcr.optional_261133100000.apk has no usable artifacts
03-31 05:52:06.769  3343  3357 I artd    : GetBestInfo: vdex next to the dex file (/data/user/0/com.google.android.gms/app_dg_cache/BB2AE5A47BB198AF36C19CFD2B6407061A1BAF30/oat/x86_64/the.vdex) is kOatUpToDate with filter 'verify' executable 'false'
03-31 05:52:06.772  3343  3357 I artd    : GetBestInfo: /data/user_de/0/com.google.android.gms/app_chimera/m/00000007/MeasurementDynamite.apk has no usable artifacts
03-31 05:52:07.640 10849 10879 W unknown:ReconnectingWebSocket: Couldn't connect to "ws://10.0.2.2:8081/message?device=sdk_gphone64_x86_64%20-%2016%20-%20API%2036&app=com.weejobs.app&clientid=BridgelessDevSupportManager", will silently retry
03-31 05:52:08.127   815   838 W ActivityTaskManager: Activity transferring splash screen timeout for ActivityRecord{47211331 u0 com.weejobs.app/.MainActivity t85} state 2
03-31 05:52:08.531  1337  1477 D WindowOnBackDispatcher: setTopOnBackInvokedCallback (unwrapped): null
03-31 05:52:08.532   815  2200 D CoreBackPreview: Window{62ea4d8 u0 Splash Screen com.weejobs.app EXITING}: Setting back callback null
03-31 05:52:09.215   815   952 D ActivityManager: freezing 10283 com.android.vending
03-31 05:52:09.228   815  1247 D InetDiagMessage: Destroyed 0 sockets, proto=IPPROTO_TCP, family=AF_INET, states=14
03-31 05:52:09.231   815  1247 D InetDiagMessage: Destroyed 0 sockets, proto=IPPROTO_TCP, family=AF_INET6, states=14
03-31 05:52:09.232   815  1247 D InetDiagMessage: Destroyed live tcp sockets for uids={10153} in 6ms
03-31 05:52:09.440   815  1239 I HalDevMgr: bestIfaceCreationProposal is null, requestIface=STA, existingIface=[name=wlan0 type=STA]
