03-31 01:17:03.011 D/nativeloader(29365): Load libframework-connectivity-tiramisu-jni.so using APEX ns com_android_tethering for caller /apex/com.android.tethering/javalib/framework-connectivity-t.jar: ok
03-31 01:17:03.191 W/.android.chrome(29365): Failed to find entry 'classes.dex': Entry not found
03-31 01:17:03.202 D/nativeloader(29365): Configuring clns-9 for other apk /data/app/~~6I3qCVe_vnSsRH7EfCKmOg==/com.google.android.trichromelibrary_699813538-v_Dk5qVNR-LORUYNPbrAZw==/TrichromeLibrary.apk. target_sdk_version=35, uses_libraries=ALL, library_path=/data/app/~~uuiiY5pWcFlaPgFJLOFrbw==/com.android.chrome-fCErohIOpHCenSyToMl3iA==/lib/x86_64:/data/app/~~uuiiY5pWcFlaPgFJLOFrbw==/com.android.chrome-fCErohIOpHCenSyToMl3iA==/Chrome.apk!/lib/x86_64:/data/app/~~6I3qCVe_vnSsRH7EfCKmOg==/com.google.android.trichromelibrary_699813538-v_Dk5qVNR-LORUYNPbrAZw==/TrichromeLibrary.apk!/lib/x86_64, permitted_path=/data:/mnt/expand:/data/user/0/com.android.chrome
03-31 01:17:03.309 D/nativeloader(29290): Load /data/app/~~ZIrYvKj1uZybalTOCOgQTQ==/com.weejobs.app-czZOAyLg5RZ0KRz31JRLhA==/base.apk!/lib/x86_64/libc++_shared.so using class loader ns clns-9 (caller=/data/app/~~ZIrYvKj1uZybalTOCOgQTQ==/com.weejobs.app-czZOAyLg5RZ0KRz31JRLhA==/base.apk!classes21.dex): ok
03-31 01:17:03.376 D/nativeloader(29365): Configuring clns-10 for other apk /data/app/~~uuiiY5pWcFlaPgFJLOFrbw==/com.android.chrome-fCErohIOpHCenSyToMl3iA==/Chrome.apk. target_sdk_version=35, uses_libraries=, library_path=/data/app/~~uuiiY5pWcFlaPgFJLOFrbw==/com.android.chrome-fCErohIOpHCenSyToMl3iA==/lib/x86_64:/data/app/~~uuiiY5pWcFlaPgFJLOFrbw==/com.android.chrome-fCErohIOpHCenSyToMl3iA==/Chrome.apk!/lib/x86_64:/data/app/~~6I3qCVe_vnSsRH7EfCKmOg==/com.google.android.trichromelibrary_699813538-v_Dk5qVNR-LORUYNPbrAZw==/TrichromeLibrary.apk!/lib/x86_64, permitted_path=/data:/mnt/expand:/data/user/0/com.android.chrome
03-31 01:17:03.467 D/CompatChangeReporter(29365): Compat change id reported: 202956589; UID 10162; state: ENABLED
03-31 01:17:03.624 I/ndroid.systemui( 1337): Background concurrent mark compact GC freed 14MB AllocSpace bytes, 0(0B) LOS objects, 44% free, 30MB/54MB, paused 4.488ms,13.737ms total 36.653s
03-31 01:17:03.624 W/ndroid.systemui( 1337): Reducing the number of considered missed Gc histogram windows from 107 to 100
03-31 01:17:03.655 D/nativeloader(29290): Load /data/app/~~ZIrYvKj1uZybalTOCOgQTQ==/com.weejobs.app-czZOAyLg5RZ0KRz31JRLhA==/base.apk!/lib/x86_64/libjsi.so using class loader ns clns-9 (caller=/data/app/~~ZIrYvKj1uZybalTOCOgQTQ==/com.weejobs.app-czZOAyLg5RZ0KRz31JRLhA==/base.apk!classes21.dex): ok
03-31 01:17:03.686 W/System  ( 1337): A resource failed to call release. 
03-31 01:17:03.686 W/System  ( 1337): A resource failed to call release. 
03-31 01:17:03.686 W/System  ( 1337): A resource failed to call release. 
03-31 01:17:03.731 W/System  ( 1337): A resource failed to call release. 
03-31 01:17:03.780 V/GraphicsEnvironment(29365): Currently set values for:
03-31 01:17:03.782 V/GraphicsEnvironment(29365):   angle_gl_driver_selection_pkgs=[]
03-31 01:17:03.782 V/GraphicsEnvironment(29365):   angle_gl_driver_selection_values=[]
03-31 01:17:03.782 V/GraphicsEnvironment(29365): com.android.chrome is not listed in per-application setting
03-31 01:17:03.783 V/GraphicsEnvironment(29365): ANGLE allowlist from config: com.dreamgames.royalmatch com.dts.freefiremax com.dxx.firenow com.gramgames.mergedragons com.ludo.king com.mojang.minecraftpe com.my.defense com.nintendo.zaka com.os.airforce com.playrix.fishdomdd.gplay io.teslatech.callbreak jp.konami.prospia net.peakgames.toonblast
03-31 01:17:03.783 V/GraphicsEnvironment(29365): No special selections for ANGLE, returning default driver choice
03-31 01:17:03.783 V/GraphicsEnvironment(29365): Neither updatable production driver nor prerelease driver is supported.
03-31 01:17:03.799 I/ActivityManager(  815): Extending process start timeout by 3459ms for ProcessRecord{fefe2b4 29290:com.weejobs.app/u0a227}
03-31 01:17:03.801 I/LoadedApk(29365): No resource references to update in package com.google.android.trichromelibrary
03-31 01:17:03.871 D/nativeloader(29290): Load /data/app/~~ZIrYvKj1uZybalTOCOgQTQ==/com.weejobs.app-czZOAyLg5RZ0KRz31JRLhA==/base.apk!/lib/x86_64/libfbjni.so using class loader ns clns-9 (caller=/data/app/~~ZIrYvKj1uZybalTOCOgQTQ==/com.weejobs.app-czZOAyLg5RZ0KRz31JRLhA==/base.apk!classes21.dex): ok
03-31 01:17:03.871 I/cr_SplitCompatApp(29365): version=134.0.6998.135 (699813538) minSdkVersion=29 isBundle=false processName=com.android.chrome isIsolatedProcess=false
03-31 01:17:03.929 D/nativeloader(29290): Load /data/app/~~ZIrYvKj1uZybalTOCOgQTQ==/com.weejobs.app-czZOAyLg5RZ0KRz31JRLhA==/base.apk!/lib/x86_64/libreactnative.so using class loader ns clns-9 (caller=/data/app/~~ZIrYvKj1uZybalTOCOgQTQ==/com.weejobs.app-czZOAyLg5RZ0KRz31JRLhA==/base.apk!classes21.dex): ok
03-31 01:17:03.929 D/jni_lib_merge(29290): Entering merged library JNI_OnLoad.
03-31 01:17:03.929 D/jni_lib_merge(29290): Preparing 12 pre-merged libs (including stub)
03-31 01:17:03.929 D/jni_lib_merge(29290): Preparing to register libfabricjni_so.  onload_func: 0x76f54bac55d0
03-31 01:17:03.930 D/jni_lib_merge(29290): Preparing to register libreact_devsupportjni_so.  onload_func: 0x76f54bcde660
03-31 01:17:03.930 D/jni_lib_merge(29290): Preparing to register libreact_featureflagsjni_so.  onload_func: 0x76f54bcf0530
03-31 01:17:03.930 D/jni_lib_merge(29290): Preparing to register libreact_newarchdefaults_so.  onload_func: 0x76f54bd8bb10
03-31 01:17:03.930 D/jni_lib_merge(29290): Preparing to register libreactnativeblob_so.  onload_func: 0x76f54bf986c0
03-31 01:17:03.931 D/jni_lib_merge(29290): Preparing to register libreactnativejni_so.  onload_func: 0x76f54bfd42d0
03-31 01:17:03.932 D/jni_lib_merge(29290): Preparing to register libreactnativejni_common_so.  onload_func: 0x76f54bfd9cd0
03-31 01:17:03.932 D/jni_lib_merge(29290): Preparing to register librninstance_so.  onload_func: 0x76f54c023fe0
03-31 01:17:03.932 D/jni_lib_merge(29290): Preparing to register libturbomodulejsijni_so.  onload_func: 0x76f54c185f40
03-31 01:17:03.932 D/jni_lib_merge(29290): Preparing to register libuimanagerjni_so.  onload_func: 0x76f54c19ca30
03-31 01:17:03.932 D/jni_lib_merge(29290): Preparing to register libyoga_so.  onload_func: 0x76f54c1ab9c0
03-31 01:17:03.932 D/jni_lib_merge(29290): About to register 11 actual methods.
03-31 01:17:04.078 I/FontLog ( 8555): (REDACTED) Received query %s, URI %s
03-31 01:17:04.079 I/FontLog ( 8555): (REDACTED) Query [%s] resolved to %s
03-31 01:17:04.096 I/FontLog ( 8555): (REDACTED) Font PFD returned from cache for %s
03-31 01:17:04.099 I/FontLog ( 8555): (REDACTED) Fetch %s end status %s
03-31 01:17:04.116 I/FontLog ( 8555): (REDACTED) Pulling font file for id = %d, cache size = %d
03-31 01:17:04.135 D/DesktopExperienceFlags(29365): Toggle override initialized to: false
03-31 01:17:04.137 I/HWUI    (29365): Using FreeType backend (prop=Auto)
03-31 01:17:04.247 I/FontLog ( 8555): (REDACTED) Received query %s, URI %s
03-31 01:17:04.249 I/FontLog ( 8555): (REDACTED) Query [%s] resolved to %s
03-31 01:17:04.253 I/FontLog ( 8555): (REDACTED) Font PFD returned from cache for %s
03-31 01:17:04.254 I/FontLog ( 8555): (REDACTED) Fetch %s end status %s
03-31 01:17:04.264 I/FontLog ( 8555): (REDACTED) Pulling font file for id = %d, cache size = %d
03-31 01:17:04.333 I/FontLog ( 8555): (REDACTED) Received query %s, URI %s
03-31 01:17:04.333 I/FontLog ( 8555): (REDACTED) Query [%s] resolved to %s
03-31 01:17:04.335 I/FontLog ( 8555): (REDACTED) Font PFD returned from cache for %s
03-31 01:17:04.336 I/FontLog ( 8555): (REDACTED) Fetch %s end status %s
03-31 01:17:04.348 I/FontLog ( 8555): (REDACTED) Pulling font file for id = %d, cache size = %d
03-31 01:17:04.381 I/system_server(  815): Background young concurrent mark compact GC freed 23MB AllocSpace bytes, 16(776KB) LOS objects, 41% free, 33MB/57MB, paused 7.834ms,4.758ms total 256.278ms
03-31 01:17:04.399 I/FontLog ( 8555): (REDACTED) Received query %s, URI %s
03-31 01:17:04.400 I/FontLog ( 8555): (REDACTED) Query [%s] resolved to %s
03-31 01:17:04.403 I/FontLog ( 8555): (REDACTED) Font PFD returned from cache for %s
03-31 01:17:04.403 I/FontLog ( 8555): (REDACTED) Fetch %s end status %s
03-31 01:17:04.410 I/FontLog ( 8555): (REDACTED) Pulling font file for id = %d, cache size = %d
03-31 01:17:04.438 W/com.weejobs.app(29290): userfaultfd: MOVE ioctl seems unsupported: Connection timed out
03-31 01:17:04.445 I/FontLog ( 8555): (REDACTED) Received query %s, URI %s
03-31 01:17:04.445 I/FontLog ( 8555): (REDACTED) Query [%s] resolved to %s
03-31 01:17:04.447 W/libbinder.BackendUnifiedServiceManager(29386): Thread Pool max thread count is 0. Cannot cache binder as linkToDeath cannot be implemented. serviceName: package
03-31 01:17:04.449 I/FontLog ( 8555): (REDACTED) Font PFD returned from cache for %s
03-31 01:17:04.451 I/FontLog ( 8555): (REDACTED) Fetch %s end status %s
03-31 01:17:04.462 I/com.weejobs.app(29290): Background concurrent mark compact GC freed 3012KB AllocSpace bytes, 12(1128KB) LOS objects, 49% free, 2152KB/4305KB, paused 9.601ms,4.946ms total 148.059ms
03-31 01:17:04.463 I/FontLog ( 8555): (REDACTED) Pulling font file for id = %d, cache size = %d
03-31 01:17:04.482 D/nativeloader(29290): Load /data/app/~~ZIrYvKj1uZybalTOCOgQTQ==/com.weejobs.app-czZOAyLg5RZ0KRz31JRLhA==/base.apk!/lib/x86_64/libreact_codegen_rnscreens.so using class loader ns clns-9 (caller=/data/app/~~ZIrYvKj1uZybalTOCOgQTQ==/com.weejobs.app-czZOAyLg5RZ0KRz31JRLhA==/base.apk!classes21.dex): ok
03-31 01:17:04.482 D/jni_lib_merge(29290): Entering merged library JNI_OnLoad.
03-31 01:17:04.482 D/jni_lib_merge(29290): Preparing 12 pre-merged libs (including stub)
03-31 01:17:04.482 D/jni_lib_merge(29290): Preparing to register libfabricjni_so.  onload_func: 0x76f54bac55d0
03-31 01:17:04.482 D/jni_lib_merge(29290): Preparing to register libreact_devsupportjni_so.  onload_func: 0x76f54bcde660
03-31 01:17:04.482 D/jni_lib_merge(29290): Preparing to register libreact_featureflagsjni_so.  onload_func: 0x76f54bcf0530
03-31 01:17:04.482 D/jni_lib_merge(29290): Preparing to register libreact_newarchdefaults_so.  onload_func: 0x76f54bd8bb10
03-31 01:17:04.482 D/jni_lib_merge(29290): Preparing to register libreactnativeblob_so.  onload_func: 0x76f54bf986c0
03-31 01:17:04.483 D/jni_lib_merge(29290): Preparing to register libreactnativejni_so.  onload_func: 0x76f54bfd42d0
03-31 01:17:04.483 D/jni_lib_merge(29290): Preparing to register libreactnativejni_common_so.  onload_func: 0x76f54bfd9cd0
03-31 01:17:04.483 D/jni_lib_merge(29290): Preparing to register librninstance_so.  onload_func: 0x76f54c023fe0
03-31 01:17:04.483 D/jni_lib_merge(29290): Preparing to register libturbomodulejsijni_so.  onload_func: 0x76f54c185f40
03-31 01:17:04.483 D/jni_lib_merge(29290): Preparing to register libuimanagerjni_so.  onload_func: 0x76f54c19ca30
03-31 01:17:04.483 D/jni_lib_merge(29290): Preparing to register libyoga_so.  onload_func: 0x76f54c1ab9c0
03-31 01:17:04.483 D/jni_lib_merge(29290): About to register 11 actual methods.
03-31 01:17:04.692 D/nativeloader(29290): Load /data/app/~~ZIrYvKj1uZybalTOCOgQTQ==/com.weejobs.app-czZOAyLg5RZ0KRz31JRLhA==/base.apk!/lib/x86_64/libreact_codegen_safeareacontext.so using class loader ns clns-9 (caller=/data/app/~~ZIrYvKj1uZybalTOCOgQTQ==/com.weejobs.app-czZOAyLg5RZ0KRz31JRLhA==/base.apk!classes21.dex): ok
03-31 01:17:04.726 D/nativeloader(29290): Load /data/app/~~ZIrYvKj1uZybalTOCOgQTQ==/com.weejobs.app-czZOAyLg5RZ0KRz31JRLhA==/base.apk!/lib/x86_64/libappmodules.so using class loader ns clns-9 (caller=/data/app/~~ZIrYvKj1uZybalTOCOgQTQ==/com.weejobs.app-czZOAyLg5RZ0KRz31JRLhA==/base.apk!classes21.dex): ok
03-31 01:17:04.751 D/SatelliteController( 1522): iisInCarrierRoamingNbIotNtn: satellite is disabled
03-31 01:17:04.756 D/SatelliteController( 1522): getCarrierRoamingNtnConnectType: Falling back to global carrier config connect type: 0
03-31 01:17:04.903 I/artd    ( 3343): GetBestInfo: odex next to the dex file (/data/app/~~l86ooHn3z7zjJPmRwuVyKA==/com.google.android.gms-mjvtrlLEHAA3R1GV5L8qqg==/oat/x86_64/base.odex) is kOatUpToDate with filter 'speed-profile' executable 'false'
03-31 01:17:04.908 I/artd    ( 3343): GetBestInfo: odex next to the dex file (/data/app/~~l86ooHn3z7zjJPmRwuVyKA==/com.google.android.gms-mjvtrlLEHAA3R1GV5L8qqg==/oat/x86_64/split_AdsDynamite_installtime.odex) is kOatUpToDate with filter 'speed' executable 'false'
03-31 01:17:04.912 I/artd    ( 3343): GetBestInfo: odex next to the dex file (/data/app/~~l86ooHn3z7zjJPmRwuVyKA==/com.google.android.gms-mjvtrlLEHAA3R1GV5L8qqg==/oat/x86_64/split_CronetDynamite_installtime.odex) is kOatUpToDate with filter 'speed' executable 'false'
03-31 01:17:04.919 I/artd    ( 3343): GetBestInfo: odex next to the dex file (/data/app/~~l86ooHn3z7zjJPmRwuVyKA==/com.google.android.gms-mjvtrlLEHAA3R1GV5L8qqg==/oat/x86_64/split_DynamiteLoader_installtime.odex) is kOatUpToDate with filter 'speed' executable 'false'
03-31 01:17:04.924 I/artd    ( 3343): GetBestInfo: odex next to the dex file (/data/app/~~l86ooHn3z7zjJPmRwuVyKA==/com.google.android.gms-mjvtrlLEHAA3R1GV5L8qqg==/oat/x86_64/split_DynamiteModulesA_installtime.odex) is kOatUpToDate with filter 'speed' executable 'false'
03-31 01:17:04.932 I/artd    ( 3343): GetBestInfo: odex next to the dex file (/data/app/~~l86ooHn3z7zjJPmRwuVyKA==/com.google.android.gms-mjvtrlLEHAA3R1GV5L8qqg==/oat/x86_64/split_DynamiteModulesC_installtime.odex) is kOatUpToDate with filter 'speed' executable 'false'
03-31 01:17:04.939 I/artd    ( 3343): GetBestInfo: odex next to the dex file (/data/app/~~l86ooHn3z7zjJPmRwuVyKA==/com.google.android.gms-mjvtrlLEHAA3R1GV5L8qqg==/oat/x86_64/split_GoogleCertificates_installtime.odex) is kOatUpToDate with filter 'speed' executable 'false'
03-31 01:17:04.948 I/artd    ( 3343): GetBestInfo: odex next to the dex file (/data/app/~~l86ooHn3z7zjJPmRwuVyKA==/com.google.android.gms-mjvtrlLEHAA3R1GV5L8qqg==/oat/x86_64/split_MapsDynamite_installtime.odex) is kOatUpToDate with filter 'speed' executable 'false'
03-31 01:17:04.957 I/artd    ( 3343): GetBestInfo: odex next to the dex file (/data/app/~~l86ooHn3z7zjJPmRwuVyKA==/com.google.android.gms-mjvtrlLEHAA3R1GV5L8qqg==/oat/x86_64/split_MeasurementDynamite_installtime.odex) is kOatUpToDate with filter 'speed' executable 'false'
03-31 01:17:04.964 I/artd    ( 3343): GetBestInfo: /data/user_de/0/com.google.android.gms/app_chimera/m/0000000d/dl-PlayCloudSearch.optional_253434100000.apk has no usable artifacts
03-31 01:17:04.978 I/artd    ( 3343): GetBestInfo: /data/user_de/0/com.google.android.gms/app_chimera/m/0000000c/dl-MlkitBarcodeUi.optional_253434100800.apk has no usable artifacts
03-31 01:17:04.984 I/artd    ( 3343): GetBestInfo: /data/user_de/0/com.google.android.gms/app_chimera/m/00000001/CronetDynamite.apk has no usable artifacts
03-31 01:17:04.989 I/artd    ( 3343): GetBestInfo: /data/user_de/0/com.google.android.gms/app_chimera/m/00000016/dl-MlkitOcrCommon.optional_261133100800.apk has no usable artifacts
03-31 01:17:04.997 I/artd    ( 3343): GetBestInfo: /data/user_de/0/com.google.android.gms/app_chimera/m/0000000e/dl-VisionOcr.optional_253434100000.apk has no usable artifacts
03-31 01:17:05.003 I/artd    ( 3343): GetBestInfo: /data/user_de/0/com.google.android.gms/app_chimera/m/00000002/DynamiteLoader.apk has no usable artifacts
03-31 01:17:05.005 I/artd    ( 3343): GetBestInfo: /data/user_de/0/com.google.android.gms/app_chimera/m/00000005/GoogleCertificates.apk has no usable artifacts
03-31 01:17:05.011 I/artd    ( 3343): GetBestInfo: /data/user_de/0/com.google.android.gms/app_chimera/m/00000012/dl-Appsearch.optional_261133100800.apk has no usable artifacts
03-31 01:17:05.017 I/artd    ( 3343): GetBestInfo: /data/user_de/0/com.google.android.gms/app_chimera/m/00000011/dl-PlayCloudSearch.optional_261133100000.apk has no usable artifacts
03-31 01:17:05.026 I/artd    ( 3343): GetBestInfo: /data/user_de/0/com.google.android.gms/app_chimera/m/00000015/dl-MlkitBarcodeUi.optional_261133100800.apk has no usable artifacts
03-31 01:17:05.035 I/artd    ( 3343): GetBestInfo: /data/user_de/0/com.google.android.gms/app_chimera/m/0000000a/dl-Appsearch.optional_253434100800.apk has no usable artifacts
03-31 01:17:05.043 I/artd    ( 3343): GetBestInfo: /data/user_de/0/com.google.android.gms/app_chimera/m/00000008/dl-TfliteDynamiteDynamite.integ_252130102100800.apk has no usable artifacts
03-31 01:17:05.049 I/artd    ( 3343): GetBestInfo: /data/user_de/0/com.google.android.gms/app_chimera/m/0000000f/dl-MlkitOcrCommon.optional_253434100800.apk has no usable artifacts
03-31 01:17:05.051 I/artd    ( 3343): GetBestInfo: /data/user_de/0/com.google.android.gms/app_chimera/m/00000010/dl-VisionOcr.optional_261133100000.apk has no usable artifacts
03-31 01:17:05.055 I/artd    ( 3343): GetBestInfo: vdex next to the dex file (/data/user/0/com.google.android.gms/app_dg_cache/BB2AE5A47BB198AF36C19CFD2B6407061A1BAF30/oat/x86_64/the.vdex) is kOatUpToDate with filter 'verify' executable 'false'
03-31 01:17:05.057 I/artd    ( 3343): GetBestInfo: /data/user_de/0/com.google.android.gms/app_chimera/m/00000007/MeasurementDynamite.apk has no usable artifacts
03-31 01:17:05.228 I/HalDevMgr(  815): bestIfaceCreationProposal is null, requestIface=STA, existingIface=[name=wlan0 type=STA]
03-31 01:17:05.842 W/Looper  (  815): Drained
03-31 01:17:05.857 I/Choreographer(29290): Skipped 218 frames!  The application may be doing too much work on its main thread.
03-31 01:17:05.860 D/BackgroundInstallControlService(  815): Package event received: 0
03-31 01:17:05.862 D/BackgroundInstallControlService(  815): Package event received: 0
03-31 01:17:05.887 I/DisplayManager(29290): Choreographer implicitly registered for the refresh rate.
03-31 01:17:06.455 I/GFXSTREAM(29290): [eglDisplay.cpp(297)] Opening libGLESv1_CM_emulation.so
03-31 01:17:06.462 I/GFXSTREAM(29290): [eglDisplay.cpp(297)] Opening libGLESv2_emulation.so
03-31 01:17:06.554 D/DesktopExperienceFlags(29290): Toggle override initialized to: false
03-31 01:17:06.653 D/AppCompatDelegate(29290): Checking for metadata for AppLocalesMetadataHolderService : Service not found
03-31 01:17:06.720 E/ashmem  (29290): Pinning is deprecated since Android Q. Please use trim or other methods.
03-31 01:17:06.861 W/HWUI    (29290): Failed to choose config with EGL_SWAP_BEHAVIOR_PRESERVED, retrying without...
03-31 01:17:06.863 W/HWUI    (29290): Failed to initialize 101010-2 format, error = EGL_SUCCESS
03-31 01:17:07.259 D/CompatChangeReporter(29290): Compat change id reported: 377864165; UID 10227; state: ENABLED
03-31 01:17:07.264 D/DesktopModeFlags(29290): Toggle override initialized to: OVERRIDE_UNSET
03-31 01:17:07.370 D/InetDiagMessage(  815): Destroyed 0 sockets, proto=IPPROTO_TCP, family=AF_INET, states=14
03-31 01:17:07.372 D/InetDiagMessage(  815): Destroyed 0 sockets, proto=IPPROTO_TCP, family=AF_INET6, states=14
03-31 01:17:07.373 D/InetDiagMessage(  815): Destroyed live tcp sockets for uids={10159} in 7ms
03-31 01:17:07.375 D/InetDiagMessage(  815): Destroyed 0 sockets, proto=IPPROTO_TCP, family=AF_INET, states=14
03-31 01:17:07.383 D/InetDiagMessage(  815): Destroyed 0 sockets, proto=IPPROTO_TCP, family=AF_INET6, states=14
03-31 01:17:07.384 D/InetDiagMessage(  815): Destroyed live tcp sockets for uids={20159} in 11ms
03-31 01:17:07.455 I/com.weejobs.app(29290): hiddenapi: Accessing hidden method Landroid/view/ViewGroup;->makeOptionalFitsSystemWindows()V (runtime_flags=0, domain=platform, api=unsupported) from Landroidx/appcompat/widget/ViewUtils; (domain=app, TargetSdkVersion=36) using reflection: allowed
03-31 01:17:07.876 D/InetDiagMessage(  815): Destroyed 0 sockets, proto=IPPROTO_TCP, family=AF_INET, states=14
03-31 01:17:07.882 D/InetDiagMessage(  815): Destroyed 0 sockets, proto=IPPROTO_TCP, family=AF_INET6, states=14
03-31 01:17:07.882 D/InetDiagMessage(  815): Destroyed live tcp sockets for uids={10152} in 7ms
03-31 01:17:07.884 D/InetDiagMessage(  815): Destroyed 0 sockets, proto=IPPROTO_TCP, family=AF_INET, states=14
03-31 01:17:07.884 D/InetDiagMessage(  815): Destroyed 0 sockets, proto=IPPROTO_TCP, family=AF_INET6, states=14
03-31 01:17:07.884 D/InetDiagMessage(  815): Destroyed live tcp sockets for uids={20152} in 2ms
03-31 01:17:08.038 D/ActivityManager(  815): freezing 27692 com.android.keychain
03-31 01:17:08.041 D/ActivityManager(  815): freezing 28500 com.android.settings
03-31 01:17:08.086 I/com.weejobs.app(29290): Waiting for a blocking GC ClassLinker
03-31 01:17:08.100 I/com.weejobs.app(29290): Background young concurrent mark compact GC freed 1273KB AllocSpace bytes, 2(188KB) LOS objects, 36% free, 2750KB/4305KB, paused 16.765ms,6.521ms total 166.068ms
03-31 01:17:08.101 I/com.weejobs.app(29290): WaitForGcToComplete blocked ClassLinker on Background for 15.053ms
03-31 01:17:08.248 I/HalDevMgr(  815): bestIfaceCreationProposal is null, requestIface=STA, existingIface=[name=wlan0 type=STA]
03-31 01:17:08.523 I/WellbeingModel( 1636): Retrying; attempt 2
03-31 01:17:08.523 I/WellbeingModel( 1636): updateActionsWithRetry(); retryCount: 2, package: com.weejobs.app
03-31 01:17:08.523 D/WellbeingModel( 1636): retrieveActions() called with: packageNames = [com.weejobs.app]
03-31 01:17:08.534 D/BackgroundInstallControlService(  815): Package event received: 0
03-31 01:17:08.711 D/WellbeingModel( 1636): ....actionId: pause, packages: com.weejobs.app
03-31 01:17:08.712 I/WellbeingModel( 1636): retrieveActions(): finished
03-31 01:17:09.259 D/InetDiagMessage(  815): Destroyed 0 sockets, proto=IPPROTO_TCP, family=AF_INET, states=14
03-31 01:17:09.264 D/InetDiagMessage(  815): Destroyed 0 sockets, proto=IPPROTO_TCP, family=AF_INET6, states=14
03-31 01:17:09.264 D/InetDiagMessage(  815): Destroyed live tcp sockets for uids={10162} in 9ms
03-31 01:17:09.267 D/InetDiagMessage(  815): Destroyed 0 sockets, proto=IPPROTO_TCP, family=AF_INET, states=14
03-31 01:17:09.269 D/InetDiagMessage(  815): Destroyed 0 sockets, proto=IPPROTO_TCP, family=AF_INET6, states=14
03-31 01:17:09.269 D/InetDiagMessage(  815): Destroyed live tcp sockets for uids={20162} in 3ms
03-31 01:17:09.526 I/com.weejobs.app(29290): Background concurrent mark compact GC freed 1076KB AllocSpace bytes, 3(208KB) LOS objects, 49% free, 3259KB/6518KB, paused 7.432ms,14.254ms total 130.479ms
03-31 01:17:09.590 W/unknown:BridgelessReact(29290): ReactHost{0}.startSurface(surfaceId = 0): Schedule
03-31 01:17:09.591 W/unknown:BridgelessReact(29290): ReactHost{0}.attachSurface(surfaceId = 0)
03-31 01:17:09.602 W/unknown:BridgelessReact(29290): ReactHost{0}.getOrCreateReactInstanceTask()
03-31 01:17:09.604 W/unknown:BridgelessReact(29290): ReactHost{0}.getOrCreateReactInstanceTask(): Start
03-31 01:17:09.608 W/unknown:BridgelessReact(29290): ReactHost{0}.getJSBundleLoader()
03-31 01:17:09.608 W/unknown:BridgelessReact(29290): ReactHost{0}.isMetroRunning()
03-31 01:17:09.698 I/expo-router-native(29290): MainActivity.onCreate immediate: sdExists=false appExists=true
03-31 01:17:09.715 I/expo-router-native(29290): Wrote debug routes_manifest_seen in app files: {"nativeDebug":true,"ts":1774945029699}
03-31 01:17:09.762 I/expo-router-native(29290): Found routes_manifest_seen in app files: {"nativeDebug":true,"ts":1774945029699}
03-31 01:17:09.794 W/WindowOnBackDispatcher(29290): OnBackInvokedCallback is not enabled for the application.
03-31 01:17:09.794 W/WindowOnBackDispatcher(29290): Set 'android:enableOnBackInvokedCallback="true"' in the application manifest.
03-31 01:17:09.935 W/unknown:BridgelessReact(29290): ReactHost{0}.onHostResume(activity)
03-31 01:17:09.935 W/unknown:ReactNative(29290): Packager connection already open, nooping.
03-31 01:17:10.312 W/HWUI    (29290): Unknown dataspace 0
03-31 01:17:10.623 D/VRI[MainActivity](29290): WindowInsets changed: 1080x2400 statusBars:[0,63,0,0] navigationBars:[0,0,0,63] mandatorySystemGestures:[0,63,0,84] 
03-31 01:17:10.681 D/WindowOnBackDispatcher(29290): setTopOnBackInvokedCallback (unwrapped): android.view.ViewRootImpl$$ExternalSyntheticLambda12@2deada0
03-31 01:17:10.683 D/CoreBackPreview(  815): Window{5877c40 u0 com.weejobs.app/com.weejobs.app.MainActivity}: Setting back callback OnBackInvokedCallbackInfo{mCallback=android.window.IOnBackInvokedCallback$Stub$Proxy@a4e011f, mPriority=0, mIsAnimationCallback=false, mOverrideBehavior=0}
03-31 01:17:10.915 I/FontLog ( 8555): (REDACTED) Received query %s, URI %s
03-31 01:17:10.916 I/FontLog ( 8555): (REDACTED) Query [%s] resolved to %s
03-31 01:17:10.932 I/FontLog ( 8555): (REDACTED) Fetch %s end status %s
03-31 01:17:10.960 I/FontLog ( 8555): (REDACTED) Pulling font file for id = %d, cache size = %d
03-31 01:17:10.976 I/HWUI    (29290): Using FreeType backend (prop=Auto)
03-31 01:17:11.079 I/FontLog ( 8555): (REDACTED) Pulling font file for id = %d, cache size = %d
03-31 01:17:11.272 I/HalDevMgr(  815): bestIfaceCreationProposal is null, requestIface=STA, existingIface=[name=wlan0 type=STA]
03-31 01:17:11.422 D/ActivityManager(  815): freezing 27088 com.android.vending
03-31 01:17:11.432 D/InetDiagMessage(  815): Destroyed 0 sockets, proto=IPPROTO_TCP, family=AF_INET, states=14
03-31 01:17:11.443 D/InetDiagMessage(  815): Destroyed 2 sockets, proto=IPPROTO_TCP, family=AF_INET6, states=14
03-31 01:17:11.444 D/InetDiagMessage(  815): Destroyed live tcp sockets for uids={10153} in 14ms
03-31 01:17:11.716 D/ProfileInstaller(29290): Installing profile for com.weejobs.app
03-31 01:17:12.018 I/com.weejobs.app(29290): Compiler allocated 5087KB to compile void android.view.ViewRootImpl.performTraversals()
03-31 01:17:12.862 D/ActivityManager(  815): freezing 29240 com.google.android.partnersetup
03-31 01:17:12.869 D/InetDiagMessage(  815): Destroyed 0 sockets, proto=IPPROTO_TCP, family=AF_INET, states=14
03-31 01:17:12.875 D/InetDiagMessage(  815): Destroyed 0 sockets, proto=IPPROTO_TCP, family=AF_INET6, states=14
03-31 01:17:12.875 D/InetDiagMessage(  815): Destroyed live tcp sockets for uids={10152} in 7ms
03-31 01:17:14.235 D/ActivityManager(  815): freezing 29365 com.android.chrome
03-31 01:17:14.248 D/InetDiagMessage(  815): Destroyed 0 sockets, proto=IPPROTO_TCP, family=AF_INET, states=14
03-31 01:17:14.251 D/InetDiagMessage(  815): Destroyed 0 sockets, proto=IPPROTO_TCP, family=AF_INET6, states=14
03-31 01:17:14.251 D/InetDiagMessage(  815): Destroyed live tcp sockets for uids={10162} in 6ms
03-31 01:17:14.292 I/HalDevMgr(  815): bestIfaceCreationProposal is null, requestIface=STA, existingIface=[name=wlan0 type=STA]
03-31 01:17:14.388 W/libbinder.BackendUnifiedServiceManager(29410): Thread Pool max thread count is 0. Cannot cache binder as linkToDeath cannot be implemented. serviceName: package
03-31 01:17:14.678 W/unknown:ReactNative(29290): The packager does not seem to be running as we got an IOException requesting its status: failed to connect to /10.0.2.2 (port 8081) from /10.0.2.16 (port 39954) after 5000ms
03-31 01:17:14.678 W/unknown:BridgelessReact(29290): ReactHost{0}.isMetroRunning(): Async result = false
03-31 01:17:14.707 D/BoundBrokerSvc(22624): onUnbind: Intent { act=com.google.android.gms.feedback.internal.IFeedbackService dat=chimera-action:/... xflg=0x4 cmp=com.google.android.gms/.chimera.GmsBoundBrokerService }
03-31 01:17:14.717 W/unknown:BridgelessReact(29290): ReactHost{0}.getOrCreateReactInstanceTask(): Creating BridgelessReactContext
03-31 01:17:14.750 D/SatelliteController( 1522): iisInCarrierRoamingNbIotNtn: satellite is disabled
03-31 01:17:14.814 D/SatelliteController( 1522): getCarrierRoamingNtnConnectType: Falling back to global carrier config connect type: 0
03-31 01:17:14.814 W/unknown:BridgelessReact(29290): ReactHost{0}.getOrCreateReactInstanceTask(): Creating ReactInstance
03-31 01:17:14.944 I/artd    ( 3343): GetBestInfo: odex next to the dex file (/data/app/~~l86ooHn3z7zjJPmRwuVyKA==/com.google.android.gms-mjvtrlLEHAA3R1GV5L8qqg==/oat/x86_64/base.odex) is kOatUpToDate with filter 'speed-profile' executable 'false'
03-31 01:17:14.978 I/artd    ( 3343): GetBestInfo: odex next to the dex file (/data/app/~~l86ooHn3z7zjJPmRwuVyKA==/com.google.android.gms-mjvtrlLEHAA3R1GV5L8qqg==/oat/x86_64/split_AdsDynamite_installtime.odex) is kOatUpToDate with filter 'speed' executable 'false'
03-31 01:17:14.999 I/artd    ( 3343): GetBestInfo: odex next to the dex file (/data/app/~~l86ooHn3z7zjJPmRwuVyKA==/com.google.android.gms-mjvtrlLEHAA3R1GV5L8qqg==/oat/x86_64/split_CronetDynamite_installtime.odex) is kOatUpToDate with filter 'speed' executable 'false'
03-31 01:17:15.015 I/artd    ( 3343): GetBestInfo: odex next to the dex file (/data/app/~~l86ooHn3z7zjJPmRwuVyKA==/com.google.android.gms-mjvtrlLEHAA3R1GV5L8qqg==/oat/x86_64/split_DynamiteLoader_installtime.odex) is kOatUpToDate with filter 'speed' executable 'false'
03-31 01:17:15.046 I/artd    ( 3343): GetBestInfo: odex next to the dex file (/data/app/~~l86ooHn3z7zjJPmRwuVyKA==/com.google.android.gms-mjvtrlLEHAA3R1GV5L8qqg==/oat/x86_64/split_DynamiteModulesA_installtime.odex) is kOatUpToDate with filter 'speed' executable 'false'
03-31 01:17:15.054 D/nativeloader(29290): Load /data/app/~~ZIrYvKj1uZybalTOCOgQTQ==/com.weejobs.app-czZOAyLg5RZ0KRz31JRLhA==/base.apk!/lib/x86_64/libhermesvm.so using class loader ns clns-9 (caller=/data/app/~~ZIrYvKj1uZybalTOCOgQTQ==/com.weejobs.app-czZOAyLg5RZ0KRz31JRLhA==/base.apk!classes21.dex): ok
03-31 01:17:15.066 D/nativeloader(29290): Load /data/app/~~ZIrYvKj1uZybalTOCOgQTQ==/com.weejobs.app-czZOAyLg5RZ0KRz31JRLhA==/base.apk!/lib/x86_64/libhermestooling.so using class loader ns clns-9 (caller=/data/app/~~ZIrYvKj1uZybalTOCOgQTQ==/com.weejobs.app-czZOAyLg5RZ0KRz31JRLhA==/base.apk!classes21.dex): ok
03-31 01:17:15.066 D/jni_lib_merge(29290): Entering merged library JNI_OnLoad.
03-31 01:17:15.066 D/jni_lib_merge(29290): Preparing 4 pre-merged libs (including stub)
03-31 01:17:15.066 D/jni_lib_merge(29290): Preparing to register libhermes_executor_so.  onload_func: 0x76f5cd5c0ad0
03-31 01:17:15.067 D/jni_lib_merge(29290): Preparing to register libhermesinstancejni_so.  onload_func: 0x76f5cd5ec330
03-31 01:17:15.067 D/jni_lib_merge(29290): Preparing to register libjsijniprofiler_so.  onload_func: 0x76f5cd5ee0a0
03-31 01:17:15.067 D/jni_lib_merge(29290): About to register 3 actual methods.
03-31 01:17:15.082 I/artd    ( 3343): GetBestInfo: odex next to the dex file (/data/app/~~l86ooHn3z7zjJPmRwuVyKA==/com.google.android.gms-mjvtrlLEHAA3R1GV5L8qqg==/oat/x86_64/split_DynamiteModulesC_installtime.odex) is kOatUpToDate with filter 'speed' executable 'false'
03-31 01:17:15.111 I/artd    ( 3343): GetBestInfo: odex next to the dex file (/data/app/~~l86ooHn3z7zjJPmRwuVyKA==/com.google.android.gms-mjvtrlLEHAA3R1GV5L8qqg==/oat/x86_64/split_GoogleCertificates_installtime.odex) is kOatUpToDate with filter 'speed' executable 'false'
03-31 01:17:15.153 I/artd    ( 3343): GetBestInfo: odex next to the dex file (/data/app/~~l86ooHn3z7zjJPmRwuVyKA==/com.google.android.gms-mjvtrlLEHAA3R1GV5L8qqg==/oat/x86_64/split_MapsDynamite_installtime.odex) is kOatUpToDate with filter 'speed' executable 'false'
03-31 01:17:15.179 I/artd    ( 3343): GetBestInfo: odex next to the dex file (/data/app/~~l86ooHn3z7zjJPmRwuVyKA==/com.google.android.gms-mjvtrlLEHAA3R1GV5L8qqg==/oat/x86_64/split_MeasurementDynamite_installtime.odex) is kOatUpToDate with filter 'speed' executable 'false'
03-31 01:17:15.203 I/artd    ( 3343): GetBestInfo: /data/user_de/0/com.google.android.gms/app_chimera/m/0000000d/dl-PlayCloudSearch.optional_253434100000.apk has no usable artifacts
03-31 01:17:15.218 I/artd    ( 3343): GetBestInfo: /data/user_de/0/com.google.android.gms/app_chimera/m/0000000c/dl-MlkitBarcodeUi.optional_253434100800.apk has no usable artifacts
03-31 01:17:15.233 I/artd    ( 3343): GetBestInfo: /data/user_de/0/com.google.android.gms/app_chimera/m/00000001/CronetDynamite.apk has no usable artifacts
03-31 01:17:15.235 I/artd    ( 3343): GetBestInfo: /data/user_de/0/com.google.android.gms/app_chimera/m/00000016/dl-MlkitOcrCommon.optional_261133100800.apk has no usable artifacts
03-31 01:17:15.245 I/artd    ( 3343): GetBestInfo: /data/user_de/0/com.google.android.gms/app_chimera/m/0000000e/dl-VisionOcr.optional_253434100000.apk has no usable artifacts
03-31 01:17:15.252 I/artd    ( 3343): GetBestInfo: /data/user_de/0/com.google.android.gms/app_chimera/m/00000002/DynamiteLoader.apk has no usable artifacts
03-31 01:17:15.254 I/artd    ( 3343): GetBestInfo: /data/user_de/0/com.google.android.gms/app_chimera/m/00000005/GoogleCertificates.apk has no usable artifacts
03-31 01:17:15.258 I/artd    ( 3343): GetBestInfo: /data/user_de/0/com.google.android.gms/app_chimera/m/00000012/dl-Appsearch.optional_261133100800.apk has no usable artifacts
03-31 01:17:15.265 I/artd    ( 3343): GetBestInfo: /data/user_de/0/com.google.android.gms/app_chimera/m/00000011/dl-PlayCloudSearch.optional_261133100000.apk has no usable artifacts
03-31 01:17:15.274 I/artd    ( 3343): GetBestInfo: /data/user_de/0/com.google.android.gms/app_chimera/m/00000015/dl-MlkitBarcodeUi.optional_261133100800.apk has no usable artifacts
03-31 01:17:15.287 I/artd    ( 3343): GetBestInfo: /data/user_de/0/com.google.android.gms/app_chimera/m/0000000a/dl-Appsearch.optional_253434100800.apk has no usable artifacts
03-31 01:17:15.296 I/artd    ( 3343): GetBestInfo: /data/user_de/0/com.google.android.gms/app_chimera/m/00000008/dl-TfliteDynamiteDynamite.integ_252130102100800.apk has no usable artifacts
03-31 01:17:15.304 I/artd    ( 3343): GetBestInfo: /data/user_de/0/com.google.android.gms/app_chimera/m/0000000f/dl-MlkitOcrCommon.optional_253434100800.apk has no usable artifacts
03-31 01:17:15.313 I/artd    ( 3343): GetBestInfo: /data/user_de/0/com.google.android.gms/app_chimera/m/00000010/dl-VisionOcr.optional_261133100000.apk has no usable artifacts
03-31 01:17:15.328 I/artd    ( 3343): GetBestInfo: vdex next to the dex file (/data/user/0/com.google.android.gms/app_dg_cache/BB2AE5A47BB198AF36C19CFD2B6407061A1BAF30/oat/x86_64/the.vdex) is kOatUpToDate with filter 'verify' executable 'false'
03-31 01:17:15.333 I/artd    ( 3343): GetBestInfo: /data/user_de/0/com.google.android.gms/app_chimera/m/00000007/MeasurementDynamite.apk has no usable artifacts
03-31 01:17:15.679 I/com.weejobs.app(29290): Background young concurrent mark compact GC freed 1713KB AllocSpace bytes, 5(396KB) LOS objects, 35% free, 4222KB/6518KB, paused 3.651ms,6.538ms total 98.648ms
03-31 01:17:15.859 W/libbinder.Binder(  815): Binder transaction to android.app.IActivityManager code 1598246212 took 39064ms. Data bytes: 236 Reply bytes: 4 Flags: 16
03-31 01:17:15.876 D/BaseActivity( 1636): Launcher flags updated: [] -[state_started]
03-31 01:17:15.876 D/BaseDepthController( 1636): setSurface:
03-31 01:17:15.876 D/BaseDepthController( 1636): 	mWaitingOnSurfaceValidity: false
03-31 01:17:15.876 D/BaseDepthController( 1636): 	mBaseSurface: null
03-31 01:17:15.878 D/BaseDepthController( 1636): mSurface is null and mCurrentBlur is: 0
03-31 01:17:15.894 D/LauncherStateManager( 1636): StateManager.goToState: fromState: Normal, toState: Normal, partial trace:
03-31 01:17:15.894 D/LauncherStateManager( 1636): 	at com.android.launcher3.statemanager.StateManager.moveToRestState(go/retraceme f3a19d912c87c27267cfbc05ba0bc7b202ab72a6648bd76225f5f7e128d94583:6)
03-31 01:17:15.894 D/LauncherStateManager( 1636): 	at com.android.launcher3.statemanager.StateManager.moveToRestState(go/retraceme f3a19d912c87c27267cfbc05ba0bc7b202ab72a6648bd76225f5f7e128d94583:2)
03-31 01:17:15.894 D/LauncherStateManager( 1636): 	at com.android.launcher3.statemanager.StatefulActivity.onStop(go/retraceme f3a19d912c87c27267cfbc05ba0bc7b202ab72a6648bd76225f5f7e128d94583:32)
03-31 01:17:15.894 D/LauncherStateManager( 1636): StateManager.onRepeatStateSetAborted: state: Normal
03-31 01:17:15.894 D/ActivityContext( 1636): hideKeyboard
03-31 01:17:15.894 D/ActivityContext( 1636): isImeShown: false
03-31 01:17:15.894 D/StatsLog( 1636): LAUNCHER_ONSTOP
03-31 01:17:15.910 D/GmsPlayProvider( 1636): Shutdown the binder channel gracefully.
03-31 01:17:15.911 D/StatsLog( 1636): LAUNCHER_GOOGLE_SEARCH_RESTORE_LIST_SIZE_AFTER_ACTIVITY_RESTART
03-31 01:17:15.915 D/GmsPlayProvider( 1636): Binder channel is terminated gracefully.
03-31 01:17:15.923 D/BackgroundInstallControlService(  815): Package event received: 0
03-31 01:17:16.011 V/GrammaticalInflectionUtils(  815): AttributionSource: android.content.AttributionSource@2f891832 does not have READ_SYSTEM_GRAMMATICAL_GENDER permission.
03-31 01:17:16.033 D/Zygote  (  579): Forked child process 29421
03-31 01:17:16.034 I/ActivityManager(  815): Start proc 29421:com.google.android.apps.safetyhub/u0a156 for service {com.google.android.apps.safetyhub/androidx.work.impl.background.systemjob.SystemJobService}
03-31 01:17:16.069 I/Zygote  (29421): Process 29421 created for com.google.android.apps.safetyhub
03-31 01:17:16.071 I/.apps.safetyhub(29421): Using CollectorTypeCMC GC.
03-31 01:17:16.073 W/.apps.safetyhub(29421): Unexpected CPU variant for x86: x86_64.
03-31 01:17:16.073 W/.apps.safetyhub(29421): Known variants: atom, sandybridge, silvermont, goldmont, goldmont-plus, goldmont-without-sha-xsaves, tremont, kabylake, alderlake, default
03-31 01:17:16.270 I/ExpoModulesCore(29290): ✅ AppContext was initialized
03-31 01:17:16.454 W/unknown:BridgelessReact(29290): ReactHost{0}.getOrCreateReactInstanceTask(): Loading JS Bundle
03-31 01:17:16.528 W/unknown:BridgelessReact(29290): ReactHost{0}.getOrCreateReactInstanceTask(): DevSupportManager.onNewReactContextCreated()
03-31 01:17:16.560 W/unknown:ReactNative(29290): Packager connection already open, nooping.
03-31 01:17:16.562 W/unknown:BridgelessReact(29290): ReactHost{0}.startSurface(surfaceId = 0): Execute
03-31 01:17:16.574 W/unknown:BridgelessReact(29290): ReactHost{0}.ReactContext.onHostResume()
03-31 01:17:16.636 W/unknown:BridgelessReact(29290): ReactHost{0}.getOrCreateReactInstanceTask(): Executing ReactInstanceEventListeners
03-31 01:17:16.746 I/HermesVM(29290): Compiling JS failed: 113:1:unrecognized Unicode character \ufffd, sourceURL: index.android.bundle
03-31 01:17:16.978 I/berberis(29421): Initialized Berberis ((null)), version 16.0.0
03-31 01:17:17.308 I/HalDevMgr(  815): bestIfaceCreationProposal is null, requestIface=STA, existingIface=[name=wlan0 type=STA]
03-31 01:17:17.343 W/unknown:BridgelessReact(29290): ReactHost{0}.handleHostException(message = "[runtime not ready]: Error: Non-js exception: Compiling JS failed: 113:1:unrecognized Unicode character \ufffd, sourceURL: index.android.bundle, stack:
03-31 01:17:17.343 W/unknown:BridgelessReact(29290): ")
03-31 01:17:17.346 E/unknown:ReactNative(29290): Exception in native call from JS
03-31 01:17:17.346 E/unknown:ReactNative(29290): com.facebook.react.common.JavascriptException: [runtime not ready]: Error: Non-js exception: Compiling JS failed: 113:1:unrecognized Unicode character \ufffd, sourceURL: index.android.bundle, stack:
03-31 01:17:17.346 E/unknown:ReactNative(29290): 
03-31 01:17:17.346 E/unknown:ReactNative(29290): 	at com.facebook.react.modules.core.ExceptionsManagerModule.reportException(ExceptionsManagerModule.kt:52)
03-31 01:17:17.346 E/unknown:ReactNative(29290): 	at com.facebook.react.runtime.ReactInstance$ReactJsExceptionHandlerImpl.reportJsException(ReactInstance.kt:291)
03-31 01:17:17.346 E/unknown:ReactNative(29290): 	at com.facebook.jni.NativeRunnable.run(Native Method)
03-31 01:17:17.346 E/unknown:ReactNative(29290): 	at android.os.Handler.handleCallback(Handler.java:1070)
03-31 01:17:17.346 E/unknown:ReactNative(29290): 	at android.os.Handler.dispatchMessage(Handler.java:125)
03-31 01:17:17.346 E/unknown:ReactNative(29290): 	at com.facebook.react.bridge.queue.MessageQueueThreadHandler.dispatchMessage(MessageQueueThreadHandler.kt:21)
03-31 01:17:17.346 E/unknown:ReactNative(29290): 	at android.os.Looper.dispatchMessage(Looper.java:333)
03-31 01:17:17.346 E/unknown:ReactNative(29290): 	at android.os.Looper.loopOnce(Looper.java:263)
03-31 01:17:17.346 E/unknown:ReactNative(29290): 	at android.os.Looper.loop(Looper.java:367)
03-31 01:17:17.346 E/unknown:ReactNative(29290): 	at com.facebook.react.bridge.queue.MessageQueueThreadImpl$Companion.startNewBackgroundThread$lambda$0(MessageQueueThreadImpl.kt:152)
03-31 01:17:17.346 E/unknown:ReactNative(29290): 	at com.facebook.react.bridge.queue.MessageQueueThreadImpl$Companion.$r8$lambda$YYXYCFexeoKtAeDpeNYkxZZlpbA(Unknown Source:0)
03-31 01:17:17.346 E/unknown:ReactNative(29290): 	at com.facebook.react.bridge.queue.MessageQueueThreadImpl$Companion$$ExternalSyntheticLambda0.run(D8$$SyntheticClass:0)
03-31 01:17:17.346 E/unknown:ReactNative(29290): 	at java.lang.Thread.run(Thread.java:1563)
03-31 01:17:17.350 W/unknown:BridgelessReact(29290): ReactHost{0}.getOrCreateDestroyTask()
03-31 01:17:17.351 W/unknown:BridgelessReact(29290): ReactHost{0}.getOrCreateDestroyTask(): Resetting createReactInstance task ref
03-31 01:17:17.632 D/nativeloader(29421): Load libframework-connectivity-tiramisu-jni.so using APEX ns com_android_tethering for caller /apex/com.android.tethering/javalib/framework-connectivity-t.jar: ok
03-31 01:17:17.692 W/unknown:BridgelessReact(29290): ReactHost{0}.getOrCreateDestroyTask(): Starting React Native destruction
03-31 01:17:17.693 W/unknown:BridgelessReact(29290): ReactHost{0}.getOrCreateDestroyTask(): DevSupportManager cleanup
03-31 01:17:17.694 W/unknown:BridgelessReact(29290): ReactHost{0}.getOrCreateDestroyTask(): Move ReactHost to onHostDestroy()
03-31 01:17:17.695 W/unknown:BridgelessReact(29290): ReactHost{0}.ReactContext.onHostPause()
03-31 01:17:17.696 W/unknown:BridgelessReact(29290): ReactHost{0}.ReactContext.onHostDestroy()
03-31 01:17:17.739 W/unknown:BridgelessReact(29290): ReactHost{0}.getOrCreateDestroyTask(): Stopping all React Native surfaces
03-31 01:17:17.739 E/unknown:SurfaceMountingManager(29290): Stopping surface [1]
03-31 01:17:17.747 D/ApplicationLoaders(29421): Returning zygote-cached class loader: /system/framework/org.apache.http.legacy.jar
03-31 01:17:17.747 D/ApplicationLoaders(29421): Returning zygote-cached class loader: /system_ext/framework/androidx.window.extensions.jar
03-31 01:17:17.747 D/ApplicationLoaders(29421): Returning zygote-cached class loader: /system_ext/framework/androidx.window.sidecar.jar
03-31 01:17:17.751 D/WindowOnBackDispatcher(29290): setTopOnBackInvokedCallback (unwrapped): android.view.ViewRootImpl$$ExternalSyntheticLambda12@c9f3b70
03-31 01:17:17.752 D/CoreBackPreview(  815): Window{9375c76 u0 com.weejobs.app/com.weejobs.app.MainActivity}: Setting back callback OnBackInvokedCallbackInfo{mCallback=android.window.IOnBackInvokedCallback$Stub$Proxy@62a7349, mPriority=0, mIsAnimationCallback=false, mOverrideBehavior=0}
03-31 01:17:17.833 I/com.weejobs.app(29290): Background concurrent mark compact GC freed 1136KB AllocSpace bytes, 6(248KB) LOS objects, 49% free, 5240KB/10MB, paused 8.753ms,6.677ms total 114.233ms
03-31 01:17:17.872 D/nativeloader(29421): InitLlndkLibrariesProduct: libEGL.so:libGLESv1_CM.so:libGLESv2.so:libGLESv3.so:libRS.so:libandroid_net.so:libapexsupport.so:libavf.so:libbinder_ndk.so:libc.so:libcgrouprc.so:libclang_rt.asan-x86_64-android.so:libcom.android.tethering.connectivity_native.so:libdl.so:libft2.so:liblog.so:libm.so:libmediandk.so:libnativewindow.so:libneuralnetworks.so:libselinux.so:libsync.so:libvendorsupport.so:libvndksupport.so:libvulkan.so
03-31 01:17:17.873 D/nativeloader(29421): Configuring product-clns-9 for unbundled product apk /product/priv-app/SafetyHubPrebuilt/SafetyHubPrebuilt.apk. target_sdk_version=35, uses_libraries=, library_path=/product/priv-app/SafetyHubPrebuilt/lib/arm64:/product/priv-app/SafetyHubPrebuilt/SafetyHubPrebuilt.apk!/lib/arm64-v8a:/product/lib64:/system/product/lib64, permitted_path=/data:/mnt/expand:/data/user/0/com.google.android.apps.safetyhub:/product/lib64:/system/product/lib64
03-31 01:17:17.970 D/nativeloader(29421): InitVndkspLibrariesProduct: VNDK is deprecated with product
03-31 01:17:18.002 D/CompatChangeReporter(29421): Compat change id reported: 202956589; UID 10156; state: ENABLED
03-31 01:17:18.040 V/GraphicsEnvironment(29421): Currently set values for:
03-31 01:17:18.040 V/GraphicsEnvironment(29421):   angle_gl_driver_selection_pkgs=[]
03-31 01:17:18.040 V/GraphicsEnvironment(29421):   angle_gl_driver_selection_values=[]
03-31 01:17:18.040 V/GraphicsEnvironment(29421): com.google.android.apps.safetyhub is not listed in per-application setting
03-31 01:17:18.042 V/GraphicsEnvironment(29421): ANGLE allowlist from config: com.dreamgames.royalmatch com.dts.freefiremax com.dxx.firenow com.gramgames.mergedragons com.ludo.king com.mojang.minecraftpe com.my.defense com.nintendo.zaka com.os.airforce com.playrix.fishdomdd.gplay io.teslatech.callbreak jp.konami.prospia net.peakgames.toonblast
03-31 01:17:18.042 V/GraphicsEnvironment(29421): No special selections for ANGLE, returning default driver choice
03-31 01:17:18.042 V/GraphicsEnvironment(29421): Neither updatable production driver nor prerelease driver is supported.
