--------- beginning of main
03-31 05:51:45.179   815  1239 I HalDevMgr: bestIfaceCreationProposal is null, requestIface=STA, existingIface=[name=wlan0 type=STA]
--------- beginning of system
03-31 05:51:45.422   815  1701 W ActivityTaskManager: callingPackage for (uid=2000, pid=10846) has no WPC
03-31 05:51:45.426   815  1701 V WindowManager: DesktopModeLaunchParamsModifier: phase= 0 task=null activity=null display-area-from-current-params=null display-area-from-default-fallback=DefaultTaskDisplayArea@146451114 display-id=0 task-display-area-windowing-mode=1 suggested-display-area=DefaultTaskDisplayArea@146451114 task null, skipping
03-31 05:51:45.427   815  1701 V WindowManager: TaskLaunchParamsModifier:phase=0 task=null activity=null display-area-from-current-params=null display-area-from-default-fallback=DefaultTaskDisplayArea@146451114 display-id=0 task-display-area-windowing-mode=1 suggested-display-area=DefaultTaskDisplayArea@146451114
03-31 05:51:45.444   815  1701 V GrammaticalInflectionUtils: AttributionSource: android.content.AttributionSource@a8b12c4b does not have READ_SYSTEM_GRAMMATICAL_GENDER permission.
03-31 05:51:45.453   815  1701 V WindowManager: DesktopModeLaunchParamsModifier: phase= 0 task=null activity=ActivityRecord{47211331 u0 com.weejobs.app/.MainActivity display-area-from-current-params=null display-area-from-default-fallback=DefaultTaskDisplayArea@146451114 display-id=0 task-display-area-windowing-mode=1 suggested-display-area=DefaultTaskDisplayArea@146451114 task null, skipping
03-31 05:51:45.454   815  1701 V WindowManager: TaskLaunchParamsModifier:phase=0 task=null activity=ActivityRecord{47211331 u0 com.weejobs.app/.MainActivity t-1} display-area-from-current-params=null display-area-from-default-fallback=DefaultTaskDisplayArea@146451114 display-id=0 task-display-area-windowing-mode=1 suggested-display-area=DefaultTaskDisplayArea@146451114
03-31 05:51:45.455   815  1701 V WindowManager: DesktopModeLaunchParamsModifier: phase= 3 task=null activity=ActivityRecord{47211331 u0 com.weejobs.app/.MainActivity t-1} display-area-from-current-params=null display-area-from-default-fallback=DefaultTaskDisplayArea@146451114 display-id=0 task-display-area-windowing-mode=1 suggested-display-area=DefaultTaskDisplayArea@146451114 task null, skipping
03-31 05:51:45.455   815  1701 V WindowManager: TaskLaunchParamsModifier:phase=3 task=null activity=ActivityRecord{47211331 u0 com.weejobs.app/.MainActivity t-1} display-area-from-current-params=null display-area-from-default-fallback=DefaultTaskDisplayArea@146451114 display-id=0 task-display-area-windowing-mode=1 suggested-display-area=DefaultTaskDisplayArea@146451114 non-freeform-task-display-area display-area=DefaultTaskDisplayArea@146451114 skip-bounds-fullscreen
03-31 05:51:45.472   815  1701 V WindowManager: DesktopModeLaunchParamsModifier: phase= 3 task=Task{d711af9 #85 type=standard A=10227:com.weejobs.app} activity=ActivityRecord{47211331 u0 com.weejobs.app/.MainActivity t-1} display-from-task=0 display-id=0 task-display-area-windowing-mode=1 suggested-display-area=DefaultTaskDisplayArea@146451114 not entering desktop mode, skipping
03-31 05:51:45.473   815  1701 V WindowManager: TaskLaunchParamsModifier:phase=3 task=Task{d711af9 #85 type=standard A=10227:com.weejobs.app} activity=ActivityRecord{47211331 u0 com.weejobs.app/.MainActivity t-1} display-from-task=0 display-id=0 task-display-area-windowing-mode=1 suggested-display-area=DefaultTaskDisplayArea@146451114 inherit-from-task=fullscreen non-freeform-task-display-area display-area=DefaultTaskDisplayArea@146451114 skip-bounds-fullscreen
03-31 05:51:45.494   815  1701 I ActivityTaskManager: START u0 {flg=0x10000000 xflg=0x5 cmp=com.weejobs.app/.MainActivity} with LAUNCH_SINGLE_TASK from uid 2000 (com.android.shell) (BAL_ALLOW_PERMISSION) result code=0
03-31 05:51:45.495  1337  1429 V WindowManagerShell: Transition requested (#185): android.os.BinderProxy@2dcdc9b TransitionRequestInfo { type = OPEN, triggerTask = TaskInfo{userId=0 taskId=85 effectiveUid=10227 displayId=0 isRunning=true baseIntent=Intent { flg=0x10000000 cmp=com.weejobs.app/.MainActivity } baseActivity=ComponentInfo{com.weejobs.app/com.weejobs.app.MainActivity} topActivity=ComponentInfo{com.weejobs.app/com.weejobs.app.MainActivity} origActivity=null realActivity=ComponentInfo{com.weejobs.app/com.weejobs.app.MainActivity} numActivities=1 lastActiveTime=61654091 supportsMultiWindow=true resizeMode=1 isResizeable=true minWidth=-1 minHeight=-1 defaultMinSize=220 token=WCT{android.os.BinderProxy@e235838} topActivityType=1 pictureInPictureParams=null shouldDockBigOverlays=false launchIntoPipHostTaskId=-1 lastParentTaskIdBeforePip=-1 displayCutoutSafeInsets=Rect(0, 0 - 0, 0) topActivityInfo=ActivityInfo{d3dd011 com.weejobs.app.MainActivity} launchCookies=[] positionInParent=Point(0, 0) parentTaskId=-1 isFocused=false isVisible=false isVisibleRequested=false isTopActivityNoDisplay=false isSleeping=false locusId=null displayAreaFeatureId=1 isTopActivityTransparent=false isActivityStackTransparent=false lastNonFullscreenBounds=null capturedLink=null capturedLinkTimestamp=0 requestedVisibleTypes=503 topActivityRequestOpenInBrowserEducationTimestamp=0 appCompatTaskInfo=AppCompatTaskInfo { topActivityInSizeCompat=false isLeafTask= true eligibleForLetterboxEducation= false isLetterboxEducationEnabled= true isLetterboxDoubleTapEnabled= false eligibleForUserAspectRatioButton= false topActivityBoundsLetterboxed= false isFromLetterboxDoubleTap= false topActivityLetterboxVerticalPosition= -1 topActivityLetterboxHorizontalPosition= -1 topActivityLetterboxWidth=-1 topActivityLetterboxHeight=-1 topActivityAppBounds=Rect(0, 0 - 1080, 2400) isUserFullscreenOverrideEnabled=false isSystemFullscreenOverrideEnabled=false hasMinAspectRatioOverride=false topActivityLetterboxBounds=null cameraCompatTaskInfo=CameraCompatTaskInfo { cameraCompatMode=undefinedundefined} topNonResizableActivityAspectRatio=-1.0} topActivityMainWindowFrame=null isAppBubble=false}, pipChange = null, remoteTransition = null, displayChange = null, requestedLocation = null, userChange = null, windowingLayerChange = null, flags = 0, debugId = 185 }
03-31 05:51:45.496   651   794 I libbinder.BpBinder: onLastStrongRef automatically unlinking death recipients for descriptor: '(not cached)'
03-31 05:51:45.504  1636  1636 D BaseActivity: Launcher flags updated: [state_started|state_resumed|state_deferred_resumed|state_window_focused] -[state_user_active]
03-31 05:51:45.507  1636  1636 D BaseActivity: Launcher flags updated: [state_started|state_window_focused] -[state_resumed|state_deferred_resumed]
03-31 05:51:45.510  1636  1636 W SplitSelectStateCtor: Missing session instanceIds
03-31 05:51:45.512  1636  1636 D StatsLog: LAUNCHER_SPLIT_SELECTION_EXIT_INTERRUPTED
03-31 05:51:45.514  1337  1429 D ShellSplitScreen: logExit: no-op, mLoggerSessionId is null
03-31 05:51:45.517  1337  1429 V ShellDesktopMode: DesktopTasksController: handleRequest request=TransitionRequestInfo { type = OPEN, triggerTask = TaskInfo{userId=0 taskId=85 effectiveUid=10227 displayId=0 isRunning=true baseIntent=Intent { flg=0x10000000 cmp=com.weejobs.app/.MainActivity } baseActivity=ComponentInfo{com.weejobs.app/com.weejobs.app.MainActivity} topActivity=ComponentInfo{com.weejobs.app/com.weejobs.app.MainActivity} origActivity=null realActivity=ComponentInfo{com.weejobs.app/com.weejobs.app.MainActivity} numActivities=1 lastActiveTime=61654091 supportsMultiWindow=true resizeMode=1 isResizeable=true minWidth=-1 minHeight=-1 defaultMinSize=220 token=WCT{android.os.BinderProxy@e235838} topActivityType=1 pictureInPictureParams=null shouldDockBigOverlays=false launchIntoPipHostTaskId=-1 lastParentTaskIdBeforePip=-1 displayCutoutSafeInsets=Rect(0, 0 - 0, 0) topActivityInfo=ActivityInfo{d3dd011 com.weejobs.app.MainActivity} launchCookies=[] positionInParent=Point(0, 0) parentTaskId=-1 isFocused=false isVisible=false isVisibleRequested=false isTopActivityNoDisplay=false isSleeping=false locusId=null displayAreaFeatureId=1 isTopActivityTransparent=false isActivityStackTransparent=false lastNonFullscreenBounds=null capturedLink=null capturedLinkTimestamp=0 requestedVisibleTypes=503 topActivityRequestOpenInBrowserEducationTimestamp=0 appCompatTaskInfo=AppCompatTaskInfo { topActivityInSizeCompat=false isLeafTask= true eligibleForLetterboxEducation= false isLetterboxEducationEnabled= true isLetterboxDoubleTapEnabled= false eligibleForUserAspectRatioButton= false topActivityBoundsLetterboxed= false isFromLetterboxDoubleTap= false topActivityLetterboxVerticalPosition= -1 topActivityLetterboxHorizontalPosition= -1 topActivityLetterboxWidth=-1 topActivityLetterboxHeight=-1 topActivityAppBounds=Rect(0, 0 - 1080, 2400) isUserFullscreenOverrideEnabled=false isSystemFullscreenOverrideEnabled=false hasMinAspectRatioOverride=false topActivityLetterboxBounds=null cameraCompatTaskInfo=CameraCompatTaskInfo { cameraCompatMode=undefinedundefined} topNonResizableActivityAspectRatio=-1.0} topActivityMainWindowFrame=null isAppBubble=false}, pipChange = null, remoteTransition = null, displayChange = null, requestedLocation = null, userChange = null, windowingLayerChange = null, flags = 0, debugId = 185 }
03-31 05:51:45.517  1522  1586 D SatelliteController: iisInCarrierRoamingNbIotNtn: satellite is disabled
03-31 05:51:45.520  1522  1586 D SatelliteController: getCarrierRoamingNtnConnectType: Falling back to global carrier config connect type: 0
03-31 05:51:45.520  1337  1429 V ShellDesktopMode: DesktopTasksController: skipping handleRequest reason=triggerTask's display doesn't support desktop mode
03-31 05:51:45.525   815   830 V WindowManager: Defer transition id=185 for TaskFragmentTransaction=android.os.Binder@71f6db5
03-31 05:51:45.529   815   830 V WindowManager: deferTransitionReady deferReadyDepth=1 stack=com.android.server.wm.TransitionController.deferTransitionReady:1061 com.android.server.wm.TaskFragmentOrganizerController$TaskFragmentOrganizerState.dispatchTransaction:517 com.android.server.wm.TaskFragmentOrganizerController.dispatchPendingEvents:1259 com.android.server.wm.TaskFragmentOrganizerController.dispatchPendingEvents:1228 com.android.server.wm.RootWindowContainer.performSurfacePlacement:777 
03-31 05:51:45.533  1636  1636 D RecentsView: onTaskDisplayChanged: 85, new displayId = 0
03-31 05:51:45.534   815   838 V GrammaticalInflectionUtils: AttributionSource: android.content.AttributionSource@a8b12c4b does not have READ_SYSTEM_GRAMMATICAL_GENDER permission.
03-31 05:51:45.535  1337  1429 D WindowManagerShell: setLauncherKeepClearAreaHeight: visible=false, height=495
03-31 05:51:45.535   815   830 D CompatChangeReporter: Compat change id reported: 377864165; UID 10227; state: ENABLED
03-31 05:51:45.552   815   830 V WindowManager: Continue transition id=185 for TaskFragmentTransaction=android.os.Binder@71f6db5
03-31 05:51:45.553   815   830 V WindowManager: continueTransitionReady deferReadyDepth=0 stack=com.android.server.wm.TransitionController.continueTransitionReady:1071 com.android.server.wm.TaskFragmentOrganizerController$TaskFragmentOrganizerState.onTransactionFinished:546 com.android.server.wm.TaskFragmentOrganizerController.onTransactionHandled:740 android.window.ITaskFragmentOrganizerController$Stub.onTransact:225 android.os.Binder.execTransactInternal:1473 
03-31 05:51:45.560  1337  1429 D ShellDesktopMode: DesktopRepository: Removes freeform task: taskId=84
03-31 05:51:45.564  1337  1429 W ShellDesktopMode: DesktopRepository: No display id found for task: taskId=84
03-31 05:51:45.567   815  1292 D BackgroundInstallControlService: Package event received: 0
03-31 05:51:45.574   579   579 D Zygote  : Forked child process 10849
03-31 05:51:45.597   815   838 W ProcessStats: Tracking association SourceState{acd0c4a com.google.android.apps.nexuslauncher/10191 BTop #31922} whose proc state 2 is better than process ProcessState{9937bc com.google.android.apps.wellbeing/10159 pkg=com.google.android.apps.wellbeing} proc state 14 (4 skipped)
03-31 05:51:45.604   815   846 W ActivityManager: Slow operation: 69ms so far, now at startProcess: done updating battery stats
03-31 05:51:45.607   815   846 W ActivityManager: Slow operation: 72ms so far, now at startProcess: building log message
03-31 05:51:45.607   815   846 I ActivityManager: Start proc 10849:com.weejobs.app/u0a227 for next-top-activity {com.weejobs.app/com.weejobs.app.MainActivity}
03-31 05:51:45.607   815   846 W ActivityManager: Slow operation: 72ms so far, now at startProcess: starting to update pids map
03-31 05:51:45.623  1636  1636 D b/417220811: invalidateLoadedTasks - previous requestLoadId: -1
03-31 05:51:45.623  1636  1636 D b/417220811: invalidateLoadedTasks - previous requestLoadId: -1
03-31 05:51:45.624  1636  1636 D BaseActivity: Launcher flags updated: [state_started] -[state_window_focused]
03-31 05:51:45.643   815   846 W ActivityManager: Slow operation: 108ms so far, now at startProcess: done updating pids map
03-31 05:51:45.661  1337  1477 D WindowOnBackDispatcher: setTopOnBackInvokedCallback (unwrapped): android.view.ViewRootImpl$$ExternalSyntheticLambda12@7829380
03-31 05:51:45.663   815  2200 D CoreBackPreview: Window{62ea4d8 u0 Splash Screen com.weejobs.app}: Setting back callback OnBackInvokedCallbackInfo{mCallback=android.window.IOnBackInvokedCallback$Stub$Proxy@4855497, mPriority=0, mIsAnimationCallback=false, mOverrideBehavior=0}
03-31 05:51:45.676 10849 10849 I Zygote  : Process 10849 created for com.weejobs.app
03-31 05:51:45.676 10849 10849 I com.weejobs.app: Late-enabling -Xcheck:jni
03-31 05:51:45.743  1636  1636 D b/417220811: invalidateLoadedTasks - previous requestLoadId: -1
03-31 05:51:45.763 10850 10850 W libbinder.BackendUnifiedServiceManager: Thread Pool max thread count is 0. Cannot cache binder as linkToDeath cannot be implemented. serviceName: package
03-31 05:51:45.996   815   835 V WindowManager: Sent Transition (#185) createdAt=03-31 05:51:45.452 via request=TransitionRequestInfo { type = OPEN, triggerTask = TaskInfo{userId=0 taskId=85 effectiveUid=10227 displayId=0 isRunning=true baseIntent=Intent { flg=0x10000000 cmp=com.weejobs.app/.MainActivity } baseActivity=ComponentInfo{com.weejobs.app/com.weejobs.app.MainActivity} topActivity=ComponentInfo{com.weejobs.app/com.weejobs.app.MainActivity} origActivity=null realActivity=ComponentInfo{com.weejobs.app/com.weejobs.app.MainActivity} numActivities=1 lastActiveTime=61654091 supportsMultiWindow=true resizeMode=1 isResizeable=true minWidth=-1 minHeight=-1 defaultMinSize=220 token=WCT{RemoteToken{6583f8f Task{d711af9 #85 type=standard A=10227:com.weejobs.app}}} topActivityType=1 pictureInPictureParams=null shouldDockBigOverlays=false launchIntoPipHostTaskId=-1 lastParentTaskIdBeforePip=-1 displayCutoutSafeInsets=Rect(0, 0 - 0, 0) topActivityInfo=ActivityInfo{e8ad21c com.weejobs.app.MainActivity} launchCookies=[] positionInParent=Point(0, 0) parentTaskId=-1 isFocused=false isVisible=false isVisibleRequested=false isTopActivityNoDisplay=false isSleeping=false locusId=null displayAreaFeatureId=1 isTopActivityTransparent=false isActivityStackTransparent=false lastNonFullscreenBounds=null capturedLink=null capturedLinkTimestamp=0 requestedVisibleTypes=503 topActivityRequestOpenInBrowserEducationTimestamp=0 appCompatTaskInfo=AppCompatTaskInfo { topActivityInSizeCompat=false isLeafTask= true eligibleForLetterboxEducation= false isLetterboxEducationEnabled= true isLetterboxDoubleTapEnabled= false eligibleForUserAspectRatioButton= false topActivityBoundsLetterboxed= false isFromLetterboxDoubleTap= false topActivityLetterboxVerticalPosition= -1 topActivityLetterboxHorizontalPosition= -1 topActivityLetterboxWidth=-1 topActivityLetterboxHeight=-1 topActivityAppBounds=Rect(0, 0 - 1080, 2400) isUserFullscreenOverrideEnabled=false isSystemFullscreenOverrideEnabled=false hasMinAspectRatioOverride=false topActivityLetterboxBounds=null cameraCompatTaskInfo=CameraCompatTaskInfo { cameraCompatMode=undefinedundefined} topNonResizableActivityAspectRatio=-1.0} topActivityMainWindowFrame=null isAppBubble=false}, pipChange = null, remoteTransition = null, displayChange = null, requestedLocation = null, userChange = null, windowingLayerChange = null, flags = 0, debugId = 185 }
03-31 05:51:45.999   815   835 V WindowManager:     startWCT=WindowContainerTransaction { changes= {} hops= [] errorCallbackToken=null taskFragmentOrganizer=null }
03-31 05:51:46.000   815   835 V WindowManager:     info={id=185 t=OPEN f=0x0 trk=0 r=[0@Point(0, 0)] c=[
03-31 05:51:46.000   815   835 V WindowManager:         {WCT{RemoteToken{6583f8f Task{d711af9 #85 type=standard A=10227:com.weejobs.app}}} m=OPEN f=NONE leash=Surface(name=Task=85#2660)/@0x8fc9e6d sb=Rect(0, 0 - 1080, 2400) eb=Rect(0, 0 - 1080, 2400) epz=Point(1080, 2400) d=0 taskParent=-1 winMode=1 userId=0},
03-31 05:51:46.000   815   835 V WindowManager:         {WCT{RemoteToken{2b288d7 Task{456e129 #1 type=home}}} m=TO_BACK f=SHOW_WALLPAPER leash=Surface(name=Task=1#44)/@0x377fbff sb=Rect(0, 0 - 1080, 2400) eb=Rect(0, 0 - 1080, 2400) epz=Point(1080, 2400) d=0 taskParent=-1 winMode=1 userId=0},
03-31 05:51:46.000   815   835 V WindowManager:         {m=TO_BACK f=IS_WALLPAPER leash=Surface(name=WallpaperWindowToken{4959bac}#56)/@0x6259f59 sb=Rect(0, 0 - 1080, 2400) eb=Rect(0, 0 - 1080, 2400) epz=Point(1080, 2400) d=0}
03-31 05:51:46.000   815   835 V WindowManager:     ]}
03-31 05:51:46.020  1337  1429 V ShellTaskOrganizer: Task appeared taskId=85 listener=FullscreenTaskListener
03-31 05:51:46.021  1337  1429 V ShellTaskOrganizer: Fullscreen Task Appeared: #85
03-31 05:51:46.071  1636  1636 D b/417220811: invalidateLoadedTasks - previous requestLoadId: -1
03-31 05:51:46.080  1337  1364 V WindowManagerShell: onTransitionReady(transaction=3500398364332)
03-31 05:51:46.084  1337  1429 V WindowManagerShell: onTransitionReady (#185) android.os.BinderProxy@2dcdc9b: {id=185 t=OPEN f=0x0 trk=0 r=[0@Point(0, 0)] c=[
03-31 05:51:46.084  1337  1429 V WindowManagerShell:         {m=OPEN f=NONE leash=Surface(name=Task=85#2660)/@0x38cc47b sb=Rect(0, 0 - 1080, 2400) eb=Rect(0, 0 - 1080, 2400) epz=Point(1080, 2400) d=0 taskParent=-1 winMode=1 userId=0},
03-31 05:51:46.084  1337  1429 V WindowManagerShell:         {m=TO_BACK f=SHOW_WALLPAPER leash=Surface(name=Task=1#44)/@0x8ef5298 sb=Rect(0, 0 - 1080, 2400) eb=Rect(0, 0 - 1080, 2400) epz=Point(1080, 2400) d=0 taskParent=-1 winMode=1 userId=0},
03-31 05:51:46.084  1337  1429 V WindowManagerShell:         {m=TO_BACK f=IS_WALLPAPER leash=Surface(name=WallpaperWindowToken{4959bac}#56)/@0x2a0aaf1 sb=Rect(0, 0 - 1080, 2400) eb=Rect(0, 0 - 1080, 2400) epz=Point(1080, 2400) d=0}
03-31 05:51:46.084  1337  1429 V WindowManagerShell:     ]}
03-31 05:51:46.087  1337  1429 V WindowManagerShell: Playing animation for (#185) android.os.BinderProxy@2dcdc9b@0
03-31 05:51:46.091  1337  1429 V ShellRecents: RecentsTransitionHandler.startAnimation: no controller found
03-31 05:51:46.091  1337  1429 V ShellDesktopMode: DesktopMixedTransitionHandler: No pending desktop transition
03-31 05:51:46.092  1337  1429 V WindowManagerShell: Transition doesn't have explicit remote, search filters for match for {id=185 t=OPEN f=0x0 trk=0 r=[0@Point(0, 0)] c=[{m=OPEN f=NONE leash=Surface(name=Task=85#2660)/@0x38cc47b sb=Rect(0, 0 - 1080, 2400) eb=Rect(0, 0 - 1080, 2400) epz=Point(1080, 2400) d=0 taskParent=-1 winMode=1 userId=0},{m=TO_BACK f=SHOW_WALLPAPER leash=Surface(name=Task=1#44)/@0x8ef5298 sb=Rect(0, 0 - 1080, 2400) eb=Rect(0, 0 - 1080, 2400) epz=Point(1080, 2400) d=0 taskParent=-1 winMode=1 userId=0},{m=TO_BACK f=IS_WALLPAPER leash=Surface(name=WallpaperWindowToken{4959bac}#56)/@0x2a0aaf1 sb=Rect(0, 0 - 1080, 2400) eb=Rect(0, 0 - 1080, 2400) epz=Point(1080, 2400) d=0}]}
03-31 05:51:46.100  1337  1429 V WindowManagerShell:  Checking filter Pair{{types=[] flags=0x0] notFlags=0x0 checks=[{atype=undefined independent=true modes=[CLOSE,TO_BACK] flags=IN_TASK_WITH_EMBEDDED_ACTIVITY mustBeTask=false order=ANY topActivity=null launchCookie=null taskFragmentToken=android.os.BinderProxy@c043bef windowingMode=undefined isCrossDisplayMove=false}]} RemoteTransition { remoteTransition = android.window.IRemoteTransition$Stub$Proxy@1ea86fc, appThread = android.app.IApplicationThread$Stub$Proxy@8e47185, debugName = overlayBackTransition }}
03-31 05:51:46.107  1337  1429 V WindowManagerShell:  Checking filter Pair{{types=[] flags=0x0] notFlags=0x0 checks=[{atype=dream independent=true modes=[OPEN,TO_FRONT] flags=NONE mustBeTask=false order=ANY topActivity=null launchCookie=null windowingMode=undefined isCrossDisplayMove=false},{atype=home independent=true modes=[CLOSE,TO_BACK] flags=NONE mustBeTask=false order=ANY topActivity=null launchCookie=null windowingMode=undefined isCrossDisplayMove=false}]} RemoteTransition { remoteTransition = android.window.IRemoteTransition$Stub$Proxy@5b90bda, appThread = android.app.IApplicationThread$Stub$Proxy@602a80b, debugName = LauncherToDream }}
03-31 05:51:46.110  1337  1429 V WindowManagerShell:  Checking filter Pair{{types=[] flags=0x0] notFlags=0x100 checks=[{atype=home independent=true modes=[OPEN,TO_FRONT] flags=NONE mustBeTask=false order=TOP topActivity=ComponentInfo{com.google.android.apps.nexuslauncher/com.google.android.apps.nexuslauncher.NexusLauncherActivity} launchCookie=null windowingMode=undefined isCrossDisplayMove=false},{atype=standard independent=true modes=[CLOSE,TO_BACK] flags=NONE mustBeTask=false order=ANY topActivity=null launchCookie=null windowingMode=undefined isCrossDisplayMove=false},{NOT atype=undefined independent=true modes=[] flags=NONE mustBeTask=true order=ANY topActivity=null launchCookie=null customAnim=true windowingMode=undefined isCrossDisplayMove=false}]} RemoteTransition { remoteTransition = android.window.IRemoteTransition$Stub$Proxy@1d716e8, appThread = android.app.IApplicationThread$Stub$Proxy@ffa101, debugName = QuickstepLaunchHome }}
03-31 05:51:46.110  1337  1429 V WindowManagerShell:  Checking filter Pair{{types=[OPEN,TO_FRONT] flags=0x0] notFlags=0x0 checks=[{atype=standard independent=true modes=[OPEN,TO_FRONT] flags=NONE mustBeTask=true order=ANY topActivity=null launchCookie=null windowingMode=freeform isCrossDisplayMove=false}]} RemoteTransition { remoteTransition = android.window.IRemoteTransition$Stub$Proxy@37a315c, appThread = null, debugName = DesktopWindowLimitUnminimize }}
03-31 05:51:46.110  1337  1429 V WindowManagerShell:  Delegate animation for (#185) to null
03-31 05:51:46.115  1337  1429 V WindowManagerShell: start default transition animation, info = {id=185 t=OPEN f=0x0 trk=0 r=[0@Point(0, 0)] c=[{m=OPEN f=NONE leash=Surface(name=Task=85#2660)/@0x38cc47b sb=Rect(0, 0 - 1080, 2400) eb=Rect(0, 0 - 1080, 2400) epz=Point(1080, 2400) d=0 taskParent=-1 winMode=1 userId=0},{m=TO_BACK f=SHOW_WALLPAPER leash=Surface(name=Task=1#44)/@0x8ef5298 sb=Rect(0, 0 - 1080, 2400) eb=Rect(0, 0 - 1080, 2400) epz=Point(1080, 2400) d=0 taskParent=-1 winMode=1 userId=0},{m=TO_BACK f=IS_WALLPAPER leash=Surface(name=WallpaperWindowToken{4959bac}#56)/@0x2a0aaf1 sb=Rect(0, 0 - 1080, 2400) eb=Rect(0, 0 - 1080, 2400) epz=Point(1080, 2400) d=0}]}
03-31 05:51:46.122  1337  1429 V WindowManagerShell: loadAnimation: anim=android.view.animation.AnimationSet@49947f3 animAttr=0x13 type=OPEN isEntrance=false
03-31 05:51:46.147  1337  1429 V WindowManagerShell: loadAnimation: anim=android.view.animation.AnimationSet@221dcb0 animAttr=0x12 type=OPEN isEntrance=true
03-31 05:51:46.168  1337  1429 V WindowManagerShell:  animated by com.android.wm.shell.transition.DefaultTransitionHandler@7009b89
03-31 05:51:46.235  3343  3357 I artd    : GetBestInfo: odex next to the dex file (/data/app/~~l86ooHn3z7zjJPmRwuVyKA==/com.google.android.gms-mjvtrlLEHAA3R1GV5L8qqg==/oat/x86_64/base.odex) is kOatUpToDate with filter 'speed-profile' executable 'false'
03-31 05:51:46.241  3343 22142 I artd    : GetBestInfo: odex next to the dex file (/data/app/~~l86ooHn3z7zjJPmRwuVyKA==/com.google.android.gms-mjvtrlLEHAA3R1GV5L8qqg==/oat/x86_64/split_AdsDynamite_installtime.odex) is kOatUpToDate with filter 'speed' executable 'false'
03-31 05:51:46.248  3343 22142 I artd    : GetBestInfo: odex next to the dex file (/data/app/~~l86ooHn3z7zjJPmRwuVyKA==/com.google.android.gms-mjvtrlLEHAA3R1GV5L8qqg==/oat/x86_64/split_CronetDynamite_installtime.odex) is kOatUpToDate with filter 'speed' executable 'false'
03-31 05:51:46.254  3343 22142 I artd    : GetBestInfo: odex next to the dex file (/data/app/~~l86ooHn3z7zjJPmRwuVyKA==/com.google.android.gms-mjvtrlLEHAA3R1GV5L8qqg==/oat/x86_64/split_DynamiteLoader_installtime.odex) is kOatUpToDate with filter 'speed' executable 'false'
03-31 05:51:46.261  3343 22142 I artd    : GetBestInfo: odex next to the dex file (/data/app/~~l86ooHn3z7zjJPmRwuVyKA==/com.google.android.gms-mjvtrlLEHAA3R1GV5L8qqg==/oat/x86_64/split_DynamiteModulesA_installtime.odex) is kOatUpToDate with filter 'speed' executable 'false'
03-31 05:51:46.269  3343 22142 I artd    : GetBestInfo: odex next to the dex file (/data/app/~~l86ooHn3z7zjJPmRwuVyKA==/com.google.android.gms-mjvtrlLEHAA3R1GV5L8qqg==/oat/x86_64/split_DynamiteModulesC_installtime.odex) is kOatUpToDate with filter 'speed' executable 'false'
03-31 05:51:46.276  3343 22142 I artd    : GetBestInfo: odex next to the dex file (/data/app/~~l86ooHn3z7zjJPmRwuVyKA==/com.google.android.gms-mjvtrlLEHAA3R1GV5L8qqg==/oat/x86_64/split_GoogleCertificates_installtime.odex) is kOatUpToDate with filter 'speed' executable 'false'
03-31 05:51:46.282  3343 22142 I artd    : GetBestInfo: odex next to the dex file (/data/app/~~l86ooHn3z7zjJPmRwuVyKA==/com.google.android.gms-mjvtrlLEHAA3R1GV5L8qqg==/oat/x86_64/split_MapsDynamite_installtime.odex) is kOatUpToDate with filter 'speed' executable 'false'
03-31 05:51:46.311  3343 22142 I artd    : GetBestInfo: odex next to the dex file (/data/app/~~l86ooHn3z7zjJPmRwuVyKA==/com.google.android.gms-mjvtrlLEHAA3R1GV5L8qqg==/oat/x86_64/split_MeasurementDynamite_installtime.odex) is kOatUpToDate with filter 'speed' executable 'false'
03-31 05:51:46.319  3343 22142 I artd    : GetBestInfo: /data/user_de/0/com.google.android.gms/app_chimera/m/0000000d/dl-PlayCloudSearch.optional_253434100000.apk has no usable artifacts
03-31 05:51:46.325  3343 22142 I artd    : GetBestInfo: /data/user_de/0/com.google.android.gms/app_chimera/m/0000000c/dl-MlkitBarcodeUi.optional_253434100800.apk has no usable artifacts
03-31 05:51:46.329  3343 22142 I artd    : GetBestInfo: /data/user_de/0/com.google.android.gms/app_chimera/m/00000001/CronetDynamite.apk has no usable artifacts
03-31 05:51:46.334  3343 22142 I artd    : GetBestInfo: /data/user_de/0/com.google.android.gms/app_chimera/m/00000016/dl-MlkitOcrCommon.optional_261133100800.apk has no usable artifacts
03-31 05:51:46.340  3343 22142 I artd    : GetBestInfo: /data/user_de/0/com.google.android.gms/app_chimera/m/0000000e/dl-VisionOcr.optional_253434100000.apk has no usable artifacts
03-31 05:51:46.344  3343 22142 I artd    : GetBestInfo: /data/user_de/0/com.google.android.gms/app_chimera/m/00000002/DynamiteLoader.apk has no usable artifacts
03-31 05:51:46.345  3343 22142 I artd    : GetBestInfo: /data/user_de/0/com.google.android.gms/app_chimera/m/00000005/GoogleCertificates.apk has no usable artifacts
03-31 05:51:46.351  3343 22142 I artd    : GetBestInfo: /data/user_de/0/com.google.android.gms/app_chimera/m/00000012/dl-Appsearch.optional_261133100800.apk has no usable artifacts
03-31 05:51:46.355  3343 22142 I artd    : GetBestInfo: /data/user_de/0/com.google.android.gms/app_chimera/m/00000011/dl-PlayCloudSearch.optional_261133100000.apk has no usable artifacts
03-31 05:51:46.358  3343 22142 I artd    : GetBestInfo: /data/user_de/0/com.google.android.gms/app_chimera/m/00000015/dl-MlkitBarcodeUi.optional_261133100800.apk has no usable artifacts
03-31 05:51:46.362  3343 22142 I artd    : GetBestInfo: /data/user_de/0/com.google.android.gms/app_chimera/m/0000000a/dl-Appsearch.optional_253434100800.apk has no usable artifacts
03-31 05:51:46.366  3343 22142 I artd    : GetBestInfo: /data/user_de/0/com.google.android.gms/app_chimera/m/00000008/dl-TfliteDynamiteDynamite.integ_252130102100800.apk has no usable artifacts
03-31 05:51:46.371  3343 22142 I artd    : GetBestInfo: /data/user_de/0/com.google.android.gms/app_chimera/m/0000000f/dl-MlkitOcrCommon.optional_253434100800.apk has no usable artifacts
03-31 05:51:46.375  3343 22142 I artd    : GetBestInfo: /data/user_de/0/com.google.android.gms/app_chimera/m/00000010/dl-VisionOcr.optional_261133100000.apk has no usable artifacts
03-31 05:51:46.380  3343 22142 I artd    : GetBestInfo: vdex next to the dex file (/data/user/0/com.google.android.gms/app_dg_cache/BB2AE5A47BB198AF36C19CFD2B6407061A1BAF30/oat/x86_64/the.vdex) is kOatUpToDate with filter 'verify' executable 'false'
03-31 05:51:46.382  3343 22142 I artd    : GetBestInfo: /data/user_de/0/com.google.android.gms/app_chimera/m/00000007/MeasurementDynamite.apk has no usable artifacts
03-31 05:51:46.494  1337  1429 V WindowManagerShell: Transition animation finished (aborted=false), notifying core (#185) android.os.BinderProxy@2dcdc9b@0
03-31 05:51:46.502   815   835 V WindowManager: Finish Transition (#185): created at 03-31 05:51:45.452 collect-started=0.225ms request-sent=41.041ms started=81.219ms ready=482.151ms sent=517.18ms commit=211.908ms finished=1048.756ms
03-31 05:51:46.508  1636  1636 D VRI[NexusLauncherActivity]: visibilityChanged oldVisibility=true newVisibility=false
03-31 05:51:46.509  1337  1627 D WallpaperService: onVisibilityChanged(false): com.android.systemui.wallpapers.ImageWallpaper$CanvasEngine@b85e592
03-31 05:51:46.512  1337  1429 V WindowManagerShell: Track 0 became idle
03-31 05:51:46.512  1337  1429 V WindowManagerShell: All active transition animations finished
03-31 05:51:46.513  1636  1636 D NexusLauncherModelDelegate: notifySmartspaceEvent: SmartspaceTargetEvent{mSmartspaceTarget=null, mSmartspaceActionId='null', mEventType=7}
03-31 05:51:46.535  1337  1429 D Bubbles : onLocusVisibilityChanged=Overview|DISABLED visible=false taskId=1
03-31 05:51:46.604 10849 10849 I com.weejobs.app: Using CollectorTypeCMC GC.
03-31 05:51:46.605 10849 10849 W com.weejobs.app: Unexpected CPU variant for x86: x86_64.
03-31 05:51:46.605 10849 10849 W com.weejobs.app: Known variants: atom, sandybridge, silvermont, goldmont, goldmont-plus, goldmont-without-sha-xsaves, tremont, kabylake, alderlake, default
03-31 05:51:46.656  1634  1672 I adbd    : jdwp connection from 10849
03-31 05:51:46.755 10849 10849 D nativeloader: Load libframework-connectivity-tiramisu-jni.so using APEX ns com_android_tethering for caller /apex/com.android.tethering/javalib/framework-connectivity-t.jar: ok
03-31 05:51:46.925   815  1292 D BackgroundInstallControlService: Package event received: 0
03-31 05:51:47.199 10849 10849 D ApplicationLoaders: Returning zygote-cached class loader: /system/framework/org.apache.http.legacy.jar
03-31 05:51:47.199 10849 10849 D ApplicationLoaders: Returning zygote-cached class loader: /system_ext/framework/androidx.window.extensions.jar
03-31 05:51:47.199 10849 10849 D ApplicationLoaders: Returning zygote-cached class loader: /system_ext/framework/androidx.window.sidecar.jar
03-31 05:51:48.201   815  1239 I HalDevMgr: bestIfaceCreationProposal is null, requestIface=STA, existingIface=[name=wlan0 type=STA]
03-31 05:51:49.235 10253 10253 D BoundBrokerSvc: onUnbind: Intent { act=com.google.android.gms.feedback.internal.IFeedbackService dat=chimera-action:/... xflg=0x4 cmp=com.google.android.gms/.chimera.GmsBoundBrokerService }
03-31 05:51:49.525   815  3550 E TaskPersister: File error accessing recents directory (directory doesn't exist?).
03-31 05:51:50.439 10769 10776 W ndroid.keychain: userfaultfd: MOVE ioctl seems unsupported: Connection timed out
03-31 05:51:50.806   815   952 D ActivityManager: freezing 10219 com.google.android.permissioncontroller
03-31 05:51:50.811   815  1247 D InetDiagMessage: Destroyed 0 sockets, proto=IPPROTO_TCP, family=AF_INET, states=14
03-31 05:51:50.813   815  1247 D InetDiagMessage: Destroyed 0 sockets, proto=IPPROTO_TCP, family=AF_INET6, states=14
03-31 05:51:50.813   815  1247 D InetDiagMessage: Destroyed live tcp sockets for uids={10219} in 4ms
03-31 05:51:51.229   815  1239 I HalDevMgr: bestIfaceCreationProposal is null, requestIface=STA, existingIface=[name=wlan0 type=STA]
03-31 05:51:51.882 10849 10849 D nativeloader: Configuring clns-9 for other apk /data/app/~~e3i8s9tezBHZkQ5b0FF4Rg==/com.weejobs.app-SExlyYflQyHypzzWuoYjNA==/base.apk. target_sdk_version=36, uses_libraries=, library_path=/data/app/~~e3i8s9tezBHZkQ5b0FF4Rg==/com.weejobs.app-SExlyYflQyHypzzWuoYjNA==/lib/x86_64:/data/app/~~e3i8s9tezBHZkQ5b0FF4Rg==/com.weejobs.app-SExlyYflQyHypzzWuoYjNA==/base.apk!/lib/x86_64, permitted_path=/data:/mnt/expand:/data/user/0/com.weejobs.app
03-31 05:51:51.986 10849 10849 V GraphicsEnvironment: Currently set values for:
03-31 05:51:51.987 10849 10849 V GraphicsEnvironment:   angle_gl_driver_selection_pkgs=[]
03-31 05:51:51.987 10849 10849 V GraphicsEnvironment:   angle_gl_driver_selection_values=[]
03-31 05:51:51.987 10849 10849 V GraphicsEnvironment: com.weejobs.app is not listed in per-application setting
03-31 05:51:51.988 10849 10849 V GraphicsEnvironment: ANGLE allowlist from config: com.dreamgames.royalmatch com.dts.freefiremax com.dxx.firenow com.gramgames.mergedragons com.ludo.king com.mojang.minecraftpe com.my.defense com.nintendo.zaka com.os.airforce com.playrix.fishdomdd.gplay io.teslatech.callbreak jp.konami.prospia net.peakgames.toonblast
03-31 05:51:51.988 10849 10849 V GraphicsEnvironment: No special selections for ANGLE, returning default driver choice
03-31 05:51:51.988 10849 10849 V GraphicsEnvironment: Neither updatable production driver nor prerelease driver is supported.
03-31 05:51:52.504 10849 10849 W SoLoader: Initializing SoLoader: 0
03-31 05:51:52.531 10849 10849 W SoLoader: Recording new base apk path: /data/app/~~e3i8s9tezBHZkQ5b0FF4Rg==/com.weejobs.app-SExlyYflQyHypzzWuoYjNA==/base.apk
03-31 05:51:52.531 10849 10849 W SoLoader: Previously recorded 0 base apk paths.
03-31 05:51:52.552 10849 10849 I SoLoader: Preparing SO source: DirectorySoSource[root = /vendor/lib64 flags = 2]
03-31 05:51:52.552 10849 10849 I SoLoader: Preparing SO source: DirectorySoSource[root = /system/lib64 flags = 2]
03-31 05:51:52.553 10849 10849 I SoLoader: Preparing SO source: DirectApkSoSource[root = [/data/app/~~e3i8s9tezBHZkQ5b0FF4Rg==/com.weejobs.app-SExlyYflQyHypzzWuoYjNA==/base.apk!/lib/x86_64]]
03-31 05:51:52.772 10849 10849 I SoLoader: Preparing SO source: ApplicationSoSource[DirectorySoSource[root = /data/app/~~e3i8s9tezBHZkQ5b0FF4Rg==/com.weejobs.app-SExlyYflQyHypzzWuoYjNA==/lib/x86_64 flags = 0]]
03-31 05:51:52.773 10849 10849 I SoLoader: init finish: 4 SO sources prepared
03-31 05:51:52.775 10849 10849 W SoLoader: SoLoader initialized: 8
03-31 05:51:52.857   815  1247 D InetDiagMessage: Destroyed 0 sockets, proto=IPPROTO_TCP, family=AF_INET, states=14
03-31 05:51:52.859   815  1247 D InetDiagMessage: Destroyed 0 sockets, proto=IPPROTO_TCP, family=AF_INET6, states=14
03-31 05:51:52.860   815  1247 D InetDiagMessage: Destroyed live tcp sockets for uids={10159} in 7ms
03-31 05:51:52.860   815  1247 D InetDiagMessage: Destroyed 0 sockets, proto=IPPROTO_TCP, family=AF_INET, states=14
03-31 05:51:52.863   815  1247 D InetDiagMessage: Destroyed 0 sockets, proto=IPPROTO_TCP, family=AF_INET6, states=14
03-31 05:51:52.863   815  1247 D InetDiagMessage: Destroyed live tcp sockets for uids={20159} in 3ms
03-31 05:51:53.063 10849 10849 D nativeloader: Load /data/app/~~e3i8s9tezBHZkQ5b0FF4Rg==/com.weejobs.app-SExlyYflQyHypzzWuoYjNA==/base.apk!/lib/x86_64/libc++_shared.so using class loader ns clns-9 (caller=/data/app/~~e3i8s9tezBHZkQ5b0FF4Rg==/com.weejobs.app-SExlyYflQyHypzzWuoYjNA==/base.apk!classes21.dex): ok
03-31 05:51:53.204 10849 10849 D nativeloader: Load /data/app/~~e3i8s9tezBHZkQ5b0FF4Rg==/com.weejobs.app-SExlyYflQyHypzzWuoYjNA==/base.apk!/lib/x86_64/libjsi.so using class loader ns clns-9 (caller=/data/app/~~e3i8s9tezBHZkQ5b0FF4Rg==/com.weejobs.app-SExlyYflQyHypzzWuoYjNA==/base.apk!classes21.dex): ok
03-31 05:51:53.239 10849 10849 D nativeloader: Load /data/app/~~e3i8s9tezBHZkQ5b0FF4Rg==/com.weejobs.app-SExlyYflQyHypzzWuoYjNA==/base.apk!/lib/x86_64/libfbjni.so using class loader ns clns-9 (caller=/data/app/~~e3i8s9tezBHZkQ5b0FF4Rg==/com.weejobs.app-SExlyYflQyHypzzWuoYjNA==/base.apk!classes21.dex): ok
03-31 05:51:53.264 10849 10849 D nativeloader: Load /data/app/~~e3i8s9tezBHZkQ5b0FF4Rg==/com.weejobs.app-SExlyYflQyHypzzWuoYjNA==/base.apk!/lib/x86_64/libreactnative.so using class loader ns clns-9 (caller=/data/app/~~e3i8s9tezBHZkQ5b0FF4Rg==/com.weejobs.app-SExlyYflQyHypzzWuoYjNA==/base.apk!classes21.dex): ok
03-31 05:51:53.264 10849 10849 D jni_lib_merge: Entering merged library JNI_OnLoad.
03-31 05:51:53.264 10849 10849 D jni_lib_merge: Preparing 12 pre-merged libs (including stub)
03-31 05:51:53.264 10849 10849 D jni_lib_merge: Preparing to register libfabricjni_so.  onload_func: 0x76f54d5495d0
03-31 05:51:53.264 10849 10849 D jni_lib_merge: Preparing to register libreact_devsupportjni_so.  onload_func: 0x76f54d762660
03-31 05:51:53.264 10849 10849 D jni_lib_merge: Preparing to register libreact_featureflagsjni_so.  onload_func: 0x76f54d774530
03-31 05:51:53.264 10849 10849 D jni_lib_merge: Preparing to register libreact_newarchdefaults_so.  onload_func: 0x76f54d80fb10
03-31 05:51:53.264 10849 10849 D jni_lib_merge: Preparing to register libreactnativeblob_so.  onload_func: 0x76f54da1c6c0
03-31 05:51:53.264 10849 10849 D jni_lib_merge: Preparing to register libreactnativejni_so.  onload_func: 0x76f54da582d0
03-31 05:51:53.264 10849 10849 D jni_lib_merge: Preparing to register libreactnativejni_common_so.  onload_func: 0x76f54da5dcd0
03-31 05:51:53.265 10849 10849 D jni_lib_merge: Preparing to register librninstance_so.  onload_func: 0x76f54daa7fe0
03-31 05:51:53.265 10849 10849 D jni_lib_merge: Preparing to register libturbomodulejsijni_so.  onload_func: 0x76f54dc09f40
03-31 05:51:53.265 10849 10849 D jni_lib_merge: Preparing to register libuimanagerjni_so.  onload_func: 0x76f54dc20a30
03-31 05:51:53.265 10849 10849 D jni_lib_merge: Preparing to register libyoga_so.  onload_func: 0x76f54dc2f9c0
03-31 05:51:53.265 10849 10849 D jni_lib_merge: About to register 11 actual methods.
03-31 05:51:53.322 10849 10849 D nativeloader: Load /data/app/~~e3i8s9tezBHZkQ5b0FF4Rg==/com.weejobs.app-SExlyYflQyHypzzWuoYjNA==/base.apk!/lib/x86_64/libreact_codegen_rnscreens.so using class loader ns clns-9 (caller=/data/app/~~e3i8s9tezBHZkQ5b0FF4Rg==/com.weejobs.app-SExlyYflQyHypzzWuoYjNA==/base.apk!classes21.dex): ok
03-31 05:51:53.322 10849 10849 D jni_lib_merge: Entering merged library JNI_OnLoad.
03-31 05:51:53.322 10849 10849 D jni_lib_merge: Preparing 12 pre-merged libs (including stub)
03-31 05:51:53.322 10849 10849 D jni_lib_merge: Preparing to register libfabricjni_so.  onload_func: 0x76f54d5495d0
03-31 05:51:53.322 10849 10849 D jni_lib_merge: Preparing to register libreact_devsupportjni_so.  onload_func: 0x76f54d762660
03-31 05:51:53.322 10849 10849 D jni_lib_merge: Preparing to register libreact_featureflagsjni_so.  onload_func: 0x76f54d774530
03-31 05:51:53.322 10849 10849 D jni_lib_merge: Preparing to register libreact_newarchdefaults_so.  onload_func: 0x76f54d80fb10
03-31 05:51:53.322 10849 10849 D jni_lib_merge: Preparing to register libreactnativeblob_so.  onload_func: 0x76f54da1c6c0
03-31 05:51:53.322 10849 10849 D jni_lib_merge: Preparing to register libreactnativejni_so.  onload_func: 0x76f54da582d0
03-31 05:51:53.322 10849 10849 D jni_lib_merge: Preparing to register libreactnativejni_common_so.  onload_func: 0x76f54da5dcd0
03-31 05:51:53.322 10849 10849 D jni_lib_merge: Preparing to register librninstance_so.  onload_func: 0x76f54daa7fe0
03-31 05:51:53.322 10849 10849 D jni_lib_merge: Preparing to register libturbomodulejsijni_so.  onload_func: 0x76f54dc09f40
03-31 05:51:53.322 10849 10849 D jni_lib_merge: Preparing to register libuimanagerjni_so.  onload_func: 0x76f54dc20a30
03-31 05:51:53.322 10849 10849 D jni_lib_merge: Preparing to register libyoga_so.  onload_func: 0x76f54dc2f9c0
03-31 05:51:53.322 10849 10849 D jni_lib_merge: About to register 11 actual methods.
03-31 05:51:53.343 10849 10849 D nativeloader: Load /data/app/~~e3i8s9tezBHZkQ5b0FF4Rg==/com.weejobs.app-SExlyYflQyHypzzWuoYjNA==/base.apk!/lib/x86_64/libreact_codegen_safeareacontext.so using class loader ns clns-9 (caller=/data/app/~~e3i8s9tezBHZkQ5b0FF4Rg==/com.weejobs.app-SExlyYflQyHypzzWuoYjNA==/base.apk!classes21.dex): ok
03-31 05:51:53.351 10849 10849 D nativeloader: Load /data/app/~~e3i8s9tezBHZkQ5b0FF4Rg==/com.weejobs.app-SExlyYflQyHypzzWuoYjNA==/base.apk!/lib/x86_64/libappmodules.so using class loader ns clns-9 (caller=/data/app/~~e3i8s9tezBHZkQ5b0FF4Rg==/com.weejobs.app-SExlyYflQyHypzzWuoYjNA==/base.apk!classes21.dex): ok
03-31 05:51:54.234 10849 10849 I Choreographer: Skipped 112 frames!  The application may be doing too much work on its main thread.
03-31 05:51:54.235   815  1292 D BackgroundInstallControlService: Package event received: 0
03-31 05:51:54.235   815  1292 D BackgroundInstallControlService: Package event received: 0
03-31 05:51:54.259   815  1239 I HalDevMgr: bestIfaceCreationProposal is null, requestIface=STA, existingIface=[name=wlan0 type=STA]
03-31 05:51:54.261 10849 10869 I DisplayManager: Choreographer implicitly registered for the refresh rate.
03-31 05:51:54.747 10849 10869 I GFXSTREAM: [eglDisplay.cpp(297)] Opening libGLESv1_CM_emulation.so
03-31 05:51:54.754 10849 10869 I GFXSTREAM: [eglDisplay.cpp(297)] Opening libGLESv2_emulation.so
03-31 05:51:54.760 10849 10849 D DesktopExperienceFlags: Toggle override initialized to: false
03-31 05:51:54.782 10849 10869 W HWUI    : Failed to choose config with EGL_SWAP_BEHAVIOR_PRESERVED, retrying without...
03-31 05:51:54.783 10849 10869 W HWUI    : Failed to initialize 101010-2 format, error = EGL_SUCCESS
03-31 05:51:54.859 10849 10849 D AppCompatDelegate: Checking for metadata for AppLocalesMetadataHolderService : Service not found
03-31 05:51:54.924 10849 10849 E ashmem  : Pinning is deprecated since Android Q. Please use trim or other methods.
03-31 05:51:55.053 10849 10849 W com.weejobs.app: JNI critical lock held for 19.487ms on Thread[1,tid=10849,Runnable,Thread*=0x76f60260b7b0,peer=0x72ff0f78,"main"]
03-31 05:51:55.253 10849 10849 D CompatChangeReporter: Compat change id reported: 377864165; UID 10227; state: ENABLED
03-31 05:51:55.254 10849 10849 D DesktopModeFlags: Toggle override initialized to: OVERRIDE_UNSET
03-31 05:51:55.433 10849 10849 I com.weejobs.app: hiddenapi: Accessing hidden method Landroid/view/ViewGroup;->makeOptionalFitsSystemWindows()V (runtime_flags=0, domain=platform, api=unsupported) from Landroidx/appcompat/widget/ViewUtils; (domain=app, TargetSdkVersion=36) using reflection: allowed
03-31 05:51:55.493   815   838 W ActivityTaskManager: Launch timeout has expired, giving up wake lock!
03-31 05:51:55.503  1522  1586 D SatelliteController: iisInCarrierRoamingNbIotNtn: satellite is disabled
03-31 05:51:55.512  1522  1586 D SatelliteController: getCarrierRoamingNtnConnectType: Falling back to global carrier config connect type: 0
03-31 05:51:55.931 10871 10871 W libbinder.BackendUnifiedServiceManager: Thread Pool max thread count is 0. Cannot cache binder as linkToDeath cannot be implemented. serviceName: package
03-31 05:51:56.520  3343 22142 I artd    : GetBestInfo: odex next to the dex file (/data/app/~~l86ooHn3z7zjJPmRwuVyKA==/com.google.android.gms-mjvtrlLEHAA3R1GV5L8qqg==/oat/x86_64/base.odex) is kOatUpToDate with filter 'speed-profile' executable 'false'
03-31 05:51:56.527  3343 22142 I artd    : GetBestInfo: odex next to the dex file (/data/app/~~l86ooHn3z7zjJPmRwuVyKA==/com.google.android.gms-mjvtrlLEHAA3R1GV5L8qqg==/oat/x86_64/split_AdsDynamite_installtime.odex) is kOatUpToDate with filter 'speed' executable 'false'
03-31 05:51:56.532  3343 22142 I artd    : GetBestInfo: odex next to the dex file (/data/app/~~l86ooHn3z7zjJPmRwuVyKA==/com.google.android.gms-mjvtrlLEHAA3R1GV5L8qqg==/oat/x86_64/split_CronetDynamite_installtime.odex) is kOatUpToDate with filter 'speed' executable 'false'
03-31 05:51:56.539  3343 22142 I artd    : GetBestInfo: odex next to the dex file (/data/app/~~l86ooHn3z7zjJPmRwuVyKA==/com.google.android.gms-mjvtrlLEHAA3R1GV5L8qqg==/oat/x86_64/split_DynamiteLoader_installtime.odex) is kOatUpToDate with filter 'speed' executable 'false'
03-31 05:51:56.545  3343 22142 I artd    : GetBestInfo: odex next to the dex file (/data/app/~~l86ooHn3z7zjJPmRwuVyKA==/com.google.android.gms-mjvtrlLEHAA3R1GV5L8qqg==/oat/x86_64/split_DynamiteModulesA_installtime.odex) is kOatUpToDate with filter 'speed' executable 'false'
03-31 05:51:56.551  3343 22142 I artd    : GetBestInfo: odex next to the dex file (/data/app/~~l86ooHn3z7zjJPmRwuVyKA==/com.google.android.gms-mjvtrlLEHAA3R1GV5L8qqg==/oat/x86_64/split_DynamiteModulesC_installtime.odex) is kOatUpToDate with filter 'speed' executable 'false'
03-31 05:51:56.555  3343 22142 I artd    : GetBestInfo: odex next to the dex file (/data/app/~~l86ooHn3z7zjJPmRwuVyKA==/com.google.android.gms-mjvtrlLEHAA3R1GV5L8qqg==/oat/x86_64/split_GoogleCertificates_installtime.odex) is kOatUpToDate with filter 'speed' executable 'false'
03-31 05:51:56.560  3343 22142 I artd    : GetBestInfo: odex next to the dex file (/data/app/~~l86ooHn3z7zjJPmRwuVyKA==/com.google.android.gms-mjvtrlLEHAA3R1GV5L8qqg==/oat/x86_64/split_MapsDynamite_installtime.odex) is kOatUpToDate with filter 'speed' executable 'false'
03-31 05:51:56.565  3343 22142 I artd    : GetBestInfo: odex next to the dex file (/data/app/~~l86ooHn3z7zjJPmRwuVyKA==/com.google.android.gms-mjvtrlLEHAA3R1GV5L8qqg==/oat/x86_64/split_MeasurementDynamite_installtime.odex) is kOatUpToDate with filter 'speed' executable 'false'
03-31 05:51:56.571  3343 22142 I artd    : GetBestInfo: /data/user_de/0/com.google.android.gms/app_chimera/m/0000000d/dl-PlayCloudSearch.optional_253434100000.apk has no usable artifacts
03-31 05:51:56.576  3343 22142 I artd    : GetBestInfo: /data/user_de/0/com.google.android.gms/app_chimera/m/0000000c/dl-MlkitBarcodeUi.optional_253434100800.apk has no usable artifacts
03-31 05:51:56.580  3343 22142 I artd    : GetBestInfo: /data/user_de/0/com.google.android.gms/app_chimera/m/00000001/CronetDynamite.apk has no usable artifacts
03-31 05:51:56.585  3343 22142 I artd    : GetBestInfo: /data/user_de/0/com.google.android.gms/app_chimera/m/00000016/dl-MlkitOcrCommon.optional_261133100800.apk has no usable artifacts
03-31 05:51:56.593  3343 22142 I artd    : GetBestInfo: /data/user_de/0/com.google.android.gms/app_chimera/m/0000000e/dl-VisionOcr.optional_253434100000.apk has no usable artifacts
03-31 05:51:56.596  3343 22142 I artd    : GetBestInfo: /data/user_de/0/com.google.android.gms/app_chimera/m/00000002/DynamiteLoader.apk has no usable artifacts
03-31 05:51:56.598  3343 22142 I artd    : GetBestInfo: /data/user_de/0/com.google.android.gms/app_chimera/m/00000005/GoogleCertificates.apk has no usable artifacts
03-31 05:51:56.603  3343 22142 I artd    : GetBestInfo: /data/user_de/0/com.google.android.gms/app_chimera/m/00000012/dl-Appsearch.optional_261133100800.apk has no usable artifacts
03-31 05:51:56.607  3343 22142 I artd    : GetBestInfo: /data/user_de/0/com.google.android.gms/app_chimera/m/00000011/dl-PlayCloudSearch.optional_261133100000.apk has no usable artifacts
03-31 05:51:56.612  3343 22142 I artd    : GetBestInfo: /data/user_de/0/com.google.android.gms/app_chimera/m/00000015/dl-MlkitBarcodeUi.optional_261133100800.apk has no usable artifacts
03-31 05:51:56.619  3343  3357 I artd    : GetBestInfo: /data/user_de/0/com.google.android.gms/app_chimera/m/0000000a/dl-Appsearch.optional_253434100800.apk has no usable artifacts
03-31 05:51:56.624  3343  3357 I artd    : GetBestInfo: /data/user_de/0/com.google.android.gms/app_chimera/m/00000008/dl-TfliteDynamiteDynamite.integ_252130102100800.apk has no usable artifacts
03-31 05:51:56.628  3343  3357 I artd    : GetBestInfo: /data/user_de/0/com.google.android.gms/app_chimera/m/0000000f/dl-MlkitOcrCommon.optional_253434100800.apk has no usable artifacts
03-31 05:51:56.634  3343  3357 I artd    : GetBestInfo: /data/user_de/0/com.google.android.gms/app_chimera/m/00000010/dl-VisionOcr.optional_261133100000.apk has no usable artifacts
03-31 05:51:56.639  3343  3357 I artd    : GetBestInfo: vdex next to the dex file (/data/user/0/com.google.android.gms/app_dg_cache/BB2AE5A47BB198AF36C19CFD2B6407061A1BAF30/oat/x86_64/the.vdex) is kOatUpToDate with filter 'verify' executable 'false'
03-31 05:51:56.643  3343  3357 I artd    : GetBestInfo: /data/user_de/0/com.google.android.gms/app_chimera/m/00000007/MeasurementDynamite.apk has no usable artifacts
03-31 05:51:56.758 10849 10858 W com.weejobs.app: userfaultfd: MOVE ioctl seems unsupported: Try again
03-31 05:51:56.774 10849 10858 I com.weejobs.app: Background concurrent mark compact GC freed 4302KB AllocSpace bytes, 16(1504KB) LOS objects, 49% free, 2822KB/5645KB, paused 9.445ms,2.744ms total 125.482ms
03-31 05:51:57.286   815  1239 I HalDevMgr: bestIfaceCreationProposal is null, requestIface=STA, existingIface=[name=wlan0 type=STA]
03-31 05:51:57.477   815   944 D ActivityManager: sync unfroze 10283 com.android.vending for 6
03-31 05:51:57.598 10849 10849 W unknown:BridgelessReact: ReactHost{0}.startSurface(surfaceId = 0): Schedule
03-31 05:51:57.599 10849 10849 W unknown:BridgelessReact: ReactHost{0}.attachSurface(surfaceId = 0)
03-31 05:51:57.615 10849 10880 W unknown:BridgelessReact: ReactHost{0}.getOrCreateReactInstanceTask()
03-31 05:51:57.618 10849 10880 W unknown:BridgelessReact: ReactHost{0}.getOrCreateReactInstanceTask(): Start
03-31 05:51:57.620 10849 10880 W unknown:BridgelessReact: ReactHost{0}.getJSBundleLoader()
