03-31 01:16:46.743 W/Looper  (  815): Slow delivery took 452ms android.ui app=system_server main=false group=TOP_APP h=com.android.server.am.ActivityManagerService$UiHandler c=com.android.server.am.UidObserverController$$ExternalSyntheticLambda0@b25499f m=0
03-31 01:16:46.827 I/adbd    ( 1634): jdwp connection from 29290
03-31 01:16:46.895 I/BugleDataModel(24895): ExecuteActionRunnable: running action CountryCodeDetectorAction
03-31 01:16:46.950 I/Choreographer( 1337): Skipped 50 frames!  The application may be doing too much work on its main thread.
03-31 01:16:46.967 I/Finsky  (27088): [2] aiky - Received: android.intent.action.PACKAGE_ADDED, [Gqk4ewQyzs5K3YXFVstm8EkH33a-0A8vDs_YEc4mwgs]
03-31 01:16:47.001 W/ContentProviderHelper(  815): Slow operation: 128ms so far, now at getContentProviderImpl: before updateOomAdj
03-31 01:16:47.002 W/ContentProviderHelper(  815): Slow operation: 135ms so far, now at getContentProviderImpl: after updateOomAdj
03-31 01:16:47.002 W/ContentProviderHelper(  815): Slow operation: 136ms so far, now at getContentProviderImpl: done!
03-31 01:16:47.064 V/WindowManagerShell( 1337): Transition animation finished (aborted=false), notifying core (#169) android.os.BinderProxy@5a00ec2@0
03-31 01:16:47.150 I/HWUI    ( 1337): Davey! duration=1403ms; Flags=0, FrameTimelineVsyncId=9289189, IntendedVsync=45154269803620, Vsync=45154636470272, InputEventId=0, HandleInputStart=45154658036514, AnimationStart=45154658097514, PerformTraversalsStart=45154732053214, DrawStart=45154732182014, FrameDeadline=45154869803596, FrameStartTime=45154651202214, FrameInterval=16666666, WorkloadTarget=16666666, SyncQueued=45155400552514, SyncStart=45155442760814, IssueDrawCommandsStart=45155442926714, SwapBuffers=45155690058814, FrameCompleted=45155715669014, DequeueBufferDuration=57200, QueueBufferDuration=6537000, GpuCompleted=45155710830814, SwapBuffersCompleted=45155715669014, DisplayPresentTime=0, CommandSubmissionCompleted=45155690058814, 
03-31 01:16:47.150 V/WindowManager(  815): Finish Transition (#169): created at 03-31 01:16:39.379 collect-started=0.139ms request-sent=330.932ms started=2320.272ms ready=4764.03ms sent=5512.012ms commit=1031.429ms finished=7763.735ms
03-31 01:16:47.165 D/VRI[NexusLauncherActivity]( 1636): visibilityChanged oldVisibility=true newVisibility=false
03-31 01:16:47.194 W/Looper  (  815): Drained
03-31 01:16:47.232 I/HWUI    ( 1337): Davey! duration=971ms; Flags=0, FrameTimelineVsyncId=9289206, IntendedVsync=45154669803604, Vsync=45155503136904, InputEventId=0, HandleInputStart=45155551017614, AnimationStart=45155551140414, PerformTraversalsStart=45155551338414, DrawStart=45155565697614, FrameDeadline=45155736470228, FrameStartTime=45155508451314, FrameInterval=16666666, WorkloadTarget=16666666, SyncQueued=45155591487814, SyncStart=45155716335514, IssueDrawCommandsStart=45155716687914, SwapBuffers=45155731101314, FrameCompleted=45155766455814, DequeueBufferDuration=138500, QueueBufferDuration=15004600, GpuCompleted=45155764834314, SwapBuffersCompleted=45155766455814, DisplayPresentTime=0, CommandSubmissionCompleted=45155731101314, 
03-31 01:16:47.238 D/WallpaperService( 1337): onVisibilityChanged(false): com.android.systemui.wallpapers.ImageWallpaper$CanvasEngine@b85e592
03-31 01:16:47.244 D/NexusLauncherModelDelegate( 1636): notifySmartspaceEvent: SmartspaceTargetEvent{mSmartspaceTarget=null, mSmartspaceActionId='null', mEventType=7}
03-31 01:16:47.371 V/WindowManagerShell( 1337): Track 0 became idle
03-31 01:16:47.371 V/WindowManagerShell( 1337): All active transition animations finished
03-31 01:16:47.371 D/Bubbles ( 1337): onLocusVisibilityChanged=Overview|DISABLED visible=false taskId=1
03-31 01:16:47.589 I/Finsky:background(27164): [2] aiko - Received: android.intent.action.PACKAGE_ADDED, [Gqk4ewQyzs5K3YXFVstm8EkH33a-0A8vDs_YEc4mwgs]
03-31 01:16:47.603 W/Looper  (  815): Slow dispatch took 231ms android.ui app=system_server main=false group=TOP_APP h=com.android.server.am.ActivityManagerService$UiHandler c=com.android.server.am.UidObserverController$$ExternalSyntheticLambda0@b25499f m=0
03-31 01:16:47.759 I/ActivityManager(  815): Extending process start timeout by 9789ms for ProcessRecord{4350ca5 29240:com.google.android.partnersetup/u0a152}
03-31 01:16:47.891 I/Finsky:background(27164): [2] aiko - Deduping intent android.intent.action.PACKAGE_ADDED
03-31 01:16:48.026 D/nativeloader(29290): Load libframework-connectivity-tiramisu-jni.so using APEX ns com_android_tethering for caller /apex/com.android.tethering/javalib/framework-connectivity-t.jar: ok
03-31 01:16:48.084 I/Finsky  (27088): [2] aiky - Deduping intent android.intent.action.PACKAGE_ADDED
03-31 01:16:48.127 V/AccessibilityUserState(  815): updateShortcutTargets: type:accessibility_shortcut_target_service, current:{}, new:{}
03-31 01:16:48.127 V/AccessibilityUserState(  815): updateShortcutTargets: type:accessibility_qs_targets, current:{}, new:{}
03-31 01:16:48.127 V/AccessibilityUserState(  815): updateShortcutTargets: type:accessibility_button_targets, current:{}, new:{}
03-31 01:16:48.127 V/AccessibilityUserState(  815): updateShortcutTargets: type:accessibility_gesture_targets, current:{}, new:{}
03-31 01:16:48.127 V/AccessibilityUserState(  815): updateShortcutTargets: type:accessibility_key_gesture_targets, current:{}, new:{}
03-31 01:16:48.186 V/AccessibilityManagerService(  815): onUserStateChangedLocked for userId: 0, forceUpdate: false
03-31 01:16:48.322 W/libbinder.Binder(  815): Binder transaction to android.app.job.IJobScheduler code 1 took 2532ms. Data bytes: 472 Reply bytes: 8 Flags: 18
03-31 01:16:48.460 I/Finsky:background(27164): [64] RECEIVER_PACKAGE_MONITOR_BACKGROUND#logWorkEndAndFinishGoAsync: SUCCESS
03-31 01:16:48.586 I/artd    ( 3343): GetBestInfo: odex next to the dex file (/data/app/~~l86ooHn3z7zjJPmRwuVyKA==/com.google.android.gms-mjvtrlLEHAA3R1GV5L8qqg==/oat/x86_64/base.odex) is kOatUpToDate with filter 'speed-profile' executable 'false'
03-31 01:16:48.601 I/BugleDataModel(24895): ActionExecutorImpl: ACTION_BACKGROUND_QUEUED_CountryCodeDetectorAction
03-31 01:16:48.608 I/artd    ( 3343): GetBestInfo: odex next to the dex file (/data/app/~~l86ooHn3z7zjJPmRwuVyKA==/com.google.android.gms-mjvtrlLEHAA3R1GV5L8qqg==/oat/x86_64/split_AdsDynamite_installtime.odex) is kOatUpToDate with filter 'speed' executable 'false'
03-31 01:16:48.626 I/artd    ( 3343): GetBestInfo: odex next to the dex file (/data/app/~~l86ooHn3z7zjJPmRwuVyKA==/com.google.android.gms-mjvtrlLEHAA3R1GV5L8qqg==/oat/x86_64/split_CronetDynamite_installtime.odex) is kOatUpToDate with filter 'speed' executable 'false'
03-31 01:16:48.642 I/artd    ( 3343): GetBestInfo: odex next to the dex file (/data/app/~~l86ooHn3z7zjJPmRwuVyKA==/com.google.android.gms-mjvtrlLEHAA3R1GV5L8qqg==/oat/x86_64/split_DynamiteLoader_installtime.odex) is kOatUpToDate with filter 'speed' executable 'false'
03-31 01:16:48.652 I/artd    ( 3343): GetBestInfo: odex next to the dex file (/data/app/~~l86ooHn3z7zjJPmRwuVyKA==/com.google.android.gms-mjvtrlLEHAA3R1GV5L8qqg==/oat/x86_64/split_DynamiteModulesA_installtime.odex) is kOatUpToDate with filter 'speed' executable 'false'
03-31 01:16:48.659 I/SQLiteConnection(27164): Long db operation: /data/user/0/com.android.vending/databases/frosting.db
03-31 01:16:48.659 I/SQLiteConnection(27164): Long db operation: /data/user/0/com.android.vending/databases/frosting.db
03-31 01:16:48.659 I/Finsky:background(27164): [107] Wrote row to frosting DB: 577
03-31 01:16:48.673 I/artd    ( 3343): GetBestInfo: odex next to the dex file (/data/app/~~l86ooHn3z7zjJPmRwuVyKA==/com.google.android.gms-mjvtrlLEHAA3R1GV5L8qqg==/oat/x86_64/split_DynamiteModulesC_installtime.odex) is kOatUpToDate with filter 'speed' executable 'false'
03-31 01:16:48.708 I/artd    ( 3343): GetBestInfo: odex next to the dex file (/data/app/~~l86ooHn3z7zjJPmRwuVyKA==/com.google.android.gms-mjvtrlLEHAA3R1GV5L8qqg==/oat/x86_64/split_GoogleCertificates_installtime.odex) is kOatUpToDate with filter 'speed' executable 'false'
03-31 01:16:48.722 D/BoundBrokerSvc(22624): onBind: Intent { act=com.google.android.gms.feedback.internal.IFeedbackService dat=chimera-action:/... xflg=0x4 cmp=com.google.android.gms/.chimera.GmsBoundBrokerService }
03-31 01:16:48.723 D/BoundBrokerSvc(22624): Loading bound service for intent: Intent { act=com.google.android.gms.feedback.internal.IFeedbackService dat=chimera-action:/... xflg=0x4 cmp=com.google.android.gms/.chimera.GmsBoundBrokerService }
03-31 01:16:48.726 I/artd    ( 3343): GetBestInfo: odex next to the dex file (/data/app/~~l86ooHn3z7zjJPmRwuVyKA==/com.google.android.gms-mjvtrlLEHAA3R1GV5L8qqg==/oat/x86_64/split_MapsDynamite_installtime.odex) is kOatUpToDate with filter 'speed' executable 'false'
03-31 01:16:48.738 W/Looper  (  815): Slow dispatch took 2674ms main app=system_server main=true group=FOREGROUND h=android.app.job.JobServiceEngine$JobHandler c=null m=2
03-31 01:16:48.767 I/artd    ( 3343): GetBestInfo: odex next to the dex file (/data/app/~~l86ooHn3z7zjJPmRwuVyKA==/com.google.android.gms-mjvtrlLEHAA3R1GV5L8qqg==/oat/x86_64/split_MeasurementDynamite_installtime.odex) is kOatUpToDate with filter 'speed' executable 'false'
03-31 01:16:48.816 I/artd    ( 3343): GetBestInfo: /data/user_de/0/com.google.android.gms/app_chimera/m/0000000d/dl-PlayCloudSearch.optional_253434100000.apk has no usable artifacts
03-31 01:16:48.837 I/artd    ( 3343): GetBestInfo: /data/user_de/0/com.google.android.gms/app_chimera/m/0000000c/dl-MlkitBarcodeUi.optional_253434100800.apk has no usable artifacts
03-31 01:16:48.846 I/artd    ( 3343): GetBestInfo: /data/user_de/0/com.google.android.gms/app_chimera/m/00000001/CronetDynamite.apk has no usable artifacts
03-31 01:16:48.873 I/artd    ( 3343): GetBestInfo: /data/user_de/0/com.google.android.gms/app_chimera/m/00000016/dl-MlkitOcrCommon.optional_261133100800.apk has no usable artifacts
03-31 01:16:48.876 D/BackgroundInstallControlService(  815): Package event received: 0
03-31 01:16:48.900 I/artd    ( 3343): GetBestInfo: /data/user_de/0/com.google.android.gms/app_chimera/m/0000000e/dl-VisionOcr.optional_253434100000.apk has no usable artifacts
03-31 01:16:48.907 I/artd    ( 3343): GetBestInfo: /data/user_de/0/com.google.android.gms/app_chimera/m/00000002/DynamiteLoader.apk has no usable artifacts
03-31 01:16:48.917 I/artd    ( 3343): GetBestInfo: /data/user_de/0/com.google.android.gms/app_chimera/m/00000005/GoogleCertificates.apk has no usable artifacts
03-31 01:16:48.928 I/artd    ( 3343): GetBestInfo: /data/user_de/0/com.google.android.gms/app_chimera/m/00000012/dl-Appsearch.optional_261133100800.apk has no usable artifacts
03-31 01:16:48.943 I/artd    ( 3343): GetBestInfo: /data/user_de/0/com.google.android.gms/app_chimera/m/00000011/dl-PlayCloudSearch.optional_261133100000.apk has no usable artifacts
03-31 01:16:48.970 I/artd    ( 3343): GetBestInfo: /data/user_de/0/com.google.android.gms/app_chimera/m/00000015/dl-MlkitBarcodeUi.optional_261133100800.apk has no usable artifacts
03-31 01:16:48.979 I/artd    ( 3343): GetBestInfo: /data/user_de/0/com.google.android.gms/app_chimera/m/0000000a/dl-Appsearch.optional_253434100800.apk has no usable artifacts
03-31 01:16:48.982 I/artd    ( 3343): GetBestInfo: /data/user_de/0/com.google.android.gms/app_chimera/m/00000008/dl-TfliteDynamiteDynamite.integ_252130102100800.apk has no usable artifacts
03-31 01:16:48.998 I/artd    ( 3343): GetBestInfo: /data/user_de/0/com.google.android.gms/app_chimera/m/0000000f/dl-MlkitOcrCommon.optional_253434100800.apk has no usable artifacts
03-31 01:16:49.026 V/AccessibilityUserState(  815): updateShortcutTargets: type:accessibility_shortcut_target_service, current:{}, new:{}
03-31 01:16:49.026 V/AccessibilityUserState(  815): updateShortcutTargets: type:accessibility_button_targets, current:{}, new:{}
03-31 01:16:49.026 V/AccessibilityUserState(  815): updateShortcutTargets: type:accessibility_gesture_targets, current:{}, new:{}
03-31 01:16:49.026 V/AccessibilityUserState(  815): updateShortcutTargets: type:accessibility_qs_targets, current:{}, new:{}
03-31 01:16:49.026 V/AccessibilityUserState(  815): updateShortcutTargets: type:accessibility_key_gesture_targets, current:{}, new:{}
03-31 01:16:49.033 I/artd    ( 3343): GetBestInfo: /data/user_de/0/com.google.android.gms/app_chimera/m/00000010/dl-VisionOcr.optional_261133100000.apk has no usable artifacts
03-31 01:16:49.040 I/artd    ( 3343): GetBestInfo: vdex next to the dex file (/data/user/0/com.google.android.gms/app_dg_cache/BB2AE5A47BB198AF36C19CFD2B6407061A1BAF30/oat/x86_64/the.vdex) is kOatUpToDate with filter 'verify' executable 'false'
03-31 01:16:49.044 I/artd    ( 3343): GetBestInfo: /data/user_de/0/com.google.android.gms/app_chimera/m/00000007/MeasurementDynamite.apk has no usable artifacts
03-31 01:16:49.052 W/libbinder.Binder(  815): Binder transaction to android.content.pm.IPackageManager code 36 took 2260ms. Data bytes: 100 Reply bytes: 66672 Flags: 18
03-31 01:16:49.157 I/HalDevMgr(  815): bestIfaceCreationProposal is null, requestIface=STA, existingIface=[name=wlan0 type=STA]
03-31 01:16:49.314 I/Finsky  (27088): [2] aiky - Received: android.intent.action.PACKAGE_ADDED, [Gqk4ewQyzs5K3YXFVstm8EkH33a-0A8vDs_YEc4mwgs]
03-31 01:16:49.381 I/Icing   (22624): IndexChimeraService.getServiceInterface callingPackage=com.google.android.gms componentName=AppsCorpus serviceId=36
03-31 01:16:49.427 W/libbinder.Binder(  815): Binder transaction to android.content.pm.IPackageManager code 1598311760 took 4733ms. Data bytes: 80 Reply bytes: 4 Flags: 16
03-31 01:16:49.450 W/MagnificationConnectionManager(  815): requestConnection duplicated request: connect=false, mConnectionState=DISCONNECTED
03-31 01:16:49.458 V/AccessibilityUserState(  815): updateShortcutTargets: type:accessibility_button_targets, current:{}, new:{}
03-31 01:16:49.458 V/AccessibilityUserState(  815): updateShortcutTargets: type:accessibility_qs_targets, current:{}, new:{}
03-31 01:16:49.489 I/Finsky:background(27164): [107] Wrote row to frosting DB: 578
03-31 01:16:49.496 W/Looper  (  815): Slow dispatch took 672ms main app=system_server main=true group=FOREGROUND h=com.android.server.accessibility.AccessibilityManagerService$MainHandler c=<recycled PooledLambda@705dbbd> m=0
03-31 01:16:49.565 I/Finsky  (27088): [2] aiky - Deduping intent android.intent.action.PACKAGE_ADDED
03-31 01:16:49.579 I/Finsky  (27088): [50] RECEIVER_PACKAGE_MONITOR#logWorkEndAndFinishGoAsync: SUCCESS
03-31 01:16:49.667 W/Looper  (  815): Slow dispatch took 116ms main app=system_server main=true group=FOREGROUND h=android.app.ActivityThread$H c=null m=116
03-31 01:16:49.677 D/ApplicationLoaders(29290): Returning zygote-cached class loader: /system/framework/org.apache.http.legacy.jar
03-31 01:16:49.680 D/ApplicationLoaders(29290): Returning zygote-cached class loader: /system_ext/framework/androidx.window.extensions.jar
03-31 01:16:49.681 D/ApplicationLoaders(29290): Returning zygote-cached class loader: /system_ext/framework/androidx.window.sidecar.jar
03-31 01:16:49.701 W/ActivityTaskManager(  815): Launch timeout has expired, giving up wake lock!
03-31 01:16:49.716 V/SafetySourceDataValidat(  815): Package: com.android.vending has expected signature
03-31 01:16:49.748 V/SafetySourceDataValidat(  815): Package: com.android.vending has expected signature
03-31 01:16:49.980 I/Finsky  (27088): [2] SCH: job service start with id 9569.
03-31 01:16:50.004 V/GrammaticalInflectionUtils(  815): AttributionSource: android.content.AttributionSource@2f891832 does not have READ_SYSTEM_GRAMMATICAL_GENDER permission.
03-31 01:16:50.012 V/AccessibilityUserState(  815): updateShortcutTargets: type:accessibility_shortcut_target_service, current:{}, new:{}
03-31 01:16:50.012 V/AccessibilityUserState(  815): updateShortcutTargets: type:accessibility_qs_targets, current:{}, new:{}
03-31 01:16:50.012 V/AccessibilityUserState(  815): updateShortcutTargets: type:accessibility_button_targets, current:{}, new:{}
03-31 01:16:50.012 V/AccessibilityUserState(  815): updateShortcutTargets: type:accessibility_gesture_targets, current:{}, new:{}
03-31 01:16:50.012 V/AccessibilityUserState(  815): updateShortcutTargets: type:accessibility_key_gesture_targets, current:{}, new:{}
03-31 01:16:50.066 W/JobServiceContext(  815): Timed out while trying to bind for a7be0cf #u0a152/4096 com.google.android.partnersetup/.InstalledAppJobService
03-31 01:16:50.078 I/Finsky:background(27164): [107] Wrote row to frosting DB: 579
03-31 01:16:50.268 W/Looper  (  815): Slow dispatch took 499ms main app=system_server main=true group=FOREGROUND h=android.app.ActivityThread$H c=android.app.LoadedApk$ServiceDispatcher$RunConnection@529f4ac m=0
03-31 01:16:50.343 D/Zygote  (  579): Forked child process 29334
03-31 01:16:50.397 W/ActivityManager(  815): Slow operation: 393ms so far, now at startProcess: returned from zygote!
03-31 01:16:50.398 W/ActivityManager(  815): Slow operation: 394ms so far, now at startProcess: done updating battery stats
03-31 01:16:50.437 W/ActivityManager(  815): Slow operation: 394ms so far, now at startProcess: building log message
03-31 01:16:50.437 I/ActivityManager(  815): Start proc 29334:com.google.android.apps.safetyhub/u0a156 for service {com.google.android.apps.safetyhub/androidx.work.impl.background.systemjob.SystemJobService}
03-31 01:16:50.437 W/ActivityManager(  815): Slow operation: 433ms so far, now at startProcess: starting to update pids map
03-31 01:16:50.437 W/ActivityManager(  815): Slow operation: 433ms so far, now at startProcess: done updating pids map
03-31 01:16:50.746 I/Finsky:background(27164): [107] Wrote row to frosting DB: 580
03-31 01:16:50.752 I/Zygote  (29334): Process 29334 created for com.google.android.apps.safetyhub
03-31 01:16:50.763 I/.apps.safetyhub(29334): Using CollectorTypeCMC GC.
03-31 01:16:50.842 W/.apps.safetyhub(29334): Unexpected CPU variant for x86: x86_64.
03-31 01:16:50.842 W/.apps.safetyhub(29334): Known variants: atom, sandybridge, silvermont, goldmont, goldmont-plus, goldmont-without-sha-xsaves, tremont, kabylake, alderlake, default
03-31 01:16:50.845 I/Bugle   (24895): CountryCodeDetector: updateSmsNetworkCountry from default subscription network country. detected country: us
03-31 01:16:50.894 V/AccessibilityManagerService(  815): onUserStateChangedLocked for userId: 0, forceUpdate: false
03-31 01:16:50.896 V/AccessibilityUserState(  815): updateShortcutTargets: type:accessibility_shortcut_target_service, current:{}, new:{}
03-31 01:16:50.896 V/AccessibilityUserState(  815): updateShortcutTargets: type:accessibility_button_targets, current:{}, new:{}
03-31 01:16:50.896 V/AccessibilityUserState(  815): updateShortcutTargets: type:accessibility_gesture_targets, current:{}, new:{}
03-31 01:16:50.896 V/AccessibilityUserState(  815): updateShortcutTargets: type:accessibility_qs_targets, current:{}, new:{}
03-31 01:16:50.896 V/AccessibilityUserState(  815): updateShortcutTargets: type:accessibility_key_gesture_targets, current:{}, new:{}
03-31 01:16:50.896 W/libbinder.Binder(  815): Binder transaction to android.os.IRemoteCallback code 1 took 1320ms. Data bytes: 78800 Reply bytes: 0 Flags: 17
03-31 01:16:50.901 W/Looper  (  815): Slow dispatch took 127ms android.ui app=system_server main=false group=TOP_APP h=com.android.server.am.ActivityManagerService$UiHandler c=com.android.server.am.UidObserverController$$ExternalSyntheticLambda0@b25499f m=0
03-31 01:16:50.961 W/MagnificationConnectionManager(  815): requestConnection duplicated request: connect=false, mConnectionState=DISCONNECTED
03-31 01:16:50.962 W/Looper  (  815): Slow dispatch took 634ms main app=system_server main=true group=FOREGROUND h=com.android.server.accessibility.AccessibilityManagerService$MainHandler c=<recycled PooledLambda@5ac7f60> m=0
03-31 01:16:50.995 I/BugleDataModel(24895): ActionExecutorImpl: ACTION_RESPONSE_QUEUED_CountryCodeDetectorAction
03-31 01:16:51.387 W/Looper  (  815): Slow dispatch took 374ms main app=system_server main=true group=FOREGROUND h=com.android.server.accessibility.AccessibilityManagerService$MainHandler c=com.android.server.accessibility.AccessibilityManagerService$$ExternalSyntheticLambda1@5b6ad36 m=0
03-31 01:16:51.694 W/Looper  (  815): Slow dispatch took 159ms android.perm app=system_server main=false group=FOREGROUND h=android.os.Handler c=com.android.internal.infra.ServiceConnector$Impl$$ExternalSyntheticLambda0@ab866c2 m=0
03-31 01:16:51.695 W/Looper  (  815): Slow dispatch took 107ms main app=system_server main=true group=FOREGROUND h=com.android.server.power.Notifier$NotifierHandler c=null m=7
03-31 01:16:51.719 W/id.partnersetup(29240): userfaultfd: MOVE ioctl seems unsupported: Connection timed out
03-31 01:16:51.959 I/Finsky  (27088): [144] SCH: Satisfied jobs for 9569 are: 26-1414141414
03-31 01:16:52.049 I/Finsky  (27088): [149] SCH: Job 26-1414141414 starting
03-31 01:16:52.090 I/Finsky  (27088): [2] WM::SCH: Logging work start for 26-1414141414
03-31 01:16:52.100 I/Finsky  (27088): [54] WM::SCH: Logging work initialize for 12-1
03-31 01:16:52.158 I/Finsky  (27088): [54] WM::SCH: Logging work initialize for 12-1
03-31 01:16:52.175 I/HalDevMgr(  815): bestIfaceCreationProposal is null, requestIface=STA, existingIface=[name=wlan0 type=STA]
03-31 01:16:52.466 W/Icing   (22624): Usage reports not received in time.: java.util.concurrent.TimeoutException: Timed out waiting for Task
03-31 01:16:52.536 I/Finsky  (27088): [59] SCH: Scheduling phonesky job Id: 12-1, CT: 1774945006004, Constraints: [{ L: 15000, D: 86400000, C: CHARGING_NONE, I: IDLE_NONE, N: NET_ANY, B: BATTERY_ANY }]
03-31 01:16:53.064 D/BackgroundInstallControlService(  815): Package event received: 0
03-31 01:16:53.214 I/Finsky  (27088): [62] SCH: Scheduling 1 system job(s)
03-31 01:16:53.415 I/Finsky  (27088): [62] SCH: Scheduling system job Id: 9613, L: 7790, D: 76492200, C: false, I: false, N: 1
03-31 01:16:53.503 W/WellbeingSettingsProvid(24277): <DWB> Call failed: get_actions
03-31 01:16:53.503 W/WellbeingSettingsProvid(24277): java.util.concurrent.TimeoutException: Waited 5000 milliseconds (plus 78 milliseconds, 656200 nanoseconds delay) for ntm@abb130e[status=PENDING, info=[inputFuture=[ntl@c49912f[status=PENDING, setFuture=[nss@ee9533c[status=PENDING, info=[inputFuture=[ntm@d1ce8c5[status=PENDING, info=[inputFuture=[ntm@199521a[status=PENDING, info=[inputFuture=[nuh@f68114b[status=PENDING, info=[futures=[ntm@f966728[status=PENDING, info=[inputFuture=[ntm@7684c41[status=PENDING, info=[inputFuture=[nvg@9ea75e6[status=PENDING, info=[delegate=[nwm@ea47727[status=PENDING, info=[task=[running=[NOT STARTED YET], propagating=[dwp@77ecdd4]]]]]]]], function=[propagating=[dvz@9ac6b7d]]]]], function=[propagating=[fai@6d80a72]]]]]]]], function=[propagating=[ewe@3575ec3]]]]], function=[propagating=[dtn@8e4f340]]]]], exceptionType=[class java.lang.Throwable], fallback=[propagating=[dwo@f194279]]]]]]], function=[propagating=[dtn@2985bbe]]]]
03-31 01:16:53.503 W/WellbeingSettingsProvid(24277): 	at ntj.t(PG:370)
03-31 01:16:53.503 W/WellbeingSettingsProvid(24277): 	at ntb.get(PG:2)
03-31 01:16:53.503 W/WellbeingSettingsProvid(24277): 	at nuy.get(PG:2)
03-31 01:16:53.503 W/WellbeingSettingsProvid(24277): 	at com.google.android.apps.wellbeing.api.impl.WellbeingSettingsProvider.i(PG:9)
03-31 01:16:53.503 W/WellbeingSettingsProvid(24277): 	at com.google.android.apps.wellbeing.api.impl.WellbeingSettingsProvider.call(PG:151)
03-31 01:16:53.503 W/WellbeingSettingsProvid(24277): 	at android.content.ContentProvider.call(ContentProvider.java:2746)
03-31 01:16:53.503 W/WellbeingSettingsProvid(24277): 	at android.content.ContentProvider$Transport.call(ContentProvider.java:640)
03-31 01:16:53.503 W/WellbeingSettingsProvid(24277): 	at android.content.ContentProviderNative.onTransact(ContentProviderNative.java:307)
03-31 01:16:53.503 W/WellbeingSettingsProvid(24277): 	at android.os.Binder.execTransactInternal(Binder.java:1473)
03-31 01:16:53.503 W/WellbeingSettingsProvid(24277): 	at android.os.Binder.execTransact(Binder.java:1418)
03-31 01:16:53.504 W/libbinder.Binder(24277): Binder transaction to android.content.IContentProvider code 21 took 6356ms. Data bytes: 472 Reply bytes: 116 Flags: 18
03-31 01:16:53.511 I/Icing   (22624): Usage reports ok 1, Failed Usage reports 0, indexed 0, rejected 0
03-31 01:16:53.619 W/libbinder.Binder(  815): Binder transaction to android.app.IActivityManager code 43 took 1143ms. Data bytes: 588 Reply bytes: 8 Flags: 16
03-31 01:16:53.875 I/ForwardSyncCache(24895): reclaimMemory: Clearing caches
03-31 01:16:54.746 D/SatelliteController( 1522): iisInCarrierRoamingNbIotNtn: satellite is disabled
03-31 01:16:54.767 W/libbinder.Binder(  815): Binder transaction to android.app.job.IJobScheduler code 1 took 1234ms. Data bytes: 780 Reply bytes: 8 Flags: 18
03-31 01:16:54.785 D/SharedPreferencesImpl(22624): Time required to fsync /data/user/0/com.google.android.gms/shared_prefs/AppDataSearch-main-config.xml: [<1: 0, <2: 0, <4: 0, <8: 4, <16: 3, <32: 3, <64: 0, <128: 1, <256: 0, <512: 0, <1024: 1, <2048: 0, <4096: 0, <8192: 0, <16384: 0, >=16384: 0]
03-31 01:16:54.786 D/SatelliteController( 1522): getCarrierRoamingNtnConnectType: Falling back to global carrier config connect type: 0
03-31 01:16:55.222 W/Bugle   (24895): TextClassifierLibManagerImpl: Reclaiming memory at level: 40
03-31 01:16:55.229 I/Finsky  (27088): [53] [ContentSync] finished, scheduled=true
03-31 01:16:55.229 I/Finsky  (27088): [59] SCH: Scheduling phonesky job Id: 12-1, CT: 1774944999816, Constraints: [{ L: 15000, D: 86400000, C: CHARGING_NONE, I: IDLE_NONE, N: NET_ANY, B: BATTERY_ANY }]
03-31 01:16:55.321 I/Finsky  (27088): [62] SCH: Scheduling 1 system job(s)
03-31 01:16:55.323 I/Finsky  (27088): [62] SCH: Scheduling system job Id: 9613, L: 0, D: 76490091, C: false, I: false, N: 1
03-31 01:16:55.905 I/Finsky:background(27164): [2] Memory trim requested to level 40
03-31 01:16:55.963 I/HalDevMgr(  815): bestIfaceCreationProposal is null, requestIface=STA, existingIface=[name=wlan0 type=STA]
03-31 01:16:56.358 D/SharedPreferencesImpl(22624): Time required to fsync /data/user/0/com.google.android.gms/shared_prefs/proxy-apps-corpus.xml: [<1: 0, <2: 0, <4: 0, <8: 0, <16: 2, <32: 4, <64: 1, <128: 2, <256: 0, <512: 0, <1024: 1, <2048: 0, <4096: 0, <8192: 0, <16384: 0, >=16384: 0]
03-31 01:16:56.584 W/libbinder.Binder(  815): Binder transaction to android.content.pm.IPackageManager code 27 took 1253ms. Data bytes: 236 Reply bytes: 2592 Flags: 18
03-31 01:16:56.718 W/libbinder.BackendUnifiedServiceManager(29346): Thread Pool max thread count is 0. Cannot cache binder as linkToDeath cannot be implemented. serviceName: package
03-31 01:16:56.934 W/Looper  ( 1337): Slow dispatch took 1717ms SysUiBg app=com.android.systemui main=false group=TOP_APP h=android.os.Handler c=android.telephony.TelephonyCallback$IPhoneStateListenerStub$$ExternalSyntheticLambda52@687ef07 m=0
03-31 01:16:56.945 W/id.partnersetup(29240): Suspending all threads took: 168.163ms
03-31 01:16:57.474 W/libbinder.Binder(  815): Binder transaction to android.app.job.IJobScheduler code 1 took 2150ms. Data bytes: 780 Reply bytes: 8 Flags: 18
03-31 01:16:58.429 W/libbinder.Binder(  815): Binder transaction to com.android.internal.telephony.ITelephonyRegistry code 19 took 1424ms. Data bytes: 316 Reply bytes: 4 Flags: 18
03-31 01:16:58.486 I/Finsky  (27088): [59] [Counters Flush] Successfully flushed counter events
03-31 01:16:58.512 I/Finsky  (27088): [62] [Counters Flush] Counters flushed successfully
03-31 01:16:58.532 W/Looper  (  815): Slow dispatch took 551ms main app=system_server main=true group=FOREGROUND h=android.app.ActivityThread$H c=android.app.LoadedApk$ServiceDispatcher$RunConnection@8bd953b m=0
03-31 01:16:58.571 I/Finsky  (27088): [2] SCH: job service start with id 9613.
03-31 01:16:58.696 I/Icing   (22624): Indexing com.google.android.gms-apps from com.google.android.gms
03-31 01:16:58.768 I/Finsky  (27088): [54] [ContentSync] finished, scheduled=true
03-31 01:16:58.894 I/Finsky  (27088): [144] SCH: Satisfied jobs for 9613 are: 12-1
03-31 01:16:58.897 W/Looper  (  815): Drained
03-31 01:16:58.900 I/ActivityManager(  815): Killing 27164:com.android.vending:background/u0a153 (adj 905): excessive cpu 7400 during 301073 dur=2016499 limit=2
03-31 01:16:58.907 I/Finsky  (27088): [62] SCH: jobFinished: 26-1414141414. TimeElapsed: 6851ms.
03-31 01:16:58.909 I/Finsky  (27088): [62] WM::SCH: Logging work end for 26-1414141414
03-31 01:16:59.127 W/Looper  (  815): Slow delivery took 236ms main app=system_server main=true group=FOREGROUND h=com.android.server.alarm.AlarmManagerService$AlarmHandler c=null m=4
03-31 01:16:59.167 I/HalDevMgr(  815): bestIfaceCreationProposal is null, requestIface=STA, existingIface=[name=wlan0 type=STA]
03-31 01:16:59.246 W/Looper  (  815): Slow dispatch took 118ms main app=system_server main=true group=FOREGROUND h=android.app.ActivityThread$H c=android.app.AlarmManager$ListenerWrapper@3e7bc48 m=0
03-31 01:16:59.266 W/id.ext.services( 4470): Reducing the number of considered missed Gc histogram windows from 106 to 100
03-31 01:16:59.479 I/Finsky  (27088): [2] SCH: Job 12-1 starting
03-31 01:16:59.481 I/Finsky  (27088): [2] WM::SCH: Logging work start for 12-1
03-31 01:16:59.499 I/Finsky  (27088): [2] [ContentSync] job started
03-31 01:16:59.515 W/android.vending(27088): Reducing the number of considered missed Gc histogram windows from 104 to 100
03-31 01:16:59.607 I/Finsky  (27088): [144] SCH: Attempting to reschedule job: Id: 26-1414141414, Constraints: [{ L: 43199957, D: 44099957, C: CHARGING_NONE, I: IDLE_NONE, N: NET_NONE, B: BATTERY_ANY }]
03-31 01:16:59.659 I/Icing   (22624): IndexChimeraService.getServiceInterface callingPackage=com.google.android.gms componentName=null serviceId=30
03-31 01:16:59.663 I/Finsky  (27088): [59] SCH: no pending jobs to schedule.
03-31 01:16:59.674 I/Finsky  (27088): [149] SCH: job service finished with id 9569.
03-31 01:16:59.718 W/ProcessStats(  815): Tracking association SourceState{623b636 system/1000 ImpBg #28658} whose proc state 6 is better than process ProcessState{2117a88 com.android.vending/10153 pkg=com.android.vending} proc state 14 (9 skipped)
03-31 01:16:59.995 I/Finsky  (27088): [53] WM::SCH: Logging work initialize for 26-1414141414
03-31 01:17:00.107 I/android.vending(27088): ThreadFlipBegin blocked for 7.495ms
03-31 01:17:00.136 I/android.vending(27088): IncrementDisableThreadFlip blocked for 28.786ms
03-31 01:17:00.242 I/Finsky  (27088): [59] SCH: Scheduling phonesky job Id: 26-1414141414, CT: 1774945019610, Constraints: [{ L: 43199957, D: 44099957, C: CHARGING_NONE, I: IDLE_NONE, N: NET_NONE, B: BATTERY_ANY }]
03-31 01:17:00.252 W/Looper  (  815): Drained
03-31 01:17:00.263 D/ConnectivityService(  815): releasing NetworkRequest [ REQUEST id=655, [ Capabilities: INTERNET&NOT_RESTRICTED&TRUSTED&NOT_VCN_MANAGED&NOT_BANDWIDTH_CONSTRAINED Uid: 10153 RequestorUid: 10153 RequestorPkg: com.android.vending UnderlyingNetworks: Null] ] (release request)
03-31 01:17:00.294 D/ConnectivityService(  815): releasing NetworkRequest [ REQUEST id=650, [ Capabilities: INTERNET&NOT_RESTRICTED&TRUSTED&NOT_VCN_MANAGED&NOT_BANDWIDTH_CONSTRAINED Uid: 10153 RequestorUid: 10153 RequestorPkg: com.android.vending UnderlyingNetworks: Null] ] (release request)
03-31 01:17:00.296 D/ConnectivityService(  815): releasing NetworkRequest [ REQUEST id=652, [ Capabilities: INTERNET&NOT_RESTRICTED&TRUSTED&NOT_VCN_MANAGED&NOT_BANDWIDTH_CONSTRAINED Uid: 10153 RequestorUid: 10153 RequestorPkg: com.android.vending UnderlyingNetworks: Null] ] (release request)
03-31 01:17:00.300 I/Finsky  (27088): [61] SCH: Scheduling 1 system job(s)
03-31 01:17:00.300 W/JobInfo (27088): Job 'com.android.vending/com.google.android.finsky.scheduler.process.mainimpl.PhoneskyJobServiceMain#9616' has a deadline with no functional constraints. The deadline won't improve job execution latency. Consider removing the deadline.
03-31 01:17:00.300 I/Finsky  (27088): [61] SCH: Scheduling system job Id: 9616, L: 43199267, D: 44099267, C: false, I: false, N: 0
03-31 01:17:00.310 W/JobInfo (  815): Job 'com.android.vending/com.google.android.finsky.scheduler.process.mainimpl.PhoneskyJobServiceMain#9616' has a deadline with no functional constraints. The deadline won't improve job execution latency. Consider removing the deadline.
03-31 01:17:00.349 I/libprocessgroup(  815): Removed cgroup /sys/fs/cgroup/apps/uid_10153/pid_27164
03-31 01:17:00.386 I/Zygote  (  579): Process 27164 exited due to signal 9 (Killed)
03-31 01:17:00.519 I/GooglePartnerSetup(29240): Phenotype client.register successes
03-31 01:17:00.527 W/JobInfo (29240): Job 'com.google.android.partnersetup/.PhenotypeJobService#2' has a deadline with no functional constraints. The deadline won't improve job execution latency. Consider removing the deadline.
03-31 01:17:00.528 W/JobInfo (  815): Job 'com.google.android.partnersetup/.PhenotypeJobService#2' has a deadline with no functional constraints. The deadline won't improve job execution latency. Consider removing the deadline.
03-31 01:17:00.545 I/berberis(29334): Initialized Berberis ((null)), version 16.0.0
03-31 01:17:00.563 W/android.vending(27088): Suspending all threads took: 23.280ms
03-31 01:17:00.578 W/ActivityManager(  815): Process ProcessRecord{ba1afe 29334:com.google.android.apps.safetyhub/u0a156} failed to attach
03-31 01:17:00.579 W/Looper  (  815): Slow dispatch took 294ms main app=system_server main=true group=FOREGROUND h=com.android.server.alarm.AlarmManagerService$AlarmHandler c=com.android.server.alarm.AlarmManagerService$2$$ExternalSyntheticLambda0@8935ae6 m=0
03-31 01:17:00.580 W/ActivityManager(  815): Forcing bringing down service: ServiceRecord{23976b9 u0 com.google.android.apps.safetyhub/androidx.work.impl.background.systemjob.SystemJobService c:android}
03-31 01:17:00.588 I/ActivityManager(  815): Killing 29334:com.google.android.apps.safetyhub/u0a156 (adj -10000): start timeout
03-31 01:17:00.591 I/android.vending(27088): IncrementDisableThreadFlip blocked for 12.591ms
03-31 01:17:00.630 I/Zygote  (  579): Process 29334 exited due to signal 9 (Killed)
03-31 01:17:00.631 E/JobServiceContext(  815): Binding died for 0:com.google.android.apps.safetyhub
03-31 01:17:00.676 W/libbinder.Binder( 8555): Binder transaction to android.content.IContentProvider code 1 took 1125ms. Data bytes: 392 Reply bytes: 80 Flags: 18
03-31 01:17:00.763 W/Looper  (  815): Slow dispatch took 171ms android.ui app=system_server main=false group=TOP_APP h=com.android.server.am.ActivityManagerService$UiHandler c=com.android.server.am.UidObserverController$$ExternalSyntheticLambda0@b25499f m=0
03-31 01:17:00.763 I/libprocessgroup(  815): Removed cgroup /sys/fs/cgroup/apps/uid_10156/pid_29334
03-31 01:17:00.764 D/WM-DelayedWorkTracker(24895): Scheduling work 0c43e3d9-b347-4c89-90b7-d59278640329
03-31 01:17:00.797 D/WM-GreedyScheduler(24895): Starting work for 0c43e3d9-b347-4c89-90b7-d59278640329
03-31 01:17:00.999 I/Finsky  (27088): [153] App states replicator found 6 unowned apps
03-31 01:17:01.024 I/Finsky  (27088): [62] Completed 0 account content syncs with 0 successful.
03-31 01:17:01.032 I/Finsky  (27088): [2] [ContentSync] Installation state replication succeeded.
03-31 01:17:01.032 I/Finsky  (27088): [2] SCH: jobFinished: 12-1. TimeElapsed: 1551ms.
03-31 01:17:01.032 I/Finsky  (27088): [2] WM::SCH: Logging work end for 12-1
03-31 01:17:01.051 W/gle.android.gms(22624): Reducing the number of considered missed Gc histogram windows from 106 to 100
03-31 01:17:01.102 I/artd    ( 3343): GetBestInfo: odex next to the dex file (/data/app/~~l86ooHn3z7zjJPmRwuVyKA==/com.google.android.gms-mjvtrlLEHAA3R1GV5L8qqg==/oat/x86_64/base.odex) is kOatUpToDate with filter 'speed-profile' executable 'false'
03-31 01:17:01.102 D/WM-Processor(24895): qcu: processing WorkGenerationalId(workSpecId=0c43e3d9-b347-4c89-90b7-d59278640329, generation=19)
03-31 01:17:01.125 I/artd    ( 3343): GetBestInfo: odex next to the dex file (/data/app/~~l86ooHn3z7zjJPmRwuVyKA==/com.google.android.gms-mjvtrlLEHAA3R1GV5L8qqg==/oat/x86_64/split_AdsDynamite_installtime.odex) is kOatUpToDate with filter 'speed' executable 'false'
03-31 01:17:01.132 I/artd    ( 3343): GetBestInfo: odex next to the dex file (/data/app/~~l86ooHn3z7zjJPmRwuVyKA==/com.google.android.gms-mjvtrlLEHAA3R1GV5L8qqg==/oat/x86_64/split_CronetDynamite_installtime.odex) is kOatUpToDate with filter 'speed' executable 'false'
03-31 01:17:01.134 D/MddListenableWorkerFactory(24895): createWorker for class: com.google.apps.tiktok.contrib.work.TikTokListenableWorker
03-31 01:17:01.138 I/Finsky  (27088): [61] SCH: Scheduling phonesky job Id: 1-1337, CT: 1774935159947, Constraints: [{ L: 43145467, D: 86345467, C: CHARGING_NONE, I: IDLE_NONE, N: NET_ANY, B: BATTERY_ANY }]
03-31 01:17:01.162 I/artd    ( 3343): GetBestInfo: odex next to the dex file (/data/app/~~l86ooHn3z7zjJPmRwuVyKA==/com.google.android.gms-mjvtrlLEHAA3R1GV5L8qqg==/oat/x86_64/split_DynamiteLoader_installtime.odex) is kOatUpToDate with filter 'speed' executable 'false'
03-31 01:17:01.172 I/artd    ( 3343): GetBestInfo: odex next to the dex file (/data/app/~~l86ooHn3z7zjJPmRwuVyKA==/com.google.android.gms-mjvtrlLEHAA3R1GV5L8qqg==/oat/x86_64/split_DynamiteModulesA_installtime.odex) is kOatUpToDate with filter 'speed' executable 'false'
03-31 01:17:01.198 I/Finsky  (27088): [60] SCH: Scheduling 1 system job(s)
03-31 01:17:01.198 I/Finsky  (27088): [60] SCH: Scheduling system job Id: 9617, L: 33284216, D: 76484216, C: false, I: false, N: 1
03-31 01:17:01.200 I/artd    ( 3343): GetBestInfo: odex next to the dex file (/data/app/~~l86ooHn3z7zjJPmRwuVyKA==/com.google.android.gms-mjvtrlLEHAA3R1GV5L8qqg==/oat/x86_64/split_DynamiteModulesC_installtime.odex) is kOatUpToDate with filter 'speed' executable 'false'
03-31 01:17:01.219 I/artd    ( 3343): GetBestInfo: odex next to the dex file (/data/app/~~l86ooHn3z7zjJPmRwuVyKA==/com.google.android.gms-mjvtrlLEHAA3R1GV5L8qqg==/oat/x86_64/split_GoogleCertificates_installtime.odex) is kOatUpToDate with filter 'speed' executable 'false'
03-31 01:17:01.226 D/NetworkStatsObservers(  815): Unregistering RequestInfo from pid/uid:815/1000(android) for DataUsageRequest [ requestId=26, networkTemplate=NetworkTemplate: matchRule=MOBILE, matchSubscriberIds=[310260...], matchWifiNetworkKeys=[], metered=YES, defaultNetwork=NO, thresholdInBytes=3558345 ] accessLevel:3
03-31 01:17:01.228 D/NetworkStatsObservers(  815): Registering observer for RequestInfo from pid/uid:815/1000(android) for DataUsageRequest [ requestId=27, networkTemplate=NetworkTemplate: matchRule=MOBILE, matchSubscriberIds=[310260...], matchWifiNetworkKeys=[], metered=YES, defaultNetwork=NO, thresholdInBytes=3553186 ] accessLevel:3
03-31 01:17:01.230 I/artd    ( 3343): GetBestInfo: odex next to the dex file (/data/app/~~l86ooHn3z7zjJPmRwuVyKA==/com.google.android.gms-mjvtrlLEHAA3R1GV5L8qqg==/oat/x86_64/split_MapsDynamite_installtime.odex) is kOatUpToDate with filter 'speed' executable 'false'
03-31 01:17:01.237 I/artd    ( 3343): GetBestInfo: odex next to the dex file (/data/app/~~l86ooHn3z7zjJPmRwuVyKA==/com.google.android.gms-mjvtrlLEHAA3R1GV5L8qqg==/oat/x86_64/split_MeasurementDynamite_installtime.odex) is kOatUpToDate with filter 'speed' executable 'false'
03-31 01:17:01.239 D/WM-WorkerWrapper(24895): Starting work for com.google.apps.tiktok.contrib.work.TikTokListenableWorker
03-31 01:17:01.248 I/artd    ( 3343): GetBestInfo: /data/user_de/0/com.google.android.gms/app_chimera/m/0000000d/dl-PlayCloudSearch.optional_253434100000.apk has no usable artifacts
03-31 01:17:01.257 I/artd    ( 3343): GetBestInfo: /data/user_de/0/com.google.android.gms/app_chimera/m/0000000c/dl-MlkitBarcodeUi.optional_253434100800.apk has no usable artifacts
03-31 01:17:01.266 I/artd    ( 3343): GetBestInfo: /data/user_de/0/com.google.android.gms/app_chimera/m/00000001/CronetDynamite.apk has no usable artifacts
03-31 01:17:01.273 I/artd    ( 3343): GetBestInfo: /data/user_de/0/com.google.android.gms/app_chimera/m/00000016/dl-MlkitOcrCommon.optional_261133100800.apk has no usable artifacts
03-31 01:17:01.283 I/artd    ( 3343): GetBestInfo: /data/user_de/0/com.google.android.gms/app_chimera/m/0000000e/dl-VisionOcr.optional_253434100000.apk has no usable artifacts
03-31 01:17:01.291 I/artd    ( 3343): GetBestInfo: /data/user_de/0/com.google.android.gms/app_chimera/m/00000002/DynamiteLoader.apk has no usable artifacts
03-31 01:17:01.296 I/artd    ( 3343): GetBestInfo: /data/user_de/0/com.google.android.gms/app_chimera/m/00000005/GoogleCertificates.apk has no usable artifacts
03-31 01:17:01.308 I/artd    ( 3343): GetBestInfo: /data/user_de/0/com.google.android.gms/app_chimera/m/00000012/dl-Appsearch.optional_261133100800.apk has no usable artifacts
03-31 01:17:01.316 I/artd    ( 3343): GetBestInfo: /data/user_de/0/com.google.android.gms/app_chimera/m/00000011/dl-PlayCloudSearch.optional_261133100000.apk has no usable artifacts
03-31 01:17:01.320 I/artd    ( 3343): GetBestInfo: /data/user_de/0/com.google.android.gms/app_chimera/m/00000015/dl-MlkitBarcodeUi.optional_261133100800.apk has no usable artifacts
03-31 01:17:01.328 I/SyncManagerImpl(24895): #sync(). Running Synclets and scheduling next sync.
03-31 01:17:01.335 I/artd    ( 3343): GetBestInfo: /data/user_de/0/com.google.android.gms/app_chimera/m/0000000a/dl-Appsearch.optional_253434100800.apk has no usable artifacts
03-31 01:17:01.339 I/Finsky  (27088): [149] SCH: job service finished with id 9613.
03-31 01:17:01.340 I/artd    ( 3343): GetBestInfo: /data/user_de/0/com.google.android.gms/app_chimera/m/00000008/dl-TfliteDynamiteDynamite.integ_252130102100800.apk has no usable artifacts
03-31 01:17:01.359 I/artd    ( 3343): GetBestInfo: /data/user_de/0/com.google.android.gms/app_chimera/m/0000000f/dl-MlkitOcrCommon.optional_253434100800.apk has no usable artifacts
03-31 01:17:01.370 I/artd    ( 3343): GetBestInfo: /data/user_de/0/com.google.android.gms/app_chimera/m/00000010/dl-VisionOcr.optional_261133100000.apk has no usable artifacts
03-31 01:17:01.388 I/artd    ( 3343): GetBestInfo: vdex next to the dex file (/data/user/0/com.google.android.gms/app_dg_cache/BB2AE5A47BB198AF36C19CFD2B6407061A1BAF30/oat/x86_64/the.vdex) is kOatUpToDate with filter 'verify' executable 'false'
03-31 01:17:01.399 I/artd    ( 3343): GetBestInfo: /data/user_de/0/com.google.android.gms/app_chimera/m/00000007/MeasurementDynamite.apk has no usable artifacts
03-31 01:17:01.428 I/Finsky  (27088): [2] Memory trim requested to level 40
03-31 01:17:01.432 I/Finsky  (27088): [2] Flushing in-memory image cache
03-31 01:17:01.474 I/GooglePartnerSetup(29240): Phenotype commit successes
03-31 01:17:01.474 W/JobInfo (29240): Job 'com.google.android.partnersetup/.ClientIdJobService#8192' has a deadline with no functional constraints. The deadline won't improve job execution latency. Consider removing the deadline.
03-31 01:17:01.475 W/JobInfo (  815): Job 'com.google.android.partnersetup/.ClientIdJobService#8192' has a deadline with no functional constraints. The deadline won't improve job execution latency. Consider removing the deadline.
03-31 01:17:01.515 V/ClearcutMetricXmitter(29240): Transmission is done.
03-31 01:17:01.525 W/libbinder.Binder(  815): Binder transaction to android.content.pm.IPackageManager code 1598311760 took 4791ms. Data bytes: 80 Reply bytes: 4 Flags: 16
03-31 01:17:01.552 I/SyncManagerImpl(24895): Running synclets: [TemplateFetcherSynclet]
03-31 01:17:01.565 I/Icing   (22624): Usage reports ok 0, Failed Usage reports 0, indexed 0, rejected 0
03-31 01:17:01.570 I/SyncManagerImpl(24895): Starting synclet: TemplateFetcherSynclet
03-31 01:17:01.579 V/ClearcutMetricXmitter(29240): Transmission is done.
03-31 01:17:01.603 I/SyncManagerImpl(24895): Completed sync. Scheduling next wakeup
03-31 01:17:01.604 I/SyncManagerImpl(24895): #sync() complete
03-31 01:17:01.606 I/Icing   (22624): Indexing done com.google.android.gms-apps
03-31 01:17:01.628 I/SyncWorkManagerPeriodic(24895): Scheduling next periodic WorkManager workers
03-31 01:17:01.635 I/Icing   (22624): Indexing com.google.android.gms-apps from com.google.android.gms
03-31 01:17:01.658 I/WM-WorkerWrapper(24895): Worker result SUCCESS for Work [ id=0c43e3d9-b347-4c89-90b7-d59278640329, tags={ com.google.apps.tiktok.contrib.work.TikTokListenableWorker,com.google.apps.tiktok.sync.impl.workmanager.SyncPeriodicWorker,TikTokWorker#com.google.apps.tiktok.sync.impl.workmanager.SyncPeriodicWorker } ]
03-31 01:17:01.712 D/WM-Processor(24895): qcu 0c43e3d9-b347-4c89-90b7-d59278640329 executed; reschedule = false
03-31 01:17:01.720 I/Icing   (22624): Indexing done com.google.android.gms-apps
03-31 01:17:01.752 D/WM-GreedyScheduler(24895): Cancelling work ID 0c43e3d9-b347-4c89-90b7-d59278640329
03-31 01:17:01.760 W/Looper  (  815): Slow dispatch took 31823ms android.bg app=system_server main=false group=FOREGROUND h=android.os.Handler c=android.app.LoadedApk$ReceiverDispatcher$Args$$ExternalSyntheticLambda0@b60d747 m=0
03-31 01:17:01.762 D/ActivityManager(  815): freezing 24895 com.google.android.apps.messaging
03-31 01:17:01.820 D/nativeloader(29290): Configuring clns-9 for other apk /data/app/~~ZIrYvKj1uZybalTOCOgQTQ==/com.weejobs.app-czZOAyLg5RZ0KRz31JRLhA==/base.apk. target_sdk_version=36, uses_libraries=, library_path=/data/app/~~ZIrYvKj1uZybalTOCOgQTQ==/com.weejobs.app-czZOAyLg5RZ0KRz31JRLhA==/lib/x86_64:/data/app/~~ZIrYvKj1uZybalTOCOgQTQ==/com.weejobs.app-czZOAyLg5RZ0KRz31JRLhA==/base.apk!/lib/x86_64, permitted_path=/data:/mnt/expand:/data/user/0/com.weejobs.app
03-31 01:17:01.882 V/GraphicsEnvironment(29290): Currently set values for:
03-31 01:17:01.883 V/GraphicsEnvironment(29290):   angle_gl_driver_selection_pkgs=[]
03-31 01:17:01.883 V/GraphicsEnvironment(29290):   angle_gl_driver_selection_values=[]
03-31 01:17:01.883 V/GraphicsEnvironment(29290): com.weejobs.app is not listed in per-application setting
03-31 01:17:01.884 V/GraphicsEnvironment(29290): ANGLE allowlist from config: com.dreamgames.royalmatch com.dts.freefiremax com.dxx.firenow com.gramgames.mergedragons com.ludo.king com.mojang.minecraftpe com.my.defense com.nintendo.zaka com.os.airforce com.playrix.fishdomdd.gplay io.teslatech.callbreak jp.konami.prospia net.peakgames.toonblast
03-31 01:17:01.884 V/GraphicsEnvironment(29290): No special selections for ANGLE, returning default driver choice
03-31 01:17:01.885 V/GraphicsEnvironment(29290): Neither updatable production driver nor prerelease driver is supported.
03-31 01:17:02.204 I/HalDevMgr(  815): bestIfaceCreationProposal is null, requestIface=STA, existingIface=[name=wlan0 type=STA]
03-31 01:17:02.295 W/Looper  (  815): Slow delivery took 33541ms android.bg app=system_server main=false group=FOREGROUND h=android.os.Handler c=android.app.LoadedApk$ReceiverDispatcher$Args$$ExternalSyntheticLambda0@3ec67a0 m=0
03-31 01:17:02.323 D/ActivityManager(  815): freezing 22626 com.google.android.permissioncontroller
03-31 01:17:02.351 D/InetDiagMessage(  815): Destroyed 0 sockets, proto=IPPROTO_TCP, family=AF_INET, states=14
03-31 01:17:02.352 D/InetDiagMessage(  815): Destroyed 0 sockets, proto=IPPROTO_TCP, family=AF_INET6, states=14
03-31 01:17:02.352 D/InetDiagMessage(  815): Destroyed live tcp sockets for uids={10219} in 11ms
03-31 01:17:02.372 W/SoLoader(29290): Initializing SoLoader: 0
03-31 01:17:02.396 W/SoLoader(29290): Recording new base apk path: /data/app/~~ZIrYvKj1uZybalTOCOgQTQ==/com.weejobs.app-czZOAyLg5RZ0KRz31JRLhA==/base.apk
03-31 01:17:02.396 W/SoLoader(29290): Previously recorded 0 base apk paths.
03-31 01:17:02.416 I/SoLoader(29290): Preparing SO source: DirectorySoSource[root = /vendor/lib64 flags = 2]
03-31 01:17:02.417 I/SoLoader(29290): Preparing SO source: DirectorySoSource[root = /system/lib64 flags = 2]
03-31 01:17:02.418 I/SoLoader(29290): Preparing SO source: DirectApkSoSource[root = [/data/app/~~ZIrYvKj1uZybalTOCOgQTQ==/com.weejobs.app-czZOAyLg5RZ0KRz31JRLhA==/base.apk!/lib/x86_64]]
03-31 01:17:02.692 V/GrammaticalInflectionUtils(  815): AttributionSource: android.content.AttributionSource@39c62bec does not have READ_SYSTEM_GRAMMATICAL_GENDER permission.
03-31 01:17:02.693 D/CompatChangeReporter(  815): Compat change id reported: 151861875; UID 10162; state: ENABLED
03-31 01:17:02.727 I/SoLoader(29290): Preparing SO source: ApplicationSoSource[DirectorySoSource[root = /data/app/~~ZIrYvKj1uZybalTOCOgQTQ==/com.weejobs.app-czZOAyLg5RZ0KRz31JRLhA==/lib/x86_64 flags = 0]]
03-31 01:17:02.727 I/SoLoader(29290): init finish: 4 SO sources prepared
03-31 01:17:02.739 W/SoLoader(29290): SoLoader initialized: 8
03-31 01:17:02.756 D/Zygote  (  579): Forked child process 29365
03-31 01:17:02.757 W/ActivityManager(  815): Slow operation: 64ms so far, now at startProcess: returned from zygote!
03-31 01:17:02.758 W/ActivityManager(  815): Slow operation: 66ms so far, now at startProcess: done updating battery stats
03-31 01:17:02.759 W/ActivityManager(  815): Slow operation: 66ms so far, now at startProcess: building log message
03-31 01:17:02.759 I/ActivityManager(  815): Start proc 29365:com.android.chrome/u0a162 for broadcast {com.android.chrome/com.google.android.apps.chrome.rlz.RevenueStatsConfigurationUpdateReceiver}
03-31 01:17:02.759 W/ActivityManager(  815): Slow operation: 67ms so far, now at startProcess: starting to update pids map
03-31 01:17:02.760 W/ActivityManager(  815): Slow operation: 67ms so far, now at startProcess: done updating pids map
03-31 01:17:02.872 I/Zygote  (29365): Process 29365 created for com.android.chrome
03-31 01:17:02.876 I/.android.chrome(29365): Using CollectorTypeCMC GC.
03-31 01:17:02.903 W/.android.chrome(29365): Unexpected CPU variant for x86: x86_64.
03-31 01:17:02.903 W/.android.chrome(29365): Known variants: atom, sandybridge, silvermont, goldmont, goldmont-plus, goldmont-without-sha-xsaves, tremont, kabylake, alderlake, default
