03-31 13:40:00.165 E/AndroidRuntime( 8771): Learn more: https://react.dev/warnings/version-mismatch, stack:
03-31 13:40:00.165 E/AndroidRuntime( 8771): anonymous@1:108384
03-31 13:40:00.165 E/AndroidRuntime( 8771): loadModuleImplementation@1:595205
03-31 13:40:00.165 E/AndroidRuntime( 8771): guardedLoadModule@1:594820
03-31 13:40:00.165 E/AndroidRuntime( 8771): metroRequire@1:594259
03-31 13:40:00.165 E/AndroidRuntime( 8771): anonymous@1:102626
03-31 13:40:00.165 E/AndroidRuntime( 8771): loadModuleImplementation@1:595205
03-31 13:40:00.165 E/AndroidRuntime( 8771): guardedLoadModule@1:594779
03-31 13:40:00.165 E/AndroidRuntime( 8771): metroRequire@1:594259
03-31 13:40:00.165 E/AndroidRuntime( 8771): getPaperRenderer@1:601808
03-31 13:40:00.165 E/AndroidRuntime( 8771): anonymous@1:1480035
03-31 13:40:00.165 E/AndroidRuntime( 8771): componentDidMount@1:2063134
03-31 13:40:00.165 E/AndroidRuntime( 8771): commitLayoutEffectOnFiber@1:703172
03-31 13:40:00.165 E/AndroidRuntime( 8771): recursivelyTraverseLayoutEffects@1:705567
03-31 13:40:00.165 E/AndroidRuntime( 8771): commitLayoutEffectOnFiber@1:702776
03-31 13:40:00.165 E/AndroidRuntime( 8771): recursivelyTraverseLayoutEffects@1:705567
03-31 13:40:00.165 E/AndroidRuntime( 8771): commitLayoutEffectOnFiber@1:703255
03-31 13:40:00.165 E/AndroidRuntime( 8771): recursivelyTraverseLayoutEffects@1:705567
03-31 13:40:00.165 E/AndroidRuntime( 8771): commitLayoutEffectOnFiber@1:703255
03-31 13:40:00.165 E/AndroidRuntime( 8771): recursivelyTraverseLayoutEffects@1:705567
03-31 13:40:00.165 E/AndroidRuntime( 8771): commitLayoutEffectOnFiber@1:703072
03-31 13:40:00.165 E/AndroidRuntime( 8771): recursivelyTraverseLayoutEffects@1:705567
03-31 13:40:00.165 E/AndroidRuntime( 8771): commitLayoutEffectOnFiber@1:702776
03-31 13:40:00.165 E/AndroidRuntime( 8771): recursivelyTraverseLayoutEffects@1:705567
03-31 13:40:00.165 E/AndroidRuntime( 8771): commitLayoutEffectOnFiber@1:703255
03-31 13:40:00.165 E/AndroidRuntime( 8771): recursivelyTraverseLayoutEffects@1:705567
03-31 13:40:00.165 E/AndroidRuntime( 8771): commitLayoutEffectOnFiber@1:703255
03-31 13:40:00.165 E/AndroidRuntime( 8771): recursivelyTraverseLayoutEffects@1:705567
03-31 13:40:00.165 E/AndroidRuntime( 8771): commitLayoutEffectOnFiber@1:703255
03-31 13:40:00.165 E/AndroidRuntime( 8771): recursivelyTraverseLayoutEffects@1:705567
03-31 13:40:00.165 E/AndroidRuntime( 8771): commitLayoutEffectOnFiber@1:702631
03-31 13:40:00.165 E/AndroidRuntime( 8771): recursivelyTraverseLayoutEffects@1:705567
03-31 13:40:00.165 E/AndroidRuntime( 8771): commitLayoutEffectOnFiber@1:702659
03-31 13:40:00.165 E/AndroidRuntime( 8771): recursivelyTraverseLayoutEffects@1:705567
03-31 13:40:00.165 E/AndroidRuntime( 8771): commitLayoutEffectOnFiber@1:703255
03-31 13:40:00.165 E/AndroidRuntime( 8771): recursivelyTraverseLayoutEffects@1:705567
03-31 13:40:00.165 E/AndroidRuntime( 8771): commitLayoutEffectOnFiber@1:703294
03-31 13:40:00.165 E/AndroidRuntime( 8771): recursivelyTraverseLayoutEffects@1:705567
03-31 13:40:00.165 E/AndroidRuntime( 8771): commitLayoutEffectOnFiber@1:703294
03-31 13:40:00.165 E/AndroidRuntime( 8771): recursivelyTraverseLayoutEffects@1:705567
03-31 13:40:00.165 E/AndroidRuntime( 8771): commitLayoutEffectOnFiber@1:703255
03-31 13:40:00.165 E/AndroidRuntime( 8771): recursivelyTraverseLayoutEffects@1:705567
03-31 13:40:00.165 E/AndroidRuntime( 8771): commitLayoutEffectOnFiber@1:703255
03-31 13:40:00.165 E/AndroidRuntime( 8771): recursivelyTraverseLayoutEffects@1:705567
03-31 13:40:00.165 E/AndroidRuntime( 8771): commitLayoutEffectOnFiber@1:703255
03-31 13:40:00.165 E/AndroidRuntime( 8771): recursivelyTraverseLayoutEffects@1:705567
03-31 13:40:00.165 E/AndroidRuntime( 8771): commitLayoutEffectOnFiber@1:703294
03-31 13:40:00.165 E/AndroidRuntime( 8771): recursivelyTraverseLayoutEffects@1:705567
03-31 13:40:00.165 E/AndroidRuntime( 8771): commitLayoutEffectOnFiber@1:703294
03-31 13:40:00.165 E/AndroidRuntime( 8771): recursivelyTraverseLayoutEffects@1:705567
03-31 13:40:00.165 E/AndroidRuntime( 8771): commitLayoutEffectOnFiber@1:703255
03-31 13:40:00.165 E/AndroidRuntime( 8771): recursivelyTraverseLayoutEffects@1:705567
03-31 13:40:00.165 E/AndroidRuntime( 8771): commitLayoutEffectOnFiber@1:703294
03-31 13:40:00.165 E/AndroidRuntime( 8771): recursivelyTraverseLayoutEffects@1:705567
03-31 13:40:00.165 E/AndroidRuntime( 8771): commitLayoutEffectOnFiber@1:703255
03-31 13:40:00.165 E/AndroidRuntime( 8771): recursivelyTraverseLayoutEffects@1:705567
03-31 13:40:00.165 E/AndroidRuntime( 8771): commitLayoutEffectOnFiber@1:703294
03-31 13:40:00.165 E/AndroidRuntime( 8771): recursivelyTraverseLayoutEffects@1:705567
03-31 13:40:00.165 E/AndroidRuntime( 8771): commitLayoutEffectOnFiber@1:703294
03-31 13:40:00.165 E/AndroidRuntime( 8771): recursivelyTraverseLayoutEffects@1:705567
03-31 13:40:00.165 E/AndroidRuntime( 8771): commitLayoutEffectOnFiber@1:703294
03-31 13:40:00.165 E/AndroidRuntime( 8771): recursivelyTraverseLayoutEffects@1:705567
03-31 13:40:00.165 E/AndroidRuntime( 8771): commitLayoutEffectOnFiber@1:703294
03-31 13:40:00.165 E/AndroidRuntime( 8771): recursivelyTraverseLayoutEffects@1:705567
03-31 13:40:00.165 E/AndroidRuntime( 8771): commitLayoutEffectOnFiber@1:703294
03-31 13:40:00.165 E/AndroidRuntime( 8771): recursivelyTraverseLayoutEffects@1:705567
03-31 13:40:00.165 E/AndroidRuntime( 8771): commitLayoutEffectOnFiber@1:703294
03-31 13:40:00.165 E/AndroidRuntime( 8771): recursivelyTraverseLayoutEffects@1:705567
03-31 13:40:00.165 E/AndroidRuntime( 8771): commitLayoutEffectOnFiber@1:703255
03-31 13:40:00.165 E/AndroidRuntime( 8771): recursivelyTraverseLayoutEffects@1:705567
03-31 13:40:00.165 E/AndroidRuntime( 8771): commitLayoutEffectOnFiber@1:703294
03-31 13:40:00.165 E/AndroidRuntime( 8771): recursivelyTraverseLayoutEffects@1:705567
03-31 13:40:00.165 E/AndroidRuntime( 8771): commitLayoutEffectOnFiber@1:703294
03-31 13:40:00.165 E/AndroidRuntime( 8771): recursivelyTraverseLayoutEffects@1:705567
03-31 13:40:00.165 E/AndroidRuntime( 8771): commitLayoutEffectOnFiber@1:703294
03-31 13:40:00.165 E/AndroidRuntime( 8771): recursivelyTraverseLayoutEffects@1:705567
03-31 13:40:00.165 E/AndroidRuntime( 8771): commitLayoutEffectOnFiber@1:703255
03-31 13:40:00.165 E/AndroidRuntime( 8771): recursivelyTraverseLayoutEffects@1:705567
03-31 13:40:00.165 E/AndroidRuntime( 8771): commitLayoutEffectOnFiber@1:703294
03-31 13:40:00.165 E/AndroidRuntime( 8771): recursivelyTraverseLayoutEffects@1:705567
03-31 13:40:00.165 E/AndroidRuntime( 8771): commitLayoutEffectOnFiber@1:703255
03-31 13:40:00.165 E/AndroidRuntime( 8771): recursivelyTraverseLayoutEffects@1:705567
03-31 13:40:00.165 E/AndroidRuntime( 8771): commitLayoutEffectOnFiber@1:703255
03-31 13:40:00.165 E/AndroidRuntime( 8771): recursivelyTraverseLayoutEffects@1:705567
03-31 13:40:00.165 E/AndroidRuntime( 8771): commitLayoutEffectOnFiber@1:703255
03-31 13:40:00.165 E/AndroidRuntime( 8771): recursivelyTraverseLayoutEffects@1:705567
03-31 13:40:00.165 E/AndroidRuntime( 8771): commitLayoutEffectOnFiber@1:702776
03-31 13:40:00.165 E/AndroidRuntime( 8771): recursivelyTraverseLayoutEffects@1:705567
03-31 13:40:00.165 E/AndroidRuntime( 8771): commitLayoutEffectOnFiber@1:703255
03-31 13:40:00.165 E/AndroidRuntime( 8771): recursivelyTraverseLayoutEffects@1:705567
03-31 13:40:00.165 E/AndroidRuntime( 8771): commitLayoutEffectOnFiber@1:703294
03-31 13:40:00.165 E/AndroidRuntime( 8771): recursivelyTraverseLayoutEffects@1:705567
03-31 13:40:00.165 E/AndroidRuntime( 8771): commitLayoutEffectOnFiber@1:703255
03-31 13:40:00.165 E/AndroidRuntime( 8771): recursivelyTraverseLayoutEffects@1:705567
03-31 13:40:00.165 E/AndroidRuntime( 8771): commitLayoutEffectOnFiber@1:703294
03-31 13:40:00.165 E/AndroidRuntime( 8771): recursivelyTraverseLayoutEffects@1:705567
03-31 13:40:00.165 E/AndroidRuntime( 8771): commitLayoutEffectOnFiber@1:702917
03-31 13:40:00.165 E/AndroidRuntime( 8771): flushLayoutEffects@1:725004
03-31 13:40:00.165 E/AndroidRuntime( 8771): commitRoot@1:724623
03-31 13:40:00.165 E/AndroidRuntime( 8771): performWorkOnRoot@1:712414
03-31 13:40:00.165 D/SurfaceComposerClient( 2349): setCornerRadius ## 3f1c8ec Splash Screen com.weejobs.app#27719 cornerRadius=0.000000
03-31 13:40:00.165 E/AndroidRuntime( 8771): performWorkOnRootViaSchedulerTask@1:662736
03-31 13:40:00.165 E/AndroidRuntime( 8771): 
03-31 13:40:00.165 E/AndroidRuntime( 8771): 	at com.facebook.react.modules.core.ExceptionsManagerModule.reportException(ExceptionsManagerModule.kt:52)
03-31 13:40:00.165 E/AndroidRuntime( 8771): 	at com.facebook.jni.NativeRunnable.run(Native Method)
03-31 13:40:00.165 E/AndroidRuntime( 8771): 	at android.os.Handler.handleCallback(Handler.java:995)
03-31 13:40:00.165 E/AndroidRuntime( 8771): 	at android.os.Handler.dispatchMessage(Handler.java:103)
03-31 13:40:00.165 E/AndroidRuntime( 8771): 	at com.facebook.react.bridge.queue.MessageQueueThreadHandler.dispatchMessage(MessageQueueThreadHandler.kt:21)
03-31 13:40:00.165 E/AndroidRuntime( 8771): 	at android.os.Looper.loopOnce(Looper.java:273)
03-31 13:40:00.165 E/AndroidRuntime( 8771): 	at android.os.Looper.loop(Looper.java:363)
03-31 13:40:00.165 E/AndroidRuntime( 8771): 	at com.facebook.react.bridge.queue.MessageQueueThreadImpl$Companion.startNewBackgroundThread$lambda$0(MessageQueueThreadImpl.kt:152)
03-31 13:40:00.165 E/AndroidRuntime( 8771): 	at com.facebook.react.bridge.queue.MessageQueueThreadImpl$Companion.$r8$lambda$YYXYCFexeoKtAeDpeNYkxZZlpbA(Unknown Source:0)
03-31 13:40:00.165 E/AndroidRuntime( 8771): 	at com.facebook.react.bridge.queue.MessageQueueThreadImpl$Companion$$ExternalSyntheticLambda0.run(D8$$SyntheticClass:0)
03-31 13:40:00.165 E/AndroidRuntime( 8771): 	at java.lang.Thread.run(Thread.java:1564)
03-31 13:40:00.165 D/SurfaceComposerClient( 2349): setCornerRadius ## 8bca322 com.weejobs.app/com.weejobs.app.MainActivity#27726 cornerRadius=0.000000
03-31 13:40:00.165 W/LocalDisplayAdapter( 2349): Ignoring request for invalid base mode id 10
03-31 13:40:00.165 D/DisplayLifecycle( 3951): updateDisplay id = 0
03-31 13:40:00.166 D/WindowManager( 2349): Starting window removed Window{3f1c8ec u0 Splash Screen com.weejobs.app}
03-31 13:40:00.166 D/InputTransport( 2349): Input channel destroyed: '3f1c8ec', fd=1127
03-31 13:40:00.166 V/WindowManager( 2349): Remove Window{3f1c8ec u0 Splash Screen com.weejobs.app}: mSurfaceControl=Surface(name=Splash Screen com.weejobs.app$_3951)/@0xa0ceade mAnimatingExit=false mRemoveOnExit=false mHasSurface=true surfaceShowing=false animating=false app-animation=false callers=com.android.server.wm.Session.remove:16 android.view.IWindowSession$Stub.onTransact:804 com.android.server.wm.Session.onTransact:1 android.os.Binder.execTransactInternal:1462 android.os.Binder.execTransact:1401 <bottom of call stack> 
03-31 13:40:00.166 D/SurfaceComposerClient( 2349): setCornerRadius ## 8bca322 com.weejobs.app/com.weejobs.app.MainActivity#27726 cornerRadius=0.000000
03-31 13:40:00.166 I/HoneySpace.Memory-Monitor( 4276): current state = 2, didTrim = false
03-31 13:40:00.167 D/WindowManager( 2349): updateSystemBarAttributes: displayId=0, focusedCanBeNavColorWin=false, win=Window{8bca322 u0 com.weejobs.app/com.weejobs.app.MainActivity}, navColorWin=Window{8bca322 u0 com.weejobs.app/com.weejobs.app.MainActivity}, caller=com.android.server.wm.DisplayPolicy.finishPostLayoutPolicyLw:17 com.android.server.wm.RootWindowContainer.applySurfaceChangesTransaction$1:195 com.android.server.wm.RootWindowContainer.performSurfacePlacementNoTrace:86 
03-31 13:40:00.167 D/WindowManager( 2349): updateSystemBarAttributes, bhv=1, apr=16, statusBarAprRegions=[AppearanceRegion{ bounds=[0,0][904,2316]}], requestedVisibilities=-9
03-31 13:40:00.167 D/SurfaceComposerClient( 2349): setCornerRadius ## 8bca322 com.weejobs.app/com.weejobs.app.MainActivity#27726 cornerRadius=0.000000
03-31 13:40:00.167 I/SamsungAccount( 1167): [TPMU]  SIMState     :SIM_STATE_READY
03-31 13:40:00.167 I/SamsungAccount( 1167): [CountryCodeUtil] isChinaCountryCode : false
03-31 13:40:00.167 D/InputTransport( 3951): Input channel destroyed: '3f1c8ec', fd=652
03-31 13:40:00.168 E/ReactNativeJS( 8771): [Error: Incompatible React versions: The "react" and "react-native-renderer" packages must have the exact same version. Instead got:
03-31 13:40:00.168 E/ReactNativeJS( 8771):   - react:                  19.2.4
03-31 13:40:00.168 E/ReactNativeJS( 8771):   - react-native-renderer:  19.2.3
03-31 13:40:00.168 E/ReactNativeJS( 8771): Learn more: https://react.dev/warnings/version-mismatch]
03-31 13:40:00.168 I/SAMSUNGWALLET(19454): [Hint_PayHintService] Hint Status - already invisible, skip hide : [4000000] - Disable on home
03-31 13:40:00.169 I/SurfaceFlinger( 1676): destroyed Surface(name=c42dbff InputMethod)/@0x8fdb815 - animation-leash of insets_animation#27705 form LifecycleManager
03-31 13:40:00.169 I/SurfaceFlinger( 1676): destroyed Surface(name=3f1c8ec Splash Screen com.weejobs.app)/@0x8a4e40b - animation-leash of starting_reveal#27731 form LifecycleManager
03-31 13:40:00.169 I/SurfaceFlinger( 1676): [LayerHierarchy{RequestedLayerState{ImeContainer#16 parentId=27718 relativeParentId=27726 z=1} 1 children}] RelativeParent to LayerHierarchy{RequestedLayerState{8bca322 com.weejobs.app/com.weejobs.app.MainActivity#27726 parentId=27718} 2 children}
03-31 13:40:00.169 I/SurfaceFlinger( 1676): [LayerHierarchy{RequestedLayerState{3f1c8ec Splash Screen com.weejobs.app#27719 z=2147483647} 1 children}] reparent to OffscreenRoot
03-31 13:40:00.169 I/SurfaceFlinger( 1676): [LayerHierarchy{RequestedLayerState{3f1c8ec Splash Screen com.weejobs.app#27719 z=2147483647} 1 children}] RelativeParent to null
03-31 13:40:00.169 I/SurfaceFlinger( 1676): [LayerHierarchy{RequestedLayerState{Splash Screen com.weejobs.app$_3951#27720} no children}] reparent to OffscreenRoot
03-31 13:40:00.169 I/SurfaceFlinger( 1676): [LayerHierarchy{RequestedLayerState{Splash Screen com.weejobs.app$_3951#27720} no children}] RelativeParent to null
03-31 13:40:00.169 I/SurfaceFlinger( 1676): id=27705 onLayerDestroyed from LayerHierarchyBuilder(RequestedLayerState{Surface(name=c42dbff InputMethod)/@0x8fdb815 - animation-leash of insets_animation#27705 !handle})
03-31 13:40:00.169 I/SurfaceFlinger( 1676): id=27731 onLayerDestroyed from LayerHierarchyBuilder(RequestedLayerState{Surface(name=3f1c8ec Splash Screen com.weejobs.app)/@0x8a4e40b - animation-leash of starting_reveal#27731 !handle})
03-31 13:40:00.170 I/Layer   ( 1676): id=27705 Destroyed Surface(name=c42dbff InputMethod)/@0x8fdb815 - animation-leash of insets_animation#27705
03-31 13:40:00.170 I/Layer   ( 1676): id=27731 Destroyed Surface(name=3f1c8ec Splash Screen com.weejobs.app)/@0x8a4e40b - animation-leash of starting_reveal#27731
03-31 13:40:00.170 I/SamsungAccount( 1167): [TPMU] getMccFromUsim
03-31 13:40:00.170 I/SamsungAccount( 1167): [MccManager] saveMccToPreference Start
03-31 13:40:00.170 I/SamsungAccount( 1167): [MccManager] saveMccToPreference, mcc is same with previous mcc
03-31 13:40:00.170 I/SamsungAccount( 1167): [ChildAccountSupportedListManager] getSupportedListFromLocal from cache
03-31 13:40:00.171 E/SamsungAccount( 1167): [FamilyGroupUtil] getCountryCodeListWithRegionMcc - no country code with region mcc
03-31 13:40:00.171 I/SamsungAccount( 1167): [FamilyGroupUtil] isSupportFamilyService: false
03-31 13:40:00.171 I/SamsungAccount( 1167): [AccountManagerUtil] isSamsungAccountSignedIn : true
03-31 13:40:00.171 I/SamsungAccount( 1167): [AccountManagerProvider] makeResultBundle - resultCode : 1
03-31 13:40:00.171 I/SurfaceFlinger( 1676): id=27719 Removed 3f1c8ec Splash Screen com.weejobs.app#27719 (191)
03-31 13:40:00.171 I/DropBoxManagerService( 2349): add tag=data_app_crash isTagEnabled=true flags=0x2
03-31 13:40:00.171 I/SurfaceFlinger( 1676): id=27720 Removed Splash Screen com.weejobs.app$_3951#27720 (191)
03-31 13:40:00.172 D/Debug   ( 2349): low && ship && 3rdparty app crash, do not dump
03-31 13:40:00.172 I/HBD     (12719): f needOff = true , isForceOff = false, isNullInputClass : true 
03-31 13:40:00.172 I/HBD     (12719): f update cached prediction status : false 
03-31 13:40:00.172 I/HBD     (12719): h getDefaultInputRange : UNKNOWN 
03-31 13:40:00.172 I/HBD     (12719): a currentState : 4 
03-31 13:40:00.172 I/HBD     (12719): g isCoverDisplay : true, cached selected json info : SelectedLanguageInfo(languageVersion=4.2, currentLanguageOrder=0, selectedLanguageList=[SelectedLanguage(id=65537, isUsed=true, engName=English, inputType=qwerty, activeOptionList=[auto_replace, auto_spacing, writing_assistant, prediction], bilingualId=-1), SelectedLanguage(id=3342336, isUsed=true, engName=Russian, inputType=qwerty, activeOptionList=[auto_replace, auto_spacing, prediction], bilingualId=-1), SelectedLanguage(id=1441798, isUsed=true, engName=French, inputType=qwerty_accent, activeOptionList=[auto_replace, auto_spacing, prediction], bilingualId=-1), SelectedLanguage(id=4456448, isUsed=true, engName=Ukrainian, inputType=qwerty, activeOptionList=[auto_replace, auto_spacing, prediction], bilingualId=-1)]) 
03-31 13:40:00.172 I/HBD     (12719): a [UpdatePolicy] [post] a: 0 cl: 65537 kit: [0/0] vt: 0 ir: 1 
03-31 13:40:00.172 W/ActivityTaskManager( 2349):   Force finishing activity com.weejobs.app/.MainActivity
03-31 13:40:00.172 D/WindowManager( 2349): Transition is created, t=TransitionRecord{4edf78c id=-1 type=CLOSE flags=0x10}, caller=com.android.server.wm.Transition.<init>:182 com.android.server.wm.TransitionController.createTransition:17 com.android.server.wm.TransitionController.requestTransitionIfNeeded:48 com.android.server.wm.RootWindowContainer$$ExternalSyntheticLambda34.accept:176 com.android.server.wm.Task.forAllLeafTasks:6 
03-31 13:40:00.172 D/BLASTSyncEngine( 2349): SyncGroup is created, id=1690, name=Transition-CLOSE, caller=com.android.server.wm.BLASTSyncEngine$SyncGroup.<init>:52 com.android.server.wm.TransitionController.moveToCollecting:79 com.android.server.wm.TransitionController.createTransition:46 com.android.server.wm.TransitionController.requestTransitionIfNeeded:48 com.android.server.wm.RootWindowContainer$$ExternalSyntheticLambda34.accept:176 com.android.server.wm.Task.forAllLeafTasks:6 com.android.server.wm.WindowContainer.forAllLeafTasks:4 
03-31 13:40:00.173 W/BLASTSyncEngine( 2349): setSyncMethod, id=1690, method=0, caller=com.android.server.wm.TransitionController.moveToCollecting:91 com.android.server.wm.TransitionController.createTransition:46 com.android.server.wm.TransitionController.requestTransitionIfNeeded:48 
03-31 13:40:00.173 V/WindowManager( 2349): Start collecting in Transition: TransitionRecord{4edf78c id=1690 type=CLOSE flags=0x10}, caller=com.android.server.wm.TransitionController.createTransition:46 com.android.server.wm.TransitionController.requestTransitionIfNeeded:48 com.android.server.wm.RootWindowContainer$$ExternalSyntheticLambda34.accept:176 com.android.server.wm.Task.forAllLeafTasks:6 com.android.server.wm.WindowContainer.forAllLeafTasks:4 
03-31 13:40:00.173 D/SamsungLightBarControlHelper( 3951): updateStatusBar (WHITE icon) numStacks:1, StatusBarMode:MODE_TRANSPARENT, lightBarBounds:[], StatusBarState:SHADE, packageName:, isWhiteKeyguardStatusBar:false
03-31 13:40:00.173 V/WindowManager( 2349): Requesting StartTransition: TransitionRecord{4edf78c id=1690 type=CLOSE flags=0x10}, caller=com.android.server.wm.TransitionController.requestTransitionIfNeeded:56 com.android.server.wm.RootWindowContainer$$ExternalSyntheticLambda34.accept:176 com.android.server.wm.Task.forAllLeafTasks:6 com.android.server.wm.WindowContainer.forAllLeafTasks:4 com.android.server.wm.DisplayArea.forAllLeafTasks:4 
03-31 13:40:00.173 D/SamsungLightBarControlHelper( 3951): onStatusBarAppearanceChanged() -  sbModeChanged:false, statusBarMode:0, barState:MODE_TRANSPARENT, isKeyguardShowing:false, navbarColorManagedByIme:false, (AppearanceRegion{ bounds=[0,0][904,2316]}, )
03-31 13:40:00.173 V/WindowManager( 2349): Collecting in transition 1690: Task{fd39c8e #1630 type=standard A=10789:com.weejobs.app}, caller=com.android.server.wm.Transition.collectExistenceChange:40 com.android.server.wm.Transition.collectClose:7 com.android.server.wm.ActivityRecord.finishIfPossible:72 com.android.server.wm.ActivityRecord.finishIfPossible:1 com.android.server.wm.RootWindowContainer$$ExternalSyntheticLambda34.accept:179 
03-31 13:40:00.173 D/WindowManager( 2349): prepareSync <SYNC_STATE_WAITING_FOR_DRAW>, mPrepareSyncSeqId=0, win=Window{8bca322 u0 com.weejobs.app/com.weejobs.app.MainActivity}
03-31 13:40:00.173 W/ActivityManager( 2349): crash : com.weejobs.app,10789
03-31 13:40:00.174 V/WindowManagerShell( 3951): Transition requested (#1690): android.os.BinderProxy@2495ce6 TransitionRequestInfo { type = CLOSE, triggerTask = TaskInfo{userId=0 taskId=1630 effectiveUid=10789 displayId=0 isRunning=true baseIntent=Intent { act=android.intent.action.MAIN cat=[android.intent.category.LAUNCHER] flg=0x10200000 cmp=com.weejobs.app/.MainActivity } baseActivity=ComponentInfo{com.weejobs.app/com.weejobs.app.MainActivity} topActivity=ComponentInfo{com.weejobs.app/com.weejobs.app.MainActivity} origActivity=null realActivity=ComponentInfo{com.weejobs.app/com.weejobs.app.MainActivity} numActivities=1 lastActiveTime=713104767 supportsMultiWindow=true resizeMode=1 isResizeable=true minWidth=-1 minHeight=-1 maxWidth=-1 maxHeight=-1 defaultMinSize=220 desktopDefaultMinSize=304 token=WCT{android.window.IWindowContainerToken$Stub$Proxy@36ed227} topActivityType=1 pictureInPictureParams=null shouldDockBigOverlays=false launchIntoPipHostTaskId=-1 lastParentTaskIdBeforePip=-1 displayCutoutSafeInsets=Rect(0, 0 - 0, 0) topActivityInfo=ActivityInfo{b618cd4 com.weejobs.app.MainActivity} launchCookies=[] positionInParent=Point(0, 0) parentTaskId=-1 isFocused=true isVisible=true isVisibleRequested=true isTopActivityNoDisplay=false isSleeping=false locusId=null displayAreaFeatureId=1 isTopActivityTransparent=false isActivityStackTransparent=false lastNonFullscreenBounds=Rect(71, 681 - 833, 1596) capturedLink=null capturedLinkTimestamp=0 requestedVisibleTypes=-9 topActivityRequestOpenInBrowserEducationTimestamp=0 appCompatTaskInfo=AppCompatTaskInfo { topActivityInSizeCompat=false eligibleForLetterboxEducation= false isLetterboxEducationEnabled= false isLetterboxDoubleTapEnabled= false eligibleForUserAspectRatioButton= false topActivityBoundsLetterboxed= false isFromLetterboxDoubleTap= false topActivityLetterboxVerticalPosition= -1 topActivityLetterboxHorizontalPosition= -1 topActivityLetterboxWidth=-1 topActivityLetterboxHeight=-1 topActivityAppBounds=Rect(0, 0 - 904, 2316) isUserFullscreenOverrideEnabled=true isSystemFullscreenOverrideEnabled=false hasMinAspectRatioOverride=false topActivityLetterboxBounds=null cameraCompatTaskInfo=CameraCompatTaskInfo { freeformCameraCompatMode=inactive} topActivityBounds=null topActivityInDisplayCompat=false singleTapFromLetterbox=false} topActivityMainWindowFrame=null originallySupportedMultiWindow=true hasWallpaper=false rootAffinity=10789:com.weejobs.app isTopTaskInStage=false CoverLauncherWidgetTask=false LaunchedFromAppsCoverLauncherTask=false LaunchedFromMultistarCoverLauncherTask=false isAllowedSeamlessRotation=false isTopTransparentActivity=false isAliasManaged=false hasConfigChanged=false snappingGuideBounds=null isAiKeyRemoveAppTask=false lastDesktopWindowingBounds=null lastExternalDesktopWindowingBounds=null isTopFullScreenWindow=true isFullSizeWindow=true safeCutoutInsets=null}, pipChange = null, remoteTransition = null, displayChange = null, flags = 16, debugId = 1690 }
03-31 13:40:00.174 V/ShellDesktopMode( 3951): DesktopTasksController: isDesktopModeShowing: hasVisibleTasks=false hasTopTransparentFullscreenTask=false
03-31 13:40:00.174 V/ShellDesktopMode( 3951): DesktopTasksController: isDesktopModeShowing: hasVisibleTasks=false hasTopTransparentFullscreenTask=false
03-31 13:40:00.174 D/ShellDesktopMode( 3951): handleRequest: TransitionRequestInfo {type=2, tid=1630, f=16, debugId=1690}
03-31 13:40:00.174 V/ShellDesktopMode( 3951): DesktopTasksController: skipping handleRequest reason=transition type not handled (2)
03-31 13:40:00.174 D/ActivityTaskManager( 2349): scheduleTopResumedActivityChanged, onTop=false, r=ActivityRecord{38323337 u0 com.weejobs.app/.MainActivity t1630 f}}, caller=com.android.server.wm.ActivityTaskSupervisor.scheduleTopResumedActivityStateLossIfNeeded:19 com.android.server.wm.ActivityTaskSupervisor.updateTopResumedActivityIfNeeded:20 com.android.server.wm.TaskDisplayArea.positionChildAt:252 com.android.server.wm.WindowContainer.positionChildAt:84 com.android.server.wm.Task.positionChildAt:19 com.android.server.wm.Task.moveToFront:40 
03-31 13:40:00.174 I/SAMSUNGWALLET(19454): [Hint_PayHintService] Hint Status - already invisible, skip hide : [4000000] - Disable on home
03-31 13:40:00.174 V/WindowManager( 2349): Collecting in transition 1690: ActivityRecord{38323337 u0 com.weejobs.app/.MainActivity t1630 f}}, caller=com.android.server.wm.TransitionController.collect:7 com.android.server.wm.ActivityRecord.setVisibility:132 com.android.server.wm.ActivityRecord.finishIfPossible:130 com.android.server.wm.ActivityRecord.finishIfPossible:1 com.android.server.wm.RootWindowContainer$$ExternalSyntheticLambda34.accept:179 
03-31 13:40:00.175 I/HBD     (12719): a [NRIC] resetNoResponseState 
03-31 13:40:00.175 I/HBD     (12719): f needOff = true , isForceOff = false, isNullInputClass : true 
03-31 13:40:00.175 I/HBD     (12719): f update cached prediction status : false 
03-31 13:40:00.175 I/HBD     (12719): b [AiWriter] setContact : com.weejobs.app
03-31 13:40:00.175 I/HBD     (12719): a [AiWriter] setContact : com.weejobs.app
03-31 13:40:00.175 I/HBD     (12719): F EBD si S 0 
03-31 13:40:00.175 I/HBD     (12719): m updateContactDBLanguage : 0 
03-31 13:40:00.175 I/HBD     (12719): a [UpdatePolicy] [post] a: 31 cl: 65537 kit: [0/0] vt: 0 ir: 1 
03-31 13:40:00.175 I/HBD     (12719): HoneyBoardService [PF_OP][onStartInput]  23 ms 
03-31 13:40:00.175 I/InputMethodService(12719): scheduleImeSurfaceRemoval: removeImeSurface is posted.
03-31 13:40:00.175 I/HBD     (12719): [DirectWriting] DirectWriting emitInputConnection : RemoteInputConnection{idHash=#7a126a0} 
03-31 13:40:00.178 I/SurfaceFlinger( 1676): destroyed 3f1c8ec Splash Screen com.weejobs.app#27719 form LifecycleManager
03-31 13:40:00.178 I/SurfaceFlinger( 1676): destroyed Splash Screen com.weejobs.app$_3951#27720 form LifecycleManager
03-31 13:40:00.178 I/SurfaceFlinger( 1676): id=27719 onLayerDestroyed from LayerHierarchyBuilder(RequestedLayerState{3f1c8ec Splash Screen com.weejobs.app#27719 !handle z=2147483647})
03-31 13:40:00.178 I/SurfaceFlinger( 1676): id=27720 onLayerDestroyed from LayerHierarchyBuilder(RequestedLayerState{Splash Screen com.weejobs.app$_3951#27720 !handle})
03-31 13:40:00.178 V/WindowManager( 2349): Collecting in transition 1690: ActivityRecord{102437058 u0 com.sec.android.app.launcher/.activities.LauncherActivity t1407}, caller=com.android.server.wm.TransitionController.collect:7 com.android.server.wm.ActivityRecord.setVisibility:132 com.android.server.wm.ActivityRecord.makeVisibleIfNeeded:36 com.android.server.wm.EnsureActivitiesVisibleHelper.setActivityVisibilityState:298 com.android.server.wm.EnsureActivitiesVisibleHelper.process:281 
03-31 13:40:00.178 D/WindowManager( 2349): prepareSync <SYNC_STATE_WAITING_FOR_DRAW>, mPrepareSyncSeqId=0, win=Window{a4b6524 u0 com.sec.android.app.launcher/com.sec.android.app.launcher.activities.LauncherActivity}
03-31 13:40:00.178 V/WindowManager( 2349): Setting visibility of Window{a4b6524 u0 com.sec.android.app.launcher/com.sec.android.app.launcher.activities.LauncherActivity}: true, caller=com.android.server.wm.WindowContainer.sendAppVisibilityToClients:19 com.android.server.wm.WindowToken.setClientVisible:48 com.android.server.wm.ActivityRecord.setVisibility:486 com.android.server.wm.ActivityRecord.makeVisibleIfNeeded:36 com.android.server.wm.EnsureActivitiesVisibleHelper.setActivityVisibilityState:298 
03-31 13:40:00.178 I/Layer   ( 1676): id=27719 Destroyed 3f1c8ec Splash Screen com.weejobs.app#27719
03-31 13:40:00.178 I/Layer   ( 1676): id=27720 Destroyed Splash Screen com.weejobs.app$_3951#27720
03-31 13:40:00.180 I/VRI[LauncherActivity]@db31459( 4276): handleAppVisibility mAppVisible = false visible = true
03-31 13:40:00.180 D/SurfaceComposerClient( 2349): setCornerRadius ## a4b6524 com.sec.android.app.launcher/com.sec.android.app.launcher.activities.LauncherActivity#191 cornerRadius=0.000000
03-31 13:40:00.181 V/WindowManager( 2349): Starting Transition 1690, caller=com.android.server.wm.WindowOrganizerController.startTransition:47 com.android.server.wm.WindowOrganizerController.startTransition:1 android.window.IWindowOrganizerController$Stub.onTransact:259 
03-31 13:40:00.183 I/ActivityManager( 2349): Showing crash dialog for package com.weejobs.app u0
03-31 13:40:00.183 D/IAFDDiagnosis( 2349): parseExpType start
03-31 13:40:00.183 I/HoneySpace.TopTaskSource( 4276): onTaskMovedToFront : taskId = 1407, displayId = 0
03-31 13:40:00.183 D/IAFDDBManager( 2349): syncDBType(): mCurDBIndex=1, curDBVer=5
03-31 13:40:00.183 W/unknown:BridgelessReact( 8771): ReactHost{0}.onHostPause(activity)
03-31 13:40:00.184 D/IAFDDBManager( 2349): syncDBType(): mCurDBIndex=1, curDBVer=5
03-31 13:40:00.184 W/unknown:BridgelessReact( 8771): ReactHost{0}.ReactContext.onHostPause()
03-31 13:40:00.184 I/Dialog  ( 2349): mIsDeviceDefault = true, mIsSamsungBasicInteraction = false, isMetaDataInActivity = false
03-31 13:40:00.184 I/HoneySpace.TopTaskUseCase( 4276): topTasks 1407 ComponentInfo{com.sec.android.app.launcher/com.sec.android.app.launcher.Launcher}[displayId=0]
03-31 13:40:00.184 I/SemDvfsHyPerManager( 2349): acquire hyper - AMS_APP_HOME/2349@17, type = -999
03-31 13:40:00.184 I/HYPER-HAL( 1561): [RequestManager.cpp]acquire(): Acquired ID : 2800178  [2349 / 17]    HINT : AMS_APP_HOME    list : 
03-31 13:40:00.184 I/SemDvfsHyPerManager(10397): acquire hyper - APP_START_HOME/10397@23, type = -999
03-31 13:40:00.185 D/ActivityManagerPerformance( 2349): AMP_acquire() HOME
03-31 13:40:00.185 I/CocktailBarManagerServiceContainer( 2349): handleMessage: entry what = 6
03-31 13:40:00.185 I/HYPER-HAL( 1561): [RequestManager.cpp]acquire(): Acquired ID : 54293433  [10397 / 23]    HINT : APP_START    list : [KERNEL_APP_START_NOTIFY / 0] [TIMEOUT / 1500] 
03-31 13:40:00.185 D/SGM:FgCheckThread( 2349): TaskStackListener.onTaskFocusChanged(), taskId=1630, focused=false
03-31 13:40:00.185 D/SGM:FgCheckThread( 2349): TaskStackListener.onTaskFocusChanged(), taskId=1407, focused=true
03-31 13:40:00.185 E/HYPER-HAL( 1561): [HandlerSysfs.cpp]doResourceHandling(): Couldn't Open Sysfs - /sys/devices/system/cpu/bus_dcvs/DDR/soc:qcom,memlat:ddr:prime-latfloor/max_freq
03-31 13:40:00.185 D/SGM:FgCheckThread( 2349):   sendRunningComponentFocus(), pkgName: com.sec.android.app.launcher, userId: 0
03-31 13:40:00.185 D/InputDispatcher( 2349): Focused application(0): ActivityRecord{102437058 u0 com.sec.android.app.launcher/.activities.LauncherActivity t1407}
03-31 13:40:00.185 D/BackgroundInstallControlService( 2349): Package event received: 0
03-31 13:40:00.185 D/AS.MultiSoundManager( 2349): mForegroundUid = 10140
03-31 13:40:00.185 D/SGM:FgCheckThread( 2349): onLooperPrepared(), msg: MSG_TASK_FOCUSED, pkgName: com.sec.android.app.launcher, userId: 0
03-31 13:40:00.185 D/SGM:FgCheckThread( 2349): handleTaskFocused().
03-31 13:40:00.185 D/SGM:FgCheckThread( 2349): sendFocusOutConditionally() - mPrevNotiPkg: KILL_YOURSELF, userId: 0
03-31 13:40:00.185 D/SGM:FgCheckThread( 2349):   handleTaskFocused(), pkgName: com.sec.android.app.launcher, userID:0 mResumedPkgMap does not containsKey.
03-31 13:40:00.185 D/WindowManager( 2349): Changing focus from Window{8bca322 u0 com.weejobs.app/com.weejobs.app.MainActivity} to null displayId=0 Callers=com.android.server.wm.ActivityTaskManagerService.setLastResumedActivityUncheckLocked:264 com.android.server.wm.ActivityTaskSupervisor.updateTopResumedActivityIfNeeded:51 com.android.server.wm.TaskFragment.setResumedActivity:75 com.android.server.wm.ActivityRecord.setState:116 
03-31 13:40:00.186 V/SystemKeyManager( 2349): updateFocusedWindow() is called, 
03-31 13:40:00.186 I/HoneySpace.RecentTasks( 4276): onRecentTasksChanged
03-31 13:40:00.186 D/ActivityTaskManager( 2349): scheduleTopResumedActivityChanged, onTop=true, r=ActivityRecord{102437058 u0 com.sec.android.app.launcher/.activities.LauncherActivity t1407}, caller=com.android.server.wm.ActivityTaskSupervisor.scheduleTopResumedActivityStateIfNeeded:18 com.android.server.wm.ActivityTaskSupervisor.updateTopResumedActivityIfNeeded:54 com.android.server.wm.TaskFragment.setResumedActivity:75 com.android.server.wm.ActivityRecord.setState:116 com.android.server.wm.TaskFragment.resumeTopActivity:1718 com.android.server.wm.Task.resumeTopActivityInnerLocked:174 
03-31 13:40:00.186 V/WindowManager( 2349): rotationForOrientation(orient=SCREEN_ORIENTATION_UNSPECIFIED (-1), last=ROTATION_0 (0)); user=ROTATION_0 (0) 
03-31 13:40:00.186 D/WindowManager( 2349): rotationForOrientation, orientationSource=ActivityRecord{102437058 u0 com.sec.android.app.launcher/.activities.LauncherActivity t1407}
03-31 13:40:00.186 V/WindowManager( 2349): Computed rotation=ROTATION_0 (0) for display id=0 based on lastOrientation=SCREEN_ORIENTATION_UNSPECIFIED (-1) and oldRotation=ROTATION_0 (0), caller=com.android.server.wm.DisplayRotation.updateOrientation:79 com.android.server.wm.DisplayContent.updateOrientation:41 com.android.server.wm.DisplayContent.updateOrientationAndComputeConfig:48 com.android.server.wm.RootWindowContainer.ensureVisibilityAndConfig:7 com.android.server.wm.TaskFragment.resumeTopActivity:1737 com.android.server.wm.Task.resumeTopActivityInnerLocked:174 
03-31 13:40:00.186 I/SurfaceFlinger( 1676): [Display 0 name="Built-in Screen"#50] setFrameRateCategory: High
03-31 13:40:00.186 D/BLASTSyncEngine( 2349): SyncGroup 1690: Set ready true, caller=com.android.server.wm.BLASTSyncEngine.setReady:32 com.android.server.wm.Transition.applyReady:54 com.android.server.wm.Transition.setReady:72 com.android.server.wm.TransitionController.setReady:6 com.android.server.wm.DisplayContent.executeAppTransition:4 com.android.server.wm.ActivityRecord.completeResumeLocked:115 
03-31 13:40:00.186 D/WindowManagerServiceExt( 2349): updateTaskbarTargetIfNeeded: reset
03-31 13:40:00.187 I/BpBinder( 1676): onLastStrongRef automatically unlinking death recipients: 
03-31 13:40:00.187 D/SurfaceComposerClient( 2349): setCornerRadius ## a4b6524 com.sec.android.app.launcher/com.sec.android.app.launcher.activities.LauncherActivity#191 cornerRadius=0.000000
03-31 13:40:00.187 I/VRI[LauncherActivity]@db31459( 4276): stopped(false) old = true
03-31 13:40:00.187 D/BLASTSyncEngine( 2349): SyncGroup 1690:  Unfinished container: ActivityRecord{102437058 u0 com.sec.android.app.launcher/.activities.LauncherActivity t1407} mSyncState=2
03-31 13:40:00.187 I/HoneySpace.Launcher( 4276): !@Boot_EBS_D: Launcher.onStart()
03-31 13:40:00.188 I/HoneySpace.Launcher( 4276): !@Boot_EBS_D: Launcher.onResume()
03-31 13:40:00.189 I/HoneySpace.Launcher( 4276): updateLauncherShowing false -> true
03-31 13:40:00.189 I/HoneySpace.ShellTransitionManager( 4276): myHomeResumed
03-31 13:40:00.189 I/SearchHoneyPot( 4276): onViewCreated: onResume
03-31 13:40:00.189 I/HoneySpace.ResumeTimer( 4276): last resume updated : 478902595
03-31 13:40:00.189 I/HoneySpace.Memory-Monitor( 4276): cancelTrimIfNeeded
03-31 13:40:00.189 I/HoneySpace.Memory-Monitor( 4276): trimMemJob is canceled
03-31 13:40:00.189 I/HoneySpace.Memory-Monitor( 4276): updateMaxHeap isHighScreenSize=false
03-31 13:40:00.189 I/HoneySpace.Memory-Monitor( 4276): PROPERTY_HOME_MEMORY_CACHE_LEVEL: -1
03-31 13:40:00.189 I/HoneySpace.Memory-Monitor( 4276): updateGraphicResourceCache curMemoryCacheLevel=1
03-31 13:40:00.189 I/HoneySpace.HoneyAppWidgetHost( 4276): called startListening, host: bdaec3b, hostId: 1025
03-31 13:40:00.190 I/HoneySpace.PredictionDataSourceImpl( 4276): requestPredictionUpdate 0 true
03-31 13:40:00.190 I/AppWidgetHost( 4276): semStartListening()
03-31 13:40:00.190 I/AppWidgetServiceImpl( 2349): startListening() 
03-31 13:40:00.190 I/AppWidgetServiceImpl( 2349): startListening callbacks : com.android.internal.appwidget.IAppWidgetHost$Stub$Proxy@b09f351 intervalEnsure:713105165 intervalHostLock:713105165 LhostId:HostId{user:0, app:10140, hostId:1025, pkg:com.sec.android.app.launcher}
03-31 13:40:00.190 I/AppWidgetServiceImpl( 2349): startListening() finish
03-31 13:40:00.191 I/HoneySpace.TaskbarVisibilityController@110361640@OneUI( 4276): launcher showing: true recent showing: false 
03-31 13:40:00.191 I/HoneySpace.TaskbarVisibilityController@110361640@OneUI( 4276): updateVisibility(100) isDock:false occlude:true needToHide:true hideFlag:false forceMinusOnePage:false launcher:true recent:false dexRecent:falseminus:false homePackage:false AppPicker:false :: state 0 -> 0
03-31 13:40:00.191 I/HoneySpace.HoneyAppWidgetHost( 4276): success hidden_semStartListening - result: true, host: bdaec3b, hostId: 1025
03-31 13:40:00.191 I/HoneySpace.PredictionDataSourceImpl( 4276): requestPredictionUpdate 1 true
03-31 13:40:00.192 I/ActivityManager( 2349): Changes in 10140 5 to 2, 184 to 255
03-31 13:40:00.193 D/SGM:FgCheckThread( 2349): notePauseComponent(), received pkgName: com.weejobs.app, userId: 0
03-31 13:40:00.194 I/DMASA[D](10363): [FCDetectionService]Enqueue work to FC
03-31 13:40:00.194 W/JobInfo ( 2349): Job 'com.sec.android.diagmonagent/.dma.dropbox.FCDetectionService#11419' has a deadline with no functional constraints. The deadline won't improve job execution latency. Consider removing the deadline.
03-31 13:40:00.195 I/SurfaceFlinger( 1676): [LayerHierarchy{RequestedLayerState{ImeContainer#16 parentId=27718 relativeParentId=27718 z=1} 1 children}] RelativeParent to null
03-31 13:40:00.195 I/btyz    (18463): onStart
03-31 13:40:00.195 I/btyz    (18463): onResume
03-31 13:40:00.196 D/SurfaceFlinger( 1676): [input] setFocusedWindow: <null>
03-31 13:40:00.196 D/InputDispatcher( 2349): Once focus requested (0): <null>
03-31 13:40:00.196 D/InputDispatcher( 2349): Focus request (0): <null> but waiting because NO_WINDOW
03-31 13:40:00.196 D/InputDispatcher( 2349): Focus left window (0): 8bca322 com.weejobs.app/com.weejobs.app.MainActivity
03-31 13:40:00.197 D/AnalyticsContainerHandler( 2349): handleMessage : { when=0 what=1 target=com.android.server.knox.KnoxAnalyticsContainer$AnalyticsHandler }
03-31 13:40:00.197 I/ImeFocusController( 8771): onPreWindowFocus: skipped hasWindowFocus=false mHasImeFocus=true
03-31 13:40:00.197 I/ImeFocusController( 8771): onPostWindowFocus: skipped hasWindowFocus=false mHasImeFocus=true
03-31 13:40:00.197 D/AnalyticsContainerHandler( 2349): handleMessage : { when=-1ms what=2 target=com.android.server.knox.KnoxAnalyticsContainer$AnalyticsHandler }
03-31 13:40:00.197 I/HoneySpace.SPayHandler( 4276): updateSpayHandler, show = false, defaultPage = false
03-31 13:40:00.197 I/WindowManager( 2349): Relayout Window{a4b6524 u0 com.sec.android.app.launcher/com.sec.android.app.launcher.activities.LauncherActivity}: viewVisibility=0 req=904x2316 ty=1 d0
03-31 13:40:00.197 I/SurfaceFlinger( 1676): id=27733 createSurf, flag=44004, com.sec.android.app.launcher/com.sec.android.app.launcher.activities.LauncherActivity$_4276#27733
03-31 13:40:00.198 D/BackgroundInstallControlService( 2349): Package event received: 0
03-31 13:40:00.198 D/BackgroundInstallControlService( 2349): Package event received: 0
03-31 13:40:00.198 D/BackgroundInstallControlService( 2349): Package event received: 0
03-31 13:40:00.198 D/BackgroundInstallControlService( 2349): Package event received: 0
03-31 13:40:00.199 D/WindowManager( 2349): makeSurface duration=2 name=com.sec.android.app.launcher/com.sec.android.app.launcher.activities.LauncherActivity$_4276
03-31 13:40:00.199 D/BackgroundInstallControlService( 2349): Package event received: 0
03-31 13:40:00.200 D/BackgroundInstallControlService( 2349): Package event received: 0
03-31 13:40:00.200 D/BackgroundInstallControlService( 2349): Package event received: 0
03-31 13:40:00.200 D/SurfaceComposerClient( 2349): setCornerRadius ## a4b6524 com.sec.android.app.launcher/com.sec.android.app.launcher.activities.LauncherActivity#191 cornerRadius=0.000000
03-31 13:40:00.200 D/SurfaceComposerClient( 2349): setCornerRadius ## a4b6524 com.sec.android.app.launcher/com.sec.android.app.launcher.activities.LauncherActivity#191 cornerRadius=0.000000
03-31 13:40:00.200 I/SAMSUNGWALLET(19454): [Hint_PayHintService] onReceive() action=com.sec.android.app.launcher.intent.action.UPDATE_SPAY_HANDLER
03-31 13:40:00.200 D/BLASTSyncEngine( 2349): SyncGroup 1690:  Unfinished container: ActivityRecord{102437058 u0 com.sec.android.app.launcher/.activities.LauncherActivity t1407} mSyncState=2
03-31 13:40:00.201 I/SAMSUNGWALLET(19454): [Hint_PayHintService] home change, s home : false , default : false , gesture : false , s result : false , prev : false
03-31 13:40:00.201 D/WindowManager( 2349): Changing focus from null to Window{a4b6524 u0 com.sec.android.app.launcher/com.sec.android.app.launcher.activities.LauncherActivity} displayId=0 Callers=com.android.server.wm.WindowManagerService.relayoutWindow:1411 com.android.server.wm.Session.relayout:27 android.view.IWindowSession$Stub.onTransact:829 com.android.server.wm.Session.onTransact:1 
03-31 13:40:00.201 I/WindowManager( 2349): Cancelling animation restarting=true, leash=Surface(name=Surface(name=630de79 TaskbarWindow)/@0xe72b262 - animation-leash of insets_animation)/@0xee1060f
03-31 13:40:00.201 I/WindowManager( 2349): Reparenting to original parent: Surface(name=WindowToken{aae3b1 type=2024 android.os.BinderProxy@ce8ff88})/@0x2fbfff3, destroy=false, surface=Surface(name=630de79 TaskbarWindow)/@0xe72b262
03-31 13:40:00.201 I/WindowManager( 2349): Reparenting to leash, surface=Surface(name=630de79 TaskbarWindow)/@0xe72b262, leashParent=Surface(name=WindowToken{aae3b1 type=2024 android.os.BinderProxy@ce8ff88})/@0x2fbfff3
03-31 13:40:00.201 I/SurfaceFlinger( 1676): id=27734 createSurf, flag=24000, Surface(name=630de79 TaskbarWindow)/@0xe72b262 - animation-leash of insets_animation#27734
03-31 13:40:00.201 I/HBD     (12719): j [SKE_SPECIFIC] specific model[com.weejobs.app] loaded, 22723489 ns
03-31 13:40:00.202 I/ReactNativeJS( 8771): [expo-router-inspector-debug] inspector useEffect start
03-31 13:40:00.202 I/ReactNativeJS( 8771): '[expo-router-inspector-debug] keys present:', 45, 'modulesPresent:', true
03-31 13:40:00.202 I/ReactNativeJS( 8771): '[expo-router-inspector-debug] write target:', 'file:///data/user/0/com.weejobs.app/files/expo-router-inspect-all.json'
03-31 13:40:00.203 I/SurfaceFlinger( 1676): [com.sec.android.app.launcher/com.sec.android.app.launcher.activities.LauncherActivity$_4276#27733] attach to parent LayerHierarchy{RequestedLayerState{a4b6524 com.sec.android.app.launcher/com.sec.android.app.launcher.activities.LauncherActivity#191 parentId=190} 1 children}
03-31 13:40:00.203 I/SurfaceFlinger( 1676): [Surface(name=630de79 TaskbarWindow)/@0xe72b262 - animation-leash of insets_animation#27734] attach to parent LayerHierarchy{RequestedLayerState{WindowToken{aae3b1 type=2024 android.os.BinderProxy@ce8ff88}#3358 parentId=35 z=1} 2 children}
03-31 13:40:00.204 E/ReactNativeJS( 8771): { [TypeError: Cannot read property 'default' of undefined]
03-31 13:40:00.204 E/ReactNativeJS( 8771):   componentStack: '\n    at ExpoLinearGradient (address at index.android.bundle:1:2062975)\n    at RCTView (<anonymous>)\n    at View (address at index.android.bundle:1:870423)\n    at NativeLinearGradient (address at index.android.bundle:1:1357647)\n    at LinearGradient (address at index.android.bundle:1:1994034)\n    at RCTView (<anonymous>)\n    at View (address at index.android.bundle:1:870423)\n    at SplashScreen (address at index.android.bundle:1:1161911)\n    at WrappedScreenComponent (address at index.android.bundle:1:1713856)\n    at Suspense (<anonymous>)\n    at ZoomTransitionTargetContextProvider (address at index.android.bundle:1:1019350)\n    at Route (address at index.android.bundle:1:990015)\n    at BaseRoute (address at index.android.bundle:1:1713260)\n    at StaticContainer (address at index.android.bundle:1:978770)\n    at EnsureSingleNavigator (address at index.android.bundle:1:956037)\n    at SceneView (address at index.android.bundle:1:977900)\n    at NavigationProvider (address at index.android.bundle:1:961160)\n    at RNSScreenContentWrapper (<anonymous>)\n    at ScreenContentWrapper (<anonymous>)\n    at DebugContainer (address at index.android.bundle:1:1061440)\n    at RNSScreen (<anonymous>)\n    at Animated(Anonymous) (address at index.android.bundle:1:1606219)\n    at Suspender (address at index.android.bundle:1:1056878)\n    at Suspense (<anonymous>)\n    at Freeze (address at index.android.bundle:1:1056940)\n    at DelayedFreeze (address at index.android.bundle:1:1056717)\n    at InnerScreen (address at index.android.bundle:1:1055070)\n    at anonymous (address at index.android.bundle:1:1056627)\n    at ScreenStackItem (address at index.android.bundle:1:1060614)\n    at NavigationProvider (address at index.android.bundle:1:961160)\n    at SceneView (address at index.android.bundle:1:1099944)\n    at RNSScreenStack (<anonymous>)\n    at anonymous (address at index.android.bundle:1:1060559)\n    at ScreenStack (address at index.android.bundle:1:1060001)\n    at RCTView (<anonymous>)\n    at View (address at index.android.bundle:1:870423)\n    at FrameSizeProvider (address at index.android.bundle:1:1044670)\n    at SafeAreaProviderCompat (address at index.android.bundle:1:1048961)\n    at NativeStackView (address at index.android.bundle:1:1099690)\n    at PreventRemoveProvider (address at index.android.bundle:1:973470)\n    at NavigationStateListenerProvider (address at index.android.bundle:1:979777)\n    at NavigationContent (address at index.android.bundle:1:977286)\n    at anonymous (address at index.android.bundle:1:1689952)\n    at NativeStackNavigator (address at index.android.bundle:1:1098496)\n    at anonymous (address at index.android.bundle:1:1703828)\n    at anonymous (address at index.android.bundle:1:992234)\n    at JobsProvider (address at index.android.bundle:1:1159048)\n    at AuthProvider (address at index.android.bundle:1:1135903)\n    at ThemeProvider (address at index.android.bundle:1:1158527)\n    at StripeProvider (address at index.android.bundle:1:1125869)\n    at RootLayout (address at index.android.bundle:1:1119285)\n    at WrappedScreenComponent (address at index.android.bundle:1:1713856)\n    at Suspense (<anonymous>)\n    at ZoomTransitionTargetContextProvider (address at index.android.bundle:1:1019350)\n    at Route (address at index.android.bundle:1:990015)\n    at BaseRoute (address at index.android.bundle:1:1713260)\n    at StaticContainer (address at index.android.bundle:1:978770)\n    at EnsureSingleNavigator (address at index.android.bundle:1:956037)\n    at SceneView (address at index.android.bundle:1:977900)\n    at NavigationProvider (address at index.android.bundle:1:961160)\n    at PreventRemoveProvider (address at index.android.bundle:1:973470)\n    at NavigationStateListenerProvider (address at index.android.bundle:1:979777)\n    at NavigationContent (address at index.android.bundle:1:977286)\n    at anonymous (address at index.android.bundle:1:1689952)\n    at Content (addre
03-31 13:40:00.204 E/ReactNativeJS( 8771):   isComponentError: true }
03-31 13:40:00.205 E/ReactNativeJS( 8771): { [TypeError: Cannot read property 'default' of undefined]
