03-31 13:16:54.564  1676  1676 I Layer   : id=27442 Destroyed Surface(name=45abe9 NavigationBar0)/@0x6ac041c - animation-leash of insets_animation#27442
03-31 13:16:54.564  1676  1676 I Layer   : id=27441 Destroyed Surface(name=1bba892 StatusBar)/@0x77f5e69 - animation-leash of insets_animation#27441
03-31 13:16:54.565  3951  4024 D SurfaceComposerClient: setCornerRadius ## Task=1617#27445 cornerRadius=63.000000
03-31 13:16:54.565 29214 29214 D nativeloader: Configuring clns-9 for other apk /data/app/~~4f3pmEzXB2mBJIcrQwoM2w==/com.weejobs.app-AqkvzT8kBrdjOVOevJiQpA==/base.apk. target_sdk_version=36, uses_libraries=, library_path=/data/app/~~4f3pmEzXB2mBJIcrQwoM2w==/com.weejobs.app-AqkvzT8kBrdjOVOevJiQpA==/lib/arm64:/data/app/~~4f3pmEzXB2mBJIcrQwoM2w==/com.weejobs.app-AqkvzT8kBrdjOVOevJiQpA==/base.apk!/lib/arm64-v8a, permitted_path=/data:/mnt/expand:/data/user/0/com.weejobs.app
03-31 13:16:54.567  5266  5303 V OsAgent : broadcastSystemEvent - 7
03-31 13:16:54.570 29214 29214 V GraphicsEnvironment: Currently set values for:
03-31 13:16:54.570 29214 29214 V GraphicsEnvironment:   angle_gl_driver_selection_pkgs=[]
03-31 13:16:54.570 29214 29214 V GraphicsEnvironment:   angle_gl_driver_selection_values=[]
03-31 13:16:54.570 29214 29214 V GraphicsEnvironment: com.weejobs.app is not listed in per-application setting
03-31 13:16:54.571 29214 29214 V GraphicsEnvironment: ANGLE allowlist from config: 
03-31 13:16:54.571 29214 29214 V GraphicsEnvironment: com.weejobs.app is not listed in ANGLE allowlist or settings, returning default
03-31 13:16:54.571 29214 29214 V GraphicsEnvironment: App is not on the allowlist for updatable production driver.
03-31 13:16:54.572  3951  4024 D SurfaceComposerClient: setCornerRadius ## Task=1617#27445 cornerRadius=63.000000
03-31 13:16:54.573  3951  3951 D NavBarStateManager: NavBarStates(0) canUseNavBarBackgroundFrame: false
03-31 13:16:54.580  1676  1676 I SurfaceFlinger: RequestedLayer [5b58c5b Splash Screen com.weejobs.app#27447] hidden!! flag  from(1) --> to(0)
03-31 13:16:54.580  1676  1676 I SurfaceFlinger: RequestedLayer [Splash Screen com.weejobs.app$_3951#27448] hidden!! flag  from(1) --> to(0)
03-31 13:16:54.580  1676  1676 I SurfaceFlinger: RequestedLayer [Task=1617#27445] hidden!! flag  from(1) --> to(0)
03-31 13:16:54.580  1676  1676 E SurfaceFlinger: alpha changed 1.000 -> 0.000 - Task=1617#27445
03-31 13:16:54.580  1676  1676 I SurfaceFlinger: RequestedLayer [Transition Root: Task=1617#27452] hidden!! flag  from(1) --> to(0)
03-31 13:16:54.580  1676  1676 I SurfaceFlinger: RequestedLayer [ActivityRecord{197264024 u0 com.weejobs.app/.MainActivity t1617}#27446] hidden!! flag  from(1) --> to(0)
03-31 13:16:54.580  1676  1676 E SurfaceFlinger: alpha changed 0.000 -> 0.000 - Task=1617#27445
03-31 13:16:54.580  1676  1676 E SurfaceFlinger: alpha changed 0.000 -> 0.000 - Task=1617#27445
03-31 13:16:54.580  1676  1676 E SurfaceFlinger: alpha changed 0.000 -> 0.080 - Task=1617#27445
03-31 13:16:54.580  2349  2478 D SurfaceComposerClient: [SEC_SF_EFFECTS] setBackgroundBlurRadius ## Dim Layer for - Task=1614#27439 backgroundBlurRadius=0
03-31 13:16:54.580  1676  1676 I SurfaceFlinger: [LayerHierarchy{RequestedLayerState{Task=1#68 parentId=27452 z=3} 2 children}] reparent to LayerHierarchy{RequestedLayerState{Transition Root: Task=1617#27452 parentId=11 z=10} 1 children}
03-31 13:16:54.580  1676  1676 I SurfaceFlinger: [LayerHierarchy{RequestedLayerState{45abe9 NavigationBar0#111 parentId=27455} 1 children}] reparent to LayerHierarchy{RequestedLayerState{Surface(name=45abe9 NavigationBar0)/@0x6ac041c - animation-leash of insets_animation#27455 parentId=110} 1 children}
03-31 13:16:54.580  1676  1676 I SurfaceFlinger: [LayerHierarchy{RequestedLayerState{1bba892 StatusBar#115 parentId=27454} 1 children}] reparent to LayerHierarchy{RequestedLayerState{Surface(name=1bba892 StatusBar)/@0x77f5e69 - animation-leash of insets_animation#27454 parentId=114} 1 children}
03-31 13:16:54.580  1676  1676 I SurfaceFlinger: [LayerHierarchy{RequestedLayerState{630de79 TaskbarWindow#3359 parentId=27453} 1 children}] reparent to LayerHierarchy{RequestedLayerState{Surface(name=630de79 TaskbarWindow)/@0xe72b262 - animation-leash of insets_animation#27453 parentId=3358} 1 children}
03-31 13:16:54.580  1676  1676 I SurfaceFlinger: [LayerHierarchy{RequestedLayerState{Task=1614#27392 parentId=27452 z=4} 1 children}] reparent to LayerHierarchy{RequestedLayerState{Transition Root: Task=1617#27452 parentId=11 z=10} 2 children}
03-31 13:16:54.580  1676  1676 I SurfaceFlinger: [LayerHierarchy{RequestedLayerState{Task=1617#27445 parentId=27452 z=9} 1 children}] reparent to LayerHierarchy{RequestedLayerState{Transition Root: Task=1617#27452 parentId=11 z=10} 3 children}
03-31 13:16:54.580  1676  1676 I SurfaceFlinger: [LayerHierarchy{RequestedLayerState{Surface(name=630de79 TaskbarWindow)/@0xe72b262 - animation-leash of insets_animation#27449} no children}] reparent to OffscreenRoot
03-31 13:16:54.580  1676  1676 I SurfaceFlinger: [LayerHierarchy{RequestedLayerState{Surface(name=630de79 TaskbarWindow)/@0xe72b262 - animation-leash of insets_animation#27449} no children}] RelativeParent to null
03-31 13:16:54.580  1676  1676 I SurfaceFlinger: [LayerHierarchy{RequestedLayerState{Surface(name=1bba892 StatusBar)/@0x77f5e69 - animation-leash of insets_animation#27450} no children}] reparent to OffscreenRoot
03-31 13:16:54.580  1676  1676 I SurfaceFlinger: [LayerHierarchy{RequestedLayerState{Surface(name=1bba892 StatusBar)/@0x77f5e69 - animation-leash of insets_animation#27450} no children}] RelativeParent to null
03-31 13:16:54.580  1676  1676 I SurfaceFlinger: [LayerHierarchy{RequestedLayerState{Surface(name=45abe9 NavigationBar0)/@0x6ac041c - animation-leash of insets_animation#27451} no children}] reparent to OffscreenRoot
03-31 13:16:54.580  1676  1676 I SurfaceFlinger: [LayerHierarchy{RequestedLayerState{Surface(name=45abe9 NavigationBar0)/@0x6ac041c - animation-leash of insets_animation#27451} no children}] RelativeParent to null
03-31 13:16:54.582  3951  4024 D SurfaceComposerClient: setCornerRadius ## Task=1617#27445 cornerRadius=63.000000
03-31 13:16:54.583 29214 29214 W SoLoader: Initializing SoLoader: 0
03-31 13:16:54.583 29214 29214 W SoLoader: Recording new base apk path: /data/app/~~4f3pmEzXB2mBJIcrQwoM2w==/com.weejobs.app-AqkvzT8kBrdjOVOevJiQpA==/base.apk
03-31 13:16:54.583 29214 29214 W SoLoader: Previously recorded 0 base apk paths.
03-31 13:16:54.583 29214 29214 I SoLoader: Preparing SO source: DirectorySoSource[root = /vendor/lib64 flags = 2]
03-31 13:16:54.583 29214 29214 I SoLoader: Preparing SO source: DirectorySoSource[root = /system/lib64 flags = 2]
03-31 13:16:54.583 29214 29214 I SoLoader: Preparing SO source: DirectApkSoSource[root = [/data/app/~~4f3pmEzXB2mBJIcrQwoM2w==/com.weejobs.app-AqkvzT8kBrdjOVOevJiQpA==/base.apk!/lib/arm64-v8a]]
03-31 13:16:54.585  1676  2178 I SurfaceFlinger: id=27449 Removed Surface(name=630de79 TaskbarWindow)/@0xe72b262 - animation-leash of insets_animation#27449 (220)
03-31 13:16:54.585  1676  2178 I SurfaceFlinger: id=27450 Removed Surface(name=1bba892 StatusBar)/@0x77f5e69 - animation-leash of insets_animation#27450 (220)
03-31 13:16:54.585  1676  2178 I SurfaceFlinger: id=27451 Removed Surface(name=45abe9 NavigationBar0)/@0x6ac041c - animation-leash of insets_animation#27451 (220)
03-31 13:16:54.585 29214 29214 I SoLoader: Preparing SO source: ApplicationSoSource[DirectorySoSource[root = /data/app/~~4f3pmEzXB2mBJIcrQwoM2w==/com.weejobs.app-AqkvzT8kBrdjOVOevJiQpA==/lib/arm64 flags = 0]]
03-31 13:16:54.585 29214 29214 I SoLoader: init finish: 4 SO sources prepared
03-31 13:16:54.585 29214 29214 W SoLoader: SoLoader initialized: 8
03-31 13:16:54.585  2349  2477 I WindowManager: notifyInsetsControlChanged, removed=false, win=Window{5b58c5b u0 Splash Screen com.weejobs.app}, caller=com.android.server.wm.InsetsStateController$$ExternalSyntheticLambda1.run:137 com.android.server.wm.WindowAnimator$$ExternalSyntheticLambda2.onTransactionCommitted:26 android.view.SurfaceControl$Transaction$$ExternalSyntheticLambda4.run:0 android.os.Handler.handleCallback:995 android.os.Handler.dispatchMessage:103 android.os.Looper.loopOnce:273 
03-31 13:16:54.587  1676  1676 D SurfaceFlinger: Display 4630946213010294403 HWC layers:
03-31 13:16:54.587  1676  1676 D SurfaceFlinger:        CLIENT |           16969415812112 | 00000100 | RGBA_8888    |    0.0    0.0  904.0 2316.0 |    0    0  904 2316 | Wallpaper BBQ wrapper 17_system#128 (34)
03-31 13:16:54.587  1676  1676 D SurfaceFlinger:        CLIENT |           18365280161825 | 00002100 | RGBA_8888    |    0.0    0.0  904.0 2316.0 |    0    0  904 2316 | com.sec.android.app.launcher/com.sec[...]ivities.LauncherActivity$_4276#27302 (blurRegions) (525)
03-31 13:16:54.587  1676  1676 D SurfaceFlinger:        CLIENT |                        0 | 00000000 | N/A          |    0.0    0.0    0.0    0.0 |    0    0  904 2316 | Dim Layer for - Task=1614#27439 (0)
03-31 13:16:54.587  1676  1676 D SurfaceFlinger:        CLIENT |          114808770789386 | 00002100 | RGBA_8888    |   42.0    0.0  946.0  871.0 |    0 1361  904 2232 | com.samsung.android.lool/com.samsung[...].AppErrorDialogActivity$_26731#27402 (blurRegions) (3)
03-31 13:16:54.587  1676  1676 D SurfaceFlinger:        CLIENT |           16969415813336 | 00002100 | RGBA_8888    |    0.0    0.0  904.0 2316.0 |   63  161  841 2155 | Splash Screen com.weejobs.app$_3951#27448 (1)
03-31 13:16:54.587  1676  1676 D SurfaceFlinger:        DEVICE |           16969415813174 | 00002100 | RGBA_88
03-31 13:16:54.587  1676  1676 D SurfaceFlinger: 88    |    0.0    0.0  904.0   87.0 |    0    0  904   87 | StatusBar$_3951#122 (97118)
03-31 13:16:54.587  1676  1676 D SurfaceFlinger:        DEVICE |           18365280161808 | 00002100 | RGBA_8888    |    0.0    0.0   67.0  451.0 |    0  493   67  944 | com.sec.android.app.launcher/com.sam[...]l.app.CocktailBarService$_4276#27160 (1)
03-31 13:16:54.587  1676  1676 D SurfaceFlinger:        DEVICE |           16969415813209 | 00002100 | RGBA_8888    |    0.0    0.0  904.0  126.0 |    0 2190  904 2316 | NavigationBar0$_3951#118 (27983)
03-31 13:16:54.587  1676  1676 D SurfaceFlinger: 
03-31 13:16:54.588  1676  1676 I SurfaceFlinger: destroyed Surface(name=630de79 TaskbarWindow)/@0xe72b262 - animation-leash of insets_animation#27449 form LifecycleManager
03-31 13:16:54.588  1676  1676 I SurfaceFlinger: destroyed Surface(name=1bba892 StatusBar)/@0x77f5e69 - animation-leash of insets_animation#27450 form LifecycleManager
03-31 13:16:54.588  1676  1676 I SurfaceFlinger: destroyed Surface(name=45abe9 NavigationBar0)/@0x6ac041c - animation-leash of insets_animation#27451 form LifecycleManager
03-31 13:16:54.588  1676  1676 I SurfaceFlinger: id=27449 onLayerDestroyed from LayerHierarchyBuilder(RequestedLayerState{Surface(name=630de79 TaskbarWindow)/@0xe72b262 - animation-leash of insets_animation#27449 !handle})
03-31 13:16:54.588  1676  1676 I SurfaceFlinger: id=27450 onLayerDestroyed from LayerHierarchyBuilder(RequestedLayerState{Surface(name=1bba892 StatusBar)/@0x77f5e69 - animation-leash of insets_animation#27450 !handle})
03-31 13:16:54.588  1676  1676 I SurfaceFlinger: id=27451 onLayerDestroyed from LayerHierarchyBuilder(RequestedLayerState{Surface(name=45abe9 NavigationBar0)/@0x6ac041c - animation-leash of insets_animation#27451 !handle})
03-31 13:16:54.588  2349  2478 D SurfaceComposerClient: [SEC_SF_EFFECTS] setBackgroundBlurRadius ## Dim Layer for - Task=1614#27439 backgroundBlurRadius=0
03-31 13:16:54.589  1676  1676 I Layer   : id=27449 Destroyed Surface(name=630de79 TaskbarWindow)/@0xe72b262 - animation-leash of insets_animation#27449
03-31 13:16:54.589  1676  1676 I Layer   : id=27450 Destroyed Surface(name=1bba892 StatusBar)/@0x77f5e69 - animation-leash of insets_animation#27450
03-31 13:16:54.589  1676  1676 I Layer   : id=27451 Destroyed Surface(name=45abe9 NavigationBar0)/@0x6ac041c - animation-leash of insets_animation#27451
03-31 13:16:54.590 29214 29214 D nativeloader: Load /data/app/~~4f3pmEzXB2mBJIcrQwoM2w==/com.weejobs.app-AqkvzT8kBrdjOVOevJiQpA==/base.apk!/lib/arm64-v8a/libc++_shared.so using class loader ns clns-9 (caller=/data/app/~~4f3pmEzXB2mBJIcrQwoM2w==/com.weejobs.app-AqkvzT8kBrdjOVOevJiQpA==/base.apk!classes3.dex): ok
03-31 13:16:54.590  3951  4050 I VRI[app]@76d8b33: onActiveControlsChanged, removed=false, mAdded=true, caller=android.view.ViewRootImpl.handleInsetsControlChanged:3002 android.view.ViewRootImpl$ViewRootHandler.handleMessageImpl:8352 android.view.ViewRootImpl$ViewRootHandler.handleMessage:8301 android.os.Handler.dispatchMessage:110 android.os.Looper.loopOnce:273 
03-31 13:16:54.592 10397 10423 I SDHMS:k : onTaskStackChanged
03-31 13:16:54.592 10397 10713 I SDHMS:k : no app is Resumed!!! mResumedPackages.size = 0
03-31 13:16:54.592 29214 29214 D nativeloader: Load /data/app/~~4f3pmEzXB2mBJIcrQwoM2w==/com.weejobs.app-AqkvzT8kBrdjOVOevJiQpA==/base.apk!/lib/arm64-v8a/libjsi.so using class loader ns clns-9 (caller=/data/app/~~4f3pmEzXB2mBJIcrQwoM2w==/com.weejobs.app-AqkvzT8kBrdjOVOevJiQpA==/base.apk!classes3.dex): ok
03-31 13:16:54.592  4276 15112 I HoneySpace.RecentTasks: onRecentTasksChanged
03-31 13:16:54.593  3951  4050 I InsetsSourceConsumer: applyRequestedVisibilityToControl: visible=true, type=statusBars, host=Splash Screen com.weejobs.app
03-31 13:16:54.595 29214 29214 D nativeloader: Load /data/app/~~4f3pmEzXB2mBJIcrQwoM2w==/com.weejobs.app-AqkvzT8kBrdjOVOevJiQpA==/base.apk!/lib/arm64-v8a/libfbjni.so using class loader ns clns-9 (caller=/data/app/~~4f3pmEzXB2mBJIcrQwoM2w==/com.weejobs.app-AqkvzT8kBrdjOVOevJiQpA==/base.apk!classes3.dex): ok
03-31 13:16:54.595  4276 28474 I HoneySpace.HistoryViewModel@56717545@OneUI: task bar is not showing. skip load history items
03-31 13:16:54.596  3951  4050 I InsetsSourceConsumer: applyRequestedVisibilityToControl: visible=true, type=navigationBars, host=Splash Screen com.weejobs.app
03-31 13:16:54.597 29214 29214 D nativeloader: Load /data/app/~~4f3pmEzXB2mBJIcrQwoM2w==/com.weejobs.app-AqkvzT8kBrdjOVOevJiQpA==/base.apk!/lib/arm64-v8a/libreactnative.so using class loader ns clns-9 (caller=/data/app/~~4f3pmEzXB2mBJIcrQwoM2w==/com.weejobs.app-AqkvzT8kBrdjOVOevJiQpA==/base.apk!classes3.dex): ok
03-31 13:16:54.597  4276 28474 I HoneySpace.HistoryViewModel@56717545@OneUI: launcherShowing : false, recentShowing : false, isInteractive : true, state : 0, minusOne : false
03-31 13:16:54.597 29214 29214 D jni_lib_merge: Entering merged library JNI_OnLoad.
03-31 13:16:54.597 29214 29214 D jni_lib_merge: Preparing 12 pre-merged libs (including stub)
03-31 13:16:54.597 29214 29214 D jni_lib_merge: Preparing to register libfabricjni_so.  onload_func: 0x6d5bbe2a50
03-31 13:16:54.597 29214 29214 D jni_lib_merge: Preparing to register libreact_devsupportjni_so.  onload_func: 0x6d5bca636c
03-31 13:16:54.597 29214 29214 D jni_lib_merge: Preparing to register libreact_featureflagsjni_so.  onload_func: 0x6d5bcc0ba8
03-31 13:16:54.597 29214 29214 D jni_lib_merge: Preparing to register libreact_newarchdefaults_so.  onload_func: 0x6d5bcfed74
03-31 13:16:54.597 29214 29214 D jni_lib_merge: Preparing to register libreactnativeblob_so.  onload_func: 0x6d5bd9fa4c
03-31 13:16:54.597 29214 29214 D jni_lib_merge: Preparing to register libreactnativejni_so.  onload_func: 0x6d5bdb49e4
03-31 13:16:54.597 29214 29214 D jni_lib_merge: Preparing to register libreactnativejni_common_so.  onload_func: 0x6d5bdb7be0
03-31 13:16:54.597 29214 29214 D jni_lib_merge: Preparing to register librninstance_so.  onload_func: 0x6d5bdd4778
03-31 13:16:54.597 29214 29214 D jni_lib_merge: Preparing to register libturbomodulejsijni_so.  onload_func: 0x6d5be7e0e0
03-31 13:16:54.597 29214 29214 D jni_lib_merge: Preparing to register libuimanagerjni_so.  onload_func: 0x6d5be84b00
03-31 13:16:54.597 29214 29214 D jni_lib_merge: Preparing to register libyoga_so.  onload_func: 0x6d5be8c0c4
03-31 13:16:54.597 29214 29214 D jni_lib_merge: About to register 11 actual methods.
03-31 13:16:54.597  2349  2478 D SurfaceComposerClient: [SEC_SF_EFFECTS] setBackgroundBlurRadius ## Dim Layer for - Task=1614#27439 backgroundBlurRadius=0
03-31 13:16:54.598  3951  4024 D SurfaceComposerClient: setCornerRadius ## Task=1617#27445 cornerRadius=63.000000
03-31 13:16:54.601 29214 29214 D nativeloader: Load /data/app/~~4f3pmEzXB2mBJIcrQwoM2w==/com.weejobs.app-AqkvzT8kBrdjOVOevJiQpA==/base.apk!/lib/arm64-v8a/libreact_codegen_rnscreens.so using class loader ns clns-9 (caller=/data/app/~~4f3pmEzXB2mBJIcrQwoM2w==/com.weejobs.app-AqkvzT8kBrdjOVOevJiQpA==/base.apk!classes3.dex): ok
03-31 13:16:54.601 29214 29214 D jni_lib_merge: Entering merged library JNI_OnLoad.
03-31 13:16:54.601 29214 29214 D jni_lib_merge: Preparing 12 pre-merged libs (including stub)
03-31 13:16:54.601 29214 29214 D jni_lib_merge: Preparing to register libfabricjni_so.  onload_func: 0x6d5bbe2a50
03-31 13:16:54.601 29214 29214 D jni_lib_merge: Preparing to register libreact_devsupportjni_so.  onload_func: 0x6d5bca636c
03-31 13:16:54.601 29214 29214 D jni_lib_merge: Preparing to register libreact_featureflagsjni_so.  onload_func: 0x6d5bcc0ba8
03-31 13:16:54.601 29214 29214 D jni_lib_merge: Preparing to register libreact_newarchdefaults_so.  onload_func: 0x6d5bcfed74
03-31 13:16:54.601 29214 29214 D jni_lib_merge: Preparing to register libreactnativeblob_so.  onload_func: 0x6d5bd9fa4c
03-31 13:16:54.601 29214 29214 D jni_lib_merge: Preparing to register libreactnativejni_so.  onload_func: 0x6d5bdb49e4
03-31 13:16:54.601 29214 29214 D jni_lib_merge: Preparing to register libreactnativejni_common_so.  onload_func: 0x6d5bdb7be0
03-31 13:16:54.601 29214 29214 D jni_lib_merge: Preparing to register librninstance_so.  onload_func: 0x6d5bdd4778
03-31 13:16:54.601 29214 29214 D jni_lib_merge: Preparing to register libturbomodulejsijni_so.  onload_func: 0x6d5be7e0e0
03-31 13:16:54.601 29214 29214 D jni_lib_merge: Preparing to register libuimanagerjni_so.  onload_func: 0x6d5be84b00
03-31 13:16:54.601 29214 29214 D jni_lib_merge: Preparing to register libyoga_so.  onload_func: 0x6d5be8c0c4
03-31 13:16:54.601 29214 29214 D jni_lib_merge: About to register 11 actual methods.
03-31 13:16:54.603 29214 29214 D nativeloader: Load /data/app/~~4f3pmEzXB2mBJIcrQwoM2w==/com.weejobs.app-AqkvzT8kBrdjOVOevJiQpA==/base.apk!/lib/arm64-v8a/libreact_codegen_safeareacontext.so using class loader ns clns-9 (caller=/data/app/~~4f3pmEzXB2mBJIcrQwoM2w==/com.weejobs.app-AqkvzT8kBrdjOVOevJiQpA==/base.apk!classes3.dex): ok
03-31 13:16:54.605 29214 29214 D nativeloader: Load /data/app/~~4f3pmEzXB2mBJIcrQwoM2w==/com.weejobs.app-AqkvzT8kBrdjOVOevJiQpA==/base.apk!/lib/arm64-v8a/libappmodules.so using class loader ns clns-9 (caller=/data/app/~~4f3pmEzXB2mBJIcrQwoM2w==/com.weejobs.app-AqkvzT8kBrdjOVOevJiQpA==/base.apk!classes3.dex): ok
03-31 13:16:54.605  3951  4024 D SurfaceComposerClient: setCornerRadius ## Task=1617#27445 cornerRadius=63.000000
03-31 13:16:54.606  2349  2478 D SurfaceComposerClient: [SEC_SF_EFFECTS] setBackgroundBlurRadius ## Dim Layer for - Task=1614#27439 backgroundBlurRadius=0
03-31 13:16:54.611  2349  3460 V WindowManager: Computed rotation=ROTATION_0 (0) for display id=0 based on lastOrientation=SCREEN_ORIENTATION_PORTRAIT (1) and oldRotation=ROTATION_0 (0), caller=com.android.server.wm.DisplayRotation.updateOrientation:79 com.android.server.wm.DisplayContent.updateOrientation:41 com.android.server.wm.DisplayContent.updateOrientationAndComputeConfig:48 com.android.server.wm.RootWindowContainer.ensureVisibilityAndConfig:7 com.android.server.wm.ActivityTaskSupervisor.realStartActivityLocked:195 com.android.server.wm.RootWindowContainer.attachApplication:92 
03-31 13:16:54.612  2349  3460 D SGM:FgCheckThread: notifyAppCreated(), packageName: com.weejobs.app, userId: 0, sendRet: true
03-31 13:16:54.612  2349  3005 D SGM:FgCheckThread: onLooperPrepared(), msg: MSG_APP_CREATE, pkgName: com.weejobs.app, userId: 0
03-31 13:16:54.612  2349  3460 D SGM:FgCheckThread: TaskStackListener.onTaskFocusChanged(), taskId=1614, focused=false
03-31 13:16:54.613  2349  3460 D SGM:FgCheckThread: TaskStackListener.onTaskFocusChanged(), taskId=1617, focused=true
03-31 13:16:54.613  2349  3460 D SGM:FgCheckThread:   sendRunningComponentFocus(), pkgName: com.weejobs.app, userId: 0
03-31 13:16:54.613  2349  3460 D InputDispatcher: Focused application(0): ActivityRecord{197264024 u0 com.weejobs.app/.MainActivity t1617}
03-31 13:16:54.613  2349  3460 D ActivityTaskManager: scheduleTopResumedActivityChanged, onTop=true, r=ActivityRecord{197264024 u0 com.weejobs.app/.MainActivity t1617}, caller=com.android.server.wm.ActivityTaskSupervisor.scheduleTopResumedActivityStateIfNeeded:18 com.android.server.wm.ActivityTaskSupervisor.updateTopResumedActivityIfNeeded:54 com.android.server.wm.TaskFragment.setResumedActivity:75 com.android.server.wm.ActivityRecord.setState:116 com.android.server.wm.ActivityTaskSupervisor.realStartActivityLocked:497 com.android.server.wm.RootWindowContainer.attachApplication:92 
03-31 13:16:54.613  2349  3005 D SGM:FgCheckThread: onLooperPrepared(), msg: MSG_TASK_FOCUSED, pkgName: com.weejobs.app, userId: 0
03-31 13:16:54.613  2349  3005 D SGM:FgCheckThread: handleTaskFocused().
03-31 13:16:54.613  2349  3005 D SGM:FgCheckThread:   handleTaskFocused(), pkgName: com.weejobs.app, userID:0
03-31 13:16:54.613  2349  3005 D SGM:FgCheckThread: handleResume().
03-31 13:16:54.613  2349  2478 D SurfaceComposerClient: [SEC_SF_EFFECTS] setBackgroundBlurRadius ## Dim Layer for - Task=1614#27439 backgroundBlurRadius=0
03-31 13:16:54.613  2349  3005 D SGM:FgCheckThread: sendFocusOutConditionally() - mPrevNotiPkg: KILL_YOURSELF, userId: 0
03-31 13:16:54.613  2349  3005 D SGM:FgCheckThread:   handleResume(). pkgName: com.weejobs.app, userId: 0, category: non-game
03-31 13:16:54.613  2349  3005 D SGM:FgCheckThread: notifyFocusInOut(). of pkg: com.weejobs.app, type: 4, isSecGameFamily: false, userId: 0
03-31 13:16:54.613  2349  3005 D SGM:FgCheckThread:   notifyFocusInOut(). do nothing
03-31 13:16:54.613  2349  3460 D ActivityTaskManager: updateAppCompatDisplayInsets, SizeChangesSupported=3, ResizeMode=1, inMultiWindowMode=false, isFolded=true, RealActivity=ComponentInfo{com.weejobs.app/com.weejobs.app.MainActivity}, Task=Task{7f59af1 #1617 type=standard A=10789:com.weejobs.app}
03-31 13:16:54.613  2349  3005 D SGM:SystemHelper: callReleaseBlock needReleaseBlock:false
03-31 13:16:54.614  3951  4024 D SurfaceComposerClient: setCornerRadius ## Task=1617#27445 cornerRadius=63.000000
03-31 13:16:54.615  2349  3094 D AS.MultiSoundManager: mForegroundUid = 10789
03-31 13:16:54.616  2349  5247 D GraphicsStatsService: requestRenderEngineFor(com.weejobs.app)
03-31 13:16:54.616 29214 29214 D ActivityThread: com.weejobs.app will use render engine as VK
03-31 13:16:54.616 29214 29214 D HWUI    : HWUI - treat SMPTE_170M as sRGB
03-31 13:16:54.617  4276  4276 I HoneySpace.HistoryViewModel@56717545@OneUI: Block stack change
03-31 13:16:54.619  4276 27059 I HoneySpace.HistoryViewModel@56717545@OneUI: task bar is not showing. skip load history items
03-31 13:16:54.619  4276  4372 I HoneySpace.TopTaskSource: onTaskFocusChanged(): taskId = 1617
03-31 13:16:54.619  4276 27059 I HoneySpace.HistoryViewModel@56717545@OneUI: launcherShowing : false, recentShowing : false, isInteractive : true, state : 0, minusOne : false
03-31 13:16:54.620 29214 29242 I DisplayManager: Choreographer implicitly registered for the refresh rate.
03-31 13:16:54.622  2349  2478 D SurfaceComposerClient: [SEC_SF_EFFECTS] setBackgroundBlurRadius ## Dim Layer for - Task=1614#27439 backgroundBlurRadius=0
03-31 13:16:54.623 29214 29242 D HWUI    : CacheManager constructor. deviceInfo=(1080, 1920)
03-31 13:16:54.623  3951  4024 D SurfaceComposerClient: setCornerRadius ## Task=1617#27445 cornerRadius=63.000000
03-31 13:16:54.623 29214 29214 D AppCompatDelegate: Checking for metadata for AppLocalesMetadataHolderService : Service not found
03-31 13:16:54.624 29214 29242 I AdrenoGLES-0: QUALCOMM build                   : 0c393b63cf, I94e2bd5684
03-31 13:16:54.624 29214 29242 I AdrenoGLES-0: Build Date                       : 05/02/25
03-31 13:16:54.624 29214 29242 I AdrenoGLES-0: OpenGL ES Shader Compiler Version: EV031.36.08.33
03-31 13:16:54.624 29214 29242 I AdrenoGLES-0: Local Branch                     : 
03-31 13:16:54.624 29214 29242 I AdrenoGLES-0: Remote Branch                    : refs/tags/AU_LINUX_ANDROID_LA.VENDOR.1.0.R1.11.00.00.816.269
03-31 13:16:54.624 29214 29242 I AdrenoGLES-0: Remote Branch                    : NONE
03-31 13:16:54.624 29214 29242 I AdrenoGLES-0: Reconstruct Branch               : NOTHING
03-31 13:16:54.624 29214 29242 I AdrenoGLES-0: Build Config                     : S P 12.1.1 AArch64
03-31 13:16:54.624 29214 29242 I AdrenoGLES-0: Driver Path                      : /vendor/lib64/egl/libGLESv2_adreno.so
03-31 13:16:54.624 29214 29242 I AdrenoGLES-0: Driver Version                   : 0615.98
03-31 13:16:54.625  2349  2476 V Configuration: Updating configuration, locales updated from [] to [en_CA]
03-31 13:16:54.627  3951  3951 I {OngoingActivityController}: onTaskFocusChanged but OA data is empty
03-31 13:16:54.629  2349  2476 V Configuration: Updating configuration, locales updated from [] to [en_CA]
03-31 13:16:54.630  2349  2478 D SurfaceComposerClient: [SEC_SF_EFFECTS] setBackgroundBlurRadius ## Dim Layer for - Task=1614#27439 backgroundBlurRadius=0
03-31 13:16:54.630 29214 29214 E ashmem  : Pinning is deprecated since Android Q. Please use trim or other methods.
03-31 13:16:54.633 29214 29214 E TransactionExecutor: Failed to execute the transaction: tId:-2035698600 ClientTransaction{
03-31 13:16:54.633 29214 29214 E TransactionExecutor: tId:-2035698600   transactionItems=[
03-31 13:16:54.633 29214 29214 E TransactionExecutor: tId:-2035698600     LaunchActivityItem{activityToken=android.os.BinderProxy@cb82d,intent=Intent { flg=0x10000000 xflg=0x5 cmp=com.weejobs.app/.MainActivity },ident=197264024,info=ActivityInfo{f943ee3 com.weejobs.app.MainActivity},curConfig={1.0 302mcc610mnc [en_CA] ldltr sw344dp w344dp h882dp 420dpi nrml long port finger -keyb/v/h -nav/h winConfig={ mBounds=Rect(0, 0 - 904, 2316) mAppBounds=Rect(0, 0 - 904, 2316) mMaxBounds=Rect(0, 0 - 904, 2316) mDisplayRotation=ROTATION_0 mWindowingMode=fullscreen mActivityType=undefined mAlwaysOnTop=undefined mRotation=ROTATION_0 mStageConfig=undefined mEmbedActivityMode=undefined mPopOver=off mOverlappingWithCutout=false mFlexPanelMode=off} s.44169 fontWeightAdjustment=0 ff=0 bf=-1 bts=0 cst=1.0 nightDim=0 dt/s themeSeq=0},overrideConfig={1.0 302mcc610mnc [en_CA] ldltr sw344dp w344dp h882dp 420dpi nrml long port finger -keyb/v/h -nav/h winConfig={ mBounds=Rect(0, 0 - 904, 2316) mAppBounds=Rect(0, 0 - 904, 2316) mMaxBounds=Rect(0, 0 - 904, 2316) mDisplayRotation=ROTATION_0 mWindowingMode=fullscreen mActivityType=standard mAlwaysOnTop=undefined mRotation=ROTATION_0 mStageConfig=undefined mEmbedActivityMode=undefined mPopOver=off mOverlappingWithCutout=false mFlexPanelMode=off} s.2 fontWeightAdjustment=0 ff=0 bf=-1 bts=0 cst=1.0 nightDim=0 dt/s themeSeq=0},deviceId=0,referrer=com.android.shell,procState=2,state=null,persistentState=null,pendingResults=null,pendingNewIntents=null,sceneTransitionInfo=null,profilerInfo=null,assistToken=android.os.BinderProxy@27e6174,shareableActivityToken=android.os.BinderProxy@539069d,activityWindowInfo=ActivityWindowInfo{isEmbedded=false, taskBounds=Rect(0, 0 - 904, 2316), taskFragmentBounds=Rect(0, 0 - 904, 2316)}}
03-31 13:16:54.633 29214 29214 E TransactionExecutor: tId:-2035698600     ResumeActivityItem{mActivityToken=android.os.BinderProxy@cb82d,procState=-1,isForward=true,shouldSendCompatFakeFocus=false}
03-31 13:16:54.633 29214 29214 E TransactionExecutor: tId:-2035698600     Target activity: com.weejobs.app.MainActivity
03-31 13:16:54.633 29214 29214 E TransactionExecutor: tId:-2035698600   ]
03-31 13:16:54.633 29214 29214 E TransactionExecutor: tId:-2035698600 }
03-31 13:16:54.633 29214 29214 D AndroidRuntime: Shutting down VM
--------- beginning of crash
03-31 13:16:54.633 29214 29214 E AndroidRuntime: FATAL EXCEPTION: main
03-31 13:16:54.633 29214 29214 E AndroidRuntime: Process: com.weejobs.app, PID: 29214
03-31 13:16:54.633 29214 29214 E AndroidRuntime: java.lang.RuntimeException: Unable to start activity ComponentInfo{com.weejobs.app/com.weejobs.app.MainActivity}: java.lang.IllegalStateException: You need to use a Theme.AppCompat theme (or descendant) with this activity.
03-31 13:16:54.633 29214 29214 E AndroidRuntime: 	at android.app.ActivityThread.performLaunchActivity(ActivityThread.java:4710)
03-31 13:16:54.633 29214 29214 E AndroidRuntime: 	at android.app.ActivityThread.handleLaunchActivity(ActivityThread.java:4941)
03-31 13:16:54.633 29214 29214 E AndroidRuntime: 	at android.app.servertransaction.LaunchActivityItem.execute(LaunchActivityItem.java:222)
03-31 13:16:54.633 29214 29214 E AndroidRuntime: 	at android.app.servertransaction.TransactionExecutor.executeNonLifecycleItem(TransactionExecutor.java:133)
03-31 13:16:54.633 29214 29214 E AndroidRuntime: 	at android.app.servertransaction.TransactionExecutor.executeTransactionItems(TransactionExecutor.java:103)
03-31 13:16:54.633 29214 29214 E AndroidRuntime: 	at android.app.servertransaction.TransactionExecutor.execute(TransactionExecutor.java:80)
03-31 13:16:54.633 29214 29214 E AndroidRuntime: 	at android.app.ActivityThread$H.handleMessage(ActivityThread.java:3150)
03-31 13:16:54.633 29214 29214 E AndroidRuntime: 	at android.os.Handler.dispatchMessage(Handler.java:110)
03-31 13:16:54.633 29214 29214 E AndroidRuntime: 	at android.os.Looper.loopOnce(Looper.java:273)
03-31 13:16:54.633 29214 29214 E AndroidRuntime: 	at android.os.Looper.loop(Looper.java:363)
03-31 13:16:54.633 29214 29214 E AndroidRuntime: 	at android.app.ActivityThread.main(ActivityThread.java:10060)
03-31 13:16:54.633 29214 29214 E AndroidRuntime: 	at java.lang.reflect.Method.invoke(Native Method)
03-31 13:16:54.633 29214 29214 E AndroidRuntime: 	at com.android.internal.os.RuntimeInit$MethodAndArgsCaller.run(RuntimeInit.java:632)
03-31 13:16:54.633 29214 29214 E AndroidRuntime: 	at com.android.internal.os.ZygoteInit.main(ZygoteInit.java:975)
03-31 13:16:54.633 29214 29214 E AndroidRuntime: Caused by: java.lang.IllegalStateException: You need to use a Theme.AppCompat theme (or descendant) with this activity.
03-31 13:16:54.633 29214 29214 E AndroidRuntime: 	at androidx.appcompat.app.AppCompatDelegateImpl.createSubDecor(AppCompatDelegateImpl.java:902)
03-31 13:16:54.633 29214 29214 E AndroidRuntime: 	at androidx.appcompat.app.AppCompatDelegateImpl.ensureSubDecor(AppCompatDelegateImpl.java:865)
03-31 13:16:54.633 29214 29214 E AndroidRuntime: 	at androidx.appcompat.app.AppCompatDelegateImpl.findViewById(AppCompatDelegateImpl.java:667)
03-31 13:16:54.633 29214 29214 E AndroidRuntime: 	at androidx.appcompat.app.AppCompatActivity.findViewById(AppCompatActivity.java:251)
03-31 13:16:54.633 29214 29214 E AndroidRuntime: 	at expo.modules.splashscreen.SplashScreenManager.registerOnActivity(SplashScreenManager.kt:60)
03-31 13:16:54.633 29214 29214 E AndroidRuntime: 	at com.weejobs.app.MainActivity.onCreate(MainActivity.kt:24)
03-31 13:16:54.633 29214 29214 E AndroidRuntime: 	at android.app.Activity.performCreate(Activity.java:9519)
03-31 13:16:54.633 29214 29214 E AndroidRuntime: 	at android.app.Activity.performCreate(Activity.java:9488)
03-31 13:16:54.633 29214 29214 E AndroidRuntime: 	at android.app.Instrumentation.callActivityOnCreate(Instrumentation.java:1524)
03-31 13:16:54.633 29214 29214 E AndroidRuntime: 	at android.app.ActivityThread.performLaunchActivity(ActivityThread.java:4692)
03-31 13:16:54.633 29214 29214 E AndroidRuntime: 	... 13 more
03-31 13:16:54.632  2349  2476 D EnterpriseDeviceManagerService: isMdmAdminPresentInternal() : MDM Admin Found - com.samsung.knox.securefolder
03-31 13:16:54.635  1195 29165 I keystore2: system/security/keystore2/watchdog/src/lib.rs:377 - Watchdog thread idle -> terminating. Have a great day.
03-31 13:16:54.635  2349 29245 I DropBoxManagerService: add tag=data_app_crash isTagEnabled=true flags=0x2
03-31 13:16:54.636  2349  5247 D Debug   : low && ship && 3rdparty app crash, do not dump
03-31 13:16:54.636  3951  4024 D SurfaceComposerClient: setCornerRadius ## Task=1617#27445 cornerRadius=63.000000
03-31 13:16:54.636  2349  3131 I CocktailBarManagerServiceContainer: handleMessage: entry what = 5
03-31 13:16:54.636 10397  7422 I SDHMS:k : handleResumeComponent : put = com.weejobs.app, userid = 0 instanceid =3053270
03-31 13:16:54.636  2349  3140 D BackgroundInstallControlService: Package event received: 0
03-31 13:16:54.637  4276  4276 I HoneySpace.EdgePanel.CocktailHostRepositoryImpl: onNoteResume
03-31 13:16:54.637  4276  4276 I HoneySpace.EdgePanel.EdgePanelContainerViewModel: cocktailHostRepository.edgePanelOperation NoteResumeComponent(componentName=ComponentInfo{com.weejobs.app/com.weejobs.app.MainActivity})
03-31 13:16:54.637  2349  5247 W ActivityTaskManager:   Force finishing activity com.weejobs.app/.MainActivity
03-31 13:16:54.638  4276  4276 I HoneySpace.EdgePanel.ActivityUtils: HomePackage : com.sec.android.app.launcher, resumePackageName : com.weejobs.app, className : com.weejobs.app.MainActivity
03-31 13:16:54.638  2349  5247 D WindowManager: Transition is created, t=TransitionRecord{518802e id=-1 type=CLOSE flags=0x10}, caller=com.android.server.wm.Transition.<init>:182 com.android.server.wm.TransitionController.createTransition:17 com.android.server.wm.TransitionController.requestTransitionIfNeeded:48 com.android.server.wm.RootWindowContainer$$ExternalSyntheticLambda34.accept:176 com.android.server.wm.Task.forAllLeafTasks:6 
03-31 13:16:54.638  2349  5247 D BLASTSyncEngine: SyncGroup is created, id=1663, name=Transition-CLOSE, caller=com.android.server.wm.BLASTSyncEngine$SyncGroup.<init>:52 com.android.server.wm.TransitionController.moveToCollecting:79 com.android.server.wm.TransitionController.createTransition:46 com.android.server.wm.TransitionController.requestTransitionIfNeeded:48 com.android.server.wm.RootWindowContainer$$ExternalSyntheticLambda34.accept:176 com.android.server.wm.Task.forAllLeafTasks:6 com.android.server.wm.WindowContainer.forAllLeafTasks:4 
03-31 13:16:54.638  2349  5247 W BLASTSyncEngine: setSyncMethod, id=1663, method=0, caller=com.android.server.wm.TransitionController.moveToCollecting:91 com.android.server.wm.TransitionController.createTransition:46 com.android.server.wm.TransitionController.requestTransitionIfNeeded:48 
03-31 13:16:54.638  2349  5247 V WindowManager: Start collecting in Transition: TransitionRecord{518802e id=1663 type=CLOSE flags=0x10}, caller=com.android.server.wm.TransitionController.createTransition:46 com.android.server.wm.TransitionController.requestTransitionIfNeeded:48 com.android.server.wm.RootWindowContainer$$ExternalSyntheticLambda34.accept:176 com.android.server.wm.Task.forAllLeafTasks:6 com.android.server.wm.WindowContainer.forAllLeafTasks:4 
03-31 13:16:54.638  2349  5247 V WindowManager: Requesting StartTransition: TransitionRecord{518802e id=1663 type=CLOSE flags=0x10}, caller=com.android.server.wm.TransitionController.requestTransitionIfNeeded:56 com.android.server.wm.RootWindowContainer$$ExternalSyntheticLambda34.accept:176 com.android.server.wm.Task.forAllLeafTasks:6 com.android.server.wm.WindowContainer.forAllLeafTasks:4 com.android.server.wm.DisplayArea.forAllLeafTasks:4 
03-31 13:16:54.638  2349 29246 W ActivityManager: crash : com.weejobs.app,10789
03-31 13:16:54.638  2349  5247 V WindowManager: Collecting in transition 1663: Task{7f59af1 #1617 type=standard A=10789:com.weejobs.app}, caller=com.android.server.wm.Transition.collectExistenceChange:40 com.android.server.wm.Transition.collectClose:7 com.android.server.wm.ActivityRecord.finishIfPossible:72 com.android.server.wm.ActivityRecord.finishIfPossible:1 com.android.server.wm.RootWindowContainer$$ExternalSyntheticLambda34.accept:179 
03-31 13:16:54.638  2349  5247 D WindowManager: prepareSync <SYNC_STATE_WAITING_FOR_DRAW>, mPrepareSyncSeqId=0, win=Window{5b58c5b u0 Splash Screen com.weejobs.app}
03-31 13:16:54.639  2349  5247 D ActivityTaskManager: scheduleTopResumedActivityChanged, onTop=false, r=ActivityRecord{197264024 u0 com.weejobs.app/.MainActivity t1617 f}}, caller=com.android.server.wm.ActivityTaskSupervisor.scheduleTopResumedActivityStateLossIfNeeded:19 com.android.server.wm.ActivityTaskSupervisor.updateTopResumedActivityIfNeeded:20 com.android.server.wm.TaskDisplayArea.positionChildAt:252 com.android.server.wm.Task.moveToFront:40 com.android.server.wm.Task.adjustFocusToNextFocusableTask:171 com.android.server.wm.ActivityRecord.finishIfPossible:114 
03-31 13:16:54.639  2349  5247 V WindowManager: Collecting in transition 1663: ActivityRecord{197264024 u0 com.weejobs.app/.MainActivity t1617 f}}, caller=com.android.server.wm.TransitionController.collect:7 com.android.server.wm.ActivityRecord.setVisibility:132 com.android.server.wm.ActivityRecord.finishIfPossible:130 com.android.server.wm.ActivityRecord.finishIfPossible:1 com.android.server.wm.RootWindowContainer$$ExternalSyntheticLambda34.accept:179 
03-31 13:16:54.639  2349  2478 D SurfaceComposerClient: [SEC_SF_EFFECTS] setBackgroundBlurRadius ## Dim Layer for - Task=1614#27439 backgroundBlurRadius=0
03-31 13:16:54.639  2349  5247 V WindowManager: Collecting in transition 1663: ActivityRecord{77681712 u0 com.samsung.android.lool/com.samsung.android.sm.iafd.dialog.AppErrorDialogActivity t1614}, caller=com.android.server.wm.TransitionController.collect:7 com.android.server.wm.ActivityRecord.setVisibility:132 com.android.server.wm.ActivityRecord.makeVisibleIfNeeded:36 com.android.server.wm.EnsureActivitiesVisibleHelper.setActivityVisibilityState:298 com.android.server.wm.EnsureActivitiesVisibleHelper.process:281 
03-31 13:16:54.639  2349  5247 D WindowManager: prepareSync <SYNC_STATE_WAITING_FOR_DRAW>, mPrepareSyncSeqId=0, win=Window{c7a706d u0 com.samsung.android.lool/com.samsung.android.sm.iafd.dialog.AppErrorDialogActivity}
03-31 13:16:54.639  2349  5247 D WindowManager: prepareSync <SYNC_STATE_WAITING_FOR_DRAW>, mPrepareSyncSeqId=0, win=Window{acf2e76 u0 com.samsung.android.lool/com.samsung.android.sm.iafd.dialog.AppErrorDialogActivity}
03-31 13:16:54.640  2349  5247 V WindowManager: Collecting in transition 1663: ActivityRecord{102437058 u0 com.sec.android.app.launcher/.activities.LauncherActivity t1407}, caller=com.android.server.wm.TransitionController.collect:7 com.android.server.wm.ActivityRecord.setVisibility:132 com.android.server.wm.ActivityRecord.makeVisibleIfNeeded:36 com.android.server.wm.EnsureActivitiesVisibleHelper.setActivityVisibilityState:298 com.android.server.wm.EnsureActivitiesVisibleHelper.process:281 
03-31 13:16:54.640  2349  5247 D WindowManager: prepareSync <SYNC_STATE_WAITING_FOR_DRAW>, mPrepareSyncSeqId=0, win=Window{a4b6524 u0 com.sec.android.app.launcher/com.sec.android.app.launcher.activities.LauncherActivity}
03-31 13:16:54.640  2349  5247 V WindowManager: Collecting in transition 1663: WallpaperWindowToken{fb2395 showWhenLocked=false}_<system|non-primary>, caller=com.android.server.wm.TransitionController.collect:7 com.android.server.wm.WallpaperWindowToken.setVisibility:55 com.android.server.wm.WallpaperController.adjustWallpaperWindows:857 com.android.server.wm.RootWindowContainer.applySurfaceChangesTransaction$1:141 com.android.server.wm.RootWindowContainer.performSurfacePlacementNoTrace:86 
03-31 13:16:54.640  2349  5247 D SurfaceComposerClient: setCornerRadius ## acf2e76 com.samsung.android.lool/com.samsung.android.sm.iafd.dialog.AppErrorDialogActivity#27401 cornerRadius=0.000000
03-31 13:16:54.640  2349  5247 D SurfaceComposerClient: setCornerRadius ## a4b6524 com.sec.android.app.launcher/com.sec.android.app.launcher.activities.LauncherActivity#191 cornerRadius=0.000000
03-31 13:16:54.640  2349  5247 D SurfaceComposerClient: setCornerRadius ## acf2e76 com.samsung.android.lool/com.samsung.android.sm.iafd.dialog.AppErrorDialogActivity#27401 cornerRadius=0.000000
03-31 13:16:54.640  2349  5247 D SurfaceComposerClient: setCornerRadius ## a4b6524 com.sec.android.app.launcher/com.sec.android.app.launcher.activities.LauncherActivity#191 cornerRadius=0.000000
03-31 13:16:54.641  3951  3999 V WindowManagerShell: Transition requested (#1663): android.os.BinderProxy@bb22f3 TransitionRequestInfo { type = CLOSE, triggerTask = TaskInfo{userId=0 taskId=1617 effectiveUid=10789 displayId=0 isRunning=true baseIntent=Intent { flg=0x10000000 cmp=com.weejobs.app/.MainActivity } baseActivity=ComponentInfo{com.weejobs.app/com.weejobs.app.MainActivity} topActivity=ComponentInfo{com.weejobs.app/com.weejobs.app.MainActivity} origActivity=null realActivity=ComponentInfo{com.weejobs.app/com.weejobs.app.MainActivity} numActivities=1 lastActiveTime=711719587 supportsMultiWindow=true resizeMode=1 isResizeable=true minWidth=-1 minHeight=-1 maxWidth=-1 maxHeight=-1 defaultMinSize=220 desktopDefaultMinSize=304 token=WCT{android.window.IWindowContainerToken$Stub$Proxy@9a551ae} topActivityType=1 pictureInPictureParams=null shouldDockBigOverlays=false launchIntoPipHostTaskId=-1 lastParentTaskIdBeforePip=-1 displayCutoutSafeInsets=Rect(0, 0 - 0, 0) topActivityInfo=ActivityInfo{4dafb4f com.weejobs.app.MainActivity} launchCookies=[] positionInParent=Point(0, 0) parentTaskId=-1 isFocused=true isVisible=true isVisibleRequested=true isTopActivityNoDisplay=false isSleeping=false locusId=null displayAreaFeatureId=1 isTopActivityTransparent=false isActivityStackTransparent=false lastNonFullscreenBounds=Rect(71, 681 - 833, 1596) capturedLink=null capturedLinkTimestamp=0 requestedVisibleTypes=-9 topActivityRequestOpenInBrowserEducationTimestamp=0 appCompatTaskInfo=AppCompatTaskInfo { topActivityInSizeCompat=false eligibleForLetterboxEducation= false isLetterboxEducationEnabled= false isLetterboxDoubleTapEnabled= false eligibleForUserAspectRatioButton= false topActivityBoundsLetterboxed= false isFromLetterboxDoubleTap= false topActivityLetterboxVerticalPosition= -1 topActivityLetterboxHorizontalPosition= -1 topActivityLetterboxWidth=-1 topActivityLetterboxHeight=-1 topActivityAppBounds=Rect(0, 0 - 904, 2316) isUserFullscreenOverrideEnabled=true isSystemFullscreenOverrideEnabled=false hasMinAspectRatioOverride=false topActivityLetterboxBounds=null cameraCompatTaskInfo=CameraCompatTaskInfo { freeformCameraCompatMode=inactive} topActivityBounds=null topActivityInDisplayCompat=false singleTapFromLetterbox=false} topActivityMainWindowFrame=null originallySupportedMultiWindow=true hasWallpaper=false rootAffinity=10789:com.weejobs.app isTopTaskInStage=false CoverLauncherWidgetTask=false LaunchedFromAppsCoverLauncherTask=false LaunchedFromMultistarCoverLauncherTask=false isAllowedSeamlessRotation=false isTopTransparentActivity=false isAliasManaged=false hasConfigChanged=false snappingGuideBounds=null isAiKeyRemoveAppTask=false lastDesktopWindowingBounds=null lastExternalDesktopWindowingBounds=null isTopFullScreenWindow=true isFullSizeWindow=true safeCutoutInsets=null}, pipChange = null, remoteTransition = null, displayChange = null, flags = 16, debugId = 1663 }
03-31 13:16:54.641  3951  3999 V ShellDesktopMode: DesktopTasksController: isDesktopModeShowing: hasVisibleTasks=false hasTopTransparentFullscreenTask=false
03-31 13:16:54.641  3951  3999 V ShellDesktopMode: DesktopTasksController: isDesktopModeShowing: hasVisibleTasks=false hasTopTransparentFullscreenTask=false
03-31 13:16:54.641  3951  3999 D ShellDesktopMode: handleRequest: TransitionRequestInfo {type=2, tid=1617, f=16, debugId=1663}
03-31 13:16:54.642  3951  3999 V ShellDesktopMode: DesktopTasksController: skipping handleRequest reason=transition type not handled (2)
03-31 13:16:54.642  2349  3458 V WindowManager: Starting Transition 1663, caller=com.android.server.wm.WindowOrganizerController.startTransition:47 com.android.server.wm.WindowOrganizerController.startTransition:1 android.window.IWindowOrganizerController$Stub.onTransact:259 
03-31 13:16:54.642 29214 29242 I AdrenoGLES-0: PFP: 0x01730181, ME: 0x00000000
03-31 13:16:54.643 29214 29214 I Process : Sending signal. PID: 29214 SIG: 9
03-31 13:16:54.644  2349  2476 D SGM:FgCheckThread: noteResumeComponent(), received pkgName: com.weejobs.app, userId: 0
03-31 13:16:54.645  2349  3005 D SGM:FgCheckThread: onLooperPrepared(), msg: MSG_APP_RESUME, pkgName: com.weejobs.app, userid: 0
03-31 13:16:54.645  2349  3005 D SGM:FgCheckThread: handleResume().
03-31 13:16:54.645  2349  3005 D SGM:FgCheckThread:   handleResume(). same package with Prev KILL_YOURSELF. ignore
03-31 13:16:54.645  3951  4024 D SurfaceComposerClient: setCornerRadius ## Task=1617#27445 cornerRadius=63.000000
03-31 13:16:54.647  2349  2478 D SurfaceComposerClient: [SEC_SF_EFFECTS] setBackgroundBlurRadius ## Dim Layer for - Task=1614#27439 backgroundBlurRadius=0
03-31 13:16:54.647  1676  2178 I SurfaceFlinger: id=27457 createSurf, flag=20004, Dim Layer for - Task=1614#27457
03-31 13:16:54.647  2349  3140 D BackgroundInstallControlService: Package event received: 0
03-31 13:16:54.651  2349  2474 D ActivityManager: !@AM_BOOT_PROGRESS , ensureBootCompleted booting:false /enableScreen:false /caller:com.android.server.am.ActivityManagerService.ensureBootCompleted:47 com.android.server.am.ActivityManagerService$UiHandler.handleMessage$com$android$server$am$ActivityManagerService$UiHandler:614 
03-31 13:16:54.653 10363 10363 I DMASA[D]: [FCDetectionService]Enqueue work to FC
03-31 13:16:54.654 29218 29218 I FirebaseApp: Device unlocked: initializing all Firebase APIs for app [DEFAULT]
03-31 13:16:54.655  1676  1676 I SurfaceFlinger: [Dim Layer for - Task=1614#27457] attach to parent LayerHierarchy{RequestedLayerState{Task=1614#27392 parentId=27452 z=4} 2 children}
03-31 13:16:54.655  2349  2478 D SurfaceComposerClient: [SEC_SF_EFFECTS] setBackgroundBlurRadius ## Dim Layer for - Task=1614#27439 backgroundBlurRadius=0
03-31 13:16:54.655  2349  2478 D SurfaceComposerClient: [SEC_SF_EFFECTS] setBackgroundBlurRadius ## Dim Layer for - Task=1614#27457 backgroundBlurRadius=0
03-31 13:16:54.656  2349  2478 D SurfaceComposerClient: [SEC_SF_EFFECTS] setBackgroundBlurRadius ## Dim Layer for - Task=1614#27457 backgroundBlurRadius=0
03-31 13:16:54.657  3951  4024 D SurfaceComposerClient: setCornerRadius ## Task=1617#27445 cornerRadius=63.000000
03-31 13:16:54.657  2349  5247 W JobInfo : Job 'com.sec.android.diagmonagent/.dma.dropbox.FCDetectionService#11419' has a deadline with no functional constraints. The deadline won't improve job execution latency. Consider removing the deadline.
03-31 13:16:54.659  2349  2482 D ActivityManager: sync unfroze 27348 com.samsung.android.dqagent for 3
03-31 13:16:54.663 29218 29218 I FirebaseInitProvider: FirebaseApp initialization successful
03-31 13:16:54.663  1676  1676 E SurfaceFlinger: alpha changed 1.000 -> 0.000 - Dim Layer for - Task=1614#27457
03-31 13:16:54.663  1676  1676 I SurfaceFlinger: RequestedLayer [Dim Layer for - Task=1614#27457] hidden!! flag  from(1) --> to(0)
03-31 13:16:54.663  1676  1676 E SurfaceFlinger: alpha changed 0.000 -> 0.000 - Dim Layer for - Task=1614#27457
03-31 13:16:54.663  1676  1676 I SurfaceFlinger: [LayerHierarchy{RequestedLayerState{Dim Layer for - Task=1614#27457 parentId=50 relativeParentId=27397 z=-1} no children}] reparent to LayerHierarchy{RequestedLayerState{Display 0 name="Built-in Screen"#50} 8 children}
03-31 13:16:54.663  1676  1676 I SurfaceFlinger: [LayerHierarchy{RequestedLayerState{Dim Layer for - Task=1614#27457 parentId=50 relativeParentId=27397 z=-1} no children}] RelativeParent to LayerHierarchy{RequestedLayerState{c7a706d com.samsung.android.lool/com.samsung.android.sm.iafd.dialog.AppErrorDialogActivity#27397 parentId=27393 z=1} 3 children}
03-31 13:16:54.665  3951  4024 D SurfaceComposerClient: setCornerRadius ## Task=1617#27445 cornerRadius=63.000000
03-31 13:16:54.665  2349  3458 D PackageManager: setEnabledSetting : userId = 0 packageName = com.samsung.cmh cmp = androidx.work.impl.background.systemjob.SystemJobService newState = 1 callingPackage = com.samsung.cmh
03-31 13:16:54.666  2349  3458 D ApplicationPolicy: getApplicationStateEnabled : pkg = com.samsung.cmh userId : 0
03-31 13:16:54.666  2349  3458 D ApplicationPolicy: getApplicationComponentState : pkg = com.samsung.cmh userId : 0
03-31 13:16:54.667  2349  2478 D SurfaceComposerClient: [SEC_SF_EFFECTS] setBackgroundBlurRadius ## Dim Layer for - Task=1614#27439 backgroundBlurRadius=0
03-31 13:16:54.667  2349  2478 D SurfaceComposerClient: [SEC_SF_EFFECTS] setBackgroundBlurRadius ## Dim Layer for - Task=1614#27457 backgroundBlurRadius=0
03-31 13:16:54.668 29218 29218 I CMHProvider: [#CMH#] onCreate 
03-31 13:16:54.668 29218 29218 I DatabaseManager: [#CMH#] DatabaseManager ctor 
03-31 13:16:54.671 10397 10397 I SDHMS:PowerAnomaly:Gatherer:AppError: update AppError : uid=10789, pkg=com.weejobs.app, errorType=crash
03-31 13:16:54.672  2349  2478 D SurfaceComposerClient: [SEC_SF_EFFECTS] setBackgroundBlurRadius ## Dim Layer for - Task=1614#27439 backgroundBlurRadius=0
03-31 13:16:54.672  1676  1676 E SurfaceFlinger: alpha changed 0.000 -> 0.007 - Dim Layer for - Task=1614#27457
03-31 13:16:54.674  2349  2478 D SurfaceComposerClient: [SEC_SF_EFFECTS] setBackgroundBlurRadius ## Dim Layer for - Task=1614#27457 backgroundBlurRadius=0
03-31 13:16:54.675  2349  5762 D InputDispatcher: Focus entered window (0): c7a706d com.samsung.android.lool/com.samsung.android.sm.iafd.dialog.AppErrorDialogActivity
03-31 13:16:54.677  3951  4024 D SurfaceComposerClient: setCornerRadius ## Task=1617#27445 cornerRadius=63.000000
03-31 13:16:54.678 26731 26731 I ImeFocusController: onPreWindowFocus: skipped hasWindowFocus=true mHasImeFocus=false
