--------- beginning of main
03-31 13:23:52.341  9332  9332 D BoundBrokerSvc: onBind: Intent { act=com.google.android.gms.feedback.internal.IFeedbackService dat=chimera-action:/... xflg=0x4 cmp=com.google.android.gms/.chimera.GmsBoundBrokerService }
03-31 13:23:52.341  9332  9332 D BoundBrokerSvc: Loading bound service for intent: Intent { act=com.google.android.gms.feedback.internal.IFeedbackService dat=chimera-action:/... xflg=0x4 cmp=com.google.android.gms/.chimera.GmsBoundBrokerService }
03-31 13:23:52.342  2349  5485 W ParceledListSlice: Element #769 is 16604 bytes.
03-31 13:23:52.350  9332 15892 I Icing   : Usage reports ok 1, Failed Usage reports 0, indexed 0, rejected 0
03-31 13:23:52.351  9332 15892 I Icing   : Indexing com.google.android.gms-apps from com.google.android.gms
03-31 13:23:52.354 15803 15910 I Finsky  : [323] AIM: AppInfoManager-Perf > getApps > data collection finished
03-31 13:23:52.354 15803 15910 I Finsky  : [323] AIM: AppInfoManager-Perf > maybeDestroyAppInfoManager is called. actives = 1
03-31 13:23:52.355 15803 15910 I Finsky  : [323] AIM: AppInfoManager-Perf > getApps > data collection finished
03-31 13:23:52.355 15803 15910 I Finsky  : [323] AIM: AppInfoManager-Perf > maybeDestroyAppInfoManager is called. actives = 0
--------- beginning of system
03-31 13:23:52.359  2349  3002 D MagnificationConnectionManager: requestConnection :false mConnectionState : 3
03-31 13:23:52.359  2349  3002 W MagnificationConnectionManager: requestConnection duplicated request: connect=false, mConnectionState=DISCONNECTED
03-31 13:23:52.363  9332 24931 I Icing   : IndexChimeraService.getServiceInterface callingPackage=com.google.android.gms componentName=null serviceId=30
03-31 13:23:52.364  2349  3462 W ParceledListSlice: Element #933 is 17188 bytes.
03-31 13:23:52.393  1676  3514 D DisplayModeController: setDesiredMode 4630946213010294403 {mode={fps=24.00 Hz, modePtr={id=5, vsyncRate=24.00 Hz, peakRefreshRate=24.00 Hz}}, emitEvent=false, force=false}
03-31 13:23:52.394  1676  1676 I LayerHistory: com.sec.android.app.launcher/com.sec.android.app.launcher.activities.LauncherActivity$_4276#27302 voted ExplicitCategory with category: HighHint
03-31 13:23:52.394  1676  1676 I SurfaceFlinger: Idle - choose 24.00 Hz
03-31 13:23:52.394  1676  1676 I HWComposer: [4630946213010294403] ActiveConfigToHWC, ID : 8
03-31 13:23:52.394  4676  4724 I id.ext.services: Background young concurrent mark compact GC freed 22MB AllocSpace bytes, 91(2680KB) LOS objects, 87% free, 3434KB/27MB, paused 343us,849us total 102.786ms
03-31 13:23:52.394  4676  4724 W id.ext.services: Reducing the number of considered missed Gc histogram windows from 952 to 100
03-31 13:23:52.394  1584  1806 I SDM     : HWCDisplay::SubmitDisplayConfig: [DispConfigs] config 0 => 8, hs_mode 1 => 1
03-31 13:23:52.394  1584  1806 I SDM     : HWDeviceDRM::SetDisplaySwitchMode: [DispConfigs] check hs_mode 1
03-31 13:23:52.394  1584  1806 I SDM     : HWDeviceDRM::SetDisplaySwitchMode: [DispConfigs] Set mode index:8 904x2316x24xcmdHS, hs_mode(1), found_mode(1)
03-31 13:23:52.394  1584  1806 I SDM     : HWDeviceDRM::UpdateMixerAttributes: Mixer WxH 904x2316-1 for Peripheral
03-31 13:23:52.395  1584  1806 I SDM     : HWCDisplay::SubmitDisplayConfig: Active configuration changed from config 0 to 8
03-31 13:23:52.398  1676  1885 I VSyncReactor: Current= 120, Period= 24, hwcPeriod= 24
03-31 13:23:52.398  1676  1676 I SurfaceFlinger: finalizeDisplayModeChange 4630946213010294403
03-31 13:23:52.406  1676  1885 I VSyncReactor: Current= 24, Period= 24, Distance= 5
03-31 13:23:52.407  2349  2481 I SGM:GameManager: PkgUpdateReceiver, onReceive(), action=android.intent.action.PACKAGE_ADDED, userId=0
03-31 13:23:52.407  2349  2481 I SGM:GameManager: PkgUpdateReceiver, onPackageAdded : com.weejobs.app userHandle : UserHandle{0} userId : 0
03-31 13:23:52.407  2349  2481 D SGM:GosNotifyThread: sendPackageMessage(), changeType=0, pkgName=com.weejobs.app, userHandleId=0
03-31 13:23:52.407  2349  2481 I SGM:GameManager: PkgUpdateReceiver, com.samsung.android.game.gos is enabled : true
03-31 13:23:52.407  2349  3006 D SGM:GosNotifyThread: notifyPackageChangedToGos(), before send intent to GOS. type:15, changeType: 0, pkgName:com.weejobs.app, userHandleId:0
03-31 13:23:52.407  2349  3006 D SGM:PmAppCategoryManager: getManifestCategory(), manifestCategory=-1, packageName=com.weejobs.app
03-31 13:23:52.407  2349  3006 D SGM:PmAppCategoryManager: getCategoryOverride(), categoryOverride=-1, packageName=com.weejobs.app
03-31 13:23:52.407  2349  3006 I SGM:GosNotifyThread: notifyPackageChangedToGos(), category from pm: com.weejobs.app, [-1/-1]
03-31 13:23:52.410  2349  3140 D BackgroundInstallControlService: Package event received: 0
03-31 13:23:52.410  2349  3006 D SGM:GosNotifyThread: notifyPackageChangedToGos(), after send intent to GOS. ComponentInfo{com.samsung.android.game.gos/com.samsung.android.game.gos.service.GameIntentService}
03-31 13:23:52.415  9332 15892 I Icing   : Usage reports ok 0, Failed Usage reports 0, indexed 0, rejected 0
03-31 13:23:52.417 24484 31711 I GOS:GameIntentService: onHandleIntent. GameIntentService. type: 15, pkgName: com.weejobs.app
03-31 13:23:52.417  2349  2976 D SGM:GameManager: getVersion.
03-31 13:23:52.419  9332 15892 I Icing   : Indexing done com.google.android.gms-apps
03-31 13:23:52.422  9332 15892 I Icing   : Indexing com.google.android.gms-apps from com.google.android.gms
03-31 13:23:52.423  9332 15892 I Icing   : Indexing done com.google.android.gms-apps
03-31 13:23:52.428  1665  1688 E HeatmapThread: ECT Thread time in milliseconds: 1774988632
03-31 13:23:52.428  1665  1688 D HeatmapThread: !@ batteryplugType : 0
03-31 13:23:52.428  1665  1688 D HeatmapThread: !@ batteryLevel : 0  batteryTemperature : 0 
03-31 13:23:52.428  1665  1688 D HeatmapThread: !@ Heatmap currtime: 29583143
03-31 13:23:52.428  1665  1688 D HeatmapThread: !@ Heatmap prevtime: 29583123
03-31 13:23:52.429  1665  1688 D HeatmapThread: !@ Heatmap plugstarttime: 35791394
03-31 13:23:52.429  1665  1688 D HeatmapThread: !@ Heatmap prevv_dsoh_update_time: 29571275
03-31 13:23:52.429  1665  1688 E HeatmapThread: !@Could not open '/efs/FactoryApp/bsoh', errno = 13
03-31 13:23:52.429  1665  1688 E HeatmapThread: !@ CAM Could not access BSOH EFS
03-31 13:23:52.429  1665  1688 E HeatmapThread: !@ CAM New BSOH: 0
03-31 13:23:52.429 11664 11664 I Routine@Core[4.9.04.16]: Pref: putSharedPrefsData: key=pref_metaloader_status, data.size=9
03-31 13:23:52.431  2349 10262 E AppSearchAppIndxrImpl: Certificate not found for package: org.chromium.webapk.ac9c3ef6542a89860_v2
03-31 13:23:52.431  2349 10262 E AppSearchAppIndxrImpl: Certificate not found for package: org.chromium.webapk.a8b006f580b20d181_v2
03-31 13:23:52.431  2349 10262 E AppSearchAppIndxrImpl: Certificate not found for package: org.chromium.webapk.a0b19cb30817c817c_v2
03-31 13:23:52.431  2349 10262 E AppSearchAppIndxrImpl: Certificate not found for package: org.chromium.webapk.a222fe96b1fde214f_v2
03-31 13:23:52.432  2349 10262 E AppSearchAppIndxrImpl: Certificate not found for package: org.chromium.webapk.af109960ccde79705_v2
03-31 13:23:52.432  2349 10262 E AppSearchAppIndxrImpl: Certificate not found for package: org.chromium.webapk.abafafe13520c2a12_v2
03-31 13:23:52.432  2349 10262 E AppSearchAppIndxrImpl: Certificate not found for package: org.chromium.webapk.abf5655685fb92359_v2
03-31 13:23:52.432  2349 10262 E AppSearchAppIndxrImpl: Certificate not found for package: org.chromium.webapk.a2b2180f4b5c6edb1_v2
03-31 13:23:52.432  2349 10262 E AppSearchAppIndxrImpl: Certificate not found for package: org.chromium.webapk.a6301029d958406ff_v2
03-31 13:23:52.432  2349 10262 E AppSearchAppIndxrImpl: Certificate not found for package: org.chromium.webapk.a937d1635471ae692_v2
03-31 13:23:52.432  2349 10262 E AppSearchAppIndxrImpl: Certificate not found for package: org.chromium.webapk.a2951e61e76d70f7d_v2
03-31 13:23:52.432  2349 10262 E AppSearchAppIndxrImpl: Certificate not found for package: org.chromium.webapk.aae401e41b54f3ad2_v2
03-31 13:23:52.432  2349 10262 E AppSearchAppIndxrImpl: Certificate not found for package: org.chromium.webapk.aa43775f2e890a68c_v2
03-31 13:23:52.432  2349 10262 E AppSearchAppIndxrImpl: Certificate not found for package: org.chromium.webapk.a18645508f013e28b_v2
03-31 13:23:52.432  2349 10262 E AppSearchAppIndxrImpl: Certificate not found for package: org.chromium.webapk.abc48a3fd27e34c96_v2
03-31 13:23:52.432  2349 10262 E AppSearchAppIndxrImpl: Certificate not found for package: org.chromium.webapk.a1d7b2a9b4137bf9a_v2
03-31 13:23:52.432  2349 10262 E AppSearchAppIndxrImpl: Certificate not found for package: org.chromium.webapk.ac94bfa2a2c253a91_v2
03-31 13:23:52.432  2349 10262 E AppSearchAppIndxrImpl: Certificate not found for package: org.chromium.webapk.a212a6f135ab516f9_v2
03-31 13:23:52.433  2349 10262 E AppSearchAppIndxrImpl: Certificate not found for package: org.chromium.webapk.a5182199374ca67b0_v2
03-31 13:23:52.433  2349 10262 E AppSearchAppIndxrImpl: Certificate not found for package: org.chromium.webapk.af4fa275ed6742c25_v2
03-31 13:23:52.433  2349 10262 E AppSearchAppIndxrImpl: Certificate not found for package: org.chromium.webapk.a9170f781fa195a5f_v2
03-31 13:23:52.433  2349 10262 E AppSearchAppIndxrImpl: Certificate not found for package: org.chromium.webapk.a3638b0f226a6ad9e_v2
03-31 13:23:52.433  2349 10262 E AppSearchAppIndxrImpl: Certificate not found for package: org.chromium.webapk.af51b3fe40dfd90bb_v2
03-31 13:23:52.433  2349 10262 E AppSearchAppIndxrImpl: Certificate not found for package: org.chromium.webapk.abf62db244a826361_v2
03-31 13:23:52.433  2349 10262 E AppSearchAppIndxrImpl: Certificate not found for package: org.chromium.webapk.a0396022db1ee797b_v2
03-31 13:23:52.433  2349 10262 E AppSearchAppIndxrImpl: Certificate not found for package: org.chromium.webapk.af882b95f1de5646a_v2
03-31 13:23:52.433  2349 10262 E AppSearchAppIndxrImpl: Certificate not found for package: org.chromium.webapk.a3f6df082e18a6a02_v2
03-31 13:23:52.433  2349 10262 E AppSearchAppIndxrImpl: Certificate not found for package: org.chromium.webapk.a2c9c7487ddfed42f_v2
03-31 13:23:52.433  2349 10262 E AppSearchAppIndxrImpl: Certificate not found for package: org.chromium.webapk.a2aa37e3d8646f0f4_v2
03-31 13:23:52.437  9280  9280 I AccountReloadObserver: [C] received action: android.intent.action.PACKAGE_REMOVED, dat: package:com.weejobs.app
03-31 13:23:52.437  9280  9280 I AccountReloadObserver: [C] request reload: 3
03-31 13:23:52.437  9280  9304 I AccountTypeModel: [C] account reload start: 3
03-31 13:23:52.443  1676  1885 I VSyncReactor: Current= 24, Period= 24, Distance= 27
03-31 13:23:52.443  9280  9280 I AccountReloadObserver: [C] received action: android.intent.action.PACKAGE_ADDED, dat: package:com.weejobs.app
03-31 13:23:52.443  9280  9280 I AccountReloadObserver: [C] request reload: 3
03-31 13:23:52.444 11664 11664 I Routine@Core[4.9.04.16]: RoutineService: onDestroy
03-31 13:23:52.444 24953 24953 I SCS@AiSearch user 0: (PackageBroadcastReceiver) onReceive android.intent.action.PACKAGE_REMOVED
03-31 13:23:52.444 24953 24953 I SCS@AiSearch user 0: (PackageBroadcastReceiver) packageName: com.weejobs.app
03-31 13:23:52.445 24953 24953 I SCS@AiSearch user 0: (PackageBroadcastReceiver) Packages changed: com.weejobs.app
03-31 13:23:52.445 24953 24953 I SCS@AiSearch user 0: (AppsDataObserver) scheduling worker CMD_UPDATE_LIST
03-31 13:23:52.445 24953 24953 I SCS@AiSearch user 0: (PackageBroadcastReceiver) onReceive android.intent.action.PACKAGE_ADDED
03-31 13:23:52.445 24953 24953 I SCS@AiSearch user 0: (PackageBroadcastReceiver) packageName: com.weejobs.app
03-31 13:23:52.445 24953 24953 I SCS@AiSearch user 0: (PackageBroadcastReceiver) Packages changed: com.weejobs.app
03-31 13:23:52.445 24953 24953 I SCS@AiSearch user 0: (AppsDataObserver) scheduling worker CMD_UPDATE_LIST
03-31 13:23:52.448 11664 11664 I Routine@Core[4.9.04.16]: MetadataLoaderJobService: onStartJob: collectPackageInBG - com.weejobs.app
03-31 13:23:52.449 11664 11664 I Routine@Core[4.9.04.16]: MetadataSyncHistory: isMetaDataSyncedWithVersion: latest=dcfeca94e59922de043a92f2a637291a878ecefe, currentVersion=dcfeca94e59922de043a92f2a637291a878ecefe
03-31 13:23:52.449 11664 11664 I Routine@Core[4.9.04.16]: MetadataSyncHistory: isMetaDataSyncedWithVersion: latest=dcfeca94e59922de043a92f2a637291a878ecefe, currentVersion=dcfeca94e59922de043a92f2a637291a878ecefe
03-31 13:23:52.449 11664 11664 I Routine@Core[4.9.04.16]: MetadataLoaderJobService: packageName : com.weejobs.app, forced : true
03-31 13:23:52.449 11664 11664 I Routine@Core[4.9.04.16]: Pref: putSharedPrefsData: key=pref_metaloader_status, data.size=7
03-31 13:23:52.450 23172 23172 I AiPrivacy::AppEventReceiver: com.weejobs.app Uninstalled !!!
03-31 13:23:52.450 23172 23172 I AiPrivacy::AppEventReceiver: com.weejobs.app Installed !!!
03-31 13:23:52.450  2349  3466 D SecContentProvider: query(), uri = 30 selection = isLocalContactStorageAllowed
03-31 13:23:52.450  2349  3466 D SecContentProvider: called from com.samsung.android.app.contacts
03-31 13:23:52.450  2349  3466 D RestrictionPolicy: isLocalContactStorageAllowed
03-31 13:23:52.450  2349  3466 D RestrictionPolicy: isLocalContactStorageAllowed(0) : true
03-31 13:23:52.453  2349 10694 D PackageManager: setEnabledSetting : userId = 0 packageName = com.samsung.android.scs cmp = androidx.work.impl.background.systemalarm.RescheduleReceiver newState = 1 callingPackage = com.samsung.android.scs
03-31 13:23:52.453  2349 10694 D ApplicationPolicy: getApplicationStateEnabled : pkg = com.samsung.android.scs userId : 0
03-31 13:23:52.453  2349 10694 D ApplicationPolicy: getApplicationComponentState : pkg = com.samsung.android.scs userId : 0
03-31 13:23:52.454 11664 11718 I Routine@Core[4.9.04.16]: MetadataSyncHistory: isMetaDataSyncedWithVersion: latest=dcfeca94e59922de043a92f2a637291a878ecefe, currentVersion=dcfeca94e59922de043a92f2a637291a878ecefe
03-31 13:23:52.458  9280  9304 I CscFeatureUtil: [C] getOpStyleVariation mOpStyleVariation (CAN)
03-31 13:23:52.458  9280  9304 I CscFeatureUtil: [C] getOpStyleVariation mOpStyleVariation (CAN)
03-31 13:23:52.458  9280  9304 I AccountTypeLoader: [C] add secure accounts (Knox:false, table:false)
03-31 13:23:52.458  9280  9304 I CscFeatureUtil: [C] getOpStyleVariation mOpStyleVariation (CAN)
03-31 13:23:52.458  9280  9304 I CscFeatureUtil: [C] getOpStyleVariation mOpStyleVariation (CAN)
03-31 13:23:52.460 11664 12096 I Routine@Core[4.9.04.16]: MetadataLoadManager: asyncCollectPackage
03-31 13:23:52.467 11664 11664 I Routine@Core[4.9.04.16]: Pref: putSharedPrefsData: key=routine_meta_data_loading_statue, data.size=8
03-31 13:23:52.468 11664 12096 I Routine@Core[4.9.04.16]: MetadataLoadManager: collect: com.weejobs.app
03-31 13:23:52.469 11664 12096 I Routine@Core[4.9.04.16]: MetadataLoadManager: collectWithCollectors - Collect Start! package = com.weejobs.app
03-31 13:23:52.472 11664 12096 I Routine@Core[4.9.04.16]: WatchMetaDataCollector: collect - packageName :com.weejobs.app
03-31 13:23:52.474 11664 11709 I Routine@Core[4.9.04.16]: MetadataSyncHistory: isMetaDataSyncedWithVersion: latest=dcfeca94e59922de043a92f2a637291a878ecefe, currentVersion=dcfeca94e59922de043a92f2a637291a878ecefe
03-31 13:23:52.479 11664 11664 I Routine@Core[4.9.04.16]: DatabaseJobIntentService: Stop no more task
03-31 13:23:52.480 11664 27237 I Routine@Core[4.9.04.16]: WatchMetaDataCollector: collect - wearConditionMetas size = 0
03-31 13:23:52.484 27012 27122 W JobInfo : Requested important-while-foreground flag for job5509 is ignored and takes no effect
03-31 13:23:52.484  1676  1885 I VSyncReactor: Current= 24, Period= 24, Distance= 24
03-31 13:23:52.485  3951  3964 I ndroid.systemui: Background concurrent mark compact GC freed 5381KB AllocSpace bytes, 1(20KB) LOS objects, 46% free, 56MB/104MB, paused 594us,3.962ms total 550.087ms
03-31 13:23:52.486  2349  3462 I ActivityManager: Changes in 10371 10 to 8, 0 to 128
03-31 13:23:52.486  4276 28474 I SearchEngineAppSuggestion: packageUpdateEvent: com.honeyspace.sdk.source.entity.PackageOperation$Changed@198f9f6
03-31 13:23:52.486  4276 28474 I SearchEngineAppSuggestion: package changed: com.weejobs.app
03-31 13:23:52.487  4276 28474 I SearchEngine: isComponentInApps() packageName : host.exp.exponent / className : host.exp.exponent.experience.HomeActivity / userId : 0 / enable true / enabledSetting 0
03-31 13:23:52.487  4276 28474 I SearchEngine: isComponentInApps() packageName : host.exp.exponent / className : host.exp.exponent.experience.HomeActivity / userId : 0 / enable true / enabledSetting 0
03-31 13:23:52.487  4276 28474 I SearchEngine: isComponentInApps() packageName : com.google.android.apps.bard / className : com.google.android.apps.bard.shellapp.BardEntryPointActivity / userId : 0 / enable true / enabledSetting 1
03-31 13:23:52.487  4276 28474 I SearchEngine: isComponentInApps() packageName : com.facebook.katana / className : com.facebook.katana.LoginActivity / userId : 0 / enable true / enabledSetting 0
03-31 13:23:52.487  4276 28474 I SearchEngine: isComponentInApps() packageName : com.facebook.katana / className : com.facebook.katana.LoginActivity / userId : 0 / enable true / enabledSetting 0
03-31 13:23:52.488  4276 28474 I SearchEngine: isComponentInApps() packageName : com.google.android.youtube / className : com.google.android.youtube.app.honeycomb.Shell$HomeActivity / userId : 0 / enable true / enabledSetting 1
03-31 13:23:52.488  4276 28474 I SearchEngine: isComponentInApps() packageName : com.facebook.katana / className : com.facebook.katana.LoginActivity / userId : 0 / enable true / enabledSetting 0
03-31 13:23:52.488  4276 28474 I SearchEngine: isComponentInApps() packageName : com.github.android / className : com.github.android.main.MainActivity / userId : 0 / enable true / enabledSetting 0
03-31 13:23:52.488  4276 28474 I SearchEngine: isComponentInApps() packageName : com.facebook.katana / className : com.facebook.katana.LoginActivity / userId : 0 / enable true / enabledSetting 0
03-31 13:23:52.488  4276 28474 I SearchEngine: isComponentInApps() packageName : com.github.android / className : com.github.android.main.MainActivity / userId : 0 / enable true / enabledSetting 0
03-31 13:23:52.488  4276 28474 I SearchEngine: isComponentInApps() packageName : com.github.android / className : com.github.android.main.MainActivity / userId : 0 / enable true / enabledSetting 0
03-31 13:23:52.489  4276 28474 I SearchEngine: isComponentInApps() packageName : com.amazon.mShop.android.shopping / className : com.amazon.mShop.home.HomeActivity / userId : 0 / enable true / enabledSetting 0
03-31 13:23:52.489  1676  1799 I SurfaceFlinger: id=27275 Removed Task=1610#27275 (194)
03-31 13:23:52.489  1676  1799 I SurfaceFlinger: id=27312 Removed Task=1611#27312 (194)
03-31 13:23:52.489  1676  1799 I SurfaceFlinger: id=27325 Removed Task=1612#27325 (194)
03-31 13:23:52.489  1676  1799 I SurfaceFlinger: id=27379 Removed Task=1613#27379 (194)
03-31 13:23:52.489  1676  1799 I SurfaceFlinger: id=27409 Removed Task=1615#27409 (194)
03-31 13:23:52.489  1676  2180 I SurfaceFlinger: id=27427 Removed Task=1616#27427 (194)
03-31 13:23:52.490  1676  2180 I SurfaceFlinger: id=27445 Removed Task=1617#27445 (194)
03-31 13:23:52.490  1676  2180 I SurfaceFlinger: id=27392 Removed Task=1614#27392 (194)
03-31 13:23:52.490  1676  2177 I SurfaceFlinger: id=27472 Removed Task=1618#27472 (194)
03-31 13:23:52.490  4276 28474 I SearchEngine: isComponentInApps() packageName : com.facebook.katana / className : com.facebook.katana.LoginActivity / userId : 0 / enable true / enabledSetting 0
03-31 13:23:52.490  4276 28474 I SearchEngine: isComponentInApps() packageName : com.enccollect.app / className : com.enccollect.app.MainActivity / userId : 0 / enable true / enabledSetting 0
03-31 13:23:52.490  1676  3514 D DisplayModeController: setDesiredMode 4630946213010294403 {mode={fps=120.00 Hz, modePtr={id=0, vsyncRate=120.00 Hz, peakRefreshRate=120.00 Hz}}, emitEvent=true, force=false}
03-31 13:23:52.491  4276 28474 I SearchEngine: isComponentInApps() packageName : com.dji.overSeaStore / className : com.dji.store.activity.StartActivity / userId : 0 / enable true / enabledSetting 0
03-31 13:23:52.491  4276 28474 I SearchEngine: isComponentInApps() packageName : com.google.android.apps.youtube.music / className : com.google.android.apps.youtube.music.activities.MusicActivity / userId : 0 / enable true / enabledSetting 0
03-31 13:23:52.491  4276 28474 I SearchEngine: isComponentInApps() packageName : com.google.android.youtube / className : com.google.android.youtube.app.honeycomb.Shell$HomeActivity / userId : 0 / enable true / enabledSetting 1
03-31 13:23:52.491  4276 28474 I SearchEngine: isComponentInApps() packageName : com.google.android.youtube / className : com.google.android.youtube.app.honeycomb.Shell$HomeActivity / userId : 0 / enable true / enabledSetting 1
03-31 13:23:52.491  4276 28474 I SearchEngine: isComponentInApps() packageName : com.google.android.apps.authenticator2 / className : com.google.android.apps.authenticator2.main.MainActivity / userId : 0 / enable true / enabledSetting 0
03-31 13:23:52.492  4276 28474 I SearchEngine: isComponentInApps() packageName : com.renpho.health / className : com.renpho.health.SplashActivity / userId : 0 / enable true / enabledSetting 0
03-31 13:23:52.492  4276 28474 I HoneySpace.SuggestAppDecor: cellX : 3
03-31 13:23:52.492  4276 28474 I ResultDataManager: Results: keys=SUGGESTED_APPS, SUGGESTED_TAG, SUGGESTED_DIRECTORY, HISTORY_KEYWORD
03-31 13:23:52.493  4276 28474 I SearchEngine: query: reTriggered: [emit] 16 SUGGESTED_APPS takes 6 contents=[6]
03-31 13:23:52.493  4276 28474 I HoneySpace.ContentsViewModel: observed com.honeyspace.search.ui.honeypot.presentation.content.ContentsViewModel@67bc9ea
03-31 13:23:52.493  4276 28474 I HoneySpace.ContentsViewModel: result onUpdated: SUGGESTED_APPS_
03-31 13:23:52.493  4276 28474 I HoneySpace.ContentsViewModel: result onRemoved: SUGGESTED_APPS_
03-31 13:23:52.493  4276 28474 I HoneySpace.ContentsViewModel: result onAdded: SUGGESTED_APPS_
03-31 13:23:52.493  4276 30941 I HoneySpace.AppTimerDataSourceImpl: items: 1
03-31 13:23:52.494  4276 27059 I HoneySpace.BadgeDataSourceImpl: Get notification count. PK(p='com.facebook.katana', u=UserHandle{0}) - forceBadgeCount: false, notification listener: 2, badge provider: 30
03-31 13:23:52.494  4276 28928 I HoneySpace.AppTimerDataSourceImpl: items: 1
03-31 13:23:52.494  4276 30943 I HoneySpace.AppTimerDataSourceImpl: items: 1
03-31 13:23:52.494  4276 31043 I HoneySpace.BadgeDataSourceImpl: Get notification count. PK(p='com.google.android.youtube', u=UserHandle{0}) - forceBadgeCount: false, notification listener: 2, badge provider: 788
03-31 13:23:52.494  4276 31043 I HoneySpace.AppTimerDataSourceImpl: items: 1
03-31 13:23:52.494  4276 31042 I HoneySpace.AppTimerDataSourceImpl: items: 1
03-31 13:23:52.495  4276 27059 I HoneySpace.AppTimerDataSourceImpl: items: 1
03-31 13:23:52.495  4276 28474 I ContentsUI: onUpdate: with 150 [z2.a@1a306c9, z2.a@7bb8623, z2.a@256989f, z2.a@b599dec]
03-31 13:23:52.495  4276 28474 I ContentsUI: before Latch : Normal
03-31 13:23:52.495  4276 28474 I ContentsUI: request post
03-31 13:23:52.495  4276 28474 I HoneySpace.ContentsViewModel: handleResults com.honeyspace.search.ui.honeypot.presentation.content.ContentsViewModel@67bc9ea
03-31 13:23:52.496 11664 11664 I Routine@Core[4.9.04.16]: MetadataSyncHistory: isMetaDataSyncedWithVersion: latest=dcfeca94e59922de043a92f2a637291a878ecefe, currentVersion=dcfeca94e59922de043a92f2a637291a878ecefe
03-31 13:23:52.497 10998 10998 I Notification4Water_AM: NotificationAppsDatabase::c6a699e3.save->>> Enter <<<
03-31 13:23:52.497 10998 10998 I Notification4Water_AM: WatchAppsUtils.setWatchAppsMap-Update appsMap!
03-31 13:23:52.497 10998 10998 I Notification4Water_AM: WatchAppsUtils.setWatchAppsMap-Update [call => true]
03-31 13:23:52.497 10998 10998 I Notification4Water_AM: WatchAppsUtils.setWatchAppsMap-Update [com.google.android.cellbroadcastreceiver => true]
03-31 13:23:52.497 10998 10998 I Notification4Water_AM: WatchAppsUtils.setWatchAppsMap-Update [com.android.chrome => false]
03-31 13:23:52.497 10998 10998 I Notification4Water_AM: WatchAppsUtils.setWatchAppsMap-Update [com.android.vending => true]
03-31 13:23:52.497 10998 10998 I Notification4Water_AM: WatchAppsUtils.setWatchAppsMap-Update [com.google.android.apps.maps => true]
03-31 13:23:52.497 10998 10998 I Notification4Water_AM: WatchAppsUtils.setWatchAppsMap-Update [com.google.android.apps.messaging => false]
03-31 13:23:52.497 10998 10998 I Notification4Water_AM: WatchAppsUtils.setWatchAppsMap-Update [com.google.android.apps.tachyon => false]
03-31 13:23:52.497 10998 10998 I Notification4Water_AM: WatchAppsUtils.setWatchAppsMap-Update [com.google.android.gm => false]
03-31 13:23:52.497 10998 10998 I Notification4Water_AM: WatchAppsUtils.setWatchAppsMap-Update [com.google.android.youtube => false]
03-31 13:23:52.498 10998 10998 I Notification4Water_AM: WatchAppsUtils.setWatchAppsMap-Update [com.samsung.android.app.contacts => false]
03-31 13:23:52.498 10998 10998 I Notification4Water_AM: WatchAppsUtils.setWatchAppsMap-Update [com.samsung.android.bixby.agent => true]
03-31 13:23:52.498 10998 10998 I Notification4Water_AM: WatchAppsUtils.setWatchAppsMap-Update [com.samsung.android.calendar => true]
03-31 13:23:52.498 10998 10998 I Notification4Water_AM: WatchAppsUtils.setWatchAppsMap-Update [com.samsung.android.messaging => false]
03-31 13:23:52.498 10998 10998 I Notification4Water_AM: WatchAppsUtils.setWatchAppsMap-Update [com.samsung.knox.securefolder => false]
03-31 13:23:52.498 10998 10998 I Notification4Water_AM: WatchAppsUtils.setWatchAppsMap-Update [com.sec.android.app.camera => false]
03-31 13:23:52.498 10998 10998 I Notification4Water_AM: WatchAppsUtils.setWatchAppsMap-Update [com.sec.android.app.sbrowser => false]
03-31 13:23:52.498 10998 10998 I Notification4Water_AM: WatchAppsUtils.setWatchAppsMap-Update [com.sec.android.gallery3d => false]
03-31 13:23:52.498 10998 10998 I Notification4Water_AM: WatchAppsUtils.setWatchAppsMap-Update [ca.radioplayer.android => false]
03-31 13:23:52.498 10998 10998 I Notification4Water_AM: WatchAppsUtils.setWatchAppsMap-Update [ca.walmart.ecommerceapp => false]
03-31 13:23:52.498 10998 10998 I Notification4Water_AM: WatchAppsUtils.setWatchAppsMap-Update [cc.diffusion.progression.android.intelcom => false]
03-31 13:23:52.498 10998 10998 I Notification4Water_AM: WatchAppsUtils.setWatchAppsMap-Update [com.Slack => false]
03-31 13:23:52.498 10998 10998 I Notification4Water_AM: WatchAppsUtils.setWatchAppsMap-Update [com.affirm.central => false]
03-31 13:23:52.498 10998 10998 I Notification4Water_AM: WatchAppsUtils.setWatchAppsMap-Update [com.amazon.mp3 => false]
03-31 13:23:52.498 10998 10998 I Notification4Water_AM: WatchAppsUtils.setWatchAppsMap-Update [com.americanexpress.android.acctsvcs.ca => false]
03-31 13:23:52.498 10998 10998 I Notification4Water_AM: WatchAppsUtils.setWatchAppsMap-Update [com.dropbox.android => false]
03-31 13:23:52.499 10998 10998 I Notification4Water_AM: WatchAppsUtils.setWatchAppsMap-Update [com.google.android.apps.books => false]
03-31 13:23:52.499 10998 10998 I Notification4Water_AM: WatchAppsUtils.setWatchAppsMap-Update [com.google.android.apps.docs => false]
03-31 13:23:52.499 10998 10998 I Notification4Water_AM: WatchAppsUtils.setWatchAppsMap-Update [com.google.android.apps.docs.editors.docs => false]
03-31 13:23:52.499 10998 10998 I Notification4Water_AM: WatchAppsUtils.setWatchAppsMap-Update [com.google.android.apps.docs.editors.sheets => false]
03-31 13:23:52.499 10998 10998 I Notification4Water_AM: WatchAppsUtils.setWatchAppsMap-Update [com.google.android.apps.magazines => false]
03-31 13:23:52.499 10998 10998 I Notification4Water_AM: WatchAppsUtils.setWatchAppsMap-Update [com.google.android.apps.photos => false]
03-31 13:23:52.499 10998 10998 I Notification4Water_AM: WatchAppsUtils.setWatchAppsMap-Update [com.google.android.apps.walletnfcrel => false]
03-31 13:23:52.499 10998 10998 I Notification4Water_AM: WatchAppsUtils.setWatchAppsMap-Update [com.google.android.apps.youtube.music => false]
03-31 13:23:52.499 10998 10998 I Notification4Water_AM: WatchAppsUtils.setWatchAppsMap-Update [com.google.android.calendar => true]
03-31 13:23:52.499 10998 10998 I Notification4Water_AM: WatchAppsUtils.setWatchAppsMap-Update [com.google.android.deskclock => false]
03-31 13:23:52.499 10998 10998 I Notification4Water_AM: WatchAppsUtils.setWatchAppsMap-Update [com.google.android.music => false]
03-31 13:23:52.499 10998 10998 I Notification4Water_AM: WatchAppsUtils.setWatchAppsMap-Update [com.google.android.videos => false]
03-31 13:23:52.499 10998 10998 I Notification4Water_AM: WatchAppsUtils.setWatchAppsMap-Update [com.microsoft.emmx => false]
03-31 13:23:52.499 10998 10998 I Notification4Water_AM: WatchAppsUtils.setWatchAppsMap-Update [com.microsoft.emmx.beta => false]
03-31 13:23:52.499 10998 10998 I Notification4Water_AM: WatchAppsUtils.setWatchAppsMap-Update [com.microsoft.launcher => false]
03-31 13:23:52.499 10998 10998 I Notification4Water_AM: WatchAppsUtils.setWatchAppsMap-Update [com.microsoft.office.outlook => false]
03-31 13:23:52.500 10998 10998 I Notification4Water_AM: WatchAppsUtils.setWatchAppsMap-Update [com.paypal.android.p2pmobile => false]
03-31 13:23:52.500 10998 10998 I Notification4Water_AM: WatchAppsUtils.setWatchAppsMap-Update [com.playrix.gardenscapes => false]
03-31 13:23:52.500 10998 10998 I Notification4Water_AM: WatchAppsUtils.setWatchAppsMap-Update [com.rbc.mobile.android => false]
03-31 13:23:52.500 10998 10998 I Notification4Water_AM: WatchAppsUtils.setWatchAppsMap-Update [com.samsung.android.app.tips => false]
03-31 13:23:52.500 10998 10998 I Notification4Water_AM: WatchAppsUtils.setWatchAppsMap-Update [com.samsung.android.oneconnect => false]
03-31 13:23:52.500 10998 10998 I Notification4Water_AM: WatchAppsUtils.setWatchAppsMap-Update [com.sap.mdc.loblaw.nativ => false]
03-31 13:23:52.500 10998 10998 I Notification4Water_AM: WatchAppsUtils.setWatchAppsMap-Update [com.sec.android.app.shealth => false]
03-31 13:23:52.500 10998 10998 I Notification4Water_AM: WatchAppsUtils.setWatchAppsMap-Update [com.snapchat.android => false]
03-31 13:23:52.500 10998 10998 I Notification4Water_AM: WatchAppsUtils.setWatchAppsMap-Update [com.spotify.music => false]
03-31 13:23:52.501 10998 10998 I Notification4Water_AM: WatchAppsUtils.setWatchAppsMap-Update [com.squareup => false]
03-31 13:23:52.501 10998 10998 I Notification4Water_AM: WatchAppsUtils.setWatchAppsMap-Update [com.textmeinc.textme => false]
03-31 13:23:52.501 10998 10998 I Notification4Water_AM: WatchAppsUtils.setWatchAppsMap-Update [com.tinder => false]
03-31 13:23:52.501 10998 10998 I Notification4Water_AM: WatchAppsUtils.setWatchAppsMap-Update [com.tipranks.android => false]
03-31 13:23:52.502 10998 10998 I Notification4Water_AM: WatchAppsUtils.setWatchAppsMap-Update [com.xatori.Plugshare => false]
03-31 13:23:52.502 10998 10998 I Notification4Water_AM: WatchAppsUtils.setWatchAppsMap-Update [ecg.move.ca => false]
03-31 13:23:52.502 10998 10998 I Notification4Water_AM: WatchAppsUtils.setWatchAppsMap-Update [host.exp.exponent => false]
03-31 13:23:52.502 10998 10998 I Notification4Water_AM: WatchAppsUtils.setWatchAppsMap-Update [me.lyft.android => false]
03-31 13:23:52.502 10998 10998 I Notification4Water_AM: WatchAppsUtils.setWatchAppsMap-Update [org.khanacademy.android => false]
03-31 13:23:52.502 10998 10998 I Notification4Water_AM: WatchAppsUtils.setWatchAppsMap-Update [org.zwanoo.android.speedtest => false]
03-31 13:23:52.502 10998 10998 I Notification4Water_AM: WatchAppsUtils.setWatchAppsMap-Update [tunein.player => false]
03-31 13:23:52.502 10998 10998 I Notification4Water_AM: WatchAppsUtils.setWatchAppsMap-Update [ca.bell.selfserve.mybellmobile => false]
03-31 13:23:52.502 10998 10998 I Notification4Water_AM: WatchAppsUtils.setWatchAppsMap-Update [com.google.android.apps.accessibility.voiceaccess => false]
03-31 13:23:52.502 10998 10998 I Notification4Water_AM: WatchAppsUtils.setWatchAppsMap-Update [com.google.android.googlequicksearchbox => false]
03-31 13:23:52.502 10998 10998 I Notification4Water_AM: WatchAppsUtils.setWatchAppsMap-Update [com.microsoft.skydrive => false]
03-31 13:23:52.502 10998 10998 I Notification4Water_AM: WatchAppsUtils.setWatchAppsMap-Update [com.samsung.android.app.notes => false]
03-31 13:23:52.502 10998 10998 I Notification4Water_AM: WatchAppsUtils.setWatchAppsMap-Update [com.samsung.android.app.reminder => false]
03-31 13:23:52.502 10998 10998 I Notification4Water_AM: WatchAppsUtils.setWatchAppsMap-Update [com.samsung.android.app.routines => false]
03-31 13:23:52.502 10998 10998 I Notification4Water_AM: WatchAppsUtils.setWatchAppsMap-Update [com.samsung.android.app.spage => false]
03-31 13:23:52.503 10998 10998 I Notification4Water_AM: WatchAppsUtils.setWatchAppsMap-Update [com.samsung.android.fast => false]
03-31 13:23:52.503 10998 10998 I Notification4Water_AM: WatchAppsUtils.setWatchAppsMap-Update [com.samsung.android.game.gamehome => false]
03-31 13:23:52.503 10998 10998 I Notification4Water_AM: WatchAppsUtils.setWatchAppsMap-Update [com.samsung.android.mdx => false]
03-31 13:23:52.503 10998 10998 I Notification4Water_AM: WatchAppsUtils.setWatchAppsMap-Update [com.sec.android.app.clockpackage => false]
03-31 13:23:52.503 10998 10998 I Notification4Water_AM: WatchAppsUtils.setWatchAppsMap-Update [com.sec.android.app.myfiles => false]
03-31 13:23:52.503 10998 10998 I Notification4Water_AM: WatchAppsUtils.setWatchAppsMap-Update [com.sec.android.app.samsungapps => false]
03-31 13:23:52.503 11664 12106 I Routine@Core[4.9.04.16]: WatchMetaDataCollector: collect - wearActionMetas size = 9
03-31 13:23:52.503 10998 10998 I Notification4Water_AM: WatchAppsUtils.setWatchAppsMap-Update [com.sec.android.easyMover => false]
03-31 13:23:52.503 10998 10998 I Notification4Water_AM: WatchAppsUtils.setWatchAppsMap-Update [abdelrahman.wifianalyzerpro => false]
03-31 13:23:52.503 10998 10998 I Notification4Water_AM: WatchAppsUtils.setWatchAppsMap-Update [ai.metaverse.epsonprinter => false]
03-31 13:23:52.503 10998 10998 I Notification4Water_AM: WatchAppsUtils.setWatchAppsMap-Update [ai.replika.app => false]
03-31 13:23:52.504 10998 10998 I Notification4Water_AM: WatchAppsUtils.setWatchAppsMap-Update [app.librivox.android => false]
03-31 13:23:52.504 10998 10998 I Notification4Water_AM: WatchAppsUtils.setWatchAppsMap-Update [ca.autotrader.userapp => false]
03-31 13:23:52.504 10998 10998 I Notification4Water_AM: WatchAppsUtils.setWatchAppsMap-Update [ca.bc.gov.BCWallet => false]
03-31 13:23:52.504 10998 10998 I Notification4Water_AM: WatchAppsUtils.setWatchAppsMap-Update [ca.bc.gov.health.hlbc.BCVirtualVisit => false]
03-31 13:23:52.504 10998 10998 I Notification4Water_AM: WatchAppsUtils.setWatchAppsMap-Update [ca.bc.gov.id.servicescard => false]
03-31 13:23:52.504 10998 10998 I Notification4Water_AM: WatchAppsUtils.setWatchAppsMap-Update [ca.bc.gov.vaxcheck => false]
03-31 13:23:52.504 10998 10998 I Notification4Water_AM: WatchAppsUtils.setWatchAppsMap-Update [ca.bc.gov.workbc => false]
03-31 13:23:52.504 10998 10998 I Notification4Water_AM: WatchAppsUtils.setWatchAppsMap-Update [ca.jobbank.mobile => false]
03-31 13:23:52.504 10998 10998 I Notification4Water_AM: WatchAppsUtils.setWatchAppsMap-Update [ca.journie.app => false]
03-31 13:23:52.504 10998 10998 I Notification4Water_AM: WatchAppsUtils.setWatchAppsMap-Update [ca.koho => false]
03-31 13:23:52.504 10998 10998 I Notification4Water_AM: WatchAppsUtils.setWatchAppsMap-Update [ca.sk.gov.skvaxwalletandroid => false]
03-31 13:23:52.504 10998 10998 I Notification4Water_AM: WatchAppsUtils.setWatchAppsMap-Update [ca.tangerine.clients.banking.app => false]
03-31 13:23:52.504 10998 10998 I Notification4Water_AM: WatchAppsUtils.setWatchAppsMap-Update [calculation.world.electronics_calculator => false]
03-31 13:23:52.504 10998 10998 I Notification4Water_AM: WatchAppsUtils.setWatchAppsMap-Update [cn.danatech.xingseus => false]
03-31 13:23:52.505 10998 10998 I Notification4Water_AM: WatchAppsUtils.setWatchAppsMap-Update [co.chargelab => false]
03-31 13:23:52.505 10998 10998 I Notification4Water_AM: WatchAppsUtils.setWatchAppsMap-Update [co.hinge.app => false]
03-31 13:23:52.505 10998 10998 I Notification4Water_AM: WatchAppsUtils.setWatchAppsMap-Update [com.AXgamesoft.TurbopropFS => false]
03-31 13:23:52.505 10998 10998 I Notification4Water_AM: WatchAppsUtils.setWatchAppsMap-Update [com.HdWallpaper.MarsWallpaper => false]
03-31 13:23:52.505 10998 10998 I Notification4Water_AM: WatchAppsUtils.setWatchAppsMap-Update [com.MoodGames.ClickToLife => false]
03-31 13:23:52.505 10998 10998 I Notification4Water_AM: WatchAppsUtils.setWatchAppsMap-Update [com.PYOPYO.StarTracker => false]
03-31 13:23:52.505 10998 10998 I Notification4Water_AM: WatchAppsUtils.setWatchAppsMap-Update [com.Shooter.ModernWarships => false]
03-31 13:23:52.505 10998 10998 I Notification4Water_AM: WatchAppsUtils.setWatchAppsMap-Update [com.StefMorojna.SpaceflightSimulator => false]
03-31 13:23:52.505 10998 10998 I Notification4Water_AM: WatchAppsUtils.setWatchAppsMap-Update [com.TrofyGames.UboatAttack => false]
03-31 13:23:52.506 10998 10998 I Notification4Water_AM: WatchAppsUtils.setWatchAppsMap-Update [com.addenergie.reseauver => false]
03-31 13:23:52.506 10998 10998 I Notification4Water_AM: WatchAppsUtils.setWatchAppsMap-Update [com.afkettler.earth => false]
03-31 13:23:52.506 10998 10998 I Notification4Water_AM: WatchAppsUtils.setWatchAppsMap-Update [com.aflglobal.focis_wifi_2 => false]
03-31 13:23:52.506 10998 10998 I Notification4Water_AM: WatchAppsUtils.setWatchAppsMap-Update [com.aichat.chatgod => false]
03-31 13:23:52.506 10998 10998 I Notification4Water_AM: WatchAppsUtils.setWatchAppsMap-Update [com.airbnb.android => false]
03-31 13:23:52.506 10998 10998 I Notification4Water_AM: WatchAppsUtils.setWatchAppsMap-Update [com.airmiles => false]
03-31 13:23:52.506 10998 10998 I Notification4Water_AM: WatchAppsUtils.setWatchAppsMap-Update [com.akul.reactnativeui => false]
03-31 13:23:52.506 10998 10998 I Notification4Water_AM: WatchAppsUtils.setWatchAppsMap-Update [com.akworld.mycpanel => false]
03-31 13:23:52.506 10998 10998 I Notification4Water_AM: WatchAppsUtils.setWatchAppsMap-Update [com.alarm.alarmmobile.android.telus => false]
03-31 13:23:52.506 10998 10998 I Notification4Water_AM: WatchAppsUtils.setWatchAppsMap-Update [com.alibaba.aliexpresshd => false]
03-31 13:23:52.506 10998 10998 I Notification4Water_AM: WatchAppsUtils.setWatchAppsMap-Update [com.alibaba.intl.android.apps.poseidon => false]
03-31 13:23:52.506 10998 10998 I Notification4Water_AM: WatchAppsUtils.setWatchAppsMap-Update [com.alltrails.alltrails => false]
03-31 13:23:52.507 10998 10998 I Notification4Water_AM: WatchAppsUtils.setWatchAppsMap-Update [com.amazon.avod.thirdpartyclient => false]
03-31 13:23:52.507 10998 10998 I Notification4Water_AM: WatchAppsUtils.setWatchAppsMap-Update [com.amazon.aws.console.mobile => false]
03-31 13:23:52.507 10998 10998 I Notification4Water_AM: WatchAppsUtils.setWatchAppsMap-Update [com.amazon.dee.app => false]
03-31 13:23:52.507 10998 10998 I Notification4Water_AM: WatchAppsUtils.setWatchAppsMap-Update [com.amazon.flex.rabbit => false]
03-31 13:23:52.507 10998 10998 I Notification4Water_AM: WatchAppsUtils.setWatchAppsMap-Update [com.amazon.mShop.android.shopping => false]
03-31 13:23:52.507 10998 10998 I Notification4Water_AM: WatchAppsUtils.setWatchAppsMap-Update [com.apple.android.music => false]
03-31 13:23:52.507 10998 10998 I Notification4Water_AM: WatchAppsUtils.setWatchAppsMap-Update [com.astroprint.mobile => false]
03-31 13:23:52.507 10998 10998 I Notification4Water_AM: WatchAppsUtils.setWatchAppsMap-Update [com.audible.application => false]
03-31 13:23:52.507 10998 10998 I Notification4Water_AM: WatchAppsUtils.setWatchAppsMap-Update [com.autodesk.fusion => false]
03-31 13:23:52.507 10998 10998 I Notification4Water_AM: WatchAppsUtils.setWatchAppsMap-Update [com.avid.cue => false]
03-31 13:23:52.507 10998 10998 I Notification4Water_AM: WatchAppsUtils.setWatchAppsMap-Update [com.azure.authenticator => false]
03-31 13:23:52.507 10998 10998 I Notification4Water_AM: WatchAppsUtils.setWatchAppsMap-Update [com.babylon.telushealth => false]
03-31 13:23:52.507  3951  3966 W System  : A resource failed to call release. 
03-31 13:23:52.507  3951  3966 W System  : A resource failed to call release. 
03-31 13:23:52.507 10998 10998 I Notification4Water_AM: WatchAppsUtils.setWatchAppsMap-Update [com.biglime.cookingmadness => false]
03-31 13:23:52.507  3951  3966 W System  : A resource failed to call release. 
03-31 13:23:52.507  3951  3966 W System  : A resource failed to call release. 
03-31 13:23:52.507  3951  3966 W System  : A resource failed to call release. 
03-31 13:23:52.507  3951  3966 W System  : A resource failed to call release. 
03-31 13:23:52.507  3951  3966 W System  : A resource failed to call release. 
03-31 13:23:52.507 10998 10998 I Notification4Water_AM: WatchAppsUtils.setWatchAppsMap-Update [com.billiards.shooting.ball.pool => false]
03-31 13:23:52.507 10998 10998 I Notification4Water_AM: WatchAppsUtils.setWatchAppsMap-Update [com.bitstrips.imoji => false]
03-31 13:23:52.507  3951  3966 W System  : A resource failed to call release. 
03-31 13:23:52.507  3951  3966 W System  : A resource failed to call release. 
03-31 13:23:52.507  3951  3966 W System  : A resource failed to call release. 
03-31 13:23:52.507 10998 10998 I Notification4Water_AM: WatchAppsUtils.setWatchAppsMap-Update [com.bmo.mobile => false]
03-31 13:23:52.507  3951  3966 W System  : A resource failed to call release. 
03-31 13:23:52.508 10998 10998 I Notification4Water_AM: WatchAppsUtils.setWatchAppsMap-Update [com.bold.flexjobs => false]
03-31 13:23:52.508 10998 10998 I Notification4Water_AM: WatchAppsUtils.setWatchAppsMap-Update [com.booking => false]
03-31 13:23:52.508 10998 10998 I Notification4Water_AM: WatchAppsUtils.setWatchAppsMap-Update [com.boombitgames.Dartsy => false]
03-31 13:23:52.508 10998 10998 I Notification4Water_AM: WatchAppsUtils.setWatchAppsMap-Update [com.boost.universal.remote => false]
03-31 13:23:52.508 10998 10998 I Notification4Water_AM: WatchAppsUtils.setWatchAppsMap-Update [com.brainvoyager.android.BrainTutor => false]
03-31 13:23:52.508 10998 10998 I Notification4Water_AM: WatchAppsUtils.setWatchAppsMap-Update [com.bumble.app => false]
03-31 13:23:52.508 10998 10998 I Notification4Water_AM: WatchAppsUtils.setWatchAppsMap-Update [com.ca.bc.health.hlbc.bchealthservicelocator => false]
03-31 13:23:52.508 10998 10998 I Notification4Water_AM: WatchAppsUtils.setWatchAppsMap-Update [com.canadiantire.triangle => false]
03-31 13:23:52.508 10998 10998 I Notification4Water_AM: WatchAppsUtils.setWatchAppsMap-Update [com.ccpgames.evegalaxyconquest => false]
03-31 13:23:52.508 10998 10998 I Notification4Water_AM: WatchAppsUtils.setWatchAppsMap-Update [com.chat.chatgod => false]
03-31 13:23:52.508 10998 10998 I Notification4Water_AM: WatchAppsUtils.setWatchAppsMap-Update [com.choosit.smoove => false]
03-31 13:23:52.508 10998 10998 I Notification4Water_AM: WatchAppsUtils.setWatchAppsMap-Update [com.cibc.android.mobi => false]
03-31 13:23:52.508 10998 10998 I Notification4Water_AM: WatchAppsUtils.setWatchAppsMap-Update [com.cineplex.storefront => false]
03-31 13:23:52.508 10998 10998 I Notification4Water_AM: WatchAppsUtils.setWatchAppsMap-Update [com.clearchannel.iheartradio.controller => false]
03-31 13:23:52.508 10998 10998 I Notification4Water_AM: WatchAppsUtils.setWatchAppsMap-Update [com.cliffweitzman.speechify2 => false]
03-31 13:23:52.508 10998 10998 I Notification4Water_AM: WatchAppsUtils.setWatchAppsMap-Update [com.codekonditor.mars => false]
03-31 13:23:52.509 10998 10998 I Notification4Water_AM: WatchAppsUtils.setWatchAppsMap-Update [com.coinidentifyer.ai => false]
03-31 13:23:52.509 10998 10998 I Notification4Water_AM: WatchAppsUtils.setWatchAppsMap-Update [com.computerlunch.evolution => false]
03-31 13:23:52.509 10998 10998 I Notification4Water_AM: WatchAppsUtils.setWatchAppsMap-Update [com.copart.membermobile => false]
03-31 13:23:52.509 10998 10998 I Notification4Water_AM: WatchAppsUtils.setWatchAppsMap-Update [com.costco.app.android => false]
03-31 13:23:52.509 10998 10998 I Notification4Water_AM: WatchAppsUtils.setWatchAppsMap-Update [com.coulombtech => false]
03-31 13:23:52.509 10998 10998 I Notification4Water_AM: WatchAppsUtils.setWatchAppsMap-Update [com.crazy.plane.landing => false]
03-31 13:23:52.509 10998 10998 I Notification4Water_AM: WatchAppsUtils.setWatchAppsMap-Update [com.dd.doordash => false]
03-31 13:23:52.509 10998 10998 I Notification4Water_AM: WatchAppsUtils.setWatchAppsMap-Update [com.deepstash => false]
03-31 13:23:52.509 10998 10998 I Notification4Water_AM: WatchAppsUtils.setWatchAppsMap-Update [com.dencreak.dlcalculator => false]
03-31 13:23:52.509 10998 10998 I Notification4Water_AM: WatchAppsUtils.setWatchAppsMap-Update [com.digikey.mobile => false]
03-31 13:23:52.509 10998 10998 I Notification4Water_AM: WatchAppsUtils.setWatchAppsMap-Update [com.discord => false]
03-31 13:23:52.509 10998 10998 I Notification4Water_AM: WatchAppsUtils.setWatchAppsMap-Update [com.dpspace.rocketsky => false]
03-31 13:23:52.509 10998 10998 I Notification4Water_AM: WatchAppsUtils.setWatchAppsMap-Update [com.dreamgames.royalmatch => false]
03-31 13:23:52.510 10998 10998 I Notification4Water_AM: WatchAppsUtils.setWatchAppsMap-Update [com.duolingo => false]
03-31 13:23:52.510 10998 10998 I Notification4Water_AM: WatchAppsUtils.setWatchAppsMap-Update [com.dyson.mobile.android => false]
03-31 13:23:52.510 10998 10998 I Notification4Water_AM: WatchAppsUtils.setWatchAppsMap-Update [com.ea.game.simcitymobile_row => false]
03-31 13:23:52.510 10998 10998 I Notification4Water_AM: WatchAppsUtils.setWatchAppsMap-Update [com.easybrain.number.puzzle.game => false]
03-31 13:23:52.510 10998 10998 I Notification4Water_AM: WatchAppsUtils.setWatchAppsMap-Update [com.easygames.race => false]
03-31 13:23:52.510 10998 10998 I Notification4Water_AM: WatchAppsUtils.setWatchAppsMap-Update [com.ebay.kijiji.ca => false]
03-31 13:23:52.510 10998 10998 I Notification4Water_AM: WatchAppsUtils.setWatchAppsMap-Update [com.ebay.mobile => false]
03-31 13:23:52.510 10998 10998 I Notification4Water_AM: WatchAppsUtils.setWatchAppsMap-Update [com.ehi.enterprise.android => false]
03-31 13:23:52.510 10998 10998 I Notification4Water_AM: WatchAppsUtils.setWatchAppsMap-Update [com.enccollect.app => false]
03-31 13:23:52.510 10998 10998 I Notification4Water_AM: WatchAppsUtils.setWatchAppsMap-Update [com.epson.epsonsmart => false]
03-31 13:23:52.510 10998 10998 I Notification4Water_AM: WatchAppsUtils.setWatchAppsMap-Update [com.epson.mobilephone.creative => false]
03-31 13:23:52.510 10998 10998 I Notification4Water_AM: WatchAppsUtils.setWatchAppsMap-Update [com.everlance => false]
03-31 13:23:52.510 10998 10998 I Notification4Water_AM: WatchAppsUtils.setWatchAppsMap-Update [com.everywear.game5 => false]
03-31 13:23:52.510 10998 10998 I Notification4Water_AM: WatchAppsUtils.setWatchAppsMap-Update [com.facebook.katana => false]
03-31 13:23:52.510 10998 10998 I Notification4Water_AM: WatchAppsUtils.setWatchAppsMap-Update [com.facebook.orca => false]
03-31 13:23:52.510 10998 10998 I Notification4Water_AM: WatchAppsUtils.setWatchAppsMap-Update [com.facebook.pages.app => false]
03-31 13:23:52.511 10998 10998 I Notification4Water_AM: WatchAppsUtils.setWatchAppsMap-Update [com.factor75.factor75 => false]
03-31 13:23:52.511 10998 10998 I Notification4Water_AM: WatchAppsUtils.setWatchAppsMap-Update [com.fast.free.unblock.secure.vpn => false]
03-31 13:23:52.511 10998 10998 I Notification4Water_AM: WatchAppsUtils.setWatchAppsMap-Update [com.fivemobile.cineplex => false]
03-31 13:23:52.511 10998 10998 I Notification4Water_AM: WatchAppsUtils.setWatchAppsMap-Update [com.fivesurveys.mobile => false]
03-31 13:23:52.511 10998 10998 I Notification4Water_AM: WatchAppsUtils.setWatchAppsMap-Update [com.flashfoodapp.android => false]
03-31 13:23:52.511 10998 10998 I Notification4Water_AM: WatchAppsUtils.setWatchAppsMap-Update [com.foodient.whisk => false]
03-31 13:23:52.511 10998 10998 I Notification4Water_AM: WatchAppsUtils.setWatchAppsMap-Update [com.fungames.battletanksbeta => false]
03-31 13:23:52.511 10998 10998 I Notification4Water_AM: WatchAppsUtils.setWatchAppsMap-Update [com.fungames.flightpilot => false]
03-31 13:23:52.511 10998 10998 I Notification4Water_AM: WatchAppsUtils.setWatchAppsMap-Update [com.fungames.sniper3d => false]
03-31 13:23:52.511 10998 10998 I Notification4Water_AM: WatchAppsUtils.setWatchAppsMap-Update [com.gameloft.android.ANMP.GloftA9HM => false]
03-31 13:23:52.511 10998 10998 I Notification4Water_AM: WatchAppsUtils.setWatchAppsMap-Update [com.github.android => false]
03-31 13:23:52.511 10998 10998 I Notification4Water_AM: WatchAppsUtils.setWatchAppsMap-Update [com.glority.picturemushroom => false]
03-31 13:23:52.511 10998 10998 I Notification4Water_AM: WatchAppsUtils.setWatchAppsMap-Update [com.gof.global => false]
03-31 13:23:52.511 10998 10998 I Notification4Water_AM: WatchAppsUtils.setWatchAppsMap-Update [com.gogii.textplus => false]
03-31 13:23:52.511 10998 10998 I Notification4Water_AM: WatchAppsUtils.setWatchAppsMap-Update [com.google.android.apps.adwords => false]
03-31 13:23:52.511 10998 10998 I Notification4Water_AM: WatchAppsUtils.setWatchAppsMap-Update [com.google.android.apps.chromecast.app => false]
03-31 13:23:52.511 10998 10998 I Notification4Water_AM: WatchAppsUtils.setWatchAppsMap-Update [com.google.android.apps.dynamite => false]
03-31 13:23:52.512 10998 10998 I Notification4Water_AM: WatchAppsUtils.setWatchAppsMap-Update [com.google.android.apps.fitness => false]
