03-31 13:16:54.737  2349  2473 V WindowManager: Sent Transition (#1663) createdAt=03-31 13:16:54.637 via request=TransitionRequestInfo { type = CLOSE, triggerTask = TaskInfo{userId=0 taskId=1617 effectiveUid=10789 displayId=0 isRunning=true baseIntent=Intent { flg=0x10000000 cmp=com.weejobs.app/.MainActivity } baseActivity=ComponentInfo{com.weejobs.app/com.weejobs.app.MainActivity} topActivity=ComponentInfo{com.weejobs.app/com.weejobs.app.MainActivity} origActivity=null realActivity=ComponentInfo{com.weejobs.app/com.weejobs.app.MainActivity} numActivities=1 lastActiveTime=711719587 supportsMultiWindow=true resizeMode=1 isResizeable=true minWidth=-1 minHeight=-1 maxWidth=-1 maxHeight=-1 defaultMinSize=220 desktopDefaultMinSize=304 token=WCT{RemoteToken{6148fcd Task{7f59af1 #1617 type=standard A=10789:com.weejobs.app}}} topActivityType=1 pictureInPictureParams=null shouldDockBigOverlays=false launchIntoPipHostTaskId=-1 lastParentTaskIdBeforePip=-1 displayCutoutSafeInsets=Rect(0, 0 - 0, 0) topActivityInfo=ActivityInfo{a866393 com.weejobs.app.MainActivity} launchCookies=[] positionInParent=Point(0, 0) parentTaskId=-1 isFocused=true isVisible=true isVisibleRequested=true isTopActivityNoDisplay=false isSleeping=false locusId=null displayAreaFeatureId=1 isTopActivityTransparent=false isActivityStackTransparent=false lastNonFullscreenBounds=Rect(71, 681 - 833, 1596) capturedLink=null capturedLinkTimestamp=0 requestedVisibleTypes=-9 topActivityRequestOpenInBrowserEducationTimestamp=0 appCompatTaskInfo=AppCompatTaskInfo { topActivityInSizeCompat=false eligibleForLetterboxEducation= false isLetterboxEducationEnabled= false isLetterboxDoubleTapEnabled= false eligibleForUserAspectRatioButton= false topActivityBoundsLetterboxed= false isFromLetterboxDoubleTap= false topActivityLetterboxVerticalPosition= -1 topActivityLetterboxHorizontalPosition= -1 topActivityLetterboxWidth=-1 topActivityLetterboxHeight=-1 topActivityAppBounds=Rect(0, 0 - 904, 2316) isUserFullscreenOverrideEnabled=true isSystemFullscreenOverrideEnabled=false hasMinAspectRatioOverride=false topActivityLetterboxBounds=null cameraCompatTaskInfo=CameraCompatTaskInfo { freeformCameraCompatMode=inactive} topActivityBounds=null topActivityInDisplayCompat=false singleTapFromLetterbox=false} topActivityMainWindowFrame=null originallySupportedMultiWindow=true hasWallpaper=false rootAffinity=10789:com.weejobs.app isTopTaskInStage=false CoverLauncherWidgetTask=false LaunchedFromAppsCoverLauncherTask=false LaunchedFromMultistarCoverLauncherTask=false isAllowedSeamlessRotation=false isTopTransparentActivity=false isAliasManaged=false hasConfigChanged=false snappingGuideBounds=null isAiKeyRemoveAppTask=false lastDesktopWindowingBounds=null lastExternalDesktopWindowingBounds=null isTopFullScreenWindow=true isFullSizeWindow=true safeCutoutInsets=null}, pipChange = null, remoteTransition = null, displayChange = null, flags = 16, debugId = 1663 }
03-31 13:16:54.737  2349  2473 V WindowManager:     startWCT=WindowContainerTransaction { changes= {} hops= [] errorCallbackToken=null taskFragmentOrganizer=null }
03-31 13:16:54.737  2349  2433 V WindowManager: Finish Transition: TransitionRecord{83c347b id=1662 type=OPEN flags=0x0 c=[
03-31 13:16:54.737  2349  2433 V WindowManager:    ChangeInfo{5ccfeff container=Task{ad6ed3 #1407 type=home I=com.sec.android.app.launcher/.activities.LauncherActivity} flags=0x10}
03-31 13:16:54.737  2349  2433 V WindowManager:    ChangeInfo{63474cc container=WallpaperWindowToken{fb2395 showWhenLocked=false}_<system|non-primary> flags=0x0}
03-31 13:16:54.737  2349  2433 V WindowManager:    ChangeInfo{1b41315 container=Task{17917a5 #1 type=home} flags=0x10}
03-31 13:16:54.737  2349  2433 V WindowManager:    ChangeInfo{941aaae container=Display{#0 state=ON size=904x2316 ROTATION_0} flags=0x0}
03-31 13:16:54.737  2349  2433 V WindowManager:    ChangeInfo{ebab62a container=ActivityRecord{77681712 u0 com.samsung.android.lool/com.samsung.android.sm.iafd.dialog.AppErrorDialogActivity t1614} flags=0x0}
03-31 13:16:54.737  2349  2433 V WindowManager:    ChangeInfo{38ae04f container=DefaultTaskDisplayArea_d0@99508180 flags=0x0}
03-31 13:16:54.737  2349  2433 V WindowManager:    ChangeInfo{77c8c1b container=ActivityRecord{102437058 u0 com.sec.android.app.launcher/.activities.LauncherActivity t1407} flags=0x0}
03-31 13:16:54.737  2349  2433 V WindowManager:    ChangeInfo{e93c3dc container=Task{7f59af1 #1617 type=standard A=10789:com.weejobs.app} flags=0x10}
03-31 13:16:54.737  2349  2433 V WindowManager:    ChangeInfo{a9a11b8 container=WallpaperWindowToken{7fd0108 showWhenLocked=true}_<lock|non-primary> flags=0x0}
03-31 13:16:54.737  2349  2433 V WindowManager:    ChangeInfo{2bf9ce5 container=ActivityRecord{197264024 u0 com.weejobs.app/.MainActivity t1617 f} isExiting} flags=0x0}
03-31 13:16:54.737  2349  2433 V WindowManager:    ChangeInfo{14fcb91 container=Task{c2acede #1614 type=standard I=com.samsung.android.lool/com.samsung.android.sm.iafd.dialog.AppErrorDialogActivity} flags=0x10}
03-31 13:16:54.737  2349  2433 V WindowManager:    ChangeInfo{2260af6 container=RemoteWallpaperAnim:1:1@212637009 flags=0x0}
03-31 13:16:54.737  2349  2433 V WindowManager: ]
03-31 13:16:54.737  2349  2433 V WindowManager: }, caller=com.android.server.wm.WindowOrganizerController.finishTransitionInner:31 com.android.server.wm.WindowOrganizerController.finishAllTransitions:60 android.window.IWindowOrganizerController$Stub.onTransact:283 
03-31 13:16:54.737  2349  2473 V WindowManager:     info={id=1663 t=CLOSE f=0x10 trk=0 r=[0@Point(0, 0)] c=[
03-31 13:16:54.737  2349  2473 V WindowManager:         {WCT{RemoteToken{86b2398 Task{c2acede #1614 type=standard I=com.samsung.android.lool/com.samsung.android.sm.iafd.dialog.AppErrorDialogActivity}}} m=TO_FRONT f=TRANSLUCENT|MOVE_TO_TOP|EDGE_EXTENSION_RESTRICTION leash=Surface(name=Task=1614)/@0x6d3e975 sb=Rect(0, 0 - 904, 2316) eb=Rect(0, 0 - 904, 2316) epz=Point(904, 2316) d=0 taskParent=-1 inset=Rect(0, 87 - 0, 126)},
03-31 13:16:54.737  2349  2473 V WindowManager:         {WCT{RemoteToken{6148fcd Task{7f59af1 #1617 type=standard A=10789:com.weejobs.app}}} m=CLOSE f=NONE leash=Surface(name=Task=1617)/@0x1cdcef7 sb=Rect(0, 0 - 904, 2316) eb=Rect(0, 0 - 904, 2316) epz=Point(904, 2316) d=0 taskParent=-1 inset=Rect(0, 0 - 0, 0) dim=true},
03-31 13:16:54.737  2349  2473 V WindowManager:         {WCT{RemoteToken{c64419a Task{17917a5 #1 type=home}}} m=TO_FRONT f=SHOW_WALLPAPER|EDGE_EXTENSION_RESTRICTION leash=Surface(name=Task=1)/@0xe8c1ecf sb=Rect(0, 0 - 904, 2316) eb=Rect(0, 0 - 904, 2316) epz=Point(904, 2316) d=0 taskParent=-1 inset=Rect(0, 87 - 0, 126)},
03-31 13:16:54.737  2349  2473 V WindowManager:         {m=TO_FRONT f=IS_WALLPAPER p=WCT{RemoteToken{de9ecd1 RemoteWallpaperAnim:1:1@212637009}} leash=Surface(name=WallpaperWindowToken{fb2395 showWhenLocked=false})/@0xc53d6bc sb=Rect(0, 0 - 904, 2316) eb=Rect(0, 0 - 904, 2316) epz=Point(904, 2316) d=0 inset=Rect(0, 0 - 0, 0)}
03-31 13:16:54.737  2349  2473 V WindowManager:     ]}
03-31 13:16:54.738  1562  1562 I SehLight: sub_lcd : 16-
03-31 13:16:54.738  1654  1654 I SSC_DAEMON: physical_sensor_test_req_msg Sensor type :6, Msg type:11
03-31 13:16:54.738  2349  2473 V WindowManager: Finish Transition (#1662): created at 03-31 13:16:54.473 collect-started=0.339ms request-sent=9.532ms started=11.962ms ready=58.74ms sent=62.385ms commit=45.64ms finished=263.816ms
03-31 13:16:54.739  2349  2478 D SurfaceComposerClient: [SEC_SF_EFFECTS] setBackgroundBlurRadius ## Dim Layer for - Task=1614#27439 backgroundBlurRadius=0
03-31 13:16:54.739  1545  1569 D BatteryDump: wait_for_battery_event : occurred : change@/devices/platform/soc/ae00000.qcom,mdss_mdp/backlight/panel1-backlight 
03-31 13:16:54.739  1676  1676 D SurfaceFlinger: Display 4630946213010294403 HWC layers:
03-31 13:16:54.739  1676  1676 D SurfaceFlinger:        DEVICE |           16969415812112 | 00000100 | RGBA_8888    |    0.0    0.0  904.0 2316.0 |    0    0  904 2316 | Wallpaper BBQ wrapper 17_system#128 (34)
03-31 13:16:54.739  1676  1676 D SurfaceFlinger:        DEVICE |           16969415813336 | 00002100 | RGBA_8888    |    0.0    0.0  904.0 2316.0 |    0    0  904 2316 | Splash Screen com.weejobs.app$_3951#27448 (1)
03-31 13:16:54.739  1676  1676 D SurfaceFlinger:        DEVICE |           16969415813161 | 00002100 | RGBA_8888    |    0.0    0.0  904.0   87.0 |    0    0  904   87 | StatusBar$_3951#122 (97132)
03-31 13:16:54.739  1676  1676 D SurfaceFlinger:        DEVICE |           18365280161808 | 00002100 | RGBA_8888    |    0.0    0.0   67.0  451.0 |    0  493   67  944 | com.sec.android.app.launcher/com.sam[...]l.app.CocktailBarService$_4276#27160 (1)
03-31 13:16:54.739  1676  1676 D SurfaceFlinger:        DEVICE |           16969415813210 | 00002100 | RGBA_8888    |    0.0    0.0  904.0  126.0 |    0 2190  904 2316 | NavigationBar0$_3951#118 (27996)
03-31 13:16:54.739  1676  1676 D SurfaceFlinger: 
03-31 13:16:54.739  2349  2478 D SurfaceComposerClient: [SEC_SF_EFFECTS] setBackgroundBlurRadius ## Dim Layer for - Task=1614#27457 backgroundBlurRadius=0
03-31 13:16:54.739  2349  2433 D PersonaActivityHelper: token.toString()  Token{7bdbb6 ActivityRecord{77681712 u0 com.samsung.android.lool/com.samsung.android.sm.iafd.dialog.AppErrorDialogActivity t1614}}
03-31 13:16:54.739  2349  2433 D PersonaActivityHelper: mLastResumedSFActivity getPackageName  com.android.settings
03-31 13:16:54.739  2349  2433 D PersonaActivityHelper: mLastResumedSFActivity getShortClassName  .SubSettings
03-31 13:16:54.739  2349  5246 W ParceledListSlice: Element #548 is 23164 bytes.
03-31 13:16:54.740  2349  2433 D PersonaActivityHelper: token.toString()  Token{bceaa10 ActivityRecord{102437058 u0 com.sec.android.app.launcher/.activities.LauncherActivity t1407}}
03-31 13:16:54.740  2349  2433 D PersonaActivityHelper: mLastResumedSFActivity getPackageName  com.android.settings
03-31 13:16:54.740  2349  2433 D PersonaActivityHelper: mLastResumedSFActivity getShortClassName  .SubSettings
03-31 13:16:54.740  2349  2433 D PersonaActivityHelper: token.toString()  Token{2e96d6 ActivityRecord{197264024 u0 com.weejobs.app/.MainActivity t1617 f} isExiting}}
03-31 13:16:54.740  2349  2433 D PersonaActivityHelper: mLastResumedSFActivity getPackageName  com.android.settings
03-31 13:16:54.740  2349  2433 D PersonaActivityHelper: mLastResumedSFActivity getShortClassName  .SubSettings
03-31 13:16:54.740  1654  2883 I SSC_DAEMON: light_msg(6/11): br 16 (lux 360,idx 1) - 0,1,1
03-31 13:16:54.740  2349  2433 D ChangeTransitionController: onTransitionFinished: TransitionRecord{83c347b id=1662 type=OPEN flags=0x0 c=[
03-31 13:16:54.740  2349  2433 D ChangeTransitionController:    ChangeInfo{5ccfeff container=Task{ad6ed3 #1407 type=home I=com.sec.android.app.launcher/.activities.LauncherActivity} flags=0x10}
03-31 13:16:54.740  2349  2433 D ChangeTransitionController:    ChangeInfo{63474cc container=WallpaperWindowToken{fb2395 showWhenLocked=false}_<system|non-primary> flags=0x0}
03-31 13:16:54.740  2349  2433 D ChangeTransitionController:    ChangeInfo{1b41315 container=Task{17917a5 #1 type=home} flags=0x10}
03-31 13:16:54.740  2349  2433 D ChangeTransitionController:    ChangeInfo{941aaae container=Display{#0 state=ON size=904x2316 ROTATION_0} flags=0x0}
03-31 13:16:54.740  2349  2433 D ChangeTransitionController:    ChangeInfo{ebab62a container=ActivityRecord{77681712 u0 com.samsung.android.lool/com.samsung.android.sm.iafd.dialog.AppErrorDialogActivity t1614} flags=0x0}
03-31 13:16:54.740  2349  2433 D ChangeTransitionController:    ChangeInfo{38ae04f container=DefaultTaskDisplayArea_d0@99508180 flags=0x0}
03-31 13:16:54.740  2349  2433 D ChangeTransitionController:    ChangeInfo{77c8c1b container=ActivityRecord{102437058 u0 com.sec.android.app.launcher/.activities.LauncherActivity t1407} flags=0x0}
03-31 13:16:54.740  2349  2433 D ChangeTransitionController:    ChangeInfo{e93c3dc container=Task{7f59af1 #1617 type=standard A=10789:com.weejobs.app} flags=0x10}
03-31 13:16:54.740  2349  2433 D ChangeTransitionController:    ChangeInfo{a9a11b8 container=WallpaperWindowToken{7fd0108 showWhenLocked=true}_<lock|non-primary> flags=0x0}
03-31 13:16:54.740  2349  2433 D ChangeTransitionController:    ChangeInfo{2bf9ce5 container=ActivityRecord{197264024 u0 com.weejobs.app/.MainActivity t1617 f} isExiting} flags=0x0}
03-31 13:16:54.740  2349  2433 D ChangeTransitionController:    ChangeInfo{14fcb91 container=Task{c2acede #1614 type=standard I=com.samsung.android.lool/com.samsung.android.sm.iafd.dialog.AppErrorDialogActivity} flags=0x10}
03-31 13:16:54.740  2349  2433 D ChangeTransitionController:    ChangeInfo{2260af6 container=RemoteWallpaperAnim:1:1@212637009 flags=0x0}
03-31 13:16:54.740  2349  2433 D ChangeTransitionController: ]
03-31 13:16:54.740  2349  2433 D ChangeTransitionController: }
03-31 13:16:54.740  3951  3999 V WindowManagerShell: Playing animation for (#1663) android.os.BinderProxy@bb22f3@0
03-31 13:16:54.740  3951  3999 I SurfaceControlRegistry: show, t=StartTransaction_SyncId<1663> sc=Transition Root: Task=1614, caller=android.view.SurfaceControl$Transaction.show:3557 com.android.wm.shell.transition.Transitions.playTransition:79 com.android.wm.shell.transition.Transitions.processReadyQueue:239 com.android.wm.shell.transition.Transitions.onFinish:528 com.android.wm.shell.transition.Transitions$$ExternalSyntheticLambda7.onTransitionFinished:12 com.android.wm.shell.transition.DefaultTransitionHandler$$ExternalSyntheticLambda2.run:36 
03-31 13:16:54.741  3951  3999 V ShellRecents: RecentsTransitionHandler.startAnimation: no controller found
03-31 13:16:54.741  2349  2476 D SGM:FgCheckThread: getForegroundApp(), foregroundPkgName=com.samsung.android.lool
03-31 13:16:54.741  3951  3999 V ShellDesktopMode: DesktopMixedTransitionHandler: No pending desktop transition
03-31 13:16:54.741  3951  3999 V WindowManagerShell: Transition doesn't have explicit remote, search filters for match for {id=1663 t=CLOSE f=0x10 trk=0 r=[0@Point(0, 0)] c=[{m=TO_FRONT f=TRANSLUCENT|MOVE_TO_TOP|EDGE_EXTENSION_RESTRICTION leash=Surface(name=Task=1614)/@0x74c0712 sb=Rect(0, 0 - 904, 2316) eb=Rect(0, 0 - 904, 2316) epz=Point(904, 2316) d=0 taskParent=-1 inset=Rect(0, 87 - 0, 126)},{m=CLOSE f=NONE leash=Surface(name=Task=1617)/@0xf72aee3 sb=Rect(0, 0 - 904, 2316) eb=Rect(0, 0 - 904, 2316) epz=Point(904, 2316) d=0 taskParent=-1 inset=Rect(0, 0 - 0, 0) dim=true},{m=TO_FRONT f=SHOW_WALLPAPER|EDGE_EXTENSION_RESTRICTION leash=Surface(name=Task=1)/@0xbafd0e0 sb=Rect(0, 0 - 904, 2316) eb=Rect(0, 0 - 904, 2316) epz=Point(904, 2316) d=0 taskParent=-1 inset=Rect(0, 87 - 0, 126)},{m=TO_FRONT f=IS_WALLPAPER p=WCT{android.window.IWindowContainerToken$Stub$Proxy@517563f} leash=Surface(name=WallpaperWindowToken{fb2395 showWhenLocked=false})/@0x8c05f99 sb=Rect(0, 0 - 904, 2316) eb=Rect(0, 0 - 904, 2316) epz=Point(904, 2316) d=0 inset=Rect(0, 0 - 0, 0)}]}
03-31 13:16:54.741  3951  3999 V WindowManagerShell:  Checking filter Pair{{types=[] flags=0x0] notFlags=0x100 checks=[{atype=home independent=true modes=[OPEN,TO_FRONT] flags=NONE mustBeTask=false order=TOP topActivity=ComponentInfo{com.sec.android.app.launcher/com.sec.android.app.launcher.Launcher} launchCookie=null windowingMode=undefined},{atype=recents independent=true modes=[CLOSE,TO_BACK] flags=NONE mustBeTask=false order=ANY topActivity=null launchCookie=null windowingMode=undefined}]} RemoteTransition { remoteTransition = android.window.IRemoteTransition$Stub$Proxy@a2d9588, appThread = android.app.IApplicationThread$Stub$Proxy@8284b21, debugName = QuickstepLaunchHomeFromRecentsflags =NONE }}
03-31 13:16:54.741  3951  3999 V WindowManagerShell:  Checking filter Pair{{types=[] flags=0x0] notFlags=0x100 checks=[{atype=home independent=true modes=[OPEN,TO_FRONT] flags=NONE mustBeTask=false order=TOP topActivity=ComponentInfo{com.sec.android.app.launcher/com.sec.android.app.launcher.Launcher} launchCookie=null windowingMode=undefined},{atype=standard independent=true modes=[CLOSE,TO_BACK] flags=NONE mustBeTask=false order=ANY topActivity=null launchCookie=null windowingMode=undefined}]} RemoteTransition { remoteTransition = android.window.IRemoteTransition$Stub$Proxy@c923b46, appThread = android.app.IApplicationThread$Stub$Proxy@676c107, debugName = QuickstepLaunchHomeflags =NONE }}
03-31 13:16:54.741  3951  3999 V WindowManagerShell:  Delegate animation for (#1663) to null
03-31 13:16:54.741  3951  3999 V WindowManagerShell: start default transition animation, info = {id=1663 t=CLOSE f=0x10 trk=0 r=[0@Point(0, 0)] c=[{m=TO_FRONT f=TRANSLUCENT|MOVE_TO_TOP|EDGE_EXTENSION_RESTRICTION leash=Surface(name=Task=1614)/@0x74c0712 sb=Rect(0, 0 - 904, 2316) eb=Rect(0, 0 - 904, 2316) epz=Point(904, 2316) d=0 taskParent=-1 inset=Rect(0, 87 - 0, 126)},{m=CLOSE f=NONE leash=Surface(name=Task=1617)/@0xf72aee3 sb=Rect(0, 0 - 904, 2316) eb=Rect(0, 0 - 904, 2316) epz=Point(904, 2316) d=0 taskParent=-1 inset=Rect(0, 0 - 0, 0) dim=true},{m=TO_FRONT f=SHOW_WALLPAPER|EDGE_EXTENSION_RESTRICTION leash=Surface(name=Task=1)/@0xbafd0e0 sb=Rect(0, 0 - 904, 2316) eb=Rect(0, 0 - 904, 2316) epz=Point(904, 2316) d=0 taskParent=-1 inset=Rect(0, 87 - 0, 126)},{m=TO_FRONT f=IS_WALLPAPER p=WCT{android.window.IWindowContainerToken$Stub$Proxy@517563f} leash=Surface(name=WallpaperWindowToken{fb2395 showWhenLocked=false})/@0x8c05f99 sb=Rect(0, 0 - 904, 2316) eb=Rect(0, 0 - 904, 2316) epz=Point(904, 2316) d=0 inset=Rect(0, 0 - 0, 0)}]}
03-31 13:16:54.741  2349  2476 D SGM:FgCheckThread: pkgName: com.weejobs.app is not in foreground
03-31 13:16:54.741  2349  2476 D SGM:FgCheckThread: noteStopComponent(), received pkgName: com.weejobs.app, focusedPkgName: com.samsung.android.lool, userId: 0
03-31 13:16:54.742  3951  3999 V WindowManagerShell: loadAnimation: anim=android.view.animation.AnimationSet@9d666a animAttr=0x4 type=CLOSE isEntrance=true
03-31 13:16:54.742  3951  3999 V WindowManagerShell:    wallpaperTransit=WALLPAPER_TRANSLUCENT_OPEN translucent=true
03-31 13:16:54.742  3951  3999 V WindowManagerShell:    change={m=TO_FRONT f=SHOW_WALLPAPER|EDGE_EXTENSION_RESTRICTION leash=Surface(name=Task=1)/@0xbafd0e0 sb=Rect(0, 0 - 904, 2316) eb=Rect(0, 0 - 904, 2316) epz=Point(904, 2316) d=0 taskParent=-1 inset=Rect(0, 87 - 0, 126)}
03-31 13:16:54.742  3951  3999 V WindowManagerShell: loadAnimation: anim=null animAttr=0x0 type=CLOSE isEntrance=false
03-31 13:16:54.742  3951  3999 V WindowManagerShell:    wallpaperTransit=WALLPAPER_TRANSLUCENT_OPEN translucent=true
03-31 13:16:54.742  3951  3999 V WindowManagerShell:    change={m=CLOSE f=NONE leash=Surface(name=Task=1617)/@0xf72aee3 sb=Rect(0, 0 - 904, 2316) eb=Rect(0, 0 - 904, 2316) epz=Point(904, 2316) d=0 taskParent=-1 inset=Rect(0, 0 - 0, 0) dim=true}
03-31 13:16:54.742  3951  3999 V WindowManagerShell: loadAnimation: anim=android.view.animation.AnimationSet@835175b animAttr=0x4 type=CLOSE isEntrance=true
03-31 13:16:54.742  3951  3999 V WindowManagerShell:    wallpaperTransit=WALLPAPER_TRANSLUCENT_OPEN translucent=true
03-31 13:16:54.742  3951  3999 V WindowManagerShell:    change={m=TO_FRONT f=TRANSLUCENT|MOVE_TO_TOP|EDGE_EXTENSION_RESTRICTION leash=Surface(name=Task=1614)/@0x74c0712 sb=Rect(0, 0 - 904, 2316) eb=Rect(0, 0 - 904, 2316) epz=Point(904, 2316) d=0 taskParent=-1 inset=Rect(0, 87 - 0, 126)}
03-31 13:16:54.742  3951  3999 I SurfaceControlRegistry: apply, t=StartTransaction_SyncId<1663>, caller=android.view.SurfaceControl$Transaction.apply:3459 android.view.SurfaceControl$Transaction.apply:3447 android.view.SurfaceControl$Transaction.apply:3397 com.android.wm.shell.transition.DefaultTransitionHandler.startAnimation:3387 com.android.wm.shell.transition.Transitions.dispatchTransition:90 com.android.wm.shell.transition.Transitions.playTransition:774 
03-31 13:16:54.743  3951  3999 V WindowManagerShell:  animated by com.android.wm.shell.transition.DefaultTransitionHandler@ea2f665
03-31 13:16:54.743  4276  4276 I HoneySpace.HistoryViewModel@56717545@OneUI: Block stack change
03-31 13:16:54.743  2349  5485 I SemDvfsHyPerManager: acquire hyper - AMS_RESUME_TAIL/2349@34, type = -999
03-31 13:16:54.743  2349  5485 I SemDvfsHyPerManager: acquire hyper - AMS_ACT_LAZY/2349@35, type = -999
03-31 13:16:54.743  2349  5485 D ActivityManagerPerformance: AMP_acquire() TAIL
03-31 13:16:54.743  2349  3140 D BackgroundInstallControlService: Package event received: 0
03-31 13:16:54.743  1561  1603 I HYPER-HAL: [RequestManager.cpp]acquire(): Acquired ID : 2840570  [2349 / 34]    HINT : AMS_RESUME_TAIL    list : 
03-31 13:16:54.743  2349 18335 D system_server: mAFPC_SUB_Read - w = 904, h = 2316, s = 56, f = 4, s_size = 8893440, luminance = 10, count = 2857, captureOrientation = 0
03-31 13:16:54.744  2349  2547 D AnalyticsContainerHandler: handleMessage : { when=-4ms what=1 target=com.android.server.knox.KnoxAnalyticsContainer$AnalyticsHandler }
03-31 13:16:54.744  2349  2547 D AnalyticsContainerHandler: handleMessage : { when=0 what=2 target=com.android.server.knox.KnoxAnalyticsContainer$AnalyticsHandler }
03-31 13:16:54.745  1561  1603 I HYPER-HAL: [RequestManager.cpp]acquire(): Acquired ID : 2842955  [2349 / 35]    HINT : AMS_ACT_LAZY    list : 
03-31 13:16:54.745  2349  3465 W ParceledListSlice: Element #605 is 17896 bytes.
03-31 13:16:54.746  1561  1603 I HYPER-HAL: [RequestManager.cpp]releaseLocked(): Released ID : 2812028
03-31 13:16:54.746  2349  5485 D ActivityManagerPerformance: AMP_release() APP_SWITCH
03-31 13:16:54.746  2349  3224 D HdrSolution_HdrDisplayNitMapper: updataTargetNit--------------mLightSensorData: 1.0, scaleRatio: 9.79, target: 20.43->200
03-31 13:16:54.747  1676  1676 E SurfaceFlinger: alpha changed 0.007 -> 0.000 - Dim Layer for - Task=1614#27439
03-31 13:16:54.747  1676  1676 I SurfaceFlinger: RequestedLayer [Task=1614#27392] hidden!! flag  from(1) --> to(0)
03-31 13:16:54.747  1676  1676 I SurfaceFlinger: RequestedLayer [Transition Root: Task=1614#27461] hidden!! flag  from(1) --> to(0)
03-31 13:16:54.747  1676  1676 I SurfaceFlinger: RequestedLayer [Task=1#68] hidden!! flag  from(1) --> to(0)
03-31 13:16:54.747  1676  1676 E SurfaceFlinger: alpha changed 1.000 -> 0.000 - Task=1#68
03-31 13:16:54.747  1676  1676 E SurfaceFlinger: alpha changed 1.000 -> 0.000 - Task=1614#27392
03-31 13:16:54.747  1676  1676 I SurfaceFlinger: [LayerHierarchy{RequestedLayerState{Task=1#68 parentId=27461 z=3} 2 children}] reparent to LayerHierarchy{RequestedLayerState{Transition Root: Task=1614#27461 parentId=11 z=10} 1 children}
03-31 13:16:54.747  1676  1676 I SurfaceFlinger: [LayerHierarchy{RequestedLayerState{45abe9 NavigationBar0#111 parentId=27460} 1 children}] reparent to LayerHierarchy{RequestedLayerState{Surface(name=45abe9 NavigationBar0)/@0x6ac041c - animation-leash of insets_animation#27460 parentId=110} 1 children}
03-31 13:16:54.747  1676  1676 I SurfaceFlinger: [LayerHierarchy{RequestedLayerState{1bba892 StatusBar#115 parentId=27459} 1 children}] reparent to LayerHierarchy{RequestedLayerState{Surface(name=1bba892 StatusBar)/@0x77f5e69 - animation-leash of insets_animation#27459 parentId=114} 1 children}
03-31 13:16:54.747  1676  1676 I SurfaceFlinger: [LayerHierarchy{RequestedLayerState{630de79 TaskbarWindow#3359 parentId=27458} 1 children}] reparent to LayerHierarchy{RequestedLayerState{Surface(name=630de79 TaskbarWindow)/@0xe72b262 - animation-leash of insets_animation#27458 parentId=3358} 1 children}
03-31 13:16:54.747  1676  1676 I SurfaceFlinger: [LayerHierarchy{RequestedLayerState{Task=1614#27392 parentId=27461 z=5} 1 children}] reparent to LayerHierarchy{RequestedLayerState{Transition Root: Task=1614#27461 parentId=11 z=10} 2 children}
03-31 13:16:54.747  1676  1676 I SurfaceFlinger: [LayerHierarchy{RequestedLayerState{Surface(name=1bba892 StatusBar)/@0x77f5e69 - animation-leash of insets_animation#27454} no children}] reparent to OffscreenRoot
03-31 13:16:54.747  1676  1676 I SurfaceFlinger: [LayerHierarchy{RequestedLayerState{Surface(name=1bba892 StatusBar)/@0x77f5e69 - animation-leash of insets_animation#27454} no children}] RelativeParent to null
03-31 13:16:54.747  1676  1676 I SurfaceFlinger: [LayerHierarchy{RequestedLayerState{Surface(name=45abe9 NavigationBar0)/@0x6ac041c - animation-leash of insets_animation#27455} no children}] reparent to OffscreenRoot
03-31 13:16:54.747  1676  1676 I SurfaceFlinger: [LayerHierarchy{RequestedLayerState{Surface(name=45abe9 NavigationBar0)/@0x6ac041c - animation-leash of insets_animation#27455} no children}] RelativeParent to null
03-31 13:16:54.747  1676  1676 I SurfaceFlinger: [LayerHierarchy{RequestedLayerState{Task=1617#27445 parentId=27461 z=8} 1 children}] reparent to LayerHierarchy{RequestedLayerState{Transition Root: Task=1614#27461 parentId=11 z=10} 3 children}
03-31 13:16:54.747  1676  1676 I SurfaceFlinger: [LayerHierarchy{RequestedLayerState{Surface(name=630de79 TaskbarWindow)/@0xe72b262 - animation-leash of insets_animation#27453} no children}] reparent to OffscreenRoot
03-31 13:16:54.747  1676  1676 I SurfaceFlinger: [LayerHierarchy{RequestedLayerState{Surface(name=630de79 TaskbarWindow)/@0xe72b262 - animation-leash of insets_animation#27453} no children}] RelativeParent to null
03-31 13:16:54.747  1676  1676 I SurfaceFlinger: [LayerHierarchy{RequestedLayerState{Transition Root: Task=1617#27452 z=10} no children}] reparent to OffscreenRoot
03-31 13:16:54.747  1676  1676 I SurfaceFlinger: [LayerHierarchy{RequestedLayerState{Transition Root: Task=1617#27452 z=10} no children}] RelativeParent to null
03-31 13:16:54.747  2349  2478 D SurfaceComposerClient: [SEC_SF_EFFECTS] setBackgroundBlurRadius ## Dim Layer for - Task=1614#27457 backgroundBlurRadius=0
03-31 13:16:54.747  2349  4717 D FreecessController: BG freezed, skip OLAF unfreeze for (com.samsung.android.game.gamehome, 10075)
03-31 13:16:54.747  1562  1562 I SehLight: sub_lcd : 21+
03-31 13:16:54.748  1676  1676 I SurfaceFlinger: id=27452 Removed Transition Root: Task=1617#27452 (222)
03-31 13:16:54.748 29218 29268 I SystemBroadcastReceiver: [#CMH#]  in initialize SystemBroadcastReceiver 
03-31 13:16:54.748  2349  3079 D MdnieScenarioControlService:  packageName : com.samsung.android.lool    className : com.samsung.android.sm.iafd.dialog.AppErrorDialogActivity
03-31 13:16:54.749  2349  3079 V MdnieScenarioControlService: setUIMode from UI function(3)
03-31 13:16:54.751  2349  5247 I ActivityManager: Changes in 5004 19 to 8, 0 to 128
03-31 13:16:54.751  2349  2477 D SurfaceComposerClient: [SEC_SF_EFFECTS] setBackgroundBlurRadius ## Dim Layer for - Task=1614#27439 backgroundBlurRadius=0
03-31 13:16:54.751  2349  2978 D InputDispatcher: Focus left window (0): c7a706d com.samsung.android.lool/com.samsung.android.sm.iafd.dialog.AppErrorDialogActivity
03-31 13:16:54.752  2349  5485 V WindowManager: Schedule remove starting ActivityRecord{197264024 u0 com.weejobs.app/.MainActivity t1617 f} isExiting} startingWindow=Window{5b58c5b u0 Splash Screen com.weejobs.app} animate=true Callers=com.android.server.wm.ActivityRecord.onSyncTransactionCommitted:16 com.android.server.wm.BLASTSyncEngine$SyncGroup$1CommitCallback.onCommitted:104 com.android.server.wm.BLASTSyncEngine$SyncGroup$$ExternalSyntheticLambda0.onTransactionCommitted:8 android.view.SurfaceControl$Transaction$$ExternalSyntheticLambda4.run:0 com.android.server.SystemServerInitThreadPool$$ExternalSyntheticLambda0.execute:1 
03-31 13:16:54.752 26731 26731 I ImeFocusController: onPreWindowFocus: skipped hasWindowFocus=false mHasImeFocus=false
03-31 13:16:54.752 26731 26731 I ImeFocusController: onPostWindowFocus: skipped hasWindowFocus=false mHasImeFocus=false
03-31 13:16:54.752  3951  3999 D ShellTaskOrganizer: removeStartingWindow, removalInfo=StartingWindowRemovalInfo{taskId=1617 frame=null playRevealAnimation=false roundedCornerRadius=0.0 deferRemoveMode=0 windowlessSurface=false removeImmediately=false}
03-31 13:16:54.754  1562  1562 I SehLight: sub_lcd : 21-
03-31 13:16:54.754  2349  5246 W ParceledListSlice: Element #627 is 17524 bytes.
03-31 13:16:54.754  1676  2178 I SurfaceFlinger: id=27453 Removed Surface(name=630de79 TaskbarWindow)/@0xe72b262 - animation-leash of insets_animation#27453 (222)
03-31 13:16:54.755  2349  5246 W ParceledListSlice: Element #644 is 17496 bytes.
03-31 13:16:54.755  1676  1676 D SurfaceFlinger: Display 4630946213010294403 HWC layers:
03-31 13:16:54.755  1676  1676 D SurfaceFlinger:        CLIENT |           16969415812112 | 00000100 | RGBA_8888    |    0.0    0.0  904.0 2316.0 |    0    0  904 2316 | Wallpaper BBQ wrapper 17_system#128 (34)
03-31 13:16:54.755  1676  1676 D SurfaceFlinger:        CLIENT |           18365280161825 | 00002100 | RGBA_8888    |    0.0    0.0  904.0 2316.0 |    0    0  904 2316 | com.sec.android.app.launcher/com.sec[...]ivities.LauncherActivity$_4276#27302 (blurRegions) (525)
03-31 13:16:54.755  1676  1676 D SurfaceFlinger:        CLIENT |                        0 | 00000000 | N/A          |    0.0    0.0    0.0    0.0 |    0    0  904 2316 | Dim Layer for - Task=1614#27457 (0)
03-31 13:16:54.755  1676  1676 D SurfaceFlinger:        DEVICE |          114808770789386 | 00002100 | RGBA_8888    |   42.0    0.0  946.0  871.0 |    0 1361  904 2232 | com.samsung.android.lool/com.samsung[...].AppErrorDialogActivity$_26731#27402 (blurRegions) (3)
03-31 13:16:54.755  1676  1676 D SurfaceFlinger:        DEVICE |           16969415813336 | 00002100 | RGBA_8888    |    0.0    0.0  904.0 2316.0 |    0    0  904 2316 | Splash Screen com.weejobs.app$_3951#27448 (1)
03-31 13:16:54.755  1676  1676 D SurfaceFlinger:        DEVICE |           16969415813161 | 00002100 | RGBA_88
03-31 13:16:54.755  1676  1676 D SurfaceFlinger: 88    |    0.0    0.0  904.0   87.0 |    0    0  904   87 | StatusBar$_3951#122 (97132)
03-31 13:16:54.755  1676  1676 D SurfaceFlinger:        DEVICE |           18365280161808 | 00002100 | RGBA_8888    |    0.0    0.0   67.0  451.0 |    0  493   67  944 | com.sec.android.app.launcher/com.sam[...]l.app.CocktailBarService$_4276#27160 (1)
03-31 13:16:54.755  1676  1676 D SurfaceFlinger:        DEVICE |           16969415813210 | 00002100 | RGBA_8888    |    0.0    0.0  904.0  126.0 |    0 2190  904 2316 | NavigationBar0$_3951#118 (27996)
03-31 13:16:54.755  1676  1676 D SurfaceFlinger: 
03-31 13:16:54.755  3951  3951 I {OngoingActivityController}: onTaskFocusChanged but OA data is empty
03-31 13:16:54.755  1676  1676 I SurfaceFlinger: destroyed Surface(name=630de79 TaskbarWindow)/@0xe72b262 - animation-leash of insets_animation#27453 form LifecycleManager
03-31 13:16:54.755  1676  1676 I SurfaceFlinger: destroyed Transition Root: Task=1617#27452 form LifecycleManager
03-31 13:16:54.755  1676  1676 I SurfaceFlinger: id=27453 onLayerDestroyed from LayerHierarchyBuilder(RequestedLayerState{Surface(name=630de79 TaskbarWindow)/@0xe72b262 - animation-leash of insets_animation#27453 !handle})
03-31 13:16:54.755  1676  1676 I SurfaceFlinger: id=27452 onLayerDestroyed from LayerHierarchyBuilder(RequestedLayerState{Transition Root: Task=1617#27452 !handle z=10})
03-31 13:16:54.755  1676  1935 D SurfaceFlinger: [input] setFocusedWindow: c7a706d com.samsung.android.lool/com.samsung.android.sm.iafd.dialog.AppErrorDialogActivity
03-31 13:16:54.756  1676  1676 I Layer   : id=27453 Destroyed Surface(name=630de79 TaskbarWindow)/@0xe72b262 - animation-leash of insets_animation#27453
03-31 13:16:54.756  1676  1676 I Layer   : id=27452 Destroyed Transition Root: Task=1617#27452
03-31 13:16:54.756  2349  5484 I WindowManager: Relayout Window{5b58c5b u0 Splash Screen com.weejobs.app}: viewVisibility=8 req=904x2316 ty=3 d0
03-31 13:16:54.756  1545  1569 D BatteryDump: wait_for_battery_event : occurred : change@/devices/platform/soc/ae00000.qcom,mdss_mdp/backlight/panel1-backlight 
03-31 13:16:54.756  2349  5484 D SurfaceComposerClient: setCornerRadius ## acf2e76 com.samsung.android.lool/com.samsung.android.sm.iafd.dialog.AppErrorDialogActivity#27401 cornerRadius=0.000000
03-31 13:16:54.756  2349  5484 D SurfaceComposerClient: setCornerRadius ## a4b6524 com.sec.android.app.launcher/com.sec.android.app.launcher.activities.LauncherActivity#191 cornerRadius=0.000000
03-31 13:16:54.757  2349  5246 D InputDispatcher: Once focus requested (0): c7a706d com.samsung.android.lool/com.samsung.android.sm.iafd.dialog.AppErrorDialogActivity
03-31 13:16:54.757  2349  5246 D InputDispatcher: Focus request (0): c7a706d com.samsung.android.lool/com.samsung.android.sm.iafd.dialog.AppErrorDialogActivity but waiting because NOT_VISIBLE
03-31 13:16:54.757  2349  5484 D SurfaceComposerClient: setCornerRadius ## acf2e76 com.samsung.android.lool/com.samsung.android.sm.iafd.dialog.AppErrorDialogActivity#27401 cornerRadius=0.000000
03-31 13:16:54.757  2349  5484 D SurfaceComposerClient: setCornerRadius ## a4b6524 com.sec.android.app.launcher/com.sec.android.app.launcher.activities.LauncherActivity#191 cornerRadius=0.000000
03-31 13:16:54.757  2349  2478 D SurfaceComposerClient: [SEC_SF_EFFECTS] setBackgroundBlurRadius ## Dim Layer for - Task=1614#27457 backgroundBlurRadius=0
03-31 13:16:54.757  1654  1654 I SSC_DAEMON: physical_sensor_test_req_msg Sensor type :6, Msg type:11
03-31 13:16:54.758  2349  5484 I WindowManager: Relayout hash=5b58c5b, pid=3951, syncId=-1: mAttrs={(0,0)(fillxfill) sim={adjust=pan} layoutInDisplayCutoutMode=always ty=APPLICATION_STARTING fmt=TRANSLUCENT wanim=0x1030306
03-31 13:16:54.758  2349  5484 I WindowManager:   fl=81030118
03-31 13:16:54.758  2349  5484 I WindowManager:   pfl=10000810
03-31 13:16:54.758  2349  5484 I WindowManager:   apr=18
03-31 13:16:54.758  2349  5484 I WindowManager:   bhv=1
03-31 13:16:54.758  2349  5484 I WindowManager:   fitSides=0
03-31 13:16:54.758  2349  5484 I WindowManager:   frameRateBoostOnTouch=true
03-31 13:16:54.758  2349  5484 I WindowManager:   dvrrWindowFrameRateHint=true naviIconColor=0}
03-31 13:16:54.759  1654  2883 I SSC_DAEMON: light_msg(6/11): br 21 (lux 356,idx 1) - 0,1,1
03-31 13:16:54.760  3951  4050 I VRI[app]@76d8b33: onActiveControlsChanged, removed=false, mAdded=true, caller=android.view.ViewRootImpl.handleInsetsControlChanged:3002 android.view.ViewRootImpl.relayoutWindow:11629 android.view.ViewRootImpl.performTraversals:4804 android.view.ViewRootImpl.doTraversal:3924 android.view.ViewRootImpl$TraversalRunnable.run:12903 
03-31 13:16:54.760  1676  2177 I SurfaceFlinger: id=27454 Removed Surface(name=1bba892 StatusBar)/@0x77f5e69 - animation-leash of insets_animation#27454 (220)
03-31 13:16:54.760  1676  2177 I SurfaceFlinger: id=27455 Removed Surface(name=45abe9 NavigationBar0)/@0x6ac041c - animation-leash of insets_animation#27455 (220)
03-31 13:16:54.761  3951  4050 I VRI[app]@76d8b33: Relayout returned: old=(0,0,904,2316) new=(0,0,904,2316) relayoutAsync=false req=(904,2316)8 dur=5 res=0x2 s={false 0x0} ch=true seqId=0
03-31 13:16:54.761  3951  4050 D VRI[app]@76d8b33: Not drawing due to not visible. Reason=View.GONE
03-31 13:16:54.761  3951  4050 W WindowOnBackDispatcher: sendCancelIfRunning: isInProgress=false callback=android.view.ViewRootImpl$$ExternalSyntheticLambda16@2e6f987
03-31 13:16:54.761  2349  2477 D SurfaceComposerClient: setCornerRadius ## acf2e76 com.samsung.android.lool/com.samsung.android.sm.iafd.dialog.AppErrorDialogActivity#27401 cornerRadius=0.000000
03-31 13:16:54.762  2349  2477 D SurfaceComposerClient: setCornerRadius ## a4b6524 com.sec.android.app.launcher/com.sec.android.app.launcher.activities.LauncherActivity#191 cornerRadius=0.000000
03-31 13:16:54.763  4276  4372 I HoneySpace.TopTaskSource: onTaskFocusChanged(): taskId = 1614
03-31 13:16:54.763 19454 30960 I SAMSUNGWALLET: [Hint_ProcessStatusChange] fg Change, pid : 29214 , isNotify : true , isForeground : true , fg list : [4276, 26731, 29214]
03-31 13:16:54.763 19454 19472 I SAMSUNGWALLET: [Hint_ProcessStatusChange] fg Change, pid : 29214 , isNotify : false , isForeground : true , fg list : [4276, 26731, 29214]
03-31 13:16:54.764 19454 30960 I SAMSUNGWALLET: [Hint_ProcessStatusChange] invoke foreground activities changed - onProcessDied pid:29214 uid : 10789
03-31 13:16:54.764  1676  1676 E SurfaceFlinger: alpha changed 0.000 -> 0.016 - Task=1#68
03-31 13:16:54.764  1676  1676 I SurfaceFlinger: destroyed Surface(name=1bba892 StatusBar)/@0x77f5e69 - animation-leash of insets_animation#27454 form LifecycleManager
03-31 13:16:54.764  1676  1676 I SurfaceFlinger: destroyed Surface(name=45abe9 NavigationBar0)/@0x6ac041c - animation-leash of insets_animation#27455 form LifecycleManager
03-31 13:16:54.764  1676  1676 I SurfaceFlinger: id=27454 onLayerDestroyed from LayerHierarchyBuilder(RequestedLayerState{Surface(name=1bba892 StatusBar)/@0x77f5e69 - animation-leash of insets_animation#27454 !handle})
03-31 13:16:54.764  1676  1676 I SurfaceFlinger: id=27455 onLayerDestroyed from LayerHierarchyBuilder(RequestedLayerState{Surface(name=45abe9 NavigationBar0)/@0x6ac041c - animation-leash of insets_animation#27455 !handle})
03-31 13:16:54.764  2349  2478 D SurfaceComposerClient: [SEC_SF_EFFECTS] setBackgroundBlurRadius ## Dim Layer for - Task=1614#27457 backgroundBlurRadius=0
03-31 13:16:54.765  1676  1676 I Layer   : id=27454 Destroyed Surface(name=1bba892 StatusBar)/@0x77f5e69 - animation-leash of insets_animation#27454
03-31 13:16:54.765  1676  1676 I Layer   : id=27455 Destroyed Surface(name=45abe9 NavigationBar0)/@0x6ac041c - animation-leash of insets_animation#27455
03-31 13:16:54.765  2349  2476 V Configuration: Updating configuration, locales updated from [] to [en_CA]
03-31 13:16:54.765  2349  3224 D HdrSolution_HdrDisplayNitMapper: updataTargetNit--------------mLightSensorData: 1.0, scaleRatio: 6.54, target: 30.56->200
03-31 13:16:54.767  1562  1562 I SehLight: sub_lcd : 29+
03-31 13:16:54.767  2349  4717 D FreecessController: restrictJobsByOlaf: restrict=false, uid=-1
03-31 13:16:54.769  2349  2477 I WindowManager: notifyInsetsControlChanged, removed=false, win=Window{5b58c5b u0 Splash Screen com.weejobs.app}, caller=com.android.server.wm.InsetsStateController$$ExternalSyntheticLambda1.run:137 com.android.server.wm.WindowAnimator$$ExternalSyntheticLambda2.onTransactionCommitted:26 android.view.SurfaceControl$Transaction$$ExternalSyntheticLambda4.run:0 android.os.Handler.handleCallback:995 android.os.Handler.dispatchMessage:103 android.os.Looper.loopOnce:273 
03-31 13:16:54.769 26731 26731 I InsetsSourceConsumer: applyRequestedVisibilityToControl: visible=true, type=statusBars, host=com.samsung.android.lool/com.samsung.android.sm.iafd.dialog.AppErrorDialogActivity
03-31 13:16:54.770 26731 26731 I InsetsSourceConsumer: applyRequestedVisibilityToControl: visible=true, type=navigationBars, host=com.samsung.android.lool/com.samsung.android.sm.iafd.dialog.AppErrorDialogActivity
03-31 13:16:54.770  1562  1562 I SehLight: sub_lcd : 29-
03-31 13:16:54.771  1545  1569 D BatteryDump: wait_for_battery_event : occurred : change@/devices/platform/soc/ae00000.qcom,mdss_mdp/backlight/panel1-backlight 
03-31 13:16:54.771 19454 19454 I SAMSUNGWALLET: [Hint_PayHintService] Hint Status - already invisible, skip hide : [4000000] - Disable on home
03-31 13:16:54.772  2349  3224 D HdrSolution_HdrDisplayNitMapper: updataTargetNit--------------mLightSensorData: 1.0, scaleRatio: 5.56, target: 35.97->200
03-31 13:16:54.772  1654  1654 I SSC_DAEMON: physical_sensor_test_req_msg Sensor type :6, Msg type:11
03-31 13:16:54.773  2349  2476 V Configuration: Updating configuration, locales updated from [] to [en_CA]
03-31 13:16:54.773  1676  1676 E SurfaceFlinger: alpha changed 0.000 -> 0.016 - Task=1614#27392
03-31 13:16:54.773  1676  1676 I SurfaceFlinger: RequestedLayer [Splash Screen com.weejobs.app$_3951#27448] hidden!! flag  from(0) --> to(1)
03-31 13:16:54.773  1676  1676 I SurfaceFlinger: [LayerHierarchy{RequestedLayerState{Dim Layer for - Task=1614#27439 z=-1} no children}] reparent to OffscreenRoot
03-31 13:16:54.773  1676  1676 I SurfaceFlinger: [LayerHierarchy{RequestedLayerState{Dim Layer for - Task=1614#27439 z=-1} no children}] RelativeParent to null
03-31 13:16:54.773  4276 27059 I HoneySpace.HistoryViewModel@56717545@OneUI: task bar is not showing. skip load history items
03-31 13:16:54.773  1562  1562 I SehLight: sub_lcd : 33+
03-31 13:16:54.774  4276 27059 I HoneySpace.HistoryViewModel@56717545@OneUI: launcherShowing : false, recentShowing : false, isInteractive : true, state : 0, minusOne : false
03-31 13:16:54.774  2349  2478 D SurfaceComposerClient: [SEC_SF_EFFECTS] setBackgroundBlurRadius ## Dim Layer for - Task=1614#27457 backgroundBlurRadius=0
03-31 13:16:54.774  1654  2883 I SSC_DAEMON: light_msg(6/11): br 29 (lux 356,idx 1) - 0,1,1
03-31 13:16:54.774  1676  1799 I SurfaceFlinger: id=27439 Removed Dim Layer for - Task=1614#27439 (218)
03-31 13:16:54.774  3951  4050 I VRI[app]@76d8b33: dispatchDetachedFromWindow
03-31 13:16:54.775  2349  3458 D WindowManager: Starting window removed Window{5b58c5b u0 Splash Screen com.weejobs.app}
03-31 13:16:54.775  2349  3458 D InputTransport: Input channel destroyed: '5b58c5b', fd=1205
03-31 13:16:54.776 19454 19454 I SAMSUNGWALLET: [Hint_PayHintService] Hint Status - already invisible, skip hide : [4000000] - Disable on home
03-31 13:16:54.775  2349  3458 V WindowManager: Remove Window{5b58c5b u0 Splash Screen com.weejobs.app}: mSurfaceControl=Surface(name=Splash Screen com.weejobs.app$_3951)/@0xb55a2c0 mAnimatingExit=false mRemoveOnExit=false mHasSurface=true surfaceShowing=false animating=false app-animation=false callers=com.android.server.wm.Session.remove:16 android.view.IWindowSession$Stub.onTransact:804 com.android.server.wm.Session.onTransact:1 android.os.Binder.execTransactInternal:1462 android.os.Binder.execTransact:1401 <bottom of call stack> 
03-31 13:16:54.776  2349  2476 D EnterpriseDeviceManagerService: isMdmAdminPresentInternal() : MDM Admin Found - com.samsung.knox.securefolder
03-31 13:16:54.777  2349  3458 D SurfaceComposerClient: setCornerRadius ## acf2e76 com.samsung.android.lool/com.samsung.android.sm.iafd.dialog.AppErrorDialogActivity#27401 cornerRadius=0.000000
03-31 13:16:54.777  2349  3458 D SurfaceComposerClient: setCornerRadius ## a4b6524 com.sec.android.app.launcher/com.sec.android.app.launcher.activities.LauncherActivity#191 cornerRadius=0.000000
03-31 13:16:54.777  2349  3458 D SurfaceComposerClient: setCornerRadius ## acf2e76 com.samsung.android.lool/com.samsung.android.sm.iafd.dialog.AppErrorDialogActivity#27401 cornerRadius=0.000000
03-31 13:16:54.777  2349  3458 D SurfaceComposerClient: setCornerRadius ## a4b6524 com.sec.android.app.launcher/com.sec.android.app.launcher.activities.LauncherActivity#191 cornerRadius=0.000000
03-31 13:16:54.777  3951  3951 D SystemUIService: SYSUI_RAM_OPTIMIZATION onTrimMemory=20
03-31 13:16:54.777  3951  3951 D CentralSurfaces: SYSUI_RAM_OPTIMIZATION onTrimMemory=20
03-31 13:16:54.777  2349  5484 W WindowManager: Failed looking up window session=Session{111da77 3951:u0a10039} callers=com.android.server.wm.WindowManagerService.windowForClientLocked:1 com.android.server.wm.Session.setOnBackInvokedCallbackInfo:15 android.view.IWindowSession$Stub.onTransact:1390 
03-31 13:16:54.777 10397  7422 I SDHMS:k : handleResumeComponent : put = com.samsung.android.lool, userid = 0 instanceid =8117174
03-31 13:16:54.777  2349  5484 I WindowManager: setOnBackInvokedCallback(): No window state for package:com.android.systemui
03-31 13:16:54.778  3951  4085 D HWUI    : CacheManager::trimMemory(20)
03-31 13:16:54.778  3951  4050 D InputTransport: Input channel destroyed: '5b58c5b', fd=671
03-31 13:16:54.779  3951  4050 I VRI[app]@76d8b33: onActiveControlsChanged, removed=true, mAdded=false, caller=android.view.ViewRootImpl.handleInsetsControlChanged:3002 android.view.ViewRootImpl$ViewRootHandler.handleMessageImpl:8352 android.view.ViewRootImpl$ViewRootHandler.handleMessage:8301 android.os.Handler.dispatchMessage:110 android.os.Looper.loopOnce:273 
03-31 13:16:54.779  1654  1654 I SSC_DAEMON: physical_sensor_test_req_msg Sensor type :6, Msg type:11
03-31 13:16:54.780  1562  1562 I SehLight: sub_lcd : 33-
03-31 13:16:54.780  1545  1569 D BatteryDump: wait_for_battery_event : occurred : change@/devices/platform/soc/ae00000.qcom,mdss_mdp/backlight/panel1-backlight 
03-31 13:16:54.780  2349  2478 D SurfaceComposerClient: [SEC_SF_EFFECTS] setBackgroundBlurRadius ## Dim Layer for - Task=1614#27457 backgroundBlurRadius=0
03-31 13:16:54.781  1654  2883 I SSC_DAEMON: light_msg(6/11): br 33 (lux 356,idx 1) - 0,1,1
03-31 13:16:54.781  2349  3131 I CocktailBarManagerServiceContainer: handleMessage: entry what = 5
03-31 13:16:54.781  1676  1676 D SurfaceFlinger: Display 4630946213010294403 HWC layers:
03-31 13:16:54.781  1676  1676 D SurfaceFlinger:        CLIENT |           16969415812112 | 00000100 | RGBA_8888    |    0.0    0.0  904.0 2316.0 |    0    0  904 2316 | Wallpaper BBQ wrapper 17_system#128 (34)
03-31 13:16:54.781  1676  1676 D SurfaceFlinger:        CLIENT |           18365280161825 | 00002100 | RGBA_8888    |    0.0    0.0  904.0 2316.0 |    0    0  904 2316 | com.sec.android.app.launcher/com.sec[...]ivities.LauncherActivity$_4276#27302 (blurRegions) (525)
03-31 13:16:54.781  1676  1676 D SurfaceFlinger:        CLIENT |                        0 | 00000000 | N/A          |    0.0    0.0    0.0    0.0 |    0    0  904 2316 | Dim Layer for - Task=1614#27457 (0)
03-31 13:16:54.781  1676  1676 D SurfaceFlinger:        DEVICE |          114808770789386 | 00002100 | RGBA_8888    |   42.0    0.0  946.0  871.0 |    0 1361  904 2232 | com.samsung.android.lool/com.samsung[...].AppErrorDialogActivity$_26731#27402 (blurRegions) (3)
03-31 13:16:54.781  1676  1676 D SurfaceFlinger:        DEVICE |           16969415813161 | 00002100 | RGBA_8888    |    0.0    0.0  904.0   87.0 |    0    0  904   87 | StatusBar$_3951#122 (97132)
03-31 13:16:54.781  1676  1676 D SurfaceFlinger:        DEVICE |           18365280161808 | 00002100 | RGBA_8888    |    0.0    
03-31 13:16:54.781  1676  1676 D SurfaceFlinger: 0.0   67.0  451.0 |    0  493   67  944 | com.sec.android.app.launcher/com.sam[...]l.app.CocktailBarService$_4276#27160 (1)
03-31 13:16:54.781  1676  1676 D SurfaceFlinger:        DEVICE |           16969415813210 | 00002100 | RGBA_8888    |    0.0    0.0  904.0  126.0 |    0 2190  904 2316 | NavigationBar0$_3951#118 (27996)
03-31 13:16:54.781  1676  1676 D SurfaceFlinger: 
03-31 13:16:54.781  2349  3140 D BackgroundInstallControlService: Package event received: 0
03-31 13:16:54.781  2349  2349 I MdnieScenarioControlService: action  :  com.samsung.server.PowerManagerService.action.USER_ACTIVITY
03-31 13:16:54.782  1676  1676 I SurfaceFlinger: destroyed Dim Layer for - Task=1614#27439 form LifecycleManager
03-31 13:16:54.782  1676  1676 I SurfaceFlinger: [LayerHierarchy{RequestedLayerState{5b58c5b Splash Screen com.weejobs.app#27447 z=2147483647} 1 children}] reparent to OffscreenRoot
03-31 13:16:54.782  1676  1676 I SurfaceFlinger: [LayerHierarchy{RequestedLayerState{5b58c5b Splash Screen com.weejobs.app#27447 z=2147483647} 1 children}] RelativeParent to null
03-31 13:16:54.782  1676  1676 I SurfaceFlinger: [LayerHierarchy{RequestedLayerState{Splash Screen com.weejobs.app$_3951#27448} no children}] reparent to OffscreenRoot
03-31 13:16:54.782  1676  1676 I SurfaceFlinger: [LayerHierarchy{RequestedLayerState{Splash Screen com.weejobs.app$_3951#27448} no children}] RelativeParent to null
03-31 13:16:54.782  1676  1676 I SurfaceFlinger: id=27439 onLayerDestroyed from LayerHierarchyBuilder(RequestedLayerState{Dim Layer for - Task=1614#27439 !handle z=-1})
03-31 13:16:54.782  4276  4276 I HoneySpace.EdgePanel.CocktailHostRepositoryImpl: onNoteResume
03-31 13:16:54.782  4276  4276 I HoneySpace.EdgePanel.EdgePanelContainerViewModel: cocktailHostRepository.edgePanelOperation NoteResumeComponent(componentName=ComponentInfo{com.samsung.android.lool/com.samsung.android.sm.iafd.dialog.AppErrorDialogActivity})
03-31 13:16:54.782  4276  4276 I HoneySpace.EdgePanel.ActivityUtils: HomePackage : com.sec.android.app.launcher, resumePackageName : com.samsung.android.lool, className : com.samsung.android.sm.iafd.dialog.AppErrorDialogActivity
03-31 13:16:54.782  2349  5246 D InputDispatcher: Focus entered window (0): c7a706d com.samsung.android.lool/com.samsung.android.sm.iafd.dialog.AppErrorDialogActivity
03-31 13:16:54.782 10363 21489 W ContextImpl: Calling a method in the system process without a qualified user: android.app.ContextImpl.sendBroadcast:1350 android.content.ContextWrapper.sendBroadcast:520 com.sec.android.diagmonagent.dma.dropbox.FCDetectionService.c:162 X.b.doInBackground:50 android.os.AsyncTask$3.call:394 
03-31 13:16:54.782  1676  1676 I Layer   : id=27439 Destroyed Dim Layer for - Task=1614#27439
03-31 13:16:54.782 26731 26731 I ImeFocusController: onPreWindowFocus: skipped hasWindowFocus=true mHasImeFocus=false
03-31 13:16:54.783  1676  1676 I SurfaceFlinger: id=27448 Removed Splash Screen com.weejobs.app$_3951#27448 (217)
03-31 13:16:54.783 26731 26731 I ImeFocusController: onPostWindowFocus: skipped hasWindowFocus=true mHasImeFocus=false
03-31 13:16:54.783  2349  3460 E ActivityManager: Sending non-protected broadcast com.sec.android.intent.action.APP_HQM_SEND_REQ from system 10363:com.sec.android.diagmonagent/1000 pkg com.sec.android.diagmonagent
03-31 13:16:54.783  2349  3460 E ActivityManager: java.lang.Throwable
03-31 13:16:54.783  2349  3460 E ActivityManager: 	at com.android.server.am.BroadcastController.checkBroadcastFromSystem(qb/106584216 0dc300d8f72c9fc2b39686cc8488b4fcabb062277cf172d256c4c25ebc4887f8:252)
03-31 13:16:54.783  2349  3460 E ActivityManager: 	at com.android.server.am.BroadcastController.broadcastIntentLockedTraced(qb/106584216 0dc300d8f72c9fc2b39686cc8488b4fcabb062277cf172d256c4c25ebc4887f8:344)
03-31 13:16:54.783  2349  3460 E ActivityManager: 	at com.android.server.am.BroadcastController.broadcastIntentLocked(qb/106584216 0dc300d8f72c9fc2b39686cc8488b4fcabb062277cf172d256c4c25ebc4887f8:18)
