03-31 13:40:00.329 I/VRI[LauncherActivity]@db31459( 4276): mWNT: t=0xb400006ed39966d0 mBlastBufferQueue=0xb400006e639914e0 fn= 7 HdrRenderState mRenderHdrSdrRatio=1.0 caller= com.android.systemui.shared.launcher.ViewRootImplCompat.mergeWithNextTransaction:4 com.honeyspace.transition.utils.SurfaceTransactionApplier.scheduleApply$lambda$1:16 com.honeyspace.transition.utils.SurfaceTransactionApplier.b:0 
03-31 13:40:00.332 I/SurfaceFlinger( 1676): id=27748 createSurf, flag=20004, Dim Layer for - Display 0 name="Built-in Screen"#27748
03-31 13:40:00.336 E/SurfaceFlinger( 1676): alpha changed 1.000 -> 0.000 - Surface(name=48cd437 Application Error: com.weejobs.app)/@0x8b5eeb8 - animation-leash of window_animation#27747
03-31 13:40:00.336 I/SurfaceFlinger( 1676): RequestedLayer [Surface(name=48cd437 Application Err[...]tion-leash of window_animation#27747] hidden!! flag  from(1) --> to(0)
03-31 13:40:00.336 E/SurfaceFlinger( 1676): alpha changed 0.000 -> 0.000 - Surface(name=48cd437 Application Error: com.weejobs.app)/@0x8b5eeb8 - animation-leash of window_animation#27747
03-31 13:40:00.336 I/SurfaceFlinger( 1676): RequestedLayer [Application Error: com.weejobs.app#27745] hidden!! flag  from(1) --> to(0)
03-31 13:40:00.336 I/SurfaceFlinger( 1676): RequestedLayer [Dim Layer for - Display 0 name="Built-in Screen"#27748] hidden!! flag  from(1) --> to(0)
03-31 13:40:00.336 E/SurfaceFlinger( 1676): alpha changed 1.000 -> 0.000 - Dim Layer for - Display 0 name="Built-in Screen"#27748
03-31 13:40:00.336 I/SurfaceFlinger( 1676): [LayerHierarchy{RequestedLayerState{48cd437 Application Error: com.weejobs.app#27738 parentId=27747} 1 children}] reparent to LayerHierarchy{RequestedLayerState{Surface(name=48cd437 Application Error: com.weejobs.app)/@0x8b5eeb8 - animation-leash of window_animation#27747 parentId=27737} 1 children}
03-31 13:40:00.336 D/SurfaceComposerClient( 2349): [SEC_SF_EFFECTS] setBackgroundBlurRadius ## Dim Layer for - Display 0 name="Built-in Screen"#27748 backgroundBlurRadius=0
03-31 13:40:00.336 I/SurfaceFlinger( 1676): [Dim Layer for - Display 0 name="Built-in Screen"#27748] attach to parent LayerHierarchy{RequestedLayerState{Display 0 name="Built-in Screen"#50} 7 children}
03-31 13:40:00.336 D/SurfaceComposerClient( 2349): [SEC_SF_EFFECTS] setBackgroundBlurRadius ## Dim Layer for - Display 0 name="Built-in Screen"#27748 backgroundBlurRadius=0
03-31 13:40:00.336 I/HoneySpace.FloatingAnimator( 4276): [Player:A(0.292)] container x: 34.04426, y: 85.607635, scale : 0.9468781
03-31 13:40:00.338 I/VRI[LauncherActivity]@db31459( 4276): mWNT: t=0xb400006ed39c0a50 mBlastBufferQueue=0xb400006e639914e0 fn= 8 HdrRenderState mRenderHdrSdrRatio=1.0 caller= com.android.systemui.shared.launcher.ViewRootImplCompat.mergeWithNextTransaction:4 com.honeyspace.transition.utils.SurfaceTransactionApplier.scheduleApply$lambda$1:16 com.honeyspace.transition.utils.SurfaceTransactionApplier.b:0 
03-31 13:40:00.338 I/DisplayDeviceRepository( 2349): Display device changed render timings: "Built-in Screen", renderFrameRate=120.00001, presentationDeadlineNanos=9233333, appVsyncOffsetNanos=8333333, frameRateOverrides=[{uid=1000 frameRateHz=120.00001}, {uid=10039 frameRateHz=120.00001}, {uid=10140 frameRateHz=120.00001}, {uid=10789 frameRateHz=120.00001}]
03-31 13:40:00.338 E/CompositionEngine( 1676): [com.sec.android.app.launcher/com.sec.android.app.launcher.activities.LauncherActivity$_4276#27733] Invalid device requested composition type change: Client (1) --> Client (1)
03-31 13:40:00.339 D/SurfaceComposerClient( 2349): setCornerRadius ## a4b6524 com.sec.android.app.launcher/com.sec.android.app.launcher.activities.LauncherActivity#191 cornerRadius=0.000000
03-31 13:40:00.339 W/LocalDisplayAdapter( 2349): Ignoring request for invalid base mode id 10
03-31 13:40:00.339 D/SGM:GameManager( 2349): onDisplayChanged. displyId: 0, state: 2
03-31 13:40:00.339 D/SGM:FgCheckThread( 2349): onLooperPrepared(), msg: MSG_LCD_ON
03-31 13:40:00.339 D/AODManagerService( 2349): requestReCalToTSP IsSingleTouchMode = falserequestedReCalToTSP = false / previousDisplayState = ON
03-31 13:40:00.339 D/AudioFlinger( 1655): setParameters: filtered dev setParameters keyvalue screen_state=on
03-31 13:40:00.340 D/AHAL: AudioDevice( 1539): SetParameters: 1687: enter
03-31 13:40:00.340 D/LiftUpHandler( 2349): [LTW] Stopped already.
03-31 13:40:00.340 D/AHAL: AudioVoice( 1539): VoiceSetParameters: 168: Enter
03-31 13:40:00.340 D/AHAL: AudioVoice( 1539): VoiceSetParameters: 412: Exit ret: 0
03-31 13:40:00.340 E/AHAL: AudioDevice( 1539): SetParameters: 1698: Error in SecSetParameters -2
03-31 13:40:00.340 D/AHAL: AudioDevice( 1539): SetParameters: 1746:  - screen = on
03-31 13:40:00.340 I/PAL: ResourceManager( 1539): setParameter: 8265: Screen State:1
03-31 13:40:00.340 D/AHAL: AudioDevice( 1539): SetParameters: 2386: exit: screen_state=on
03-31 13:40:00.340 I/Audio_a2dpsink_hw( 1539): adev_set_parameters: kevpairs=[screen_state=on]
03-31 13:40:00.340 D/AS.DesktopModeHelper( 2349): onDisplayChanged: #Id=0
03-31 13:40:00.342 D/SurfaceFlinger( 1676): Display 4630946213010294403 HWC layers:
03-31 13:40:00.342 D/SurfaceFlinger( 1676):        CLIENT |           16969415812112 | 00000100 | RGBA_8888    |   89.0  228.0  815.0 2088.0 |    0    0  904 2316 | Wallpaper BBQ wrapper 17_system#128 (34)
03-31 13:40:00.342 D/SurfaceFlinger( 1676):        CLIENT |           18365280161854 | 00002100 | RGBA_8888    |    0.0    0.0  904.0 2316.0 |    0    0  904 2316 | com.sec.android.app.launcher/com.sec[...]ivities.LauncherActivity$_4276#27733 (blurRegions) (7)
03-31 13:40:00.342 D/SurfaceFlinger( 1676):        CLIENT |           37671158153217 | 00002102 | RGBA_8888    |    0.0    3.0  904.0 2311.0 |   20   52  896 2286 | com.weejobs.app/com.weejobs.app.MainActivity$_8771#27727 (23)
03-31 13:40:00.342 D/SurfaceFlinger( 1676):        DEVICE |           10088878189838 | 00002100 | RGBA_8888    |   42.0    0.0  946.0  664.0 |    0 1652  904 2316 | Application Error: com.weejobs.app#27745 (blurRegions) (2)
03-31 13:40:00.342 D/SurfaceFlinger( 1676):        DEVICE |           16969415813161 | 00002100 | RGBA_8888    |    0.0    0.0  904.0   87.0 |    0    0  904   87 | StatusBar$_3951#122 (97736)
03-31 13:40:00.342 D/SurfaceFlinger( 1676):        DEVICE |           18365280161808 | 00002100 | RGBA_8888    |    0.0    0.0   67.0  4
03-31 13:40:00.342 D/SurfaceFlinger( 1676): 51.0 |    0  493   67  944 | com.sec.android.app.launcher/com.sam[...]l.app.CocktailBarService$_4276#27160 (1)
03-31 13:40:00.342 D/SurfaceFlinger( 1676):        DEVICE |           16969415813209 | 00002100 | RGBA_8888    |    0.0    0.0  904.0  126.0 |    0 2190  904 2316 | NavigationBar0$_3951#118 (28319)
03-31 13:40:00.342 D/SurfaceFlinger( 1676): 
03-31 13:40:00.345 E/SurfaceFlinger( 1676): alpha changed 0.000 -> 0.081 - Surface(name=48cd437 Application Error: com.weejobs.app)/@0x8b5eeb8 - animation-leash of window_animation#27747
03-31 13:40:00.345 D/SurfaceComposerClient( 2349): [SEC_SF_EFFECTS] setBackgroundBlurRadius ## Dim Layer for - Display 0 name="Built-in Screen"#27748 backgroundBlurRadius=0
03-31 13:40:00.345 I/HoneySpace.FloatingAnimator( 4276): [Player:A(0.292)] container x: 56.362606, y: 141.72932, scale : 0.91205287
03-31 13:40:00.346 I/VRI[LauncherActivity]@db31459( 4276): mWNT: t=0xb400006ed3a472d0 mBlastBufferQueue=0xb400006e639914e0 fn= 9 HdrRenderState mRenderHdrSdrRatio=1.0 caller= com.android.systemui.shared.launcher.ViewRootImplCompat.mergeWithNextTransaction:4 com.honeyspace.transition.utils.SurfaceTransactionApplier.scheduleApply$lambda$1:16 com.honeyspace.transition.utils.SurfaceTransactionApplier.b:0 
03-31 13:40:00.346 E/CompositionEngine( 1676): [com.sec.android.app.launcher/com.sec.android.app.launcher.activities.LauncherActivity$_4276#27733] Invalid device requested composition type change: Client (1) --> Client (1)
03-31 13:40:00.350 D/InputDispatcher( 2349): Focus entered window (0): 48cd437 Application Error: com.weejobs.app
03-31 13:40:00.350 D/VRI[app]@5bbec9d( 2349): mThreadedRenderer.initializeIfNeeded()#2 mSurface={isValid=true 0xb400006ee39ce310}
03-31 13:40:00.350 I/ImeFocusController( 2349): onPreWindowFocus: skipped hasWindowFocus=true mHasImeFocus=false
03-31 13:40:00.350 I/ImeFocusController( 2349): onPostWindowFocus: skipped hasWindowFocus=true mHasImeFocus=false
03-31 13:40:00.351 I/FontLog (23739): (REDACTED) Received query %s, URI %s
03-31 13:40:00.351 I/FontLog (23739): (REDACTED) Query [%s] resolved to %s
03-31 13:40:00.353 E/SurfaceFlinger( 1676): alpha changed 0.000 -> 0.005 - Dim Layer for - Display 0 name="Built-in Screen"#27748
03-31 13:40:00.353 D/SurfaceComposerClient( 2349): [SEC_SF_EFFECTS] setBackgroundBlurRadius ## Dim Layer for - Display 0 name="Built-in Screen"#27748 backgroundBlurRadius=0
03-31 13:40:00.353 I/HoneySpace.FloatingAnimator( 4276): [Player:A(0.292)] container x: 82.039276, y: 206.29584, scale : 0.8719874
03-31 13:40:00.354 I/VRI[LauncherActivity]@db31459( 4276): mWNT: t=0xb400006ed3a48990 mBlastBufferQueue=0xb400006e639914e0 fn= 10 HdrRenderState mRenderHdrSdrRatio=1.0 caller= com.android.systemui.shared.launcher.ViewRootImplCompat.mergeWithNextTransaction:4 com.honeyspace.transition.utils.SurfaceTransactionApplier.scheduleApply$lambda$1:16 com.honeyspace.transition.utils.SurfaceTransactionApplier.b:0 
03-31 13:40:00.355 E/CompositionEngine( 1676): [com.sec.android.app.launcher/com.sec.android.app.launcher.activities.LauncherActivity$_4276#27733] Invalid device requested composition type change: Client (1) --> Client (1)
03-31 13:40:00.356 I/FontLog (23739): (REDACTED) Fetch %s end status %s
03-31 13:40:00.358 D/SurfaceFlinger( 1676): Display 4630946213010294403 HWC layers:
03-31 13:40:00.358 D/SurfaceFlinger( 1676):        CLIENT |           16969415812112 | 00000100 | RGBA_8888    |   66.0  168.0  838.0 2148.0 |    0    0  904 2316 | Wallpaper BBQ wrapper 17_system#128 (34)
03-31 13:40:00.358 D/SurfaceFlinger( 1676):        CLIENT |           18365280161856 | 00002100 | RGBA_8888    |    0.0    0.0  904.0 2316.0 |    0    0  904 2316 | com.sec.android.app.launcher/com.sec[...]ivities.LauncherActivity$_4276#27733 (blurRegions) (9)
03-31 13:40:00.358 D/SurfaceFlinger( 1676):        CLIENT |           37671158153219 | 00002102 | RGBA_8888    |    0.0    9.0  904.0 2302.0 |   56  142  881 2233 | com.weejobs.app/com.weejobs.app.MainActivity$_8771#27727 (25)
03-31 13:40:00.358 D/SurfaceFlinger( 1676):        CLIENT |                        0 | 00000000 | N/A          |    0.0    0.0    0.0    0.0 |    0    0  904 2316 | Dim Layer for - Display 0 name="Built-in Screen"#27748 (0)
03-31 13:40:00.358 D/SurfaceFlinger( 1676):        DEVICE |           10088878189838 | 00002100 | RGBA_8888    |   42.0    0.0  946.0  673.0 |    0 1643  904 2316 | Application Error: com.weejobs.app#27745 (blurRegions) (2)
03-31 13:40:00.358 D/SurfaceFlinger( 1676):        DEVICE |           16969415813161 | 00002100 | RGBA_88
03-31 13:40:00.358 D/SurfaceFlinger( 1676): 88    |    0.0    0.0  904.0   87.0 |    0    0  904   87 | StatusBar$_3951#122 (97736)
03-31 13:40:00.358 D/SurfaceFlinger( 1676):        DEVICE |           18365280161808 | 00002100 | RGBA_8888    |    0.0    0.0   67.0  451.0 |    0  493   67  944 | com.sec.android.app.launcher/com.sam[...]l.app.CocktailBarService$_4276#27160 (1)
03-31 13:40:00.358 D/SurfaceFlinger( 1676):        DEVICE |           16969415813252 | 00002100 | RGBA_8888    |    0.0    0.0  904.0  126.0 |    0 2190  904 2316 | NavigationBar0$_3951#118 (28321)
03-31 13:40:00.358 D/SurfaceFlinger( 1676): 
03-31 13:40:00.359 I/FontLog (23739): (REDACTED) Pulling font file for id = %d, cache size = %d
03-31 13:40:00.361 D/SurfaceComposerClient( 2349): [SEC_SF_EFFECTS] setBackgroundBlurRadius ## Dim Layer for - Display 0 name="Built-in Screen"#27748 backgroundBlurRadius=0
03-31 13:40:00.361 I/HoneySpace.FloatingAnimator( 4276): [Player:A(0.292)] container x: 114.77358, y: 288.60947, scale : 0.82090956
03-31 13:40:00.363 E/CompositionEngine( 1676): [com.sec.android.app.launcher/com.sec.android.app.launcher.activities.LauncherActivity$_4276#27733] Invalid device requested composition type change: Client (1) --> Client (1)
03-31 13:40:00.364 I/VRI[LauncherActivity]@db31459( 4276): mWNT: t=0xb400006ed39a7b50 mBlastBufferQueue=0xb400006e639914e0 fn= 11 HdrRenderState mRenderHdrSdrRatio=1.0 caller= com.android.systemui.shared.launcher.ViewRootImplCompat.mergeWithNextTransaction:4 com.honeyspace.transition.utils.SurfaceTransactionApplier.scheduleApply$lambda$1:16 com.honeyspace.transition.utils.SurfaceTransactionApplier.b:0 
03-31 13:40:00.364 I/FontLog (23739): (REDACTED) Pulling font file for id = %d, cache size = %d
03-31 13:40:00.370 I/HoneySpace.FloatingAnimator( 4276): [Player:A(0.292)] container x: 156.67287, y: 393.96936, scale : 0.7555307
03-31 13:40:00.370 D/SurfaceComposerClient( 2349): [SEC_SF_EFFECTS] setBackgroundBlurRadius ## Dim Layer for - Display 0 name="Built-in Screen"#27748 backgroundBlurRadius=0
03-31 13:40:00.371 I/VRI[LauncherActivity]@db31459( 4276): mWNT: t=0xb400006ed39aac50 mBlastBufferQueue=0xb400006e639914e0 fn= 12 HdrRenderState mRenderHdrSdrRatio=1.0 caller= com.android.systemui.shared.launcher.ViewRootImplCompat.mergeWithNextTransaction:4 com.honeyspace.transition.utils.SurfaceTransactionApplier.scheduleApply$lambda$1:16 com.honeyspace.transition.utils.SurfaceTransactionApplier.b:0 
03-31 13:40:00.371 E/CompositionEngine( 1676): [com.sec.android.app.launcher/com.sec.android.app.launcher.activities.LauncherActivity$_4276#27733] Invalid device requested composition type change: Client (1) --> Client (1)
03-31 13:40:00.378 D/SurfaceComposerClient( 2349): [SEC_SF_EFFECTS] setBackgroundBlurRadius ## Dim Layer for - Display 0 name="Built-in Screen"#27748 backgroundBlurRadius=0
03-31 13:40:00.378 I/HoneySpace.FloatingAnimator( 4276): [Player:A(0.292)] container x: 195.64717, y: 492.33112, scale : 0.69471604
03-31 13:40:00.379 I/VRI[LauncherActivity]@db31459( 4276): mWNT: t=0xb400006ed397ba10 mBlastBufferQueue=0xb400006e639914e0 fn= 13 HdrRenderState mRenderHdrSdrRatio=1.0 caller= com.android.systemui.shared.launcher.ViewRootImplCompat.mergeWithNextTransaction:4 com.honeyspace.transition.utils.SurfaceTransactionApplier.scheduleApply$lambda$1:16 com.honeyspace.transition.utils.SurfaceTransactionApplier.b:0 
03-31 13:40:00.379 E/CompositionEngine( 1676): [com.sec.android.app.launcher/com.sec.android.app.launcher.activities.LauncherActivity$_4276#27733] Invalid device requested composition type change: Client (1) --> Client (1)
03-31 13:40:00.382 D/io_stats( 1146): !@   8,0 r 74327179 1492167520 w 31250869 398999744 d 8373570 662070876 f 0 3025962 iot 31358360 0 th 0 0 0 pt 0 inp 0 0 478902.789
03-31 13:40:00.383 I/HYPER-HAL( 1561): [RequestManager.cpp]releaseLocked(): Released ID : 2840570
03-31 13:40:00.384 I/HoneySpace.PredictionDataSourceImpl( 4276): TYPE_SUGGESTED_APPS updated: 9
03-31 13:40:00.385 I/HoneySpace.PredictionDataSourceImpl( 4276): TYPE_RECOMMENDED_WIDGETS updated: 49
03-31 13:40:00.386 D/SurfaceComposerClient( 2349): [SEC_SF_EFFECTS] setBackgroundBlurRadius ## Dim Layer for - Display 0 name="Built-in Screen"#27748 backgroundBlurRadius=0
03-31 13:40:00.386 I/HoneySpace.FloatingAnimator( 4276): [Player:A(0.292)] container x: 233.97664, y: 588.138, scale : 0.63557243
03-31 13:40:00.387 D/MdnieScenarioControlService( 2349):  packageName : com.sec.android.app.launcher    className : com.sec.android.app.launcher.Launcher
03-31 13:40:00.387 I/VRI[LauncherActivity]@db31459( 4276): mWNT: t=0xb400006ed3a3e6d0 mBlastBufferQueue=0xb400006e639914e0 fn= 14 HdrRenderState mRenderHdrSdrRatio=1.0 caller= com.android.systemui.shared.launcher.ViewRootImplCompat.mergeWithNextTransaction:4 com.honeyspace.transition.utils.SurfaceTransactionApplier.scheduleApply$lambda$1:16 com.honeyspace.transition.utils.SurfaceTransactionApplier.b:0 
03-31 13:40:00.388 V/MdnieScenarioControlService( 2349): setUIMode from UI function(3)
03-31 13:40:00.388 E/CompositionEngine( 1676): [com.sec.android.app.launcher/com.sec.android.app.launcher.activities.LauncherActivity$_4276#27733] Invalid device requested composition type change: Client (1) --> Client (1)
03-31 13:40:00.395 D/SurfaceComposerClient( 2349): [SEC_SF_EFFECTS] setBackgroundBlurRadius ## Dim Layer for - Display 0 name="Built-in Screen"#27748 backgroundBlurRadius=0
03-31 13:40:00.395 I/HoneySpace.FloatingAnimator( 4276): [Player:A(0.292)] container x: 273.673, y: 688.41974, scale : 0.5737438
03-31 13:40:00.396 I/VRI[LauncherActivity]@db31459( 4276): mWNT: t=0xb400006ed3a265d0 mBlastBufferQueue=0xb400006e639914e0 fn= 15 HdrRenderState mRenderHdrSdrRatio=1.0 caller= com.android.systemui.shared.launcher.ViewRootImplCompat.mergeWithNextTransaction:4 com.honeyspace.transition.utils.SurfaceTransactionApplier.scheduleApply$lambda$1:16 com.honeyspace.transition.utils.SurfaceTransactionApplier.b:0 
03-31 13:40:00.396 E/CompositionEngine( 1676): [com.sec.android.app.launcher/com.sec.android.app.launcher.activities.LauncherActivity$_4276#27733] Invalid device requested composition type change: Client (1) --> Client (1)
03-31 13:40:00.403 D/SurfaceComposerClient( 2349): [SEC_SF_EFFECTS] setBackgroundBlurRadius ## Dim Layer for - Display 0 name="Built-in Screen"#27748 backgroundBlurRadius=0
03-31 13:40:00.403 I/HoneySpace.FloatingAnimator( 4276): [Player:A(0.292)] container x: 303.1821, y: 763.20154, scale : 0.5277823
03-31 13:40:00.404 I/VRI[LauncherActivity]@db31459( 4276): mWNT: t=0xb400006ed39b4f10 mBlastBufferQueue=0xb400006e639914e0 fn= 16 HdrRenderState mRenderHdrSdrRatio=1.0 caller= com.android.systemui.shared.launcher.ViewRootImplCompat.mergeWithNextTransaction:4 com.honeyspace.transition.utils.SurfaceTransactionApplier.scheduleApply$lambda$1:16 com.honeyspace.transition.utils.SurfaceTransactionApplier.b:0 
03-31 13:40:00.404 E/CompositionEngine( 1676): [com.sec.android.app.launcher/com.sec.android.app.launcher.activities.LauncherActivity$_4276#27733] Invalid device requested composition type change: Client (1) --> Client (1)
03-31 13:40:00.411 D/SurfaceComposerClient( 2349): [SEC_SF_EFFECTS] setBackgroundBlurRadius ## Dim Layer for - Display 0 name="Built-in Screen"#27748 backgroundBlurRadius=0
03-31 13:40:00.411 I/HoneySpace.FloatingAnimator( 4276): [Player:A(0.292)] container x: 331.7004, y: 833.4727, scale : 0.48430327
03-31 13:40:00.413 E/CompositionEngine( 1676): [com.sec.android.app.launcher/com.sec.android.app.launcher.activities.LauncherActivity$_4276#27733] Invalid device requested composition type change: Client (1) --> Client (1)
03-31 13:40:00.414 I/VRI[LauncherActivity]@db31459( 4276): mWNT: t=0xb400006ed3a1d490 mBlastBufferQueue=0xb400006e639914e0 fn= 17 HdrRenderState mRenderHdrSdrRatio=1.0 caller= com.android.systemui.shared.launcher.ViewRootImplCompat.mergeWithNextTransaction:4 com.honeyspace.transition.utils.SurfaceTransactionApplier.scheduleApply$lambda$1:16 com.honeyspace.transition.utils.SurfaceTransactionApplier.b:0 
03-31 13:40:00.414 W/DeviceStorageMonitorService( 2349): updateBroadcasts(/data) oldLevel:0, newLevel:0, seq:1
03-31 13:40:00.415 D/DeviceStorageMonitorService( 2349): Available File Node Number is [10858933]
03-31 13:40:00.415 W/DeviceStorageMonitorService( 2349): updateBroadcasts_filenode(/data) fn_oldLevel:0, fn_newLevel:0, seq:1
03-31 13:40:00.420 D/SurfaceComposerClient( 2349): [SEC_SF_EFFECTS] setBackgroundBlurRadius ## Dim Layer for - Display 0 name="Built-in Screen"#27748 backgroundBlurRadius=0
03-31 13:40:00.420 I/HoneySpace.FloatingAnimator( 4276): [Player:A(0.292)] container x: 357.7722, y: 899.6344, scale : 0.4437693
03-31 13:40:00.421 I/VRI[LauncherActivity]@db31459( 4276): mWNT: t=0xb400006ed3a1e0d0 mBlastBufferQueue=0xb400006e639914e0 fn= 18 HdrRenderState mRenderHdrSdrRatio=1.0 caller= com.android.systemui.shared.launcher.ViewRootImplCompat.mergeWithNextTransaction:4 com.honeyspace.transition.utils.SurfaceTransactionApplier.scheduleApply$lambda$1:16 com.honeyspace.transition.utils.SurfaceTransactionApplier.b:0 
03-31 13:40:00.421 E/CompositionEngine( 1676): [com.sec.android.app.launcher/com.sec.android.app.launcher.activities.LauncherActivity$_4276#27733] Invalid device requested composition type change: Client (1) --> Client (1)
03-31 13:40:00.428 D/SurfaceComposerClient( 2349): [SEC_SF_EFFECTS] setBackgroundBlurRadius ## Dim Layer for - Display 0 name="Built-in Screen"#27748 backgroundBlurRadius=0
03-31 13:40:00.428 I/HoneySpace.FloatingAnimator( 4276): [Player:A(0.292)] container x: 379.73303, y: 955.5463, scale : 0.40962666
03-31 13:40:00.428 E/HeatmapThread( 1665): ECT Thread time in milliseconds: 1774989600
03-31 13:40:00.429 D/HeatmapThread( 1665): !@ batteryplugType : 0
03-31 13:40:00.429 D/HeatmapThread( 1665): !@ batteryLevel : 0  batteryTemperature : 0 
03-31 13:40:00.429 D/HeatmapThread( 1665): !@ Heatmap currtime: 29583160
03-31 13:40:00.429 D/HeatmapThread( 1665): !@ Heatmap prevtime: 29583153
03-31 13:40:00.429 D/HeatmapThread( 1665): !@ Heatmap plugstarttime: 35791394
03-31 13:40:00.429 D/HeatmapThread( 1665): !@ Heatmap prevv_dsoh_update_time: 29571275
03-31 13:40:00.429 E/HeatmapThread( 1665): !@Could not open '/efs/FactoryApp/bsoh', errno = 13
03-31 13:40:00.429 E/HeatmapThread( 1665): !@ CAM Could not access BSOH EFS
03-31 13:40:00.429 E/HeatmapThread( 1665): !@ CAM New BSOH: 0
03-31 13:40:00.429 I/VRI[LauncherActivity]@db31459( 4276): mWNT: t=0xb400006ed3996dd0 mBlastBufferQueue=0xb400006e639914e0 fn= 19 HdrRenderState mRenderHdrSdrRatio=1.0 caller= com.android.systemui.shared.launcher.ViewRootImplCompat.mergeWithNextTransaction:4 com.honeyspace.transition.utils.SurfaceTransactionApplier.scheduleApply$lambda$1:16 com.honeyspace.transition.utils.SurfaceTransactionApplier.b:0 
03-31 13:40:00.429 E/CompositionEngine( 1676): [com.sec.android.app.launcher/com.sec.android.app.launcher.activities.LauncherActivity$_4276#27733] Invalid device requested composition type change: Client (1) --> Client (1)
03-31 13:40:00.436 D/SurfaceComposerClient( 2349): [SEC_SF_EFFECTS] setBackgroundBlurRadius ## Dim Layer for - Display 0 name="Built-in Screen"#27748 backgroundBlurRadius=0
03-31 13:40:00.436 I/HoneySpace.FloatingAnimator( 4276): [Player:A(0.292)] container x: 397.96976, y: 999.61914, scale : 0.38239685
03-31 13:40:00.437 I/VRI[LauncherActivity]@db31459( 4276): mWNT: t=0xb400006ed3a06190 mBlastBufferQueue=0xb400006e639914e0 fn= 20 HdrRenderState mRenderHdrSdrRatio=1.0 caller= com.android.systemui.shared.launcher.ViewRootImplCompat.mergeWithNextTransaction:4 com.honeyspace.transition.utils.SurfaceTransactionApplier.scheduleApply$lambda$1:16 com.honeyspace.transition.utils.SurfaceTransactionApplier.b:0 
03-31 13:40:00.438 E/CompositionEngine( 1676): [com.sec.android.app.launcher/com.sec.android.app.launcher.activities.LauncherActivity$_4276#27733] Invalid device requested composition type change: Client (1) --> Client (1)
03-31 13:40:00.445 D/SurfaceComposerClient( 2349): [SEC_SF_EFFECTS] setBackgroundBlurRadius ## Dim Layer for - Display 0 name="Built-in Screen"#27748 backgroundBlurRadius=0
03-31 13:40:00.445 I/HoneySpace.FloatingAnimator( 4276): [Player:A(0.292)] container x: 417.70932, y: 1049.959, scale : 0.35176334
03-31 13:40:00.446 E/CompositionEngine( 1676): [com.sec.android.app.launcher/com.sec.android.app.launcher.activities.LauncherActivity$_4276#27733] Invalid device requested composition type change: Client (1) --> Client (1)
03-31 13:40:00.447 I/VRI[LauncherActivity]@db31459( 4276): mWNT: t=0xb400006ed39c2810 mBlastBufferQueue=0xb400006e639914e0 fn= 21 HdrRenderState mRenderHdrSdrRatio=1.0 caller= com.android.systemui.shared.launcher.ViewRootImplCompat.mergeWithNextTransaction:4 com.honeyspace.transition.utils.SurfaceTransactionApplier.scheduleApply$lambda$1:16 com.honeyspace.transition.utils.SurfaceTransactionApplier.b:0 
03-31 13:40:00.453 D/SurfaceComposerClient( 2349): [SEC_SF_EFFECTS] setBackgroundBlurRadius ## Dim Layer for - Display 0 name="Built-in Screen"#27748 backgroundBlurRadius=0
03-31 13:40:00.453 I/HoneySpace.FloatingAnimator( 4276): [Player:A(0.292)] container x: 432.75052, y: 1087.7666, scale : 0.3284211
03-31 13:40:00.454 E/CompositionEngine( 1676): [com.sec.android.app.launcher/com.sec.android.app.launcher.activities.LauncherActivity$_4276#27733] Invalid device requested composition type change: Client (1) --> Client (1)
03-31 13:40:00.455 I/VRI[LauncherActivity]@db31459( 4276): mWNT: t=0xb400006ed397eb10 mBlastBufferQueue=0xb400006e639914e0 fn= 22 HdrRenderState mRenderHdrSdrRatio=1.0 caller= com.android.systemui.shared.launcher.ViewRootImplCompat.mergeWithNextTransaction:4 com.honeyspace.transition.utils.SurfaceTransactionApplier.scheduleApply$lambda$1:16 com.honeyspace.transition.utils.SurfaceTransactionApplier.b:0 
03-31 13:40:00.461 D/SurfaceComposerClient( 2349): [SEC_SF_EFFECTS] setBackgroundBlurRadius ## Dim Layer for - Display 0 name="Built-in Screen"#27748 backgroundBlurRadius=0
03-31 13:40:00.461 I/HoneySpace.FloatingAnimator( 4276): [Player:A(0.292)] container x: 446.35342, y: 1122.7693, scale : 0.3073109
03-31 13:40:00.463 E/CompositionEngine( 1676): [com.sec.android.app.launcher/com.sec.android.app.launcher.activities.LauncherActivity$_4276#27733] Invalid device requested composition type change: Client (1) --> Client (1)
03-31 13:40:00.463 I/VRI[LauncherActivity]@db31459( 4276): mWNT: t=0xb400006ed39babd0 mBlastBufferQueue=0xb400006e639914e0 fn= 23 HdrRenderState mRenderHdrSdrRatio=1.0 caller= com.android.systemui.shared.launcher.ViewRootImplCompat.mergeWithNextTransaction:4 com.honeyspace.transition.utils.SurfaceTransactionApplier.scheduleApply$lambda$1:16 com.honeyspace.transition.utils.SurfaceTransactionApplier.b:0 
03-31 13:40:00.465 D/SGM:GameManager( 2349): identifyGamePackage. com.sec.android.app.launcher, mCurrentUserId: 0, callingMethodInfo: com.samsung.android.game.IGameManagerService$Stub.onTransact(IGameManagerService.java:247)
03-31 13:40:00.470 D/SurfaceComposerClient( 2349): [SEC_SF_EFFECTS] setBackgroundBlurRadius ## Dim Layer for - Display 0 name="Built-in Screen"#27748 backgroundBlurRadius=0
03-31 13:40:00.470 I/HoneySpace.FloatingAnimator( 4276): [Player:A(0.292)] container x: 459.53842, y: 1155.935, scale : 0.28684926
03-31 13:40:00.471 I/VRI[LauncherActivity]@db31459( 4276): mWNT: t=0xb400006ed3a0df90 mBlastBufferQueue=0xb400006e639914e0 fn= 24 HdrRenderState mRenderHdrSdrRatio=1.0 caller= com.android.systemui.shared.launcher.ViewRootImplCompat.mergeWithNextTransaction:4 com.honeyspace.transition.utils.SurfaceTransactionApplier.scheduleApply$lambda$1:16 com.honeyspace.transition.utils.SurfaceTransactionApplier.b:0 
03-31 13:40:00.471 E/CompositionEngine( 1676): [com.sec.android.app.launcher/com.sec.android.app.launcher.activities.LauncherActivity$_4276#27733] Invalid device requested composition type change: Client (1) --> Client (1)
03-31 13:40:00.477 I/sensors-hal( 1553): handle_sns_client_event:205, auto_rotation_debug_2 mode,255,last,0, type,3,0 main,0.093,3.434,9.334 sub,0.077,3.680,-9.265, ar,0, h_ic,1, s,3, ver,14, pedo,1,e,1,i,3
03-31 13:40:00.478 D/SurfaceComposerClient( 2349): [SEC_SF_EFFECTS] setBackgroundBlurRadius ## Dim Layer for - Display 0 name="Built-in Screen"#27748 backgroundBlurRadius=0
03-31 13:40:00.478 I/HoneySpace.FloatingAnimator( 4276): [Player:A(0.292)] container x: 471.045, y: 1182.7325, scale : 0.27031672
03-31 13:40:00.479 E/CompositionEngine( 1676): [com.sec.android.app.launcher/com.sec.android.app.launcher.activities.LauncherActivity$_4276#27733] Invalid device requested composition type change: Client (1) --> Client (1)
03-31 13:40:00.480 I/VRI[LauncherActivity]@db31459( 4276): mWNT: t=0xb400006ed3a06a50 mBlastBufferQueue=0xb400006e639914e0 fn= 25 HdrRenderState mRenderHdrSdrRatio=1.0 caller= com.android.systemui.shared.launcher.ViewRootImplCompat.mergeWithNextTransaction:4 com.honeyspace.transition.utils.SurfaceTransactionApplier.scheduleApply$lambda$1:16 com.honeyspace.transition.utils.SurfaceTransactionApplier.b:0 
03-31 13:40:00.486 D/SurfaceComposerClient( 2349): [SEC_SF_EFFECTS] setBackgroundBlurRadius ## Dim Layer for - Display 0 name="Built-in Screen"#27748 backgroundBlurRadius=0
03-31 13:40:00.486 I/HoneySpace.FloatingAnimator( 4276): [Player:A(0.292)] container x: 480.81454, y: 1208.1337, scale : 0.255183
03-31 13:40:00.487 I/VRI[LauncherActivity]@db31459( 4276): mWNT: t=0xb400006ed39cab50 mBlastBufferQueue=0xb400006e639914e0 fn= 26 HdrRenderState mRenderHdrSdrRatio=1.0 caller= com.android.systemui.shared.launcher.ViewRootImplCompat.mergeWithNextTransaction:4 com.honeyspace.transition.utils.SurfaceTransactionApplier.scheduleApply$lambda$1:16 com.honeyspace.transition.utils.SurfaceTransactionApplier.b:0 
03-31 13:40:00.488 E/CompositionEngine( 1676): [com.sec.android.app.launcher/com.sec.android.app.launcher.activities.LauncherActivity$_4276#27733] Invalid device requested composition type change: Client (1) --> Client (1)
03-31 13:40:00.489 V/MdnieScenarioControlService( 2349): mAclOffEnabled : false
03-31 13:40:00.495 D/SurfaceComposerClient( 2349): [SEC_SF_EFFECTS] setBackgroundBlurRadius ## Dim Layer for - Display 0 name="Built-in Screen"#27748 backgroundBlurRadius=0
03-31 13:40:00.495 I/HoneySpace.FloatingAnimator( 4276): [Player:A(0.292)] container x: 490.44247, y: 1232.3256, scale : 0.24026863
03-31 13:40:00.496 I/VRI[LauncherActivity]@db31459( 4276): mWNT: t=0xb400006ed399ddd0 mBlastBufferQueue=0xb400006e639914e0 fn= 27 HdrRenderState mRenderHdrSdrRatio=1.0 caller= com.android.systemui.shared.launcher.ViewRootImplCompat.mergeWithNextTransaction:4 com.honeyspace.transition.utils.SurfaceTransactionApplier.scheduleApply$lambda$1:16 com.honeyspace.transition.utils.SurfaceTransactionApplier.b:0 
03-31 13:40:00.496 E/CompositionEngine( 1676): [com.sec.android.app.launcher/com.sec.android.app.launcher.activities.LauncherActivity$_4276#27733] Invalid device requested composition type change: Client (1) --> Client (1)
03-31 13:40:00.503 D/SurfaceComposerClient( 2349): [SEC_SF_EFFECTS] setBackgroundBlurRadius ## Dim Layer for - Display 0 name="Built-in Screen"#27748 backgroundBlurRadius=0
03-31 13:40:00.503 I/HoneySpace.FloatingAnimator( 4276): [Player:A(0.292)] container x: 498.43478, y: 1252.4077, scale : 0.22788796
03-31 13:40:00.504 E/CompositionEngine( 1676): [com.sec.android.app.launcher/com.sec.android.app.launcher.activities.LauncherActivity$_4276#27733] Invalid device requested composition type change: Client (1) --> Client (1)
03-31 13:40:00.505 I/VRI[LauncherActivity]@db31459( 4276): mWNT: t=0xb400006ed39b4650 mBlastBufferQueue=0xb400006e639914e0 fn= 28 HdrRenderState mRenderHdrSdrRatio=1.0 caller= com.android.systemui.shared.launcher.ViewRootImplCompat.mergeWithNextTransaction:4 com.honeyspace.transition.utils.SurfaceTransactionApplier.scheduleApply$lambda$1:16 com.honeyspace.transition.utils.SurfaceTransactionApplier.b:0 
03-31 13:40:00.511 D/SurfaceComposerClient( 2349): [SEC_SF_EFFECTS] setBackgroundBlurRadius ## Dim Layer for - Display 0 name="Built-in Screen"#27748 backgroundBlurRadius=0
03-31 13:40:00.511 I/HoneySpace.FloatingAnimator( 4276): [Player:A(0.292)] container x: 505.35184, y: 1269.7881, scale : 0.21717298
03-31 13:40:00.512 I/VRI[LauncherActivity]@db31459( 4276): mWNT: t=0xb400006ed39f0a90 mBlastBufferQueue=0xb400006e639914e0 fn= 29 HdrRenderState mRenderHdrSdrRatio=1.0 caller= com.android.systemui.shared.launcher.ViewRootImplCompat.mergeWithNextTransaction:4 com.honeyspace.transition.utils.SurfaceTransactionApplier.scheduleApply$lambda$1:16 com.honeyspace.transition.utils.SurfaceTransactionApplier.b:0 
03-31 13:40:00.513 E/CompositionEngine( 1676): [com.sec.android.app.launcher/com.sec.android.app.launcher.activities.LauncherActivity$_4276#27733] Invalid device requested composition type change: Client (1) --> Client (1)
03-31 13:40:00.520 E/SurfaceComposerClient( 4276): SurfaceComposerClient::Transaction::setAlpha: invalid alpha -0.015027, clamping
03-31 13:40:00.520 D/SurfaceComposerClient( 2349): [SEC_SF_EFFECTS] setBackgroundBlurRadius ## Dim Layer for - Display 0 name="Built-in Screen"#27748 backgroundBlurRadius=0
03-31 13:40:00.520 I/HoneySpace.FloatingAnimator( 4276): [Player:A(0.292)] container x: 512.5423, y: 1288.7839, scale : 0.20603436
03-31 13:40:00.521 I/VRI[LauncherActivity]@db31459( 4276): mWNT: t=0xb400006ed39f4450 mBlastBufferQueue=0xb400006e639914e0 fn= 30 HdrRenderState mRenderHdrSdrRatio=1.0 caller= com.android.systemui.shared.launcher.ViewRootImplCompat.mergeWithNextTransaction:4 com.honeyspace.transition.utils.SurfaceTransactionApplier.scheduleApply$lambda$1:16 com.honeyspace.transition.utils.SurfaceTransactionApplier.b:0 
03-31 13:40:00.521 E/CompositionEngine( 1676): [com.sec.android.app.launcher/com.sec.android.app.launcher.activities.LauncherActivity$_4276#27733] Invalid device requested composition type change: Client (1) --> Client (1)
03-31 13:40:00.528 E/SurfaceFlinger( 1676): alpha changed 0.002 -> 0.000 - Surface(name=Task=1630)/@0x95ac4ea_transition-leash#27744
03-31 13:40:00.528 E/SurfaceComposerClient( 4276): SurfaceComposerClient::Transaction::setAlpha: invalid alpha -0.027246, clamping
03-31 13:40:00.528 D/SurfaceComposerClient( 2349): [SEC_SF_EFFECTS] setBackgroundBlurRadius ## Dim Layer for - Display 0 name="Built-in Screen"#27748 backgroundBlurRadius=0
03-31 13:40:00.528 I/HoneySpace.FloatingAnimator( 4276): [Player:A(0.292)] container x: 518.2226, y: 1303.0668, scale : 0.19723524
03-31 13:40:00.529 I/DisplayDeviceRepository( 2349): Display device changed render timings: "Built-in Screen", renderFrameRate=120.00001, presentationDeadlineNanos=9233333, appVsyncOffsetNanos=8333333, frameRateOverrides=[{uid=1000 frameRateHz=120.00001}, {uid=10039 frameRateHz=120.00001}, {uid=10140 frameRateHz=120.00001}]
03-31 13:40:00.530 E/CompositionEngine( 1676): [com.sec.android.app.launcher/com.sec.android.app.launcher.activities.LauncherActivity$_4276#27733] Invalid device requested composition type change: Client (1) --> Client (1)
03-31 13:40:00.530 I/VRI[LauncherActivity]@db31459( 4276): mWNT: t=0xb400006ed3a0ce10 mBlastBufferQueue=0xb400006e639914e0 fn= 31 HdrRenderState mRenderHdrSdrRatio=1.0 caller= com.android.systemui.shared.launcher.ViewRootImplCompat.mergeWithNextTransaction:4 com.honeyspace.transition.utils.SurfaceTransactionApplier.scheduleApply$lambda$1:16 com.honeyspace.transition.utils.SurfaceTransactionApplier.b:0 
03-31 13:40:00.531 D/SurfaceComposerClient( 2349): setCornerRadius ## a4b6524 com.sec.android.app.launcher/com.sec.android.app.launcher.activities.LauncherActivity#191 cornerRadius=0.000000
03-31 13:40:00.531 W/LocalDisplayAdapter( 2349): Ignoring request for invalid base mode id 10
03-31 13:40:00.532 D/SurfaceFlinger( 1676): Display 4630946213010294403 HWC layers:
03-31 13:40:00.532 D/SurfaceFlinger( 1676):        CLIENT |           16969415812112 | 00000100 | RGBA_8888    |    8.0   21.0  896.0 2295.0 |    0    0  904 2316 | Wallpaper BBQ wrapper 17_system#128 (34)
03-31 13:40:00.532 D/SurfaceFlinger( 1676):        CLIENT |           18365280161855 | 00002100 | RGBA_8888    |    0.0    0.0  904.0 2316.0 |    0    0  904 2316 | com.sec.android.app.launcher/com.sec[...]ivities.LauncherActivity$_4276#27733 (blurRegions) (30)
03-31 13:40:00.532 D/SurfaceFlinger( 1676):        CLIENT |                        0 | 00000000 | N/A          |    0.0    0.0    0.0    0.0 |    0    0  904 2316 | Dim Layer for - Display 0 name="Built-in Screen"#27748 (0)
03-31 13:40:00.532 D/SurfaceFlinger( 1676):        DEVICE |           10088878189838 | 00002100 | RGBA_8888    |   42.0    0.0  946.0  680.0 |    0 1559  904 2239 | Application Error: com.weejobs.app#27745 (blurRegions) (2)
03-31 13:40:00.532 D/SurfaceFlinger( 1676):        DEVICE |           16969415813161 | 00002100 | RGBA_8888    |    0.0    0.0  904.0   87.0 |    0    0  904   87 | StatusBar$_3951#122 (97736)
03-31 13:40:00.532 D/SurfaceFlinger( 1676):        DEVICE |           18365280161808 | 00002100 | RGBA_8888    |    0.0    0.0   67.0  451
03-31 13:40:00.532 D/SurfaceFlinger( 1676): .0 |    0  493   67  944 | com.sec.android.app.launcher/com.sam[...]l.app.CocktailBarService$_4276#27160 (1)
03-31 13:40:00.532 D/SurfaceFlinger( 1676):        DEVICE |           16969415813211 | 00002100 | RGBA_8888    |    0.0    0.0  904.0  126.0 |    0 2190  904 2316 | NavigationBar0$_3951#118 (28334)
03-31 13:40:00.532 D/SurfaceFlinger( 1676): 
03-31 13:40:00.536 E/SurfaceComposerClient( 4276): SurfaceComposerClient::Transaction::setAlpha: invalid alpha -0.036481, clamping
03-31 13:40:00.536 D/SurfaceComposerClient( 2349): [SEC_SF_EFFECTS] setBackgroundBlurRadius ## Dim Layer for - Display 0 name="Built-in Screen"#27748 backgroundBlurRadius=0
03-31 13:40:00.537 I/HoneySpace.FloatingAnimator( 4276): [Player:A(0.292)] container x: 523.1719, y: 1315.5118, scale : 0.18956845
03-31 13:40:00.538 I/VRI[LauncherActivity]@db31459( 4276): mWNT: t=0xb400006ed39f3f10 mBlastBufferQueue=0xb400006e639914e0 fn= 32 HdrRenderState mRenderHdrSdrRatio=1.0 caller= com.android.systemui.shared.launcher.ViewRootImplCompat.mergeWithNextTransaction:4 com.honeyspace.transition.utils.SurfaceTransactionApplier.scheduleApply$lambda$1:16 com.honeyspace.transition.utils.SurfaceTransactionApplier.b:0 
03-31 13:40:00.538 E/CompositionEngine( 1676): [com.sec.android.app.launcher/com.sec.android.app.launcher.activities.LauncherActivity$_4276#27733] Invalid device requested composition type change: Client (1) --> Client (1)
03-31 13:40:00.545 E/SurfaceComposerClient( 4276): SurfaceComposerClient::Transaction::setAlpha: invalid alpha -0.042084, clamping
03-31 13:40:00.545 D/SurfaceComposerClient( 2349): [SEC_SF_EFFECTS] setBackgroundBlurRadius ## Dim Layer for - Display 0 name="Built-in Screen"#27748 backgroundBlurRadius=0
03-31 13:40:00.545 I/HoneySpace.FloatingAnimator( 4276): [Player:A(0.292)] container x: 528.61926, y: 1329.2094, scale : 0.18112999
03-31 13:40:00.546 I/VRI[LauncherActivity]@db31459( 4276): mWNT: t=0xb400006ed39c9d50 mBlastBufferQueue=0xb400006e639914e0 fn= 33 HdrRenderState mRenderHdrSdrRatio=1.0 caller= com.android.systemui.shared.launcher.ViewRootImplCompat.mergeWithNextTransaction:4 com.honeyspace.transition.utils.SurfaceTransactionApplier.scheduleApply$lambda$1:16 com.honeyspace.transition.utils.SurfaceTransactionApplier.b:0 
03-31 13:40:00.546 E/CompositionEngine( 1676): [com.sec.android.app.launcher/com.sec.android.app.launcher.activities.LauncherActivity$_4276#27733] Invalid device requested composition type change: Client (1) --> Client (1)
03-31 13:40:00.553 E/SurfaceComposerClient( 4276): SurfaceComposerClient::Transaction::setAlpha: invalid alpha -0.047539, clamping
03-31 13:40:00.553 D/SurfaceComposerClient( 2349): [SEC_SF_EFFECTS] setBackgroundBlurRadius ## Dim Layer for - Display 0 name="Built-in Screen"#27748 backgroundBlurRadius=0
03-31 13:40:00.553 I/HoneySpace.FloatingAnimator( 4276): [Player:A(0.292)] container x: 532.2678, y: 1338.3837, scale : 0.1754781
03-31 13:40:00.554 I/VRI[LauncherActivity]@db31459( 4276): mWNT: t=0xb400006ed3a31a10 mBlastBufferQueue=0xb400006e639914e0 fn= 34 HdrRenderState mRenderHdrSdrRatio=1.0 caller= com.android.systemui.shared.launcher.ViewRootImplCompat.mergeWithNextTransaction:4 com.honeyspace.transition.utils.SurfaceTransactionApplier.scheduleApply$lambda$1:16 com.honeyspace.transition.utils.SurfaceTransactionApplier.b:0 
03-31 13:40:00.555 E/CompositionEngine( 1676): [com.sec.android.app.launcher/com.sec.android.app.launcher.activities.LauncherActivity$_4276#27733] Invalid device requested composition type change: Client (1) --> Client (1)
03-31 13:40:00.561 E/SurfaceComposerClient( 4276): SurfaceComposerClient::Transaction::setAlpha: invalid alpha -0.048903, clamping
03-31 13:40:00.562 D/SurfaceComposerClient( 2349): [SEC_SF_EFFECTS] setBackgroundBlurRadius ## Dim Layer for - Display 0 name="Built-in Screen"#27748 backgroundBlurRadius=0
03-31 13:40:00.562 I/HoneySpace.FloatingAnimator( 4276): [Player:A(0.292)] container x: 535.9163, y: 1347.5579, scale : 0.16982621
03-31 13:40:00.562 I/VRI[LauncherActivity]@db31459( 4276): mWNT: t=0xb400006ed39d3750 mBlastBufferQueue=0xb400006e639914e0 fn= 35 HdrRenderState mRenderHdrSdrRatio=1.0 caller= com.android.systemui.shared.launcher.ViewRootImplCompat.mergeWithNextTransaction:4 com.honeyspace.transition.utils.SurfaceTransactionApplier.scheduleApply$lambda$1:16 com.honeyspace.transition.utils.SurfaceTransactionApplier.b:0 
03-31 13:40:00.563 E/CompositionEngine( 1676): [com.sec.android.app.launcher/com.sec.android.app.launcher.activities.LauncherActivity$_4276#27733] Invalid device requested composition type change: Client (1) --> Client (1)
03-31 13:40:00.570 E/SurfaceComposerClient( 4276): SurfaceComposerClient::Transaction::setAlpha: invalid alpha -0.050268, clamping
03-31 13:40:00.570 D/SurfaceComposerClient( 2349): [SEC_SF_EFFECTS] setBackgroundBlurRadius ## Dim Layer for - Display 0 name="Built-in Screen"#27748 backgroundBlurRadius=0
03-31 13:40:00.570 I/HoneySpace.FloatingAnimator( 4276): [Player:A(0.292)] container x: 539.48444, y: 1356.5298, scale : 0.16429901
03-31 13:40:00.571 I/VRI[LauncherActivity]@db31459( 4276): mWNT: t=0xb400006ed39fb7d0 mBlastBufferQueue=0xb400006e639914e0 fn= 36 HdrRenderState mRenderHdrSdrRatio=1.0 caller= com.android.systemui.shared.launcher.ViewRootImplCompat.mergeWithNextTransaction:4 com.honeyspace.transition.utils.SurfaceTransactionApplier.scheduleApply$lambda$1:16 com.honeyspace.transition.utils.SurfaceTransactionApplier.b:0 
03-31 13:40:00.571 E/CompositionEngine( 1676): [com.sec.android.app.launcher/com.sec.android.app.launcher.activities.LauncherActivity$_4276#27733] Invalid device requested composition type change: Client (1) --> Client (1)
03-31 13:40:00.578 E/SurfaceComposerClient( 4276): SurfaceComposerClient::Transaction::setAlpha: invalid alpha -0.049232, clamping
03-31 13:40:00.578 D/SurfaceComposerClient( 2349): [SEC_SF_EFFECTS] setBackgroundBlurRadius ## Dim Layer for - Display 0 name="Built-in Screen"#27748 backgroundBlurRadius=0
03-31 13:40:00.578 I/HoneySpace.FloatingAnimator( 4276): [Player:A(0.292)] container x: 541.95807, y: 1362.7496, scale : 0.16046716
03-31 13:40:00.579 I/VRI[LauncherActivity]@db31459( 4276): mWNT: t=0xb400006ed3a2e910 mBlastBufferQueue=0xb400006e639914e0 fn= 37 HdrRenderState mRenderHdrSdrRatio=1.0 caller= com.android.systemui.shared.launcher.ViewRootImplCompat.mergeWithNextTransaction:4 com.honeyspace.transition.utils.SurfaceTransactionApplier.scheduleApply$lambda$1:16 com.honeyspace.transition.utils.SurfaceTransactionApplier.b:0 
03-31 13:40:00.579 E/CompositionEngine( 1676): [com.sec.android.app.launcher/com.sec.android.app.launcher.activities.LauncherActivity$_4276#27733] Invalid device requested composition type change: Client (1) --> Client (1)
03-31 13:40:00.586 E/SurfaceComposerClient( 4276): SurfaceComposerClient::Transaction::setAlpha: invalid alpha -0.047134, clamping
03-31 13:40:00.586 D/SurfaceComposerClient( 2349): [SEC_SF_EFFECTS] setBackgroundBlurRadius ## Dim Layer for - Display 0 name="Built-in Screen"#27748 backgroundBlurRadius=0
03-31 13:40:00.587 I/HoneySpace.FloatingAnimator( 4276): [Player:A(0.292)] container x: 544.4317, y: 1368.9695, scale : 0.15663539
03-31 13:40:00.588 I/VRI[LauncherActivity]@db31459( 4276): mWNT: t=0xb400006ed3a46850 mBlastBufferQueue=0xb400006e639914e0 fn= 38 HdrRenderState mRenderHdrSdrRatio=1.0 caller= com.android.systemui.shared.launcher.ViewRootImplCompat.mergeWithNextTransaction:4 com.honeyspace.transition.utils.SurfaceTransactionApplier.scheduleApply$lambda$1:16 com.honeyspace.transition.utils.SurfaceTransactionApplier.b:0 
03-31 13:40:00.588 E/CompositionEngine( 1676): [com.sec.android.app.launcher/com.sec.android.app.launcher.activities.LauncherActivity$_4276#27733] Invalid device requested composition type change: Client (1) --> Client (1)
03-31 13:40:00.595 E/SurfaceComposerClient( 4276): SurfaceComposerClient::Transaction::setAlpha: invalid alpha -0.045035, clamping
03-31 13:40:00.595 D/SurfaceComposerClient( 2349): [SEC_SF_EFFECTS] setBackgroundBlurRadius ## Dim Layer for - Display 0 name="Built-in Screen"#27748 backgroundBlurRadius=0
03-31 13:40:00.595 I/HoneySpace.FloatingAnimator( 4276): [Player:A(0.292)] container x: 546.6068, y: 1374.439, scale : 0.15326597
03-31 13:40:00.596 I/VRI[LauncherActivity]@db31459( 4276): mWNT: t=0xb400006ed39b5ed0 mBlastBufferQueue=0xb400006e639914e0 fn= 39 HdrRenderState mRenderHdrSdrRatio=1.0 caller= com.android.systemui.shared.launcher.ViewRootImplCompat.mergeWithNextTransaction:4 com.honeyspace.transition.utils.SurfaceTransactionApplier.scheduleApply$lambda$1:16 com.honeyspace.transition.utils.SurfaceTransactionApplier.b:0 
03-31 13:40:00.596 E/CompositionEngine( 1676): [com.sec.android.app.launcher/com.sec.android.app.launcher.activities.LauncherActivity$_4276#27733] Invalid device requested composition type change: Client (1) --> Client (1)
03-31 13:40:00.603 E/SurfaceComposerClient( 4276): SurfaceComposerClient::Transaction::setAlpha: invalid alpha -0.040076, clamping
03-31 13:40:00.603 D/SurfaceComposerClient( 2349): [SEC_SF_EFFECTS] setBackgroundBlurRadius ## Dim Layer for - Display 0 name="Built-in Screen"#27748 backgroundBlurRadius=0
03-31 13:40:00.603 I/HoneySpace.FloatingAnimator( 4276): [Player:A(0.292)] container x: 548.0172, y: 1377.9852, scale : 0.15108112
03-31 13:40:00.605 E/CompositionEngine( 1676): [com.sec.android.app.launcher/com.sec.android.app.launcher.activities.LauncherActivity$_4276#27733] Invalid device requested composition type change: Client (1) --> Client (1)
03-31 13:40:00.605 I/VRI[LauncherActivity]@db31459( 4276): mWNT: t=0xb400006ed39db8d0 mBlastBufferQueue=0xb400006e639914e0 fn= 40 HdrRenderState mRenderHdrSdrRatio=1.0 caller= com.android.systemui.shared.launcher.ViewRootImplCompat.mergeWithNextTransaction:4 com.honeyspace.transition.utils.SurfaceTransactionApplier.scheduleApply$lambda$1:16 com.honeyspace.transition.utils.SurfaceTransactionApplier.b:0 
03-31 13:40:00.611 E/SurfaceComposerClient( 4276): SurfaceComposerClient::Transaction::setAlpha: invalid alpha -0.035116, clamping
03-31 13:40:00.611 D/SurfaceComposerClient( 2349): [SEC_SF_EFFECTS] setBackgroundBlurRadius ## Dim Layer for - Display 0 name="Built-in Screen"#27748 backgroundBlurRadius=0
03-31 13:40:00.612 I/HoneySpace.FloatingAnimator( 4276): [Player:A(0.292)] container x: 549.6039, y: 1381.9751, scale : 0.1486233
03-31 13:40:00.612 I/VRI[LauncherActivity]@db31459( 4276): mWNT: t=0xb400006ed39bee50 mBlastBufferQueue=0xb400006e639914e0 fn= 41 HdrRenderState mRenderHdrSdrRatio=1.0 caller= com.android.systemui.shared.launcher.ViewRootImplCompat.mergeWithNextTransaction:4 com.honeyspace.transition.utils.SurfaceTransactionApplier.scheduleApply$lambda$1:16 com.honeyspace.transition.utils.SurfaceTransactionApplier.b:0 
03-31 13:40:00.613 E/CompositionEngine( 1676): [com.sec.android.app.launcher/com.sec.android.app.launcher.activities.LauncherActivity$_4276#27733] Invalid device requested composition type change: Client (1) --> Client (1)
03-31 13:40:00.620 E/SurfaceComposerClient( 4276): SurfaceComposerClient::Transaction::setAlpha: invalid alpha -0.029535, clamping
03-31 13:40:00.620 D/SurfaceComposerClient( 2349): [SEC_SF_EFFECTS] setBackgroundBlurRadius ## Dim Layer for - Display 0 name="Built-in Screen"#27748 backgroundBlurRadius=0
03-31 13:40:00.620 I/HoneySpace.FloatingAnimator( 4276): [Player:A(0.292)] container x: 550.6056, y: 1384.4939, scale : 0.1470715
03-31 13:40:00.621 E/CompositionEngine( 1676): [com.sec.android.app.launcher/com.sec.android.app.launcher.activities.LauncherActivity$_4276#27733] Invalid device requested composition type change: Client (1) --> Client (1)
03-31 13:40:00.621 I/VRI[LauncherActivity]@db31459( 4276): mWNT: t=0xb400006ed3a27210 mBlastBufferQueue=0xb400006e639914e0 fn= 42 HdrRenderState mRenderHdrSdrRatio=1.0 caller= com.android.systemui.shared.launcher.ViewRootImplCompat.mergeWithNextTransaction:4 com.honeyspace.transition.utils.SurfaceTransactionApplier.scheduleApply$lambda$1:16 com.honeyspace.transition.utils.SurfaceTransactionApplier.b:0 
03-31 13:40:00.628 E/SurfaceComposerClient( 4276): SurfaceComposerClient::Transaction::setAlpha: invalid alpha -0.022974, clamping
03-31 13:40:00.628 D/SurfaceComposerClient( 2349): [SEC_SF_EFFECTS] setBackgroundBlurRadius ## Dim Layer for - Display 0 name="Built-in Screen"#27748 backgroundBlurRadius=0
03-31 13:40:00.628 I/HoneySpace.FloatingAnimator( 4276): [Player:A(0.292)] container x: 551.0518, y: 1385.6157, scale : 0.14638034
03-31 13:40:00.629 I/WindowManager( 2349): Reparenting to original parent: Surface(name=WindowToken{779bd5b type=2003 android.view.ViewRootImpl$W@5bbec9d})/@0xe82e491, destroy=true, surface=Surface(name=48cd437 Application Error: com.weejobs.app)/@0x8b5eeb8
03-31 13:40:00.630 D/SurfaceComposerClient( 2349): setCornerRadius ## a4b6524 com.sec.android.app.launcher/com.sec.android.app.launcher.activities.LauncherActivity#191 cornerRadius=0.000000
03-31 13:40:00.630 I/VRI[LauncherActivity]@db31459( 4276): mWNT: t=0xb400006ed3a027d0 mBlastBufferQueue=0xb400006e639914e0 fn= 43 HdrRenderState mRenderHdrSdrRatio=1.0 caller= com.android.systemui.shared.launcher.ViewRootImplCompat.mergeWithNextTransaction:4 com.honeyspace.transition.utils.SurfaceTransactionApplier.scheduleApply$lambda$1:16 com.honeyspace.transition.utils.SurfaceTransactionApplier.b:0 
03-31 13:40:00.630 E/CompositionEngine( 1676): [com.sec.android.app.launcher/com.sec.android.app.launcher.activities.LauncherActivity$_4276#27733] Invalid device requested composition type change: Client (1) --> Client (1)
03-31 13:40:00.637 E/SurfaceComposerClient( 4276): SurfaceComposerClient::Transaction::setAlpha: invalid alpha -0.015622, clamping
03-31 13:40:00.637 D/SurfaceComposerClient( 2349): [SEC_SF_EFFECTS] setBackgroundBlurRadius ## Dim Layer for - Display 0 name="Built-in Screen"#27748 backgroundBlurRadius=0
