03-31 13:43:17.094 I/SurfaceFlinger( 1676): id=27768 createSurf, flag=24000, Surface(name=1bba892 StatusBar)/@0x77f5e69 - animation-leash of insets_animation#27768
03-31 13:43:17.094 D/SurfaceComposerClient( 3951): setCornerRadius ## Task=1631#27756 cornerRadius=63.000000
03-31 13:43:17.094 D/QSClock ( 3951): onDarkChanged tint=DARK
03-31 13:43:17.095 D/WindowManager( 2349): makeSurface duration=1 leash=Surface(name=Surface(name=1bba892 StatusBar)/@0x77f5e69 - animation-leash of insets_animation)/@0xbbf1952
03-31 13:43:17.095 D/InsetsSourceProvider( 2349): updateControlForTarget: control=InsetsSourceControl: {fb6f0000 mType=statusBars initiallyVisible mSurfacePosition=Point(0, 0) mInsetsHint=Insets{left=0, top=87, right=0, bottom=0}}, target=Window{68ddaab u0 com.weejobs.app/com.weejobs.app.MainActivity}, from=com.android.server.wm.InsetsStateController.onControlTargetChanged:83 com.android.server.wm.InsetsPolicy.updateBarControlTarget:212 com.android.server.wm.DisplayPolicy.updateSystemBarAttributes:262 com.android.server.wm.WindowManagerService.updateFocusedWindowLocked:372 com.android.server.wm.WindowManagerService.relayoutWindow:1411 
03-31 13:43:17.095 I/WindowManager( 2349): Cancelling animation restarting=true, leash=Surface(name=Surface(name=45abe9 NavigationBar0)/@0x6ac041c - animation-leash of insets_animation)/@0x8d8f0cf
03-31 13:43:17.095 I/WindowManager( 2349): Reparenting to original parent: Surface(name=WindowToken{9f81ded type=2019 android.os.BinderProxy@4e9e817})/@0xa267825, destroy=false, surface=Surface(name=45abe9 NavigationBar0)/@0x6ac041c
03-31 13:43:17.095 I/WindowManager( 2349): Reparenting to leash, surface=Surface(name=45abe9 NavigationBar0)/@0x6ac041c, leashParent=Surface(name=WindowToken{9f81ded type=2019 android.os.BinderProxy@4e9e817})/@0xa267825
03-31 13:43:17.095 I/SurfaceFlinger( 1676): id=27769 createSurf, flag=24000, Surface(name=45abe9 NavigationBar0)/@0x6ac041c - animation-leash of insets_animation#27769
03-31 13:43:17.096 D/WindowManager( 2349): makeSurface duration=1 leash=Surface(name=Surface(name=45abe9 NavigationBar0)/@0x6ac041c - animation-leash of insets_animation)/@0x45ccd20
03-31 13:43:17.096 D/InsetsSourceProvider( 2349): updateControlForTarget: control=InsetsSourceControl: {a1630001 mType=navigationBars initiallyVisible mSurfacePosition=Point(0, 2190) mInsetsHint=Insets{left=0, top=0, right=0, bottom=126}}, target=Window{68ddaab u0 com.weejobs.app/com.weejobs.app.MainActivity}, from=com.android.server.wm.InsetsStateController.onControlTargetChanged:83 com.android.server.wm.InsetsPolicy.updateBarControlTarget:225 com.android.server.wm.DisplayPolicy.updateSystemBarAttributes:262 com.android.server.wm.WindowManagerService.updateFocusedWindowLocked:372 com.android.server.wm.WindowManagerService.relayoutWindow:1411 
03-31 13:43:17.096 I/ExpoModulesCore(10133): ✅ AppContext was initialized
03-31 13:43:17.096 D/WindowManager( 2349): updateSystemBarAttributes: displayId=0, focusedCanBeNavColorWin=false, win=Window{68ddaab u0 com.weejobs.app/com.weejobs.app.MainActivity}, navColorWin=Window{55a24a3 u0 Splash Screen com.weejobs.app}, caller=com.android.server.wm.WindowManagerService.updateFocusedWindowLocked:372 com.android.server.wm.WindowManagerService.relayoutWindow:1411 com.android.server.wm.Session.relayout:27 
03-31 13:43:17.096 D/WindowManager( 2349): updateSystemBarAttributes, bhv=1, apr=16, statusBarAprRegions=[AppearanceRegion{LIGHT_STATUS_BARS bounds=[0,0][904,2316]}], requestedVisibilities=-9
03-31 13:43:17.096 V/SystemKeyManager( 2349): updateFocusedWindow() is called, com.weejobs.app/com.weejobs.app.MainActivity
03-31 13:43:17.097 I/WindowManager( 2349): Relayout hash=68ddaab, pid=10133, syncId=-1: mAttrs={(0,0)(fillxfill) sim={adjust=resize forwardNavigation} layoutInDisplayCutoutMode=always ty=BASE_APPLICATION wanim=0x1030317
03-31 13:43:17.097 I/WindowManager( 2349):   fl=81810100
03-31 13:43:17.097 I/WindowManager( 2349):   pfl=100088c0
03-31 13:43:17.097 I/WindowManager( 2349):   vsysui=10
03-31 13:43:17.097 I/WindowManager( 2349):   apr=10
03-31 13:43:17.097 I/WindowManager( 2349):   bhv=1
03-31 13:43:17.097 I/WindowManager( 2349):   fitSides=0
03-31 13:43:17.097 I/WindowManager( 2349):   frameRateBoostOnTouch=true
03-31 13:43:17.097 I/WindowManager( 2349):   dvrrWindowFrameRateHint=true naviIconColor=0}
03-31 13:43:17.098 E/BufferQueueProducer(10133): Unable to open libpenguin.so: dlopen failed: library "libpenguin.so" not found.
03-31 13:43:17.098 E/com.weejobs.app(10133): Unable to open libpenguin.so: dlopen failed: library "libpenguin.so" not found.
03-31 13:43:17.098 W/libc    (10133): Access denied finding property "vendor.display.enable_optimal_refresh_rate"
03-31 13:43:17.098 I/BufferQueueProducer(10133): [](id:279500000000,api:0,p:1133956016,c:10133) setDequeueTimeout:2077252342
03-31 13:43:17.098 I/BLASTBufferQueue_Java(10133): new BLASTBufferQueue, mName= VRI[MainActivity]@6e5cec9 mNativeObject= 0xb400006e6397b380 caller= android.view.ViewRootImpl.updateBlastSurfaceIfNeeded:3585 android.view.ViewRootImpl.relayoutWindow:11685 android.view.ViewRootImpl.performTraversals:4804 android.view.ViewRootImpl.doTraversal:3924 android.view.ViewRootImpl$TraversalRunnable.run:12903 android.view.Choreographer$CallbackRecord.run:1901 android.view.Choreographer$CallbackRecord.run:1910 android.view.Choreographer.doCallbacks:1367 android.view.Choreographer.doFrame:1292 android.view.Choreographer$FrameDisplayEventReceiver.run:1870 
03-31 13:43:17.098 I/BLASTBufferQueue_Java(10133): update, w= 904 h= 2316 mName = VRI[MainActivity]@6e5cec9 mNativeObject= 0xb400006e6397b380 sc.mNativeObject= 0xb400006f33947a50 format= -1 caller= android.view.ViewRootImpl.updateBlastSurfaceIfNeeded:3590 android.view.ViewRootImpl.relayoutWindow:11685 android.view.ViewRootImpl.performTraversals:4804 android.view.ViewRootImpl.doTraversal:3924 android.view.ViewRootImpl$TraversalRunnable.run:12903 android.view.Choreographer$CallbackRecord.run:1901 
03-31 13:43:17.098 D/MdnieScenarioControlService( 2349):  packageName : com.weejobs.app    className : com.weejobs.app.MainActivity
03-31 13:43:17.099 V/MdnieScenarioControlService( 2349): setUIMode from UI function(3)
03-31 13:43:17.099 W/libc    (10133): Access denied finding property "vendor.display.enable_optimal_refresh_rate"
03-31 13:43:17.099 I/VRI[MainActivity]@6e5cec9(10133): Relayout returned: old=(0,0,904,2316) new=(0,0,904,2316) relayoutAsync=false req=(904,2316)0 dur=9 res=0x3 s={true 0xb400006ee396b370} ch=true seqId=0
03-31 13:43:17.099 I/VRI[MainActivity]@6e5cec9(10133): performConfigurationChange setNightDimText nightDimLevel=0
03-31 13:43:17.099 D/VRI[MainActivity]@6e5cec9(10133): mThreadedRenderer.initialize() mSurface={isValid=true 0xb400006ee396b370} hwInitialized=true
03-31 13:43:17.100 D/VRI[MainActivity]@6e5cec9(10133): reportNextDraw android.view.ViewRootImpl.performTraversals:5443 android.view.ViewRootImpl.doTraversal:3924 android.view.ViewRootImpl$TraversalRunnable.run:12903 android.view.Choreographer$CallbackRecord.run:1901 android.view.Choreographer$CallbackRecord.run:1910 
03-31 13:43:17.100 D/VRI[MainActivity]@6e5cec9(10133): Canceling draw. cancelDueToPreDrawListener=true cancelDueToSync=false
03-31 13:43:17.101 D/ActivityManager( 2349): Received BROADCAST intent 0x31d8fbe Key{broadcastIntent pkg=com.google.android.gms/com.google.android.gms.scheduler intent=act=com.google.android.gms.gcm.ACTION_CHECK_QUEUE xflg=0x4 cmp=com.google.android.gms/.gcm.nts.SchedulerInternalReceiver flags=0x2000000 u=0} requestCode=0 sent=0 from uid 1000
03-31 13:43:17.102 I/SurfaceFlinger( 1676): [LayerHierarchy{RequestedLayerState{45abe9 NavigationBar0#111 parentId=27769} 1 children}] reparent to LayerHierarchy{RequestedLayerState{Surface(name=45abe9 NavigationBar0)/@0x6ac041c - animation-leash of insets_animation#27769 parentId=110} 1 children}
03-31 13:43:17.102 I/SurfaceFlinger( 1676): [LayerHierarchy{RequestedLayerState{1bba892 StatusBar#115 parentId=27768} 1 children}] reparent to LayerHierarchy{RequestedLayerState{Surface(name=1bba892 StatusBar)/@0x77f5e69 - animation-leash of insets_animation#27768 parentId=114} 1 children}
03-31 13:43:17.102 I/SurfaceFlinger( 1676): [LayerHierarchy{RequestedLayerState{630de79 TaskbarWindow#3359 parentId=27767} 1 children}] reparent to LayerHierarchy{RequestedLayerState{Surface(name=630de79 TaskbarWindow)/@0xe72b262 - animation-leash of insets_animation#27767 parentId=3358} 1 children}
03-31 13:43:17.102 I/SurfaceFlinger( 1676): [LayerHierarchy{RequestedLayerState{Surface(name=45abe9 NavigationBar0)/@0x6ac041c - animation-leash of insets_animation#27763} no children}] reparent to OffscreenRoot
03-31 13:43:17.102 I/SurfaceFlinger( 1676): [LayerHierarchy{RequestedLayerState{Surface(name=45abe9 NavigationBar0)/@0x6ac041c - animation-leash of insets_animation#27763} no children}] RelativeParent to null
03-31 13:43:17.102 I/SurfaceFlinger( 1676): [LayerHierarchy{RequestedLayerState{Surface(name=1bba892 StatusBar)/@0x77f5e69 - animation-leash of insets_animation#27762} no children}] reparent to OffscreenRoot
03-31 13:43:17.102 I/SurfaceFlinger( 1676): [LayerHierarchy{RequestedLayerState{Surface(name=1bba892 StatusBar)/@0x77f5e69 - animation-leash of insets_animation#27762} no children}] RelativeParent to null
03-31 13:43:17.102 I/SurfaceFlinger( 1676): [LayerHierarchy{RequestedLayerState{Surface(name=630de79 TaskbarWindow)/@0xe72b262 - animation-leash of insets_animation#27761} no children}] reparent to OffscreenRoot
03-31 13:43:17.102 I/SurfaceFlinger( 1676): [LayerHierarchy{RequestedLayerState{Surface(name=630de79 TaskbarWindow)/@0xe72b262 - animation-leash of insets_animation#27761} no children}] RelativeParent to null
03-31 13:43:17.102 I/SurfaceFlinger( 1676): [Surface(name=1bba892 StatusBar)/@0x77f5e69 - animation-leash of insets_animation#27768] attach to parent LayerHierarchy{RequestedLayerState{WindowToken{cc12e1d type=2000 android.os.BinderProxy@c0490c7}#114 parentId=18} 1 children}
03-31 13:43:17.102 I/SurfaceFlinger( 1676): [Surface(name=45abe9 NavigationBar0)/@0x6ac041c - animation-leash of insets_animation#27769] attach to parent LayerHierarchy{RequestedLayerState{WindowToken{9f81ded type=2019 android.os.BinderProxy@4e9e817}#110 parentId=35} 1 children}
03-31 13:43:17.104 D/NavigationBar( 3951): onSystemBarAttributesChanged() -  displayId:0, appearance:16, packageName: com.weejobs.app (APPEARANCE_LIGHT_NAVIGATION_BARS ), navbarColorManagedByIme:false
03-31 13:43:17.106 D/SurfaceFlinger( 1676): [input] setFocusedWindow: 68ddaab com.weejobs.app/com.weejobs.app.MainActivity
03-31 13:43:17.108 D/SurfaceComposerClient( 3951): setCornerRadius ## Task=1631#27756 cornerRadius=63.000000
03-31 13:43:17.109 I/SurfaceFlinger( 1676): id=27761 Removed Surface(name=630de79 TaskbarWindow)/@0xe72b262 - animation-leash of insets_animation#27761 (195)
03-31 13:43:17.109 D/InputDispatcher( 2349): Once focus requested (0): 68ddaab com.weejobs.app/com.weejobs.app.MainActivity
03-31 13:43:17.109 D/InputDispatcher( 2349): Focus request (0): 68ddaab com.weejobs.app/com.weejobs.app.MainActivity but waiting because NO_WINDOW
03-31 13:43:17.109 I/WindowManager( 2349): notifyInsetsControlChanged, removed=false, win=Window{55a24a3 u0 Splash Screen com.weejobs.app}, caller=com.android.server.wm.InsetsStateController$$ExternalSyntheticLambda1.run:137 com.android.server.wm.WindowAnimator$$ExternalSyntheticLambda2.onTransactionCommitted:26 android.view.SurfaceControl$Transaction$$ExternalSyntheticLambda4.run:0 android.os.Handler.handleCallback:995 android.os.Handler.dispatchMessage:103 android.os.Looper.loopOnce:273 
03-31 13:43:17.109 I/VRI[app]@4c1a906( 3951): onActiveControlsChanged, removed=false, mAdded=true, caller=android.view.ViewRootImpl.handleInsetsControlChanged:3002 android.view.ViewRootImpl$ViewRootHandler.handleMessageImpl:8352 android.view.ViewRootImpl$ViewRootHandler.handleMessage:8301 android.os.Handler.dispatchMessage:110 android.os.Looper.loopOnce:273 
03-31 13:43:17.109 I/SurfaceFlinger( 1676): id=27762 Removed Surface(name=1bba892 StatusBar)/@0x77f5e69 - animation-leash of insets_animation#27762 (195)
03-31 13:43:17.110 I/SurfaceFlinger( 1676): id=27763 Removed Surface(name=45abe9 NavigationBar0)/@0x6ac041c - animation-leash of insets_animation#27763 (195)
03-31 13:43:17.110 I/SurfaceFlinger( 1676): destroyed Surface(name=45abe9 NavigationBar0)/@0x6ac041c - animation-leash of insets_animation#27763 form LifecycleManager
03-31 13:43:17.110 I/SurfaceFlinger( 1676): destroyed Surface(name=1bba892 StatusBar)/@0x77f5e69 - animation-leash of insets_animation#27762 form LifecycleManager
03-31 13:43:17.110 I/SurfaceFlinger( 1676): destroyed Surface(name=630de79 TaskbarWindow)/@0xe72b262 - animation-leash of insets_animation#27761 form LifecycleManager
03-31 13:43:17.110 I/SurfaceFlinger( 1676): id=27763 onLayerDestroyed from LayerHierarchyBuilder(RequestedLayerState{Surface(name=45abe9 NavigationBar0)/@0x6ac041c - animation-leash of insets_animation#27763 !handle})
03-31 13:43:17.110 I/SurfaceFlinger( 1676): id=27762 onLayerDestroyed from LayerHierarchyBuilder(RequestedLayerState{Surface(name=1bba892 StatusBar)/@0x77f5e69 - animation-leash of insets_animation#27762 !handle})
03-31 13:43:17.110 I/SurfaceFlinger( 1676): id=27761 onLayerDestroyed from LayerHierarchyBuilder(RequestedLayerState{Surface(name=630de79 TaskbarWindow)/@0xe72b262 - animation-leash of insets_animation#27761 !handle})
03-31 13:43:17.111 I/Layer   ( 1676): id=27763 Destroyed Surface(name=45abe9 NavigationBar0)/@0x6ac041c - animation-leash of insets_animation#27763
03-31 13:43:17.111 I/Layer   ( 1676): id=27762 Destroyed Surface(name=1bba892 StatusBar)/@0x77f5e69 - animation-leash of insets_animation#27762
03-31 13:43:17.111 I/Layer   ( 1676): id=27761 Destroyed Surface(name=630de79 TaskbarWindow)/@0xe72b262 - animation-leash of insets_animation#27761
03-31 13:43:17.112 D/SurfaceComposerClient( 3951): setCornerRadius ## Task=1631#27756 cornerRadius=63.000000
03-31 13:43:17.114 I/InsetsSourceConsumer(10133): applyRequestedVisibilityToControl: visible=true, type=statusBars, host=com.weejobs.app/com.weejobs.app.MainActivity
03-31 13:43:17.114 I/InsetsSourceConsumer(10133): applyRequestedVisibilityToControl: visible=true, type=navigationBars, host=com.weejobs.app/com.weejobs.app.MainActivity
03-31 13:43:17.115 W/unknown:BridgelessReact(10133): ReactHost{0}.getOrCreateReactInstanceTask(): Loading JS Bundle
03-31 13:43:17.115 W/unknown:BridgelessReact(10133): ReactHost{0}.getOrCreateReactInstanceTask(): DevSupportManager.onNewReactContextCreated()
03-31 13:43:17.115 W/unknown:BridgelessReact(10133): ReactHost{0}.startSurface(surfaceId = 0): Execute
03-31 13:43:17.119 W/unknown:BridgelessReact(10133): ReactHost{0}.ReactContext.onHostResume()
03-31 13:43:17.119 W/unknown:BridgelessReact(10133): ReactHost{0}.getOrCreateReactInstanceTask(): Executing ReactInstanceEventListeners
03-31 13:43:17.119 D/SurfaceComposerClient( 3951): setCornerRadius ## Task=1631#27756 cornerRadius=63.000000
03-31 13:43:17.127 D/SurfaceComposerClient( 3951): setCornerRadius ## Task=1631#27756 cornerRadius=63.000000
03-31 13:43:17.131 D/nativeloader(10133): Load /data/app/~~XIonnlGXV95aEGesMvhXTg==/com.weejobs.app-VPsUgwer1SZOezhaJYA0ww==/base.apk!/lib/arm64-v8a/libworklets.so using class loader ns clns-9 (caller=/data/app/~~XIonnlGXV95aEGesMvhXTg==/com.weejobs.app-VPsUgwer1SZOezhaJYA0ww==/base.apk!classes3.dex): ok
03-31 13:43:17.132 D/nativeloader(10133): Load /data/app/~~XIonnlGXV95aEGesMvhXTg==/com.weejobs.app-VPsUgwer1SZOezhaJYA0ww==/base.apk!/lib/arm64-v8a/libexpo-modules-core.so using class loader ns clns-9 (caller=/data/app/~~XIonnlGXV95aEGesMvhXTg==/com.weejobs.app-VPsUgwer1SZOezhaJYA0ww==/base.apk!classes3.dex): ok
03-31 13:43:17.134 W/BridgelessReactContext(10133): [WARNING] Bridgeless doesn't support CatalystInstance. Accessing an API that's not part of the new architecture is not encouraged usage.
03-31 13:43:17.136 D/SurfaceComposerClient( 3951): setCornerRadius ## Task=1631#27756 cornerRadius=63.000000
03-31 13:43:17.138 I/ExpoModulesCore(10133): ✅ JSI interop was installed
03-31 13:43:17.140 I/ExpoModulesCore(10133): ✅ Constants were exported
03-31 13:43:17.144 D/SurfaceComposerClient( 3951): setCornerRadius ## Task=1631#27756 cornerRadius=63.000000
03-31 13:43:17.151 I/NetworkScheduler.Stats(23739): (REDACTED) Task %s/%s started execution. cause:%s exec_start_elapsed_seconds: %s
03-31 13:43:17.152 W/unknown:ViewManagerPropertyUpdater(10133): Could not find generated setter for class com.reactnativestripesdk.CardFormViewManager
03-31 13:43:17.152 D/SurfaceComposerClient( 3951): setCornerRadius ## Task=1631#27756 cornerRadius=63.000000
03-31 13:43:17.153 W/unknown:ViewManagerPropertyUpdater(10133): Could not find generated setter for class com.facebook.react.uimanager.LayoutShadowNode
03-31 13:43:17.154 I/PlayGamesServices[GamesSyncAdapter]( 9332): Starting sync for 5f4493aa
03-31 13:43:17.154 W/unknown:ViewManagerPropertyUpdater(10133): Could not find generated setter for class com.swmansion.rnscreens.ScreenFooterManager
03-31 13:43:17.154 W/unknown:ViewManagerPropertyUpdater(10133): Could not find generated setter for class com.reactnativestripesdk.EmbeddedPaymentElementViewManager
03-31 13:43:17.155 W/unknown:ViewManagerPropertyUpdater(10133): Could not find generated setter for class expo.modules.kotlin.views.GroupViewManagerWrapper
03-31 13:43:17.155 W/unknown:ViewManagerPropertyUpdater(10133): Could not find generated setter for class com.swmansion.rnscreens.ScreenContainerViewManager
03-31 13:43:17.156 I/PlayGamesServices[GamesSyncAdapter]( 9332): Sync duration for 5f4493aa: 1
03-31 13:43:17.156 W/unknown:ViewManagerPropertyUpdater(10133): Could not find generated setter for class com.reactnativestripesdk.StripeContainerManager
03-31 13:43:17.156 W/unknown:ViewManagerPropertyUpdater(10133): Could not find generated setter for class com.swmansion.rnscreens.ModalScreenViewManager
03-31 13:43:17.157 W/unknown:ViewManagerPropertyUpdater(10133): Could not find generated setter for class com.reactnativestripesdk.NavigationBarManager
03-31 13:43:17.157 W/unknown:ViewManagerPropertyUpdater(10133): Could not find generated setter for class com.th3rdwave.safeareacontext.SafeAreaViewManager
03-31 13:43:17.157 I/NetworkScheduler.Stats(23739): (REDACTED) Task %s/%s started execution. cause:%s exec_start_elapsed_seconds: %s
03-31 13:43:17.158 W/unknown:ViewManagerPropertyUpdater(10133): Could not find generated setter for class com.th3rdwave.safeareacontext.SafeAreaViewShadowNode
03-31 13:43:17.158 W/unknown:ViewManagerPropertyUpdater(10133): Could not find generated setter for class com.swmansion.rnscreens.safearea.SafeAreaViewManager
03-31 13:43:17.158 W/unknown:ViewManagerPropertyUpdater(10133): Could not find generated setter for class com.swmansion.rnscreens.safearea.paper.SafeAreaViewShadowNode
03-31 13:43:17.158 W/unknown:ViewManagerPropertyUpdater(10133): Could not find generated setter for class com.swmansion.rnscreens.ScreenViewManager
03-31 13:43:17.158 W/unknown:ViewManagerPropertyUpdater(10133): Could not find generated setter for class com.reactnativestripesdk.PaymentMethodMessagingElementViewManager
03-31 13:43:17.158 W/unknown:ViewManagerPropertyUpdater(10133): Could not find generated setter for class expo.modules.kotlin.views.SimpleViewManagerWrapper
03-31 13:43:17.159 W/unknown:ViewManagerPropertyUpdater(10133): Could not find generated setter for class com.reactnativestripesdk.CardFieldViewManager
03-31 13:43:17.159 W/unknown:ViewManagerPropertyUpdater(10133): Could not find generated setter for class com.swmansion.rnscreens.ScreenStackViewManager
03-31 13:43:17.159 I/PlayGamesServices[GamesSyncAdapter]( 9332): Starting sync for 1704ad62
03-31 13:43:17.159 W/unknown:ViewManagerPropertyUpdater(10133): Could not find generated setter for class com.reactnativestripesdk.addresssheet.AddressSheetViewManager
03-31 13:43:17.160 W/unknown:ViewManagerPropertyUpdater(10133): Could not find generated setter for class com.swmansion.rnscreens.gamma.tabs.TabsHostViewManager
03-31 13:43:17.160 W/unknown:ViewManagerPropertyUpdater(10133): Could not find generated setter for class com.th3rdwave.safeareacontext.SafeAreaProviderManager
03-31 13:43:17.160 W/unknown:ViewManagerPropertyUpdater(10133): Could not find generated setter for class com.swmansion.rnscreens.SearchBarManager
03-31 13:43:17.160 I/PlayGamesServices[GamesSyncAdapter]( 9332): Sync duration for 1704ad62: 1
03-31 13:43:17.161 D/SurfaceComposerClient( 3951): setCornerRadius ## Task=1631#27756 cornerRadius=63.000000
03-31 13:43:17.161 W/unknown:ViewManagerPropertyUpdater(10133): Could not find generated setter for class com.swmansion.rnscreens.ScreenStackHeaderConfigViewManager
03-31 13:43:17.161 W/unknown:ViewManagerPropertyUpdater(10133): Could not find generated setter for class com.swmansion.rnscreens.ScreenContentWrapperManager
03-31 13:43:17.161 W/unknown:ViewManagerPropertyUpdater(10133): Could not find generated setter for class com.reactnativestripesdk.GooglePayButtonManager
03-31 13:43:17.162 W/unknown:ViewManagerPropertyUpdater(10133): Could not find generated setter for class com.swmansion.rnscreens.gamma.tabs.TabsScreenViewManager
03-31 13:43:17.162 W/unknown:ViewManagerPropertyUpdater(10133): Could not find generated setter for class com.swmansion.rnscreens.gamma.stack.host.StackHostViewManager
03-31 13:43:17.162 W/unknown:ViewManagerPropertyUpdater(10133): Could not find generated setter for class com.reactnativestripesdk.AuBECSDebitFormViewManager
03-31 13:43:17.162 W/unknown:ViewManagerPropertyUpdater(10133): Could not find generated setter for class com.swmansion.rnscreens.ScreenStackHeaderSubviewManager
03-31 13:43:17.163 W/unknown:ViewManagerPropertyUpdater(10133): Could not find generated setter for class com.swmansion.rnscreens.gamma.stack.screen.StackScreenViewManager
03-31 13:43:17.163 W/unknown:ViewManagerPropertyUpdater(10133): Could not find generated setter for class com.reactnativestripesdk.pushprovisioning.AddToWalletButtonManager
03-31 13:43:17.169 D/SurfaceComposerClient( 3951): setCornerRadius ## Task=1631#27756 cornerRadius=63.000000
03-31 13:43:17.175 W/unknown:ViewManagerPropertyUpdater(10133): Could not find generated setter for class com.facebook.react.views.safeareaview.ReactSafeAreaViewManager
03-31 13:43:17.176 W/unknown:ViewManagerPropertyUpdater(10133): Could not find generated setter for class com.facebook.react.views.modal.ReactModalHostManager
03-31 13:43:17.177 W/unknown:ViewManagerPropertyUpdater(10133): Could not find generated setter for class com.facebook.react.views.text.frescosupport.FrescoBasedReactTextInlineImageViewManager
03-31 13:43:17.177 W/unknown:ViewManagerPropertyUpdater(10133): Could not find generated setter for class com.facebook.react.views.text.frescosupport.FrescoBasedReactTextInlineImageShadowNode
03-31 13:43:17.178 D/SurfaceComposerClient( 3951): setCornerRadius ## Task=1631#27756 cornerRadius=63.000000
03-31 13:43:17.178 W/unknown:ViewManagerPropertyUpdater(10133): Could not find generated setter for class com.facebook.react.views.progressbar.ReactProgressBarViewManager
03-31 13:43:17.178 W/unknown:ViewManagerPropertyUpdater(10133): Could not find generated setter for class com.facebook.react.views.progressbar.ProgressBarShadowNode
03-31 13:43:17.179 W/unknown:ViewManagerPropertyUpdater(10133): Could not find generated setter for class com.facebook.react.views.scroll.ReactHorizontalScrollViewManager
03-31 13:43:17.180 W/unknown:ViewManagerPropertyUpdater(10133): Could not find generated setter for class com.facebook.react.views.image.ReactImageManager
03-31 13:43:17.181 W/unknown:ViewManagerPropertyUpdater(10133): Could not find generated setter for class com.facebook.react.views.text.ReactTextViewManager
03-31 13:43:17.181 W/unknown:ViewManagerPropertyUpdater(10133): Could not find generated setter for class com.facebook.react.views.text.ReactTextShadowNode
03-31 13:43:17.182 W/unknown:ViewManagerPropertyUpdater(10133): Could not find generated setter for class com.facebook.react.views.scroll.ReactHorizontalScrollContainerViewManager
03-31 13:43:17.182 W/unknown:ViewManagerPropertyUpdater(10133): Could not find generated setter for class com.facebook.react.views.unimplementedview.ReactUnimplementedViewManager
03-31 13:43:17.183 W/unknown:ViewManagerPropertyUpdater(10133): Could not find generated setter for class com.facebook.react.views.scroll.ReactScrollViewManager
03-31 13:43:17.184 W/PlayGamesServices[DataBroker]( 9332): No player ID found when refreshing
03-31 13:43:17.184 W/unknown:ViewManagerPropertyUpdater(10133): Could not find generated setter for class com.facebook.react.views.view.ReactViewManager
03-31 13:43:17.185 W/unknown:ViewManagerPropertyUpdater(10133): Could not find generated setter for class com.facebook.react.views.drawer.ReactDrawerLayoutManager
03-31 13:43:17.186 D/SurfaceComposerClient( 3951): setCornerRadius ## Task=1631#27756 cornerRadius=63.000000
03-31 13:43:17.186 W/unknown:ViewManagerPropertyUpdater(10133): Could not find generated setter for class com.facebook.react.views.switchview.ReactSwitchManager
03-31 13:43:17.186 W/unknown:ViewManagerPropertyUpdater(10133): Could not find generated setter for class com.facebook.react.views.switchview.ReactSwitchShadowNode
03-31 13:43:17.186 W/PlayGamesServices[DataBroker]( 9332): No player ID found when refreshing
03-31 13:43:17.187 W/PlayGamesServices[DataBroker]( 9332): No player ID found when refreshing
03-31 13:43:17.187 W/unknown:ViewManagerPropertyUpdater(10133): Could not find generated setter for class com.facebook.react.views.swiperefresh.SwipeRefreshLayoutManager
03-31 13:43:17.187 W/PlayGamesServices[DataBroker]( 9332): No player ID found when refreshing
03-31 13:43:17.187 W/PlayGamesServices[DataBroker]( 9332): No player ID found when refreshing
03-31 13:43:17.187 W/PlayGamesServices[DataBroker]( 9332): No player ID found when refreshing
03-31 13:43:17.187 W/PlayGamesServices[DataBroker]( 9332): No player ID found when refreshing
03-31 13:43:17.187 W/PlayGamesServices[DataBroker]( 9332): No player ID found when refreshing
03-31 13:43:17.187 W/PlayGamesServices[DataBroker]( 9332): No player ID found when refreshing
03-31 13:43:17.188 W/PlayGamesServices[DataBroker]( 9332): No player ID found when refreshing
03-31 13:43:17.188 W/PlayGamesServices[DataBroker]( 9332): No player ID found when refreshing
03-31 13:43:17.188 W/unknown:ViewManagerPropertyUpdater(10133): Could not find generated setter for class com.facebook.react.views.textinput.ReactTextInputManager
03-31 13:43:17.188 W/PlayGamesServices[DataBroker]( 9332): No player ID found when refreshing
03-31 13:43:17.188 W/PlayGamesServices[DataBroker]( 9332): No player ID found when refreshing
03-31 13:43:17.188 W/PlayGamesServices[DataBroker]( 9332): No player ID found when refreshing
03-31 13:43:17.188 W/PlayGamesServices[DataBroker]( 9332): No player ID found when refreshing
03-31 13:43:17.188 W/PlayGamesServices[DataBroker]( 9332): No player ID found when refreshing
03-31 13:43:17.189 W/unknown:ViewManagerPropertyUpdater(10133): Could not find generated setter for class com.facebook.react.views.textinput.ReactTextInputShadowNode
03-31 13:43:17.189 W/PlayGamesServices[DataBroker]( 9332): No player ID found when refreshing
03-31 13:43:17.189 W/PlayGamesServices[DataBroker]( 9332): No player ID found when refreshing
03-31 13:43:17.193 I/NetworkScheduler.Stats(23739): (REDACTED) Task %s/%s finished executing. cause:%s result: %s elapsed_millis: %s uptime_millis: %s exec_start_elapsed_seconds: %s
03-31 13:43:17.194 D/SurfaceComposerClient( 3951): setCornerRadius ## Task=1631#27756 cornerRadius=63.000000
03-31 13:43:17.199 I/NetworkScheduler.Stats(23739): (REDACTED) Task %s/%s finished executing. cause:%s result: %s elapsed_millis: %s uptime_millis: %s exec_start_elapsed_seconds: %s
03-31 13:43:17.199 W/PlayGamesServices[UiUtils]( 9332): AppVersion: Cannot find the installed destination app.
03-31 13:43:17.199 I/GetServiceValidatorImpl( 9332): (REDACTED) onGetService() from Client SDK version [%s], Module version [%s], PGA version [%s], Account [%s], Calling package [%s], Game package [%s]
03-31 13:43:17.200 W/GetGamesServiceReqFacto( 9332): Parsing request with ignored arguments. signInOptionsBundle [Bundle[{com.google.android.gms.signin.internal.serverClientId=null, com.google.android.gms.signin.internal.usePromptModeForAuthCode=true, com.google.android.gms.signin.internal.logSessionId=null, com.google.android.gms.signin.internal.hostedDomain=null, com.google.android.gms.signin.internal.offlineAccessRequested=false, com.google.android.gms.signin.internal.waitForAccessTokenRefresh=false, com.google.android.gms.signin.internal.clientRequestedAccount=Account {name=<<default account>>, type=com.google}, com.google.android.gms.signin.internal.idTokenRequested=false, com.google.android.gms.signin.internal.forceCodeForRefreshToken=false}]], isRetryingSignIn [false], skipWelcomePopup [false], requireGooglePlus [false]
03-31 13:43:17.200 V/MdnieScenarioControlService( 2349): mAclOffEnabled : false
03-31 13:43:17.200 I/GetGamesServiceReqFacto( 9332): Replacing request for `games` scope with `games_lite`
03-31 13:43:17.201 D/nativeloader(10133): Load /data/app/~~XIonnlGXV95aEGesMvhXTg==/com.weejobs.app-VPsUgwer1SZOezhaJYA0ww==/base.apk!/lib/arm64-v8a/librnscreens.so using class loader ns clns-9 (caller=/data/app/~~XIonnlGXV95aEGesMvhXTg==/com.weejobs.app-VPsUgwer1SZOezhaJYA0ww==/base.apk!classes5.dex): ok
03-31 13:43:17.202 D/SurfaceComposerClient( 3951): setCornerRadius ## Task=1631#27756 cornerRadius=63.000000
03-31 13:43:17.203 D/ActivityManager( 2349): unpendingScheduleServiceRestart: u=10134, drop=false
03-31 13:43:17.204 I/ReactNativeJS(10133): Running "main"
03-31 13:43:17.204 I/SignInPerformer-11( 9332): (REDACTED) Handling request [%s], isFirstPartyCaller [%s]
03-31 13:43:17.204 I/SignInPerformer-11( 9332): Successfully brokered first-party unauthenticated GamesService [CONTEXT service_id=1 ]
03-31 13:43:17.205 I/GetGamesServiceV2Op( 9332): (REDACTED) Successfully brokered GamesService for request %s
03-31 13:43:17.205 W/PlayGamesServices[UiUtils]( 9332): AppVersion: Cannot find the installed destination app.
03-31 13:43:17.206 W/PlayGamesServices[UiUtils]( 9332): AppVersionName: Cannot find the installed destination app.
03-31 13:43:17.207 W/PlayGamesServices[UiUtils]( 9332): AppVersion: Cannot find the installed destination app.
03-31 13:43:17.207 W/PlayGamesServices[UiUtils]( 9332): AppVersionName: Cannot find the installed destination app.
03-31 13:43:17.210 E/StripePushProvisioning(10133): PushProvisioning dependency not found
03-31 13:43:17.210 D/SurfaceComposerClient( 3951): setCornerRadius ## Task=1631#27756 cornerRadius=63.000000
03-31 13:43:17.215 I/ReactNativeJS(10133): '[routes-manifest] __EXPO_ROUTER_KEYS length=', 45
03-31 13:43:17.219 D/SurfaceComposerClient( 3951): setCornerRadius ## Task=1631#27756 cornerRadius=63.000000
03-31 13:43:17.225 I/NetworkScheduler.Stats(23739): (REDACTED) Task %s/%s started execution. cause:%s exec_start_elapsed_seconds: %s
03-31 13:43:17.227 D/SurfaceComposerClient( 3951): setCornerRadius ## Task=1631#27756 cornerRadius=63.000000
03-31 13:43:17.236 D/SurfaceComposerClient( 3951): setCornerRadius ## Task=1631#27756 cornerRadius=63.000000
03-31 13:43:17.242 I/NetworkScheduler.Stats(23739): (REDACTED) Task %s/%s started execution. cause:%s exec_start_elapsed_seconds: %s
03-31 13:43:17.243 I/PlayGamesServices[GamesSyncAdapter]( 9332): Starting sync for d1cb57dc
03-31 13:43:17.244 D/SurfaceComposerClient( 3951): setCornerRadius ## Task=1631#27756 cornerRadius=63.000000
03-31 13:43:17.244 I/PlayGamesServices[GamesSyncAdapter]( 9332): Sync duration for d1cb57dc: 1
03-31 13:43:17.253 D/SurfaceComposerClient( 3951): setCornerRadius ## Task=1631#27756 cornerRadius=63.000000
03-31 13:43:17.261 D/SurfaceComposerClient( 3951): setCornerRadius ## Task=1631#27756 cornerRadius=63.000000
03-31 13:43:17.265 W/PlayGamesServices[DataBroker]( 9332): No player ID found when refreshing
03-31 13:43:17.265 W/PlayGamesServices[DataBroker]( 9332): No player ID found when refreshing
03-31 13:43:17.265 W/PlayGamesServices[DataBroker]( 9332): No player ID found when refreshing
03-31 13:43:17.265 W/PlayGamesServices[DataBroker]( 9332): No player ID found when refreshing
03-31 13:43:17.265 W/PlayGamesServices[DataBroker]( 9332): No player ID found when refreshing
03-31 13:43:17.265 W/PlayGamesServices[DataBroker]( 9332): No player ID found when refreshing
03-31 13:43:17.265 W/PlayGamesServices[DataBroker]( 9332): No player ID found when refreshing
03-31 13:43:17.265 W/PlayGamesServices[DataBroker]( 9332): No player ID found when refreshing
03-31 13:43:17.266 W/PlayGamesServices[DataBroker]( 9332): No player ID found when refreshing
03-31 13:43:17.267 W/PlayGamesServices[UiUtils]( 9332): AppVersion: Cannot find the installed destination app.
03-31 13:43:17.268 W/PlayGamesServices[UiUtils]( 9332): AppVersionName: Cannot find the installed destination app.
03-31 13:43:17.271 D/SurfaceComposerClient( 3951): setCornerRadius ## Task=1631#27756 cornerRadius=63.000000
03-31 13:43:17.272 I/NetworkScheduler.Stats(23739): (REDACTED) Task %s/%s finished executing. cause:%s result: %s elapsed_millis: %s uptime_millis: %s exec_start_elapsed_seconds: %s
03-31 13:43:17.273 D/BoundBrokerSvc(23739): onRebind: Intent { act=com.google.android.gms.auth.aang.events.services.START dat=chimera-action:/... xflg=0x4 cmp=com.google.android.gms/.chimera.PersistentApiService }
03-31 13:43:17.277 D/SurfaceComposerClient( 3951): setCornerRadius ## Task=1631#27756 cornerRadius=63.000000
03-31 13:43:17.286 I/ReactNativeJS(10133): '[expo-image] NativeExpoImage available=', true
03-31 13:43:17.286 I/ReactNativeJS(10133): '[expo-image] ImageModule available=', true
03-31 13:43:17.286 D/SurfaceComposerClient( 3951): setCornerRadius ## Task=1631#27756 cornerRadius=63.000000
03-31 13:43:17.288 I/ReactNativeJS(10133): [app] using expo-file-system/legacy
03-31 13:43:17.288 E/ReactNativeJS(10133): [expo-router-inspector-init]
03-31 13:43:17.288 E/ReactNativeJS(10133): [expo-router-inspector-init-warn]
03-31 13:43:17.290 I/ReactNativeJS(10133): '[app] image import:', 'function', 'present'
03-31 13:43:17.291 E/unknown:ReactNative(10133): console.error: [expo-router-inspector-init], stack:
03-31 13:43:17.291 E/unknown:ReactNative(10133): _construct@1:604219
03-31 13:43:17.291 E/unknown:ReactNative(10133): Wrapper@1:2031091
03-31 13:43:17.291 E/unknown:ReactNative(10133): _callSuper@1:598670
03-31 13:43:17.291 E/unknown:ReactNative(10133): SyntheticError@1:1480309
03-31 13:43:17.291 E/unknown:ReactNative(10133): reactConsoleErrorHandler@1:603672
03-31 13:43:17.291 E/unknown:ReactNative(10133): anonymous@1:405202
03-31 13:43:17.291 E/unknown:ReactNative(10133): loadModuleImplementation@1:595217
03-31 13:43:17.291 E/unknown:ReactNative(10133): guardedLoadModule@1:594791
03-31 13:43:17.291 E/unknown:ReactNative(10133): metroRequire@1:594271
03-31 13:43:17.291 E/unknown:ReactNative(10133): get@1:946428
03-31 13:43:17.291 E/unknown:ReactNative(10133): metroContext@1:945997
03-31 13:43:17.291 E/unknown:ReactNative(10133): loadRoute@1:2091214
03-31 13:43:17.291 E/unknown:ReactNative(10133): _loop3@1:1737311
03-31 13:43:17.291 E/unknown:ReactNative(10133): getDirectoryTree@1:1082188
03-31 13:43:17.291 E/unknown:ReactNative(10133): getRoutes@1:1080289
03-31 13:43:17.291 E/unknown:ReactNative(10133): getRoutes@1:1080147
03-31 13:43:17.291 E/unknown:ReactNative(10133): useStore@1:996723
03-31 13:43:17.291 E/unknown:ReactNative(10133): ContextNavigator@1:1114016
03-31 13:43:17.291 E/unknown:ReactNative(10133): renderWithHooks@1:666959
03-31 13:43:17.291 E/unknown:ReactNative(10133): beginWork@1:698324
03-31 13:43:17.291 E/unknown:ReactNative(10133): workLoopSync@1:715062
03-31 13:43:17.291 E/unknown:ReactNative(10133): renderRootSync@1:714897
03-31 13:43:17.291 E/unknown:ReactNative(10133): performWorkOnRoot@1:711722
03-31 13:43:17.291 E/unknown:ReactNative(10133): performWorkOnRootViaSchedulerTask@1:662748
03-31 13:43:17.291 E/unknown:ReactNative(10133): console.error: [expo-router-inspector-init-warn], stack:
03-31 13:43:17.291 E/unknown:ReactNative(10133): _construct@1:604219
03-31 13:43:17.291 E/unknown:ReactNative(10133): Wrapper@1:2031091
03-31 13:43:17.291 E/unknown:ReactNative(10133): _callSuper@1:598670
03-31 13:43:17.291 E/unknown:ReactNative(10133): SyntheticError@1:1480309
03-31 13:43:17.291 E/unknown:ReactNative(10133): reactConsoleErrorHandler@1:603672
03-31 13:43:17.291 E/unknown:ReactNative(10133): anonymous@1:405222
03-31 13:43:17.291 E/unknown:ReactNative(10133): loadModuleImplementation@1:595217
03-31 13:43:17.291 E/unknown:ReactNative(10133): guardedLoadModule@1:594791
03-31 13:43:17.291 E/unknown:ReactNative(10133): metroRequire@1:594271
03-31 13:43:17.291 E/unknown:ReactNative(10133): get@1:946428
03-31 13:43:17.291 E/unknown:ReactNative(10133): metroContext@1:945997
03-31 13:43:17.291 E/unknown:ReactNative(10133): loadRoute@1:2091214
03-31 13:43:17.291 E/unknown:ReactNative(10133): _loop3@1:1737311
03-31 13:43:17.291 E/unknown:ReactNative(10133): getDirectoryTree@1:1082188
03-31 13:43:17.291 E/unknown:ReactNative(10133): getRoutes@1:1080289
03-31 13:43:17.291 E/unknown:ReactNative(10133): getRoutes@1:1080147
03-31 13:43:17.291 E/unknown:ReactNative(10133): useStore@1:996723
03-31 13:43:17.291 E/unknown:ReactNative(10133): ContextNavigator@1:1114016
03-31 13:43:17.291 E/unknown:ReactNative(10133): renderWithHooks@1:666959
03-31 13:43:17.291 E/unknown:ReactNative(10133): beginWork@1:698324
03-31 13:43:17.291 E/unknown:ReactNative(10133): workLoopSync@1:715062
03-31 13:43:17.291 E/unknown:ReactNative(10133): renderRootSync@1:714897
03-31 13:43:17.291 E/unknown:ReactNative(10133): performWorkOnRoot@1:711722
03-31 13:43:17.291 E/unknown:ReactNative(10133): performWorkOnRootViaSchedulerTask@1:662748
03-31 13:43:17.294 D/SurfaceComposerClient( 3951): setCornerRadius ## Task=1631#27756 cornerRadius=63.000000
03-31 13:43:17.301 I/NetworkScheduler.Stats(23739): (REDACTED) Task %s/%s started execution. cause:%s exec_start_elapsed_seconds: %s
03-31 13:43:17.302 I/PlayGamesServices[GamesSyncAdapter]( 9332): Starting sync for b17ff65a
03-31 13:43:17.303 I/PlayGamesServices[GamesSyncAdapter]( 9332): Sync duration for b17ff65a: 1
03-31 13:43:17.304 D/VRI[MainActivity]@6e5cec9(10133): Setup new sync=wmsSync-VRI[MainActivity]@6e5cec9#0
03-31 13:43:17.304 D/SurfaceComposerClient( 3951): setCornerRadius ## Task=1631#27756 cornerRadius=63.000000
03-31 13:43:17.304 I/VRI[MainActivity]@6e5cec9(10133): Creating new active sync group VRI[MainActivity]@6e5cec9#1
03-31 13:43:17.305 D/VRI[MainActivity]@6e5cec9(10133): Draw frame after cancel
03-31 13:43:17.305 D/VRI[MainActivity]@6e5cec9(10133): registerCallbacksForSync syncBuffer=false
03-31 13:43:17.306 D/VRI[MainActivity]@6e5cec9(10133): Received frameDrawingCallback syncResult=0 frameNum=1.
03-31 13:43:17.306 I/VRI[MainActivity]@6e5cec9(10133): mWNT: t=0xb400006ed3978c90 mBlastBufferQueue=0xb400006e6397b380 fn= 1 HdrRenderState mRenderHdrSdrRatio=1.0 caller= android.view.ViewRootImpl$12.onFrameDraw:15441 android.view.ThreadedRenderer$1.onFrameDraw:718 <bottom of call stack> 
03-31 13:43:17.306 I/VRI[MainActivity]@6e5cec9(10133): Setting up sync and frameCommitCallback
03-31 13:43:17.309 E/ReactNativeJS(10133): '[expo-router-inspector-early-write] fail', 'Error: Call to function \'ExponentFileSystem.writeAsStringAsync\' has been rejected.\n→ Caused by: java.io.IOException: Location \'/sdcard/Download/expo-router-inspector-early.txt\' isn\'t writable.'
03-31 13:43:17.310 E/unknown:ReactNative(10133): console.error: [expo-router-inspector-early-write] fail Error: Call to function 'ExponentFileSystem.writeAsStringAsync' has been rejected.
03-31 13:43:17.310 E/unknown:ReactNative(10133): → Caused by: java.io.IOException: Location '/sdcard/Download/expo-router-inspector-early.txt' isn't writable., stack:
03-31 13:43:17.310 E/unknown:ReactNative(10133): _construct@1:604219
03-31 13:43:17.310 E/unknown:ReactNative(10133): Wrapper@1:2031091
03-31 13:43:17.310 E/unknown:ReactNative(10133): _callSuper@1:598670
03-31 13:43:17.310 E/unknown:ReactNative(10133): SyntheticError@1:1480309
03-31 13:43:17.310 E/unknown:ReactNative(10133): reactConsoleErrorHandler@1:603672
03-31 13:43:17.310 E/unknown:ReactNative(10133): ?anon_0_@1:1820137
03-31 13:43:17.310 E/unknown:ReactNative(10133): asyncGeneratorStep@1:888416
03-31 13:43:17.310 E/unknown:ReactNative(10133): _throw@1:2281353
03-31 13:43:17.311 E/ReactNativeJS(10133): '[expo-router-inspector-early-write-external] fail', 'Error: Call to function \'ExponentFileSystem.writeAsStringAsync\' has been rejected.\n→ Caused by: java.io.IOException: Location \'/sdcard/Android/data/com.weejobs.app/files/expo-router-inspector-early.txt\' isn\'t writable.'
03-31 13:43:17.311 D/SurfaceComposerClient( 3951): setCornerRadius ## Task=1631#27756 cornerRadius=63.000000
03-31 13:43:17.311 I/BLASTBufferQueue(10133): [VRI[MainActivity]@6e5cec9#0](f:0,a:0,s:0) onFrameAvailable the first frame is available
03-31 13:43:17.312 I/SurfaceComposerClient(10133): apply transaction with the first frame. layerId: 27766, bufferData(ID: 43520903610371, frameNumber: 1)
03-31 13:43:17.312 V/WindowManagerShell( 3951): Transition animation finished (aborted=false), notifying core (#1691) android.os.BinderProxy@11d933a@0
03-31 13:43:17.312 I/SurfaceControlRegistry( 3951): apply, t=FinishTransaction_SyncId<1691>, caller=android.view.SurfaceControl$Transaction.apply:3459 android.view.SurfaceControl$Transaction.apply:3447 android.view.SurfaceControl$Transaction.apply:3397 com.android.wm.shell.transition.Transitions.onFinish:315 com.android.wm.shell.transition.Transitions$$ExternalSyntheticLambda7.onTransitionFinished:12 com.android.wm.shell.transition.DefaultTransitionHandler$$ExternalSyntheticLambda2.run:36 
03-31 13:43:17.312 I/SurfaceFlinger( 1676): [com.weejobs.app/com.weejobs.app.MainActivity$_10133#27766] setTransactionState with the first frame. bufferData(ID: 43520903610371, frameNumber: 1)
03-31 13:43:17.312 I/VRI[MainActivity]@6e5cec9(10133): Received frameCommittedCallback lastAttemptedDrawFrameNum=1 didProduceBuffer=true
03-31 13:43:17.313 D/HWUI    (10133): CFMS:: SetUp Pid : 10133    Tid : 10194
03-31 13:43:17.313 D/VRI[MainActivity]@6e5cec9(10133): reportDrawFinished seqId=0
03-31 13:43:17.313 V/WindowManager( 2349): Finish Transition: TransitionRecord{7516e1f id=1691 type=OPEN flags=0x0 c=[
03-31 13:43:17.313 V/WindowManager( 2349):    ChangeInfo{b227e2c container=Task{ad6ed3 #1407 type=home I=com.sec.android.app.launcher/.activities.LauncherActivity} flags=0x10}
03-31 13:43:17.313 V/WindowManager( 2349):    ChangeInfo{22950f5 container=WallpaperWindowToken{fb2395 showWhenLocked=false}_<system|non-primary> flags=0x0}
03-31 13:43:17.313 V/WindowManager( 2349):    ChangeInfo{4c04e8a container=Task{17917a5 #1 type=home} flags=0x10}
03-31 13:43:17.313 V/WindowManager( 2349):    ChangeInfo{f371604 container=Display{#0 state=ON size=904x2316 ROTATION_0} flags=0x0}
03-31 13:43:17.313 V/WindowManager( 2349):    ChangeInfo{e41c7ed container=DefaultTaskDisplayArea_d0@99508180 flags=0x0}
03-31 13:43:17.313 V/WindowManager( 2349):    ChangeInfo{68bacfb container=ActivityRecord{102437058 u0 com.sec.android.app.launcher/.activities.LauncherActivity t1407} flags=0x0}
03-31 13:43:17.313 V/WindowManager( 2349):    ChangeInfo{d4f5118 container=WallpaperWindowToken{7fd0108 showWhenLocked=true}_<lock|non-primary> flags=0x0}
03-31 13:43:17.313 V/WindowManager( 2349):    ChangeInfo{b3a8622 container=ActivityRecord{137594220 u0 com.weejobs.app/.MainActivity t1631} flags=0x0}
03-31 13:43:17.313 V/WindowManager( 2349):    ChangeInfo{60b0771 container=RemoteWallpaperAnim:1:1@212637009 flags=0x0}
03-31 13:43:17.313 V/WindowManager( 2349):    ChangeInfo{d15a8b3 container=Task{e1ee735 #1631 type=standard A=10789:com.weejobs.app} flags=0x10}
03-31 13:43:17.313 V/WindowManager( 2349): ]
03-31 13:43:17.313 V/WindowManager( 2349): }, caller=com.android.server.wm.WindowOrganizerController.finishTransitionInner:31 com.android.server.wm.WindowOrganizerController.finishAllTransitions:60 android.window.IWindowOrganizerController$Stub.onTransact:283 
03-31 13:43:17.314 V/WindowManager( 2349): Finish Transition (#1691): created at 03-31 13:43:16.883 collect-started=0.249ms request-sent=9.172ms started=25.258ms ready=70.443ms sent=73.74ms commit=4.325ms finished=430.607ms
03-31 13:43:17.314 V/WindowManager( 2349): Setting visibility of Window{a4b6524 u0 com.sec.android.app.launcher/com.sec.android.app.launcher.activities.LauncherActivity}: false, caller=com.android.server.wm.WindowContainer.sendAppVisibilityToClients:19 com.android.server.wm.WindowToken.setClientVisible:48 com.android.server.wm.ActivityRecord.commitVisibility:186 com.android.server.wm.TransitionController.finishTransition:844 com.android.server.wm.WindowOrganizerController.finishTransitionInner:31 
03-31 13:43:17.314 V/WindowManager( 2349): Setting visibility of Window{fe76477 u0 com.android.systemui.wallpapers.ImageWallpaper}: false, caller=com.android.server.wm.WindowContainer.sendAppVisibilityToClients:19 com.android.server.wm.WindowToken.setClientVisible:48 com.android.server.wm.WallpaperWindowToken.setVisible$1:3 com.android.server.wm.WallpaperWindowToken.commitVisibility$1:48 com.android.server.wm.TransitionController.finishTransition:1236 
03-31 13:43:17.314 D/PersonaActivityHelper( 2349): token.toString()  Token{bceaa10 ActivityRecord{102437058 u0 com.sec.android.app.launcher/.activities.LauncherActivity t1407}}
03-31 13:43:17.314 D/PersonaActivityHelper( 2349): mLastResumedSFActivity getPackageName  com.android.settings
03-31 13:43:17.314 D/PersonaActivityHelper( 2349): mLastResumedSFActivity getShortClassName  .SubSettings
03-31 13:43:17.314 D/PersonaActivityHelper( 2349): token.toString()  Token{f28cd3b ActivityRecord{137594220 u0 com.weejobs.app/.MainActivity t1631}}
03-31 13:43:17.315 D/PersonaActivityHelper( 2349): mLastResumedSFActivity getPackageName  com.android.settings
03-31 13:43:17.315 D/PersonaActivityHelper( 2349): mLastResumedSFActivity getShortClassName  .SubSettings
03-31 13:43:17.315 D/ChangeTransitionController( 2349): onTransitionFinished: TransitionRecord{7516e1f id=1691 type=OPEN flags=0x0 c=[
03-31 13:43:17.315 D/ChangeTransitionController( 2349):    ChangeInfo{b227e2c container=Task{ad6ed3 #1407 type=home I=com.sec.android.app.launcher/.activities.LauncherActivity} flags=0x10}
03-31 13:43:17.315 D/ChangeTransitionController( 2349):    ChangeInfo{22950f5 container=WallpaperWindowToken{fb2395 showWhenLocked=false}_<system|non-primary> flags=0x0}
03-31 13:43:17.315 D/ChangeTransitionController( 2349):    ChangeInfo{4c04e8a container=Task{17917a5 #1 type=home} flags=0x10}
03-31 13:43:17.315 D/ChangeTransitionController( 2349):    ChangeInfo{f371604 container=Display{#0 state=ON size=904x2316 ROTATION_0} flags=0x0}
03-31 13:43:17.315 D/ChangeTransitionController( 2349):    ChangeInfo{e41c7ed container=DefaultTaskDisplayArea_d0@99508180 flags=0x0}
03-31 13:43:17.315 D/ChangeTransitionController( 2349):    ChangeInfo{68bacfb container=ActivityRecord{102437058 u0 com.sec.android.app.launcher/.activities.LauncherActivity t1407} flags=0x0}
03-31 13:43:17.315 D/ChangeTransitionController( 2349):    ChangeInfo{d4f5118 container=WallpaperWindowToken{7fd0108 showWhenLocked=true}_<lock|non-primary> flags=0x0}
03-31 13:43:17.315 D/ChangeTransitionController( 2349):    ChangeInfo{b3a8622 container=ActivityRecord{137594220 u0 com.weejobs.app/.MainActivity t1631} flags=0x0}
03-31 13:43:17.315 D/ChangeTransitionController( 2349):    ChangeInfo{60b0771 container=RemoteWallpaperAnim:1:1@212637009 flags=0x0}
03-31 13:43:17.315 D/ChangeTransitionController( 2349):    ChangeInfo{d15a8b3 container=Task{e1ee735 #1631 type=standard A=10789:com.weejobs.app} flags=0x10}
03-31 13:43:17.315 D/ChangeTransitionController( 2349): ]
03-31 13:43:17.315 D/ChangeTransitionController( 2349): }
03-31 13:43:17.315 I/WallpaperService( 3951): dispatchAppVisibility: system, visible=false , mLidState = 0
03-31 13:43:17.315 I/VRI[LauncherActivity]@db31459( 4276): handleAppVisibility mAppVisible = true visible = false
03-31 13:43:17.315 V/WindowManagerShell( 3951): Track 0 became idle
03-31 13:43:17.315 V/WindowManagerShell( 3951): All active transition animations finished
03-31 13:43:17.315 I/SemDvfsHyPerManager( 2349): acquire hyper - AMS_RESUME_TAIL/2349@34, type = -999
03-31 13:43:17.315 I/SemDvfsHyPerManager( 2349): acquire hyper - AMS_ACT_LAZY/2349@35, type = -999
03-31 13:43:17.315 D/ActivityManagerPerformance( 2349): AMP_acquire() TAIL
03-31 13:43:17.315 D/ActivityManagerPerformance( 2349): AMP_release() APP_SWITCH
03-31 13:43:17.316 I/HYPER-HAL( 1561): [RequestManager.cpp]acquire(): Acquired ID : 2840570  [2349 / 34]    HINT : AMS_RESUME_TAIL    list : 
03-31 13:43:17.316 E/unknown:ReactNative(10133): console.error: [expo-router-inspector-early-write-external] fail Error: Call to function 'ExponentFileSystem.writeAsStringAsync' has been rejected.
03-31 13:43:17.316 E/unknown:ReactNative(10133): → Caused by: java.io.IOException: Location '/sdcard/Android/data/com.weejobs.app/files/expo-router-inspector-early.txt' isn't writable., stack:
03-31 13:43:17.316 E/unknown:ReactNative(10133): _construct@1:604219
03-31 13:43:17.316 E/unknown:ReactNative(10133): Wrapper@1:2031091
03-31 13:43:17.316 E/unknown:ReactNative(10133): _callSuper@1:598670
03-31 13:43:17.316 E/unknown:ReactNative(10133): SyntheticError@1:1480309
03-31 13:43:17.316 E/unknown:ReactNative(10133): reactConsoleErrorHandler@1:603672
03-31 13:43:17.316 E/unknown:ReactNative(10133): ?anon_0_@1:1820077
03-31 13:43:17.316 E/unknown:ReactNative(10133): asyncGeneratorStep@1:888416
