03-31 13:30:45.449 I/SamsungAccount( 1167): [MccManager] saveMccToPreference, mcc is same with previous mcc
03-31 13:30:45.449 I/SamsungAccount( 1167): [ChildAccountSupportedListManager] getSupportedListFromLocal from cache
03-31 13:30:45.449 E/SamsungAccount( 1167): [FamilyGroupUtil] getCountryCodeListWithRegionMcc - no country code with region mcc
03-31 13:30:45.449 I/SamsungAccount( 1167): [FamilyGroupUtil] isSupportFamilyService: false
03-31 13:30:45.449 I/SamsungAccount( 1167): [AccountManagerUtil] isSamsungAccountSignedIn : true
03-31 13:30:45.449 I/SamsungAccount( 1167): [AccountManagerProvider] makeResultBundle - resultCode : 1
03-31 13:30:45.449 D/InputDispatcher( 2349): Once focus requested (0): a4b6524 com.sec.android.app.launcher/com.sec.android.app.launcher.activities.LauncherActivity
03-31 13:30:45.449 D/InputDispatcher( 2349): Focus request (0): a4b6524 com.sec.android.app.launcher/com.sec.android.app.launcher.activities.LauncherActivity but waiting because NOT_VISIBLE
03-31 13:30:45.449 V/Configuration( 2349): Updating configuration, locales updated from [] to [en_CA]
03-31 13:30:45.450 I/SurfaceControlRegistry( 4276): show, t=StartTransaction_SyncId<1684> sc=Task=1627, caller=android.view.SurfaceControl$Transaction.show:3557 S.j.a:152 S.j.u:0 S.j.t:0 com.android.systemui.animation.RemoteAnimationTargetCompat.wrap:48 com.android.systemui.animation.RemoteAnimationTargetCompat.wrapApps:10 
03-31 13:30:45.450 I/SurfaceControlRegistry( 4276): apply, t=StartTransaction_SyncId<1684>, caller=android.view.SurfaceControl$Transaction.apply:3459 android.view.SurfaceControl$Transaction.apply:3447 android.view.SurfaceControl$Transaction.apply:3397 com.android.systemui.animation.RemoteAnimationRunnerCompat$1.startAnimation:645 android.window.IRemoteTransition$Stub.onTransact:162 android.os.Binder.execTransactInternal:1462 
03-31 13:30:45.450 D/EnterpriseDeviceManagerService( 2349): isMdmAdminPresentInternal() : MDM Admin Found - com.samsung.knox.securefolder
03-31 13:30:45.450 I/HoneySpace.ShellAnimationRunner( 4276): [onAnimationStart] appTarget(0) : taskId-1, mode-0
03-31 13:30:45.450 I/CocktailBarManagerServiceContainer( 2349): handleMessage: entry what = 5
03-31 13:30:45.450 I/HBD     (12719): f needOff = true , isForceOff = false, isNullInputClass : true 
03-31 13:30:45.450 I/HBD     (12719): f update cached prediction status : false 
03-31 13:30:45.450 I/SurfaceFlinger( 1676): RequestedLayer [Transition Root: Task=1#27652] hidden!! flag  from(1) --> to(0)
03-31 13:30:45.451 I/SurfaceFlinger( 1676): RequestedLayer [Task=1#68] hidden!! flag  from(1) --> to(0)
03-31 13:30:45.451 E/SurfaceFlinger( 1676): alpha changed 1.000 -> 0.000 - Surface(name=Task=1)/@0x4248d28_transition-leash#27653
03-31 13:30:45.451 I/SurfaceFlinger( 1676): destroyed Transition Root: Task=1627#27644 form LifecycleManager
03-31 13:30:45.451 I/HBD     (12719): h getDefaultInputRange : UNKNOWN 
03-31 13:30:45.451 I/HBD     (12719): a currentState : 4 
03-31 13:30:45.451 I/SurfaceFlinger( 1676): [LayerHierarchy{RequestedLayerState{Task=1#68 parentId=27653} 2 children}] reparent to LayerHierarchy{RequestedLayerState{Surface(name=Task=1)/@0x4248d28_transition-leash#27653 parentId=27652 z=2} 1 children}
03-31 13:30:45.451 I/SurfaceFlinger( 1676): [LayerHierarchy{RequestedLayerState{Task=1627#27640 parentId=27654} 1 children}] reparent to LayerHierarchy{RequestedLayerState{Surface(name=Task=1627)/@0x7140be6_transition-leash#27654 parentId=27652 z=5} 1 children}
03-31 13:30:45.451 I/SurfaceFlinger( 1676): [LayerHierarchy{RequestedLayerState{Surface(name=Task=1627)/@0x7140be6_transition-leash#27654 parentId=27652 z=5} 1 children}] reparent to LayerHierarchy{RequestedLayerState{Transition Root: Task=1#27652 parentId=11} 2 children}
03-31 13:30:45.451 I/SurfaceFlinger( 1676): [LayerHierarchy{RequestedLayerState{Surface(name=Task=1)/@0x4248d28_transition-leash#27653 parentId=27652 z=2} 1 children}] reparent to LayerHierarchy{RequestedLayerState{Transition Root: Task=1#27652 parentId=11} 2 children}
03-31 13:30:45.451 I/SurfaceFlinger( 1676): id=27644 onLayerDestroyed from LayerHierarchyBuilder(RequestedLayerState{Transition Root: Task=1627#27644 !handle z=9})
03-31 13:30:45.451 I/HBD     (12719): g isCoverDisplay : true, cached selected json info : SelectedLanguageInfo(languageVersion=4.2, currentLanguageOrder=0, selectedLanguageList=[SelectedLanguage(id=65537, isUsed=true, engName=English, inputType=qwerty, activeOptionList=[auto_replace, auto_spacing, writing_assistant, prediction], bilingualId=-1), SelectedLanguage(id=3342336, isUsed=true, engName=Russian, inputType=qwerty, activeOptionList=[auto_replace, auto_spacing, prediction], bilingualId=-1), SelectedLanguage(id=1441798, isUsed=true, engName=French, inputType=qwerty_accent, activeOptionList=[auto_replace, auto_spacing, prediction], bilingualId=-1), SelectedLanguage(id=4456448, isUsed=true, engName=Ukrainian, inputType=qwerty, activeOptionList=[auto_replace, auto_spacing, prediction], bilingualId=-1)]) 
03-31 13:30:45.451 I/HBD     (12719): a [UpdatePolicy] [post] a: 0 cl: 65537 kit: [0/0] vt: 0 ir: 1 
03-31 13:30:45.451 D/BaseRestrictionMgr( 2349): Package: com.samsung.android.spay, userid: 0, hostingType: broadcast is allowed by freecess, caller is: com.sec.android.app.launcher
03-31 13:30:45.451 D/ActivityManager( 2349): unpendingScheduleServiceRestart: u=10339, drop=false
03-31 13:30:45.451 I/Layer   ( 1676): id=27644 Destroyed Transition Root: Task=1627#27644
03-31 13:30:45.451 I/SDHMS:k (10397): handleResumeComponent : put = com.sec.android.app.launcher, userid = 0 instanceid =198093328
03-31 13:30:45.452 D/InetDiagMessage( 2349): Destroyed 0 sockets, proto=IPPROTO_TCP, family=AF_INET, states=14
03-31 13:30:45.450 I/HoneySpace.ShellAnimationRunner( 4276): cookie: -2147483648
03-31 13:30:45.452 I/HoneySpace.EdgePanel.CocktailHostRepositoryImpl( 4276): onNoteResume
03-31 13:30:45.452 I/HoneySpace.ShellAnimationRunner( 4276): [onAnimationStart] appTarget(1) : taskId-1627, mode-1
03-31 13:30:45.452 V/WindowManager( 2349): Schedule remove starting ActivityRecord{3118458 u0 com.weejobs.app/.MainActivity t1627 f} isExiting} startingWindow=Window{ad18b1b u0 Splash Screen com.weejobs.app} animate=true Callers=com.android.server.wm.ActivityRecord.onSyncTransactionCommitted:16 com.android.server.wm.BLASTSyncEngine$SyncGroup$1CommitCallback.onCommitted:104 com.android.server.wm.BLASTSyncEngine$SyncGroup$$ExternalSyntheticLambda0.onTransactionCommitted:8 android.view.SurfaceControl$Transaction$$ExternalSyntheticLambda4.run:0 com.android.server.SystemServerInitThreadPool$$ExternalSyntheticLambda0.execute:1 
03-31 13:30:45.453 I/HoneySpace.EdgePanel.EdgePanelContainerViewModel( 4276): cocktailHostRepository.edgePanelOperation NoteResumeComponent(componentName=ComponentInfo{com.sec.android.app.launcher/com.sec.android.app.launcher.Launcher})
03-31 13:30:45.453 I/HoneySpace.EdgePanel.ActivityUtils( 4276): HomePackage : com.sec.android.app.launcher, resumePackageName : com.sec.android.app.launcher, className : com.sec.android.app.launcher.Launcher
03-31 13:30:45.453 I/HoneySpace.ShellAnimationRunner( 4276): this , com.honeyspace.transition.ShellAnimationRunner@f2810d3
03-31 13:30:45.453 I/HoneySpace.ShellAnimationRunner( 4276): finishExistingAnimation, null
03-31 13:30:45.453 I/HoneySpace.AppCloseAnimationDelegate( 4276): onAnimationStart
03-31 13:30:45.453 D/ShellTaskOrganizer( 3951): removeStartingWindow, removalInfo=StartingWindowRemovalInfo{taskId=1627 frame=null playRevealAnimation=false roundedCornerRadius=0.0 deferRemoveMode=0 windowlessSurface=false removeImmediately=false}
03-31 13:30:45.453 I/HoneySpace.AppCloseAnimationDelegate( 4276): findTargetView() called with: targets = com.honeyspace.transition.remote.RemoteAnimationTargets@3b797d, centerMostInfo = null
03-31 13:30:45.453 I/HoneySpace.AppCloseAnimationDelegate( 4276): findTargetValue [cookie--2147483648, pkgName-com.weejobs.app]
03-31 13:30:45.453 I/HoneySpace.AppCloseAnimationDelegate( 4276): findTargetView found:Value(view=com.honeyspace.ui.common.iconview.IconViewImpl{daf201d VFED..CL. ........ 0,0-167,275 #7f0a02ed app:id/icon} - WeeJobs, visibility:0, alpha:1.0, badge:0, icon:144x144, iconAlpha:255, iconState:NONE, iconSize:131, forceHideBadge:false, isTransparent:false, component=ComponentInfo{com.weejobs.app/com.weejobs.app.MainActivity}, isTargetShortcut=false), com.honeyspace.ui.common.iconview.IconViewImpl{daf201d VFED..CL. ........ 0,0-167,275 #7f0a02ed app:id/icon} - WeeJobs, visibility:0, alpha:1.0, badge:0, icon:144x144, iconAlpha:255, iconState:NONE, iconSize:131, forceHideBadge:false, isTransparent:false
03-31 13:30:45.453 D/SGM:FgCheckThread( 2349): noteResumeComponent(), received pkgName: com.sec.android.app.launcher, userId: 0
03-31 13:30:45.453 I/HoneySpace.AppCloseAnimationDelegate( 4276): getCloseAnimator : isGestureClosing-false, target-com.honeyspace.ui.common.iconview.IconViewImpl{daf201d VFED..CL. ........ 0,0-167,275 #7f0a02ed app:id/icon} - WeeJobs, visibility:0, alpha:1.0, badge:0, icon:144x144, iconAlpha:255, iconState:NONE, iconSize:131, forceHideBadge:false, isTransparent:false
03-31 13:30:45.453 I/HoneySpace.FloatingAnimator( 4276): playerCount : 1
03-31 13:30:45.453 I/HoneySpace.FloatingAnimator( 4276): [Player:A(45.453)] create
03-31 13:30:45.453 I/HoneySpace.AppCloseAnimationDelegate( 4276): playFloatingIconAnim, appPlayer: A(45.453)
03-31 13:30:45.453 I/HoneySpace.TransitionUtils( 4276): [getRotationChange] home-0, app-0
03-31 13:30:45.453 D/SGM:FgCheckThread( 2349): onLooperPrepared(), msg: MSG_APP_RESUME, pkgName: com.sec.android.app.launcher, userid: 0
03-31 13:30:45.453 I/HoneySpace.TransitionUtils( 4276): getWindowTargetBounds: Rect(0, 0 - 904, 2316)
03-31 13:30:45.453 D/SGM:FgCheckThread( 2349): handleResume().
03-31 13:30:45.454 I/HoneySpace.FloatingAnimator( 4276): [Player:A(45.453)] setup. isLandscape:false, isTranslucent:false, screenSize[904, 2316], isMultiTargets:false, useCurrentDrawable:false
03-31 13:30:45.454 D/SGM:FgCheckThread( 2349): sendFocusOutConditionally() - mPrevNotiPkg: KILL_YOURSELF, userId: 0
03-31 13:30:45.454 D/SGM:FgCheckThread( 2349):   handleResume(). pkgName: com.sec.android.app.launcher, userId: 0, category: non-game
03-31 13:30:45.454 D/SGM:FgCheckThread( 2349): notifyFocusInOut(). of pkg: com.sec.android.app.launcher, type: 4, isSecGameFamily: false, userId: 0
03-31 13:30:45.454 D/SGM:FgCheckThread( 2349):   notifyFocusInOut(). do nothing
03-31 13:30:45.454 D/SGM:SystemHelper( 2349): callReleaseBlock needReleaseBlock:false
03-31 13:30:45.454 I/HoneySpace.FloatingAnimator( 4276): add containerView, com.honeyspace.transition.anim.floating.ContainerView{67bdf9a V.E...... ......ID 0,0-904,911}
03-31 13:30:45.454 D/SGM:GameManager( 2349): identifyGamePackage. com.sec.android.app.launcher, mCurrentUserId: 0, callingMethodInfo: com.samsung.android.game.SemGameManager.isGamePackage(SemGameManager.java:106)
03-31 13:30:45.454 D/SGM:SemGameManager( 2349): isGamePackage(), pkgName=com.sec.android.app.launcher, ret=false
03-31 13:30:45.454 D/SurfaceFlinger( 1676): Display 4630946213010294403 HWC layers:
03-31 13:30:45.454 D/SurfaceFlinger( 1676):        CLIENT |           16969415812112 | 00000100 | RGBA_8888    |    0.0    0.0  904.0 2316.0 |    0    0  904 2316 | Wallpaper BBQ wrapper 17_system#128 (34)
03-31 13:30:45.454 D/SurfaceFlinger( 1676):        DEVICE |           18365280161825 | 00002100 | RGBA_8888    |    0.0    0.0  904.0 2316.0 |    0    0  904 2316 | com.sec.android.app.launcher/com.sec[...]ivities.LauncherActivity$_4276#27302 (blurRegions) (841)
03-31 13:30:45.454 D/SurfaceFlinger( 1676):        DEVICE |           16969415813443 | 00002100 | RGBA_8888    |    0.0    0.0  904.0 2316.0 |    0    0  904 2316 | Splash Screen com.weejobs.app$_3951#27643 (1)
03-31 13:30:45.454 D/SurfaceFlinger( 1676):        DEVICE |           16969415813161 | 00002100 | RGBA_8888    |    0.0    0.0  904.0   87.0 |    0    0  904   87 | StatusBar$_3951#122 (97496)
03-31 13:30:45.454 D/SurfaceFlinger( 1676):        DEVICE |           18365280161808 | 00002100 | RGBA_8888    |    0.0    0.0   67.0  451.0 |    0  493   67  944 | com.sec.android.app.launcher/com.sam[...]l.app.CocktailBarService$_4276#27160 (1)
03-31 13:30:45.454 D/SurfaceFlinger( 1676):        DEVICE |           16969415813211 | 00002100 | RGBA_8888    |    0.0    0.0 
03-31 13:30:45.454 D/SurfaceFlinger( 1676):  904.0  126.0 |    0 2190  904 2316 | NavigationBar0$_3951#118 (28214)
03-31 13:30:45.454 D/SurfaceFlinger( 1676): 
03-31 13:30:45.454 I/HoneySpace.FloatingAnimator( 4276): add positionListener - com.honeyspace.transition.anim.floating.c@51d940
03-31 13:30:45.455 I/HoneySpace.FloatingAnimator( 4276): [Player:A(45.453)] value animator:[126180149] started
03-31 13:30:45.455 I/HoneySpace.ContentsAnimator( 4276): from : 0.0
03-31 13:30:45.455 I/HoneySpace.ContentsAnimator( 4276): ContentsAnimator start [93334474]
03-31 13:30:45.455 I/HoneySpace.AnimationResult( 4276): setAnimation, animation: false
03-31 13:30:45.455 I/HoneySpace.AppTransitionAnimationAwait( 4276): proceed 0
03-31 13:30:45.455 I/HoneySpace.AppTransitionAnimationAwait( 4276): prepare refCnt:1 timeout:1500
03-31 13:30:45.455 D/InetDiagMessage( 2349): Destroyed 0 sockets, proto=IPPROTO_TCP, family=AF_INET6, states=14
03-31 13:30:45.455 I/HBD     (12719): a [NRIC] resetNoResponseState 
03-31 13:30:45.455 I/HoneySpace.WallpaperAnimator( 4276): createWallpaperSurface
03-31 13:30:45.455 D/InetDiagMessage( 2349): Destroyed live tcp sockets for uids={10789} in 10ms
03-31 13:30:45.455 I/HBD     (12719): f needOff = true , isForceOff = false, isNullInputClass : true 
03-31 13:30:45.455 I/HBD     (12719): f update cached prediction status : false 
03-31 13:30:45.455 I/HBD     (12719): b [AiWriter] setContact : com.sec.android.app.launcher
03-31 13:30:45.456 I/HBD     (12719): HoneyBoardService [PF_OP][onStartInput]  39 ms 
03-31 13:30:45.456 I/HBD     (12719): [DirectWriting] DirectWriting emitInputConnection : RemoteInputConnection{idHash=#c17cc7d} 
03-31 13:30:45.457 I/SDHMS:LOAD(10397): type: LoadsFreqs, value: 0:0:0:0:0:0:0:0:0:0:0:0
03-31 13:30:45.458 D/InetDiagMessage( 2349): Destroyed 0 sockets, proto=IPPROTO_TCP, family=AF_INET, states=14
03-31 13:30:45.458 D/BackgroundInstallControlService( 2349): Package event received: 0
03-31 13:30:45.458 D/BackgroundInstallControlService( 2349): Package event received: 0
03-31 13:30:45.460 I/HoneySpace.TaskbarVisibilityController@110361640@OneUI( 4276): onTaskbarIconVisibleChangeRequest return by cover state
03-31 13:30:45.460 D/InetDiagMessage( 2349): Destroyed 0 sockets, proto=IPPROTO_TCP, family=AF_INET6, states=14
03-31 13:30:45.460 D/InetDiagMessage( 2349): Destroyed live tcp sockets for uids={20789} in 5ms
03-31 13:30:45.460 I/HoneySpace.IconView( 4276): setIconVisible : visible-false, currentForceHideBadge-false
03-31 13:30:45.460 I/HoneySpace.IconView( 4276): updateInvisibleState false APP_CLOSING current:0 new:2
03-31 13:30:45.463 I/CameraService( 1946): onUidStateChanged: uid=10039, procState is changed. (1 -> 0)
03-31 13:30:45.465 I/WindowManager( 2349): Reparenting to leash, surface=Surface(name=RemoteWallpaperAnim:1:1)/@0x53ab43a, leashParent=Surface(name=OneHanded:0:14)/@0xbc498eb
03-31 13:30:45.465 I/SurfaceFlinger( 1676): id=27655 createSurf, flag=24000, Surface(name=RemoteWallpaperAnim:1:1)/@0x53ab43a - animation-leash of remote_wallpaper#27655
03-31 13:30:45.468 I/SurfaceFlinger( 1676): [Surface(name=RemoteWallpaperAnim:1:1)/@0x53ab43a - animation-leash of remote_wallpaper#27655] attach to parent LayerHierarchy{RequestedLayerState{OneHanded:0:14#5 parentId=4} 4 children}
03-31 13:30:45.468 I/AppIconSolution( 4276): getThemeIconWithBG called with public API, pkg = com.weejobs.app, mode = 48
03-31 13:30:45.468 I/HoneySpace.FloatingAnimator( 4276): [Player:A(45.453)] container x: 1.2243209, y: 3.0786757, scale : 0.9980896
03-31 13:30:45.469 D/SystemUIService( 3951): SYSUI_RAM_OPTIMIZATION onTrimMemory=20
03-31 13:30:45.469 D/CentralSurfaces( 3951): SYSUI_RAM_OPTIMIZATION onTrimMemory=20
03-31 13:30:45.469 I/VRI[LauncherActivity]@db31459( 4276): mWNT: t=0xb400006ed3a3f850 mBlastBufferQueue=0xb400006e63b9c570 fn= 843 HdrRenderState mRenderHdrSdrRatio=1.0 caller= com.android.systemui.shared.launcher.ViewRootImplCompat.mergeWithNextTransaction:4 com.honeyspace.transition.utils.SurfaceTransactionApplier.scheduleApply$lambda$1:16 com.honeyspace.transition.utils.SurfaceTransactionApplier.b:0 
03-31 13:30:45.470 D/WindowManager( 2349): makeSurface duration=6 leash=Surface(name=Surface(name=RemoteWallpaperAnim:1:1)/@0x53ab43a - animation-leash of remote_wallpaper)/@0xfbff786
03-31 13:30:45.470 I/AppIconSolution( 4276): return adaptive icon for com.weejobs.app, isNight = false
03-31 13:30:45.470 I/LauncherActivityInfo( 4276): packageName: com.weejobs.app, useThemeIcon: false, height: 216, width: 216, density: 480
03-31 13:30:45.470 D/HWUI    ( 3951): CacheManager::trimMemory(20)
03-31 13:30:45.470 D/WindowManager( 2349): startAnimation for remote wallpaper, leash=Surface(name=Surface(name=RemoteWallpaperAnim:1:1)/@0x53ab43a - animation-leash of remote_wallpaper)/@0xfbff786
03-31 13:30:45.471 D/WindowManager( 2349): startRemoteWallpaperAnimation, d=0, leash=Surface(name=Surface(name=RemoteWallpaperAnim:1:1)/@0x53ab43a - animation-leash of remote_wallpaper)/@0xfbff786
03-31 13:30:45.472 I/WindowManager( 2349): Relayout Window{ad18b1b u0 Splash Screen com.weejobs.app}: viewVisibility=8 req=904x2316 ty=3 d0
03-31 13:30:45.473 D/SurfaceComposerClient( 2349): setCornerRadius ## a4b6524 com.sec.android.app.launcher/com.sec.android.app.launcher.activities.LauncherActivity#191 cornerRadius=0.000000
03-31 13:30:45.473 D/SurfaceComposerClient( 2349): setCornerRadius ## a4b6524 com.sec.android.app.launcher/com.sec.android.app.launcher.activities.LauncherActivity#191 cornerRadius=0.000000
03-31 13:30:45.474 W/ContextImpl(10363): Calling a method in the system process without a qualified user: android.app.ContextImpl.sendBroadcast:1350 android.content.ContextWrapper.sendBroadcast:520 com.sec.android.diagmonagent.dma.dropbox.FCDetectionService.c:162 X.b.doInBackground:50 android.os.AsyncTask$3.call:394 
03-31 13:30:45.474 I/WindowManager( 2349): Relayout hash=ad18b1b, pid=3951, syncId=-1: mAttrs={(0,0)(fillxfill) sim={adjust=pan} layoutInDisplayCutoutMode=always ty=APPLICATION_STARTING fmt=TRANSLUCENT wanim=0x1030306
03-31 13:30:45.474 I/WindowManager( 2349):   fl=81030118
03-31 13:30:45.474 I/WindowManager( 2349):   pfl=10000810
03-31 13:30:45.474 I/WindowManager( 2349):   apr=18
03-31 13:30:45.474 I/WindowManager( 2349):   bhv=1
03-31 13:30:45.474 I/WindowManager( 2349):   fitSides=0
03-31 13:30:45.474 I/WindowManager( 2349):   frameRateBoostOnTouch=true
03-31 13:30:45.474 I/WindowManager( 2349):   dvrrWindowFrameRateHint=true naviIconColor=0}
03-31 13:30:45.474 I/VRI[app]@292f151( 3951): onActiveControlsChanged, removed=false, mAdded=true, caller=android.view.ViewRootImpl.handleInsetsControlChanged:3002 android.view.ViewRootImpl.relayoutWindow:11629 android.view.ViewRootImpl.performTraversals:4804 android.view.ViewRootImpl.doTraversal:3924 android.view.ViewRootImpl$TraversalRunnable.run:12903 
03-31 13:30:45.475 E/ActivityManager( 2349): Sending non-protected broadcast com.sec.android.intent.action.APP_HQM_SEND_REQ from system 10363:com.sec.android.diagmonagent/1000 pkg com.sec.android.diagmonagent
03-31 13:30:45.475 E/ActivityManager( 2349): java.lang.Throwable
03-31 13:30:45.475 E/ActivityManager( 2349): 	at com.android.server.am.BroadcastController.checkBroadcastFromSystem(qb/106584216 0dc300d8f72c9fc2b39686cc8488b4fcabb062277cf172d256c4c25ebc4887f8:252)
03-31 13:30:45.475 E/ActivityManager( 2349): 	at com.android.server.am.BroadcastController.broadcastIntentLockedTraced(qb/106584216 0dc300d8f72c9fc2b39686cc8488b4fcabb062277cf172d256c4c25ebc4887f8:344)
03-31 13:30:45.475 E/ActivityManager( 2349): 	at com.android.server.am.BroadcastController.broadcastIntentLocked(qb/106584216 0dc300d8f72c9fc2b39686cc8488b4fcabb062277cf172d256c4c25ebc4887f8:18)
03-31 13:30:45.475 E/ActivityManager( 2349): 	at com.android.server.am.ActivityManagerService.broadcastIntentWithFeature(qb/106584216 0dc300d8f72c9fc2b39686cc8488b4fcabb062277cf172d256c4c25ebc4887f8:149)
03-31 13:30:45.475 E/ActivityManager( 2349): 	at android.app.IActivityManager$Stub.onTransact$broadcastIntentWithFeature$(IActivityManager.java:12412)
03-31 13:30:45.475 E/ActivityManager( 2349): 	at android.app.IActivityManager$Stub.onTransact(IActivityManager.java:3205)
03-31 13:30:45.475 E/ActivityManager( 2349): 	at com.android.server.am.ActivityManagerService.onTransact(qb/106584216 0dc300d8f72c9fc2b39686cc8488b4fcabb062277cf172d256c4c25ebc4887f8:425)
03-31 13:30:45.475 E/ActivityManager( 2349): 	at android.os.Binder.execTransactInternal(Binder.java:1462)
03-31 13:30:45.475 E/ActivityManager( 2349): 	at android.os.Binder.execTransact(Binder.java:1401)
03-31 13:30:45.475 I/VRI[app]@292f151( 3951): Relayout returned: old=(0,0,904,2316) new=(0,0,904,2316) relayoutAsync=false req=(904,2316)8 dur=10 res=0x2 s={false 0x0} ch=true seqId=0
03-31 13:30:45.475 D/VRI[app]@292f151( 3951): Not drawing due to not visible. Reason=View.GONE
03-31 13:30:45.475 W/WindowOnBackDispatcher( 3951): sendCancelIfRunning: isInProgress=false callback=android.view.ViewRootImpl$$ExternalSyntheticLambda16@2f2545
03-31 13:30:45.475 E/SurfaceFlinger( 1676): alpha changed 0.000 -> 1.000 - Surface(name=Task=1)/@0x4248d28_transition-leash#27653
03-31 13:30:45.476 I/DMASA[D](10363): [a]blockList : com.samsung.context.sdk.sampleapp2
03-31 13:30:45.476 I/HoneySpace.FloatingAnimator( 4276): [Player:A(45.453)] container x: 4.9115276, y: 12.35052, scale : 0.99233615
03-31 13:30:45.476 I/SurfaceControl( 2349): apply, lowDebugName=startRemoteWallpaperAnimation_164325447, caller=android.view.SurfaceControl$Transaction.apply:3447 android.view.SurfaceControl$Transaction.apply:3397 com.android.server.wm.WindowAnimator.animate:307 com.android.server.wm.WindowAnimator$$ExternalSyntheticLambda1.doFrame:14 android.view.Choreographer$CallbackRecord.run:1899 android.view.Choreographer$CallbackRecord.run:1910 
03-31 13:30:45.477 I/VRI[app]@292f151( 3951): dispatchDetachedFromWindow
03-31 13:30:45.477 D/WindowManager( 2349): Starting window removed Window{ad18b1b u0 Splash Screen com.weejobs.app}
03-31 13:30:45.478 D/InputTransport( 2349): Input channel destroyed: 'ad18b1b', fd=1256
03-31 13:30:45.478 I/VRI[LauncherActivity]@db31459( 4276): mWNT: t=0xb400006ed39eac10 mBlastBufferQueue=0xb400006e63b9c570 fn= 844 HdrRenderState mRenderHdrSdrRatio=1.0 caller= com.android.systemui.shared.launcher.ViewRootImplCompat.mergeWithNextTransaction:4 com.honeyspace.transition.utils.SurfaceTransactionApplier.scheduleApply$lambda$1:16 com.honeyspace.transition.utils.SurfaceTransactionApplier.b:0 
03-31 13:30:45.478 V/WindowManager( 2349): Remove Window{ad18b1b u0 Splash Screen com.weejobs.app}: mSurfaceControl=Surface(name=Splash Screen com.weejobs.app$_3951)/@0x4c452f8 mAnimatingExit=false mRemoveOnExit=false mHasSurface=true surfaceShowing=false animating=false app-animation=false callers=com.android.server.wm.Session.remove:16 android.view.IWindowSession$Stub.onTransact:804 com.android.server.wm.Session.onTransact:1 android.os.Binder.execTransactInternal:1462 android.os.Binder.execTransact:1401 <bottom of call stack> 
03-31 13:30:45.479 D/SurfaceComposerClient( 2349): setCornerRadius ## a4b6524 com.sec.android.app.launcher/com.sec.android.app.launcher.activities.LauncherActivity#191 cornerRadius=0.000000
03-31 13:30:45.479 D/InputDispatcher( 2349): Focus entered window (0): a4b6524 com.sec.android.app.launcher/com.sec.android.app.launcher.activities.LauncherActivity
03-31 13:30:45.480 D/SurfaceComposerClient( 2349): setCornerRadius ## a4b6524 com.sec.android.app.launcher/com.sec.android.app.launcher.activities.LauncherActivity#191 cornerRadius=0.000000
03-31 13:30:45.480 D/InputTransport( 3951): Input channel destroyed: 'ad18b1b', fd=532
03-31 13:30:45.481 I/InputMethodManager( 4276): startInputInner - IInputMethodManagerGlobalInvoker.startInputOrWindowGainedFocus
03-31 13:30:45.482 W/WindowManager( 2349): Failed looking up window session=Session{111da77 3951:u0a10039} callers=com.android.server.wm.WindowManagerService.windowForClientLocked:1 com.android.server.wm.Session.setOnBackInvokedCallbackInfo:15 android.view.IWindowSession$Stub.onTransact:1390 
03-31 13:30:45.482 I/WindowManager( 2349): setOnBackInvokedCallback(): No window state for package:com.android.systemui
03-31 13:30:45.483 V/InputMethodManagerService( 2349): startInputOrWindowGainedFocusInternalLocked: reason=WINDOW_FOCUS_GAIN client=android.os.BinderProxy@c4663d7 inputContext=null editorInfo=android.view.inputmethod.EditorInfo@2c169d3 startInputFlags=VIEW_HAS_FOCUS|INITIAL_CONNECTION softInputMode=STATE_UNSPECIFIED|ADJUST_NOTHING windowFlags=#81910100 unverifiedTargetSdkVersion=36 bindingController=com.android.server.inputmethod.InputMethodBindingController@ef4770a imeDispatcher=android.window.ImeOnBackInvokedDispatcher@6ca8910 cs=ClientState{ea9aee7 mUid=10140 mPid=4276 mSelfReportedDisplayId=0} imeRequestedVisible=false
03-31 13:30:45.483 V/InputMethodManagerService( 2349): setWindowStateInner, windowToken=android.os.BinderProxy@11299b7, state=ImeTargetWindowState{ imeToken null imeFocusChanged false hasEditorFocused false requestedImeVisible false imeDisplayId 0 softInputModeState STATE_UNSPECIFIED|ADJUST_NOTHING isStartInputByGainFocus true}
03-31 13:30:45.483 V/InputMethodManagerService( 2349): Same window without editor will hide input
03-31 13:30:45.483 I/ImeTracker( 2349): com.sec.android.app.launcher:98a72a27: onRequestHide at ORIGIN_SERVER reason HIDE_SAME_WINDOW_FOCUSED_WITHOUT_EDITOR fromUser false
03-31 13:30:45.483 V/InputMethodManagerService( 2349): applyImeVisibility state=5
03-31 13:30:45.483 D/SemInputMethodManagerServiceUtil( 2349): restorePreviousUsedInputMethod : failed to return the previous ime becuase the stored info is null or do not need restore
03-31 13:30:45.483 V/InputMethodManagerService( 2349): semComputeImeDisplayIdForTarget: displayToShowIme=0
03-31 13:30:45.483 V/InputMethodManagerService( 2349): Creating new accessibility sessions for client ClientState{ea9aee7 mUid=10140 mPid=4276 mSelfReportedDisplayId=0}
03-31 13:30:45.483 I/InputMethodManager( 4276): handleMessage: setImeVisibility visible=false
03-31 13:30:45.483 D/InputMethodManagerService( 2349): isImeSwitcherDisabledPackage : false
03-31 13:30:45.483 I/ImeTracker( 4276): com.sec.android.app.launcher:98a72a27: onCancelled at PHASE_CLIENT_ALREADY_HIDDEN
03-31 13:30:45.483 D/InputMethodManagerService( 2349): shouldShowImeSwitcherLocked : checking vis : 3
03-31 13:30:45.484 I/SurfaceFlinger( 1676): RequestedLayer [Splash Screen com.weejobs.app$_3951#27643] hidden!! flag  from(0) --> to(1)
03-31 13:30:45.484 I/SurfaceFlinger( 1676): [LayerHierarchy{RequestedLayerState{RemoteWallpaperAnim:1:1#8 parentId=27655 z=1} 1 children}] reparent to LayerHierarchy{RequestedLayerState{Surface(name=RemoteWallpaperAnim:1:1)/@0x53ab43a - animation-leash of remote_wallpaper#27655 parentId=5} 1 children}
03-31 13:30:45.484 I/HoneySpace.FloatingAnimator( 4276): [Player:A(45.453)] container x: 11.049136, y: 27.784142, scale : 0.9827591
03-31 13:30:45.485 D/InputMethodManagerService( 2349): checkDisplayOfStartInputAndUpdateKeyboard: displayId=0, mFocusedDisplayId=0
03-31 13:30:45.485 I/VRI[LauncherActivity]@db31459( 4276): mWNT: t=0xb400006ed39e44d0 mBlastBufferQueue=0xb400006e63b9c570 fn= 845 HdrRenderState mRenderHdrSdrRatio=1.0 caller= com.android.systemui.shared.launcher.ViewRootImplCompat.mergeWithNextTransaction:4 com.honeyspace.transition.utils.SurfaceTransactionApplier.scheduleApply$lambda$1:16 com.honeyspace.transition.utils.SurfaceTransactionApplier.b:0 
03-31 13:30:45.485 D/InputTransport( 2349): Input channel constructed: 'ClientS', fd=1250
03-31 13:30:45.486 I/HBD     (12719): HoneyBoardService onFinishInput 
03-31 13:30:45.486 V/AutofillInlineSuggestionsRequestSession( 2349): onInputMethodFinishInput() received
03-31 13:30:45.487 V/AutofillInlineSuggestionsRequestSession( 2349): maybeUpdateResponseToImeLocked called
03-31 13:30:45.487 D/WindowManager( 2349): mRunner#onAnimationStart for remote wallpaper=[android.view.RemoteAnimationTarget@d6e6a28], transaction=startRemoteWallpaperAnimation_164325447
03-31 13:30:45.487 I/HBD     (12719): a IC have been unbinding,  RemoteInputConnection{idHash=#c17cc7d}
03-31 13:30:45.487 D/SurfaceFlinger( 1676): Display 4630946213010294403 HWC layers:
03-31 13:30:45.487 D/SurfaceFlinger( 1676):        CLIENT |           16969415812112 | 00000100 | RGBA_8888    |    0.0    0.0  904.0 2316.0 |    0    0  904 2316 | Wallpaper BBQ wrapper 17_system#128 (34)
03-31 13:30:45.487 D/SurfaceFlinger( 1676):        DEVICE |           18365280161822 | 00002100 | RGBA_8888    |    0.0    0.0  904.0 2316.0 |    0    0  904 2316 | com.sec.android.app.launcher/com.sec[...]ivities.LauncherActivity$_4276#27302 (blurRegions) (844)
03-31 13:30:45.487 D/SurfaceFlinger( 1676):        DEVICE |           16969415813161 | 00002100 | RGBA_8888    |    0.0    0.0  904.0   87.0 |    0    0  904   87 | StatusBar$_3951#122 (97500)
03-31 13:30:45.487 D/SurfaceFlinger( 1676):        DEVICE |           18365280161808 | 00002100 | RGBA_8888    |    0.0    0.0   67.0  451.0 |    0  493   67  944 | com.sec.android.app.launcher/com.sam[...]l.app.CocktailBarService$_4276#27160 (1)
03-31 13:30:45.487 D/SurfaceFlinger( 1676):        DEVICE |           16969415813211 | 00002100 | RGBA_8888    |    0.0    0.0  904.0  126.0 |    0 2190  904 2316 | NavigationBar0$_3951#118 (28218)
03-31 13:30:45.487 D/SurfaceFlinger( 1676): 
03-31 13:30:45.487 I/HBD     (12719): HoneyBoardService [PF_CL][onFinishInput]  1 ms 
03-31 13:30:45.487 I/HoneySpace.WallpaperAnimator( 4276): onAnimationStart, wallpapers: Surface(name=Surface(name=RemoteWallpaperAnim:1:1)/@0x53ab43a - animation-leash of remote_wallpaper)/@0x5262d21
03-31 13:30:45.487 I/HBD     (12719): HoneyBoardService [IMI] onStartInput - caller pid : 4276 , caller uid : 10140 
03-31 13:30:45.487 I/HBD     (12719): r updateConfigs 
03-31 13:30:45.487 V/AutofillInlineSuggestionsRequestSession( 2349): onInputMethodStartInput() received on 0
03-31 13:30:45.487 I/HBD     (12719): r isEnabledNightMode : false 
03-31 13:30:45.487 D/InputTransport( 2349): Input channel destroyed: 'ClientS', fd=1250
03-31 13:30:45.488 I/HBD     (12719): a IC have been binding, RemoteInputConnection{idHash=#c17cc7d} 
03-31 13:30:45.488 I/HBD     (12719): h [EditorInputType]setPrivateImeOptionsToTable privateImeOptions ( null )
03-31 13:30:45.488 V/AutofillInlineSuggestionsRequestSession( 2349): maybeUpdateResponseToImeLocked called
03-31 13:30:45.488 I/HBD     (12719): b incognitoMode : false 
03-31 13:30:45.488 I/HBD     (12719): f needOff = true , isForceOff = false, isNullInputClass : true 
03-31 13:30:45.488 I/HBD     (12719): h getDefaultInputRange : UNKNOWN 
03-31 13:30:45.488 I/HBD     (12719): h getDefaultInputRange : UNKNOWN 
03-31 13:30:45.488 I/HBD     (12719): h getDefaultInputRange : UNKNOWN 
03-31 13:30:45.488 I/HBD     (12719): i [AiWriter] isChildBlockCase:
03-31 13:30:45.488 I/HoneySpace.WallpaperAnimator( 4276): startWallpaperAnimation, isOpen-false, from:1.3, to:1.0, duration:350
03-31 13:30:45.488 I/HoneySpace.WallpaperAnimator( 4276): wallpaper animation start [193426758]
03-31 13:30:45.489 I/SamsungAccount( 1167): [AccountManagerProvider] isChildAccount
03-31 13:30:45.489 I/SamsungAccount( 1167): [AccountManagerProvider] Calling package : android.honeyboard.
03-31 13:30:45.490 I/SamsungAccount( 1167): [SignatureInfoDbHelper] searchOnUser(fromDb) - [10/lfgff][android.honeyboard.][64/3291d] => matched
03-31 13:30:45.491 I/SamsungAccount( 1167): [AccountManagerProvider] This is the access of the allowed application
03-31 13:30:45.491 I/SamsungAccount( 1167): [AccountManagerUtil] isSamsungAccountSignedIn : true
03-31 13:30:45.491 I/SamsungAccount( 1167): [TPMU]  SIMState     :SIM_STATE_READY
03-31 13:30:45.491 I/SamsungAccount( 1167): [CountryCodeUtil] isChinaCountryCode : false
03-31 13:30:45.492 I/SurfaceFlinger( 1676): [LayerHierarchy{RequestedLayerState{ad18b1b Splash Screen com.weejobs.app#27642 z=2147483647} 1 children}] reparent to OffscreenRoot
03-31 13:30:45.492 I/SurfaceFlinger( 1676): [LayerHierarchy{RequestedLayerState{ad18b1b Splash Screen com.weejobs.app#27642 z=2147483647} 1 children}] RelativeParent to null
03-31 13:30:45.492 I/SurfaceFlinger( 1676): [LayerHierarchy{RequestedLayerState{Splash Screen com.weejobs.app$_3951#27643} no children}] reparent to OffscreenRoot
03-31 13:30:45.492 I/SurfaceFlinger( 1676): [LayerHierarchy{RequestedLayerState{Splash Screen com.weejobs.app$_3951#27643} no children}] RelativeParent to null
03-31 13:30:45.492 I/HoneySpace.FloatingAnimator( 4276): [Player:A(45.453)] container x: 20.496723, y: 51.54103, scale : 0.9680174
03-31 13:30:45.493 I/SurfaceFlinger( 1676): id=27643 Removed Splash Screen com.weejobs.app$_3951#27643 (200)
03-31 13:30:45.493 I/VRI[LauncherActivity]@db31459( 4276): mWNT: t=0xb400006ed39e1210 mBlastBufferQueue=0xb400006e63b9c570 fn= 846 HdrRenderState mRenderHdrSdrRatio=1.0 caller= com.android.systemui.shared.launcher.ViewRootImplCompat.mergeWithNextTransaction:4 com.honeyspace.transition.utils.SurfaceTransactionApplier.scheduleApply$lambda$1:16 com.honeyspace.transition.utils.SurfaceTransactionApplier.b:0 
03-31 13:30:45.494 I/SamsungAccount( 1167): [TPMU] getMccFromUsim
03-31 13:30:45.494 I/SamsungAccount( 1167): [MccManager] saveMccToPreference Start
03-31 13:30:45.494 I/SamsungAccount( 1167): [MccManager] saveMccToPreference, mcc is same with previous mcc
03-31 13:30:45.494 I/SamsungAccount( 1167): [ChildAccountSupportedListManager] getSupportedListFromLocal from cache
03-31 13:30:45.494 E/SamsungAccount( 1167): [FamilyGroupUtil] getCountryCodeListWithRegionMcc - no country code with region mcc
03-31 13:30:45.494 I/SamsungAccount( 1167): [FamilyGroupUtil] isSupportFamilyService: false
03-31 13:30:45.494 I/SamsungAccount( 1167): [AccountManagerUtil] isSamsungAccountSignedIn : true
03-31 13:30:45.495 I/SamsungAccount( 1167): [AccountManagerProvider] makeResultBundle - resultCode : 1
03-31 13:30:45.497 I/HBD     (12719): f needOff = true , isForceOff = false, isNullInputClass : true 
03-31 13:30:45.497 I/HBD     (12719): f update cached prediction status : false 
03-31 13:30:45.497 I/HBD     (12719): h getDefaultInputRange : UNKNOWN 
03-31 13:30:45.497 I/HBD     (12719): a currentState : 4 
03-31 13:30:45.497 I/HBD     (12719): g isCoverDisplay : true, cached selected json info : SelectedLanguageInfo(languageVersion=4.2, currentLanguageOrder=0, selectedLanguageList=[SelectedLanguage(id=65537, isUsed=true, engName=English, inputType=qwerty, activeOptionList=[auto_replace, auto_spacing, writing_assistant, prediction], bilingualId=-1), SelectedLanguage(id=3342336, isUsed=true, engName=Russian, inputType=qwerty, activeOptionList=[auto_replace, auto_spacing, prediction], bilingualId=-1), SelectedLanguage(id=1441798, isUsed=true, engName=French, inputType=qwerty_accent, activeOptionList=[auto_replace, auto_spacing, prediction], bilingualId=-1), SelectedLanguage(id=4456448, isUsed=true, engName=Ukrainian, inputType=qwerty, activeOptionList=[auto_replace, auto_spacing, prediction], bilingualId=-1)]) 
03-31 13:30:45.498 I/HBD     (12719): a [UpdatePolicy] [post] a: 0 cl: 65537 kit: [0/0] vt: 0 ir: 1 
03-31 13:30:45.501 I/SurfaceFlinger( 1676): destroyed Splash Screen com.weejobs.app$_3951#27643 form LifecycleManager
03-31 13:30:45.501 I/SurfaceFlinger( 1676): id=27643 onLayerDestroyed from LayerHierarchyBuilder(RequestedLayerState{Splash Screen com.weejobs.app$_3951#27643 !handle})
03-31 13:30:45.501 I/HoneySpace.FloatingAnimator( 4276): [Player:A(45.453)] container x: 35.879547, y: 90.222664, scale : 0.94401413
03-31 13:30:45.501 I/Layer   ( 1676): id=27643 Destroyed Splash Screen com.weejobs.app$_3951#27643
03-31 13:30:45.502 I/VRI[LauncherActivity]@db31459( 4276): mWNT: t=0xb400006ed39dbe10 mBlastBufferQueue=0xb400006e63b9c570 fn= 847 HdrRenderState mRenderHdrSdrRatio=1.0 caller= com.android.systemui.shared.launcher.ViewRootImplCompat.mergeWithNextTransaction:4 com.honeyspace.transition.utils.SurfaceTransactionApplier.scheduleApply$lambda$1:16 com.honeyspace.transition.utils.SurfaceTransactionApplier.b:0 
03-31 13:30:45.504 I/HBD     (12719): a [NRIC] resetNoResponseState 
03-31 13:30:45.504 I/HBD     (12719): f needOff = true , isForceOff = false, isNullInputClass : true 
03-31 13:30:45.504 I/HBD     (12719): f update cached prediction status : false 
03-31 13:30:45.505 I/HBD     (12719): HoneyBoardService [PF_OP][onStartInput]  18 ms 
03-31 13:30:45.505 I/HBD     (12719): [DirectWriting] DirectWriting emitInputConnection : RemoteInputConnection{idHash=#c17cc7d} 
03-31 13:30:45.509 I/HoneySpace.FloatingAnimator( 4276): [Player:A(45.453)] container x: 56.362606, y: 141.72932, scale : 0.91205287
03-31 13:30:45.510 I/VRI[LauncherActivity]@db31459( 4276): mWNT: t=0xb400006ed39d0490 mBlastBufferQueue=0xb400006e63b9c570 fn= 848 HdrRenderState mRenderHdrSdrRatio=1.0 caller= com.android.systemui.shared.launcher.ViewRootImplCompat.mergeWithNextTransaction:4 com.honeyspace.transition.utils.SurfaceTransactionApplier.scheduleApply$lambda$1:16 com.honeyspace.transition.utils.SurfaceTransactionApplier.b:0 
03-31 13:30:45.517 I/HoneySpace.FloatingAnimator( 4276): [Player:A(45.453)] container x: 82.039276, y: 206.29584, scale : 0.8719874
03-31 13:30:45.518 I/VRI[LauncherActivity]@db31459( 4276): mWNT: t=0xb400006ed39eb4d0 mBlastBufferQueue=0xb400006e63b9c570 fn= 849 HdrRenderState mRenderHdrSdrRatio=1.0 caller= com.android.systemui.shared.launcher.ViewRootImplCompat.mergeWithNextTransaction:4 com.honeyspace.transition.utils.SurfaceTransactionApplier.scheduleApply$lambda$1:16 com.honeyspace.transition.utils.SurfaceTransactionApplier.b:0 
03-31 13:30:45.526 I/HoneySpace.FloatingAnimator( 4276): [Player:A(45.453)] container x: 119.00857, y: 299.2588, scale : 0.8143014
03-31 13:30:45.527 I/VRI[LauncherActivity]@db31459( 4276): mWNT: t=0xb400006ed39a4350 mBlastBufferQueue=0xb400006e63b9c570 fn= 850 HdrRenderState mRenderHdrSdrRatio=1.0 caller= com.android.systemui.shared.launcher.ViewRootImplCompat.mergeWithNextTransaction:4 com.honeyspace.transition.utils.SurfaceTransactionApplier.scheduleApply$lambda$1:16 com.honeyspace.transition.utils.SurfaceTransactionApplier.b:0 
03-31 13:30:45.534 I/HoneySpace.FloatingAnimator( 4276): [Player:A(45.453)] container x: 156.67287, y: 393.96936, scale : 0.7555307
03-31 13:30:45.535 I/VRI[LauncherActivity]@db31459( 4276): mWNT: t=0xb400006ed3a14350 mBlastBufferQueue=0xb400006e63b9c570 fn= 851 HdrRenderState mRenderHdrSdrRatio=1.0 caller= com.android.systemui.shared.launcher.ViewRootImplCompat.mergeWithNextTransaction:4 com.honeyspace.transition.utils.SurfaceTransactionApplier.scheduleApply$lambda$1:16 com.honeyspace.transition.utils.SurfaceTransactionApplier.b:0 
03-31 13:30:45.540 V/MdnieScenarioControlService( 2349): mAclOffEnabled : false
03-31 13:30:45.542 I/HoneySpace.FloatingAnimator( 4276): [Player:A(45.453)] container x: 195.64717, y: 492.33112, scale : 0.69471604
03-31 13:30:45.543 I/VRI[LauncherActivity]@db31459( 4276): mWNT: t=0xb400006ed397f590 mBlastBufferQueue=0xb400006e63b9c570 fn= 852 HdrRenderState mRenderHdrSdrRatio=1.0 caller= com.android.systemui.shared.launcher.ViewRootImplCompat.mergeWithNextTransaction:4 com.honeyspace.transition.utils.SurfaceTransactionApplier.scheduleApply$lambda$1:16 com.honeyspace.transition.utils.SurfaceTransactionApplier.b:0 
03-31 13:30:45.551 I/HoneySpace.FloatingAnimator( 4276): [Player:A(45.453)] container x: 238.38734, y: 599.22504, scale : 0.62870264
03-31 13:30:45.552 I/VRI[LauncherActivity]@db31459( 4276): mWNT: t=0xb400006ed3a495d0 mBlastBufferQueue=0xb400006e63b9c570 fn= 853 HdrRenderState mRenderHdrSdrRatio=1.0 caller= com.android.systemui.shared.launcher.ViewRootImplCompat.mergeWithNextTransaction:4 com.honeyspace.transition.utils.SurfaceTransactionApplier.scheduleApply$lambda$1:16 com.honeyspace.transition.utils.SurfaceTransactionApplier.b:0 
03-31 13:30:45.555 D/ActivityManager( 2349): unpendingScheduleServiceRestart: u=10134, drop=false
03-31 13:30:45.559 I/HoneySpace.FloatingAnimator( 4276): [Player:A(45.453)] container x: 273.673, y: 688.41974, scale : 0.5737438
03-31 13:30:45.560 I/VRI[LauncherActivity]@db31459( 4276): mWNT: t=0xb400006ed3a2a150 mBlastBufferQueue=0xb400006e63b9c570 fn= 854 HdrRenderState mRenderHdrSdrRatio=1.0 caller= com.android.systemui.shared.launcher.ViewRootImplCompat.mergeWithNextTransaction:4 com.honeyspace.transition.utils.SurfaceTransactionApplier.scheduleApply$lambda$1:16 com.honeyspace.transition.utils.SurfaceTransactionApplier.b:0 
03-31 13:30:45.567 I/HoneySpace.FloatingAnimator( 4276): [Player:A(45.453)] container x: 303.1821, y: 763.20154, scale : 0.5277823
03-31 13:30:45.569 I/VRI[LauncherActivity]@db31459( 4276): mWNT: t=0xb400006ed398fa50 mBlastBufferQueue=0xb400006e63b9c570 fn= 855 HdrRenderState mRenderHdrSdrRatio=1.0 caller= com.android.systemui.shared.launcher.ViewRootImplCompat.mergeWithNextTransaction:4 com.honeyspace.transition.utils.SurfaceTransactionApplier.scheduleApply$lambda$1:16 com.honeyspace.transition.utils.SurfaceTransactionApplier.b:0 
03-31 13:30:45.576 I/HoneySpace.FloatingAnimator( 4276): [Player:A(45.453)] container x: 334.5973, y: 840.7517, scale : 0.4797995
03-31 13:30:45.577 I/VRI[LauncherActivity]@db31459( 4276): mWNT: t=0xb400006ed3a14190 mBlastBufferQueue=0xb400006e63b9c570 fn= 856 HdrRenderState mRenderHdrSdrRatio=1.0 caller= com.android.systemui.shared.launcher.ViewRootImplCompat.mergeWithNextTransaction:4 com.honeyspace.transition.utils.SurfaceTransactionApplier.scheduleApply$lambda$1:16 com.honeyspace.transition.utils.SurfaceTransactionApplier.b:0 
03-31 13:30:45.582 D/ActivityManager( 2349): unpendingScheduleServiceRestart: u=10134, drop=false
03-31 13:30:45.582 D/ActivityManager( 2349): unpendingScheduleServiceRestart: u=10134, drop=false
03-31 13:30:45.583 D/ActivityManager( 2349): unpendingScheduleServiceRestart: u=10134, drop=false
03-31 13:30:45.584 I/HoneySpace.FloatingAnimator( 4276): [Player:A(45.453)] container x: 357.7722, y: 899.6344, scale : 0.4437693
03-31 13:30:45.586 I/VRI[LauncherActivity]@db31459( 4276): mWNT: t=0xb400006ed39a3a90 mBlastBufferQueue=0xb400006e63b9c570 fn= 857 HdrRenderState mRenderHdrSdrRatio=1.0 caller= com.android.systemui.shared.launcher.ViewRootImplCompat.mergeWithNextTransaction:4 com.honeyspace.transition.utils.SurfaceTransactionApplier.scheduleApply$lambda$1:16 com.honeyspace.transition.utils.SurfaceTransactionApplier.b:0 
03-31 13:30:45.593 I/HoneySpace.FloatingAnimator( 4276): [Player:A(45.453)] container x: 379.73303, y: 955.5463, scale : 0.40962666
03-31 13:30:45.594 I/VRI[LauncherActivity]@db31459( 4276): mWNT: t=0xb400006ed3a3bcd0 mBlastBufferQueue=0xb400006e63b9c570 fn= 858 HdrRenderState mRenderHdrSdrRatio=1.0 caller= com.android.systemui.shared.launcher.ViewRootImplCompat.mergeWithNextTransaction:4 com.honeyspace.transition.utils.SurfaceTransactionApplier.scheduleApply$lambda$1:16 com.honeyspace.transition.utils.SurfaceTransactionApplier.b:0 
03-31 13:30:45.601 I/HoneySpace.FloatingAnimator( 4276): [Player:A(45.453)] container x: 400.16302, y: 1005.1282, scale : 0.37899306
03-31 13:30:45.602 I/VRI[LauncherActivity]@db31459( 4276): mWNT: t=0xb400006ed39c9810 mBlastBufferQueue=0xb400006e63b9c570 fn= 859 HdrRenderState mRenderHdrSdrRatio=1.0 caller= com.android.systemui.shared.launcher.ViewRootImplCompat.mergeWithNextTransaction:4 com.honeyspace.transition.utils.SurfaceTransactionApplier.scheduleApply$lambda$1:16 com.honeyspace.transition.utils.SurfaceTransactionApplier.b:0 
03-31 13:30:45.609 I/HoneySpace.FloatingAnimator( 4276): [Player:A(45.453)] container x: 417.70932, y: 1049.959, scale : 0.35176334
03-31 13:30:45.610 I/VRI[LauncherActivity]@db31459( 4276): mWNT: t=0xb400006ed3a00bd0 mBlastBufferQueue=0xb400006e63b9c570 fn= 860 HdrRenderState mRenderHdrSdrRatio=1.0 caller= com.android.systemui.shared.launcher.ViewRootImplCompat.mergeWithNextTransaction:4 com.honeyspace.transition.utils.SurfaceTransactionApplier.scheduleApply$lambda$1:16 com.honeyspace.transition.utils.SurfaceTransactionApplier.b:0 
03-31 13:30:45.618 I/HoneySpace.FloatingAnimator( 4276): [Player:A(45.453)] container x: 432.75052, y: 1087.7666, scale : 0.3284211
03-31 13:30:45.619 I/VRI[LauncherActivity]@db31459( 4276): mWNT: t=0xb400006ed3a15bd0 mBlastBufferQueue=0xb400006e63b9c570 fn= 861 HdrRenderState mRenderHdrSdrRatio=1.0 caller= com.android.systemui.shared.launcher.ViewRootImplCompat.mergeWithNextTransaction:4 com.honeyspace.transition.utils.SurfaceTransactionApplier.scheduleApply$lambda$1:16 com.honeyspace.transition.utils.SurfaceTransactionApplier.b:0 
03-31 13:30:45.626 I/HoneySpace.FloatingAnimator( 4276): [Player:A(45.453)] container x: 447.81842, y: 1126.4543, scale : 0.30503738
03-31 13:30:45.627 I/VRI[LauncherActivity]@db31459( 4276): mWNT: t=0xb400006ed3a1b890 mBlastBufferQueue=0xb400006e63b9c570 fn= 862 HdrRenderState mRenderHdrSdrRatio=1.0 caller= com.android.systemui.shared.launcher.ViewRootImplCompat.mergeWithNextTransaction:4 com.honeyspace.transition.utils.SurfaceTransactionApplier.scheduleApply$lambda$1:16 com.honeyspace.transition.utils.SurfaceTransactionApplier.b:0 
03-31 13:30:45.634 I/HoneySpace.FloatingAnimator( 4276): [Player:A(45.453)] container x: 459.53842, y: 1155.935, scale : 0.28684926
03-31 13:30:45.635 I/VRI[LauncherActivity]@db31459( 4276): mWNT: t=0xb400006ed3a16b90 mBlastBufferQueue=0xb400006e63b9c570 fn= 863 HdrRenderState mRenderHdrSdrRatio=1.0 caller= com.android.systemui.shared.launcher.ViewRootImplCompat.mergeWithNextTransaction:4 com.honeyspace.transition.utils.SurfaceTransactionApplier.scheduleApply$lambda$1:16 com.honeyspace.transition.utils.SurfaceTransactionApplier.b:0 
03-31 13:30:45.643 I/HoneySpace.FloatingAnimator( 4276): [Player:A(45.453)] container x: 471.045, y: 1182.7325, scale : 0.27031672
03-31 13:30:45.644 I/VRI[LauncherActivity]@db31459( 4276): mWNT: t=0xb400006ed3a44c50 mBlastBufferQueue=0xb400006e63b9c570 fn= 864 HdrRenderState mRenderHdrSdrRatio=1.0 caller= com.android.systemui.shared.launcher.ViewRootImplCompat.mergeWithNextTransaction:4 com.honeyspace.transition.utils.SurfaceTransactionApplier.scheduleApply$lambda$1:16 com.honeyspace.transition.utils.SurfaceTransactionApplier.b:0 
03-31 13:30:45.651 I/HoneySpace.FloatingAnimator( 4276): [Player:A(45.453)] container x: 482.0357, y: 1211.2021, scale : 0.2532913
03-31 13:30:45.653 I/VRI[LauncherActivity]@db31459( 4276): mWNT: t=0xb400006ed398b0d0 mBlastBufferQueue=0xb400006e63b9c570 fn= 865 HdrRenderState mRenderHdrSdrRatio=1.0 caller= com.android.systemui.shared.launcher.ViewRootImplCompat.mergeWithNextTransaction:4 com.honeyspace.transition.utils.SurfaceTransactionApplier.scheduleApply$lambda$1:16 com.honeyspace.transition.utils.SurfaceTransactionApplier.b:0 
03-31 13:30:45.660 I/HoneySpace.FloatingAnimator( 4276): [Player:A(45.453)] container x: 490.44247, y: 1232.3256, scale : 0.24026863
03-31 13:30:45.661 I/VRI[LauncherActivity]@db31459( 4276): mWNT: t=0xb400006ed39e5d50 mBlastBufferQueue=0xb400006e63b9c570 fn= 866 HdrRenderState mRenderHdrSdrRatio=1.0 caller= com.android.systemui.shared.launcher.ViewRootImplCompat.mergeWithNextTransaction:4 com.honeyspace.transition.utils.SurfaceTransactionApplier.scheduleApply$lambda$1:16 com.honeyspace.transition.utils.SurfaceTransactionApplier.b:0 
03-31 13:30:45.667 I/HoneySpace.EdgePanel.EdgeVisibilityRepository( 4276): getComputedTrayVisible : keyguardState = 1
03-31 13:30:45.667 I/HoneySpace.EdgePanel.EdgeVisibilityRepository( 4276): updateTrayVisible: State = 0x1, visible = true, current containerState = 0, specificMode = 0
03-31 13:30:45.667 I/HoneySpace.EdgePanel.EdgeVisibilityRepository( 4276): Same container state 0
03-31 13:30:45.668 I/HoneySpace.FloatingAnimator( 4276): [Player:A(45.453)] container x: 498.43478, y: 1252.4077, scale : 0.22788796
03-31 13:30:45.669 I/VRI[LauncherActivity]@db31459( 4276): mWNT: t=0xb400006ed399bad0 mBlastBufferQueue=0xb400006e63b9c570 fn= 867 HdrRenderState mRenderHdrSdrRatio=1.0 caller= com.android.systemui.shared.launcher.ViewRootImplCompat.mergeWithNextTransaction:4 com.honeyspace.transition.utils.SurfaceTransactionApplier.scheduleApply$lambda$1:16 com.honeyspace.transition.utils.SurfaceTransactionApplier.b:0 
03-31 13:30:45.676 I/HoneySpace.FloatingAnimator( 4276): [Player:A(45.453)] container x: 506.1508, y: 1271.7955, scale : 0.21593533
03-31 13:30:45.677 I/VRI[LauncherActivity]@db31459( 4276): mWNT: t=0xb400006ed39b5990 mBlastBufferQueue=0xb400006e63b9c570 fn= 868 HdrRenderState mRenderHdrSdrRatio=1.0 caller= com.android.systemui.shared.launcher.ViewRootImplCompat.mergeWithNextTransaction:4 com.honeyspace.transition.utils.SurfaceTransactionApplier.scheduleApply$lambda$1:16 com.honeyspace.transition.utils.SurfaceTransactionApplier.b:0 
03-31 13:30:45.684 E/SurfaceComposerClient( 4276): SurfaceComposerClient::Transaction::setAlpha: invalid alpha -0.016384, clamping
03-31 13:30:45.684 I/HoneySpace.FloatingAnimator( 4276): [Player:A(45.453)] container x: 512.5423, y: 1288.7839, scale : 0.20603436
03-31 13:30:45.685 I/VRI[LauncherActivity]@db31459( 4276): mWNT: t=0xb400006ed39b5290 mBlastBufferQueue=0xb400006e63b9c570 fn= 869 HdrRenderState mRenderHdrSdrRatio=1.0 caller= com.android.systemui.shared.launcher.ViewRootImplCompat.mergeWithNextTransaction:4 com.honeyspace.transition.utils.SurfaceTransactionApplier.scheduleApply$lambda$1:16 com.honeyspace.transition.utils.SurfaceTransactionApplier.b:0 
03-31 13:30:45.689 D/ActivityManager( 2349): unpendingScheduleServiceRestart: u=10134, drop=false
