--------- beginning of main
03-31 13:33:04.884 W/com.hualai( 4446): userfaultfd: MOVE ioctl seems unsupported: Connection timed out
03-31 13:33:04.906 D/BoundBrokerSvc( 9332): onUnbind: Intent { act=com.google.android.gms.measurement.START xflg=0x4 pkg=com.google.android.gms }
03-31 13:33:04.972 I/sensors-hal( 1553): handle_sns_client_event:552, [0][6739] accel_sample [ 0.118,  3.447,  9.319] 712689933214838
03-31 13:33:05.085 I/sensors-hal( 1553): handle_sns_std_sensor_event:335, [SSC_LIGHT] P: 297(297),ch0:36545,ch1:1128,c:47,w:20,l:264,m:1,br:121,c1:106,c2:110,i:1
03-31 13:33:05.139 D/WifiStaIfaceHidlImpl( 2349): getCachedScanData is not implemented by HIDL
03-31 13:33:05.146 D/SemWifiUsabilityStatsMonitor( 2349): onWifiUsabilityStats - seqNum 84534, isSameBssidAndFreq true
03-31 13:33:05.147 I/SemWifiLinkQualityMonitor( 2349): Link stat: 1364 / 183 / 1.53 (69) / 960 / -44.0 || 100.0 : 960.00 / 0.5 : 0.65 / 0.55 : 0.13 / G (G) || 7c234b195805: 0.266 / 30.060 / N || A N / 0 0 / N 2.0 / N X 0 / 478487552 0 || 2026-03-31 13:33:04  / 0: 0 0 0 0 0 0 / 0: 0 0 0 0 0 0 / 0: 0 0 0 0 0 0
03-31 13:33:05.280 I/vendor.qti.bluetooth@1.0-ibs_handler( 1540): ProcessIbsCmd: Received IBS_WAKE_IND: 0xFD
03-31 13:33:05.281 D/vendor.qti.bluetooth@1.0-ibs_handler( 1540): SerialClockVote: vote for UART CLK ON
03-31 13:33:05.282 D/vendor.qti.bluetooth@1.0-wake_lock( 1540): Acquire wakelock is acquired 
03-31 13:33:05.282 I/vendor.qti.bluetooth@1.0-ibs_handler( 1540): ProcessIbsCmd: Writing IBS_WAKE_ACK
03-31 13:33:05.328 I/ScanController( 3826): onScanResult to scannerId: 5- eventType=0x10, addressType=0, address=XX:XX:XX:XX:5A:C5, primaryPhy=1, secondaryPhy=0, advertisingSid=0xff, txPower=127, rssi=-86, periodicAdvInt=0x0
03-31 13:33:05.334 I/[-0700]oneconnect[1.8.41.23_01][CORE](16400): DataConvert.parseBleVd - deviceBle : |name:|deviceType:TV|discoverType:_BLE|services:None|connected:false[TvStatusString]POWER_OFF[TvStatus]-128[TvService]96[TvMirrorChannel]1[TvRegisteredDB][44, 0, 0, 0, 0, 0][TvYear]2016[TvOcfInfo]0[TvAcmStatus]0[ExTvStatus]0[ExtendedStatus]-1[ModuloSn]-1
03-31 13:33:05.366 I/vendor.qti.bluetooth@1.0-ibs_handler( 1540): ProcessIbsCmd: Received IBS_SLEEP_IND: 0xFE
03-31 13:33:05.366 D/vendor.qti.bluetooth@1.0-ibs_handler( 1540): SerialClockVote: vote for UART CLK OFF
03-31 13:33:05.410 I/vendor.qti.bluetooth@1.0-ibs_handler( 1540): ProcessIbsCmd: Received IBS_WAKE_IND: 0xFD
03-31 13:33:05.410 D/vendor.qti.bluetooth@1.0-ibs_handler( 1540): SerialClockVote: vote for UART CLK ON
03-31 13:33:05.410 I/vendor.qti.bluetooth@1.0-ibs_handler( 1540): ProcessIbsCmd: Writing IBS_WAKE_ACK
03-31 13:33:05.414 I/ScanController( 3826): onScanResult to scannerId: 9- eventType=0x1b, addressType=1, address=XX:XX:XX:XX:F5:D2, primaryPhy=1, secondaryPhy=0, advertisingSid=0xff, txPower=127, rssi=-66, periodicAdvInt=0x0
03-31 13:33:05.428 E/HeatmapThread( 1665): ECT Thread time in milliseconds: 1774989185
03-31 13:33:05.429 D/HeatmapThread( 1665): !@ batteryplugType : 0
03-31 13:33:05.429 D/HeatmapThread( 1665): !@ batteryLevel : 0  batteryTemperature : 0 
03-31 13:33:05.429 D/HeatmapThread( 1665): !@ Heatmap currtime: 29583153
03-31 13:33:05.429 D/HeatmapThread( 1665): !@ Heatmap prevtime: 29583153
03-31 13:33:05.429 D/HeatmapThread( 1665): !@ Heatmap plugstarttime: 35791394
03-31 13:33:05.429 D/HeatmapThread( 1665): !@ Heatmap prevv_dsoh_update_time: 29571275
03-31 13:33:05.429 E/HeatmapThread( 1665): !@Could not open '/efs/FactoryApp/bsoh', errno = 13
03-31 13:33:05.429 E/HeatmapThread( 1665): !@ CAM Could not access BSOH EFS
03-31 13:33:05.429 E/HeatmapThread( 1665): !@ CAM New BSOH: 0
03-31 13:33:05.452 I/vendor.qti.bluetooth@1.0-ibs_handler( 1540): ProcessIbsCmd: Received IBS_SLEEP_IND: 0xFE
03-31 13:33:05.452 D/vendor.qti.bluetooth@1.0-ibs_handler( 1540): SerialClockVote: vote for UART CLK OFF
--------- beginning of system
03-31 13:33:05.569 D/ActivityManager( 2349): Received BROADCAST intent 0x31d8fbe Key{broadcastIntent pkg=com.google.android.gms/com.google.android.gms.scheduler intent=act=com.google.android.gms.gcm.ACTION_CHECK_QUEUE xflg=0x4 cmp=com.google.android.gms/.gcm.nts.SchedulerInternalReceiver flags=0x2000000 u=0} requestCode=0 sent=0 from uid 1000
03-31 13:33:05.583 D/AndroidRuntime( 5026): >>>>>> START com.android.internal.os.RuntimeInit uid 2000 <<<<<<
03-31 13:33:05.586 I/app_process( 5026): MMAP_TRYLOCK is supported in uffd errno:2 addr:0x703decd000 size:4096
03-31 13:33:05.586 I/AndroidRuntime( 5026): Using default boot image
03-31 13:33:05.586 I/AndroidRuntime( 5026): Leaving lock profiling enabled
03-31 13:33:05.588 I/app_process( 5026): Using CollectorTypeCMC GC.
03-31 13:33:05.602 D/vendor.qti.bluetooth@1.0-wake_lock( 1540): Release wakelock is released 
03-31 13:33:05.606 I/NetworkScheduler.Stats(23739): (REDACTED) Task %s/%s started execution. cause:%s exec_start_elapsed_seconds: %s
03-31 13:33:05.608 I/NetworkScheduler.Stats(23739): (REDACTED) Task %s/%s started execution. cause:%s exec_start_elapsed_seconds: %s
03-31 13:33:05.608 I/PlayGamesServices[GamesSyncAdapter]( 9332): Starting sync for 5f4493aa
03-31 13:33:05.609 I/PlayGamesServices[GamesSyncAdapter]( 9332): Sync duration for 5f4493aa: 0
03-31 13:33:05.609 I/PlayGamesServices[GamesSyncAdapter]( 9332): Starting sync for 1704ad62
03-31 13:33:05.610 I/PlayGamesServices[GamesSyncAdapter]( 9332): Sync duration for 1704ad62: 0
03-31 13:33:05.621 W/PlayGamesServices[DataBroker]( 9332): No player ID found when refreshing
03-31 13:33:05.621 W/PlayGamesServices[DataBroker]( 9332): No player ID found when refreshing
03-31 13:33:05.621 W/PlayGamesServices[DataBroker]( 9332): No player ID found when refreshing
03-31 13:33:05.622 W/PlayGamesServices[DataBroker]( 9332): No player ID found when refreshing
03-31 13:33:05.622 W/PlayGamesServices[DataBroker]( 9332): No player ID found when refreshing
03-31 13:33:05.622 W/PlayGamesServices[DataBroker]( 9332): No player ID found when refreshing
03-31 13:33:05.622 W/PlayGamesServices[DataBroker]( 9332): No player ID found when refreshing
03-31 13:33:05.623 W/PlayGamesServices[DataBroker]( 9332): No player ID found when refreshing
03-31 13:33:05.623 W/PlayGamesServices[DataBroker]( 9332): No player ID found when refreshing
03-31 13:33:05.623 W/PlayGamesServices[DataBroker]( 9332): No player ID found when refreshing
03-31 13:33:05.623 W/PlayGamesServices[DataBroker]( 9332): No player ID found when refreshing
03-31 13:33:05.623 W/PlayGamesServices[DataBroker]( 9332): No player ID found when refreshing
03-31 13:33:05.623 W/PlayGamesServices[DataBroker]( 9332): No player ID found when refreshing
03-31 13:33:05.623 W/PlayGamesServices[DataBroker]( 9332): No player ID found when refreshing
03-31 13:33:05.623 W/PlayGamesServices[DataBroker]( 9332): No player ID found when refreshing
03-31 13:33:05.623 W/PlayGamesServices[DataBroker]( 9332): No player ID found when refreshing
03-31 13:33:05.623 W/PlayGamesServices[DataBroker]( 9332): No player ID found when refreshing
03-31 13:33:05.624 W/PlayGamesServices[DataBroker]( 9332): No player ID found when refreshing
03-31 13:33:05.627 I/NetworkScheduler.Stats(23739): (REDACTED) Task %s/%s finished executing. cause:%s result: %s elapsed_millis: %s uptime_millis: %s exec_start_elapsed_seconds: %s
03-31 13:33:05.631 I/NetworkScheduler.Stats(23739): (REDACTED) Task %s/%s finished executing. cause:%s result: %s elapsed_millis: %s uptime_millis: %s exec_start_elapsed_seconds: %s
03-31 13:33:05.631 W/PlayGamesServices[UiUtils]( 9332): AppVersion: Cannot find the installed destination app.
03-31 13:33:05.631 I/GetServiceValidatorImpl( 9332): (REDACTED) onGetService() from Client SDK version [%s], Module version [%s], PGA version [%s], Account [%s], Calling package [%s], Game package [%s]
03-31 13:33:05.632 W/GetGamesServiceReqFacto( 9332): Parsing request with ignored arguments. signInOptionsBundle [Bundle[{com.google.android.gms.signin.internal.serverClientId=null, com.google.android.gms.signin.internal.usePromptModeForAuthCode=true, com.google.android.gms.signin.internal.logSessionId=null, com.google.android.gms.signin.internal.hostedDomain=null, com.google.android.gms.signin.internal.offlineAccessRequested=false, com.google.android.gms.signin.internal.waitForAccessTokenRefresh=false, com.google.android.gms.signin.internal.clientRequestedAccount=Account {name=<<default account>>, type=com.google}, com.google.android.gms.signin.internal.idTokenRequested=false, com.google.android.gms.signin.internal.forceCodeForRefreshToken=false}]], isRetryingSignIn [false], skipWelcomePopup [false], requireGooglePlus [false]
03-31 13:33:05.632 I/GetGamesServiceReqFacto( 9332): Replacing request for `games` scope with `games_lite`
03-31 13:33:05.635 I/SignInPerformer-8( 9332): (REDACTED) Handling request [%s], isFirstPartyCaller [%s]
03-31 13:33:05.636 I/SignInPerformer-8( 9332): Successfully brokered first-party unauthenticated GamesService [CONTEXT service_id=1 ]
03-31 13:33:05.636 I/GetGamesServiceV2Op( 9332): (REDACTED) Successfully brokered GamesService for request %s
03-31 13:33:05.636 W/PlayGamesServices[UiUtils]( 9332): AppVersion: Cannot find the installed destination app.
03-31 13:33:05.636 W/PlayGamesServices[UiUtils]( 9332): AppVersionName: Cannot find the installed destination app.
03-31 13:33:05.637 W/PlayGamesServices[UiUtils]( 9332): AppVersion: Cannot find the installed destination app.
03-31 13:33:05.637 W/PlayGamesServices[UiUtils]( 9332): AppVersionName: Cannot find the installed destination app.
03-31 13:33:05.642 D/nativeloader( 5026): InitDefaultPublicLibraries for_preload=1: libandroid.so:libaaudio.so:libamidi.so:libbinder_ndk.so:libc.so:libcamera2ndk.so:libdl.so:libEGL.so:libGLESv1_CM.so:libGLESv2.so:libGLESv3.so:libicu.so:libicui18n.so:libicuuc.so:libjnigraphics.so:liblog.so:libmediandk.so:libm.so:libnativehelper.so:libnativewindow.so:libOpenMAXAL.so:libOpenSLES.so:libRS.so:libstdc++.so:libsync.so:libvulkan.so:libwebviewchromium_plat_support.so:libz.so
03-31 13:33:05.650 D/nativeloader( 5026): Load libicu_jni.so using APEX ns com_android_art for caller /apex/com.android.art/javalib/core-oj.jar: ok
03-31 13:33:05.650 D/app_process( 5026): u_setTimeZoneFilesDirectory("/apex/com.android.tzdata/etc/tz/versioned/9/icu") succeeded. 
03-31 13:33:05.650 D/app_process( 5026): I18n APEX ICU file found: /apex/com.android.i18n/etc/icu/icudt76l.dat
03-31 13:33:05.651 D/nativeloader( 5026): Load libjavacore.so using APEX ns com_android_art for caller /apex/com.android.art/javalib/core-oj.jar: ok
03-31 13:33:05.651 D/nativeloader( 5026): Load libopenjdk.so using APEX ns com_android_art for caller /apex/com.android.art/javalib/core-oj.jar: ok
03-31 13:33:05.652 I/app_process( 5026): Priority-to-niceness mapping: 19, 16, 13, 10, 0, -2, -4, -5, -6, -8
03-31 13:33:05.661 I/NetworkScheduler.Stats(23739): (REDACTED) Task %s/%s started execution. cause:%s exec_start_elapsed_seconds: %s
03-31 13:33:05.666 E/SemDvfsManager_JNI( 5026): SemDvfsManager: registerfunction enter
03-31 13:33:05.666 E/SemAffinityControl( 5026): SemAffinityControl: registerfunction enter
03-31 13:33:05.666 D/BoundBrokerSvc(31474): onBind: Intent { act=com.google.android.gms.semanticlocationhistory.federated.regionfetcher.RegionMddDownloadScheduleService.ACTION_TASK_READY dat=chimera-action:/... xflg=0x4 cmp=com.google.android.gms/.chimera.GmsInternalBoundBrokerService }
03-31 13:33:05.666 D/BoundBrokerSvc(31474): Loading bound service for intent: Intent { act=com.google.android.gms.semanticlocationhistory.federated.regionfetcher.RegionMddDownloadScheduleService.ACTION_TASK_READY dat=chimera-action:/... xflg=0x4 cmp=com.google.android.gms/.chimera.GmsInternalBoundBrokerService }
03-31 13:33:05.673 D/nativeloader( 5026): Load libframework-connectivity-tiramisu-jni.so using APEX ns com_android_tethering for caller /apex/com.android.tethering/javalib/framework-connectivity-t.jar: ok
03-31 13:33:05.673 D/BoundBrokerSvc(31474): onBind: Intent { act=com.google.android.gms.semanticlocationhistory.deidentifieddata.storevisits.StoreVisitsProcessingService.ACTION_TASK_READY dat=chimera-action:/... xflg=0x4 cmp=com.google.android.gms/.chimera.GmsInternalBoundBrokerService }
03-31 13:33:05.673 D/AndroidRuntime( 5026): Calling main entry com.android.commands.monkey.Monkey
03-31 13:33:05.673 D/BoundBrokerSvc(31474): Loading bound service for intent: Intent { act=com.google.android.gms.semanticlocationhistory.deidentifieddata.storevisits.StoreVisitsProcessingService.ACTION_TASK_READY dat=chimera-action:/... xflg=0x4 cmp=com.google.android.gms/.chimera.GmsInternalBoundBrokerService }
03-31 13:33:05.674 D/nativeloader( 5026): Load /system/lib64/libmonkey_jni.so using ns default for caller /system/framework/monkey.jar in same partition (is_bridged=0): ok
03-31 13:33:05.675 W/Monkey  ( 5026): args: [-p, com.weejobs.app, -c, android.intent.category.LAUNCHER, 1]
03-31 13:33:05.676 W/PlatformAconfigPackage( 5026): android.os.flagging.AconfigStorageReadException: ERROR_CANNOT_READ_STORAGE_FILE: Fail to mmap storage
03-31 13:33:05.677 I/AconfigPackage( 5026): android.graphics.pdf.flags is mapped to com.android.mediaprovider
03-31 13:33:05.677 I/AconfigPackage( 5026): com.android.providers.media.flags is mapped to com.android.mediaprovider
03-31 13:33:05.677 I/AconfigPackage( 5026): android.graphics.pdf.flags.readonly is mapped to com.android.mediaprovider
03-31 13:33:05.677 I/AconfigPackage( 5026): com.android.system.virtualmachine.flags is mapped to com.android.virt
03-31 13:33:05.677 I/AconfigPackage( 5026): android.os.profiling is mapped to com.android.profiling
03-31 13:33:05.677 I/AconfigPackage( 5026): android.uprobestats.mainline.flags is mapped to com.android.uprobestats
03-31 13:33:05.677 I/AconfigPackage( 5026): com.android.adservices.flags is mapped to com.android.adservices
03-31 13:33:05.677 I/AconfigPackage( 5026): com.android.sdksandbox.flags is mapped to com.android.adservices
03-31 13:33:05.677 I/AconfigPackage( 5026): android.provider.flags is mapped to com.android.configinfrastructure
03-31 13:33:05.677 I/AconfigPackage( 5026): com.android.server.deviceconfig is mapped to com.android.configinfrastructure
03-31 13:33:05.677 I/AconfigPackage( 5026): com.android.bluetooth.flags is mapped to com.android.bt
03-31 13:33:05.677 I/AconfigPackage( 5026): com.android.appsearch.flags is mapped to com.android.appsearch
03-31 13:33:05.677 I/AconfigPackage( 5026): com.android.devicelock.flags is mapped to com.android.devicelock
03-31 13:33:05.678 I/AconfigPackage( 5026): com.android.icu is mapped to com.android.i18n
03-31 13:33:05.678 I/AconfigPackage( 5026): com.android.adservices.ondevicepersonalization.flags is mapped to com.android.ondevicepersonalization
03-31 13:33:05.678 I/AconfigPackage( 5026): com.android.permission.flags is mapped to com.android.permission
03-31 13:33:05.678 I/AconfigPackage( 5026): com.android.permissioncontroller.flags is mapped to com.android.permission
03-31 13:33:05.678 I/AconfigPackage( 5026): com.android.rkpd.flags is mapped to com.android.rkpd
03-31 13:33:05.678 I/AconfigPackage( 5026): com.android.wifi.flags is mapped to com.android.wifi
03-31 13:33:05.678 I/AconfigPackage( 5026): com.android.org.conscrypt.flags is mapped to com.android.conscrypt
03-31 13:33:05.678 I/AconfigPackage( 5026): com.android.org.conscrypt.net.flags is mapped to com.android.conscrypt
03-31 13:33:05.678 I/AconfigPackage( 5026): com.android.cellbroadcastreceiver.flags is mapped to com.android.cellbroadcast
03-31 13:33:05.678 I/AconfigPackage( 5026): com.android.tethering.mainline.beta is mapped to com.android.tethering
03-31 13:33:05.678 I/AconfigPackage( 5026): android.net.http is mapped to com.android.tethering
03-31 13:33:05.678 I/AconfigPackage( 5026): com.android.tethering.readonly.flags is mapped to com.android.tethering
03-31 13:33:05.678 I/AconfigPackage( 5026): android.net.vcn is mapped to com.android.tethering
03-31 13:33:05.678 I/AconfigPackage( 5026): com.android.net.flags is mapped to com.android.tethering
03-31 13:33:05.678 I/AconfigPackage( 5026): com.android.tethering.flags is mapped to com.android.tethering
03-31 13:33:05.678 I/AconfigPackage( 5026): com.android.tethering.beta.test is mapped to com.android.tethering
03-31 13:33:05.678 I/AconfigPackage( 5026): com.android.nearby.flags is mapped to com.android.tethering
03-31 13:33:05.678 I/AconfigPackage( 5026): com.android.net.thread.flags is mapped to com.android.tethering
03-31 13:33:05.678 I/AconfigPackage( 5026): com.android.net.ct.flags is mapped to com.android.tethering
03-31 13:33:05.678 I/AconfigPackage( 5026): com.android.adbd.flags is mapped to com.android.adbd
03-31 13:33:05.678 I/AconfigPackage( 5026): com.android.os.statsd.flags is mapped to com.android.os.statsd
03-31 13:33:05.678 I/AconfigPackage( 5026): com.android.healthfitness.flags is mapped to com.android.healthfitness
03-31 13:33:05.678 I/AconfigPackage( 5026): com.android.art.flags is mapped to com.android.art
03-31 13:33:05.678 I/AconfigPackage( 5026): com.android.art.rw.flags is mapped to com.android.art
03-31 13:33:05.678 I/AconfigPackage( 5026): com.android.libcore is mapped to com.android.art
03-31 13:33:05.678 I/AconfigPackage( 5026): com.android.media.extractor.flags is mapped to com.android.media
03-31 13:33:05.678 I/AconfigPackage( 5026): com.android.media.mainline.flags is mapped to com.android.media
03-31 13:33:05.679 I/AconfigPackage( 5026): com.android.ipsec.flags is mapped to com.android.ipsec
03-31 13:33:05.679 I/AconfigPackage( 5026): com.android.uwb.flags is mapped to com.android.uwb
03-31 13:33:05.679 I/AconfigPackage( 5026): com.android.ranging.flags is mapped to com.android.uwb
03-31 13:33:05.679 D/BoundBrokerSvc( 9332): onBind: Intent { act=com.google.android.gms.semanticlocationhistory.deidentifieddata.uploads.BatchDeidentifiedDataUploadService.ACTION_TASK_READY dat=chimera-action:/... xflg=0x4 cmp=com.google.android.gms/.chimera.GmsInternalBoundBrokerService }
03-31 13:33:05.679 D/BoundBrokerSvc( 9332): Loading bound service for intent: Intent { act=com.google.android.gms.semanticlocationhistory.deidentifieddata.uploads.BatchDeidentifiedDataUploadService.ACTION_TASK_READY dat=chimera-action:/... xflg=0x4 cmp=com.google.android.gms/.chimera.GmsInternalBoundBrokerService }
03-31 13:33:05.679 I/AconfigPackage( 5026): android.media.swcodec.flags is mapped to com.android.media.swcodec
03-31 13:33:05.679 E/FeatureFlagsImplExport( 5026): android.os.flagging.AconfigStorageReadException: ERROR_PACKAGE_NOT_FOUND: package android.xr cannot be found on the device
03-31 13:33:05.681 D/SemCscFeature( 5026): Encoded
03-31 13:33:05.683 D/BatteryDump( 1545): wait_for_battery_event : occurred : add@/devices/virtual/input/input24 
03-31 13:33:05.684 D/BoundBrokerSvc(23739): onRebind: Intent { act=com.google.android.gms.auth.aang.events.services.START dat=chimera-action:/... xflg=0x4 cmp=com.google.android.gms/.chimera.PersistentApiService }
03-31 13:33:05.684 D/BatteryDump( 1545): wait_for_battery_event : occurred : add@/devices/virtual/input/input24/event19 
03-31 13:33:05.685 I/NetworkScheduler.Stats(23739): (REDACTED) Task %s/%s started execution. cause:%s exec_start_elapsed_seconds: %s
03-31 13:33:05.685 W/Monkey  ( 5026):  arg: "-p"
03-31 13:33:05.685 W/Monkey  ( 5026):  arg: "com.weejobs.app"
03-31 13:33:05.685 W/Monkey  ( 5026):  arg: "-c"
03-31 13:33:05.685 I/NetworkScheduler.Stats(23739): (REDACTED) Task %s/%s started execution. cause:%s exec_start_elapsed_seconds: %s
03-31 13:33:05.685 W/Monkey  ( 5026):  arg: "android.intent.category.LAUNCHER"
03-31 13:33:05.685 W/Monkey  ( 5026):  arg: "1"
03-31 13:33:05.686 W/Monkey  ( 5026): data="com.weejobs.app"
03-31 13:33:05.686 W/Monkey  ( 5026): data="android.intent.category.LAUNCHER"
03-31 13:33:05.689 I/NetworkScheduler.Stats(23739): (REDACTED) Task %s/%s started execution. cause:%s exec_start_elapsed_seconds: %s
03-31 13:33:05.689 D/EventHub( 2349): No input device configuration file found for device 'Monkey touch'.
03-31 13:33:05.691 I/EventHub( 2349): usingClockIoctl=true
03-31 13:33:05.691 I/EventHub( 2349): New device: id=25, fd=1116, path='/dev/input/event19', name='Monkey touch', classes=TOUCH | TOUCH_MT, bus=6, vid:pid=18d1:0001, configuration='', keyLayout='', keyCharacterMap='', builtinKeyboard=false, 
03-31 13:33:05.692 W/InputReader( 2349): Rotary Encoder device configuration file didn't specify resolution!
03-31 13:33:05.692 W/InputReader( 2349): Rotary Encoder device configuration file didn't specify scaling factor,default to 1.000000!
03-31 13:33:05.692 I/InputReader( 2349): Rotary Encoder device configuration file didn't specify min log rotation.
03-31 13:33:05.692 I/InputReader( 2349): Device reconfigured: id=18, name='Monkey touch', size 904x2316, orientation Rotation0, mode DIRECT, display id 0
03-31 13:33:05.692 I/InputReader( 2349): Device added: id=18, eventHubId=25, name='Monkey touch', descriptor='e1fe28b90f915c7d1febbd52c1ef84b3c4cbed9f',sources=TOUCHSCREEN
03-31 13:33:05.693 W/InputReader( 2349): Rotary Encoder device configuration file didn't specify resolution!
03-31 13:33:05.693 W/InputReader( 2349): Rotary Encoder device configuration file didn't specify scaling factor,default to 1.000000!
03-31 13:33:05.693 I/InputReader( 2349): Rotary Encoder device configuration file didn't specify min log rotation.
03-31 13:33:05.700 D/BatteryDump( 1545): wait_for_battery_event : occurred : add@/devices/virtual/wakeup/wakeup196 
03-31 13:33:05.702 W/ActivityManager( 2349): registerReceiverWithFeature: no app for null
03-31 13:33:05.708 E/WindowManager( 2349): Display reconfigured outside of a transition: Display{#0 state=ON size=904x2316 ROTATION_0}
03-31 13:33:05.708 D/TspStateManager( 2349): updateCustomValue customSetting=
03-31 13:33:05.711 I/HoneySpace.InputDeviceSourceRepositoryImpl( 4276): onInputDeviceAdded 18
03-31 13:33:05.711 I/HBD     (12719): b onInputDeviceAdded :: currentPhysicalKeyboardStatus : false 
03-31 13:33:05.711 I/HoneySpace.InputDeviceSourceRepositoryImpl( 4276): onInputDeviceAdded 18
03-31 13:33:05.712 I/HBD     (12719): b isPhysicalKeyboard() isPhysicalKeyboard false: deviceId=18, isVirtual=false, keyboardType=0, isKeyboardTypedMouse=false 
03-31 13:33:05.712 I/HoneySpace.RecentscreenPot( 4276): createLayoutStyle: FoldCoverLayoutStyle(ScreenLayoutStyle(insets=Insets{left=0, top=87, right=0, bottom=126}), FGSLayoutStyle(touchAreaHeight=143, buttonMargin=Insets{left=42, top=0, right=63, bottom=0}, textSize=31.5, textColor=-328966, background=androidx.appcompat.graphics.drawable.SeslRecoilDrawable@1ae3f6d, marginTop=11), MoreMenuLayoutStyle(src=android.graphics.drawable.VectorDrawable@9d267a2, iconSize=120, touchPadding=Insets{left=12, top=12, right=12, bottom=12}, marginTop=13, marginEnd=21))
03-31 13:33:05.713 I/HoneySpace.RecentscreenPot( 4276): createLayoutStyle: FoldCoverLayoutStyle(ScreenLayoutStyle(insets=Insets{left=0, top=87, right=0, bottom=126}), FGSLayoutStyle(touchAreaHeight=143, buttonMargin=Insets{left=42, top=0, right=63, bottom=0}, textSize=31.5, textColor=-328966, background=androidx.appcompat.graphics.drawable.SeslRecoilDrawable@635f71c, marginTop=11), MoreMenuLayoutStyle(src=android.graphics.drawable.VectorDrawable@1ecef25, iconSize=120, touchPadding=Insets{left=12, top=12, right=12, bottom=12}, marginTop=13, marginEnd=21))
03-31 13:33:05.713 I/HoneySpace.RecentscreenPot( 4276): createLayoutStyle: FoldCoverLayoutStyle(ScreenLayoutStyle(insets=Insets{left=0, top=87, right=0, bottom=126}), FGSLayoutStyle(touchAreaHeight=143, buttonMargin=Insets{left=42, top=0, right=63, bottom=0}, textSize=31.5, textColor=-328966, background=androidx.appcompat.graphics.drawable.SeslRecoilDrawable@9a54a87, marginTop=11), MoreMenuLayoutStyle(src=android.graphics.drawable.VectorDrawable@3800db4, iconSize=120, touchPadding=Insets{left=12, top=12, right=12, bottom=12}, marginTop=13, marginEnd=21))
03-31 13:33:05.713 I/HoneySpace.RecentscreenPot( 4276): createLayoutStyle: FoldCoverLayoutStyle(ScreenLayoutStyle(insets=Insets{left=0, top=87, right=0, bottom=126}), FGSLayoutStyle(touchAreaHeight=143, buttonMargin=Insets{left=42, top=0, right=63, bottom=0}, textSize=31.5, textColor=-328966, background=androidx.appcompat.graphics.drawable.SeslRecoilDrawable@1049c9e, marginTop=11), MoreMenuLayoutStyle(src=android.graphics.drawable.VectorDrawable@6e3037f, iconSize=120, touchPadding=Insets{left=12, top=12, right=12, bottom=12}, marginTop=13, marginEnd=21))
03-31 13:33:05.713 I/HoneySpace.RecentscreenPot( 4276): createLayoutStyle: FoldCoverLayoutStyle(ScreenLayoutStyle(insets=Insets{left=0, top=87, right=0, bottom=126}), FGSLayoutStyle(touchAreaHeight=143, buttonMargin=Insets{left=42, top=0, right=63, bottom=0}, textSize=31.5, textColor=-328966, background=androidx.appcompat.graphics.drawable.SeslRecoilDrawable@941ac11, marginTop=11), MoreMenuLayoutStyle(src=android.graphics.drawable.VectorDrawable@989a176, iconSize=120, touchPadding=Insets{left=12, top=12, right=12, bottom=12}, marginTop=13, marginEnd=21))
03-31 13:33:05.713 I/HoneySpace.RecentscreenPot( 4276): createLayoutStyle: FoldCoverLayoutStyle(ScreenLayoutStyle(insets=Insets{left=0, top=87, right=0, bottom=126}), FGSLayoutStyle(touchAreaHeight=143, buttonMargin=Insets{left=42, top=0, right=63, bottom=0}, textSize=31.5, textColor=-328966, background=androidx.appcompat.graphics.drawable.SeslRecoilDrawable@2444250, marginTop=11), MoreMenuLayoutStyle(src=android.graphics.drawable.VectorDrawable@d24cc49, iconSize=120, touchPadding=Insets{left=12, top=12, right=12, bottom=12}, marginTop=13, marginEnd=21))
03-31 13:33:05.713 I/HoneySpace.RecentscreenPot( 4276): createLayoutStyle: FoldCoverLayoutStyle(ScreenLayoutStyle(insets=Insets{left=0, top=87, right=0, bottom=126}), FGSLayoutStyle(touchAreaHeight=143, buttonMargin=Insets{left=42, top=0, right=63, bottom=0}, textSize=31.5, textColor=-328966, background=androidx.appcompat.graphics.drawable.SeslRecoilDrawable@6129e8b, marginTop=11), MoreMenuLayoutStyle(src=android.graphics.drawable.VectorDrawable@cbe0b68, iconSize=120, touchPadding=Insets{left=12, top=12, right=12, bottom=12}, marginTop=13, marginEnd=21))
03-31 13:33:05.714 I/HoneySpace.RecentscreenPot( 4276): createLayoutStyle: FoldCoverLayoutStyle(ScreenLayoutStyle(insets=Insets{left=0, top=87, right=0, bottom=126}), FGSLayoutStyle(touchAreaHeight=143, buttonMargin=Insets{left=42, top=0, right=63, bottom=0}, textSize=31.5, textColor=-328966, background=androidx.appcompat.graphics.drawable.SeslRecoilDrawable@2388cb2, marginTop=11), MoreMenuLayoutStyle(src=android.graphics.drawable.VectorDrawable@9e5403, iconSize=120, touchPadding=Insets{left=12, top=12, right=12, bottom=12}, marginTop=13, marginEnd=21))
03-31 13:33:05.714 I/HoneySpace.TaskListPot[4976c1f]( 4276): navigationButtonVisible observe: 8
03-31 13:33:05.714 I/HoneySpace.TaskListContainerView( 4276): isLastItemOutOfScreen null
03-31 13:33:05.714 I/HoneySpace.TaskListContainerView( 4276): updateNavigationButtonVisible gone
03-31 13:33:05.720 D/ActivityManager( 2349): freezing 25994 com.samsung.cmh
03-31 13:33:05.723 W/app_process( 5026): userfaultfd: MOVE ioctl seems unsupported: Success
03-31 13:33:05.724 D/InetDiagMessage( 2349): Destroyed 0 sockets, proto=IPPROTO_TCP, family=AF_INET, states=14
03-31 13:33:05.725 D/ActivityTaskManager( 2349): startActivityAsUser: callingPid=5026, callingUid=2000, caller=com.android.server.am.ActivityManagerService.startActivityAsUserWithFeature:27 android.app.IActivityManager$Stub.onTransact$startActivityAsUserWithFeature$:13109 android.app.IActivityManager$Stub.onTransact:4305 com.android.server.am.ActivityManagerService.onTransact:425 android.os.Binder.execTransactInternal:1457 android.os.Binder.execTransact:1401 <bottom of call stack> 
03-31 13:33:05.726 I/Pageboost( 2349): onAppLaunch : com.weejobs.app
03-31 13:33:05.726 W/ActivityTaskManager( 2349): callingPackage for (uid=2000, pid=5026) has no WPC
03-31 13:33:05.727 I/VSyncReactor( 1676): Current= 24, Period= 24, Distance= 0
03-31 13:33:05.728 I/Pageboost( 2349): Record App IO : com.weejobs.app pid 0
03-31 13:33:05.728 D/ActivityTaskManager( 2349): DesktopModeLaunchParamsModifier: task=null activity=null task null, skipping
03-31 13:33:05.728 D/ActivityTaskManager( 2349): TaskLaunchParamsModifier:task=null activity=null display-area-from-current-params=null display-area-from-default-fallback=DefaultTaskDisplayArea_d0@99508180 display-id=0 task-display-area-windowing-mode=1 suggested-display-area=DefaultTaskDisplayArea_d0@99508180
03-31 13:33:05.728 D/InetDiagMessage( 2349): Destroyed 0 sockets, proto=IPPROTO_TCP, family=AF_INET6, states=14
03-31 13:33:05.728 D/InetDiagMessage( 2349): Destroyed live tcp sockets for uids={15105004} in 6ms
03-31 13:33:05.730 E/jndq    ( 9332): *~*~*~ Previous channel {0} was garbage collected without being shut down! ~*~*~*
03-31 13:33:05.730 E/jndq    ( 9332):     Make sure to call shutdown()/shutdownNow()
03-31 13:33:05.730 E/jndq    ( 9332): java.lang.RuntimeException: ManagedChannel allocation site
03-31 13:33:05.730 E/jndq    ( 9332): 	at jndp.<init>(:com.google.android.gms@261165035@26.11.65 (260400-887521156):21)
03-31 13:33:05.730 E/jndq    ( 9332): 	at jndq.<init>(:com.google.android.gms@261165035@26.11.65 (260400-887521156):10)
03-31 13:33:05.730 E/jndq    ( 9332): 	at jndo.a(:com.google.android.gms@261165035@26.11.65 (260400-887521156):296)
03-31 13:33:05.730 E/jndq    ( 9332): 	at jmlh.a(:com.google.android.gms@261165035@26.11.65 (260400-887521156):5)
03-31 13:33:05.730 E/jndq    ( 9332): 	at cybh.h(:com.google.android.gms@261165035@26.11.65 (260400-887521156):150)
03-31 13:33:05.730 E/jndq    ( 9332): 	at hjyj.a(:com.google.android.gms@261165035@26.11.65 (260400-887521156):142)
03-31 13:33:05.730 E/jndq    ( 9332): 	at gxlt.a(:com.google.android.gms@261165035@26.11.65 (260400-887521156):13)
03-31 13:33:05.730 E/jndq    ( 9332): 	at hgkr.a(:com.google.android.gms@261165035@26.11.65 (260400-887521156):3)
03-31 13:33:05.730 E/jndq    ( 9332): 	at hgjs.run(:com.google.android.gms@261165035@26.11.65 (260400-887521156):19)
03-31 13:33:05.730 E/jndq    ( 9332): 	at hgkt.run(:com.google.android.gms@261165035@26.11.65 (260400-887521156):5)
03-31 13:33:05.730 E/jndq    ( 9332): 	at bikd.c(:com.google.android.gms@261165035@26.11.65 (260400-887521156):50)
03-31 13:33:05.730 E/jndq    ( 9332): 	at bikd.run(:com.google.android.gms@261165035@26.11.65 (260400-887521156):73)
03-31 13:33:05.730 E/jndq    ( 9332): 	at java.util.concurrent.ThreadPoolExecutor.runWorker(ThreadPoolExecutor.java:1154)
03-31 13:33:05.730 E/jndq    ( 9332): 	at java.util.concurrent.ThreadPoolExecutor$Worker.run(ThreadPoolExecutor.java:652)
03-31 13:33:05.730 E/jndq    ( 9332): 	at bipu.run(:com.google.android.gms@261165035@26.11.65 (260400-887521156):8)
03-31 13:33:05.730 E/jndq    ( 9332): 	at java.lang.Thread.run(Thread.java:1564)
03-31 13:33:05.730 E/jndq    ( 9332): *~*~*~ Previous channel {0} was garbage collected without being shut down! ~*~*~*
03-31 13:33:05.730 E/jndq    ( 9332):     Make sure to call shutdown()/shutdownNow()
03-31 13:33:05.730 E/jndq    ( 9332): java.lang.RuntimeException: ManagedChannel allocation site
03-31 13:33:05.730 E/jndq    ( 9332): 	at jndp.<init>(:com.google.android.gms@261165035@26.11.65 (260400-887521156):21)
03-31 13:33:05.730 E/jndq    ( 9332): 	at jndq.<init>(:com.google.android.gms@261165035@26.11.65 (260400-887521156):10)
03-31 13:33:05.730 E/jndq    ( 9332): 	at jndo.a(:com.google.android.gms@261165035@26.11.65 (260400-887521156):296)
03-31 13:33:05.730 E/jndq    ( 9332): 	at jmlh.a(:com.google.android.gms@261165035@26.11.65 (260400-887521156):5)
03-31 13:33:05.730 E/jndq    ( 9332): 	at cybh.h(:com.google.android.gms@261165035@26.11.65 (260400-887521156):150)
03-31 13:33:05.730 E/jndq    ( 9332): 	at hjyj.a(:com.google.android.gms@261165035@26.11.65 (260400-887521156):142)
03-31 13:33:05.730 E/jndq    ( 9332): 	at gxlt.a(:com.google.android.gms@261165035@26.11.65 (260400-887521156):13)
03-31 13:33:05.730 E/jndq    ( 9332): 	at hgkr.a(:com.google.android.gms@261165035@26.11.65 (260400-887521156):3)
03-31 13:33:05.730 E/jndq    ( 9332): 	at hgjs.run(:com.google.android.gms@261165035@26.11.65 (260400-887521156):19)
03-31 13:33:05.730 E/jndq    ( 9332): 	at hgkt.run(:com.google.android.gms@261165035@26.11.65 (260400-887521156):5)
03-31 13:33:05.730 E/jndq    ( 9332): 	at bikd.c(:com.google.android.gms@261165035@26.11.65 (260400-887521156):50)
03-31 13:33:05.730 E/jndq    ( 9332): 	at bikd.run(:com.google.android.gms@261165035@26.11.65 (260400-887521156):73)
03-31 13:33:05.730 E/jndq    ( 9332): 	at java.util.concurrent.ThreadPoolExecutor.runWorker(ThreadPoolExecutor.java:1154)
03-31 13:33:05.730 E/jndq    ( 9332): 	at java.util.concurrent.ThreadPoolExecutor$Worker.run(ThreadPoolExecutor.java:652)
03-31 13:33:05.730 E/jndq    ( 9332): 	at bipu.run(:com.google.android.gms@261165035@26.11.65 (260400-887521156):8)
03-31 13:33:05.730 E/jndq    ( 9332): 	at java.lang.Thread.run(Thread.java:1564)
03-31 13:33:05.730 E/jndq    ( 9332): *~*~*~ Previous channel {0} was garbage collected without being shut down! ~*~*~*
03-31 13:33:05.730 E/jndq    ( 9332):     Make sure to call shutdown()/shutdownNow()
03-31 13:33:05.730 E/jndq    ( 9332): java.lang.RuntimeException: ManagedChannel allocation site
03-31 13:33:05.730 E/jndq    ( 9332): 	at jndp.<init>(:com.google.android.gms@261165035@26.11.65 (260400-887521156):21)
03-31 13:33:05.730 E/jndq    ( 9332): 	at jndq.<init>(:com.google.android.gms@261165035@26.11.65 (260400-887521156):10)
03-31 13:33:05.730 E/jndq    ( 9332): 	at jndo.a(:com.google.android.gms@261165035@26.11.65 (260400-887521156):296)
03-31 13:33:05.730 E/jndq    ( 9332): 	at jmlh.a(:com.google.android.gms@261165035@26.11.65 (260400-887521156):5)
03-31 13:33:05.730 E/jndq    ( 9332): 	at cybh.h(:com.google.android.gms@261165035@26.11.65 (260400-887521156):150)
03-31 13:33:05.730 E/jndq    ( 9332): 	at hjyj.a(:com.google.android.gms@261165035@26.11.65 (260400-887521156):142)
03-31 13:33:05.730 E/jndq    ( 9332): 	at gxlt.a(:com.google.android.gms@261165035@26.11.65 (260400-887521156):13)
03-31 13:33:05.730 E/jndq    ( 9332): 	at hgkr.a(:com.google.android.gms@261165035@26.11.65 (260400-887521156):3)
03-31 13:33:05.730 E/jndq    ( 9332): 	at hgjs.run(:com.google.android.gms@261165035@26.11.65 (260400-887521156):19)
03-31 13:33:05.730 E/jndq    ( 9332): 	at hgkt.run(:com.google.android.gms@261165035@26.11.65 (260400-887521156):5)
03-31 13:33:05.730 E/jndq    ( 9332): 	at bikd.c(:com.google.android.gms@261165035@26.11.65 (260400-887521156):50)
03-31 13:33:05.730 E/jndq    ( 9332): 	at bikd.run(:com.google.android.gms@261165035@26.11.65 (260400-887521156):73)
03-31 13:33:05.730 E/jndq    ( 9332): 	at java.util.concurrent.ThreadPoolExecutor.runWorker(ThreadPoolExecutor.java:1154)
03-31 13:33:05.730 E/jndq    ( 9332): 	at java.util.concurrent.ThreadPoolExecutor$Worker.run(ThreadPoolExecutor.java:652)
03-31 13:33:05.730 E/jndq    ( 9332): 	at bipu.run(:com.google.android.gms@261165035@26.11.65 (260400-887521156):8)
03-31 13:33:05.730 E/jndq    ( 9332): 	at java.lang.Thread.run(Thread.java:1564)
03-31 13:33:05.730 E/jndq    ( 9332): *~*~*~ Previous channel {0} was garbage collected without being shut down! ~*~*~*
03-31 13:33:05.730 E/jndq    ( 9332):     Make sure to call shutdown()/shutdownNow()
03-31 13:33:05.730 E/jndq    ( 9332): java.lang.RuntimeException: ManagedChannel allocation site
03-31 13:33:05.730 E/jndq    ( 9332): 	at jndp.<init>(:com.google.android.gms@261165035@26.11.65 (260400-887521156):21)
03-31 13:33:05.730 E/jndq    ( 9332): 	at jndq.<init>(:com.google.android.gms@261165035@26.11.65 (260400-887521156):10)
03-31 13:33:05.730 E/jndq    ( 9332): 	at jndo.a(:com.google.android.gms@261165035@26.11.65 (260400-887521156):296)
03-31 13:33:05.730 E/jndq    ( 9332): 	at jmlh.a(:com.google.android.gms@261165035@26.11.65 (260400-887521156):5)
03-31 13:33:05.730 E/jndq    ( 9332): 	at cybh.h(:com.google.android.gms@261165035@26.11.65 (260400-887521156):150)
03-31 13:33:05.730 E/jndq    ( 9332): 	at hjyj.a(:com.google.android.gms@261165035@26.11.65 (260400-887521156):142)
03-31 13:33:05.730 E/jndq    ( 9332): 	at gxlt.a(:com.google.android.gms@261165035@26.11.65 (260400-887521156):13)
03-31 13:33:05.730 E/jndq    ( 9332): 	at hgkr.a(:com.google.android.gms@261165035@26.11.65 (260400-887521156):3)
03-31 13:33:05.730 E/jndq    ( 9332): 	at hgjs.run(:com.google.android.gms@261165035@26.11.65 (260400-887521156):19)
03-31 13:33:05.730 E/jndq    ( 9332): 	at hgkt.run(:com.google.android.gms@261165035@26.11.65 (260400-887521156):5)
03-31 13:33:05.730 E/jndq    ( 9332): 	at bikd.c(:com.google.android.gms@261165035@26.11.65 (260400-887521156):50)
03-31 13:33:05.730 E/jndq    ( 9332): 	at bikd.run(:com.google.android.gms@261165035@26.11.65 (260400-887521156):73)
03-31 13:33:05.730 E/jndq    ( 9332): 	at java.util.concurrent.ThreadPoolExecutor.runWorker(ThreadPoolExecutor.java:1154)
03-31 13:33:05.730 E/jndq    ( 9332): 	at java.util.concurrent.ThreadPoolExecutor$Worker.run(ThreadPoolExecutor.java:652)
03-31 13:33:05.730 E/jndq    ( 9332): 	at bipu.run(:com.google.android.gms@261165035@26.11.65 (260400-887521156):8)
03-31 13:33:05.730 E/jndq    ( 9332): 	at java.lang.Thread.run(Thread.java:1564)
03-31 13:33:05.730 E/jndq    ( 9332): *~*~*~ Previous channel {0} was garbage collected without being shut down! ~*~*~*
03-31 13:33:05.730 E/jndq    ( 9332):     Make sure to call shutdown()/shutdownNow()
03-31 13:33:05.730 E/jndq    ( 9332): java.lang.RuntimeException: ManagedChannel allocation site
03-31 13:33:05.730 E/jndq    ( 9332): 	at jndp.<init>(:com.google.android.gms@261165035@26.11.65 (260400-887521156):21)
03-31 13:33:05.730 E/jndq    ( 9332): 	at jndq.<init>(:com.google.android.gms@261165035@26.11.65 (260400-887521156):10)
03-31 13:33:05.730 E/jndq    ( 9332): 	at jndo.a(:com.google.android.gms@261165035@26.11.65 (260400-887521156):296)
03-31 13:33:05.730 E/jndq    ( 9332): 	at jmlh.a(:com.google.android.gms@261165035@26.11.65 (260400-887521156):5)
03-31 13:33:05.730 E/jndq    ( 9332): 	at cybh.h(:com.google.android.gms@261165035@26.11.65 (260400-887521156):150)
03-31 13:33:05.730 E/jndq    ( 9332): 	at hjyj.a(:com.google.android.gms@261165035@26.11.65 (260400-887521156):142)
03-31 13:33:05.730 E/jndq    ( 9332): 	at gxlt.a(:com.google.android.gms@261165035@26.11.65 (260400-887521156):13)
03-31 13:33:05.730 E/jndq    ( 9332): 	at hgkr.a(:com.google.android.gms@261165035@26.11.65 (260400-887521156):3)
03-31 13:33:05.730 E/jndq    ( 9332): 	at hgjs.run(:com.google.android.gms@261165035@26.11.65 (260400-887521156):19)
03-31 13:33:05.730 E/jndq    ( 9332): 	at hgkt.run(:com.google.android.gms@261165035@26.11.65 (260400-887521156):5)
03-31 13:33:05.730 E/jndq    ( 9332): 	at bikd.c(:com.google.android.gms@261165035@26.11.65 (260400-887521156):50)
03-31 13:33:05.730 E/jndq    ( 9332): 	at bikd.run(:com.google.android.gms@261165035@26.11.65 (260400-887521156):73)
03-31 13:33:05.730 E/jndq    ( 9332): 	at java.util.concurrent.ThreadPoolExecutor.runWorker(ThreadPoolExecutor.java:1154)
03-31 13:33:05.730 E/jndq    ( 9332): 	at java.util.concurrent.ThreadPoolExecutor$Worker.run(ThreadPoolExecutor.java:652)
03-31 13:33:05.730 E/jndq    ( 9332): 	at bipu.run(:com.google.android.gms@261165035@26.11.65 (260400-887521156):8)
03-31 13:33:05.730 E/jndq    ( 9332): 	at java.lang.Thread.run(Thread.java:1564)
03-31 13:33:05.730 E/jndq    ( 9332): *~*~*~ Previous channel {0} was garbage collected without being shut down! ~*~*~*
03-31 13:33:05.730 E/jndq    ( 9332):     Make sure to call shutdown()/shutdownNow()
03-31 13:33:05.730 E/jndq    ( 9332): java.lang.RuntimeException: ManagedChannel allocation site
03-31 13:33:05.730 E/jndq    ( 9332): 	at jndp.<init>(:com.google.android.gms@261165035@26.11.65 (260400-887521156):21)
03-31 13:33:05.730 E/jndq    ( 9332): 	at jndq.<init>(:com.google.android.gms@261165035@26.11.65 (260400-887521156):10)
03-31 13:33:05.730 E/jndq    ( 9332): 	at jndo.a(:com.google.android.gms@261165035@26.11.65 (260400-887521156):296)
03-31 13:33:05.730 E/jndq    ( 9332): 	at jmlh.a(:com.google.android.gms@261165035@26.11.65 (260400-887521156):5)
03-31 13:33:05.730 E/jndq    ( 9332): 	at cybh.h(:com.google.android.gms@261165035@26.11.65 (260400-887521156):150)
03-31 13:33:05.730 E/jndq    ( 9332): 	at hjyj.a(:com.google.android.gms@261165035@26.11.65 (260400-887521156):142)
03-31 13:33:05.730 E/jndq    ( 9332): 	at gxlt.a(:com.google.android.gms@261165035@26.11.65 (260400-887521156):13)
03-31 13:33:05.730 E/jndq    ( 9332): 	at hgkr.a(:com.google.android.gms@261165035@26.11.65 (260400-887521156):3)
03-31 13:33:05.730 E/jndq    ( 9332): 	at hgjs.run(:com.google.android.gms@261165035@26.11.65 (260400-887521156):19)
03-31 13:33:05.730 E/jndq    ( 9332): 	at hgkt.run(:com.google.android.gms@261165035@26.11.65 (260400-887521156):5)
03-31 13:33:05.730 E/jndq    ( 9332): 	at bikd.c(:com.google.android.gms@261165035@26.11.65 (260400-887521156):50)
03-31 13:33:05.730 E/jndq    ( 9332): 	at bikd.run(:com.google.android.gms@261165035@26.11.65 (260400-887521156):73)
03-31 13:33:05.730 E/jndq    ( 9332): 	at java.util.concurrent.ThreadPoolExecutor.runWorker(ThreadPoolExecutor.java:1154)
03-31 13:33:05.730 E/jndq    ( 9332): 	at java.util.concurrent.ThreadPoolExecutor$Worker.run(ThreadPoolExecutor.java:652)
03-31 13:33:05.730 E/jndq    ( 9332): 	at bipu.run(:com.google.android.gms@261165035@26.11.65 (260400-887521156):8)
03-31 13:33:05.730 E/jndq    ( 9332): 	at java.lang.Thread.run(Thread.java:1564)
03-31 13:33:05.731 E/jndq    ( 9332): *~*~*~ Previous channel {0} was garbage collected without being shut down! ~*~*~*
03-31 13:33:05.731 E/jndq    ( 9332):     Make sure to call shutdown()/shutdownNow()
03-31 13:33:05.731 E/jndq    ( 9332): java.lang.RuntimeException: ManagedChannel allocation site
03-31 13:33:05.731 E/jndq    ( 9332): 	at jndp.<init>(:com.google.android.gms@261165035@26.11.65 (260400-887521156):21)
03-31 13:33:05.731 E/jndq    ( 9332): 	at jndq.<init>(:com.google.android.gms@261165035@26.11.65 (260400-887521156):10)
03-31 13:33:05.731 E/jndq    ( 9332): 	at jndo.a(:com.google.android.gms@261165035@26.11.65 (260400-887521156):296)
03-31 13:33:05.731 E/jndq    ( 9332): 	at jmlh.a(:com.google.android.gms@261165035@26.11.65 (260400-887521156):5)
03-31 13:33:05.731 E/jndq    ( 9332): 	at cybh.h(:com.google.android.gms@261165035@26.11.65 (260400-887521156):150)
03-31 13:33:05.731 E/jndq    ( 9332): 	at hjyj.a(:com.google.android.gms@261165035@26.11.65 (260400-887521156):142)
03-31 13:33:05.731 E/jndq    ( 9332): 	at gxlt.a(:com.google.android.gms@261165035@26.11.65 (260400-887521156):13)
03-31 13:33:05.731 E/jndq    ( 9332): 	at hgkr.a(:com.google.android.gms@261165035@26.11.65 (260400-887521156):3)
03-31 13:33:05.731 E/jndq    ( 9332): 	at hgjs.run(:com.google.android.gms@261165035@26.11.65 (260400-887521156):19)
03-31 13:33:05.731 E/jndq    ( 9332): 	at hgkt.run(:com.google.android.gms@261165035@26.11.65 (260400-887521156):5)
03-31 13:33:05.731 E/jndq    ( 9332): 	at bikd.c(:com.google.android.gms@261165035@26.11.65 (260400-887521156):50)
03-31 13:33:05.731 E/jndq    ( 9332): 	at bikd.run(:com.google.android.gms@261165035@26.11.65 (260400-887521156):73)
03-31 13:33:05.731 E/jndq    ( 9332): 	at java.util.concurrent.ThreadPoolExecutor.runWorker(ThreadPoolExecutor.java:1154)
03-31 13:33:05.731 E/jndq    ( 9332): 	at java.util.concurrent.ThreadPoolExecutor$Worker.run(ThreadPoolExecutor.java:652)
03-31 13:33:05.731 E/jndq    ( 9332): 	at bipu.run(:com.google.android.gms@261165035@26.11.65 (260400-887521156):8)
03-31 13:33:05.731 E/jndq    ( 9332): 	at java.lang.Thread.run(Thread.java:1564)
03-31 13:33:05.731 D/CompatChangeReporter( 2349): Compat change id reported: 357141415; UID 10789; state: ENABLED
03-31 13:33:05.731 W/OptProp ( 2349): Cannot read opt property android.window.PROPERTY_COMPAT_ALLOW_USER_ASPECT_RATIO_OVERRIDE
03-31 13:33:05.731 W/OptProp ( 2349): Cannot read opt property android.window.PROPERTY_COMPAT_ALLOW_USER_ASPECT_RATIO_FULLSCREEN_OVERRIDE
03-31 13:33:05.731 D/WindowManager( 2349): Transition is created, t=TransitionRecord{40d31ef id=-1 type=OPEN flags=0x0}, caller=com.android.server.wm.Transition.<init>:182 com.android.server.wm.TransitionController.createAndStartCollecting:106 com.android.server.wm.ActivityStarter.executeRequest:3575 com.android.server.wm.ActivityStarter.execute:1752 com.android.server.wm.ActivityTaskManagerService.startActivityAsUser:95 
03-31 13:33:05.731 D/BLASTSyncEngine( 2349): SyncGroup is created, id=1685, name=Transition-OPEN, caller=com.android.server.wm.BLASTSyncEngine$SyncGroup.<init>:52 com.android.server.wm.TransitionController.moveToCollecting:79 com.android.server.wm.TransitionController.createAndStartCollecting:109 com.android.server.wm.ActivityStarter.executeRequest:3575 com.android.server.wm.ActivityStarter.execute:1752 com.android.server.wm.ActivityTaskManagerService.startActivityAsUser:95 com.android.server.am.ActivityManagerService.startActivityAsUserWithFeature:27 
03-31 13:33:05.731 W/BLASTSyncEngine( 2349): setSyncMethod, id=1685, method=0, caller=com.android.server.wm.TransitionController.moveToCollecting:91 com.android.server.wm.TransitionController.createAndStartCollecting:109 com.android.server.wm.ActivityStarter.executeRequest:3575 
03-31 13:33:05.732 V/WindowManager( 2349): Start collecting in Transition: TransitionRecord{40d31ef id=1685 type=OPEN flags=0x0}, caller=com.android.server.wm.TransitionController.createAndStartCollecting:109 com.android.server.wm.ActivityStarter.executeRequest:3575 com.android.server.wm.ActivityStarter.execute:1752 com.android.server.wm.ActivityTaskManagerService.startActivityAsUser:95 com.android.server.am.ActivityManagerService.startActivityAsUserWithFeature:27 
03-31 13:33:05.732 V/WindowManager( 2349): Collecting in transition 1685: ActivityRecord{212813052 u0 com.weejobs.app/.MainActivity, caller=com.android.server.wm.TransitionController.collect:7 com.android.server.wm.ActivityStarter.startActivityUnchecked:192 com.android.server.wm.ActivityStarter.executeRequest:3619 com.android.server.wm.ActivityStarter.execute:1752 com.android.server.wm.ActivityTaskManagerService.startActivityAsUser:95 
03-31 13:33:05.732 D/ActivityTaskManager( 2349): DesktopModeLaunchParamsModifier: task=null activity=ActivityRecord{212813052 u0 com.weejobs.app/.MainActivity t-1} task null, skipping
03-31 13:33:05.732 D/ActivityTaskManager( 2349): TaskLaunchParamsModifier:task=null activity=ActivityRecord{212813052 u0 com.weejobs.app/.MainActivity t-1} display-area-from-current-params=null display-area-from-default-fallback=DefaultTaskDisplayArea_d0@99508180 display-id=0 task-display-area-windowing-mode=1 suggested-display-area=DefaultTaskDisplayArea_d0@99508180
03-31 13:33:05.732 D/ActivityTaskManager( 2349): DesktopModeLaunchParamsModifier: task=null activity=ActivityRecord{212813052 u0 com.weejobs.app/.MainActivity t-1} task null, skipping
03-31 13:33:05.732 D/ActivityTaskManager( 2349): TaskLaunchParamsModifier:task=null activity=ActivityRecord{212813052 u0 com.weejobs.app/.MainActivity t-1} display-area-from-current-params=null display-area-from-default-fallback=DefaultTaskDisplayArea_d0@99508180 display-id=0 task-display-area-windowing-mode=1 suggested-display-area=DefaultTaskDisplayArea_d0@99508180 non-freeform-task-display-area display-area=DefaultTaskDisplayArea_d0@99508180 activity-requested-portrait freeform-size-mismatch=Rect(71, 681 - 833, 1596)
03-31 13:33:05.732 I/SemDvfsHyPerManager( 2349): acquire hyper - AMS_APP_SWITCH/2349@22, type = -999
03-31 13:33:05.733 D/ActivityManagerPerformance( 2349): AMP_acquire() APP_SWITCH
03-31 13:33:05.733 I/SurfaceFlinger( 1676): id=27657 createSurf, flag=24004, Task=1628#27657
03-31 13:33:05.733 D/DisplayModeController( 1676): setDesiredMode 4630946213010294403 {mode={fps=120.00 Hz, modePtr={id=0, vsyncRate=120.00 Hz, peakRefreshRate=120.00 Hz}}, emitEvent=true, force=false}
03-31 13:33:05.734 I/SemDvfsHyPerManager(10397): acquire hyper - APP_START_SHORT/10397@22, type = -999
03-31 13:33:05.734 I/HYPER-HAL( 1561): [RequestManager.cpp]acquire(): Acquired ID : 2812028  [2349 / 22]    HINT : AMS_APP_SWITCH    list : 
03-31 13:33:05.735 W/OptProp ( 2349): Cannot read opt property android.window.PROPERTY_COMPAT_ALLOW_RESIZEABLE_ACTIVITY_OVERRIDES
03-31 13:33:05.736 D/ActivityTaskManager( 2349): DesktopModeLaunchParamsModifier: task=Task{729b4e8 #1628 type=standard A=10789:com.weejobs.app} activity=ActivityRecord{212813052 u0 com.weejobs.app/.MainActivity t-1} non-desktop, skipping
03-31 13:33:05.736 D/ActivityTaskManager( 2349): TaskLaunchParamsModifier:task=Task{729b4e8 #1628 type=standard A=10789:com.weejobs.app} activity=ActivityRecord{212813052 u0 com.weejobs.app/.MainActivity t-1} display-from-task=0 display-id=0 task-display-area-windowing-mode=1 suggested-display-area=DefaultTaskDisplayArea_d0@99508180 inherit-from-task=fullscreen non-freeform-task-display-area display-area=DefaultTaskDisplayArea_d0@99508180 activity-requested-portrait freeform-size-mismatch=Rect(71, 681 - 833, 1596)
03-31 13:33:05.736 V/WindowManager( 2349): Collecting in transition 1685: Task{729b4e8 #1628 type=standard A=10789:com.weejobs.app}, caller=com.android.server.wm.Transition.collectExistenceChange:40 com.android.server.wm.ActivityStarter.setNewTask:43 com.android.server.wm.ActivityStarter.startActivityInner:298 com.android.server.wm.ActivityStarter.startActivityUnchecked:205 com.android.server.wm.ActivityStarter.executeRequest:3619 
03-31 13:33:05.736 W/OptProp ( 2349): Cannot read opt property android.window.PROPERTY_COMPAT_ALLOW_MIN_ASPECT_RATIO_OVERRIDE
03-31 13:33:05.736 D/FreecessController( 2349): restrictJobsByOlaf: restrict=true, uid=10789
03-31 13:33:05.736 I/SurfaceFlinger( 1676): id=27658 createSurf, flag=84004, ActivityRecord{212813052 u0 com.weejobs.app/.MainActivity t1628}#27658
