03-31 13:36:16.234 I/HoneySpace.RecentscreenPot( 4276): createLayoutStyle: FoldCoverLayoutStyle(ScreenLayoutStyle(insets=Insets{left=0, top=87, right=0, bottom=126}), FGSLayoutStyle(touchAreaHeight=143, buttonMargin=Insets{left=42, top=0, right=63, bottom=0}, textSize=31.5, textColor=-328966, background=androidx.appcompat.graphics.drawable.SeslRecoilDrawable@a178b46, marginTop=11), MoreMenuLayoutStyle(src=android.graphics.drawable.VectorDrawable@699d107, iconSize=120, touchPadding=Insets{left=12, top=12, right=12, bottom=12}, marginTop=13, marginEnd=21))
03-31 13:36:16.234 I/HoneySpace.TaskListPot[4976c1f]( 4276): navigationButtonVisible observe: 8
03-31 13:36:16.234 I/HoneySpace.TaskListContainerView( 4276): isLastItemOutOfScreen null
03-31 13:36:16.234 I/HoneySpace.TaskListContainerView( 4276): updateNavigationButtonVisible gone
03-31 13:36:16.235 I/SurfaceFlinger( 1676): [Display 0 name="Built-in Screen"#50] setFrameRateCategory: High
03-31 13:36:16.236 I/SurfaceFlinger( 1676): [Task=1629#27674] attach to parent LayerHierarchy{RequestedLayerState{DefaultTaskDisplayArea_d0#11 parentId=10} 12 children}
03-31 13:36:16.236 I/SurfaceFlinger( 1676): [ActivityRecord{56147790 u0 com.weejobs.app/.MainActivity t1629}#27675] attach to parent LayerHierarchy{RequestedLayerState{Task=1629#27674 parentId=11} 1 children}
03-31 13:36:16.236 I/SurfaceFlinger( 1676): [f241244 Splash Screen com.weejobs.app#27676] attach to parent LayerHierarchy{RequestedLayerState{ActivityRecord{56147790 u0 com.weejobs.app/.MainActivity t1629}#27675 parentId=27674} 1 children}
03-31 13:36:16.236 D/SettingsHelper( 3951): onChange() COMPLETED elapsed= 1
03-31 13:36:16.236 D/SRotationLockTile( 3951):  OnChangedCallback : 
03-31 13:36:16.236 I/app_process( 6258): System.exit called, status: 0
03-31 13:36:16.236 I/AndroidRuntime( 6258): VM exiting with result code 0.
03-31 13:36:16.237 D/Navbar.Store( 3951): handleEvent(0) OnRotationLockedChanged(rotationLocked=false) [Module] NavBarStoreImpl
03-31 13:36:16.237 D/Navbar.Store( 3951): --[Band]TASKBAR_PACK_ROTATION_LOCKED_CHANGED
03-31 13:36:16.237 D/Navbar.Store( 3951): ----apply(0) NavBarStoreAction$UpdateTaskBarNavBarEvents
03-31 13:36:16.237 D/TaskbarDelegate( 3951): handleNavigationBarEvent() TaskbarDelegate is not initialized.
03-31 13:36:16.238 I/WindowManager( 2349): Relayout Window{f241244 u0 Splash Screen com.weejobs.app}: viewVisibility=0 req=904x2316 ty=3 d0
03-31 13:36:16.238 I/SurfaceFlinger( 1676): id=27677 createSurf, flag=44004, Splash Screen com.weejobs.app$_3951#27677
03-31 13:36:16.238 I/LayerHistory( 1676): NavigationBar0$_3951#118 voted ExplicitCategory with category: High
03-31 13:36:16.238 I/LayerHistory( 1676): com.sec.android.app.launcher/com.samsung.app.honeyspace.edge.edgepanel.app.CocktailBarService$_4276#27160 voted ExplicitCategory with category: High
03-31 13:36:16.238 I/LayerHistory( 1676): com.sec.android.app.launcher/com.sec.android.app.launcher.activities.LauncherActivity$_4276#27302 voted ExplicitCategory with category: High
03-31 13:36:16.238 I/LayerHistory( 1676): Wallpaper BBQ wrapper 17_system#128 voted ExplicitCategory with category: High
03-31 13:36:16.238 I/LayerHistory( 1676): StatusBar$_3951#122 voted ExplicitCategory with category: High
03-31 13:36:16.238 I/SurfaceFlinger( 1676): All layers Category Highscored - choose 120.00 Hz
03-31 13:36:16.238 D/SGM:GameManager( 2349): identifyGamePackage. com.weejobs.app, mCurrentUserId: 0, callingMethodInfo: com.samsung.android.game.IGameManagerService$Stub.onTransact(IGameManagerService.java:247)
03-31 13:36:16.239 I/HWComposer( 1676): [4630946213010294403] ActiveConfigToHWC, ID : 0
03-31 13:36:16.239 D/SurfaceFlinger( 1676): GPIS:: requestGPISForClientComposition
03-31 13:36:16.240 I/DisplayDeviceRepository( 2349): Display device changed render timings: "Built-in Screen", renderFrameRate=120.00001, presentationDeadlineNanos=9233333, appVsyncOffsetNanos=8333333, frameRateOverrides=[{uid=10039 frameRateHz=120.00001}, {uid=10140 frameRateHz=120.00001}]
03-31 13:36:16.240 I/SDM     ( 1584): HWCDisplay::SubmitDisplayConfig: [DispConfigs] config 8 => 0, hs_mode 1 => 1
03-31 13:36:16.240 D/WindowManager( 2349): makeSurface duration=1 name=Splash Screen com.weejobs.app$_3951
03-31 13:36:16.240 I/SDM     ( 1584): HWDeviceDRM::SetDisplaySwitchMode: [DispConfigs] check hs_mode 1
03-31 13:36:16.240 I/SDM     ( 1584): HWDeviceDRM::SetDisplaySwitchMode: [DispConfigs] Set mode index:0 904x2316x120xcmdHS, hs_mode(1), found_mode(1)
03-31 13:36:16.240 I/SDM     ( 1584): HWDeviceDRM::UpdateMixerAttributes: Mixer WxH 904x2316-1 for Peripheral
03-31 13:36:16.240 I/SDM     ( 1584): HWCDisplay::SubmitDisplayConfig: Active configuration changed from config 8 to 0
03-31 13:36:16.240 D/SurfaceComposerClient( 2349): setCornerRadius ## f241244 Splash Screen com.weejobs.app#27676 cornerRadius=0.000000
03-31 13:36:16.241 D/SurfaceComposerClient( 2349): setCornerRadius ## f241244 Splash Screen com.weejobs.app#27676 cornerRadius=0.000000
03-31 13:36:16.241 W/LocalDisplayAdapter( 2349): Ignoring request for invalid base mode id 10
03-31 13:36:16.241 I/WALLPAPER_SVC:LegibilityColor( 2349): allowScreenRotate, allow rotate on tablet or dual main : 1 
03-31 13:36:16.241 I/WALLPAPER_SVC:LegibilityColor( 2349): allowScreenRotate, allow rotate on tablet or dual main : 2 
03-31 13:36:16.241 D/WindowManager( 2349): Changing focus from Window{a4b6524 u0 com.sec.android.app.launcher/com.sec.android.app.launcher.activities.LauncherActivity} to null displayId=0 Callers=com.android.server.wm.WindowManagerService.relayoutWindow:1411 com.android.server.wm.Session.relayout:27 android.view.IWindowSession$Stub.onTransact:829 com.android.server.wm.Session.onTransact:1 
03-31 13:36:16.241 V/SystemKeyManager( 2349): updateFocusedWindow() is called, 
03-31 13:36:16.242 D/NativeSemDvfsManager( 1676): acquire:: timeout = 2000 mIsAcquired = 1  mTagName : SurfaceFlinger 
03-31 13:36:16.243 E/NativeCustomFrequencyManager( 1676): [NativeCFMS] BpCustomFrequencyManager::acquire()
03-31 13:36:16.243 I/HYPER-HAL( 1561): [RequestManager.cpp]acquire(): Acquired ID : 3582826  [1676 / 1000]    HINT : SF_GPU_MINLOCK    list : [TIMEOUT / 2000] 
03-31 13:36:16.243 I/WindowManager( 2349): Relayout hash=f241244, pid=3951, syncId=-1: mAttrs={(0,0)(fillxfill) sim={adjust=pan} layoutInDisplayCutoutMode=always ty=APPLICATION_STARTING fmt=TRANSLUCENT wanim=0x1030306
03-31 13:36:16.243 I/WindowManager( 2349):   fl=81030118
03-31 13:36:16.243 I/WindowManager( 2349):   pfl=10000810
03-31 13:36:16.243 I/WindowManager( 2349):   apr=18
03-31 13:36:16.243 I/WindowManager( 2349):   bhv=1
03-31 13:36:16.243 I/WindowManager( 2349):   fitSides=0
03-31 13:36:16.243 I/WindowManager( 2349):   frameRateBoostOnTouch=true
03-31 13:36:16.243 I/WindowManager( 2349):   dvrrWindowFrameRateHint=true naviIconColor=0}
03-31 13:36:16.243 D/CoreBackPreview( 2349): Window{f241244 u0 Splash Screen com.weejobs.app}: Setting back callback OnBackInvokedCallbackInfo{mCallback=android.window.IOnBackInvokedCallback$Stub$Proxy@afe02a4, mPriority=0, mIsAnimationCallback=false, mOverrideBehavior=0}
03-31 13:36:16.244 I/VRI[app]@34f31fb( 3951): onActiveControlsChanged, removed=false, mAdded=true, caller=android.view.ViewRootImpl.handleInsetsControlChanged:3002 android.view.ViewRootImpl.relayoutWindow:11629 android.view.ViewRootImpl.performTraversals:4804 android.view.ViewRootImpl.doTraversal:3924 android.view.ViewRootImpl$TraversalRunnable.run:12903 
03-31 13:36:16.245 D/ShellDesktopMode( 3951): [u0] DesktopRepository: Removes freeform task: taskId=1628
03-31 13:36:16.245 W/ShellDesktopMode( 3951): [u0] DesktopRepository: No display id found for task: taskId=1628
03-31 13:36:16.246 D/SRotationLockTile( 3951):  mRotationLocked: false handleUpdateState: true orientation = true
03-31 13:36:16.247 I/HoneySpace.Memory-Monitor( 4276): current state = 2, didTrim = false
03-31 13:36:16.247 D/SurfaceComposerClient( 2349): setCornerRadius ## f241244 Splash Screen com.weejobs.app#27676 cornerRadius=0.000000
03-31 13:36:16.248 W/libc    ( 3951): Access denied finding property "vendor.display.enable_optimal_refresh_rate"
03-31 13:36:16.248 I/BufferQueueProducer( 3951): [](id:f6f0000058d,api:0,p:1134162032,c:3951) setDequeueTimeout:2077252342
03-31 13:36:16.248 I/BLASTBufferQueue_Java( 3951): new BLASTBufferQueue, mName= VRI[app]@34f31fb mNativeObject= 0xb400006e63abb770 caller= android.view.ViewRootImpl.updateBlastSurfaceIfNeeded:3585 android.view.ViewRootImpl.relayoutWindow:11685 android.view.ViewRootImpl.performTraversals:4804 android.view.ViewRootImpl.doTraversal:3924 android.view.ViewRootImpl$TraversalRunnable.run:12903 android.view.Choreographer$CallbackRecord.run:1901 android.view.Choreographer$CallbackRecord.run:1910 android.view.Choreographer.doCallbacks:1367 android.view.Choreographer.doFrame:1292 android.view.Choreographer$FrameDisplayEventReceiver.run:1870 
03-31 13:36:16.248 I/HoneySpace.RecentTasks( 4276): onRecentTasksChanged
03-31 13:36:16.248 I/BLASTBufferQueue_Java( 3951): update, w= 904 h= 2316 mName = VRI[app]@34f31fb mNativeObject= 0xb400006e63abb770 sc.mNativeObject= 0xb400006f339ff890 format= -3 caller= android.view.ViewRootImpl.updateBlastSurfaceIfNeeded:3590 android.view.ViewRootImpl.relayoutWindow:11685 android.view.ViewRootImpl.performTraversals:4804 android.view.ViewRootImpl.doTraversal:3924 android.view.ViewRootImpl$TraversalRunnable.run:12903 android.view.Choreographer$CallbackRecord.run:1901 
03-31 13:36:16.249 W/libc    ( 3951): Access denied finding property "vendor.display.enable_optimal_refresh_rate"
03-31 13:36:16.249 D/SRotationLockTile( 3951):  mRotationLocked: false handleUpdateState: true orientation = true
03-31 13:36:16.249 I/VRI[app]@34f31fb( 3951): Relayout returned: old=(0,0,904,2316) new=(0,0,904,2316) relayoutAsync=false req=(904,2316)0 dur=8 res=0x3 s={true 0xb400006ee3971400} ch=true seqId=0
03-31 13:36:16.249 D/StackScroller( 3951): onDisplayChanged for predraw skip to 2
03-31 13:36:16.249 I/VRI[app]@34f31fb( 3951): performConfigurationChange setNightDimText nightDimLevel=0
03-31 13:36:16.249 D/WifiDisplayAdapter( 2349): isFitToActiveDisplayLocked : false
03-31 13:36:16.249 I/AASA_AASAservice-JobService( 5963): onStartJob : 31857 : 170
03-31 13:36:16.250 D/VRI[app]@34f31fb( 3951): mThreadedRenderer.initialize() mSurface={isValid=true 0xb400006ee3971400} hwInitialized=true
03-31 13:36:16.250 D/Navbar.Store( 3951): handleEvent(0) OnRotationLockedChanged(rotationLocked=false) [Module] NavBarStoreImpl
03-31 13:36:16.250 D/Navbar.Store( 3951): --[Band]TASKBAR_PACK_ROTATION_LOCKED_CHANGED
03-31 13:36:16.250 D/Navbar.Store( 3951): ----apply(0) NavBarStoreAction$UpdateTaskBarNavBarEvents
03-31 13:36:16.250 D/TaskbarDelegate( 3951): handleNavigationBarEvent() TaskbarDelegate is not initialized.
03-31 13:36:16.250 D/VRI[app]@34f31fb( 3951): reportNextDraw android.view.ViewRootImpl.performTraversals:5443 android.view.ViewRootImpl.doTraversal:3924 android.view.ViewRootImpl$TraversalRunnable.run:12903 android.view.Choreographer$CallbackRecord.run:1901 android.view.Choreographer$CallbackRecord.run:1910 
03-31 13:36:16.250 D/VRI[app]@34f31fb( 3951): Setup new sync=wmsSync-VRI[app]@34f31fb#16
03-31 13:36:16.250 I/VRI[app]@34f31fb( 3951): Creating new active sync group VRI[app]@34f31fb#17
03-31 13:36:16.250 D/VRI[app]@34f31fb( 3951): registerCallbacksForSync syncBuffer=false
03-31 13:36:16.251 I/AASA_AASAservice-JobService( 5963): callDvsToDownloadPolicies()
03-31 13:36:16.251 I/AASAService( 5963): publish: AiUpdateCheckEvent
03-31 13:36:16.253 D/Navbar.Store( 3951): handleEvent(0) OnRotationLockedChanged(rotationLocked=false) [Module] NavBarStoreImpl
03-31 13:36:16.253 D/Navbar.Store( 3951): --[Band]TASKBAR_PACK_ROTATION_LOCKED_CHANGED
03-31 13:36:16.253 D/Navbar.Store( 3951): ----apply(0) NavBarStoreAction$UpdateTaskBarNavBarEvents
03-31 13:36:16.253 D/TaskbarDelegate( 3951): handleNavigationBarEvent() TaskbarDelegate is not initialized.
03-31 13:36:16.253 I/VSyncReactor( 1676): Current= 24, Period= 24, Distance= 24
03-31 13:36:16.253 D/VRI[app]@34f31fb( 3951): Received frameDrawingCallback syncResult=0 frameNum=1.
03-31 13:36:16.255 I/VRI[app]@34f31fb( 3951): mWNT: t=0xb400006ed3a73b10 mBlastBufferQueue=0xb400006e63abb770 fn= 1 HdrRenderState mRenderHdrSdrRatio=1.0 caller= android.view.ViewRootImpl$12.onFrameDraw:15441 android.view.ThreadedRenderer$1.onFrameDraw:718 <bottom of call stack> 
03-31 13:36:16.255 I/VRI[app]@34f31fb( 3951): Setting up sync and frameCommitCallback
03-31 13:36:16.256 I/com.weejobs.app( 6275): Using CollectorTypeCMC GC.
03-31 13:36:16.257 I/BLASTBufferQueue( 3951): [VRI[app]@34f31fb#1421](f:0,a:0,s:0) onFrameAvailable the first frame is available
03-31 13:36:16.257 I/SurfaceComposerClient( 3951): apply transaction with the first frame. layerId: 27677, bufferData(ID: 16969415813460, frameNumber: 1)
03-31 13:36:16.257 I/VRI[app]@34f31fb( 3951): Received frameCommittedCallback lastAttemptedDrawFrameNum=1 didProduceBuffer=true
03-31 13:36:16.258 I/SurfaceFlinger( 1676): [Splash Screen com.weejobs.app$_3951#27677] setTransactionState with the first frame. bufferData(ID: 16969415813460, frameNumber: 1)
03-31 13:36:16.258 D/HWUI    ( 3951): CFMS:: SetUp Pid : 3951    Tid : 4085
03-31 13:36:16.258 D/VRI[app]@34f31fb( 3951): reportDrawFinished seqId=0
03-31 13:36:16.259 D/DisplayLifecycle( 3951): updateDisplay id = 0
03-31 13:36:16.259 D/WindowManager( 2349): finishDrawingWindow: Window{f241244 u0 Splash Screen com.weejobs.app} mDrawState=DRAW_PENDING seqId=0
03-31 13:36:16.259 V/WindowManager( 2349): Finishing drawing window Window{f241244 u0 Splash Screen com.weejobs.app}: mDrawState=DRAW_PENDING
03-31 13:36:16.259 V/WindowManager( 2349): Draw state now committed in Window{f241244 u0 Splash Screen com.weejobs.app}
03-31 13:36:16.260 D/SettingsHelper( 3951): onChange() COMPLETED elapsed= 1
03-31 13:36:16.260 D/SRotationLockTile( 3951):  OnChangedCallback : 
03-31 13:36:16.260 D/SurfaceComposerClient( 2349): setCornerRadius ## f241244 Splash Screen com.weejobs.app#27676 cornerRadius=0.000000
03-31 13:36:16.260 D/SRotationLockTile( 3951):  mRotationLocked: false handleUpdateState: true orientation = true
03-31 13:36:16.260 D/BLASTSyncEngine( 2349): SyncGroup 1687: Set ready true, caller=com.android.server.wm.BLASTSyncEngine.setReady:32 com.android.server.wm.Transition.applyReady:54 com.android.server.wm.Transition.setReady:72 com.android.server.wm.TransitionController.setReady:6 com.android.server.wm.DisplayContent.executeAppTransition:4 com.android.server.wm.WindowState.performShowLocked:313 
03-31 13:36:16.261 D/SurfaceComposerClient( 2349): setCornerRadius ## f241244 Splash Screen com.weejobs.app#27676 cornerRadius=0.000000
03-31 13:36:16.261 D/nativeloader( 6275): Load libframework-connectivity-tiramisu-jni.so using APEX ns com_android_tethering for caller /apex/com.android.tethering/javalib/framework-connectivity-t.jar: ok
03-31 13:36:16.261 V/WindowManager( 2349): SyncGroup 1687: Finished!
03-31 13:36:16.261 V/WindowManager( 2349): performShowLocked: mDrawState=HAS_DRAWN in Window{f241244 u0 Splash Screen com.weejobs.app}
03-31 13:36:16.261 D/WindowManagerServiceExt( 2349): updateTaskbarTargetIfNeeded: cn=ComponentInfo{com.weejobs.app/com.weejobs.app.MainActivity} occludesParent=true isInSplitScreenMode=false
03-31 13:36:16.261 D/ChangeTransitionController( 2349): onTransactionReady: TransitionRecord{975ba49 id=1687 type=OPEN flags=0x0 c=[
03-31 13:36:16.261 D/ChangeTransitionController( 2349):    ChangeInfo{b760628 container=Task{ad6ed3 #1407 type=home I=com.sec.android.app.launcher/.activities.LauncherActivity} flags=0x0}
03-31 13:36:16.261 D/ChangeTransitionController( 2349):    ChangeInfo{210ff41 container=WallpaperWindowToken{fb2395 showWhenLocked=false}_<system|non-primary> flags=0x0}
03-31 13:36:16.261 D/ChangeTransitionController( 2349):    ChangeInfo{c48ace6 container=Task{17917a5 #1 type=home} flags=0x0}
03-31 13:36:16.261 D/ChangeTransitionController( 2349):    ChangeInfo{ae1cbd container=ActivityRecord{56147790 u0 com.weejobs.app/.MainActivity t1629} flags=0x0}
03-31 13:36:16.261 D/ChangeTransitionController( 2349):    ChangeInfo{e1202b2 container=Display{#0 state=ON size=904x2316 ROTATION_0} flags=0x0}
03-31 13:36:16.261 D/ChangeTransitionController( 2349):    ChangeInfo{2299203 container=DefaultTaskDisplayArea_d0@99508180 flags=0x0}
03-31 13:36:16.261 D/ChangeTransitionController( 2349):    ChangeInfo{f83e227 container=ActivityRecord{102437058 u0 com.sec.android.app.launcher/.activities.LauncherActivity t1407} flags=0x0}
03-31 13:36:16.261 D/ChangeTransitionController( 2349):    ChangeInfo{b395cd4 container=WallpaperWindowToken{7fd0108 showWhenLocked=true}_<lock|non-primary> flags=0x0}
03-31 13:36:16.261 D/ChangeTransitionController( 2349):    ChangeInfo{7824580 container=Task{b67686f #1629 type=standard A=10789:com.weejobs.app} flags=0x0}
03-31 13:36:16.261 D/ChangeTransitionController( 2349):    ChangeInfo{1ad4e7d container=RemoteWallpaperAnim:1:1@212637009 flags=0x0}
03-31 13:36:16.261 D/ChangeTransitionController( 2349): ]
03-31 13:36:16.261 D/ChangeTransitionController( 2349): }
03-31 13:36:16.261 V/WindowManager( 2349): Start calculating TransitionInfo based on participants: {WallpaperWindowToken{fb2395 showWhenLocked=false}_<system|non-primary>, ActivityRecord{56147790 u0 com.weejobs.app/.MainActivity t1629}, ActivityRecord{102437058 u0 com.sec.android.app.launcher/.activities.LauncherActivity t1407}, WallpaperWindowToken{7fd0108 showWhenLocked=true}_<lock|non-primary>, Task{b67686f #1629 type=standard A=10789:com.weejobs.app}}
03-31 13:36:16.261 V/WindowManager( 2349):   Final targets: [ChangeInfo{7824580 container=Task{b67686f #1629 type=standard A=10789:com.weejobs.app} flags=0x10}, ChangeInfo{c48ace6 container=Task{17917a5 #1 type=home} flags=0x10}, ChangeInfo{210ff41 container=WallpaperWindowToken{fb2395 showWhenLocked=false}_<system|non-primary> flags=0x0}]
03-31 13:36:16.262 I/SurfaceFlinger( 1676): id=27678 createSurf, flag=84004, Transition Root: Task=1629#27678
03-31 13:36:16.262 D/ActivityThread( 6275): setConscryptValidator
03-31 13:36:16.262 I/HoneySpace.TaskbarVisibilityController@110361640@OneUI( 4276): onTaskbarIconVisibleChangeRequest return by cover state
03-31 13:36:16.262 D/ActivityThread( 6275): setConscryptValidator - put
03-31 13:36:16.264 I/SurfaceControlRegistry( 2349): show, t=StartTransaction_SyncId<1687> sc=ActivityRecord{56147790 u0 com.weejobs.app/.MainActivity t1629}, caller=android.view.SurfaceControl$Transaction.show:3557 com.android.server.wm.Transition.onTransactionReady:2048 com.android.server.wm.BLASTSyncEngine$SyncGroup.finishNow:245 com.android.server.wm.BLASTSyncEngine.onSurfacePlacement:263 com.android.server.wm.RootWindowContainer.performSurfacePlacementNoTrace:1110 com.android.server.wm.WindowSurfacePlacer.performSurfacePlacement:166 
03-31 13:36:16.264 D/SurfaceComposerClient( 2349): setCornerRadius ## WallpaperWindowToken{fb2395 showWhenLocked=false}#98 cornerRadius=0.000000
03-31 13:36:16.264 D/SurfaceComposerClient( 2349): setCornerRadius ## Task=1#68 cornerRadius=0.000000
03-31 13:36:16.264 D/SurfaceComposerClient( 2349): setCornerRadius ## Task=1629#27674 cornerRadius=0.000000
03-31 13:36:16.265 V/WindowManager( 2349): Calling onTransitionReady: {id=1687 t=OPEN f=0x0 trk=0 r=[0@Point(0, 0)] c=[
03-31 13:36:16.265 V/WindowManager( 2349):         {WCT{RemoteToken{f397240 Task{b67686f #1629 type=standard A=10789:com.weejobs.app}}} m=OPEN f=NONE leash=Surface(name=Task=1629)/@0x662b172 sb=Rect(0, 0 - 904, 2316) eb=Rect(0, 0 - 904, 2316) epz=Point(904, 2316) d=0 taskParent=-1 inset=Rect(0, 87 - 0, 126) dim=true},
03-31 13:36:16.265 V/WindowManager( 2349):         {WCT{RemoteToken{c64419a Task{17917a5 #1 type=home}}} m=TO_BACK f=SHOW_WALLPAPER|EDGE_EXTENSION_RESTRICTION leash=Surface(name=Task=1)/@0xe8c1ecf sb=Rect(0, 0 - 904, 2316) eb=Rect(0, 0 - 904, 2316) epz=Point(904, 2316) d=0 taskParent=-1 inset=Rect(0, 87 - 0, 126)},
03-31 13:36:16.265 V/WindowManager( 2349):         {m=TO_BACK f=IS_WALLPAPER p=WCT{RemoteToken{de9ecd1 RemoteWallpaperAnim:1:1@212637009}} leash=Surface(name=WallpaperWindowToken{fb2395 showWhenLocked=false})/@0xc53d6bc sb=Rect(0, 0 - 904, 2316) eb=Rect(0, 0 - 904, 2316) epz=Point(904, 2316) d=0 inset=Rect(0, 0 - 0, 0)}
03-31 13:36:16.265 V/WindowManager( 2349):     ]}
03-31 13:36:16.265 D/PowerManagerService( 2349): [api] setPowerBoost(L) boost:0, durationMs:0, caller (uid: 1000 pid: 2349) <- m() in com.android.server.display.DisplayManagerService$BinderService$$ExternalSyntheticOutline0:1
03-31 13:36:16.266 I/WindowManager( 2349): Cancelling animation restarting=true, leash=Surface(name=Surface(name=630de79 TaskbarWindow)/@0xe72b262 - animation-leash of insets_animation)/@0xa47a8d1
03-31 13:36:16.266 I/WindowManager( 2349): Reparenting to original parent: Surface(name=WindowToken{aae3b1 type=2024 android.os.BinderProxy@ce8ff88})/@0x2fbfff3, destroy=false, surface=Surface(name=630de79 TaskbarWindow)/@0xe72b262
03-31 13:36:16.266 I/WindowManager( 2349): Reparenting to leash, surface=Surface(name=630de79 TaskbarWindow)/@0xe72b262, leashParent=Surface(name=WindowToken{aae3b1 type=2024 android.os.BinderProxy@ce8ff88})/@0x2fbfff3
03-31 13:36:16.266 D/BatteryDump( 1545): wait_for_battery_event : occurred : remove@/devices/virtual/input/input25/event19 
03-31 13:36:16.266 I/SurfaceFlinger( 1676): id=27679 createSurf, flag=24000, Surface(name=630de79 TaskbarWindow)/@0xe72b262 - animation-leash of insets_animation#27679
03-31 13:36:16.266 I/EventHub( 2349): Removing device Monkey touch due to epoll hang-up event.
03-31 13:36:16.266 I/EventHub( 2349): Removed device: path=/dev/input/event19 name=Monkey touch id=26 fd=1127 classes=TOUCH | TOUCH_MT
03-31 13:36:16.267 D/BatteryDump( 1545): wait_for_battery_event : occurred : remove@/devices/virtual/wakeup/wakeup196 
03-31 13:36:16.267 V/WindowManagerShell( 3951): onTransitionReady(transaction=10088878363866)
03-31 13:36:16.267 V/WindowManager( 2349): Sent Transition (#1687) createdAt=03-31 13:36:16.194 via request=TransitionRequestInfo { type = OPEN, triggerTask = TaskInfo{userId=0 taskId=1629 effectiveUid=10789 displayId=0 isRunning=true baseIntent=Intent { act=android.intent.action.MAIN cat=[android.intent.category.LAUNCHER] flg=0x10200000 cmp=com.weejobs.app/.MainActivity } baseActivity=ComponentInfo{com.weejobs.app/com.weejobs.app.MainActivity} topActivity=ComponentInfo{com.weejobs.app/com.weejobs.app.MainActivity} origActivity=null realActivity=ComponentInfo{com.weejobs.app/com.weejobs.app.MainActivity} numActivities=1 lastActiveTime=712881182 supportsMultiWindow=true resizeMode=1 isResizeable=true minWidth=-1 minHeight=-1 maxWidth=-1 maxHeight=-1 defaultMinSize=220 desktopDefaultMinSize=304 token=WCT{RemoteToken{f397240 Task{b67686f #1629 type=standard A=10789:com.weejobs.app}}} topActivityType=1 pictureInPictureParams=null shouldDockBigOverlays=false launchIntoPipHostTaskId=-1 lastParentTaskIdBeforePip=-1 displayCutoutSafeInsets=Rect(0, 87 - 0, 0) topActivityInfo=ActivityInfo{da672be com.weejobs.app.MainActivity} launchCookies=[] positionInParent=Point(0, 0) parentTaskId=-1 isFocused=false isVisible=false isVisibleRequested=false isTopActivityNoDisplay=false isSleeping=false locusId=null displayAreaFeatureId=1 isTopActivityTransparent=false isActivityStackTransparent=false lastNonFullscreenBounds=Rect(71, 681 - 833, 1596) capturedLink=null capturedLinkTimestamp=0 requestedVisibleTypes=-9 topActivityRequestOpenInBrowserEducationTimestamp=0 appCompatTaskInfo=AppCompatTaskInfo { topActivityInSizeCompat=false eligibleForLetterboxEducation= false isLetterboxEducationEnabled= false isLetterboxDoubleTapEnabled= false eligibleForUserAspectRatioButton= false topActivityBoundsLetterboxed= false isFromLetterboxDoubleTap= false topActivityLetterboxVerticalPosition= -1 topActivityLetterboxHorizontalPosition= -1 topActivityLetterboxWidth=-1 topActivityLetterboxHeight=-1 topActivityAppBounds=Rect(0, 0 - 904, 2316) isUserFullscreenOverrideEnabled=true isSystemFullscreenOverrideEnabled=false hasMinAspectRatioOverride=false topActivityLetterboxBounds=null cameraCompatTaskInfo=CameraCompatTaskInfo { freeformCameraCompatMode=inactive} topActivityBounds=null topActivityInDisplayCompat=false singleTapFromLetterbox=false} topActivityMainWindowFrame=null originallySupportedMultiWindow=true hasWallpaper=false rootAffinity=10789:com.weejobs.app isTopTaskInStage=false CoverLauncherWidgetTask=false LaunchedFromAppsCoverLauncherTask=false LaunchedFromMultistarCoverLauncherTask=false isAllowedSeamlessRotation=false isTopTransparentActivity=false isAliasManaged=false hasConfigChanged=false snappingGuideBounds=null isAiKeyRemoveAppTask=false lastDesktopWindowingBounds=null lastExternalDesktopWindowingBounds=null isTopFullScreenWindow=true isFullSizeWindow=true safeCutoutInsets=null}, pipChange = null, remoteTransition = null, displayChange = null, flags = 0, debugId = 1687 }
03-31 13:36:16.267 V/WindowManager( 2349):     startWCT=WindowContainerTransaction { changes= {} hops= [] errorCallbackToken=null taskFragmentOrganizer=null }
03-31 13:36:16.267 V/WindowManagerShell( 3951): onTransitionReady (#1687) android.os.BinderProxy@a200f2c: {id=1687 t=OPEN f=0x0 trk=0 r=[0@Point(0, 0)] c=[
03-31 13:36:16.267 V/WindowManagerShell( 3951):         {m=OPEN f=NONE leash=Surface(name=Task=1629)/@0x52160bf sb=Rect(0, 0 - 904, 2316) eb=Rect(0, 0 - 904, 2316) epz=Point(904, 2316) d=0 taskParent=-1 inset=Rect(0, 87 - 0, 126) dim=true},
03-31 13:36:16.267 V/WindowManagerShell( 3951):         {m=TO_BACK f=SHOW_WALLPAPER|EDGE_EXTENSION_RESTRICTION leash=Surface(name=Task=1)/@0xd6a938c sb=Rect(0, 0 - 904, 2316) eb=Rect(0, 0 - 904, 2316) epz=Point(904, 2316) d=0 taskParent=-1 inset=Rect(0, 87 - 0, 126)},
03-31 13:36:16.267 V/WindowManagerShell( 3951):         {m=TO_BACK f=IS_WALLPAPER p=WCT{android.window.IWindowContainerToken$Stub$Proxy@31549db} leash=Surface(name=WallpaperWindowToken{fb2395 showWhenLocked=false})/@0x99daad5 sb=Rect(0, 0 - 904, 2316) eb=Rect(0, 0 - 904, 2316) epz=Point(904, 2316) d=0 inset=Rect(0, 0 - 0, 0)}
03-31 13:36:16.267 V/WindowManagerShell( 3951):     ]}
03-31 13:36:16.267 V/WindowManager( 2349):     info={id=1687 t=OPEN f=0x0 trk=0 r=[0@Point(0, 0)] c=[
03-31 13:36:16.267 V/WindowManager( 2349):         {WCT{RemoteToken{f397240 Task{b67686f #1629 type=standard A=10789:com.weejobs.app}}} m=OPEN f=NONE leash=Surface(name=Task=1629)/@0x662b172 sb=Rect(0, 0 - 904, 2316) eb=Rect(0, 0 - 904, 2316) epz=Point(904, 2316) d=0 taskParent=-1 inset=Rect(0, 87 - 0, 126) dim=true},
03-31 13:36:16.267 V/WindowManager( 2349):         {WCT{RemoteToken{c64419a Task{17917a5 #1 type=home}}} m=TO_BACK f=SHOW_WALLPAPER|EDGE_EXTENSION_RESTRICTION leash=Surface(name=Task=1)/@0xe8c1ecf sb=Rect(0, 0 - 904, 2316) eb=Rect(0, 0 - 904, 2316) epz=Point(904, 2316) d=0 taskParent=-1 inset=Rect(0, 87 - 0, 126)},
03-31 13:36:16.267 V/WindowManager( 2349):         {m=TO_BACK f=IS_WALLPAPER p=WCT{RemoteToken{de9ecd1 RemoteWallpaperAnim:1:1@212637009}} leash=Surface(name=WallpaperWindowToken{fb2395 showWhenLocked=false})/@0xc53d6bc sb=Rect(0, 0 - 904, 2316) eb=Rect(0, 0 - 904, 2316) epz=Point(904, 2316) d=0 inset=Rect(0, 0 - 0, 0)}
03-31 13:36:16.267 V/WindowManager( 2349):     ]}
03-31 13:36:16.267 V/ShellDesktopMode( 3951): DesktopModeLogger: taskInfo map after processing changes 0
03-31 13:36:16.267 D/ShellDesktopMode( 3951): DesktopTaskChangeListener: onTaskOpening for taskId=1629, displayId=0
03-31 13:36:16.268 I/SurfaceControlRegistry( 3951): hide, t=FinishTransaction_SyncId<1687> sc=Task=1, caller=android.view.SurfaceControl$Transaction.hide:3583 com.android.wm.shell.transition.Transitions.dispatchReady:1263 com.android.wm.shell.transition.Transitions.onTransitionReady:251 com.android.wm.shell.transition.Transitions$TransitionPlayerImpl$$ExternalSyntheticLambda0.run:13 android.os.Handler.handleCallback:995 android.os.Handler.dispatchMessage:103 
03-31 13:36:16.268 I/SurfaceControlRegistry( 3951): show, t=StartTransaction_SyncId<1687> sc=Task=1629, caller=android.view.SurfaceControl$Transaction.show:3557 com.android.wm.shell.transition.Transitions.dispatchReady:1279 com.android.wm.shell.transition.Transitions.onTransitionReady:251 com.android.wm.shell.transition.Transitions$TransitionPlayerImpl$$ExternalSyntheticLambda0.run:13 android.os.Handler.handleCallback:995 android.os.Handler.dispatchMessage:103 
03-31 13:36:16.268 I/SurfaceControlRegistry( 3951): show, t=FinishTransaction_SyncId<1687> sc=Task=1629, caller=android.view.SurfaceControl$Transaction.show:3557 com.android.wm.shell.transition.Transitions.dispatchReady:1330 com.android.wm.shell.transition.Transitions.onTransitionReady:251 com.android.wm.shell.transition.Transitions$TransitionPlayerImpl$$ExternalSyntheticLambda0.run:13 android.os.Handler.handleCallback:995 android.os.Handler.dispatchMessage:103 
03-31 13:36:16.268 V/WindowManagerShell( 3951): Playing animation for (#1687) android.os.BinderProxy@a200f2c@0
03-31 13:36:16.268 I/SurfaceControlRegistry( 3951): show, t=StartTransaction_SyncId<1687> sc=Transition Root: Task=1629, caller=android.view.SurfaceControl$Transaction.show:3557 com.android.wm.shell.transition.Transitions.playTransition:79 com.android.wm.shell.transition.Transitions.processReadyQueue:239 com.android.wm.shell.transition.Transitions.dispatchReady:1352 com.android.wm.shell.transition.Transitions.onTransitionReady:251 com.android.wm.shell.transition.Transitions$TransitionPlayerImpl$$ExternalSyntheticLambda0.run:13 
03-31 13:36:16.268 D/WindowManager( 2349): makeSurface duration=1 leash=Surface(name=Surface(name=630de79 TaskbarWindow)/@0xe72b262 - animation-leash of insets_animation)/@0x3c8ef1f
03-31 13:36:16.268 V/ShellRecents( 3951): RecentsTransitionHandler.startAnimation: no controller found
03-31 13:36:16.268 V/ShellDesktopMode( 3951): DesktopMixedTransitionHandler: No pending desktop transition
03-31 13:36:16.268 I/InputReader( 2349): Device removed: id=19, eventHubId=26, name='Monkey touch', descriptor='e1fe28b90f915c7d1febbd52c1ef84b3c4cbed9f', sources=TOUCHSCREEN
03-31 13:36:16.268 V/WindowManagerShell( 3951): Transition doesn't have explicit remote, search filters for match for {id=1687 t=OPEN f=0x0 trk=0 r=[0@Point(0, 0)] c=[{m=OPEN f=NONE leash=Surface(name=Task=1629)/@0x52160bf sb=Rect(0, 0 - 904, 2316) eb=Rect(0, 0 - 904, 2316) epz=Point(904, 2316) d=0 taskParent=-1 inset=Rect(0, 87 - 0, 126) dim=true},{m=TO_BACK f=SHOW_WALLPAPER|EDGE_EXTENSION_RESTRICTION leash=Surface(name=Task=1)/@0xd6a938c sb=Rect(0, 0 - 904, 2316) eb=Rect(0, 0 - 904, 2316) epz=Point(904, 2316) d=0 taskParent=-1 inset=Rect(0, 87 - 0, 126)},{m=TO_BACK f=IS_WALLPAPER p=WCT{android.window.IWindowContainerToken$Stub$Proxy@31549db} leash=Surface(name=WallpaperWindowToken{fb2395 showWhenLocked=false})/@0x99daad5 sb=Rect(0, 0 - 904, 2316) eb=Rect(0, 0 - 904, 2316) epz=Point(904, 2316) d=0 inset=Rect(0, 0 - 0, 0)}]}
03-31 13:36:16.268 D/InsetsSourceProvider( 2349): updateControlForTarget: control=InsetsSourceControl: {244a0001 mType=navigationBars initiallyVisible mSurfacePosition=Point(0, 2050) mInsetsHint=Insets{left=0, top=0, right=0, bottom=126}}, target=Window{f241244 u0 Splash Screen com.weejobs.app}, from=com.android.server.wm.InsetsStateController.onControlTargetChanged:83 com.android.server.wm.InsetsPolicy.updateBarControlTarget:225 com.android.server.wm.DisplayPolicy.updateSystemBarAttributes:262 com.android.server.wm.DisplayPolicy.finishPostLayoutPolicyLw:17 com.android.server.wm.RootWindowContainer.applySurfaceChangesTransaction$1:195 
03-31 13:36:16.268 V/WindowManagerShell( 3951):  Checking filter Pair{{types=[] flags=0x0] notFlags=0x100 checks=[{atype=home independent=true modes=[OPEN,TO_FRONT] flags=NONE mustBeTask=false order=TOP topActivity=ComponentInfo{com.sec.android.app.launcher/com.sec.android.app.launcher.Launcher} launchCookie=null windowingMode=undefined},{atype=recents independent=true modes=[CLOSE,TO_BACK] flags=NONE mustBeTask=false order=ANY topActivity=null launchCookie=null windowingMode=undefined}]} RemoteTransition { remoteTransition = android.window.IRemoteTransition$Stub$Proxy@a2d9588, appThread = android.app.IApplicationThread$Stub$Proxy@8284b21, debugName = QuickstepLaunchHomeFromRecentsflags =NONE }}
03-31 13:36:16.268 I/WindowManager( 2349): Cancelling animation restarting=true, leash=Surface(name=Surface(name=1bba892 StatusBar)/@0x77f5e69 - animation-leash of insets_animation)/@0xd100e37
03-31 13:36:16.268 I/WindowManager( 2349): Reparenting to original parent: Surface(name=WindowToken{cc12e1d type=2000 android.os.BinderProxy@c0490c7})/@0xe3560ee, destroy=false, surface=Surface(name=1bba892 StatusBar)/@0x77f5e69
03-31 13:36:16.268 V/WindowManagerShell( 3951):  Checking filter Pair{{types=[] flags=0x0] notFlags=0x100 checks=[{atype=home independent=true modes=[OPEN,TO_FRONT] flags=NONE mustBeTask=false order=TOP topActivity=ComponentInfo{com.sec.android.app.launcher/com.sec.android.app.launcher.Launcher} launchCookie=null windowingMode=undefined},{atype=standard independent=true modes=[CLOSE,TO_BACK] flags=NONE mustBeTask=false order=ANY topActivity=null launchCookie=null windowingMode=undefined}]} RemoteTransition { remoteTransition = android.window.IRemoteTransition$Stub$Proxy@c923b46, appThread = android.app.IApplicationThread$Stub$Proxy@676c107, debugName = QuickstepLaunchHomeflags =NONE }}
03-31 13:36:16.268 V/WindowManagerShell( 3951):  Delegate animation for (#1687) to null
03-31 13:36:16.268 I/WindowManager( 2349): Reparenting to leash, surface=Surface(name=1bba892 StatusBar)/@0x77f5e69, leashParent=Surface(name=WindowToken{cc12e1d type=2000 android.os.BinderProxy@c0490c7})/@0xe3560ee
03-31 13:36:16.268 V/WindowManagerShell( 3951): start default transition animation, info = {id=1687 t=OPEN f=0x0 trk=0 r=[0@Point(0, 0)] c=[{m=OPEN f=NONE leash=Surface(name=Task=1629)/@0x52160bf sb=Rect(0, 0 - 904, 2316) eb=Rect(0, 0 - 904, 2316) epz=Point(904, 2316) d=0 taskParent=-1 inset=Rect(0, 87 - 0, 126) dim=true},{m=TO_BACK f=SHOW_WALLPAPER|EDGE_EXTENSION_RESTRICTION leash=Surface(name=Task=1)/@0xd6a938c sb=Rect(0, 0 - 904, 2316) eb=Rect(0, 0 - 904, 2316) epz=Point(904, 2316) d=0 taskParent=-1 inset=Rect(0, 87 - 0, 126)},{m=TO_BACK f=IS_WALLPAPER p=WCT{android.window.IWindowContainerToken$Stub$Proxy@31549db} leash=Surface(name=WallpaperWindowToken{fb2395 showWhenLocked=false})/@0x99daad5 sb=Rect(0, 0 - 904, 2316) eb=Rect(0, 0 - 904, 2316) epz=Point(904, 2316) d=0 inset=Rect(0, 0 - 0, 0)}]}
03-31 13:36:16.268 V/WindowManagerShell( 3951): loadAnimation: anim=android.view.animation.AnimationSet@73d33b6 animAttr=0x13 type=OPEN isEntrance=false
03-31 13:36:16.268 I/SurfaceFlinger( 1676): id=27680 createSurf, flag=24000, Surface(name=1bba892 StatusBar)/@0x77f5e69 - animation-leash of insets_animation#27680
03-31 13:36:16.268 V/WindowManagerShell( 3951):    wallpaperTransit=WALLPAPER_CLOSE translucent=false
03-31 13:36:16.268 V/WindowManagerShell( 3951):    change={m=TO_BACK f=SHOW_WALLPAPER|EDGE_EXTENSION_RESTRICTION leash=Surface(name=Task=1)/@0xd6a938c sb=Rect(0, 0 - 904, 2316) eb=Rect(0, 0 - 904, 2316) epz=Point(904, 2316) d=0 taskParent=-1 inset=Rect(0, 87 - 0, 126)}
03-31 13:36:16.268 W/InputReader( 2349): Rotary Encoder device configuration file didn't specify resolution!
03-31 13:36:16.268 W/InputReader( 2349): Rotary Encoder device configuration file didn't specify scaling factor,default to 1.000000!
03-31 13:36:16.268 I/InputReader( 2349): Rotary Encoder device configuration file didn't specify min log rotation.
03-31 13:36:16.269 V/WindowManagerShell( 3951): loadAnimation: anim=android.view.animation.AnimationSet@860d542 animAttr=0x12 type=OPEN isEntrance=true
03-31 13:36:16.269 V/WindowManagerShell( 3951):    wallpaperTransit=WALLPAPER_CLOSE translucent=false
03-31 13:36:16.269 V/WindowManagerShell( 3951):    change={m=OPEN f=NONE leash=Surface(name=Task=1629)/@0x52160bf sb=Rect(0, 0 - 904, 2316) eb=Rect(0, 0 - 904, 2316) epz=Point(904, 2316) d=0 taskParent=-1 inset=Rect(0, 87 - 0, 126) dim=true}
03-31 13:36:16.269 I/SurfaceControlRegistry( 3951): apply, t=StartTransaction_SyncId<1687>, caller=android.view.SurfaceControl$Transaction.apply:3459 android.view.SurfaceControl$Transaction.apply:3447 android.view.SurfaceControl$Transaction.apply:3397 com.android.wm.shell.transition.DefaultTransitionHandler.startAnimation:3387 com.android.wm.shell.transition.Transitions.dispatchTransition:90 com.android.wm.shell.transition.Transitions.playTransition:774 
03-31 13:36:16.269 V/WindowManagerShell( 3951):  animated by com.android.wm.shell.transition.DefaultTransitionHandler@ea2f665
03-31 13:36:16.270 D/WindowManager( 2349): makeSurface duration=1 leash=Surface(name=Surface(name=1bba892 StatusBar)/@0x77f5e69 - animation-leash of insets_animation)/@0xbcd035
03-31 13:36:16.270 D/InsetsSourceProvider( 2349): updateControlForTarget: control=InsetsSourceControl: {fb6f0000 mType=statusBars initiallyVisible mSurfacePosition=Point(0, 0) mInsetsHint=Insets{left=0, top=87, right=0, bottom=0}}, target=Window{f241244 u0 Splash Screen com.weejobs.app}, from=com.android.server.wm.InsetsStateController.onControlTargetChanged:83 com.android.server.wm.InsetsPolicy.updateBarControlTarget:212 com.android.server.wm.DisplayPolicy.updateSystemBarAttributes:262 com.android.server.wm.DisplayPolicy.finishPostLayoutPolicyLw:17 com.android.server.wm.RootWindowContainer.applySurfaceChangesTransaction$1:195 
03-31 13:36:16.270 I/WindowManager( 2349): Cancelling animation restarting=true, leash=Surface(name=Surface(name=45abe9 NavigationBar0)/@0x6ac041c - animation-leash of insets_animation)/@0x4cd010d
03-31 13:36:16.270 I/WindowManager( 2349): Reparenting to original parent: Surface(name=WindowToken{9f81ded type=2019 android.os.BinderProxy@4e9e817})/@0xa267825, destroy=false, surface=Surface(name=45abe9 NavigationBar0)/@0x6ac041c
03-31 13:36:16.270 D/SurfaceComposerClient( 3951): setCornerRadius ## Task=1629#27674 cornerRadius=63.000000
03-31 13:36:16.270 I/WindowManager( 2349): Reparenting to leash, surface=Surface(name=45abe9 NavigationBar0)/@0x6ac041c, leashParent=Surface(name=WindowToken{9f81ded type=2019 android.os.BinderProxy@4e9e817})/@0xa267825
03-31 13:36:16.270 I/SurfaceFlinger( 1676): id=27681 createSurf, flag=24000, Surface(name=45abe9 NavigationBar0)/@0x6ac041c - animation-leash of insets_animation#27681
03-31 13:36:16.271 D/WindowManager( 2349): makeSurface duration=1 leash=Surface(name=Surface(name=45abe9 NavigationBar0)/@0x6ac041c - animation-leash of insets_animation)/@0x2175e3b
03-31 13:36:16.271 D/InsetsSourceProvider( 2349): updateControlForTarget: control=InsetsSourceControl: {a1630001 mType=navigationBars initiallyVisible mSurfacePosition=Point(0, 2190) mInsetsHint=Insets{left=0, top=0, right=0, bottom=126}}, target=Window{f241244 u0 Splash Screen com.weejobs.app}, from=com.android.server.wm.InsetsStateController.onControlTargetChanged:83 com.android.server.wm.InsetsPolicy.updateBarControlTarget:225 com.android.server.wm.DisplayPolicy.updateSystemBarAttributes:262 com.android.server.wm.DisplayPolicy.finishPostLayoutPolicyLw:17 com.android.server.wm.RootWindowContainer.applySurfaceChangesTransaction$1:195 
03-31 13:36:16.271 D/WindowManager( 2349): updateSystemBarAttributes: displayId=0, focusedCanBeNavColorWin=false, win=Window{f241244 u0 Splash Screen com.weejobs.app}, navColorWin=Window{f241244 u0 Splash Screen com.weejobs.app}, caller=com.android.server.wm.DisplayPolicy.finishPostLayoutPolicyLw:17 com.android.server.wm.RootWindowContainer.applySurfaceChangesTransaction$1:195 com.android.server.wm.RootWindowContainer.performSurfacePlacementNoTrace:86 
03-31 13:36:16.271 D/WindowManager( 2349): updateSystemBarAttributes, bhv=1, apr=24, statusBarAprRegions=[AppearanceRegion{LIGHT_STATUS_BARS bounds=[0,0][904,2316]}], requestedVisibilities=-9
03-31 13:36:16.271 D/SurfaceComposerClient( 2349): setCornerRadius ## f241244 Splash Screen com.weejobs.app#27676 cornerRadius=0.000000
03-31 13:36:16.271 D/SamsungLightBarControlHelper( 3951): updateStatusBar (BLACK icon) numStacks:1, StatusBarMode:MODE_TRANSPARENT, lightBarBounds:[Rect(0, 0 - 904, 2316)], StatusBarState:SHADE, packageName:, isWhiteKeyguardStatusBar:false
03-31 13:36:16.272 D/SamsungLightBarControlHelper( 3951): onStatusBarAppearanceChanged() -  sbModeChanged:false, statusBarMode:0, barState:MODE_TRANSPARENT, isKeyguardShowing:false, navbarColorManagedByIme:false, (AppearanceRegion{LIGHT_STATUS_BARS bounds=[0,0][904,2316]}, )
03-31 13:36:16.272 D/NavigationBar( 3951): onSystemBarAttributesChanged() -  displayId:0, appearance:24, packageName: com.weejobs.app (APPEARANCE_LIGHT_STATUS_BARS APPEARANCE_LIGHT_NAVIGATION_BARS ), navbarColorManagedByIme:false
03-31 13:36:16.272 D/SamsungLightBarControlHelper( 3951): updateNavigationBar (BLACK button) isLightOpaque:false, hasLightNavigationBarFlag:true, packageName:com.weejobs.app, DirectReplying:false, NavBarColorMangedByIme:false, ForceDarkForScrim:false, ForceLightForScrim:false, QsCustomizing:false, QsExpanded:false
03-31 13:36:16.273 I/HoneySpace.SystemUiRepository( 4276): systemUiFlags: allow_gesture|awake
03-31 13:36:16.272 D/SRotationLockTile( 3951):  mRotationLocked: false handleUpdateState: true orientation = true
03-31 13:36:16.273 I/HoneySpace.TaskbarEventTracker( 4276): invokeEvent() called with: event = SystemUiStateChanged(stateFlags=268566528)
03-31 13:36:16.274 D/SRotationLockTile( 3951):  mRotationLocked: false handleUpdateState: true orientation = true
03-31 13:36:16.274 I/ActivityManager( 2349): Changes in 10789 19 to 2, 0 to 255
03-31 13:36:16.274 I/HoneySpace.RecentTasks( 4276): onRunningTaskAppeared
03-31 13:36:16.274 I/HoneySpace.RecentTasks( 4276): onRecentTasksChanged
03-31 13:36:16.275 I/HoneySpace.TaskbarPot@85836121@OneUI( 4276): setDockedTaskBarBackground statFlags = 268566528
03-31 13:36:16.275 D/SGM:GameManager( 2349): identifyForegroundApp. com.sec.android.app.launcher, mCurrentUserId: 0, callerUserId: 0
03-31 13:36:16.275 D/SGM:SemGameManager( 2349): isForegroundGame(), ret=false
03-31 13:36:16.275 D/BackgroundInstallControlService( 2349): Package event received: 0
03-31 13:36:16.275 D/SRotationLockTile( 3951):  mRotationLocked: false handleUpdateState: true orientation = true
03-31 13:36:16.276 V/NetworkPolicy( 2349): getFirewallRuleWifi UID:10789 policy:0
03-31 13:36:16.277 I/SurfaceFlinger( 1676): finalizeDisplayModeChange 4630946213010294403
03-31 13:36:16.277 I/SurfaceFlinger( 1676): RequestedLayer [f241244 Splash Screen com.weejobs.app#27676] hidden!! flag  from(1) --> to(0)
03-31 13:36:16.277 I/SurfaceFlinger( 1676): RequestedLayer [Splash Screen com.weejobs.app$_3951#27677] hidden!! flag  from(1) --> to(0)
03-31 13:36:16.277 I/SurfaceFlinger( 1676): RequestedLayer [Task=1629#27674] hidden!! flag  from(1) --> to(0)
03-31 13:36:16.277 E/SurfaceFlinger( 1676): alpha changed 1.000 -> 0.000 - Task=1629#27674
03-31 13:36:16.277 I/SurfaceFlinger( 1676): RequestedLayer [Transition Root: Task=1629#27678] hidden!! flag  from(1) --> to(0)
03-31 13:36:16.277 I/SurfaceFlinger( 1676): RequestedLayer [ActivityRecord{56147790 u0 com.weejobs.app/.MainActivity t1629}#27675] hidden!! flag  from(1) --> to(0)
03-31 13:36:16.277 E/SurfaceFlinger( 1676): alpha changed 0.000 -> 0.000 - Task=1629#27674
03-31 13:36:16.277 I/SurfaceFlinger( 1676): [LayerHierarchy{RequestedLayerState{ImeContainer#16 parentId=190 relativeParentId=190 z=1} 1 children}] RelativeParent to null
03-31 13:36:16.277 I/SurfaceFlinger( 1676): [LayerHierarchy{RequestedLayerState{Task=1#68 parentId=27678 z=3} 2 children}] reparent to LayerHierarchy{RequestedLayerState{Transition Root: Task=1629#27678 parentId=11 z=9} 1 children}
03-31 13:36:16.277 I/SurfaceFlinger( 1676): [LayerHierarchy{RequestedLayerState{Task=1629#27674 parentId=27678 z=7} 1 children}] reparent to LayerHierarchy{RequestedLayerState{Transition Root: Task=1629#27678 parentId=11 z=9} 2 children}
03-31 13:36:16.277 I/SurfaceFlinger( 1676): [Splash Screen com.weejobs.app$_3951#27677] attach to parent LayerHierarchy{RequestedLayerState{f241244 Splash Screen com.weejobs.app#27676 parentId=27675 z=2147483647} 1 children}
03-31 13:36:16.277 I/SurfaceFlinger( 1676): [Transition Root: Task=1629#27678] attach to parent LayerHierarchy{RequestedLayerState{DefaultTaskDisplayArea_d0#11 parentId=10} 11 children}
03-31 13:36:16.277 I/SurfaceFlinger( 1676): [Surface(name=630de79 TaskbarWindow)/@0xe72b262 - animation-leash of insets_animation#27679] attach to parent LayerHierarchy{RequestedLayerState{WindowToken{aae3b1 type=2024 android.os.BinderProxy@ce8ff88}#3358 parentId=35 z=1} 2 children}
03-31 13:36:16.277 I/SurfaceFlinger( 1676): [Surface(name=1bba892 StatusBar)/@0x77f5e69 - animation-leash of insets_animation#27680] attach to parent LayerHierarchy{RequestedLayerState{WindowToken{cc12e1d type=2000 android.os.BinderProxy@c0490c7}#114 parentId=18} 2 children}
03-31 13:36:16.277 I/SurfaceFlinger( 1676): [Surface(name=45abe9 NavigationBar0)/@0x6ac041c - animation-leash of insets_animation#27681] attach to parent LayerHierarchy{RequestedLayerState{WindowToken{9f81ded type=2019 android.os.BinderProxy@4e9e817}#110 parentId=35} 2 children}
03-31 13:36:16.278 I/SurfaceFlinger( 1676): id=27682 createSurf, flag=84000, 6ac2850 ActivityRecordInputSink com.weejobs.app/.MainActivity#27682
03-31 13:36:16.278 I/BpBinder( 1676): onLastStrongRef automatically unlinking death recipients: 
03-31 13:36:16.281 D/InputDispatcher( 2349): Focus left window (0): a4b6524 com.sec.android.app.launcher/com.sec.android.app.launcher.activities.LauncherActivity
03-31 13:36:16.282 D/ApplicationLoaders( 6275): Returning zygote-cached class loader: /system/framework/org.apache.http.legacy.jar
03-31 13:36:16.282 D/ApplicationLoaders( 6275): Returning zygote-cached class loader: /system_ext/framework/androidx.window.extensions.jar
03-31 13:36:16.282 D/ApplicationLoaders( 6275): Returning zygote-cached class loader: /system_ext/framework/androidx.window.sidecar.jar
03-31 13:36:16.282 D/PkgPredictorService-SecIpmManagerServiceImpl( 2349): onForegroundActivitiesChanged pid:6275 uid:10789
03-31 13:36:16.283 D/SGM:GameManager( 2349): identifyForegroundApp. com.sec.android.app.launcher, mCurrentUserId: 0, callerUserId: 0
03-31 13:36:16.283 D/SGM:SemGameManager( 2349): isForegroundGame(), ret=false
03-31 13:36:16.283 E/WindowManager( 2349): Display reconfigured outside of a transition: Display{#0 state=ON size=904x2316 ROTATION_0}
03-31 13:36:16.283 D/NetworkPolicy( 2349): already checked 10789
03-31 13:36:16.283 I/VSyncReactor( 1676): Current= 24, Period= 120, hwcPeriod= 120
03-31 13:36:16.283 D/TspStateManager( 2349): updateCustomValue customSetting=
03-31 13:36:16.284 D/nativeloader( 6275): Configuring clns-9 for other apk /data/app/~~bfUEuEtsVlW11B_3UKFPOQ==/com.weejobs.app-DxGXwdSK_kQdmmgL-hocJA==/base.apk. target_sdk_version=36, uses_libraries=, library_path=/data/app/~~bfUEuEtsVlW11B_3UKFPOQ==/com.weejobs.app-DxGXwdSK_kQdmmgL-hocJA==/lib/arm64:/data/app/~~bfUEuEtsVlW11B_3UKFPOQ==/com.weejobs.app-DxGXwdSK_kQdmmgL-hocJA==/base.apk!/lib/arm64-v8a, permitted_path=/data:/mnt/expand:/data/user/0/com.weejobs.app
03-31 13:36:16.284 I/EventHub( 2349): Removing device '/dev/input/event19' due to inotify event
03-31 13:36:16.286 V/OsAgent ( 5266): broadcastSystemEvent - 7
03-31 13:36:16.286 I/HBD     (12719): b isPhysicalKeyboard() isPhysicalKeyboard false: deviceId=-1, isVirtual=true, keyboardType=2, isKeyboardTypedMouse=false 
03-31 13:36:16.286 I/HBD     (12719): b isPhysicalKeyboard() isPhysicalKeyboard false: deviceId=2, isVirtual=false, keyboardType=1, isKeyboardTypedMouse=false 
03-31 13:36:16.286 I/HBD     (12719): b isPhysicalKeyboard() isPhysicalKeyboard false: deviceId=3, isVirtual=false, keyboardType=1, isKeyboardTypedMouse=false 
03-31 13:36:16.286 I/HBD     (12719): b isPhysicalKeyboard() isPhysicalKeyboard false: deviceId=4, isVirtual=false, keyboardType=1, isKeyboardTypedMouse=false 
03-31 13:36:16.286 I/HBD     (12719): b isPhysicalKeyboard() isPhysicalKeyboard false: deviceId=5, isVirtual=false, keyboardType=0, isKeyboardTypedMouse=false 
03-31 13:36:16.286 I/HBD     (12719): b isPhysicalKeyboard() isPhysicalKeyboard false: deviceId=6, isVirtual=false, keyboardType=0, isKeyboardTypedMouse=false 
03-31 13:36:16.286 I/HBD     (12719): b isPhysicalKeyboard() isPhysicalKeyboard false: deviceId=7, isVirtual=false, keyboardType=1, isKeyboardTypedMouse=false 
03-31 13:36:16.286 I/HBD     (12719): b isPhysicalKeyboard() isPhysicalKeyboard false: deviceId=8, isVirtual=false, keyboardType=1, isKeyboardTypedMouse=false 
03-31 13:36:16.286 I/HBD     (12719): b isPhysicalKeyboard() isPhysicalKeyboard false: deviceId=9, isVirtual=false, keyboardType=1, isKeyboardTypedMouse=false 
03-31 13:36:16.286 I/HBD     (12719): b isPhysicalKeyboard() isPhysicalKeyboard false: deviceId=10, isVirtual=false, keyboardType=1, isKeyboardTypedMouse=false 
03-31 13:36:16.286 I/HBD     (12719): b isPhysicalKeyboard() isPhysicalKeyboard false: deviceId=11, isVirtual=false, keyboardType=1, isKeyboardTypedMouse=false 
03-31 13:36:16.286 I/HBD     (12719): b isPhysicalKeyboard() isPhysicalKeyboard false: deviceId=12, isVirtual=false, keyboardType=1, isKeyboardTypedMouse=false 
03-31 13:36:16.286 I/HBD     (12719): b currentConnectionState : false 
03-31 13:36:16.287 D/BatteryDump( 1545): wait_for_battery_event : occurred : remove@/devices/virtual/input/input25 
03-31 13:36:16.288 V/GraphicsEnvironment( 6275): Currently set values for:
03-31 13:36:16.288 V/GraphicsEnvironment( 6275):   angle_gl_driver_selection_pkgs=[]
03-31 13:36:16.288 V/GraphicsEnvironment( 6275):   angle_gl_driver_selection_values=[]
03-31 13:36:16.288 V/GraphicsEnvironment( 6275): com.weejobs.app is not listed in per-application setting
03-31 13:36:16.288 V/GraphicsEnvironment( 6275): ANGLE allowlist from config: 
