03-31 13:39:59.767 V/WindowManagerShell( 3951): Transition doesn't have explicit remote, search filters for match for {id=1689 t=OPEN f=0x0 trk=0 r=[0@Point(0, 0)] c=[{m=OPEN f=NONE leash=Surface(name=Task=1630)/@0x67a8cbd sb=Rect(0, 0 - 904, 2316) eb=Rect(0, 0 - 904, 2316) epz=Point(904, 2316) d=0 taskParent=-1 inset=Rect(0, 87 - 0, 126) dim=true},{m=TO_BACK f=SHOW_WALLPAPER|EDGE_EXTENSION_RESTRICTION leash=Surface(name=Task=1)/@0x3db2b2 sb=Rect(0, 0 - 904, 2316) eb=Rect(0, 0 - 904, 2316) epz=Point(904, 2316) d=0 taskParent=-1 inset=Rect(0, 87 - 0, 126)},{m=TO_BACK f=IS_WALLPAPER p=WCT{android.window.IWindowContainerToken$Stub$Proxy@2c837b9} leash=Surface(name=WallpaperWindowToken{fb2395 showWhenLocked=false})/@0xe638203 sb=Rect(0, 0 - 904, 2316) eb=Rect(0, 0 - 904, 2316) epz=Point(904, 2316) d=0 inset=Rect(0, 0 - 0, 0)}]}
03-31 13:39:59.767 V/WindowManagerShell( 3951):  Checking filter Pair{{types=[] flags=0x0] notFlags=0x100 checks=[{atype=home independent=true modes=[OPEN,TO_FRONT] flags=NONE mustBeTask=false order=TOP topActivity=ComponentInfo{com.sec.android.app.launcher/com.sec.android.app.launcher.Launcher} launchCookie=null windowingMode=undefined},{atype=recents independent=true modes=[CLOSE,TO_BACK] flags=NONE mustBeTask=false order=ANY topActivity=null launchCookie=null windowingMode=undefined}]} RemoteTransition { remoteTransition = android.window.IRemoteTransition$Stub$Proxy@a2d9588, appThread = android.app.IApplicationThread$Stub$Proxy@8284b21, debugName = QuickstepLaunchHomeFromRecentsflags =NONE }}
03-31 13:39:59.767 V/WindowManagerShell( 3951):  Checking filter Pair{{types=[] flags=0x0] notFlags=0x100 checks=[{atype=home independent=true modes=[OPEN,TO_FRONT] flags=NONE mustBeTask=false order=TOP topActivity=ComponentInfo{com.sec.android.app.launcher/com.sec.android.app.launcher.Launcher} launchCookie=null windowingMode=undefined},{atype=standard independent=true modes=[CLOSE,TO_BACK] flags=NONE mustBeTask=false order=ANY topActivity=null launchCookie=null windowingMode=undefined}]} RemoteTransition { remoteTransition = android.window.IRemoteTransition$Stub$Proxy@c923b46, appThread = android.app.IApplicationThread$Stub$Proxy@676c107, debugName = QuickstepLaunchHomeflags =NONE }}
03-31 13:39:59.767 V/WindowManagerShell( 3951):  Delegate animation for (#1689) to null
03-31 13:39:59.767 V/WindowManagerShell( 3951): start default transition animation, info = {id=1689 t=OPEN f=0x0 trk=0 r=[0@Point(0, 0)] c=[{m=OPEN f=NONE leash=Surface(name=Task=1630)/@0x67a8cbd sb=Rect(0, 0 - 904, 2316) eb=Rect(0, 0 - 904, 2316) epz=Point(904, 2316) d=0 taskParent=-1 inset=Rect(0, 87 - 0, 126) dim=true},{m=TO_BACK f=SHOW_WALLPAPER|EDGE_EXTENSION_RESTRICTION leash=Surface(name=Task=1)/@0x3db2b2 sb=Rect(0, 0 - 904, 2316) eb=Rect(0, 0 - 904, 2316) epz=Point(904, 2316) d=0 taskParent=-1 inset=Rect(0, 87 - 0, 126)},{m=TO_BACK f=IS_WALLPAPER p=WCT{android.window.IWindowContainerToken$Stub$Proxy@2c837b9} leash=Surface(name=WallpaperWindowToken{fb2395 showWhenLocked=false})/@0xe638203 sb=Rect(0, 0 - 904, 2316) eb=Rect(0, 0 - 904, 2316) epz=Point(904, 2316) d=0 inset=Rect(0, 0 - 0, 0)}]}
03-31 13:39:59.767 D/WindowManager( 2349): makeSurface duration=2 leash=Surface(name=Surface(name=630de79 TaskbarWindow)/@0xe72b262 - animation-leash of insets_animation)/@0x3ae9cf1
03-31 13:39:59.767 D/InsetsSourceProvider( 2349): updateControlForTarget: control=InsetsSourceControl: {244a0001 mType=navigationBars initiallyVisible mSurfacePosition=Point(0, 2050) mInsetsHint=Insets{left=0, top=0, right=0, bottom=126}}, target=Window{3f1c8ec u0 Splash Screen com.weejobs.app}, from=com.android.server.wm.InsetsStateController.onControlTargetChanged:83 com.android.server.wm.InsetsPolicy.updateBarControlTarget:225 com.android.server.wm.DisplayPolicy.updateSystemBarAttributes:262 com.android.server.wm.DisplayPolicy.finishPostLayoutPolicyLw:17 com.android.server.wm.RootWindowContainer.applySurfaceChangesTransaction$1:195 
03-31 13:39:59.767 I/WindowManager( 2349): Cancelling animation restarting=true, leash=Surface(name=Surface(name=1bba892 StatusBar)/@0x77f5e69 - animation-leash of insets_animation)/@0x2ec1c2b
03-31 13:39:59.767 I/WindowManager( 2349): Reparenting to original parent: Surface(name=WindowToken{cc12e1d type=2000 android.os.BinderProxy@c0490c7})/@0xe3560ee, destroy=false, surface=Surface(name=1bba892 StatusBar)/@0x77f5e69
03-31 13:39:59.767 I/WindowManager( 2349): Reparenting to leash, surface=Surface(name=1bba892 StatusBar)/@0x77f5e69, leashParent=Surface(name=WindowToken{cc12e1d type=2000 android.os.BinderProxy@c0490c7})/@0xe3560ee
03-31 13:39:59.767 I/SoLoader( 8771): Preparing SO source: ApplicationSoSource[DirectorySoSource[root = /data/app/~~5N9DY0x7N1-QxrTGkeyPZw==/com.weejobs.app-Vmw5XcN3GRg_QFJyknOu1g==/lib/arm64 flags = 0]]
03-31 13:39:59.767 I/SurfaceFlinger( 1676): id=27723 createSurf, flag=24000, Surface(name=1bba892 StatusBar)/@0x77f5e69 - animation-leash of insets_animation#27723
03-31 13:39:59.767 I/SoLoader( 8771): init finish: 4 SO sources prepared
03-31 13:39:59.767 V/WindowManagerShell( 3951): loadAnimation: anim=android.view.animation.AnimationSet@cd469ac animAttr=0x13 type=OPEN isEntrance=false
03-31 13:39:59.767 V/WindowManagerShell( 3951):    wallpaperTransit=WALLPAPER_CLOSE translucent=false
03-31 13:39:59.767 W/SoLoader( 8771): SoLoader initialized: 8
03-31 13:39:59.767 V/WindowManagerShell( 3951):    change={m=TO_BACK f=SHOW_WALLPAPER|EDGE_EXTENSION_RESTRICTION leash=Surface(name=Task=1)/@0x3db2b2 sb=Rect(0, 0 - 904, 2316) eb=Rect(0, 0 - 904, 2316) epz=Point(904, 2316) d=0 taskParent=-1 inset=Rect(0, 87 - 0, 126)}
03-31 13:39:59.768 V/WindowManagerShell( 3951): loadAnimation: anim=android.view.animation.AnimationSet@2f47498 animAttr=0x12 type=OPEN isEntrance=true
03-31 13:39:59.768 V/WindowManagerShell( 3951):    wallpaperTransit=WALLPAPER_CLOSE translucent=false
03-31 13:39:59.768 V/WindowManagerShell( 3951):    change={m=OPEN f=NONE leash=Surface(name=Task=1630)/@0x67a8cbd sb=Rect(0, 0 - 904, 2316) eb=Rect(0, 0 - 904, 2316) epz=Point(904, 2316) d=0 taskParent=-1 inset=Rect(0, 87 - 0, 126) dim=true}
03-31 13:39:59.768 D/WindowManager( 2349): makeSurface duration=0 leash=Surface(name=Surface(name=1bba892 StatusBar)/@0x77f5e69 - animation-leash of insets_animation)/@0x3656f57
03-31 13:39:59.768 D/InsetsSourceProvider( 2349): updateControlForTarget: control=InsetsSourceControl: {fb6f0000 mType=statusBars initiallyVisible mSurfacePosition=Point(0, 0) mInsetsHint=Insets{left=0, top=87, right=0, bottom=0}}, target=Window{3f1c8ec u0 Splash Screen com.weejobs.app}, from=com.android.server.wm.InsetsStateController.onControlTargetChanged:83 com.android.server.wm.InsetsPolicy.updateBarControlTarget:212 com.android.server.wm.DisplayPolicy.updateSystemBarAttributes:262 com.android.server.wm.DisplayPolicy.finishPostLayoutPolicyLw:17 com.android.server.wm.RootWindowContainer.applySurfaceChangesTransaction$1:195 
03-31 13:39:59.768 I/SurfaceControlRegistry( 3951): apply, t=StartTransaction_SyncId<1689>, caller=android.view.SurfaceControl$Transaction.apply:3459 android.view.SurfaceControl$Transaction.apply:3447 android.view.SurfaceControl$Transaction.apply:3397 com.android.wm.shell.transition.DefaultTransitionHandler.startAnimation:3387 com.android.wm.shell.transition.Transitions.dispatchTransition:90 com.android.wm.shell.transition.Transitions.playTransition:774 
03-31 13:39:59.768 I/WindowManager( 2349): Cancelling animation restarting=true, leash=Surface(name=Surface(name=45abe9 NavigationBar0)/@0x6ac041c - animation-leash of insets_animation)/@0x842a1d4
03-31 13:39:59.768 I/WindowManager( 2349): Reparenting to original parent: Surface(name=WindowToken{9f81ded type=2019 android.os.BinderProxy@4e9e817})/@0xa267825, destroy=false, surface=Surface(name=45abe9 NavigationBar0)/@0x6ac041c
03-31 13:39:59.768 I/WindowManager( 2349): Reparenting to leash, surface=Surface(name=45abe9 NavigationBar0)/@0x6ac041c, leashParent=Surface(name=WindowToken{9f81ded type=2019 android.os.BinderProxy@4e9e817})/@0xa267825
03-31 13:39:59.768 I/SurfaceFlinger( 1676): id=27724 createSurf, flag=24000, Surface(name=45abe9 NavigationBar0)/@0x6ac041c - animation-leash of insets_animation#27724
03-31 13:39:59.769 V/WindowManagerShell( 3951):  animated by com.android.wm.shell.transition.DefaultTransitionHandler@ea2f665
03-31 13:39:59.769 D/WindowManager( 2349): makeSurface duration=0 leash=Surface(name=Surface(name=45abe9 NavigationBar0)/@0x6ac041c - animation-leash of insets_animation)/@0x7f172d
03-31 13:39:59.769 D/InsetsSourceProvider( 2349): updateControlForTarget: control=InsetsSourceControl: {a1630001 mType=navigationBars initiallyVisible mSurfacePosition=Point(0, 2190) mInsetsHint=Insets{left=0, top=0, right=0, bottom=126}}, target=Window{3f1c8ec u0 Splash Screen com.weejobs.app}, from=com.android.server.wm.InsetsStateController.onControlTargetChanged:83 com.android.server.wm.InsetsPolicy.updateBarControlTarget:225 com.android.server.wm.DisplayPolicy.updateSystemBarAttributes:262 com.android.server.wm.DisplayPolicy.finishPostLayoutPolicyLw:17 com.android.server.wm.RootWindowContainer.applySurfaceChangesTransaction$1:195 
03-31 13:39:59.769 I/SurfaceFlinger( 1676): RequestedLayer [3f1c8ec Splash Screen com.weejobs.app#27719] hidden!! flag  from(1) --> to(0)
03-31 13:39:59.769 I/SurfaceFlinger( 1676): RequestedLayer [Splash Screen com.weejobs.app$_3951#27720] hidden!! flag  from(1) --> to(0)
03-31 13:39:59.769 I/SurfaceFlinger( 1676): RequestedLayer [Task=1630#27717] hidden!! flag  from(1) --> to(0)
03-31 13:39:59.769 E/SurfaceFlinger( 1676): alpha changed 1.000 -> 0.000 - Task=1630#27717
03-31 13:39:59.769 I/SurfaceFlinger( 1676): RequestedLayer [Transition Root: Task=1630#27721] hidden!! flag  from(1) --> to(0)
03-31 13:39:59.769 I/SurfaceFlinger( 1676): RequestedLayer [ActivityRecord{38323337 u0 com.weejobs.app/.MainActivity t1630}#27718] hidden!! flag  from(1) --> to(0)
03-31 13:39:59.769 I/SurfaceFlinger( 1676): [LayerHierarchy{RequestedLayerState{Task=1#68 parentId=27721 z=3} 2 children}] reparent to LayerHierarchy{RequestedLayerState{Transition Root: Task=1630#27721 parentId=11 z=9} 1 children}
03-31 13:39:59.769 I/SurfaceFlinger( 1676): [LayerHierarchy{RequestedLayerState{Task=1630#27717 parentId=27721 z=7} 1 children}] reparent to LayerHierarchy{RequestedLayerState{Transition Root: Task=1630#27721 parentId=11 z=9} 2 children}
03-31 13:39:59.769 I/SurfaceFlinger( 1676): [Transition Root: Task=1630#27721] attach to parent LayerHierarchy{RequestedLayerState{DefaultTaskDisplayArea_d0#11 parentId=10} 11 children}
03-31 13:39:59.769 I/SurfaceFlinger( 1676): [Surface(name=630de79 TaskbarWindow)/@0xe72b262 - animation-leash of insets_animation#27722] attach to parent LayerHierarchy{RequestedLayerState{WindowToken{aae3b1 type=2024 android.os.BinderProxy@ce8ff88}#3358 parentId=35 z=1} 2 children}
03-31 13:39:59.769 I/SurfaceFlinger( 1676): [Surface(name=1bba892 StatusBar)/@0x77f5e69 - animation-leash of insets_animation#27723] attach to parent LayerHierarchy{RequestedLayerState{WindowToken{cc12e1d type=2000 android.os.BinderProxy@c0490c7}#114 parentId=18} 2 children}
03-31 13:39:59.769 I/SurfaceFlinger( 1676): [Surface(name=45abe9 NavigationBar0)/@0x6ac041c - animation-leash of insets_animation#27724] attach to parent LayerHierarchy{RequestedLayerState{WindowToken{9f81ded type=2019 android.os.BinderProxy@4e9e817}#110 parentId=35} 2 children}
03-31 13:39:59.769 D/WindowManager( 2349): updateSystemBarAttributes: displayId=0, focusedCanBeNavColorWin=false, win=Window{3f1c8ec u0 Splash Screen com.weejobs.app}, navColorWin=Window{3f1c8ec u0 Splash Screen com.weejobs.app}, caller=com.android.server.wm.DisplayPolicy.finishPostLayoutPolicyLw:17 com.android.server.wm.RootWindowContainer.applySurfaceChangesTransaction$1:195 com.android.server.wm.RootWindowContainer.performSurfacePlacementNoTrace:86 
03-31 13:39:59.769 D/WindowManager( 2349): updateSystemBarAttributes, bhv=1, apr=24, statusBarAprRegions=[AppearanceRegion{LIGHT_STATUS_BARS bounds=[0,0][904,2316]}], requestedVisibilities=-9
03-31 13:39:59.769 D/SurfaceComposerClient( 3951): setCornerRadius ## Task=1630#27717 cornerRadius=63.000000
03-31 13:39:59.770 D/SurfaceComposerClient( 2349): setCornerRadius ## 3f1c8ec Splash Screen com.weejobs.app#27719 cornerRadius=0.000000
03-31 13:39:59.770 D/SurfaceComposerClient( 3951): setCornerRadius ## Task=1630#27717 cornerRadius=63.000000
03-31 13:39:59.771 D/SRotationLockTile( 3951):  mRotationLocked: false handleUpdateState: true orientation = true
03-31 13:39:59.772 D/nativeloader( 8771): Load /data/app/~~5N9DY0x7N1-QxrTGkeyPZw==/com.weejobs.app-Vmw5XcN3GRg_QFJyknOu1g==/base.apk!/lib/arm64-v8a/libc++_shared.so using class loader ns clns-9 (caller=/data/app/~~5N9DY0x7N1-QxrTGkeyPZw==/com.weejobs.app-Vmw5XcN3GRg_QFJyknOu1g==/base.apk!classes3.dex): ok
03-31 13:39:59.772 I/SurfaceFlinger( 1676): id=27725 createSurf, flag=84000, c0fee53 ActivityRecordInputSink com.weejobs.app/.MainActivity#27725
03-31 13:39:59.772 I/HoneySpace.RecentTasks( 4276): onRunningTaskAppeared
03-31 13:39:59.772 I/HoneySpace.RecentTasks( 4276): onRecentTasksChanged
03-31 13:39:59.774 D/nativeloader( 8771): Load /data/app/~~5N9DY0x7N1-QxrTGkeyPZw==/com.weejobs.app-Vmw5XcN3GRg_QFJyknOu1g==/base.apk!/lib/arm64-v8a/libjsi.so using class loader ns clns-9 (caller=/data/app/~~5N9DY0x7N1-QxrTGkeyPZw==/com.weejobs.app-Vmw5XcN3GRg_QFJyknOu1g==/base.apk!classes3.dex): ok
03-31 13:39:59.774 D/SettingsHelper( 3951): onChange() COMPLETED elapsed= 0
03-31 13:39:59.774 D/SRotationLockTile( 3951):  OnChangedCallback : 
03-31 13:39:59.775 D/SRotationLockTile( 3951):  mRotationLocked: false handleUpdateState: true orientation = true
03-31 13:39:59.775 D/Navbar.Store( 3951): handleEvent(0) OnRotationLockedChanged(rotationLocked=false) [Module] NavBarStoreImpl
03-31 13:39:59.775 D/Navbar.Store( 3951): --[Band]TASKBAR_PACK_ROTATION_LOCKED_CHANGED
03-31 13:39:59.775 D/Navbar.Store( 3951): ----apply(0) NavBarStoreAction$UpdateTaskBarNavBarEvents
03-31 13:39:59.775 D/TaskbarDelegate( 3951): handleNavigationBarEvent() TaskbarDelegate is not initialized.
03-31 13:39:59.776 D/SRotationLockTile( 3951):  mRotationLocked: false handleUpdateState: true orientation = true
03-31 13:39:59.776 D/nativeloader( 8771): Load /data/app/~~5N9DY0x7N1-QxrTGkeyPZw==/com.weejobs.app-Vmw5XcN3GRg_QFJyknOu1g==/base.apk!/lib/arm64-v8a/libfbjni.so using class loader ns clns-9 (caller=/data/app/~~5N9DY0x7N1-QxrTGkeyPZw==/com.weejobs.app-Vmw5XcN3GRg_QFJyknOu1g==/base.apk!classes3.dex): ok
03-31 13:39:59.777 D/SamsungLightBarControlHelper( 3951): updateStatusBar (BLACK icon) numStacks:1, StatusBarMode:MODE_TRANSPARENT, lightBarBounds:[Rect(0, 0 - 904, 2316)], StatusBarState:SHADE, packageName:, isWhiteKeyguardStatusBar:false
03-31 13:39:59.777 D/SamsungLightBarControlHelper( 3951): onStatusBarAppearanceChanged() -  sbModeChanged:false, statusBarMode:0, barState:MODE_TRANSPARENT, isKeyguardShowing:false, navbarColorManagedByIme:false, (AppearanceRegion{LIGHT_STATUS_BARS bounds=[0,0][904,2316]}, )
03-31 13:39:59.777 D/NavigationBar( 3951): onSystemBarAttributesChanged() -  displayId:0, appearance:24, packageName: com.weejobs.app (APPEARANCE_LIGHT_STATUS_BARS APPEARANCE_LIGHT_NAVIGATION_BARS ), navbarColorManagedByIme:false
03-31 13:39:59.777 D/SRotationLockTile( 3951):  mRotationLocked: false handleUpdateState: true orientation = true
03-31 13:39:59.778 I/SurfaceFlinger( 1676): [LayerHierarchy{RequestedLayerState{Surface(name=630de79 TaskbarWindow)/@0xe72b262 - animation-leash of insets_animation#27711} 1 children}] reparent to OffscreenRoot
03-31 13:39:59.778 I/SurfaceFlinger( 1676): [LayerHierarchy{RequestedLayerState{Surface(name=630de79 TaskbarWindow)/@0xe72b262 - animation-leash of insets_animation#27711} 1 children}] RelativeParent to null
03-31 13:39:59.778 I/SurfaceFlinger( 1676): [LayerHierarchy{RequestedLayerState{45abe9 NavigationBar0#111 parentId=27724} 1 children}] reparent to LayerHierarchy{RequestedLayerState{Surface(name=45abe9 NavigationBar0)/@0x6ac041c - animation-leash of insets_animation#27724 parentId=110} 1 children}
03-31 13:39:59.778 I/SurfaceFlinger( 1676): [LayerHierarchy{RequestedLayerState{1bba892 StatusBar#115 parentId=27723} 1 children}] reparent to LayerHierarchy{RequestedLayerState{Surface(name=1bba892 StatusBar)/@0x77f5e69 - animation-leash of insets_animation#27723 parentId=114} 1 children}
03-31 13:39:59.778 I/SurfaceFlinger( 1676): [LayerHierarchy{RequestedLayerState{630de79 TaskbarWindow#3359 parentId=27722} 1 children}] reparent to LayerHierarchy{RequestedLayerState{Surface(name=630de79 TaskbarWindow)/@0xe72b262 - animation-leash of insets_animation#27722 parentId=3358} 1 children}
03-31 13:39:59.778 I/SurfaceFlinger( 1676): [LayerHierarchy{RequestedLayerState{Surface(name=45abe9 NavigationBar0)/@0x6ac041c - animation-leash of insets_animation#27713} no children}] reparent to OffscreenRoot
03-31 13:39:59.778 I/SurfaceFlinger( 1676): [LayerHierarchy{RequestedLayerState{Surface(name=45abe9 NavigationBar0)/@0x6ac041c - animation-leash of insets_animation#27713} no children}] RelativeParent to null
03-31 13:39:59.778 I/SurfaceFlinger( 1676): [LayerHierarchy{RequestedLayerState{Surface(name=1bba892 StatusBar)/@0x77f5e69 - animation-leash of insets_animation#27716} no children}] reparent to OffscreenRoot
03-31 13:39:59.778 I/SurfaceFlinger( 1676): [LayerHierarchy{RequestedLayerState{Surface(name=1bba892 StatusBar)/@0x77f5e69 - animation-leash of insets_animation#27716} no children}] RelativeParent to null
03-31 13:39:59.778 I/SurfaceFlinger( 1676): [c0fee53 ActivityRecordInputSink com.weejobs.app/.MainActivity#27725] attach to parent LayerHierarchy{RequestedLayerState{ActivityRecord{38323337 u0 com.weejobs.app/.MainActivity t1630}#27718 parentId=27717} 2 children}
03-31 13:39:59.777 D/SamsungLightBarControlHelper( 3951): updateNavigationBar (BLACK button) isLightOpaque:false, hasLightNavigationBarFlag:true, packageName:com.weejobs.app, DirectReplying:false, NavBarColorMangedByIme:false, ForceDarkForScrim:false, ForceLightForScrim:false, QsCustomizing:false, QsExpanded:false
03-31 13:39:59.778 D/SurfaceComposerClient( 3951): setCornerRadius ## Task=1630#27717 cornerRadius=63.000000
03-31 13:39:59.778 D/nativeloader( 8771): Load /data/app/~~5N9DY0x7N1-QxrTGkeyPZw==/com.weejobs.app-Vmw5XcN3GRg_QFJyknOu1g==/base.apk!/lib/arm64-v8a/libreactnative.so using class loader ns clns-9 (caller=/data/app/~~5N9DY0x7N1-QxrTGkeyPZw==/com.weejobs.app-Vmw5XcN3GRg_QFJyknOu1g==/base.apk!classes3.dex): ok
03-31 13:39:59.778 D/jni_lib_merge( 8771): Entering merged library JNI_OnLoad.
03-31 13:39:59.778 D/jni_lib_merge( 8771): Preparing 12 pre-merged libs (including stub)
03-31 13:39:59.778 D/jni_lib_merge( 8771): Preparing to register libfabricjni_so.  onload_func: 0x6d5f801a50
03-31 13:39:59.778 D/jni_lib_merge( 8771): Preparing to register libreact_devsupportjni_so.  onload_func: 0x6d5f8c536c
03-31 13:39:59.778 D/jni_lib_merge( 8771): Preparing to register libreact_featureflagsjni_so.  onload_func: 0x6d5f8dfba8
03-31 13:39:59.778 D/jni_lib_merge( 8771): Preparing to register libreact_newarchdefaults_so.  onload_func: 0x6d5f91dd74
03-31 13:39:59.778 D/jni_lib_merge( 8771): Preparing to register libreactnativeblob_so.  onload_func: 0x6d5f9bea4c
03-31 13:39:59.778 D/jni_lib_merge( 8771): Preparing to register libreactnativejni_so.  onload_func: 0x6d5f9d39e4
03-31 13:39:59.778 D/jni_lib_merge( 8771): Preparing to register libreactnativejni_common_so.  onload_func: 0x6d5f9d6be0
03-31 13:39:59.778 D/jni_lib_merge( 8771): Preparing to register librninstance_so.  onload_func: 0x6d5f9f3778
03-31 13:39:59.778 D/jni_lib_merge( 8771): Preparing to register libturbomodulejsijni_so.  onload_func: 0x6d5fa9d0e0
03-31 13:39:59.778 D/jni_lib_merge( 8771): Preparing to register libuimanagerjni_so.  onload_func: 0x6d5faa3b00
03-31 13:39:59.778 D/jni_lib_merge( 8771): Preparing to register libyoga_so.  onload_func: 0x6d5faab0c4
03-31 13:39:59.778 D/jni_lib_merge( 8771): About to register 11 actual methods.
03-31 13:39:59.779 I/SurfaceFlinger( 1676): id=27711 Removed Surface(name=630de79 TaskbarWindow)/@0xe72b262 - animation-leash of insets_animation#27711 (194)
03-31 13:39:59.779 I/WindowManager( 2349): notifyInsetsControlChanged, removed=false, win=Window{3f1c8ec u0 Splash Screen com.weejobs.app}, caller=com.android.server.wm.InsetsStateController$$ExternalSyntheticLambda1.run:137 com.android.server.wm.WindowAnimator$$ExternalSyntheticLambda2.onTransactionCommitted:26 android.view.SurfaceControl$Transaction$$ExternalSyntheticLambda4.run:0 android.os.Handler.handleCallback:995 android.os.Handler.dispatchMessage:103 android.os.Looper.loopOnce:273 
03-31 13:39:59.779 I/SurfaceFlinger( 1676): id=27716 Removed Surface(name=1bba892 StatusBar)/@0x77f5e69 - animation-leash of insets_animation#27716 (194)
03-31 13:39:59.779 I/SurfaceFlinger( 1676): id=27713 Removed Surface(name=45abe9 NavigationBar0)/@0x6ac041c - animation-leash of insets_animation#27713 (194)
03-31 13:39:59.780 D/KNOX_MDM_SettingsProvider( 2349): isChangeAllowed() : name = sem_task_bar_available
03-31 13:39:59.780 D/KNOX_MDM_SettingsProvider( 2349): edmUri: content://com.sec.knox.provider/RestrictionPolicy3
03-31 13:39:59.780 D/KNOX_MDM_SettingsProvider( 2349): projectionArgs: isSettingsChangesAllowed
03-31 13:39:59.780 D/KNOX_MDM_SettingsProvider( 2349): selectionArgs: false
03-31 13:39:59.780 D/KNOX_MDM_SettingsProvider( 2349): selectionArgs: 10039
03-31 13:39:59.780 D/SecContentProvider( 2349): query(), uri = 17 selection = isSettingsChangesAllowed
03-31 13:39:59.780 D/SecContentProvider( 2349): called from android.uid.systemui:10039
03-31 13:39:59.780 D/RestrictionPolicy( 2349): isSettingsChangesAllowedAsUser, userId 0 : true
03-31 13:39:59.780 D/KNOX_MDM_SettingsProvider( 2349): ret = 1
03-31 13:39:59.781 I/HoneySpace.TaskbarEventTracker( 4276): invokeEvent() called with: event = SystemUiStateChanged(stateFlags=268566528)
03-31 13:39:59.781 I/HoneySpace.SystemUiRepository( 4276): systemUiFlags: allow_gesture|awake
03-31 13:39:59.782 I/HoneySpace.TaskbarPot@85836121@OneUI( 4276): setDockedTaskBarBackground statFlags = 268566528
03-31 13:39:59.782 D/nativeloader( 8771): Load /data/app/~~5N9DY0x7N1-QxrTGkeyPZw==/com.weejobs.app-Vmw5XcN3GRg_QFJyknOu1g==/base.apk!/lib/arm64-v8a/libreact_codegen_rnscreens.so using class loader ns clns-9 (caller=/data/app/~~5N9DY0x7N1-QxrTGkeyPZw==/com.weejobs.app-Vmw5XcN3GRg_QFJyknOu1g==/base.apk!classes3.dex): ok
03-31 13:39:59.782 D/jni_lib_merge( 8771): Entering merged library JNI_OnLoad.
03-31 13:39:59.782 D/jni_lib_merge( 8771): Preparing 12 pre-merged libs (including stub)
03-31 13:39:59.782 D/jni_lib_merge( 8771): Preparing to register libfabricjni_so.  onload_func: 0x6d5f801a50
03-31 13:39:59.782 D/jni_lib_merge( 8771): Preparing to register libreact_devsupportjni_so.  onload_func: 0x6d5f8c536c
03-31 13:39:59.782 D/jni_lib_merge( 8771): Preparing to register libreact_featureflagsjni_so.  onload_func: 0x6d5f8dfba8
03-31 13:39:59.782 D/jni_lib_merge( 8771): Preparing to register libreact_newarchdefaults_so.  onload_func: 0x6d5f91dd74
03-31 13:39:59.782 D/jni_lib_merge( 8771): Preparing to register libreactnativeblob_so.  onload_func: 0x6d5f9bea4c
03-31 13:39:59.782 D/jni_lib_merge( 8771): Preparing to register libreactnativejni_so.  onload_func: 0x6d5f9d39e4
03-31 13:39:59.782 D/jni_lib_merge( 8771): Preparing to register libreactnativejni_common_so.  onload_func: 0x6d5f9d6be0
03-31 13:39:59.782 D/jni_lib_merge( 8771): Preparing to register librninstance_so.  onload_func: 0x6d5f9f3778
03-31 13:39:59.782 D/jni_lib_merge( 8771): Preparing to register libturbomodulejsijni_so.  onload_func: 0x6d5fa9d0e0
03-31 13:39:59.782 D/jni_lib_merge( 8771): Preparing to register libuimanagerjni_so.  onload_func: 0x6d5faa3b00
03-31 13:39:59.782 D/jni_lib_merge( 8771): Preparing to register libyoga_so.  onload_func: 0x6d5faab0c4
03-31 13:39:59.782 D/jni_lib_merge( 8771): About to register 11 actual methods.
03-31 13:39:59.783 D/NavBarStateManager( 3951): NavBarStates(0) canUseNavBarBackgroundFrame: false
03-31 13:39:59.784 D/nativeloader( 8771): Load /data/app/~~5N9DY0x7N1-QxrTGkeyPZw==/com.weejobs.app-Vmw5XcN3GRg_QFJyknOu1g==/base.apk!/lib/arm64-v8a/libreact_codegen_safeareacontext.so using class loader ns clns-9 (caller=/data/app/~~5N9DY0x7N1-QxrTGkeyPZw==/com.weejobs.app-Vmw5XcN3GRg_QFJyknOu1g==/base.apk!classes3.dex): ok
03-31 13:39:59.784 I/VRI[app]@1822352( 3951): onActiveControlsChanged, removed=false, mAdded=true, caller=android.view.ViewRootImpl.handleInsetsControlChanged:3002 android.view.ViewRootImpl$ViewRootHandler.handleMessageImpl:8352 android.view.ViewRootImpl$ViewRootHandler.handleMessage:8301 android.os.Handler.dispatchMessage:110 android.os.Looper.loopOnce:273 
03-31 13:39:59.784 I/InsetsSourceConsumer( 3951): applyRequestedVisibilityToControl: visible=true, type=statusBars, host=Splash Screen com.weejobs.app
03-31 13:39:59.785 I/InsetsSourceConsumer( 3951): applyRequestedVisibilityToControl: visible=true, type=navigationBars, host=Splash Screen com.weejobs.app
03-31 13:39:59.785 D/nativeloader( 8771): Load /data/app/~~5N9DY0x7N1-QxrTGkeyPZw==/com.weejobs.app-Vmw5XcN3GRg_QFJyknOu1g==/base.apk!/lib/arm64-v8a/libappmodules.so using class loader ns clns-9 (caller=/data/app/~~5N9DY0x7N1-QxrTGkeyPZw==/com.weejobs.app-Vmw5XcN3GRg_QFJyknOu1g==/base.apk!classes3.dex): ok
03-31 13:39:59.786 E/SurfaceFlinger( 1676): alpha changed 0.000 -> 0.090 - Task=1630#27717
03-31 13:39:59.786 I/SurfaceFlinger( 1676): destroyed Surface(name=630de79 TaskbarWindow)/@0xe72b262 - animation-leash of insets_animation#27711 form LifecycleManager
03-31 13:39:59.786 I/SurfaceFlinger( 1676): destroyed Surface(name=45abe9 NavigationBar0)/@0x6ac041c - animation-leash of insets_animation#27713 form LifecycleManager
03-31 13:39:59.786 I/SurfaceFlinger( 1676): destroyed Surface(name=1bba892 StatusBar)/@0x77f5e69 - animation-leash of insets_animation#27716 form LifecycleManager
03-31 13:39:59.786 I/SurfaceFlinger( 1676): id=27711 onLayerDestroyed from LayerHierarchyBuilder(RequestedLayerState{Surface(name=630de79 TaskbarWindow)/@0xe72b262 - animation-leash of insets_animation#27711 !handle})
03-31 13:39:59.786 I/SurfaceFlinger( 1676): id=27713 onLayerDestroyed from LayerHierarchyBuilder(RequestedLayerState{Surface(name=45abe9 NavigationBar0)/@0x6ac041c - animation-leash of insets_animation#27713 !handle})
03-31 13:39:59.786 I/SurfaceFlinger( 1676): id=27716 onLayerDestroyed from LayerHierarchyBuilder(RequestedLayerState{Surface(name=1bba892 StatusBar)/@0x77f5e69 - animation-leash of insets_animation#27716 !handle})
03-31 13:39:59.786 I/Layer   ( 1676): id=27711 Destroyed Surface(name=630de79 TaskbarWindow)/@0xe72b262 - animation-leash of insets_animation#27711
03-31 13:39:59.786 I/Layer   ( 1676): id=27713 Destroyed Surface(name=45abe9 NavigationBar0)/@0x6ac041c - animation-leash of insets_animation#27713
03-31 13:39:59.786 I/Layer   ( 1676): id=27716 Destroyed Surface(name=1bba892 StatusBar)/@0x77f5e69 - animation-leash of insets_animation#27716
03-31 13:39:59.788 D/SurfaceComposerClient( 3951): setCornerRadius ## Task=1630#27717 cornerRadius=63.000000
03-31 13:39:59.788 I/btyz    (18463): onPause
03-31 13:39:59.789 D/SurfaceFlinger( 1676): Display 4630946213010294403 HWC layers:
03-31 13:39:59.789 D/SurfaceFlinger( 1676):        CLIENT |           16969415812112 | 00000100 | RGBA_8888    |    0.0    0.0  904.0 2316.0 |    0    0  904 2316 | Wallpaper BBQ wrapper 17_system#128 (34)
03-31 13:39:59.789 D/SurfaceFlinger( 1676):        CLIENT |           18365280161850 | 00002100 | RGBA_8888    |    0.0    0.0  904.0 2316.0 |    0    0  904 2316 | com.sec.android.app.launcher/com.sec[...]ivities.LauncherActivity$_4276#27302 (blurRegions) (46)
03-31 13:39:59.789 D/SurfaceFlinger( 1676):        CLIENT |           16969415813478 | 00002100 | RGBA_8888    |    0.0    0.0  904.0 2316.0 |   66  168  838 2148 | Splash Screen com.weejobs.app$_3951#27720 (1)
03-31 13:39:59.789 D/SurfaceFlinger( 1676):        DEVICE |           16969415813188 | 00002100 | RGBA_8888    |    0.0    0.0  904.0   87.0 |    0    0  904   87 | StatusBar$_3951#122 (97705)
03-31 13:39:59.789 D/SurfaceFlinger( 1676):        DEVICE |           18365280161808 | 00002100 | RGBA_8888    |    0.0    0.0   67.0  451.0 |    0  493   67  944 | com.sec.android.app.launcher/com.sam[...]l.app.CocktailBarService$_4276#27160 (1)
03-31 13:39:59.789 D/SurfaceFlinger( 1676):        DEVICE |           16969415813252 | 00002100 | RGBA_8888    |    0.0    0.0  
03-31 13:39:59.789 D/SurfaceFlinger( 1676): 904.0  126.0 |    0 2190  904 2316 | NavigationBar0$_3951#118 (28297)
03-31 13:39:59.789 D/SurfaceFlinger( 1676): 
03-31 13:39:59.790 I/SDHMS:k (10397): onTaskStackChanged
03-31 13:39:59.791 I/SDHMS:k (10397): no app is Resumed!!! mResumedPackages.size = 0
03-31 13:39:59.791 V/WindowManager( 2349): Computed rotation=ROTATION_0 (0) for display id=0 based on lastOrientation=SCREEN_ORIENTATION_PORTRAIT (1) and oldRotation=ROTATION_0 (0), caller=com.android.server.wm.DisplayRotation.updateOrientation:79 com.android.server.wm.DisplayContent.updateOrientation:41 com.android.server.wm.DisplayContent.updateOrientationAndComputeConfig:48 com.android.server.wm.RootWindowContainer.ensureVisibilityAndConfig:7 com.android.server.wm.ActivityTaskSupervisor.realStartActivityLocked:195 com.android.server.wm.RootWindowContainer.attachApplication:92 
03-31 13:39:59.791 D/SGM:FgCheckThread( 2349): notifyAppCreated(), packageName: com.weejobs.app, userId: 0, sendRet: true
03-31 13:39:59.792 D/SGM:FgCheckThread( 2349): onLooperPrepared(), msg: MSG_APP_CREATE, pkgName: com.weejobs.app, userId: 0
03-31 13:39:59.792 I/HoneySpace.RecentTasks( 4276): onRecentTasksChanged
03-31 13:39:59.792 I/HoneySpace.HistoryViewModel@56717545@OneUI( 4276): task bar is not showing. skip load history items
03-31 13:39:59.792 D/SGM:FgCheckThread( 2349): TaskStackListener.onTaskFocusChanged(), taskId=1407, focused=false
03-31 13:39:59.792 D/SGM:FgCheckThread( 2349): TaskStackListener.onTaskFocusChanged(), taskId=1630, focused=true
03-31 13:39:59.792 I/HoneySpace.HistoryViewModel@56717545@OneUI( 4276): launcherShowing : false, recentShowing : false, isInteractive : true, state : 0, minusOne : false
03-31 13:39:59.792 D/SGM:FgCheckThread( 2349):   sendRunningComponentFocus(), pkgName: com.weejobs.app, userId: 0
03-31 13:39:59.792 D/InputDispatcher( 2349): Focused application(0): ActivityRecord{38323337 u0 com.weejobs.app/.MainActivity t1630}
03-31 13:39:59.792 D/SGM:FgCheckThread( 2349): onLooperPrepared(), msg: MSG_TASK_FOCUSED, pkgName: com.weejobs.app, userId: 0
03-31 13:39:59.792 D/SGM:FgCheckThread( 2349): handleTaskFocused().
03-31 13:39:59.792 D/SGM:FgCheckThread( 2349):   handleTaskFocused(), pkgName: com.weejobs.app, userID:0
03-31 13:39:59.792 D/ActivityTaskManager( 2349): scheduleTopResumedActivityChanged, onTop=true, r=ActivityRecord{38323337 u0 com.weejobs.app/.MainActivity t1630}, caller=com.android.server.wm.ActivityTaskSupervisor.scheduleTopResumedActivityStateIfNeeded:18 com.android.server.wm.ActivityTaskSupervisor.updateTopResumedActivityIfNeeded:54 com.android.server.wm.TaskFragment.setResumedActivity:75 com.android.server.wm.ActivityRecord.setState:116 com.android.server.wm.ActivityTaskSupervisor.realStartActivityLocked:497 com.android.server.wm.RootWindowContainer.attachApplication:92 
03-31 13:39:59.792 D/SGM:FgCheckThread( 2349): handleResume().
03-31 13:39:59.793 D/SGM:FgCheckThread( 2349): sendFocusOutConditionally() - mPrevNotiPkg: KILL_YOURSELF, userId: 0
03-31 13:39:59.793 D/SGM:FgCheckThread( 2349):   handleResume(). pkgName: com.weejobs.app, userId: 0, category: non-game
03-31 13:39:59.793 D/SGM:FgCheckThread( 2349): notifyFocusInOut(). of pkg: com.weejobs.app, type: 4, isSecGameFamily: false, userId: 0
03-31 13:39:59.793 D/SGM:FgCheckThread( 2349):   notifyFocusInOut(). do nothing
03-31 13:39:59.793 D/ActivityTaskManager( 2349): updateAppCompatDisplayInsets, SizeChangesSupported=3, ResizeMode=1, inMultiWindowMode=false, isFolded=true, RealActivity=ComponentInfo{com.weejobs.app/com.weejobs.app.MainActivity}, Task=Task{fd39c8e #1630 type=standard A=10789:com.weejobs.app}
03-31 13:39:59.793 D/SGM:SystemHelper( 2349): callReleaseBlock needReleaseBlock:false
03-31 13:39:59.793 D/AS.MultiSoundManager( 2349): mForegroundUid = 10789
03-31 13:39:59.793 I/HoneySpace.HistoryViewModel@56717545@OneUI( 4276): Block stack change
03-31 13:39:59.795 D/SurfaceComposerClient( 3951): setCornerRadius ## Task=1630#27717 cornerRadius=63.000000
03-31 13:39:59.795 D/GraphicsStatsService( 2349): requestRenderEngineFor(com.weejobs.app)
03-31 13:39:59.795 D/ActivityThread( 8771): com.weejobs.app will use render engine as VK
03-31 13:39:59.795 D/HWUI    ( 8771): HWUI - treat SMPTE_170M as sRGB
03-31 13:39:59.798 I/HoneySpace.TopTaskSource( 4276): onTaskFocusChanged(): taskId = 1630
03-31 13:39:59.799 I/DisplayManager( 8771): Choreographer implicitly registered for the refresh rate.
03-31 13:39:59.800 V/Configuration( 2349): Updating configuration, locales updated from [] to [en_CA]
03-31 13:39:59.801 D/AppCompatDelegate( 8771): Checking for metadata for AppLocalesMetadataHolderService : Service not found
03-31 13:39:59.802 I/{OngoingActivityController}( 3951): onTaskFocusChanged but OA data is empty
03-31 13:39:59.802 V/Configuration( 2349): Updating configuration, locales updated from [] to [en_CA]
03-31 13:39:59.802 I/HoneySpace.HistoryViewModel@56717545@OneUI( 4276): task bar is not showing. skip load history items
03-31 13:39:59.802 I/HoneySpace.HistoryViewModel@56717545@OneUI( 4276): launcherShowing : false, recentShowing : false, isInteractive : true, state : 0, minusOne : false
03-31 13:39:59.802 D/EnterpriseDeviceManagerService( 2349): isMdmAdminPresentInternal() : MDM Admin Found - com.samsung.knox.securefolder
03-31 13:39:59.802 D/HWUI    ( 8771): CacheManager constructor. deviceInfo=(1080, 1920)
03-31 13:39:59.803 D/SurfaceComposerClient( 3951): setCornerRadius ## Task=1630#27717 cornerRadius=63.000000
03-31 13:39:59.803 I/CocktailBarManagerServiceContainer( 2349): handleMessage: entry what = 5
03-31 13:39:59.803 I/HoneySpace.EdgePanel.CocktailHostRepositoryImpl( 4276): onNoteResume
03-31 13:39:59.803 I/AdrenoGLES-0( 8771): QUALCOMM build                   : 0c393b63cf, I94e2bd5684
03-31 13:39:59.803 I/AdrenoGLES-0( 8771): Build Date                       : 05/02/25
03-31 13:39:59.803 I/AdrenoGLES-0( 8771): OpenGL ES Shader Compiler Version: EV031.36.08.33
03-31 13:39:59.803 I/AdrenoGLES-0( 8771): Local Branch                     : 
03-31 13:39:59.803 I/AdrenoGLES-0( 8771): Remote Branch                    : refs/tags/AU_LINUX_ANDROID_LA.VENDOR.1.0.R1.11.00.00.816.269
03-31 13:39:59.803 I/AdrenoGLES-0( 8771): Remote Branch                    : NONE
03-31 13:39:59.803 I/AdrenoGLES-0( 8771): Reconstruct Branch               : NOTHING
03-31 13:39:59.804 I/AdrenoGLES-0( 8771): Build Config                     : S P 12.1.1 AArch64
03-31 13:39:59.803 I/HoneySpace.EdgePanel.EdgePanelContainerViewModel( 4276): cocktailHostRepository.edgePanelOperation NoteResumeComponent(componentName=ComponentInfo{com.weejobs.app/com.weejobs.app.MainActivity})
03-31 13:39:59.804 I/AdrenoGLES-0( 8771): Driver Path                      : /vendor/lib64/egl/libGLESv2_adreno.so
03-31 13:39:59.804 I/AdrenoGLES-0( 8771): Driver Version                   : 0615.98
03-31 13:39:59.804 I/HoneySpace.EdgePanel.ActivityUtils( 4276): HomePackage : com.sec.android.app.launcher, resumePackageName : com.weejobs.app, className : com.weejobs.app.MainActivity
03-31 13:39:59.804 I/SDHMS:k (10397): handleResumeComponent : put = com.weejobs.app, userid = 0 instanceid =196131004
03-31 13:39:59.805 D/BackgroundInstallControlService( 2349): Package event received: 0
03-31 13:39:59.806 E/ashmem  ( 8771): Pinning is deprecated since Android Q. Please use trim or other methods.
03-31 13:39:59.807 D/SGM:FgCheckThread( 2349): noteResumeComponent(), received pkgName: com.weejobs.app, userId: 0
03-31 13:39:59.808 D/SGM:FgCheckThread( 2349): onLooperPrepared(), msg: MSG_APP_RESUME, pkgName: com.weejobs.app, userid: 0
03-31 13:39:59.808 D/SGM:FgCheckThread( 2349): handleResume().
03-31 13:39:59.808 D/SGM:FgCheckThread( 2349):   handleResume(). same package with Prev KILL_YOURSELF. ignore
03-31 13:39:59.809 I/AdrenoGLES-0( 8771): PFP: 0x01730181, ME: 0x00000000
03-31 13:39:59.809 D/SGM:GameManager( 2349): identifyGamePackage. com.weejobs.app, mCurrentUserId: 0, callingMethodInfo: com.samsung.android.game.SemGameManager.isGamePackage(SemGameManager.java:106)
03-31 13:39:59.809 D/SGM:SemGameManager( 2349): isGamePackage(), pkgName=com.weejobs.app, ret=false
03-31 13:39:59.811 D/BackgroundInstallControlService( 2349): Package event received: 0
03-31 13:39:59.811 D/SurfaceComposerClient( 3951): setCornerRadius ## Task=1630#27717 cornerRadius=63.000000
03-31 13:39:59.815 I/Pageboost( 2349): 64 bit checked : true for 8771
03-31 13:39:59.815 I/hwservicemanager(  578): getTransport: Cannot find entry vendor.qti.qspmhal@1.0::IQspmhal/default in either framework or device VINTF manifest.
03-31 13:39:59.815 I/Pageboost( 2349): IoRecord pid : 8771, started correctly
03-31 13:39:59.815 D/CompatChangeReporter( 8771): Compat change id reported: 377864165; UID 10789; state: ENABLED
03-31 13:39:59.815 W/Adreno-AppProfiles( 8771): Could not find QSPM HAL service. Skipping adreno profile processing.
03-31 13:39:59.816 E/pageboostd( 4762): Received HALT command code 2
03-31 13:39:59.816 D/DesktopModeFlags( 8771): Toggle override initialized to: OVERRIDE_UNSET
03-31 13:39:59.817 I/DecorView( 8771): setWindowBackground: isPopOver=false color=fffafafa d=android.graphics.drawable.ColorDrawable@ec36c55
03-31 13:39:59.819 D/SurfaceComposerClient( 3951): setCornerRadius ## Task=1630#27717 cornerRadius=63.000000
03-31 13:39:59.828 D/SurfaceComposerClient( 3951): setCornerRadius ## Task=1630#27717 cornerRadius=63.000000
03-31 13:39:59.830 W/unknown:BridgelessReact( 8771): ReactHost{0}.startSurface(surfaceId = 0): Schedule
03-31 13:39:59.830 W/unknown:BridgelessReact( 8771): ReactHost{0}.attachSurface(surfaceId = 0)
03-31 13:39:59.831 W/unknown:BridgelessReact( 8771): ReactHost{0}.getOrCreateReactInstanceTask()
03-31 13:39:59.831 W/unknown:BridgelessReact( 8771): ReactHost{0}.getOrCreateReactInstanceTask(): Start
03-31 13:39:59.831 W/unknown:BridgelessReact( 8771): ReactHost{0}.getJSBundleLoader()
03-31 13:39:59.831 W/unknown:BridgelessReact( 8771): ReactHost{0}.getOrCreateReactInstanceTask(): Creating BridgelessReactContext
03-31 13:39:59.832 W/unknown:BridgelessReact( 8771): ReactHost{0}.getOrCreateReactInstanceTask(): Creating ReactInstance
03-31 13:39:59.835 E/expo-router-native( 8771): MainActivity.onCreate immediate: sdExists=false appExists=true
03-31 13:39:59.836 E/expo-router-native( 8771): Found routes_manifest_seen in app files: {"nativeDebug":true,"ts":1774986262257}
03-31 13:39:59.836 W/WindowOnBackDispatcher( 8771): OnBackInvokedCallback is not enabled for the application.
03-31 13:39:59.836 W/WindowOnBackDispatcher( 8771): Set 'android:enableOnBackInvokedCallback="true"' in the application manifest.
03-31 13:39:59.836 D/SurfaceComposerClient( 3951): setCornerRadius ## Task=1630#27717 cornerRadius=63.000000
03-31 13:39:59.839 W/unknown:BridgelessReact( 8771): ReactHost{0}.onHostResume(activity)
03-31 13:39:59.839 W/unknown:BridgelessReact( 8771): ReactHost{0}.ReactContext.onHostResume()
03-31 13:39:59.839 V/AutofillClientController( 8771): onActivityPostResumed()
03-31 13:39:59.839 V/AutofillClientController( 8771): onActivityPostResumed(): Relayout fix enabled
03-31 13:39:59.839 V/AutofillClientController( 8771): forResume(): Not attempting refill.
03-31 13:39:59.840 D/nativeloader( 8771): Load /data/app/~~5N9DY0x7N1-QxrTGkeyPZw==/com.weejobs.app-Vmw5XcN3GRg_QFJyknOu1g==/base.apk!/lib/arm64-v8a/libhermesvm.so using class loader ns clns-9 (caller=/data/app/~~5N9DY0x7N1-QxrTGkeyPZw==/com.weejobs.app-Vmw5XcN3GRg_QFJyknOu1g==/base.apk!classes3.dex): ok
03-31 13:39:59.841 D/nativeloader( 8771): Load /data/app/~~5N9DY0x7N1-QxrTGkeyPZw==/com.weejobs.app-Vmw5XcN3GRg_QFJyknOu1g==/base.apk!/lib/arm64-v8a/libhermestooling.so using class loader ns clns-9 (caller=/data/app/~~5N9DY0x7N1-QxrTGkeyPZw==/com.weejobs.app-Vmw5XcN3GRg_QFJyknOu1g==/base.apk!classes3.dex): ok
03-31 13:39:59.841 D/jni_lib_merge( 8771): Entering merged library JNI_OnLoad.
03-31 13:39:59.841 D/jni_lib_merge( 8771): Preparing 4 pre-merged libs (including stub)
03-31 13:39:59.841 D/jni_lib_merge( 8771): Preparing to register libhermes_executor_so.  onload_func: 0x6d64e60728
03-31 13:39:59.841 D/jni_lib_merge( 8771): Preparing to register libhermesinstancejni_so.  onload_func: 0x6d64e67d44
03-31 13:39:59.841 D/jni_lib_merge( 8771): Preparing to register libjsijniprofiler_so.  onload_func: 0x6d64e68530
03-31 13:39:59.841 D/jni_lib_merge( 8771): About to register 3 actual methods.
03-31 13:39:59.843 D/ViewRootImpl( 8771): desktopMode is false
03-31 13:39:59.844 I/ViewRootImpl( 8771): dVRR is disabled
03-31 13:39:59.844 D/HardwareRenderer( 8771): onDisplayChanged. displayId=0 current wxh=904x2316 mLargest wxh=0x0
03-31 13:39:59.845 D/HardwareRenderer( 8771): Set largestWidth and largestHeight as logical resolution. (904x2316)
03-31 13:39:59.845 D/HWUI    ( 8771): setMaxSurfaceArea requested wxh=(904,2316) requestedSurfaceArea(2093664) mMaxSurfaceArea(2073600)
03-31 13:39:59.845 D/SurfaceComposerClient( 3951): setCornerRadius ## Task=1630#27717 cornerRadius=63.000000
03-31 13:39:59.846 D/NativeCustomFrequencyManager( 8771): [NativeCFMS] BpCustomFrequencyManager::BpCustomFrequencyManager()
03-31 13:39:59.851 D/InputTransport( 2349): Input channel constructed: '8bca322', fd=1139
03-31 13:39:59.851 D/InputTransport( 2349): Input channel constructed: '8bca322', fd=1140
03-31 13:39:59.851 D/InputTransport( 2349): Input channel constructed: '8bca322', fd=1145
03-31 13:39:59.851 D/InputTransport( 2349): Input channel destroyed: '8bca322', fd=1140
03-31 13:39:59.851 I/SurfaceFlinger( 1676): id=27726 createSurf, flag=84004, 8bca322 com.weejobs.app/com.weejobs.app.MainActivity#27726
03-31 13:39:59.852 D/RestrictionPolicy( 2349): isScreenCaptureEnabled : ret=true userId=0
03-31 13:39:59.852 D/RestrictionPolicy( 2349): isScreenCaptureEnabled : ret=true userId=0
03-31 13:39:59.852 I/SurfaceFlinger( 1676): [8bca322 com.weejobs.app/com.weejobs.app.MainActivity#27726] attach to parent LayerHierarchy{RequestedLayerState{ActivityRecord{38323337 u0 com.weejobs.app/.MainActivity t1630}#27718 parentId=27717} 3 children}
03-31 13:39:59.853 D/InputTransport( 2349): Input channel destroyed: '8bca322', fd=1145
03-31 13:39:59.853 D/SurfaceComposerClient( 3951): setCornerRadius ## Task=1630#27717 cornerRadius=63.000000
03-31 13:39:59.853 D/InputTransport( 8771): Input channel constructed: '8bca322', fd=119
03-31 13:39:59.854 I/InsetsController( 8771): onStateChanged: host=com.weejobs.app/com.weejobs.app.MainActivity, from=android.view.ViewRootImpl.onInsetsStateChanged:3026, state=InsetsState: {mDisplayFrame=Rect(0, 0 - 904, 2316), mDisplayCutout=DisplayCutout{insets=Rect(0, 87 - 0, 0) waterfall=Insets{left=0, top=0, right=0, bottom=0} boundingRect={Bounds=[Rect(0, 0 - 0, 0), Rect(418, 0 - 486, 87), Rect(0, 0 - 0, 0), Rect(0, 0 - 0, 0)]} cutoutPathParserInfo={CutoutPathParserInfo{displayWidth=904 displayHeight=2316 physicalDisplayWidth=904 physicalDisplayHeight=2316 density={2.625} cutoutSpec={M 0,0 H -12.95238095238095 V 33.14285714285714 H 12.95238095238095 V 0 H 0 Z @dp} rotation={0} scale={1.0} physicalPixelDisplaySizeRatio={1.0}}} sideOverrides={}}, mRoundedCorners=RoundedCorners{[RoundedCorner{position=TopLeft, radius=68, center=Point(68, 68)}, RoundedCorner{position=TopRight, radius=68, center=Point(836, 68)}, RoundedCorner{position=BottomRight, radius=68, center=Point(836, 2248)}, RoundedCorner{position=BottomLeft, radius=68, center=Point(68, 2248)}]}  mRoundedCornerFrame=Rect(0, 0 - 904, 2316), mPrivacyIndicatorBounds=PrivacyIndicatorBounds {static bounds=Rect(788, 0 - 904, 87) rotation=0}, mDisplayShape=DisplayShape{ spec=-311912193 displayWidth=904 displayHeight=2316 physicalPixelDisplaySizeRatio=1.0 rotation=0 offsetX=0 offsetY=0 scale=1.0}, mSources= { InsetsSource: {a1630001 mType=navigationBars mFrame=[0,2190][904,2316] mVisible=true mFlags= mSideHint=BOTTOM mBoundingRects=null}, InsetsSource: {a1630004 mType=systemGestures mFrame=[0,0][0,0] mVisible=true mFlags= mSideHint=NONE mBoundingRects=null}, InsetsSource: {a1630005 mType=mandatorySystemGestures mFrame=[0,2190][904,2316] mVisible=true mFlags= mSideHint=BOTTOM mBoundingRects=null}, InsetsSource: {a1630006 mType=tappableElement mFrame=[0,2190][904,2316] mVisible=true mFlags= mSideHint=BOTTOM mBoundingRects=null}, InsetsSource: {a1630024 mType=systemGestures mFrame=[0,0][0,0] mVisible=true mFlags= mSideHint=NONE mBoundingRects=null}, InsetsSource: {fb6f0000 mType=statusBars mFrame=[0,0][904,87] mVisible=true mFlags= mSideHint=TOP mBoundingRects=null}, InsetsSource: {fb6f0005 mType=mandatorySystemGestures mFrame=[0,0][904,119] mVisible=true mFlags= mSideHint=TOP mBoundingRects=null}, InsetsSource: {fb6f0006 mType=tappableElement mFrame=[0,0][904,87] mVisible=true mFlags= mSideHint=TOP mBoundingRects=null}, InsetsSource: {3 mType=ime mFrame=[0,0][0,0] mVisible=false mFlags= mSideHint=NONE mBoundingRects=null}, InsetsSource: {27 mType=displayCutout mFrame=[0,0][904,87] mVisible=true mFlags= mSideHint=TOP mBoundingRects=null}, InsetsSource: {244a0004 mType=systemGestures mFrame=[0,0][0,0] mVisible=false mFlags= mSideHint=NONE mBoundingRects=null}, InsetsSource: {244a0005 mType=mandatorySystemGestures mFrame=[0,0][0,0] mVisible=false mFlags= mSideHint=NONE mBoundingRects=null}, InsetsSource: {244a0006 mType=tappableElement mFrame=[0,0][0,0] mVisible=false mFlags= mSideHint=NONE mBoundingRects=null}, InsetsSource: {244a0024 mType=systemGestures mFrame=[0,0][0,0] mVisible=false mFlags= mSideHint=NONE mBoundingRects=null} }
03-31 13:39:59.854 I/VRI[MainActivity]@8f6782( 8771): synced displayState. AttachInfo displayState=2
03-31 13:39:59.857 I/VRI[MainActivity]@8f6782( 8771): setView = com.android.internal.policy.DecorView@986ceb IsHRR=false mFlingFrameRateChange=0 TM=true
03-31 13:39:59.857 I/IDS_TAG ( 8771): Clearing training data of com.weejobs.app.MainApplication@5565162
03-31 13:39:59.857 I/IDS_TAG ( 8771): Starting IDS observe window
03-31 13:39:59.857 I/IDS_TAG ( 8771): Getting Shared Preference for com.weejobs.app.MainApplication@5565162 uid = 10789
03-31 13:39:59.858 I/IDS_TAG ( 8771): App com.weejobs.app.MainApplication@5565162 has not finished training
03-31 13:39:59.858 D/HWUI    ( 8771): HWUI - treat SMPTE_170M as sRGB
03-31 13:39:59.858 I/IDS_TAG ( 8771): Closing IDS observe window
03-31 13:39:59.858 I/IDS_TAG ( 8771): Getting Shared Preference for com.weejobs.app.MainApplication@5565162 uid = 10789
03-31 13:39:59.859 I/IDS_TAG ( 8771): IDS count updated to 1 for com.weejobs.app.MainApplication@5565162
03-31 13:39:59.859 D/AnalyticsContainerHandler( 2349): handleMessage : { when=0 what=1 target=com.android.server.knox.KnoxAnalyticsContainer$AnalyticsHandler }
03-31 13:39:59.859 D/AnalyticsContainerHandler( 2349): handleMessage : { when=0 what=2 target=com.android.server.knox.KnoxAnalyticsContainer$AnalyticsHandler }
03-31 13:39:59.861 I/SurfaceFlinger( 1676): RequestedLayer [8bca322 com.weejobs.app/com.weejobs.app.MainActivity#27726] hidden!! flag  from(1) --> to(0)
03-31 13:39:59.862 D/CoreBackPreview( 2349): Window{8bca322 u0 com.weejobs.app/com.weejobs.app.MainActivity}: Setting back callback OnBackInvokedCallbackInfo{mCallback=android.window.IOnBackInvokedCallback$Stub$Proxy@3ca76e9, mPriority=0, mIsAnimationCallback=false, mOverrideBehavior=0}
03-31 13:39:59.862 D/SurfaceComposerClient( 3951): setCornerRadius ## Task=1630#27717 cornerRadius=63.000000
03-31 13:39:59.862 I/WindowManager( 2349): Relayout Window{8bca322 u0 com.weejobs.app/com.weejobs.app.MainActivity}: viewVisibility=0 req=904x2316 ty=1 d0
03-31 13:39:59.862 I/SurfaceFlinger( 1676): id=27727 createSurf, flag=44004, com.weejobs.app/com.weejobs.app.MainActivity$_8771#27727
03-31 13:39:59.864 D/WindowManager( 2349): makeSurface duration=1 name=com.weejobs.app/com.weejobs.app.MainActivity$_8771
03-31 13:39:59.864 D/SurfaceComposerClient( 2349): setCornerRadius ## 3f1c8ec Splash Screen com.weejobs.app#27719 cornerRadius=0.000000
03-31 13:39:59.864 D/SurfaceComposerClient( 2349): setCornerRadius ## 8bca322 com.weejobs.app/com.weejobs.app.MainActivity#27726 cornerRadius=0.000000
03-31 13:39:59.864 D/SurfaceComposerClient( 2349): setCornerRadius ## 3f1c8ec Splash Screen com.weejobs.app#27719 cornerRadius=0.000000
03-31 13:39:59.864 D/SurfaceComposerClient( 2349): setCornerRadius ## 8bca322 com.weejobs.app/com.weejobs.app.MainActivity#27726 cornerRadius=0.000000
03-31 13:39:59.865 D/WindowManager( 2349): Changing focus from null to Window{8bca322 u0 com.weejobs.app/com.weejobs.app.MainActivity} displayId=0 Callers=com.android.server.wm.WindowManagerService.relayoutWindow:1411 com.android.server.wm.Session.relayout:27 android.view.IWindowSession$Stub.onTransact:829 com.android.server.wm.Session.onTransact:1 
03-31 13:39:59.865 I/WindowManager( 2349): Cancelling animation restarting=true, leash=Surface(name=Surface(name=630de79 TaskbarWindow)/@0xe72b262 - animation-leash of insets_animation)/@0x3ae9cf1
03-31 13:39:59.865 I/WindowManager( 2349): Reparenting to original parent: Surface(name=WindowToken{aae3b1 type=2024 android.os.BinderProxy@ce8ff88})/@0x2fbfff3, destroy=false, surface=Surface(name=630de79 TaskbarWindow)/@0xe72b262
03-31 13:39:59.865 I/WindowManager( 2349): Reparenting to leash, surface=Surface(name=630de79 TaskbarWindow)/@0xe72b262, leashParent=Surface(name=WindowToken{aae3b1 type=2024 android.os.BinderProxy@ce8ff88})/@0x2fbfff3
