03-31 13:43:17.316 E/unknown:ReactNative(10133): _throw@1:2281353
03-31 13:43:17.316 I/HYPER-HAL( 1561): [RequestManager.cpp]acquire(): Acquired ID : 2842955  [2349 / 35]    HINT : AMS_ACT_LAZY    list : 
03-31 13:43:17.316 I/WallpaperService( 3951): reportVisibility: visibility changed. visible=false
03-31 13:43:17.316 I/ImageWallpaper_17[Image]( 3951):  onVisibilityChanged: visible=false , displayId=0
03-31 13:43:17.317 D/DARUtil ( 2349): Device owner status not updated yet...
03-31 13:43:17.317 D/DARUtil ( 2349): Not an enterprise user : 0
03-31 13:43:17.317 D/SurfaceComposerClient( 2349): setCornerRadius ## 55a24a3 Splash Screen com.weejobs.app#27758 cornerRadius=0.000000
03-31 13:43:17.317 D/SurfaceComposerClient( 2349): setCornerRadius ## 68ddaab com.weejobs.app/com.weejobs.app.MainActivity#27765 cornerRadius=0.000000
03-31 13:43:17.317 I/HYPER-HAL( 1561): [RequestManager.cpp]releaseLocked(): Released ID : 2812028
03-31 13:43:17.317 D/FreecessController( 2349): BG freezed, skip OLAF unfreeze for (com.samsung.android.game.gamehome, 10075)
03-31 13:43:17.318 D/DARUtil ( 2349): Device owner status not updated yet...
03-31 13:43:17.318 D/DARUtil ( 2349): Not an enterprise user : 0
03-31 13:43:17.318 D/SyntheticPasswordManager.SDP( 2349): Inside fromBytes() - result.pinLength : -1
03-31 13:43:17.318 D/SyntheticPasswordManager.SDP( 2349): 1. result.secureMode : 0
03-31 13:43:17.318 D/WindowManager( 2349): finishDrawingWindow: Window{68ddaab u0 com.weejobs.app/com.weejobs.app.MainActivity} mDrawState=DRAW_PENDING seqId=0
03-31 13:43:17.319 I/SurfaceFlinger( 1676): RequestedLayer [Task=1#68] hidden!! flag  from(0) --> to(1)
03-31 13:43:17.319 I/SurfaceFlinger( 1676): [Display 0 name="Built-in Screen"#50] setFrameRateCategory: Default
03-31 13:43:17.319 I/SurfaceFlinger( 1676): [LayerHierarchy{RequestedLayerState{Task=1#68 parentId=11} 2 children}] reparent to LayerHierarchy{RequestedLayerState{DefaultTaskDisplayArea_d0#11 parentId=10} 12 children}
03-31 13:43:17.319 I/SurfaceFlinger( 1676): [LayerHierarchy{RequestedLayerState{WallpaperWindowToken{fb2395 showWhenLocked=false}#98 parentId=9 z=3} 1 children}] reparent to LayerHierarchy{RequestedLayerState{Leaf:1:1#9 parentId=8} 4 children}
03-31 13:43:17.319 I/SurfaceFlinger( 1676): [LayerHierarchy{RequestedLayerState{Task=1631#27756 parentId=11 z=9} 1 children}] reparent to LayerHierarchy{RequestedLayerState{DefaultTaskDisplayArea_d0#11 parentId=10} 13 children}
03-31 13:43:17.319 I/SurfaceFlinger( 1676): [LayerHierarchy{RequestedLayerState{Transition Root: Task=1631#27760 z=9} no children}] reparent to OffscreenRoot
03-31 13:43:17.319 I/SurfaceFlinger( 1676): [LayerHierarchy{RequestedLayerState{Transition Root: Task=1631#27760 z=9} no children}] RelativeParent to null
03-31 13:43:17.320 I/SurfaceFlinger( 1676): id=27760 Removed Transition Root: Task=1631#27760 (192)
03-31 13:43:17.321 D/SurfaceFlinger( 1676): Display 4630946213010294403 HWC layers:
03-31 13:43:17.321 D/SurfaceFlinger( 1676):        DEVICE |           16969415812112 | 00000100 | RGBA_8888    |    0.0    0.0  904.0 2316.0 |    0    0  904 2316 | Wallpaper BBQ wrapper 17_system#128 (34)
03-31 13:43:17.321 D/SurfaceFlinger( 1676):        DEVICE |           16969415813487 | 00002100 | RGBA_8888    |    0.0    0.0  904.0 2316.0 |    0    0  904 2316 | Splash Screen com.weejobs.app$_3951#27759 (1)
03-31 13:43:17.321 D/SurfaceFlinger( 1676):        DEVICE |           16969415813161 | 00002100 | RGBA_8888    |    0.0    0.0  904.0   87.0 |    0    0  904   87 | StatusBar$_3951#122 (97768)
03-31 13:43:17.321 D/SurfaceFlinger( 1676):        DEVICE |           18365280161808 | 00002100 | RGBA_8888    |    0.0    0.0   67.0  451.0 |    0  493   67  944 | com.sec.android.app.launcher/com.sam[...]l.app.CocktailBarService$_4276#27160 (1)
03-31 13:43:17.321 D/SurfaceFlinger( 1676):        DEVICE |           16969415813211 | 00002100 | RGBA_8888    |    0.0    0.0  904.0  126.0 |    0 2190  904 2316 | NavigationBar0$_3951#118 (28350)
03-31 13:43:17.321 D/SurfaceFlinger( 1676): 
03-31 13:43:17.321 D/SurfaceComposerClient( 2349): setCornerRadius ## 55a24a3 Splash Screen com.weejobs.app#27758 cornerRadius=0.000000
03-31 13:43:17.321 D/SurfaceComposerClient( 2349): setCornerRadius ## 68ddaab com.weejobs.app/com.weejobs.app.MainActivity#27765 cornerRadius=0.000000
03-31 13:43:17.322 D/SurfaceComposerClient( 2349): setCornerRadius ## 55a24a3 Splash Screen com.weejobs.app#27758 cornerRadius=0.000000
03-31 13:43:17.322 V/WindowManager( 2349): Finish starting ActivityRecord{137594220 u0 com.weejobs.app/.MainActivity t1631}: first real window is shown, no animation
03-31 13:43:17.322 V/WindowManager( 2349): performShowLocked: mDrawState=HAS_DRAWN in Window{68ddaab u0 com.weejobs.app/com.weejobs.app.MainActivity}
03-31 13:43:17.322 D/SurfaceComposerClient( 2349): setCornerRadius ## 68ddaab com.weejobs.app/com.weejobs.app.MainActivity#27765 cornerRadius=0.000000
03-31 13:43:17.323 D/SurfaceComposerClient( 2349): setCornerRadius ## 55a24a3 Splash Screen com.weejobs.app#27758 cornerRadius=0.000000
03-31 13:43:17.323 D/SurfaceComposerClient( 2349): setCornerRadius ## 68ddaab com.weejobs.app/com.weejobs.app.MainActivity#27765 cornerRadius=0.000000
03-31 13:43:17.323 D/SurfaceComposerClient( 2349): setCornerRadius ## 55a24a3 Splash Screen com.weejobs.app#27758 cornerRadius=0.000000
03-31 13:43:17.323 D/SurfaceComposerClient( 2349): setCornerRadius ## 68ddaab com.weejobs.app/com.weejobs.app.MainActivity#27765 cornerRadius=0.000000
03-31 13:43:17.324 I/WindowManager( 2349): Relayout Window{a4b6524 u0 com.sec.android.app.launcher/com.sec.android.app.launcher.activities.LauncherActivity}: viewVisibility=8 req=904x2316 ty=1 d0
03-31 13:43:17.324 D/SurfaceComposerClient( 2349): setCornerRadius ## 55a24a3 Splash Screen com.weejobs.app#27758 cornerRadius=0.000000
03-31 13:43:17.325 D/SurfaceComposerClient( 2349): setCornerRadius ## 68ddaab com.weejobs.app/com.weejobs.app.MainActivity#27765 cornerRadius=0.000000
03-31 13:43:17.325 D/SurfaceComposerClient( 2349): setCornerRadius ## 55a24a3 Splash Screen com.weejobs.app#27758 cornerRadius=0.000000
03-31 13:43:17.325 D/SurfaceComposerClient( 2349): setCornerRadius ## 68ddaab com.weejobs.app/com.weejobs.app.MainActivity#27765 cornerRadius=0.000000
03-31 13:43:17.326 I/WindowManager( 2349): Relayout hash=a4b6524, pid=4276, syncId=-1: mAttrs={(0,0)(fillxfill) sim={adjust=nothing forwardNavigation} layoutInDisplayCutoutMode=always ty=BASE_APPLICATION fmt=TRANSPARENT wanim=0x1030306
03-31 13:43:17.326 I/WindowManager( 2349):   fl=81910100
03-31 13:43:17.326 I/WindowManager( 2349):   pfl=10008840
03-31 13:43:17.326 I/WindowManager( 2349):   bhv=2
03-31 13:43:17.326 I/WindowManager( 2349):   fitSides=0
03-31 13:43:17.326 I/WindowManager( 2349):   frameRateBoostOnTouch=true
03-31 13:43:17.326 I/WindowManager( 2349):   dvrrWindowFrameRateHint=true screenDimDuration=200000 naviIconColor=0}
03-31 13:43:17.327 I/VRI[LauncherActivity]@db31459( 4276): Relayout returned: old=(0,0,904,2316) new=(0,0,904,2316) relayoutAsync=false req=(904,2316)8 dur=4 res=0x2 s={false 0x0} ch=true seqId=0
03-31 13:43:17.327 I/SurfaceFlinger( 1676): RequestedLayer [com.weejobs.app/com.weejobs.app.MainActivity$_10133#27766] hidden!! flag  from(1) --> to(0)
03-31 13:43:17.327 I/SurfaceFlinger( 1676): RequestedLayer [com.sec.android.app.launcher/com.sec[...]ivities.LauncherActivity$_4276#27733] hidden!! flag  from(0) --> to(1)
03-31 13:43:17.327 I/SurfaceFlinger( 1676): RequestedLayer [com.android.systemui.wallpapers.ImageWallpaper$_3951#127] hidden!! flag  from(0) --> to(1)
03-31 13:43:17.327 I/SurfaceFlinger( 1676): RequestedLayer [WallpaperWindowToken{fb2395 showWhenLocked=false}#98] hidden!! flag  from(0) --> to(1)
03-31 13:43:17.327 I/SurfaceFlinger( 1676): RequestedLayer [ActivityRecord{102437058 u0 com.sec.[...]tivities.LauncherActivity t1407}#190] hidden!! flag  from(0) --> to(1)
03-31 13:43:17.327 I/SurfaceFlinger( 1676): RequestedLayer [Task=1407#189] hidden!! flag  from(0) --> to(1)
03-31 13:43:17.327 I/SurfaceFlinger( 1676): destroyed Transition Root: Task=1631#27760 form LifecycleManager
03-31 13:43:17.327 I/SurfaceFlinger( 1676): id=27760 onLayerDestroyed from LayerHierarchyBuilder(RequestedLayerState{Transition Root: Task=1631#27760 !handle z=9})
03-31 13:43:17.328 I/Layer   ( 1676): id=27760 Destroyed Transition Root: Task=1631#27760
03-31 13:43:17.329 D/SurfaceFlinger( 1676): Display 4630946213010294403 HWC layers:
03-31 13:43:17.329 D/SurfaceFlinger( 1676):        DEVICE |           43520903610371 | 00002102 | RGBA_8888    |    0.0    0.0  904.0 2316.0 |    0    0  904 2316 | com.weejobs.app/com.weejobs.app.MainActivity$_10133#27766 (1)
03-31 13:43:17.329 D/SurfaceFlinger( 1676):        DEVICE |           16969415813487 | 00002100 | RGBA_8888    |    0.0    0.0  904.0 2316.0 |    0    0  904 2316 | Splash Screen com.weejobs.app$_3951#27759 (1)
03-31 13:43:17.329 D/SurfaceFlinger( 1676):        DEVICE |           16969415813161 | 00002100 | RGBA_8888    |    0.0    0.0  904.0   87.0 |    0    0  904   87 | StatusBar$_3951#122 (97768)
03-31 13:43:17.329 D/SurfaceFlinger( 1676):        DEVICE |           18365280161808 | 00002100 | RGBA_8888    |    0.0    0.0   67.0  451.0 |    0  493   67  944 | com.sec.android.app.launcher/com.sam[...]l.app.CocktailBarService$_4276#27160 (1)
03-31 13:43:17.329 D/SurfaceFlinger( 1676):        DEVICE |           16969415813209 | 00002100 | RGBA_8888    |    0.0    0.0  904.0  126.0 |    0 2190  904 2316 | NavigationBar0$_3951#118 (28351)
03-31 13:43:17.329 D/SurfaceFlinger( 1676): 
03-31 13:43:17.330 I/SearchHoneyPot( 4276): onViewCreated: onStop
03-31 13:43:17.330 I/HoneySpace.ContentsAnimator( 4276): end call
03-31 13:43:17.330 I/HoneySpace.BlurAnimator( 4276): end
03-31 13:43:17.330 I/HoneySpace.BlurAnimator( 4276): reset
03-31 13:43:17.331 I/VRI[LauncherActivity]@db31459( 4276): stopped(true) old = false
03-31 13:43:17.331 I/HoneySpace.Launcher( 4276): !@Boot_EBS_D: Launcher.onStop()
03-31 13:43:17.331 I/AutofillManager( 4276): onInvisibleForAutofill(): expiringResponse
03-31 13:43:17.331 I/HoneySpace.OneUiSpace( 4276): onSaveInstanceState honeyScreen=d3.M@9001ed5
03-31 13:43:17.332 I/ActivityManager( 2349): Changes in 10140 2 to 5, 255 to 184
03-31 13:43:17.333 I/HoneySpace.EdgePanel.EdgeVisibilityRepository( 4276): getComputedTrayVisible : keyguardState = 1
03-31 13:43:17.333 I/HoneySpace.EdgePanel.EdgeVisibilityRepository( 4276): updateTrayVisible: State = 0x1, visible = true, current containerState = 0, specificMode = 0
03-31 13:43:17.333 I/HoneySpace.EdgePanel.EdgeVisibilityRepository( 4276): Same container state 0
03-31 13:43:17.333 I/HoneySpace.Memory-Monitor( 4276): scheduleTrim delayTime=30000
03-31 13:43:17.334 D/AutofillSession( 2349): updateLocked(null): Set the response has expired.
03-31 13:43:17.334 W/PresentationStatsEventLogger( 2349): Shouldn't be logging AutofillPresentationEventReported again for same event
03-31 13:43:17.334 I/HoneySpace.HoneyAppWidgetHost( 4276): stopListening, host: @bdaec3b, hostId: 1025
03-31 13:43:17.334 I/AppWidgetServiceImpl( 2349): stopListening callbacks : null
03-31 13:43:17.337 D/PowerManagerService( 2349): [api] setScreenDimDurationOverrideFromWindowManagerInternal: timeoutMillis: -1
03-31 13:43:17.338 V/OsAgent ( 5266): broadcastSystemEvent - 7
03-31 13:43:17.338 V/OsAgent ( 5266): broadcastSystemEvent - 7
03-31 13:43:17.338 D/PowerManagerService( 2349): UserActivityState : 2 -> 1 groupId=0
03-31 13:43:17.338 I/CameraService( 1946): onUidStateChanged: uid=10241, procState is changed. (3 -> 5)
03-31 13:43:17.338 D/SurfaceComposerClient( 2349): setCornerRadius ## 55a24a3 Splash Screen com.weejobs.app#27758 cornerRadius=0.000000
03-31 13:43:17.338 D/SurfaceComposerClient( 2349): setCornerRadius ## 68ddaab com.weejobs.app/com.weejobs.app.MainActivity#27765 cornerRadius=0.000000
03-31 13:43:17.340 D/PowerManagerService( 2349): displayReady: false groupId=0
03-31 13:43:17.340 D/DisplayPowerController[0]( 2349): animateScreenStateChange: target=ON, mIsEnabled=true
03-31 13:43:17.340 W/DisplayPowerController[0]( 2349): Animating brightness: target=121(0.47), rate=2.000, reason=automatic[121]
03-31 13:43:17.340 E/WindowManager( 2349): win=Window{a4b6524 u0 com.sec.android.app.launcher/com.sec.android.app.launcher.activities.LauncherActivity} destroySurfaces: appStopped=true cleanupOnResume=false win.mWindowRemovalAllowed=false win.mRemoveOnExit=false win.mViewVisibility=8 caller=com.android.server.wm.ActivityRecord.destroySurfaces:25 com.android.server.wm.ActivityRecord.activityStopped:192 com.android.server.wm.ActivityClientController.activityStopped:97 android.app.IActivityClientController$Stub.onTransact:740 com.android.server.wm.ActivityClientController.onTransact:1 android.os.Binder.execTransactInternal:1462 android.os.Binder.execTransact:1401 
03-31 13:43:17.340 D/DisplayManagerService( 2349): handleBrightnessAnimation: started=true
03-31 13:43:17.341 I/RefreshRateTokenController( 2349): Adding refreshRateToken={ RefreshRateToken[->PassiveModeToken:BrightnessAnim, acquire at 479099747 (now)}, caller=com.android.server.display.mode.RefreshRateController.createPassiveModeToken:33 com.android.server.display.DisplayManagerService$$ExternalSyntheticLambda1.accept:365 com.android.server.display.DisplayPowerController.animateScreenBrightness:263 com.android.server.display.DisplayPowerController.updatePowerStateInternal:2573 com.android.server.display.DisplayPowerController.updatePowerState:9 
03-31 13:43:17.341 D/TaskOrganizerController( 2349): applyStartingWindowAnimation, window=Window{55a24a3 u0 Splash Screen com.weejobs.app}, caller=com.android.server.wm.ActivityRecord.onCopySplashScreenFinish:40 com.android.server.wm.ActivityTaskManagerService.onSplashScreenViewCopyFinished:41 android.app.IActivityTaskManager$Stub.onTransact:2644 
03-31 13:43:17.341 I/WindowManager( 2349): Reparenting to leash, surface=Surface(name=55a24a3 Splash Screen com.weejobs.app)/@0xe56cc3b, leashParent=Surface(name=ActivityRecord{137594220 u0 com.weejobs.app/.MainActivity t1631})/@0xdd11f58
03-31 13:43:17.341 I/SurfaceFlinger( 1676): id=27770 createSurf, flag=24000, Surface(name=55a24a3 Splash Screen com.weejobs.app)/@0xe56cc3b - animation-leash of starting_reveal#27770
03-31 13:43:17.341 D/AdaptiveBrightnessLongtermModelBuilder[0]( 2349): notifyBrightnessChanged(brightness=190.330002, userInitiated=false)
03-31 13:43:17.341 D/DisplayPowerController[0]( 2349): saveBrightnessInfo: brt:0.4745098 adjBrt:0.4745098 min:0.0 max:1.0 hbm:0 tp:1.0 throttler:0 isAnimating:true
03-31 13:43:17.341 V/DisplayPowerController[0]( 2349): Brightness [0.4745098] reason changing to: 'automatic', previous reason: 'automatic [ dim ]'.
03-31 13:43:17.341 I/DisplayPowerController[0]( 2349): BrightnessEvent: brt=0.4745098 (86.0%), nits= 190.33, lux=268.0, reason=automatic, strat=AutomaticBrightnessStrategy, state=ON, stateReason=KEY, policy=BRIGHT, flags=, initBrt=0.047058824, rcmdBrt=0.4745098, preBrt=NaN, preLux=269.06552, wasShortTermModelActive=false, autoBrightness=true (default), unclampedBrt=0.4745098, hbmMax=1.0, hbmMode=off, thrmMax=1.0, rbcStrength=-1, powerFactor=1.0, physDisp=Built-in Screen(local:4630946213010294403), logicalId=0, slowChange=false, rampSpeed=2.0
03-31 13:43:17.342 D/DisplayPowerController[1]( 2349): animateScreenStateChange: target=OFF, mIsEnabled=false
03-31 13:43:17.342 I/DisplayPowerController[1]( 2349): BrightnessEvent: brt=0.0 (0.0%), nits= 1.0, lux=-1.0, reason=screen_off, strat=ScreenOffBrightnessStrategy, state=OFF, stateReason=KEY, policy=BRIGHT, flags=, initBrt=0.0, rcmdBrt=NaN, preBrt=NaN, preLux=0.0, wasShortTermModelActive=false, autoBrightness=true (default), unclampedBrt=0.0, hbmMax=1.0, hbmMode=off, thrmMax=1.0, rbcStrength=-1, powerFactor=1.0, physDisp=Built-in Screen(local:4630946474867211650), logicalId=1, slowChange=false, rampSpeed=0.0
03-31 13:43:17.342 D/[secipm]( 2349): mSecIpmManager report to nap
03-31 13:43:17.342 I/PkgPredictorService-SecIpmManagerServiceImpl( 2349): reportToNAP uid:10789 com.weejobs.app/com.weejobs.app.MainActivity thisTime:445
03-31 13:43:17.342 D/PkgPredictorService-SecIpmManagerServiceImpl( 2349): reportToNAP: mHeavyLaunchCounter is false
03-31 13:43:17.342 D/PowerManagerService( 2349): displayReady: true groupId=0
03-31 13:43:17.343 D/WindowManager( 2349): makeSurface duration=2 leash=Surface(name=Surface(name=55a24a3 Splash Screen com.weejobs.app)/@0xe56cc3b - animation-leash of starting_reveal)/@0x62487b3
03-31 13:43:17.343 I/ActivityTaskManager( 2349): Displayed com.weejobs.app/.MainActivity for user 0: +445ms
03-31 13:43:17.343 I/Pageboost( 2349): Launch time gathered : pid 10133 com.weejobs.app 445
03-31 13:43:17.343 D/AdaptiveBrightnessLongtermModelBuilder[0]( 2349): handleBrightnessChanged: brightness: 190.33 userInitiated: false
03-31 13:43:17.343 D/AdaptiveBrightnessLongtermModelBuilder[0]( 2349): updateAdaptiveBrightnessStats: l:268.0 b:190.33 u: false
03-31 13:43:17.343 E/pageboostd( 4762): Received HALT command code 2
03-31 13:43:17.344 I/SurfaceFlinger( 1676): [LayerHierarchy{RequestedLayerState{com.sec.android.app.launcher/com.sec.android.app.launcher.activities.LauncherActivity$_4276#27733} no children}] reparent to OffscreenRoot
03-31 13:43:17.344 I/SurfaceFlinger( 1676): [LayerHierarchy{RequestedLayerState{com.sec.android.app.launcher/com.sec.android.app.launcher.activities.LauncherActivity$_4276#27733} no children}] RelativeParent to null
03-31 13:43:17.344 I/SurfaceFlinger( 1676): [Surface(name=55a24a3 Splash Screen com.weejobs.app)/@0xe56cc3b - animation-leash of starting_reveal#27770] attach to parent LayerHierarchy{RequestedLayerState{ActivityRecord{137594220 u0 com.weejobs.app/.MainActivity t1631}#27757 parentId=27756} 4 children}
03-31 13:43:17.344 I/SurfaceFlinger( 1676): id=27733 Removed com.sec.android.app.launcher/com.sec.android.app.launcher.activities.LauncherActivity$_4276#27733 (192)
03-31 13:43:17.345 D/HdrSolution_HdrDisplayNitMapper( 2349): updataTargetNit--------------mLightSensorData: 1.0, scaleRatio: 16.04, target: 12.47->200
03-31 13:43:17.345 D/InputDispatcher( 2349): Focus entered window (0): 68ddaab com.weejobs.app/com.weejobs.app.MainActivity
03-31 13:43:17.346 D/VRI[MainActivity]@6e5cec9(10133): mThreadedRenderer.initializeIfNeeded()#2 mSurface={isValid=true 0xb400006ee396b370}
03-31 13:43:17.348 I/btyz    (18463): onStop
03-31 13:43:17.348 D/BBA2    ( 2349): updateWindowVisible for pid : 10133, visible : 1
03-31 13:43:17.351 I/SehLight( 1562): sub_lcd : 14+
03-31 13:43:17.351 D/SGM:GameManager( 2349): identifyForegroundApp. com.weejobs.app, mCurrentUserId: 0, callerUserId: 0
03-31 13:43:17.351 D/SGM:SemGameManager( 2349): isForegroundGame(), ret=false
03-31 13:43:17.351 D/InputMethodManagerUtils(10133): startInputInner - Id : 0
03-31 13:43:17.351 I/InputMethodManager(10133): startInputInner - IInputMethodManagerGlobalInvoker.startInputOrWindowGainedFocus
03-31 13:43:17.351 I/SSC_DAEMON( 1654): physical_sensor_test_req_msg Sensor type :6, Msg type:11
03-31 13:43:17.352 I/SehLight( 1562): sub_lcd : 14-
03-31 13:43:17.352 I/SurfaceFlinger( 1676): [Display 0 name="Built-in Screen"#50] setFrameRateCategory: High
03-31 13:43:17.352 I/SurfaceFlinger( 1676): destroyed com.sec.android.app.launcher/com.sec.android.app.launcher.activities.LauncherActivity$_4276#27733 form LifecycleManager
03-31 13:43:17.352 I/SurfaceFlinger( 1676): [LayerHierarchy{RequestedLayerState{55a24a3 Splash Screen com.weejobs.app#27758 parentId=27770 z=2147483647} 1 children}] reparent to LayerHierarchy{RequestedLayerState{Surface(name=55a24a3 Splash Screen com.weejobs.app)/@0xe56cc3b - animation-leash of starting_reveal#27770 parentId=27757} 1 children}
03-31 13:43:17.352 I/SurfaceFlinger( 1676): id=27733 onLayerDestroyed from LayerHierarchyBuilder(RequestedLayerState{com.sec.android.app.launcher/com.sec.android.app.launcher.activities.LauncherActivity$_4276#27733 !handle})
03-31 13:43:17.352 D/BatteryDump( 1545): wait_for_battery_event : occurred : change@/devices/platform/soc/ae00000.qcom,mdss_mdp/backlight/panel1-backlight 
03-31 13:43:17.353 I/Layer   ( 1676): id=27733 Destroyed com.sec.android.app.launcher/com.sec.android.app.launcher.activities.LauncherActivity$_4276#27733
03-31 13:43:17.355 I/SSC_DAEMON( 1654): light_msg(6/11): br 14 (lux 252,idx 1) - 0,1,1
03-31 13:43:17.355 D/PkgPredictorService-SecIpmManagerServiceImpl( 2349): bg information pid:4276 uid:10140 pkgName:com.sec.android.app.launcher
03-31 13:43:17.355 D/SGM:GameManager( 2349): identifyForegroundApp. com.weejobs.app, mCurrentUserId: 0, callerUserId: 0
03-31 13:43:17.355 D/SGM:SemGameManager( 2349): isForegroundGame(), ret=false
03-31 13:43:17.356 I/DisplayDeviceRepository( 2349): Display device changed render timings: "Built-in Screen", renderFrameRate=120.00001, presentationDeadlineNanos=9233333, appVsyncOffsetNanos=8333333, frameRateOverrides=[{uid=10039 frameRateHz=120.00001}, {uid=10140 frameRateHz=120.00001}, {uid=10789 frameRateHz=120.00001}]
03-31 13:43:17.356 I/WALLPAPER_SVC:SemWallpaperManagerService( 2349): isHomeActivityVisible : false 
03-31 13:43:17.356 D/WALLPAPER_SVC:WallpaperData( 2349): getWallpaperFile: file = /data/system/users/0/wallpaper_sub_display_orig 
03-31 13:43:17.356 D/WALLPAPER_SVC:WallpaperData( 2349): getWallpaperFile: file = /data/system/users/0/wallpaper_sub_display_orig 
03-31 13:43:17.357 D/WALLPAPER_SVC:WallpaperManagerService( 2349): dispatchHomeVisibilityChanged: visible = false, connection = com.android.server.wallpaper.WallpaperManagerService$WallpaperConnection@56040ef, systemWallpaper = WallpaperData@9da020d, id: 33, which: 17, file mod: 1771397633569, info: null, engine(s): Proxy@af9b8dc, type = 0, userId = 0, uri= null, allowBackup= true, wallpaperComponent = ComponentInfo{com.android.systemui/com.android.systemui.wallpapers.ImageWallpaper}, nextWallpaperComponent = ComponentInfo{com.android.systemui/com.android.systemui.wallpapers.ImageWallpaper} 
03-31 13:43:17.360 D/SGM:FgCheckThread( 2349): getForegroundApp(), foregroundPkgName=com.weejobs.app
03-31 13:43:17.360 D/SGM:FgCheckThread( 2349): pkgName: com.sec.android.app.launcher is not in foreground
03-31 13:43:17.361 D/SGM:FgCheckThread( 2349): noteStopComponent(), received pkgName: com.sec.android.app.launcher, focusedPkgName: com.weejobs.app, userId: 0
03-31 13:43:17.361 I/SAMSUNGWALLET(19454): [Hint_ProcessStatusChange] fg Change, pid : 10133 , isNotify : true , isForeground : true , fg list : [4276, 10133]
03-31 13:43:17.361 I/SAMSUNGWALLET(19454): [Hint_ProcessStatusChange] fg Change, pid : 4276 , isNotify : true , isForeground : false , fg list : []
03-31 13:43:17.362 I/DisplayDeviceRepository( 2349): Display device same: DisplayDeviceInfo{"Built-in Screen": uniqueId="local:4630946213010294403", 904 x 2316, modeId 8, renderFrameRate 120.00001, hasArrSupport false, frameRateCategoryRate FrameRateCategoryRate {normal=60.0, high=90.0}, supportedRefreshRates [120.00001, 96.00001, 60.000004, 48.000004, 30.000002, 24.000002, 10.0], defaultModeId 8, userPreferredModeId -1, supportedModes [{id=8, width=904, height=2316, fps=120.00001, vsync=120.00001, synthetic=false, alternativeRefreshRates=[10.0, 24.000002, 30.000002, 48.000004, 60.000004, 96.00001], supportedHdrTypes=[2, 3, 4]}, {id=9, width=904, height=2316, fps=96.00001, vsync=96.00001, synthetic=false, alternativeRefreshRates=[10.0, 24.000002, 30.000002, 48.000004, 60.000004, 120.00001], supportedHdrTypes=[2, 3, 4]}, {id=10, width=904, height=2316, fps=60.000004, vsync=60.000004, synthetic=false, alternativeRefreshRates=[10.0, 24.000002, 30.000002, 48.000004, 96.00001, 120.00001], supportedHdrTypes=[2, 3, 4]}, {id=11, width=904, height=2316, fps=48.000004, vsync=48.000004, synthetic=false, alternativeRefreshRates=[10.0, 24.000002, 30.000002, 60.000004, 96.00001, 120.00001], supportedHdrTypes=[2, 3, 4]}, {id=12, width=904, height=2316, fps=30.000002, vsync=30.000002, synthetic=false, alternativeRefreshRates=[10.0, 24.000002, 48.000004, 60.000004, 96.00001, 120.00001], supportedHdrTypes=[2, 3, 4]}, {id=13, width=904, height=2316, fps=24.000002, vsync=24.000002, synthetic=false, alternativeRefreshRates=[10.0, 30.000002, 48.000004, 60.000004, 96.00001, 120.00001], supportedHdrTypes=[2, 3, 4]}, {id=14, width=904, height=2316, fps=10.0, vsync=10.0, synthetic=false, alternativeRefreshRates=[24.000002, 30.000002, 48.000004, 60.000004, 96.00001, 120.00001], supportedHdrTypes=[2, 3, 4]}], colorMode 0, supportedColorModes [0, 7, 9], hdrCapabilities HdrCapabilities{mSupportedHdrTypes=[2, 3, 4], mMaxLuminance=450.0, mMaxAverageLuminance=225.00024, mMinLuminance=5.0E-4}, isForceSdr false, allmSupported false, gameContentTypeSupported false, density 420, 402.835 x 402.92 dpi, appVsyncOff 8333333, presDeadline 9233333, cutout DisplayCutout{insets=Rect(0, 87 - 0, 0) waterfall=Insets{left=0, top=0, right=0, bottom=0} boundingRect={Bounds=[Rect(0, 0 - 0, 0), Rect(418, 0 - 486, 87), Rect(0, 0 - 0, 0), Rect(0, 0 - 0, 0)]} cutoutPathParserInfo={CutoutPathParserInfo{displayWidth=904 displayHeight=2316 physicalDisplayWidth=904 physicalDisplayHeight=2316 density={2.625} cutoutSpec={M 0,0 H -12.95238095238095 V 33.14285714285714 H 12.95238095238095 V 0 H 0 Z @dp} rotation={0} scale={1.0} physicalPixelDisplaySizeRatio={1.0}}} sideOverrides={}}, touch INTERNAL, rotation 0, type INTERNAL, address {port=131, model=0x40446d0b806b46}, deviceProductInfo DeviceProductInfo{name=, manufacturerPnpId=QCM, productId=1, modelYear=null, manufactureDate=ManufactureDate{week=27, year=2006}, connectionToSinkType=1}, state ON, committedState ON, frameRateOverride {uid=10039 frameRateHz=120.00001} {uid=10140 frameRateHz=120.00001} {uid=10789 frameRateHz=120.00001} , brightnessMinimum 0.0, brightnessMaximum 2.0, brightnessDefault 0.5019608, brightnessDim 0.047058824, hdrSdrRatio NaN, roundedCorners RoundedCorners{[RoundedCorner{position=TopLeft, radius=68, center=Point(68, 68)}, RoundedCorner{position=TopRight, radius=68, center=Point(836, 68)}, RoundedCorner{position=BottomRight, radius=68, center=Point(836, 2248)}, RoundedCorner{position=BottomLeft, radius=68, center=Point(68, 2248)}]}, FLAG_ALLOWED_TO_BE_DEFAULT_DISPLAY, FLAG_ROTATES_WITH_CONTENT, FLAG_SECURE, FLAG_SUPPORTS_PROTECTED_BUFFERS, FLAG_PRESENTATION, FLAG_OWN_CONTENT_ONLY, FLAG_TRUSTED, FLAG_EXTRA_BUILT_IN_DISPLAY, installOrientation 0, displayShape DisplayShape{ spec=-311912193 displayWidth=904 displayHeight=2316 physicalPixelDisplaySizeRatio=1.0 rotation=0 offsetX=0 offsetY=0 scale=1.0}}
03-31 13:43:17.364 I/SAMSUNGWALLET(19454): [Hint_ProcessStatusChange] fg Change, pid : 10133 , isNotify : false , isForeground : true , fg list : []
03-31 13:43:17.364 V/InputMethodManagerService( 2349): startInputOrWindowGainedFocusInternalLocked: reason=WINDOW_FOCUS_GAIN client=android.os.BinderProxy@6d3848f inputContext=null editorInfo=android.view.inputmethod.EditorInfo@4274d5d startInputFlags=VIEW_HAS_FOCUS|INITIAL_CONNECTION softInputMode=STATE_UNSPECIFIED|ADJUST_RESIZE|IS_FORWARD_NAVIGATION windowFlags=#81810100 unverifiedTargetSdkVersion=36 bindingController=com.android.server.inputmethod.InputMethodBindingController@ef4770a imeDispatcher=android.window.ImeOnBackInvokedDispatcher@13c76d2 cs=ClientState{b5ec3a3 mUid=10789 mPid=10133 mSelfReportedDisplayId=0} imeRequestedVisible=false
03-31 13:43:17.364 V/InputMethodManagerService( 2349): setWindowStateInner, windowToken=android.os.BinderProxy@9bce4fa, state=ImeTargetWindowState{ imeToken null imeFocusChanged true hasEditorFocused false requestedImeVisible false imeDisplayId 0 softInputModeState STATE_UNSPECIFIED|ADJUST_RESIZE|IS_FORWARD_NAVIGATION isStartInputByGainFocus true}
03-31 13:43:17.364 V/InputMethodManagerService( 2349): Unspecified window will hide input
03-31 13:43:17.364 D/SecBrightnessController( 3951): updateSlider() - BrightnessDialog resetTimer()
03-31 13:43:17.364 I/ImeTracker( 2349): com.weejobs.app:917cde51: onRequestHide at ORIGIN_SERVER reason HIDE_UNSPECIFIED_WINDOW fromUser false
03-31 13:43:17.364 V/InputMethodManagerService( 2349): applyImeVisibility state=6
03-31 13:43:17.364 D/SecBrightnessController( 3951): updateSlider() - BrightnessDialog resetTimer()
03-31 13:43:17.364 D/SemInputMethodManagerServiceUtil( 2349): restorePreviousUsedInputMethod : failed to return the previous ime becuase the stored info is null or do not need restore
03-31 13:43:17.365 V/InputMethodManagerService( 2349): semComputeImeDisplayIdForTarget: displayToShowIme=0
03-31 13:43:17.365 V/InputMethodManagerService( 2349): unbindCurrentInputLocked: client=android.os.BinderProxy@c4663d7
03-31 13:43:17.365 D/SurfaceComposerClient( 2349): setCornerRadius ## 55a24a3 Splash Screen com.weejobs.app#27758 cornerRadius=0.000000
03-31 13:43:17.365 D/SurfaceComposerClient( 2349): setCornerRadius ## 68ddaab com.weejobs.app/com.weejobs.app.MainActivity#27765 cornerRadius=0.000000
03-31 13:43:17.365 V/InputMethodManagerService( 2349): Creating new session for client ClientState{b5ec3a3 mUid=10789 mPid=10133 mSelfReportedDisplayId=0}
03-31 13:43:17.365 V/InputMethodManagerService( 2349): Creating new session for client ClientState{b5ec3a3 mUid=10789 mPid=10133 mSelfReportedDisplayId=0}
03-31 13:43:17.365 D/SurfaceComposerClient( 2349): setCornerRadius ## 55a24a3 Splash Screen com.weejobs.app#27758 cornerRadius=0.000000
03-31 13:43:17.365 D/SurfaceComposerClient( 2349): setCornerRadius ## 68ddaab com.weejobs.app/com.weejobs.app.MainActivity#27765 cornerRadius=0.000000
03-31 13:43:17.365 D/InputTransport( 2349): Input channel constructed: 'ClientS', fd=1127
03-31 13:43:17.365 D/InputTransport( 2349): Input channel constructed: 'ClientS', fd=1189
03-31 13:43:17.365 W/LocalDisplayAdapter( 2349): Ignoring request for invalid base mode id 10
03-31 13:43:17.366 I/InputMethodManager(10133): handleMessage: setImeVisibility visible=false
03-31 13:43:17.366 D/InsetsController(10133): hide(ime(), fromIme=false)
03-31 13:43:17.366 I/ImeTracker(10133): com.weejobs.app:917cde51: onCancelled at PHASE_CLIENT_ALREADY_HIDDEN
03-31 13:43:17.366 D/BrightnessSynchronizer( 2349): onDisplayChanged() : displayId=0
03-31 13:43:17.366 D/BrightnessSynchronizer( 2349): updateScreenBrightness: displayId=0 type=2 mPreferredSettingValue=0.4745098(121) currentBrightnessInt=121 currentBrightnessIntFromFloat=121(0.4745098)
03-31 13:43:17.367 I/SAMSUNGWALLET(19454): [Hint_ProcessStatusChange] fg Change, pid : 4276 , isNotify : true , isForeground : false , fg list : []
03-31 13:43:17.368 D/HdrSolution_HdrDisplayNitMapper( 2349): updataTargetNit--------------mLightSensorData: 1.0, scaleRatio: 9.24, target: 21.64->200
03-31 13:43:17.368 I/SAMSUNGWALLET(19454): [Hint_PayHintService] Hint Status - already invisible, skip hide : [4000000] - Disable on home
03-31 13:43:17.369 I/SurfaceFlinger( 1676): RequestedLayer [Surface(name=55a24a3 Splash Screen c[...]ation-leash of starting_reveal#27770] hidden!! flag  from(0) --> to(1)
03-31 13:43:17.369 D/InputTransport( 2349): Input channel destroyed: 'ClientS', fd=1189
03-31 13:43:17.369 V/InputMethodManagerService( 2349): Creating new accessibility sessions for client ClientState{b5ec3a3 mUid=10789 mPid=10133 mSelfReportedDisplayId=0}
03-31 13:43:17.370 I/SehLight( 1562): sub_lcd : 22+
03-31 13:43:17.370 I/WindowManager( 2349): Cancelling animation restarting=false, leash=Surface(name=Surface(name=55a24a3 Splash Screen com.weejobs.app)/@0xe56cc3b - animation-leash of starting_reveal)/@0x62487b3
03-31 13:43:17.370 I/WindowManager( 2349): Reparenting to original parent: Surface(name=ActivityRecord{137594220 u0 com.weejobs.app/.MainActivity t1631})/@0xdd11f58, destroy=false, surface=Surface(name=55a24a3 Splash Screen com.weejobs.app)/@0xe56cc3b
03-31 13:43:17.370 V/WindowManager( 2349): Schedule remove starting ActivityRecord{137594220 u0 com.weejobs.app/.MainActivity t1631} startingWindow=Window{55a24a3 u0 Splash Screen com.weejobs.app} animate=false Callers=com.android.server.wm.ActivityClientController.splashScreenAttached:51 android.app.IActivityClientController$Stub.onTransact:1393 com.android.server.wm.ActivityClientController.onTransact:1 android.os.Binder.execTransactInternal:1462 android.os.Binder.execTransact:1401 
03-31 13:43:17.370 D/BackgroundInstallControlService( 2349): Package event received: 0
03-31 13:43:17.371 D/SurfaceFlinger( 1676): Display 4630946213010294403 HWC layers:
03-31 13:43:17.371 D/SurfaceFlinger( 1676):        DEVICE |           43520903610371 | 00002102 | RGBA_8888    |    0.0    0.0  904.0 2316.0 |    0    0  904 2316 | com.weejobs.app/com.weejobs.app.MainActivity$_10133#27766 (5)
03-31 13:43:17.371 D/SurfaceFlinger( 1676):        DEVICE |           16969415813161 | 00002100 | RGBA_8888    |    0.0    0.0  904.0   87.0 |    0    0  904   87 | StatusBar$_3951#122 (97768)
03-31 13:43:17.371 D/SurfaceFlinger( 1676):        DEVICE |           18365280161808 | 00002100 | RGBA_8888    |    0.0    0.0   67.0  451.0 |    0  493   67  944 | com.sec.android.app.launcher/com.sam[...]l.app.CocktailBarService$_4276#27160 (1)
03-31 13:43:17.371 D/SurfaceFlinger( 1676):        DEVICE |           16969415813252 | 00002100 | RGBA_8888    |    0.0    0.0  904.0  126.0 |    0 2190  904 2316 | NavigationBar0$_3951#118 (28353)
03-31 13:43:17.371 D/SurfaceFlinger( 1676): 
03-31 13:43:17.371 I/SAMSUNGWALLET(19454): [Hint_PayHintService] Hint Status - already invisible, skip hide : [4000000] - Disable on home
03-31 13:43:17.371 D/SurfaceComposerClient( 2349): setCornerRadius ## 55a24a3 Splash Screen com.weejobs.app#27758 cornerRadius=0.000000
03-31 13:43:17.371 D/SurfaceComposerClient( 2349): setCornerRadius ## 68ddaab com.weejobs.app/com.weejobs.app.MainActivity#27765 cornerRadius=0.000000
03-31 13:43:17.371 I/MdnieScenarioControlService( 2349): action  :  com.samsung.server.PowerManagerService.action.USER_ACTIVITY
03-31 13:43:17.372 D/FreecessController( 2349): BG freezed, skip OLAF unfreeze for (com.facebook.orca, 10576)
03-31 13:43:17.373 D/FreecessController( 2349): BG freezed, skip OLAF unfreeze for (com.zhiliaoapp.musically, 10606)
03-31 13:43:17.373 D/FreecessController( 2349): BG freezed, skip OLAF unfreeze for (com.hualai, 10626)
03-31 13:43:17.374 I/SAMSUNGWALLET(19454): [Hint_PayHintService] Hint Status - already invisible, skip hide : [4000000] - Disable on home
03-31 13:43:17.375 D/ShellTaskOrganizer( 3951): removeStartingWindow, removalInfo=StartingWindowRemovalInfo{taskId=1631 frame=null playRevealAnimation=false roundedCornerRadius=0.0 deferRemoveMode=0 windowlessSurface=false removeImmediately=false}
03-31 13:43:17.375 D/FreecessController( 2349): restrictJobsByOlaf: restrict=false, uid=-1
03-31 13:43:17.375 D/InputMethodManagerService( 2349): isImeSwitcherDisabledPackage : false
03-31 13:43:17.375 D/InputMethodManagerService( 2349): shouldShowImeSwitcherLocked : checking vis : 3
03-31 13:43:17.376 V/InputMethodManagerService( 2349): Disabling: SessionState{uid=10140 pid=4276 method=1884182 session=f993d64 channel=ClientState{ea9aee7 mUid=10140 mPid=4276 mSelfReportedDisplayId=0} userId=0}
03-31 13:43:17.376 V/InputMethodManagerService( 2349): Enabling: SessionState{uid=10789 pid=10133 method=1884182 session=50193c9 channel=ClientState{b5ec3a3 mUid=10789 mPid=10133 mSelfReportedDisplayId=0} userId=0}
03-31 13:43:17.376 I/SehLight( 1562): sub_lcd : 22-
03-31 13:43:17.376 D/BatteryDump( 1545): wait_for_battery_event : occurred : change@/devices/platform/soc/ae00000.qcom,mdss_mdp/backlight/panel1-backlight 
03-31 13:43:17.376 I/SSC_DAEMON( 1654): physical_sensor_test_req_msg Sensor type :6, Msg type:11
03-31 13:43:17.377 D/HdrSolution_HdrDisplayNitMapper( 2349): updataTargetNit--------------mLightSensorData: 1.0, scaleRatio: 7.5, target: 26.65->200
03-31 13:43:17.377 D/InputMethodManagerService( 2349): checkDisplayOfStartInputAndUpdateKeyboard: displayId=0, mFocusedDisplayId=0
03-31 13:43:17.377 D/InputTransport( 2349): Input channel constructed: 'ClientS', fd=1189
03-31 13:43:17.377 I/sensors-hal( 1553): handle_sns_client_event:552, [0][6417] accel_sample [ 0.105,  3.425,  9.347] 713302338531275
03-31 13:43:17.377 I/SSC_DAEMON( 1654): light_msg(6/11): br 22 (lux 252,idx 1) - 0,1,1
03-31 13:43:17.378 D/InputTransport( 2349): Input channel destroyed: 'ClientS', fd=1189
03-31 13:43:17.378 D/InputTransport(10133): Input channel constructed: 'ClientS', fd=161
03-31 13:43:17.379 I/SehLight( 1562): sub_lcd : 26+
03-31 13:43:17.379 D/SurfaceComposerClient( 2349): setCornerRadius ## 55a24a3 Splash Screen com.weejobs.app#27758 cornerRadius=0.000000
03-31 13:43:17.379 D/SurfaceComposerClient( 2349): setCornerRadius ## 68ddaab com.weejobs.app/com.weejobs.app.MainActivity#27765 cornerRadius=0.000000
03-31 13:43:17.379 I/HBD     (12719): HoneyBoardService onFinishInput 
03-31 13:43:17.379 V/AutofillInlineSuggestionsRequestSession( 2349): onInputMethodFinishInput() received
03-31 13:43:17.379 V/AutofillInlineSuggestionsRequestSession( 2349): maybeUpdateResponseToImeLocked called
03-31 13:43:17.380 I/HBD     (12719): a IC have been unbinding,  RemoteInputConnection{idHash=#9226259}
03-31 13:43:17.380 I/HBD     (12719): HoneyBoardService [PF_CL][onFinishInput]  1 ms 
03-31 13:43:17.380 I/HBD     (12719): HoneyBoardService [IMI] onStartInput - caller pid : 10133 , caller uid : 10789 
03-31 13:43:17.380 I/HBD     (12719): r updateConfigs 
03-31 13:43:17.380 I/HBD     (12719): r isEnabledNightMode : false 
03-31 13:43:17.380 I/HBD     (12719): a IC have been binding, RemoteInputConnection{idHash=#8a32964} 
03-31 13:43:17.380 I/HBD     (12719): h [EditorInputType]setPrivateImeOptionsToTable privateImeOptions ( null )
03-31 13:43:17.380 I/HBD     (12719): b incognitoMode : false 
03-31 13:43:17.380 I/HBD     (12719): f needOff = true , isForceOff = false, isNullInputClass : true 
03-31 13:43:17.380 I/HBD     (12719): h getDefaultInputRange : UNKNOWN 
03-31 13:43:17.380 I/HBD     (12719): h getDefaultInputRange : UNKNOWN 
03-31 13:43:17.380 I/HBD     (12719): h getDefaultInputRange : UNKNOWN 
03-31 13:43:17.380 I/HBD     (12719): i [AiWriter] isChildBlockCase:
03-31 13:43:17.380 V/AutofillInlineSuggestionsRequestSession( 2349): onInputMethodStartInput() received on 0
03-31 13:43:17.380 V/AutofillInlineSuggestionsRequestSession( 2349): maybeUpdateResponseToImeLocked called
03-31 13:43:17.380 W/PlayGamesServices[DataBroker]( 9332): No player ID found when refreshing
03-31 13:43:17.381 W/PlayGamesServices[DataBroker]( 9332): No player ID found when refreshing
03-31 13:43:17.381 W/PlayGamesServices[DataBroker]( 9332): No player ID found when refreshing
03-31 13:43:17.381 W/PlayGamesServices[DataBroker]( 9332): No player ID found when refreshing
03-31 13:43:17.381 D/RestrictionPolicy( 2349): isScreenCaptureEnabled : ret=true userId=0
03-31 13:43:17.381 W/PlayGamesServices[DataBroker]( 9332): No player ID found when refreshing
03-31 13:43:17.382 I/WindowManager( 2349): Cancelling animation restarting=true, leash=Surface(name=Surface(name=c42dbff InputMethod)/@0x8fdb815 - animation-leash of insets_animation)/@0x6e82ca0
03-31 13:43:17.382 I/WindowManager( 2349): Reparenting to original parent: Surface(name=WindowToken{862ec10 type=2011 android.os.Binder@1c178d3})/@0x75bf72a, destroy=false, surface=Surface(name=c42dbff InputMethod)/@0x8fdb815
03-31 13:43:17.382 I/WindowManager( 2349): Reparenting to leash, surface=Surface(name=c42dbff InputMethod)/@0x8fdb815, leashParent=Surface(name=WindowToken{862ec10 type=2011 android.os.Binder@1c178d3})/@0x75bf72a
03-31 13:43:17.382 W/PlayGamesServices[DataBroker]( 9332): No player ID found when refreshing
03-31 13:43:17.382 I/ActivityManager( 2349): Changes in 10105 15 to 7, 0 to 128
03-31 13:43:17.382 W/PlayGamesServices[DataBroker]( 9332): No player ID found when refreshing
03-31 13:43:17.382 W/PlayGamesServices[DataBroker]( 9332): No player ID found when refreshing
03-31 13:43:17.382 I/NSLocationMonitor( 2349): getGPSUsingApps() called
03-31 13:43:17.382 W/PlayGamesServices[DataBroker]( 9332): No player ID found when refreshing
03-31 13:43:17.383 I/CameraService( 1946): onUidStateChanged: uid=10039, procState is changed. (1 -> 0)
03-31 13:43:17.383 I/SurfaceFlinger( 1676): id=27771 createSurf, flag=24004, Surface(name=c42dbff InputMethod)/@0x8fdb815 - animation-leash of insets_animation#27771
03-31 13:43:17.384 I/SamsungAccount( 1167): [AccountManagerProvider] isChildAccount
03-31 13:43:17.384 I/SehLight( 1562): sub_lcd : 26-
03-31 13:43:17.384 I/SSC_DAEMON( 1654): physical_sensor_test_req_msg Sensor type :6, Msg type:11
03-31 13:43:17.385 D/BatteryDump( 1545): wait_for_battery_event : occurred : change@/devices/platform/soc/ae00000.qcom,mdss_mdp/backlight/panel1-backlight 
03-31 13:43:17.385 I/SamsungAccount( 1167): [AccountManagerProvider] Calling package : android.honeyboard.
03-31 13:43:17.385 D/HdrSolution_HdrDisplayNitMapper( 2349): updataTargetNit--------------mLightSensorData: 1.0, scaleRatio: 6.02, target: 33.24->200
03-31 13:43:17.385 D/WindowManager( 2349): makeSurface duration=3 leash=Surface(name=Surface(name=c42dbff InputMethod)/@0x8fdb815 - animation-leash of insets_animation)/@0x63c70e8
03-31 13:43:17.385 I/SurfaceFlinger( 1676): [Display 0 name="Built-in Screen"#50] setFrameRateCategory: Default
03-31 13:43:17.385 I/SurfaceFlinger( 1676): RequestedLayer [Splash Screen com.weejobs.app$_3951#27759] hidden!! flag  from(0) --> to(1)
03-31 13:43:17.386 I/SurfaceFlinger( 1676): [LayerHierarchy{RequestedLayerState{Surface(name=55a24a3 Splash Screen com.weejobs.app)/@0xe56cc3b - animation-leash of starting_reveal#27770} 1 children}] reparent to OffscreenRoot
03-31 13:43:17.386 I/SurfaceFlinger( 1676): [LayerHierarchy{RequestedLayerState{Surface(name=55a24a3 Splash Screen com.weejobs.app)/@0xe56cc3b - animation-leash of starting_reveal#27770} 1 children}] RelativeParent to null
03-31 13:43:17.386 I/SurfaceFlinger( 1676): [LayerHierarchy{RequestedLayerState{55a24a3 Splash Screen com.weejobs.app#27758 parentId=27757 z=2147483647} 1 children}] reparent to LayerHierarchy{RequestedLayerState{ActivityRecord{137594220 u0 com.weejobs.app/.MainActivity t1631}#27757 parentId=27756} 3 children}
03-31 13:43:17.386 I/SurfaceFlinger( 1676): [Surface(name=c42dbff InputMethod)/@0x8fdb815 - animation-leash of insets_animation#27771] attach to parent LayerHierarchy{RequestedLayerState{WindowToken{862ec10 type=2011 android.os.Binder@1c178d3}#6689 parentId=16} 2 children}
03-31 13:43:17.386 D/InsetsSourceProvider( 2349): updateControlForTarget: control=InsetsSourceControl: {3 mType=ime mSurfacePosition=Point(0, 87) mInsetsHint=Insets{left=0, top=0, right=0, bottom=863}}, target=Window{68ddaab u0 com.weejobs.app/com.weejobs.app.MainActivity}, from=com.android.server.wm.ImeInsetsSourceProvider.updateControlForTarget:17 com.android.server.wm.InsetsStateController.onControlTargetChanged:83 com.android.server.wm.DisplayContent.updateImeControlTarget:21 com.android.server.wm.DisplayContent.updateImeInputAndControlTarget:156 com.android.server.wm.WindowManagerService$LocalService.updateInputMethodTargetWindow:64 
03-31 13:43:17.386 I/ImeTracker( 2349): system_server:282e52d3: onRequestHide at ORIGIN_SERVER reason IME_REQUESTED_CHANGED_LISTENER fromUser false
03-31 13:43:17.386 V/InputMethodManagerService( 2349): Client requesting input be hidden
03-31 13:43:17.386 V/InputMethodManagerService( 2349): setWindowStateInner, windowToken=android.os.BinderProxy@9bce4fa, state=ImeTargetWindowState{ imeToken android.os.Binder@161f5a6 imeFocusChanged true hasEditorFocused false requestedImeVisible false imeDisplayId 0 softInputModeState STATE_UNSPECIFIED|ADJUST_RESIZE|IS_FORWARD_NAVIGATION isStartInputByGainFocus true}
03-31 13:43:17.386 I/ImeTracker( 2349): system_server:282e52d3: onCancelled at PHASE_SERVER_SHOULD_HIDE
03-31 13:43:17.386 V/InputMethodManagerService( 2349): hideCurrentInputLocked : canceled, shouldHideSoftInput=false, mInputShown=false, mImeWindowVis=0
03-31 13:43:17.386 I/SurfaceFlinger( 1676): id=27770 Removed Surface(name=55a24a3 Splash Screen com.weejobs.app)/@0xe56cc3b - animation-leash of starting_reveal#27770 (192)
03-31 13:43:17.386 I/SSC_DAEMON( 1654): light_msg(6/11): br 26 (lux 252,idx 1) - 0,1,1
03-31 13:43:17.388 I/NSLocationManager_FLP( 4702): getGPSUsingApps, No change
03-31 13:43:17.389 I/SehLight( 1562): sub_lcd : 31+
03-31 13:43:17.389 D/SurfaceComposerClient( 2349): setCornerRadius ## 55a24a3 Splash Screen com.weejobs.app#27758 cornerRadius=0.000000
03-31 13:43:17.389 D/SurfaceComposerClient( 2349): setCornerRadius ## 68ddaab com.weejobs.app/com.weejobs.app.MainActivity#27765 cornerRadius=0.000000
03-31 13:43:17.389 D/SystemUIService( 3951): SYSUI_RAM_OPTIMIZATION onTrimMemory=20
03-31 13:43:17.389 D/CentralSurfaces( 3951): SYSUI_RAM_OPTIMIZATION onTrimMemory=20
03-31 13:43:17.390 D/HWUI    ( 3951): CacheManager::trimMemory(20)
03-31 13:43:17.390 I/DisplayDeviceRepository( 2349): Display device changed render timings: "Built-in Screen", renderFrameRate=120.00001, presentationDeadlineNanos=9233333, appVsyncOffsetNanos=8333333, frameRateOverrides=[]
03-31 13:43:17.390 I/WindowManager( 2349): Relayout Window{55a24a3 u0 Splash Screen com.weejobs.app}: viewVisibility=8 req=904x2316 ty=3 d0
03-31 13:43:17.390 D/SurfaceComposerClient( 2349): setCornerRadius ## 68ddaab com.weejobs.app/com.weejobs.app.MainActivity#27765 cornerRadius=0.000000
03-31 13:43:17.391 D/DisplayLifecycle( 3951): updateDisplay id = 0
03-31 13:43:17.391 D/StackScroller( 3951): onDisplayChanged for predraw skip to 2
03-31 13:43:17.392 D/WifiDisplayAdapter( 2349): isFitToActiveDisplayLocked : false
03-31 13:43:17.392 D/SurfaceComposerClient( 2349): setCornerRadius ## 55a24a3 Splash Screen com.weejobs.app#27758 cornerRadius=0.000000
03-31 13:43:17.392 D/SurfaceComposerClient( 2349): setCornerRadius ## 68ddaab com.weejobs.app/com.weejobs.app.MainActivity#27765 cornerRadius=0.000000
03-31 13:43:17.392 W/LocalDisplayAdapter( 2349): Ignoring request for invalid base mode id 10
03-31 13:43:17.392 I/SSC_DAEMON( 1654): physical_sensor_test_req_msg Sensor type :6, Msg type:11
03-31 13:43:17.393 I/SamsungAccount( 1167): [SignatureInfoDbHelper] searchOnUser(fromDb) - [10/lfgff][android.honeyboard.][64/3291d] => matched
03-31 13:43:17.393 I/SamsungAccount( 1167): [AccountManagerProvider] This is the access of the allowed application
03-31 13:43:17.393 I/SamsungAccount( 1167): [AccountManagerUtil] isSamsungAccountSignedIn : true
03-31 13:43:17.393 I/SehLight( 1562): sub_lcd : 31-
03-31 13:43:17.393 D/BatteryDump( 1545): wait_for_battery_event : occurred : change@/devices/platform/soc/ae00000.qcom,mdss_mdp/backlight/panel1-backlight 
03-31 13:43:17.393 I/HoneySpace.Memory-Monitor( 4276): current state = 2, didTrim = false
03-31 13:43:17.394 W/PlayGamesServices[UiUtils]( 9332): AppVersion: Cannot find the installed destination app.
03-31 13:43:17.394 I/SurfaceFlinger( 1676): RequestedLayer [Surface(name=c42dbff InputMethod)/@0[...]tion-leash of insets_animation#27771] hidden!! flag  from(1) --> to(0)
03-31 13:43:17.394 E/SurfaceFlinger( 1676): alpha changed 1.000 -> 0.000 - Surface(name=c42dbff InputMethod)/@0x8fdb815 - animation-leash of insets_animation#27771
03-31 13:43:17.394 W/PlayGamesServices[UiUtils]( 9332): AppVersionName: Cannot find the installed destination app.
03-31 13:43:17.394 I/SurfaceFlinger( 1676): destroyed Surface(name=55a24a3 Splash Screen com.weejobs.app)/@0xe56cc3b - animation-leash of starting_reveal#27770 form LifecycleManager
03-31 13:43:17.394 W/Binder  ( 2349): Outgoing transactions from this process must be FLAG_ONEWAY
03-31 13:43:17.394 W/Binder  ( 2349): java.lang.Throwable
03-31 13:43:17.394 W/Binder  ( 2349): 	at android.os.BinderProxy.transact(BinderProxy.java:566)
03-31 13:43:17.394 W/Binder  ( 2349): 	at android.bluetooth.IBluetoothGatt$Stub$Proxy.getAdvertisingSetUids(IBluetoothGatt.java:1678)
03-31 13:43:17.394 W/Binder  ( 2349): 	at android.bluetooth.BluetoothAdapter.getAdvertisingSetUids(BluetoothAdapter.java:8476)
03-31 13:43:17.394 W/Binder  ( 2349): 	at android.bluetooth.BluetoothAdapter.getHWUsingApps(BluetoothAdapter.java:1342)
03-31 13:43:17.394 W/Binder  ( 2349): 	at com.android.server.am.mars.filter.filter.BlueToothConnectedFilter.updateBTUsingPackages(qb/106584216 0dc300d8f72c9fc2b39686cc8488b4fcabb062277cf172d256c4c25ebc4887f8:22)
03-31 13:43:17.394 W/Binder  ( 2349): 	at com.android.server.am.FreecessController.freeze(qb/106584216 0dc300d8f72c9fc2b39686cc8488b4fcabb062277cf172d256c4c25ebc4887f8:117)
03-31 13:43:17.394 W/Binder  ( 2349): 	at com.android.server.am.FreecessHandler$MainHandler.handleLcdOnFreeze(qb/106584216 0dc300d8f72c9fc2b39686cc8488b4fcabb062277cf172d256c4c25ebc4887f8:55)
03-31 13:43:17.394 W/Binder  ( 2349): 	at com.android.server.am.FreecessHandler$MainHandler.handleMessage(qb/106584216 0dc300d8f72c9fc2b39686cc8488b4fcabb062277cf172d256c4c25ebc4887f8:793)
03-31 13:43:17.394 W/Binder  ( 2349): 	at android.os.Handler.dispatchMessage(Handler.java:110)
03-31 13:43:17.394 W/Binder  ( 2349): 	at android.os.Looper.loopOnce(Looper.java:273)
03-31 13:43:17.394 W/Binder  ( 2349): 	at android.os.Looper.loop(Looper.java:363)
03-31 13:43:17.394 W/Binder  ( 2349): 	at android.os.HandlerThread.run(HandlerThread.java:85)
03-31 13:43:17.394 I/SurfaceFlinger( 1676): [LayerHierarchy{RequestedLayerState{ImeContainer#16 parentId=27757 relativeParentId=27757 z=3} 1 children}] reparent to LayerHierarchy{RequestedLayerState{ActivityRecord{137594220 u0 com.weejobs.app/.MainActivity t1631}#27757 parentId=27756} 4 children}
03-31 13:43:17.394 I/SurfaceFlinger( 1676): [LayerHierarchy{RequestedLayerState{ImeContainer#16 parentId=27757 relativeParentId=27757 z=3} 1 children}] RelativeParent to null
03-31 13:43:17.394 I/SurfaceFlinger( 1676): [LayerHierarchy{RequestedLayerState{Surface(name=c42dbff InputMethod)/@0x8fdb815 - animation-leash of insets_animation#27755} 1 children}] reparent to OffscreenRoot
