03-31 13:33:05.738 D/ActivityTaskManager( 2349): scheduleTopResumedActivityChanged, onTop=false, r=ActivityRecord{102437058 u0 com.sec.android.app.launcher/.activities.LauncherActivity t1407}, caller=com.android.server.wm.ActivityTaskSupervisor.scheduleTopResumedActivityStateLossIfNeeded:19 com.android.server.wm.ActivityTaskSupervisor.updateTopResumedActivityIfNeeded:20 com.android.server.wm.TaskDisplayArea.positionChildAt:252 com.android.server.wm.Task.moveToFront:40 com.android.server.wm.ActivityStarter.startActivityInner:314 com.android.server.wm.ActivityStarter.startActivityUnchecked:205 
03-31 13:33:05.739 V/WindowManager( 2349): Checking theme of starting window: 0x7f1302a3
03-31 13:33:05.739 V/WindowManager( 2349): Translucent=false Floating=false ShowWallpaper=false Disable=false
03-31 13:33:05.739 D/ActivityTaskManager( 2349): addStartingWindow: type=2 typeParameter=28b
03-31 13:33:05.739 V/WindowManager( 2349): Creating SplashScreenStartingData
03-31 13:33:05.739 V/WindowManager( 2349): Add starting ActivityRecord{212813052 u0 com.weejobs.app/.MainActivity t1628}: startingData=SplashScreenStartingData{da36fe7 removeAfterTransaction= 0}
03-31 13:33:05.739 V/WindowManager( 2349): Added starting ActivityRecord{212813052 u0 com.weejobs.app/.MainActivity t1628}: startingWindow=null startingView=com.android.server.wm.StartingSurfaceController$StartingSurface@b63f23d
03-31 13:33:05.740 V/WindowManager( 2349): Collecting in transition 1685: ActivityRecord{212813052 u0 com.weejobs.app/.MainActivity t1628}, caller=com.android.server.wm.Transition.collectExistenceChange:40 com.android.server.wm.ActivityStarter.handleStartResult:761 com.android.server.wm.ActivityStarter.startActivityUnchecked:218 com.android.server.wm.ActivityStarter.executeRequest:3619 com.android.server.wm.ActivityStarter.execute:1752 
03-31 13:33:05.740 V/WindowManager( 2349): Requesting StartTransition: TransitionRecord{40d31ef id=1685 type=OPEN flags=0x0 c=[
03-31 13:33:05.740 V/WindowManager( 2349):    ChangeInfo{25c3900 container=Display{#0 state=ON size=904x2316 ROTATION_0} flags=0x0}
03-31 13:33:05.740 V/WindowManager( 2349):    ChangeInfo{a27539 container=DefaultTaskDisplayArea_d0@99508180 flags=0x0}
03-31 13:33:05.740 V/WindowManager( 2349):    ChangeInfo{7f9777e container=Task{729b4e8 #1628 type=standard A=10789:com.weejobs.app} flags=0x0}
03-31 13:33:05.740 V/WindowManager( 2349):    ChangeInfo{11474df container=ActivityRecord{212813052 u0 com.weejobs.app/.MainActivity t1628} flags=0x0}
03-31 13:33:05.740 V/WindowManager( 2349): ]
03-31 13:33:05.740 V/WindowManager( 2349): }, caller=com.android.server.wm.ActivityStarter.handleStartResult:982 com.android.server.wm.ActivityStarter.startActivityUnchecked:218 com.android.server.wm.ActivityStarter.executeRequest:3619 com.android.server.wm.ActivityStarter.execute:1752 com.android.server.wm.ActivityTaskManagerService.startActivityAsUser:95 
03-31 13:33:05.740 W/ContextImpl(10363): Calling a method in the system process without a qualified user: android.app.ContextImpl.startService:2068 android.content.ContextWrapper.startService:872 android.content.ContextWrapper.startService:872 com.sec.android.diagmonagent.sa.receiver.CFLogReceiver.onReceive:56 android.app.ActivityThread.handleReceiver:5663 
03-31 13:33:05.741 D/OlafRestriction( 2349):  olaf state update: state=true
03-31 13:33:05.741 D/OlafRestriction( 2349):  sending trigger onRestrictionStateChanged msg.
03-31 13:33:05.741 I/Pageboost( 2349): stop alp
03-31 13:33:05.741 I/ActivityTaskManager( 2349): START u0 {act=android.intent.action.MAIN cat=[android.intent.category.LAUNCHER] flg=0x10200000 cmp=com.weejobs.app/.MainActivity} with LAUNCH_SINGLE_TASK from uid 2000 (BAL_ALLOW_PERMISSION) result code=0
03-31 13:33:05.741 I/SemDvfsHyPerManager( 2349): acquire hyper - AMS_APP_LAUNCH/2349@16, type = -999
03-31 13:33:05.742 V/WindowManagerShell( 3951): Transition requested (#1685): android.os.BinderProxy@cd5bbde TransitionRequestInfo { type = OPEN, triggerTask = TaskInfo{userId=0 taskId=1628 effectiveUid=10789 displayId=0 isRunning=true baseIntent=Intent { act=android.intent.action.MAIN cat=[android.intent.category.LAUNCHER] flg=0x10200000 cmp=com.weejobs.app/.MainActivity } baseActivity=ComponentInfo{com.weejobs.app/com.weejobs.app.MainActivity} topActivity=ComponentInfo{com.weejobs.app/com.weejobs.app.MainActivity} origActivity=null realActivity=ComponentInfo{com.weejobs.app/com.weejobs.app.MainActivity} numActivities=1 lastActiveTime=712690715 supportsMultiWindow=true resizeMode=1 isResizeable=true minWidth=-1 minHeight=-1 maxWidth=-1 maxHeight=-1 defaultMinSize=220 desktopDefaultMinSize=304 token=WCT{android.window.IWindowContainerToken$Stub$Proxy@1f2d1bf} topActivityType=1 pictureInPictureParams=null shouldDockBigOverlays=false launchIntoPipHostTaskId=-1 lastParentTaskIdBeforePip=-1 displayCutoutSafeInsets=Rect(0, 87 - 0, 0) topActivityInfo=ActivityInfo{905b08c com.weejobs.app.MainActivity} launchCookies=[] positionInParent=Point(0, 0) parentTaskId=-1 isFocused=false isVisible=false isVisibleRequested=false isTopActivityNoDisplay=false isSleeping=false locusId=null displayAreaFeatureId=1 isTopActivityTransparent=false isActivityStackTransparent=false lastNonFullscreenBounds=Rect(71, 681 - 833, 1596) capturedLink=null capturedLinkTimestamp=0 requestedVisibleTypes=-9 topActivityRequestOpenInBrowserEducationTimestamp=0 appCompatTaskInfo=AppCompatTaskInfo { topActivityInSizeCompat=false eligibleForLetterboxEducation= false isLetterboxEducationEnabled= false isLetterboxDoubleTapEnabled= false eligibleForUserAspectRatioButton= false topActivityBoundsLetterboxed= false isFromLetterboxDoubleTap= false topActivityLetterboxVerticalPosition= -1 topActivityLetterboxHorizontalPosition= -1 topActivityLetterboxWidth=-1 topActivityLetterboxHeight=-1 topActivityAppBounds=Rect(0, 0 - 904, 2316) isUserFullscreenOverrideEnabled=true isSystemFullscreenOverrideEnabled=false hasMinAspectRatioOverride=false topActivityLetterboxBounds=null cameraCompatTaskInfo=CameraCompatTaskInfo { freeformCameraCompatMode=inactive} topActivityBounds=null topActivityInDisplayCompat=false singleTapFromLetterbox=false} topActivityMainWindowFrame=null originallySupportedMultiWindow=true hasWallpaper=false rootAffinity=10789:com.weejobs.app isTopTaskInStage=false CoverLauncherWidgetTask=false LaunchedFromAppsCoverLauncherTask=false LaunchedFromMultistarCoverLauncherTask=false isAllowedSeamlessRotation=false isTopTransparentActivity=false isAliasManaged=false hasConfigChanged=false snappingGuideBounds=null isAiKeyRemoveAppTask=false lastDesktopWindowingBounds=null lastExternalDesktopWindowingBounds=null isTopFullScreenWindow=true isFullSizeWindow=true safeCutoutInsets=null}, pipChange = null, remoteTransition = null, displayChange = null, flags = 0, debugId = 1685 }
03-31 13:33:05.742 V/ShellDesktopMode( 3951): DesktopTasksController: isDesktopModeShowing: hasVisibleTasks=false hasTopTransparentFullscreenTask=false
03-31 13:33:05.742 V/ShellDesktopMode( 3951): DesktopTasksController: isDesktopModeShowing: hasVisibleTasks=false hasTopTransparentFullscreenTask=false
03-31 13:33:05.742 D/ShellSplitScreen( 3951): logExit: no-op, mLoggerSessionId is null
03-31 13:33:05.742 D/ShellDesktopMode( 3951): handleRequest: TransitionRequestInfo {type=1, tid=1628, debugId=1685}
03-31 13:33:05.742 D/CompatChangeReporter( 2349): Compat change id reported: 377864165; UID 10789; state: ENABLED
03-31 13:33:05.743 D/ViewRootImpl( 3951): desktopMode is false
03-31 13:33:05.744 I/ViewRootImpl( 3951): dVRR is disabled
03-31 13:33:05.744 D/NativeCustomFrequencyManager( 3951): [NativeCFMS] BpCustomFrequencyManager::BpCustomFrequencyManager()
03-31 13:33:05.745 I/Monkey  ( 5026): Events injected: 1
03-31 13:33:05.745 D/KNOX_MDM_SettingsProvider( 2349): isChangeAllowed() : name = accelerometer_rotation
03-31 13:33:05.745 D/SettingsProvider( 2349): PUT_ret(/system/accelerometer_rotation), callingPackage:android
03-31 13:33:05.745 D/KNOX_MDM_SettingsProvider( 2349): isChangeAllowed() : name = user_rotation
03-31 13:33:05.746 V/ShellDesktopMode( 3951): DesktopTasksController: handleFullscreenTaskLaunch
03-31 13:33:05.746 V/ShellDesktopMode( 3951): DesktopTasksController: isDesktopModeShowing: hasVisibleTasks=false hasTopTransparentFullscreenTask=false
03-31 13:33:05.746 V/ShellDesktopMode( 3951): DesktopTasksController: handleRequest result=null
03-31 13:33:05.746 V/WindowManager( 2349): Computed rotation=ROTATION_0 (0) for display id=1 based on lastOrientation=SCREEN_ORIENTATION_UNSPECIFIED (-1) and oldRotation=ROTATION_0 (0), caller=com.android.server.wm.WindowManagerService.updateRotationUnchecked:72 com.android.server.wm.WindowManagerService.freezeDisplayRotation:156 com.android.server.wm.WindowManagerService.freezeRotation:2 android.view.IWindowManager$Stub.onTransact:3004 com.android.server.wm.WindowManagerService.onTransact:1 android.os.Binder.execTransactInternal:1457 
03-31 13:33:05.747 V/WindowManager( 2349): Computed rotation=ROTATION_0 (0) for display id=0 based on lastOrientation=SCREEN_ORIENTATION_UNSPECIFIED (-1) and oldRotation=ROTATION_0 (0), caller=com.android.server.wm.WindowManagerService.updateRotationUnchecked:72 com.android.server.wm.WindowManagerService.freezeDisplayRotation:156 com.android.server.wm.WindowManagerService.freezeRotation:2 android.view.IWindowManager$Stub.onTransact:3004 com.android.server.wm.WindowManagerService.onTransact:1 android.os.Binder.execTransactInternal:1457 
03-31 13:33:05.747 I/HYPER-HAL( 1561): [RequestManager.cpp]acquire(): Acquired ID : 54283012  [10397 / 22]    HINT : APP_START    list : [TIMEOUT / 1500] 
03-31 13:33:05.748 D/InputTransport( 2349): Input channel constructed: 'd22f856', fd=1140
03-31 13:33:05.748 D/InputTransport( 2349): Input channel constructed: 'd22f856', fd=1145
03-31 13:33:05.748 D/InputTransport( 2349): Input channel constructed: 'd22f856', fd=1177
03-31 13:33:05.748 E/ashmem  (31474): Pinning is deprecated since Android Q. Please use trim or other methods.
03-31 13:33:05.748 D/InputTransport( 2349): Input channel destroyed: 'd22f856', fd=1145
03-31 13:33:05.748 D/WindowManager( 2349): prepareSync <SYNC_STATE_WAITING_FOR_DRAW>, mPrepareSyncSeqId=0, win=Window{d22f856 u0 Splash Screen com.weejobs.app}
03-31 13:33:05.749 I/SurfaceFlinger( 1676): id=27659 createSurf, flag=84004, d22f856 Splash Screen com.weejobs.app#27659
03-31 13:33:05.749 I/HoneySpace.GlobalSettingDataSourceImpl( 4276): Setting accelerometer_rotation changed to 0
03-31 13:33:05.749 I/SemDvfsHyPerManager(10397): acquire hyper - APP_START/10397@24, type = -999
03-31 13:33:05.750 E/HYPER-HAL( 1561): [HandlerSysfs.cpp]doResourceHandling(): Couldn't Open Sysfs - /sys/devices/system/cpu/bus_dcvs/DDR/soc:qcom,memlat:ddr:prime-latfloor/max_freq
03-31 13:33:05.750 I/HYPER-HAL( 1561): [RequestManager.cpp]acquire(): Acquired ID : 2797811  [2349 / 16]    HINT : AMS_APP_LAUNCH    list : 
03-31 13:33:05.750 D/RestrictionPolicy( 2349): isScreenCaptureEnabled : ret=true userId=0
03-31 13:33:05.750 V/WindowManager( 2349): addWindow: ActivityRecord{212813052 u0 com.weejobs.app/.MainActivity t1628} startingWindow=Window{d22f856 u0 Splash Screen com.weejobs.app}
03-31 13:33:05.750 D/InputTransport( 2349): Input channel destroyed: 'd22f856', fd=1177
03-31 13:33:05.751 I/HoneySpace.Launcher( 4276): !@Boot_EBS_D: Launcher.onPause()
03-31 13:33:05.751 V/WindowManager( 2349): Starting Transition 1685, caller=com.android.server.wm.WindowOrganizerController.startTransition:47 com.android.server.wm.WindowOrganizerController.startTransition:1 android.window.IWindowOrganizerController$Stub.onTransact:259 
03-31 13:33:05.751 I/HoneySpace.Launcher( 4276): updateLauncherShowing true -> false
03-31 13:33:05.751 I/HoneySpace.SPayHandler( 4276): updateSpayHandler launcher activity is paused false
03-31 13:33:05.751 I/HoneySpace.TaskbarVisibilityController@110361640@OneUI( 4276): launcher showing: false recent showing: false 
03-31 13:33:05.752 I/CameraService( 1946): onUidStateChanged: uid=10039, procState is changed. (0 -> 1)
03-31 13:33:05.752 I/HYPER-HAL( 1561): [RequestManager.cpp]acquire(): Acquired ID : 54303855  [10397 / 24]    HINT : APP_START    list : 
03-31 13:33:05.752 V/WindowManager( 2349): Computed rotation=ROTATION_0 (0) for display id=1 based on lastOrientation=SCREEN_ORIENTATION_UNSPECIFIED (-1) and oldRotation=ROTATION_0 (0), caller=com.android.server.wm.WindowManagerService.updateRotationUnchecked:72 com.android.server.wm.DisplayRotation$SettingsObserver.onChange:14 android.database.ContentObserver.onChange:168 android.database.ContentObserver.onChange:184 android.database.ContentObserver.onChange:202 android.database.ContentObserver.onChange:224 
03-31 13:33:05.752 V/WindowManager( 2349): rotationForOrientation(orient=SCREEN_ORIENTATION_UNSPECIFIED (-1), last=ROTATION_0 (0)); user=ROTATION_0 (0) USER_ROTATION_LOCKED
03-31 13:33:05.752 D/WindowManager( 2349): rotationForOrientation, orientationSource=ActivityRecord{102437058 u0 com.sec.android.app.launcher/.activities.LauncherActivity t1407}
03-31 13:33:05.752 V/WindowManager( 2349): Computed rotation=ROTATION_0 (0) for display id=0 based on lastOrientation=SCREEN_ORIENTATION_UNSPECIFIED (-1) and oldRotation=ROTATION_0 (0), caller=com.android.server.wm.WindowManagerService.updateRotationUnchecked:72 com.android.server.wm.DisplayRotation$SettingsObserver.onChange:14 android.database.ContentObserver.onChange:168 android.database.ContentObserver.onChange:184 android.database.ContentObserver.onChange:202 android.database.ContentObserver.onChange:224 
03-31 13:33:05.753 D/Navbar.Store( 3951): handleEvent(0) OnRotationLockedChanged(rotationLocked=true) [Module] NavBarStoreImpl
03-31 13:33:05.753 D/Navbar.Store( 3951): --[Band]TASKBAR_PACK_ROTATION_LOCKED_CHANGED
03-31 13:33:05.753 D/Navbar.Store( 3951): ----apply(0) NavBarStoreAction$UpdateTaskBarNavBarEvents
03-31 13:33:05.753 D/TaskbarDelegate( 3951): handleNavigationBarEvent() TaskbarDelegate is not initialized.
03-31 13:33:05.753 V/WindowManager( 2349): Checking theme of starting window: 0x7f1302a3
03-31 13:33:05.753 V/WindowManager( 2349): Translucent=false Floating=false ShowWallpaper=false Disable=false
03-31 13:33:05.753 V/WindowManager( 2349): Collecting in transition 1685: ActivityRecord{212813052 u0 com.weejobs.app/.MainActivity t1628}, caller=com.android.server.wm.TransitionController.collect:7 com.android.server.wm.ActivityRecord.setVisibility:132 com.android.server.wm.EnsureActivitiesVisibleHelper.setActivityVisibilityState:221 com.android.server.wm.EnsureActivitiesVisibleHelper.process:281 com.android.server.wm.TaskFragment.updateActivityVisibilities:12 
03-31 13:33:05.754 V/WindowManager( 2349): Collecting in transition 1685: ActivityRecord{102437058 u0 com.sec.android.app.launcher/.activities.LauncherActivity t1407}, caller=com.android.server.wm.TransitionController.collect:7 com.android.server.wm.ActivityRecord.setVisibility:132 com.android.server.wm.ActivityRecord.makeInvisible:33 com.android.server.wm.EnsureActivitiesVisibleHelper.setActivityVisibilityState:302 com.android.server.wm.EnsureActivitiesVisibleHelper.process:281 
03-31 13:33:05.754 D/WindowManager( 2349): prepareSync <SYNC_STATE_WAITING_FOR_DRAW>, mPrepareSyncSeqId=0, win=Window{a4b6524 u0 com.sec.android.app.launcher/com.sec.android.app.launcher.activities.LauncherActivity}
03-31 13:33:05.754 V/WindowManager( 2349): Collecting in transition 1685: WallpaperWindowToken{7fd0108 showWhenLocked=true}_<lock|non-primary>, caller=com.android.server.wm.Transition.collect:387 com.android.server.wm.TransitionController.collect:7 com.android.server.wm.ActivityRecord.setVisibility:132 com.android.server.wm.ActivityRecord.makeInvisible:33 com.android.server.wm.EnsureActivitiesVisibleHelper.setActivityVisibilityState:302 
03-31 13:33:05.754 V/WindowManager( 2349): Collecting in transition 1685: WallpaperWindowToken{fb2395 showWhenLocked=false}_<system|non-primary>, caller=com.android.server.wm.Transition.collect:410 com.android.server.wm.TransitionController.collect:7 com.android.server.wm.ActivityRecord.setVisibility:132 com.android.server.wm.ActivityRecord.makeInvisible:33 com.android.server.wm.EnsureActivitiesVisibleHelper.setActivityVisibilityState:302 
03-31 13:33:05.754 D/InputTransport( 3951): Input channel constructed: 'd22f856', fd=671
03-31 13:33:05.754 V/WindowManager( 2349): Collecting in transition 1685: WallpaperWindowToken{fb2395 showWhenLocked=false}_<system|non-primary>, caller=com.android.server.wm.TransitionController.collect:7 com.android.server.wm.WallpaperWindowToken.setVisibility:55 com.android.server.wm.WallpaperController.adjustWallpaperWindows:857 com.android.server.wm.RootWindowContainer.applySurfaceChangesTransaction$1:141 com.android.server.wm.RootWindowContainer.performSurfacePlacementNoTrace:86 
03-31 13:33:05.754 I/InsetsController( 3951): onStateChanged: host=Splash Screen com.weejobs.app, from=android.view.ViewRootImpl.onInsetsStateChanged:3026, state=InsetsState: {mDisplayFrame=Rect(0, 0 - 904, 2316), mDisplayCutout=DisplayCutout{insets=Rect(0, 87 - 0, 0) waterfall=Insets{left=0, top=0, right=0, bottom=0} boundingRect={Bounds=[Rect(0, 0 - 0, 0), Rect(418, 0 - 486, 87), Rect(0, 0 - 0, 0), Rect(0, 0 - 0, 0)]} cutoutPathParserInfo={CutoutPathParserInfo{displayWidth=904 displayHeight=2316 physicalDisplayWidth=904 physicalDisplayHeight=2316 density={2.625} cutoutSpec={M 0,0 H -12.95238095238095 V 33.14285714285714 H 12.95238095238095 V 0 H 0 Z @dp} rotation={0} scale={1.0} physicalPixelDisplaySizeRatio={1.0}}} sideOverrides={}}, mRoundedCorners=RoundedCorners{[RoundedCorner{position=TopLeft, radius=68, center=Point(68, 68)}, RoundedCorner{position=TopRight, radius=68, center=Point(836, 68)}, RoundedCorner{position=BottomRight, radius=68, center=Point(836, 2248)}, RoundedCorner{position=BottomLeft, radius=68, center=Point(68, 2248)}]}  mRoundedCornerFrame=Rect(0, 0 - 904, 2316), mPrivacyIndicatorBounds=PrivacyIndicatorBounds {static bounds=Rect(788, 0 - 904, 87) rotation=0}, mDisplayShape=DisplayShape{ spec=-311912193 displayWidth=904 displayHeight=2316 physicalPixelDisplaySizeRatio=1.0 rotation=0 offsetX=0 offsetY=0 scale=1.0}, mSources= { InsetsSource: {a1630001 mType=navigationBars mFrame=[0,2190][904,2316] mVisible=true mFlags= mSideHint=BOTTOM mBoundingRects=null}, InsetsSource: {a1630004 mType=systemGestures mFrame=[0,0][0,0] mVisible=true mFlags= mSideHint=NONE mBoundingRects=null}, InsetsSource: {a1630005 mType=mandatorySystemGestures mFrame=[0,2190][904,2316] mVisible=true mFlags= mSideHint=BOTTOM mBoundingRects=null}, InsetsSource: {a1630006 mType=tappableElement mFrame=[0,2190][904,2316] mVisible=true mFlags= mSideHint=BOTTOM mBoundingRects=null}, InsetsSource: {a1630024 mType=systemGestures mFrame=[0,0][0,0] mVisible=true mFlags= mSideHint=NONE mBoundingRects=null}, InsetsSource: {fb6f0000 mType=statusBars mFrame=[0,0][904,87] mVisible=true mFlags= mSideHint=TOP mBoundingRects=null}, InsetsSource: {fb6f0005 mType=mandatorySystemGestures mFrame=[0,0][904,119] mVisible=true mFlags= mSideHint=TOP mBoundingRects=null}, InsetsSource: {fb6f0006 mType=tappableElement mFrame=[0,0][904,87] mVisible=true mFlags= mSideHint=TOP mBoundingRects=null}, InsetsSource: {27 mType=displayCutout mFrame=[0,0][904,87] mVisible=true mFlags= mSideHint=TOP mBoundingRects=null}, InsetsSource: {244a0004 mType=systemGestures mFrame=[0,0][0,0] mVisible=false mFlags= mSideHint=NONE mBoundingRects=null}, InsetsSource: {244a0005 mType=mandatorySystemGestures mFrame=[0,0][0,0] mVisible=false mFlags= mSideHint=NONE mBoundingRects=null}, InsetsSource: {244a0006 mType=tappableElement mFrame=[0,0][0,0] mVisible=false mFlags= mSideHint=NONE mBoundingRects=null}, InsetsSource: {244a0024 mType=systemGestures mFrame=[0,0][0,0] mVisible=false mFlags= mSideHint=NONE mBoundingRects=null} }
03-31 13:33:05.754 D/SurfaceComposerClient( 2349): setCornerRadius ## d22f856 Splash Screen com.weejobs.app#27659 cornerRadius=0.000000
03-31 13:33:05.754 I/VRI[app]@3fdb7ea( 3951): onActiveControlsChanged, removed=false, mAdded=true, caller=android.view.ViewRootImpl.handleInsetsControlChanged:3002 android.view.ViewRootImpl.setView:2014 android.view.WindowManagerGlobal.addView:604 com.android.wm.shell.startingsurface.SplashscreenWindowCreator.addWindow:38 com.android.wm.shell.startingsurface.StartingWindowController$$ExternalSyntheticLambda4.run:1365 
03-31 13:33:05.754 I/VRI[app]@3fdb7ea( 3951): synced displayState. AttachInfo displayState=2
03-31 13:33:05.755 I/SurfaceFlinger( 1676): [Display 0 name="Built-in Screen"#50] setFrameRateCategory: High
03-31 13:33:05.755 D/SurfaceComposerClient( 2349): setCornerRadius ## d22f856 Splash Screen com.weejobs.app#27659 cornerRadius=0.000000
03-31 13:33:05.755 I/SurfaceFlinger( 1676): [Task=1628#27657] attach to parent LayerHierarchy{RequestedLayerState{DefaultTaskDisplayArea_d0#11 parentId=10} 12 children}
03-31 13:33:05.755 I/SurfaceFlinger( 1676): [ActivityRecord{212813052 u0 com.weejobs.app/.MainActivity t1628}#27658] attach to parent LayerHierarchy{RequestedLayerState{Task=1628#27657 parentId=11} 1 children}
03-31 13:33:05.755 I/SurfaceFlinger( 1676): [d22f856 Splash Screen com.weejobs.app#27659] attach to parent LayerHierarchy{RequestedLayerState{ActivityRecord{212813052 u0 com.weejobs.app/.MainActivity t1628}#27658 parentId=27657} 1 children}
03-31 13:33:05.755 I/BpBinder( 1676): onLastStrongRef automatically unlinking death recipients: 
03-31 13:33:05.756 I/LayerHistory( 1676): NavigationBar0$_3951#118 voted ExplicitCategory with category: High
03-31 13:33:05.756 I/LayerHistory( 1676): com.sec.android.app.launcher/com.samsung.app.honeyspace.edge.edgepanel.app.CocktailBarService$_4276#27160 voted ExplicitCategory with category: High
03-31 13:33:05.756 I/LayerHistory( 1676): com.sec.android.app.launcher/com.sec.android.app.launcher.activities.LauncherActivity$_4276#27302 voted ExplicitCategory with category: High
03-31 13:33:05.756 I/LayerHistory( 1676): Wallpaper BBQ wrapper 17_system#128 voted ExplicitCategory with category: High
03-31 13:33:05.756 I/LayerHistory( 1676): StatusBar$_3951#122 voted ExplicitCategory with category: High
03-31 13:33:05.756 I/SurfaceFlinger( 1676): All layers Category Highscored - choose 120.00 Hz
03-31 13:33:05.756 I/HWComposer( 1676): [4630946213010294403] ActiveConfigToHWC, ID : 0
03-31 13:33:05.756 D/SurfaceFlinger( 1676): GPIS:: requestGPISForClientComposition
03-31 13:33:05.756 I/SDM     ( 1584): HWCDisplay::SubmitDisplayConfig: [DispConfigs] config 8 => 0, hs_mode 1 => 1
03-31 13:33:05.756 I/SDM     ( 1584): HWDeviceDRM::SetDisplaySwitchMode: [DispConfigs] check hs_mode 1
03-31 13:33:05.756 I/SDM     ( 1584): HWDeviceDRM::SetDisplaySwitchMode: [DispConfigs] Set mode index:0 904x2316x120xcmdHS, hs_mode(1), found_mode(1)
03-31 13:33:05.756 I/SDM     ( 1584): HWDeviceDRM::UpdateMixerAttributes: Mixer WxH 904x2316-1 for Peripheral
03-31 13:33:05.756 I/SDM     ( 1584): HWCDisplay::SubmitDisplayConfig: Active configuration changed from config 8 to 0
03-31 13:33:05.758 D/NativeSemDvfsManager( 1676): acquire:: timeout = 2000 mIsAcquired = 1  mTagName : SurfaceFlinger 
03-31 13:33:05.759 E/HYPER-HAL( 1561): [HandlerSysfs.cpp]doResourceHandling(): Couldn't Open Sysfs - /sys/devices/system/cpu/bus_dcvs/DDR/soc:qcom,memlat:ddr:prime-latfloor/max_freq
03-31 13:33:05.759 D/KNOX_MDM_SettingsProvider( 2349): isChangeAllowed() : name = accelerometer_rotation
03-31 13:33:05.759 D/SettingsProvider( 2349): PUT_ret(/system/accelerometer_rotation), callingPackage:android
03-31 13:33:05.759 D/KNOX_MDM_SettingsProvider( 2349): isChangeAllowed() : name = user_rotation
03-31 13:33:05.760 V/WindowManager( 2349): Computed rotation=ROTATION_0 (0) for display id=1 based on lastOrientation=SCREEN_ORIENTATION_UNSPECIFIED (-1) and oldRotation=ROTATION_0 (0), caller=com.android.server.wm.WindowManagerService.updateRotationUnchecked:72 com.android.server.wm.WindowManagerService.thawDisplayRotation:113 com.android.server.wm.WindowManagerService.thawRotation:2 android.view.IWindowManager$Stub.onTransact:3013 com.android.server.wm.WindowManagerService.onTransact:1 android.os.Binder.execTransactInternal:1457 
03-31 13:33:05.760 V/WindowManager( 2349): Computed rotation=ROTATION_0 (0) for display id=0 based on lastOrientation=SCREEN_ORIENTATION_UNSPECIFIED (-1) and oldRotation=ROTATION_0 (0), caller=com.android.server.wm.WindowManagerService.updateRotationUnchecked:72 com.android.server.wm.WindowManagerService.thawDisplayRotation:113 com.android.server.wm.WindowManagerService.thawRotation:2 android.view.IWindowManager$Stub.onTransact:3013 com.android.server.wm.WindowManagerService.onTransact:1 android.os.Binder.execTransactInternal:1457 
03-31 13:33:05.760 I/Monkey  ( 5026): ## Network stats: elapsed time=36ms (0ms mobile, 0ms wifi, 36ms not connected)
03-31 13:33:05.761 I/app_process( 5026): System.exit called, status: 0
03-31 13:33:05.761 I/AndroidRuntime( 5026): VM exiting with result code 0.
03-31 13:33:05.762 I/HYPER-HAL( 1561): [RequestManager.cpp]acquire(): Acquired ID : 3582826  [1676 / 1000]    HINT : SF_GPU_MINLOCK    list : [TIMEOUT / 2000] 
03-31 13:33:05.763 I/WALLPAPER_SVC:LegibilityColor( 2349): allowScreenRotate, allow rotate on tablet or dual main : 1 
03-31 13:33:05.763 I/WALLPAPER_SVC:LegibilityColor( 2349): allowScreenRotate, allow rotate on tablet or dual main : 2 
03-31 13:33:05.763 I/HoneySpace.TopTaskSource( 4276): onTaskMovedToFront : taskId = 1628, displayId = 0
03-31 13:33:05.764 E/NativeCustomFrequencyManager( 1676): [NativeCFMS] BpCustomFrequencyManager::acquire()
03-31 13:33:05.765 I/HoneySpace.TopTaskUseCase( 4276): topTasks 1628 ComponentInfo{com.weejobs.app/com.weejobs.app.MainActivity}[displayId=0]
03-31 13:33:05.765 I/HoneySpace.GlobalSettingDataSourceImpl( 4276): Setting accelerometer_rotation changed to 1
03-31 13:33:05.765 I/VRI[app]@3fdb7ea( 3951): setView = android.widget.FrameLayout@93800a8 IsHRR=false mFlingFrameRateChange=0 TM=true
03-31 13:33:05.765 V/WindowManager( 2349): Computed rotation=ROTATION_0 (0) for display id=1 based on lastOrientation=SCREEN_ORIENTATION_UNSPECIFIED (-1) and oldRotation=ROTATION_0 (0), caller=com.android.server.wm.WindowManagerService.updateRotationUnchecked:72 com.android.server.wm.DisplayRotation$SettingsObserver.onChange:14 android.database.ContentObserver.onChange:168 android.database.ContentObserver.onChange:184 android.database.ContentObserver.onChange:202 android.database.ContentObserver.onChange:224 
03-31 13:33:05.765 V/WindowManager( 2349): rotationForOrientation(orient=SCREEN_ORIENTATION_UNSPECIFIED (-1), last=ROTATION_0 (0)); user=ROTATION_0 (0) 
03-31 13:33:05.765 D/WindowManager( 2349): rotationForOrientation, orientationSource=ActivityRecord{102437058 u0 com.sec.android.app.launcher/.activities.LauncherActivity t1407}
03-31 13:33:05.765 V/WindowManager( 2349): Computed rotation=ROTATION_0 (0) for display id=0 based on lastOrientation=SCREEN_ORIENTATION_UNSPECIFIED (-1) and oldRotation=ROTATION_0 (0), caller=com.android.server.wm.WindowManagerService.updateRotationUnchecked:72 com.android.server.wm.DisplayRotation$SettingsObserver.onChange:14 android.database.ContentObserver.onChange:168 android.database.ContentObserver.onChange:184 android.database.ContentObserver.onChange:202 android.database.ContentObserver.onChange:224 
03-31 13:33:05.766 D/HWUI    ( 3951): HWUI - treat SMPTE_170M as sRGB
03-31 13:33:05.766 D/SettingsHelper( 3951): onChange() COMPLETED elapsed= 0
03-31 13:33:05.766 D/SRotationLockTile( 3951):  OnChangedCallback : 
03-31 13:33:05.767 D/Navbar.Store( 3951): handleEvent(0) OnRotationLockedChanged(rotationLocked=false) [Module] NavBarStoreImpl
03-31 13:33:05.767 D/Navbar.Store( 3951): --[Band]TASKBAR_PACK_ROTATION_LOCKED_CHANGED
03-31 13:33:05.767 D/Navbar.Store( 3951): ----apply(0) NavBarStoreAction$UpdateTaskBarNavBarEvents
03-31 13:33:05.767 D/TaskbarDelegate( 3951): handleNavigationBarEvent() TaskbarDelegate is not initialized.
03-31 13:33:05.768 D/SRotationLockTile( 3951):  mRotationLocked: false handleUpdateState: true orientation = true
03-31 13:33:05.768 D/Navbar.Store( 3951): handleEvent(0) OnRotationLockedChanged(rotationLocked=false) [Module] NavBarStoreImpl
03-31 13:33:05.768 D/Navbar.Store( 3951): --[Band]TASKBAR_PACK_ROTATION_LOCKED_CHANGED
03-31 13:33:05.768 D/Navbar.Store( 3951): ----apply(0) NavBarStoreAction$UpdateTaskBarNavBarEvents
03-31 13:33:05.768 D/TaskbarDelegate( 3951): handleNavigationBarEvent() TaskbarDelegate is not initialized.
03-31 13:33:05.768 I/VSyncReactor( 1676): Current= 24, Period= 120, hwcPeriod= 120
03-31 13:33:05.769 D/SRotationLockTile( 3951):  mRotationLocked: false handleUpdateState: true orientation = true
03-31 13:33:05.769 D/SettingsHelper( 3951): onChange() COMPLETED elapsed= 0
03-31 13:33:05.769 D/SRotationLockTile( 3951):  OnChangedCallback : 
03-31 13:33:05.769 D/Navbar.Store( 3951): handleEvent(0) OnRotationLockedChanged(rotationLocked=false) [Module] NavBarStoreImpl
03-31 13:33:05.769 D/Navbar.Store( 3951): --[Band]TASKBAR_PACK_ROTATION_LOCKED_CHANGED
03-31 13:33:05.769 D/Navbar.Store( 3951): ----apply(0) NavBarStoreAction$UpdateTaskBarNavBarEvents
03-31 13:33:05.769 D/TaskbarDelegate( 3951): handleNavigationBarEvent() TaskbarDelegate is not initialized.
03-31 13:33:05.770 I/CocktailBarManagerServiceContainer( 2349): handleMessage: entry what = 6
03-31 13:33:05.770 D/BackgroundInstallControlService( 2349): Package event received: 0
03-31 13:33:05.771 D/SGM:FgCheckThread( 2349): notePauseComponent(), received pkgName: com.sec.android.app.launcher, userId: 0
03-31 13:33:05.771 D/SRotationLockTile( 3951):  mRotationLocked: false handleUpdateState: true orientation = true
03-31 13:33:05.771 D/SemWifiTransportLayerMonitor.TcpMonitorHandler( 2349): MSG_SAVE_PACKAGE_INFO
03-31 13:33:05.771 D/SemWifiTransportLayerFileManager( 2349): saveWifiPackageInfoToFile
03-31 13:33:05.771 D/SemWifiTransportLayerFileManager( 2349): writeWifiPackageInfoList
03-31 13:33:05.771 D/SRotationLockTile( 3951):  mRotationLocked: false handleUpdateState: true orientation = true
03-31 13:33:05.772 D/ShellDesktopMode( 3951): [u0] DesktopRepository: Removes freeform task: taskId=1627
03-31 13:33:05.772 W/ShellDesktopMode( 3951): [u0] DesktopRepository: No display id found for task: taskId=1627
03-31 13:33:05.772 D/ShellDesktopMode( 3951): [u0] DesktopRepository: Removes freeform task: taskId=1627
03-31 13:33:05.772 W/ShellDesktopMode( 3951): [u0] DesktopRepository: No display id found for task: taskId=1627
03-31 13:33:05.772 D/SRotationLockTile( 3951):  mRotationLocked: false handleUpdateState: true orientation = true
03-31 13:33:05.772 I/HoneySpace.RecentTasks( 4276): onRecentTasksChanged
03-31 13:33:05.772 I/HoneySpace.RecentTasks( 4276): onRecentTasksChanged
03-31 13:33:05.773 D/SRotationLockTile( 3951):  mRotationLocked: false handleUpdateState: true orientation = true
03-31 13:33:05.773 I/DisplayDeviceRepository( 2349): Display device changed render timings: "Built-in Screen", renderFrameRate=120.00001, presentationDeadlineNanos=9233333, appVsyncOffsetNanos=8333333, frameRateOverrides=[{uid=10039 frameRateHz=120.00001}, {uid=10140 frameRateHz=120.00001}]
03-31 13:33:05.775 W/ProcessStats( 2349): Tracking association SourceState{7ee9cf3 com.microsoft.appmanager:accsvc/10134 BFgs #2936419} whose proc state 4 is better than process ProcessState{b5d0db0 com.microsoft.appmanager:permsvc/10134 pkg=com.microsoft.appmanager} proc state 5 (10 skipped)
03-31 13:33:05.777 V/OsAgent ( 5266): broadcastSystemEvent - 7
03-31 13:33:05.777 D/SurfaceComposerClient( 2349): setCornerRadius ## d22f856 Splash Screen com.weejobs.app#27659 cornerRadius=0.000000
03-31 13:33:05.777 W/LocalDisplayAdapter( 2349): Ignoring request for invalid base mode id 10
03-31 13:33:05.780 D/Zygote  ( 1479): Forked child process 5184
03-31 13:33:05.781 D/DisplayLifecycle( 3951): updateDisplay id = 0
03-31 13:33:05.781 I/ActivityManager( 2349): Start proc 5184:com.weejobs.app/u0a789 for next-top-activity {com.weejobs.app/com.weejobs.app.MainActivity}
03-31 13:33:05.781 I/ActivityManager( 2349): ProcessObserver broadcast disabled
03-31 13:33:05.782 D/StackScroller( 3951): onDisplayChanged for predraw skip to 2
03-31 13:33:05.782 D/WifiDisplayAdapter( 2349): isFitToActiveDisplayLocked : false
03-31 13:33:05.782 I/HoneySpace.Memory-Monitor( 4276): current state = 2, didTrim = false
03-31 13:33:05.789 D/BatteryDump( 1545): wait_for_battery_event : occurred : remove@/devices/virtual/input/input24/event19 
03-31 13:33:05.789 I/EventHub( 2349): Removing device Monkey touch due to epoll hang-up event.
03-31 13:33:05.789 I/EventHub( 2349): Removed device: path=/dev/input/event19 name=Monkey touch id=25 fd=1116 classes=TOUCH | TOUCH_MT
03-31 13:33:05.789 D/BatteryDump( 1545): wait_for_battery_event : occurred : remove@/devices/virtual/wakeup/wakeup196 
03-31 13:33:05.791 I/InputReader( 2349): Device removed: id=18, eventHubId=25, name='Monkey touch', descriptor='e1fe28b90f915c7d1febbd52c1ef84b3c4cbed9f', sources=TOUCHSCREEN
03-31 13:33:05.792 D/BoundBrokerSvc( 8820): onRebind: Intent { act=com.google.android.gms.libs.gmscorelogger.service.START dat=chimera-action:/... xflg=0x4 cmp=com.google.android.gms/.chimera.PersistentDirectBootAwareApiService }
03-31 13:33:05.792 W/InputReader( 2349): Rotary Encoder device configuration file didn't specify resolution!
03-31 13:33:05.792 W/InputReader( 2349): Rotary Encoder device configuration file didn't specify scaling factor,default to 1.000000!
03-31 13:33:05.792 I/InputReader( 2349): Rotary Encoder device configuration file didn't specify min log rotation.
03-31 13:33:05.793 D/BatteryDump( 1545): wait_for_battery_event : occurred : remove@/devices/virtual/input/input24 
03-31 13:33:05.795 I/com.weejobs.app( 5184): Using CollectorTypeCMC GC.
03-31 13:33:05.796 I/SurfaceFlinger( 1676): finalizeDisplayModeChange 4630946213010294403
03-31 13:33:05.797 D/BoundBrokerSvc( 8820): onRebind: Intent { act=com.google.android.gms.auth.aang.events.services.START dat=chimera-action:/... xflg=0x4 cmp=com.google.android.gms/.chimera.PersistentApiService }
03-31 13:33:05.798 I/VSyncReactor( 1676): Current= 120, Period= 120, Distance= 14
03-31 13:33:05.799 D/nativeloader( 5184): Load libframework-connectivity-tiramisu-jni.so using APEX ns com_android_tethering for caller /apex/com.android.tethering/javalib/framework-connectivity-t.jar: ok
03-31 13:33:05.801 D/ActivityThread( 5184): setConscryptValidator
03-31 13:33:05.801 D/ActivityThread( 5184): setConscryptValidator - put
03-31 13:33:05.806 D/NetdEventListenerService( 2349): DNS Requested by 170, 10238(com.google.android.gms,...), SUCCESS, 40ms
03-31 13:33:05.806 D/NetdEventListenerService( 2349): DNS Requested by 170, 10238(com.google.android.gms,...), SUCCESS, 46ms
03-31 13:33:05.806 I/WindowManager( 2349): Relayout Window{d22f856 u0 Splash Screen com.weejobs.app}: viewVisibility=0 req=904x2316 ty=3 d0
03-31 13:33:05.807 I/SurfaceFlinger( 1676): [Splash Screen com.weejobs.app$_3951#27660] attach to parent LayerHierarchy{RequestedLayerState{d22f856 Splash Screen com.weejobs.app#27659 parentId=27658} 1 children}
03-31 13:33:05.807 I/VSyncReactor( 1676): Current= 120, Period= 120, Distance= 120
03-31 13:33:05.807 I/SurfaceFlinger( 1676): id=27660 createSurf, flag=44004, Splash Screen com.weejobs.app$_3951#27660
03-31 13:33:05.807 D/BoundBrokerSvc( 8820): onBind: Intent { act=com.google.android.gms.auth.account.data.service.START dat=chimera-action:/... xflg=0x4 cmp=com.google.android.gms/.chimera.PersistentBoundBrokerService }
03-31 13:33:05.807 D/BoundBrokerSvc( 8820): Loading bound service for intent: Intent { act=com.google.android.gms.auth.account.data.service.START dat=chimera-action:/... xflg=0x4 cmp=com.google.android.gms/.chimera.PersistentBoundBrokerService }
03-31 13:33:05.809 D/WindowManager( 2349): makeSurface duration=2 name=Splash Screen com.weejobs.app$_3951
03-31 13:33:05.809 D/SurfaceComposerClient( 2349): setCornerRadius ## d22f856 Splash Screen com.weejobs.app#27659 cornerRadius=0.000000
03-31 13:33:05.810 D/InputDispatcher( 2349): Focus left window (0): a4b6524 com.sec.android.app.launcher/com.sec.android.app.launcher.activities.LauncherActivity
03-31 13:33:05.811 D/SurfaceComposerClient( 2349): setCornerRadius ## d22f856 Splash Screen com.weejobs.app#27659 cornerRadius=0.000000
03-31 13:33:05.811 I/HBD     (12719): b isPhysicalKeyboard() isPhysicalKeyboard false: deviceId=-1, isVirtual=true, keyboardType=2, isKeyboardTypedMouse=false 
03-31 13:33:05.811 D/WindowManager( 2349): Changing focus from Window{a4b6524 u0 com.sec.android.app.launcher/com.sec.android.app.launcher.activities.LauncherActivity} to null displayId=0 Callers=com.android.server.wm.WindowManagerService.relayoutWindow:1411 com.android.server.wm.Session.relayout:27 android.view.IWindowSession$Stub.onTransact:829 com.android.server.wm.Session.onTransact:1 
03-31 13:33:05.811 I/HBD     (12719): b isPhysicalKeyboard() isPhysicalKeyboard false: deviceId=2, isVirtual=false, keyboardType=1, isKeyboardTypedMouse=false 
03-31 13:33:05.811 I/HBD     (12719): b isPhysicalKeyboard() isPhysicalKeyboard false: deviceId=3, isVirtual=false, keyboardType=1, isKeyboardTypedMouse=false 
03-31 13:33:05.811 I/HBD     (12719): b isPhysicalKeyboard() isPhysicalKeyboard false: deviceId=4, isVirtual=false, keyboardType=1, isKeyboardTypedMouse=false 
03-31 13:33:05.811 I/HBD     (12719): b isPhysicalKeyboard() isPhysicalKeyboard false: deviceId=5, isVirtual=false, keyboardType=0, isKeyboardTypedMouse=false 
03-31 13:33:05.811 V/SystemKeyManager( 2349): updateFocusedWindow() is called, 
03-31 13:33:05.811 I/HBD     (12719): b isPhysicalKeyboard() isPhysicalKeyboard false: deviceId=6, isVirtual=false, keyboardType=0, isKeyboardTypedMouse=false 
03-31 13:33:05.811 I/HBD     (12719): b isPhysicalKeyboard() isPhysicalKeyboard false: deviceId=7, isVirtual=false, keyboardType=1, isKeyboardTypedMouse=false 
03-31 13:33:05.811 I/HBD     (12719): b isPhysicalKeyboard() isPhysicalKeyboard false: deviceId=8, isVirtual=false, keyboardType=1, isKeyboardTypedMouse=false 
03-31 13:33:05.811 I/HBD     (12719): b isPhysicalKeyboard() isPhysicalKeyboard false: deviceId=9, isVirtual=false, keyboardType=1, isKeyboardTypedMouse=false 
03-31 13:33:05.811 I/HBD     (12719): b isPhysicalKeyboard() isPhysicalKeyboard false: deviceId=10, isVirtual=false, keyboardType=1, isKeyboardTypedMouse=false 
03-31 13:33:05.812 I/HBD     (12719): b isPhysicalKeyboard() isPhysicalKeyboard false: deviceId=11, isVirtual=false, keyboardType=1, isKeyboardTypedMouse=false 
03-31 13:33:05.812 W/OptProp ( 2349): Cannot read opt property android.window.PROPERTY_COMPAT_ALLOW_ORIENTATION_OVERRIDE
03-31 13:33:05.812 I/ImeFocusController( 4276): onPreWindowFocus: skipped hasWindowFocus=false mHasImeFocus=true
03-31 13:33:05.812 I/HBD     (12719): b isPhysicalKeyboard() isPhysicalKeyboard false: deviceId=12, isVirtual=false, keyboardType=1, isKeyboardTypedMouse=false 
03-31 13:33:05.812 I/HBD     (12719): b currentConnectionState : false 
03-31 13:33:05.812 V/WindowManager( 2349): rotationForOrientation(orient=SCREEN_ORIENTATION_PORTRAIT (1), last=ROTATION_0 (0)); user=ROTATION_0 (0) 
03-31 13:33:05.812 D/WindowManager( 2349): rotationForOrientation, orientationSource=ActivityRecord{212813052 u0 com.weejobs.app/.MainActivity t1628}
03-31 13:33:05.812 V/WindowManager( 2349): Computed rotation=ROTATION_0 (0) for display id=0 based on lastOrientation=SCREEN_ORIENTATION_PORTRAIT (1) and oldRotation=ROTATION_0 (0), caller=com.android.server.wm.DisplayRotation.updateOrientation:79 com.android.server.wm.DisplayContent.updateOrientation:41 com.android.server.wm.DisplayContent.updateOrientation:1 com.android.server.wm.WindowManagerService.relayoutWindow:1464 com.android.server.wm.Session.relayout:27 android.view.IWindowSession$Stub.onTransact:829 
03-31 13:33:05.812 I/WindowManager( 2349): Relayout hash=d22f856, pid=3951, syncId=-1: mAttrs={(0,0)(fillxfill) sim={adjust=pan} layoutInDisplayCutoutMode=always ty=APPLICATION_STARTING fmt=TRANSLUCENT wanim=0x1030306
03-31 13:33:05.812 I/WindowManager( 2349):   fl=81030118
03-31 13:33:05.812 I/WindowManager( 2349):   pfl=10000810
03-31 13:33:05.812 I/WindowManager( 2349):   apr=18
03-31 13:33:05.812 I/WindowManager( 2349):   bhv=1
03-31 13:33:05.812 I/WindowManager( 2349):   fitSides=0
03-31 13:33:05.812 I/WindowManager( 2349):   frameRateBoostOnTouch=true
03-31 13:33:05.812 I/WindowManager( 2349):   dvrrWindowFrameRateHint=true naviIconColor=0}
03-31 13:33:05.812 D/TspStateManager( 2349): updateCustomValue customSetting=
03-31 13:33:05.813 D/CoreBackPreview( 2349): Window{d22f856 u0 Splash Screen com.weejobs.app}: Setting back callback OnBackInvokedCallbackInfo{mCallback=android.window.IOnBackInvokedCallback$Stub$Proxy@8fdcb33, mPriority=0, mIsAnimationCallback=false, mOverrideBehavior=0}
03-31 13:33:05.814 I/InsetsController( 3951): onStateChanged: host=Splash Screen com.weejobs.app, from=android.view.ViewRootImpl.onInsetsStateChanged:3026, state=InsetsState: {mDisplayFrame=Rect(0, 0 - 904, 2316), mDisplayCutout=DisplayCutout{insets=Rect(0, 87 - 0, 0) waterfall=Insets{left=0, top=0, right=0, bottom=0} boundingRect={Bounds=[Rect(0, 0 - 0, 0), Rect(418, 0 - 486, 87), Rect(0, 0 - 0, 0), Rect(0, 0 - 0, 0)]} cutoutPathParserInfo={CutoutPathParserInfo{displayWidth=904 displayHeight=2316 physicalDisplayWidth=904 physicalDisplayHeight=2316 density={2.625} cutoutSpec={M 0,0 H -12.95238095238095 V 33.14285714285714 H 12.95238095238095 V 0 H 0 Z @dp} rotation={0} scale={1.0} physicalPixelDisplaySizeRatio={1.0}}} sideOverrides={}}, mRoundedCorners=RoundedCorners{[RoundedCorner{position=TopLeft, radius=68, center=Point(68, 68)}, RoundedCorner{position=TopRight, radius=68, center=Point(836, 68)}, RoundedCorner{position=BottomRight, radius=68, center=Point(836, 2248)}, RoundedCorner{position=BottomLeft, radius=68, center=Point(68, 2248)}]}  mRoundedCornerFrame=Rect(0, 0 - 904, 2316), mPrivacyIndicatorBounds=PrivacyIndicatorBounds {static bounds=Rect(788, 0 - 904, 87) rotation=0}, mDisplayShape=DisplayShape{ spec=-311912193 displayWidth=904 displayHeight=2316 physicalPixelDisplaySizeRatio=1.0 rotation=0 offsetX=0 offsetY=0 scale=1.0}, mSources= { InsetsSource: {a1630001 mType=navigationBars mFrame=[0,2190][904,2316] mVisible=true mFlags= mSideHint=BOTTOM mBoundingRects=null}, InsetsSource: {a1630004 mType=systemGestures mFrame=[0,0][0,0] mVisible=true mFlags= mSideHint=NONE mBoundingRects=null}, InsetsSource: {a1630005 mType=mandatorySystemGestures mFrame=[0,2190][904,2316] mVisible=true mFlags= mSideHint=BOTTOM mBoundingRects=null}, InsetsSource: {a1630006 mType=tappableElement mFrame=[0,2190][904,2316] mVisible=true mFlags= mSideHint=BOTTOM mBoundingRects=null}, InsetsSource: {a1630024 mType=systemGestures mFrame=[0,0][0,0] mVisible=true mFlags= mSideHint=NONE mBoundingRects=null}, InsetsSource: {fb6f0000 mType=statusBars mFrame=[0,0][904,87] mVisible=true mFlags= mSideHint=TOP mBoundingRects=null}, InsetsSource: {fb6f0005 mType=mandatorySystemGestures mFrame=[0,0][904,119] mVisible=true mFlags= mSideHint=TOP mBoundingRects=null}, InsetsSource: {fb6f0006 mType=tappableElement mFrame=[0,0][904,87] mVisible=true mFlags= mSideHint=TOP mBoundingRects=null}, InsetsSource: {3 mType=ime mFrame=[0,0][0,0] mVisible=false mFlags= mSideHint=NONE mBoundingRects=null}, InsetsSource: {27 mType=displayCutout mFrame=[0,0][904,87] mVisible=true mFlags= mSideHint=TOP mBoundingRects=null}, InsetsSource: {244a0004 mType=systemGestures mFrame=[0,0][0,0] mVisible=false mFlags= mSideHint=NONE mBoundingRects=null}, InsetsSource: {244a0005 mType=mandatorySystemGestures mFrame=[0,0][0,0] mVisible=false mFlags= mSideHint=NONE mBoundingRects=null}, InsetsSource: {244a0006 mType=tappableElement mFrame=[0,0][0,0] mVisible=false mFlags= mSideHint=NONE mBoundingRects=null}, InsetsSource: {244a0024 mType=systemGestures mFrame=[0,0][0,0] mVisible=false mFlags= mSideHint=NONE mBoundingRects=null} }
03-31 13:33:05.814 I/VRI[app]@3fdb7ea( 3951): onActiveControlsChanged, removed=false, mAdded=true, caller=android.view.ViewRootImpl.handleInsetsControlChanged:3002 android.view.ViewRootImpl.relayoutWindow:11629 android.view.ViewRootImpl.performTraversals:4804 android.view.ViewRootImpl.doTraversal:3924 android.view.ViewRootImpl$TraversalRunnable.run:12903 
03-31 13:33:05.814 I/EventHub( 2349): Removing device '/dev/input/event19' due to inotify event
03-31 13:33:05.814 W/libc    ( 3951): Access denied finding property "vendor.display.enable_optimal_refresh_rate"
03-31 13:33:05.815 I/BufferQueueProducer( 3951): [](id:f6f0000058c,api:0,p:1134865904,c:3951) setDequeueTimeout:2077252342
03-31 13:33:05.815 I/BLASTBufferQueue_Java( 3951): new BLASTBufferQueue, mName= VRI[app]@3fdb7ea mNativeObject= 0xb400006e64093490 caller= android.view.ViewRootImpl.updateBlastSurfaceIfNeeded:3585 android.view.ViewRootImpl.relayoutWindow:11685 android.view.ViewRootImpl.performTraversals:4804 android.view.ViewRootImpl.doTraversal:3924 android.view.ViewRootImpl$TraversalRunnable.run:12903 android.view.Choreographer$CallbackRecord.run:1901 android.view.Choreographer$CallbackRecord.run:1910 android.view.Choreographer.doCallbacks:1367 android.view.Choreographer.doFrame:1292 android.view.Choreographer$FrameDisplayEventReceiver.run:1870 
03-31 13:33:05.815 I/BLASTBufferQueue_Java( 3951): update, w= 904 h= 2316 mName = VRI[app]@3fdb7ea mNativeObject= 0xb400006e64093490 sc.mNativeObject= 0xb400006f339d0310 format= -3 caller= android.view.ViewRootImpl.updateBlastSurfaceIfNeeded:3590 android.view.ViewRootImpl.relayoutWindow:11685 android.view.ViewRootImpl.performTraversals:4804 android.view.ViewRootImpl.doTraversal:3924 android.view.ViewRootImpl$TraversalRunnable.run:12903 android.view.Choreographer$CallbackRecord.run:1901 
03-31 13:33:05.815 I/ActivityManager( 2349): Changes in 10789 19 to 2, 0 to 255
03-31 13:33:05.815 D/SGM:GameManager( 2349): identifyForegroundApp. com.sec.android.app.launcher, mCurrentUserId: 0, callerUserId: 0
03-31 13:33:05.815 D/SGM:SemGameManager( 2349): isForegroundGame(), ret=false
03-31 13:33:05.816 W/libc    ( 3951): Access denied finding property "vendor.display.enable_optimal_refresh_rate"
03-31 13:33:05.816 D/BackgroundInstallControlService( 2349): Package event received: 0
03-31 13:33:05.816 I/VRI[app]@3fdb7ea( 3951): Relayout returned: old=(0,0,904,2316) new=(0,0,904,2316) relayoutAsync=false req=(904,2316)0 dur=9 res=0x3 s={true 0xb400006ee3a07530} ch=true seqId=0
03-31 13:33:05.816 I/VRI[app]@3fdb7ea( 3951): performConfigurationChange setNightDimText nightDimLevel=0
03-31 13:33:05.816 D/VRI[app]@3fdb7ea( 3951): mThreadedRenderer.initialize() mSurface={isValid=true 0xb400006ee3a07530} hwInitialized=true
03-31 13:33:05.817 V/NetworkPolicy( 2349): getFirewallRuleWifi UID:10789 policy:0
03-31 13:33:05.817 D/VRI[app]@3fdb7ea( 3951): reportNextDraw android.view.ViewRootImpl.performTraversals:5443 android.view.ViewRootImpl.doTraversal:3924 android.view.ViewRootImpl$TraversalRunnable.run:12903 android.view.Choreographer$CallbackRecord.run:1901 android.view.Choreographer$CallbackRecord.run:1910 
03-31 13:33:05.817 D/VRI[app]@3fdb7ea( 3951): Setup new sync=wmsSync-VRI[app]@3fdb7ea#14
03-31 13:33:05.817 I/VRI[app]@3fdb7ea( 3951): Creating new active sync group VRI[app]@3fdb7ea#15
03-31 13:33:05.817 D/VRI[app]@3fdb7ea( 3951): registerCallbacksForSync syncBuffer=false
03-31 13:33:05.818 D/KNOX_MDM_SettingsProvider( 2349): isChangeAllowed() : name = sem_task_bar_available
03-31 13:33:05.818 D/KNOX_MDM_SettingsProvider( 2349): edmUri: content://com.sec.knox.provider/RestrictionPolicy3
03-31 13:33:05.818 D/KNOX_MDM_SettingsProvider( 2349): projectionArgs: isSettingsChangesAllowed
03-31 13:33:05.818 D/KNOX_MDM_SettingsProvider( 2349): selectionArgs: false
03-31 13:33:05.818 D/KNOX_MDM_SettingsProvider( 2349): selectionArgs: 10039
03-31 13:33:05.818 D/PkgPredictorService-SecIpmManagerServiceImpl( 2349): onForegroundActivitiesChanged pid:5184 uid:10789
03-31 13:33:05.818 D/SecContentProvider( 2349): query(), uri = 17 selection = isSettingsChangesAllowed
03-31 13:33:05.818 D/SecContentProvider( 2349): called from android.uid.systemui:10039
03-31 13:33:05.818 D/RestrictionPolicy( 2349): isSettingsChangesAllowedAsUser, userId 0 : true
03-31 13:33:05.818 D/KNOX_MDM_SettingsProvider( 2349): ret = 1
03-31 13:33:05.818 D/SGM:GameManager( 2349): identifyForegroundApp. com.sec.android.app.launcher, mCurrentUserId: 0, callerUserId: 0
03-31 13:33:05.818 D/SGM:SemGameManager( 2349): isForegroundGame(), ret=false
03-31 13:33:05.818 D/NetworkPolicy( 2349): already checked 10789
03-31 13:33:05.820 V/OsAgent ( 5266): broadcastSystemEvent - 7
03-31 13:33:05.820 I/ImeFocusController( 4276): onPostWindowFocus: skipped hasWindowFocus=false mHasImeFocus=true
03-31 13:33:05.821 I/HoneySpace.InputDeviceSourceRepositoryImpl( 4276): onInputDeviceRemoved 18
03-31 13:33:05.821 I/HoneySpace.InputDeviceSourceRepositoryImpl( 4276): onInputDeviceRemoved 18
03-31 13:33:05.821 I/HoneySpace.RecentscreenPot( 4276): createLayoutStyle: FoldCoverLayoutStyle(ScreenLayoutStyle(insets=Insets{left=0, top=87, right=0, bottom=126}), FGSLayoutStyle(touchAreaHeight=143, buttonMargin=Insets{left=42, top=0, right=63, bottom=0}, textSize=31.5, textColor=-328966, background=androidx.appcompat.graphics.drawable.SeslRecoilDrawable@c546957, marginTop=11), MoreMenuLayoutStyle(src=android.graphics.drawable.VectorDrawable@8538c44, iconSize=120, touchPadding=Insets{left=12, top=12, right=12, bottom=12}, marginTop=13, marginEnd=21))
