03-31 13:39:59.703 E/HYPER-HAL( 1561): [HandlerSysfs.cpp]doResourceHandling(): Couldn't Open Sysfs - /sys/devices/system/cpu/bus_dcvs/DDR/soc:qcom,memlat:ddr:prime-latfloor/max_freq
03-31 13:39:59.705 D/RestrictionPolicy( 2349): isScreenCaptureEnabled : ret=true userId=0
03-31 13:39:59.705 V/WindowManager( 2349): addWindow: ActivityRecord{38323337 u0 com.weejobs.app/.MainActivity t1630} startingWindow=Window{3f1c8ec u0 Splash Screen com.weejobs.app}
03-31 13:39:59.706 I/SurfaceFlinger( 1676): finalizeDisplayModeChange 4630946213010294403
03-31 13:39:59.706 I/SurfaceFlinger( 1676): [Display 0 name="Built-in Screen"#50] setFrameRateCategory: High
03-31 13:39:59.706 I/SurfaceFlinger( 1676): [Task=1630#27717] attach to parent LayerHierarchy{RequestedLayerState{DefaultTaskDisplayArea_d0#11 parentId=10} 12 children}
03-31 13:39:59.706 I/SurfaceFlinger( 1676): [ActivityRecord{38323337 u0 com.weejobs.app/.MainActivity t1630}#27718] attach to parent LayerHierarchy{RequestedLayerState{Task=1630#27717 parentId=11} 1 children}
03-31 13:39:59.706 I/SurfaceFlinger( 1676): [3f1c8ec Splash Screen com.weejobs.app#27719] attach to parent LayerHierarchy{RequestedLayerState{ActivityRecord{38323337 u0 com.weejobs.app/.MainActivity t1630}#27718 parentId=27717} 1 children}
03-31 13:39:59.707 I/BpBinder( 1676): onLastStrongRef automatically unlinking death recipients: 
03-31 13:39:59.708 D/Zygote  ( 1479): Forked child process 8771
03-31 13:39:59.708 W/OptProp ( 2349): Cannot read opt property android.window.PROPERTY_COMPAT_ALLOW_ORIENTATION_OVERRIDE
03-31 13:39:59.708 I/ActivityManager( 2349): Start proc 8771:com.weejobs.app/u0a789 for next-top-activity {com.weejobs.app/com.weejobs.app.MainActivity}
03-31 13:39:59.709 V/WindowManager( 2349): rotationForOrientation(orient=SCREEN_ORIENTATION_PORTRAIT (1), last=ROTATION_0 (0)); user=ROTATION_0 (0) 
03-31 13:39:59.709 D/WindowManager( 2349): rotationForOrientation, orientationSource=ActivityRecord{38323337 u0 com.weejobs.app/.MainActivity t1630}
03-31 13:39:59.709 V/WindowManager( 2349): Computed rotation=ROTATION_0 (0) for display id=0 based on lastOrientation=SCREEN_ORIENTATION_PORTRAIT (1) and oldRotation=ROTATION_0 (0), caller=com.android.server.wm.DisplayRotation.updateOrientation:79 com.android.server.wm.DisplayContent.updateOrientation:41 com.android.server.wm.WindowManagerService.addWindowInner:690 com.android.server.wm.WindowManagerService.addWindow:1842 com.android.server.wm.Session.addToDisplayAsUser:24 android.view.IWindowSession$Stub.onTransact:757 
03-31 13:39:59.710 D/InputTransport( 2349): Input channel destroyed: '3f1c8ec', fd=1139
03-31 13:39:59.710 D/SGM:FgCheckThread( 2349): notePauseComponent(), received pkgName: com.sec.android.app.launcher, userId: 0
03-31 13:39:59.710 D/SemWifiTransportLayerMonitor.TcpMonitorHandler( 2349): MSG_SAVE_PACKAGE_INFO
03-31 13:39:59.710 I/ActivityManager( 2349): ProcessObserver broadcast disabled
03-31 13:39:59.711 D/SemWifiTransportLayerFileManager( 2349): saveWifiPackageInfoToFile
03-31 13:39:59.711 D/SemWifiTransportLayerFileManager( 2349): writeWifiPackageInfoList
03-31 13:39:59.711 I/VSyncReactor( 1676): Current= 120, Period= 120, Distance= 1
03-31 13:39:59.712 D/InputTransport( 3951): Input channel constructed: '3f1c8ec', fd=652
03-31 13:39:59.712 D/KNOX_MDM_SettingsProvider( 2349): isChangeAllowed() : name = accelerometer_rotation
03-31 13:39:59.712 I/InsetsController( 3951): onStateChanged: host=Splash Screen com.weejobs.app, from=android.view.ViewRootImpl.onInsetsStateChanged:3026, state=InsetsState: {mDisplayFrame=Rect(0, 0 - 904, 2316), mDisplayCutout=DisplayCutout{insets=Rect(0, 87 - 0, 0) waterfall=Insets{left=0, top=0, right=0, bottom=0} boundingRect={Bounds=[Rect(0, 0 - 0, 0), Rect(418, 0 - 486, 87), Rect(0, 0 - 0, 0), Rect(0, 0 - 0, 0)]} cutoutPathParserInfo={CutoutPathParserInfo{displayWidth=904 displayHeight=2316 physicalDisplayWidth=904 physicalDisplayHeight=2316 density={2.625} cutoutSpec={M 0,0 H -12.95238095238095 V 33.14285714285714 H 12.95238095238095 V 0 H 0 Z @dp} rotation={0} scale={1.0} physicalPixelDisplaySizeRatio={1.0}}} sideOverrides={}}, mRoundedCorners=RoundedCorners{[RoundedCorner{position=TopLeft, radius=68, center=Point(68, 68)}, RoundedCorner{position=TopRight, radius=68, center=Point(836, 68)}, RoundedCorner{position=BottomRight, radius=68, center=Point(836, 2248)}, RoundedCorner{position=BottomLeft, radius=68, center=Point(68, 2248)}]}  mRoundedCornerFrame=Rect(0, 0 - 904, 2316), mPrivacyIndicatorBounds=PrivacyIndicatorBounds {static bounds=Rect(788, 0 - 904, 87) rotation=0}, mDisplayShape=DisplayShape{ spec=-311912193 displayWidth=904 displayHeight=2316 physicalPixelDisplaySizeRatio=1.0 rotation=0 offsetX=0 offsetY=0 scale=1.0}, mSources= { InsetsSource: {a1630001 mType=navigationBars mFrame=[0,2190][904,2316] mVisible=true mFlags= mSideHint=BOTTOM mBoundingRects=null}, InsetsSource: {a1630004 mType=systemGestures mFrame=[0,0][0,0] mVisible=true mFlags= mSideHint=NONE mBoundingRects=null}, InsetsSource: {a1630005 mType=mandatorySystemGestures mFrame=[0,2190][904,2316] mVisible=true mFlags= mSideHint=BOTTOM mBoundingRects=null}, InsetsSource: {a1630006 mType=tappableElement mFrame=[0,2190][904,2316] mVisible=true mFlags= mSideHint=BOTTOM mBoundingRects=null}, InsetsSource: {a1630024 mType=systemGestures mFrame=[0,0][0,0] mVisible=true mFlags= mSideHint=NONE mBoundingRects=null}, InsetsSource: {fb6f0000 mType=statusBars mFrame=[0,0][904,87] mVisible=true mFlags= mSideHint=TOP mBoundingRects=null}, InsetsSource: {fb6f0005 mType=mandatorySystemGestures mFrame=[0,0][904,119] mVisible=true mFlags= mSideHint=TOP mBoundingRects=null}, InsetsSource: {fb6f0006 mType=tappableElement mFrame=[0,0][904,87] mVisible=true mFlags= mSideHint=TOP mBoundingRects=null}, InsetsSource: {3 mType=ime mFrame=[0,0][0,0] mVisible=false mFlags= mSideHint=NONE mBoundingRects=null}, InsetsSource: {27 mType=displayCutout mFrame=[0,0][904,87] mVisible=true mFlags= mSideHint=TOP mBoundingRects=null}, InsetsSource: {244a0004 mType=systemGestures mFrame=[0,0][0,0] mVisible=false mFlags= mSideHint=NONE mBoundingRects=null}, InsetsSource: {244a0005 mType=mandatorySystemGestures mFrame=[0,0][0,0] mVisible=false mFlags= mSideHint=NONE mBoundingRects=null}, InsetsSource: {244a0006 mType=tappableElement mFrame=[0,0][0,0] mVisible=false mFlags= mSideHint=NONE mBoundingRects=null}, InsetsSource: {244a0024 mType=systemGestures mFrame=[0,0][0,0] mVisible=false mFlags= mSideHint=NONE mBoundingRects=null} }
03-31 13:39:59.712 I/VRI[app]@1822352( 3951): onActiveControlsChanged, removed=false, mAdded=true, caller=android.view.ViewRootImpl.handleInsetsControlChanged:3002 android.view.ViewRootImpl.setView:2014 android.view.WindowManagerGlobal.addView:604 com.android.wm.shell.startingsurface.SplashscreenWindowCreator.addWindow:38 com.android.wm.shell.startingsurface.StartingWindowController$$ExternalSyntheticLambda4.run:1365 
03-31 13:39:59.712 I/VRI[app]@1822352( 3951): synced displayState. AttachInfo displayState=2
03-31 13:39:59.715 D/SettingsProvider( 2349): PUT_ret(/system/accelerometer_rotation), callingPackage:android
03-31 13:39:59.715 D/KNOX_MDM_SettingsProvider( 2349): isChangeAllowed() : name = user_rotation
03-31 13:39:59.715 V/WindowManager( 2349): Computed rotation=ROTATION_0 (0) for display id=1 based on lastOrientation=SCREEN_ORIENTATION_UNSPECIFIED (-1) and oldRotation=ROTATION_0 (0), caller=com.android.server.wm.WindowManagerService.updateRotationUnchecked:72 com.android.server.wm.WindowManagerService.freezeDisplayRotation:156 com.android.server.wm.WindowManagerService.freezeRotation:2 android.view.IWindowManager$Stub.onTransact:3004 com.android.server.wm.WindowManagerService.onTransact:1 android.os.Binder.execTransactInternal:1457 
03-31 13:39:59.715 V/WindowManager( 2349): Computed rotation=ROTATION_0 (0) for display id=0 based on lastOrientation=SCREEN_ORIENTATION_PORTRAIT (1) and oldRotation=ROTATION_0 (0), caller=com.android.server.wm.WindowManagerService.updateRotationUnchecked:72 com.android.server.wm.WindowManagerService.freezeDisplayRotation:156 com.android.server.wm.WindowManagerService.freezeRotation:2 android.view.IWindowManager$Stub.onTransact:3004 com.android.server.wm.WindowManagerService.onTransact:1 android.os.Binder.execTransactInternal:1457 
03-31 13:39:59.716 I/VRI[app]@1822352( 3951): setView = android.widget.FrameLayout@434586f IsHRR=false mFlingFrameRateChange=0 TM=true
03-31 13:39:59.717 D/HWUI    ( 3951): HWUI - treat SMPTE_170M as sRGB
03-31 13:39:59.717 V/WindowManager( 2349): Computed rotation=ROTATION_0 (0) for display id=1 based on lastOrientation=SCREEN_ORIENTATION_UNSPECIFIED (-1) and oldRotation=ROTATION_0 (0), caller=com.android.server.wm.WindowManagerService.updateRotationUnchecked:72 com.android.server.wm.DisplayRotation$SettingsObserver.onChange:14 android.database.ContentObserver.onChange:168 android.database.ContentObserver.onChange:184 android.database.ContentObserver.onChange:202 android.database.ContentObserver.onChange:224 
03-31 13:39:59.717 V/WindowManager( 2349): rotationForOrientation(orient=SCREEN_ORIENTATION_PORTRAIT (1), last=ROTATION_0 (0)); user=ROTATION_0 (0) USER_ROTATION_LOCKED
03-31 13:39:59.717 D/WindowManager( 2349): rotationForOrientation, orientationSource=ActivityRecord{38323337 u0 com.weejobs.app/.MainActivity t1630}
03-31 13:39:59.717 V/WindowManager( 2349): Computed rotation=ROTATION_0 (0) for display id=0 based on lastOrientation=SCREEN_ORIENTATION_PORTRAIT (1) and oldRotation=ROTATION_0 (0), caller=com.android.server.wm.WindowManagerService.updateRotationUnchecked:72 com.android.server.wm.DisplayRotation$SettingsObserver.onChange:14 android.database.ContentObserver.onChange:168 android.database.ContentObserver.onChange:184 android.database.ContentObserver.onChange:202 android.database.ContentObserver.onChange:224 
03-31 13:39:59.717 D/KNOX_MDM_SettingsProvider( 2349): isChangeAllowed() : name = accelerometer_rotation
03-31 13:39:59.718 D/SettingsProvider( 2349): PUT_ret(/system/accelerometer_rotation), callingPackage:android
03-31 13:39:59.718 D/KNOX_MDM_SettingsProvider( 2349): isChangeAllowed() : name = user_rotation
03-31 13:39:59.718 V/WindowManager( 2349): Computed rotation=ROTATION_0 (0) for display id=1 based on lastOrientation=SCREEN_ORIENTATION_UNSPECIFIED (-1) and oldRotation=ROTATION_0 (0), caller=com.android.server.wm.WindowManagerService.updateRotationUnchecked:72 com.android.server.wm.WindowManagerService.thawDisplayRotation:113 com.android.server.wm.WindowManagerService.thawRotation:2 android.view.IWindowManager$Stub.onTransact:3013 com.android.server.wm.WindowManagerService.onTransact:1 android.os.Binder.execTransactInternal:1457 
03-31 13:39:59.718 V/WindowManager( 2349): Computed rotation=ROTATION_0 (0) for display id=0 based on lastOrientation=SCREEN_ORIENTATION_PORTRAIT (1) and oldRotation=ROTATION_0 (0), caller=com.android.server.wm.WindowManagerService.updateRotationUnchecked:72 com.android.server.wm.WindowManagerService.thawDisplayRotation:113 com.android.server.wm.WindowManagerService.thawRotation:2 android.view.IWindowManager$Stub.onTransact:3013 com.android.server.wm.WindowManagerService.onTransact:1 android.os.Binder.execTransactInternal:1457 
03-31 13:39:59.719 I/VSyncReactor( 1676): Current= 120, Period= 120, Distance= 120
03-31 13:39:59.719 I/SurfaceFlinger( 1676): [LayerHierarchy{RequestedLayerState{ImeContainer#16 parentId=190 relativeParentId=190 z=1} 1 children}] RelativeParent to null
03-31 13:39:59.719 I/DisplayDeviceRepository( 2349): Display device changed render timings: "Built-in Screen", renderFrameRate=120.00001, presentationDeadlineNanos=9233333, appVsyncOffsetNanos=8333333, frameRateOverrides=[{uid=10039 frameRateHz=120.00001}, {uid=10140 frameRateHz=120.00001}]
03-31 13:39:59.722 I/Monkey  ( 8743): ## Network stats: elapsed time=57ms (0ms mobile, 0ms wifi, 57ms not connected)
03-31 13:39:59.722 V/OsAgent ( 5266): broadcastSystemEvent - 7
03-31 13:39:59.722 D/SurfaceComposerClient( 2349): setCornerRadius ## 3f1c8ec Splash Screen com.weejobs.app#27719 cornerRadius=0.000000
03-31 13:39:59.722 D/InputDispatcher( 2349): Focus left window (0): a4b6524 com.sec.android.app.launcher/com.sec.android.app.launcher.activities.LauncherActivity
03-31 13:39:59.723 I/ImeFocusController( 4276): onPreWindowFocus: skipped hasWindowFocus=false mHasImeFocus=true
03-31 13:39:59.723 I/app_process( 8743): System.exit called, status: 0
03-31 13:39:59.723 I/AndroidRuntime( 8743): VM exiting with result code 0.
03-31 13:39:59.724 D/StackScroller( 3951): onDisplayChanged for predraw skip to 2
03-31 13:39:59.725 I/ImeFocusController( 4276): onPostWindowFocus: skipped hasWindowFocus=false mHasImeFocus=true
03-31 13:39:59.725 D/WifiDisplayAdapter( 2349): isFitToActiveDisplayLocked : false
03-31 13:39:59.726 I/WALLPAPER_SVC:LegibilityColor( 2349): allowScreenRotate, allow rotate on tablet or dual main : 1 
03-31 13:39:59.726 I/HoneySpace.Memory-Monitor( 4276): current state = 2, didTrim = false
03-31 13:39:59.726 I/com.weejobs.app( 8771): Using CollectorTypeCMC GC.
03-31 13:39:59.727 D/SurfaceComposerClient( 2349): setCornerRadius ## 3f1c8ec Splash Screen com.weejobs.app#27719 cornerRadius=0.000000
03-31 13:39:59.727 D/SettingsHelper( 3951): onChange() COMPLETED elapsed= 9
03-31 13:39:59.727 D/SRotationLockTile( 3951):  OnChangedCallback : 
03-31 13:39:59.727 W/LocalDisplayAdapter( 2349): Ignoring request for invalid base mode id 10
03-31 13:39:59.727 I/WALLPAPER_SVC:LegibilityColor( 2349): allowScreenRotate, allow rotate on tablet or dual main : 2 
03-31 13:39:59.728 D/Navbar.Store( 3951): handleEvent(0) OnRotationLockedChanged(rotationLocked=false) [Module] NavBarStoreImpl
03-31 13:39:59.729 D/Navbar.Store( 3951): --[Band]TASKBAR_PACK_ROTATION_LOCKED_CHANGED
03-31 13:39:59.729 D/Navbar.Store( 3951): ----apply(0) NavBarStoreAction$UpdateTaskBarNavBarEvents
03-31 13:39:59.729 D/TaskbarDelegate( 3951): handleNavigationBarEvent() TaskbarDelegate is not initialized.
03-31 13:39:59.729 I/WindowManager( 2349): Relayout Window{3f1c8ec u0 Splash Screen com.weejobs.app}: viewVisibility=0 req=904x2316 ty=3 d0
03-31 13:39:59.730 I/SurfaceFlinger( 1676): id=27720 createSurf, flag=44004, Splash Screen com.weejobs.app$_3951#27720
03-31 13:39:59.732 D/WindowManager( 2349): makeSurface duration=2 name=Splash Screen com.weejobs.app$_3951
03-31 13:39:59.732 D/nativeloader( 8771): Load libframework-connectivity-tiramisu-jni.so using APEX ns com_android_tethering for caller /apex/com.android.tethering/javalib/framework-connectivity-t.jar: ok
03-31 13:39:59.732 D/SurfaceComposerClient( 2349): setCornerRadius ## 3f1c8ec Splash Screen com.weejobs.app#27719 cornerRadius=0.000000
03-31 13:39:59.732 D/SurfaceComposerClient( 2349): setCornerRadius ## 3f1c8ec Splash Screen com.weejobs.app#27719 cornerRadius=0.000000
03-31 13:39:59.733 D/WindowManager( 2349): Changing focus from Window{a4b6524 u0 com.sec.android.app.launcher/com.sec.android.app.launcher.activities.LauncherActivity} to null displayId=0 Callers=com.android.server.wm.WindowManagerService.relayoutWindow:1411 com.android.server.wm.Session.relayout:27 android.view.IWindowSession$Stub.onTransact:829 com.android.server.wm.Session.onTransact:1 
03-31 13:39:59.733 V/SystemKeyManager( 2349): updateFocusedWindow() is called, 
03-31 13:39:59.733 D/ActivityThread( 8771): setConscryptValidator
03-31 13:39:59.734 D/ActivityThread( 8771): setConscryptValidator - put
03-31 13:39:59.734 I/WindowManager( 2349): Relayout hash=3f1c8ec, pid=3951, syncId=-1: mAttrs={(0,0)(fillxfill) sim={adjust=pan} layoutInDisplayCutoutMode=always ty=APPLICATION_STARTING fmt=TRANSLUCENT wanim=0x1030306
03-31 13:39:59.734 I/WindowManager( 2349):   fl=81030118
03-31 13:39:59.734 I/WindowManager( 2349):   pfl=10000810
03-31 13:39:59.734 I/WindowManager( 2349):   apr=18
03-31 13:39:59.734 I/WindowManager( 2349):   bhv=1
03-31 13:39:59.734 I/WindowManager( 2349):   fitSides=0
03-31 13:39:59.734 I/WindowManager( 2349):   frameRateBoostOnTouch=true
03-31 13:39:59.734 I/WindowManager( 2349):   dvrrWindowFrameRateHint=true naviIconColor=0}
03-31 13:39:59.734 I/VRI[app]@1822352( 3951): onActiveControlsChanged, removed=false, mAdded=true, caller=android.view.ViewRootImpl.handleInsetsControlChanged:3002 android.view.ViewRootImpl.relayoutWindow:11629 android.view.ViewRootImpl.performTraversals:4804 android.view.ViewRootImpl.doTraversal:3924 android.view.ViewRootImpl$TraversalRunnable.run:12903 
03-31 13:39:59.735 W/libc    ( 3951): Access denied finding property "vendor.display.enable_optimal_refresh_rate"
03-31 13:39:59.735 I/BufferQueueProducer( 3951): [](id:f6f0000058f,api:0,p:1134017648,c:3951) setDequeueTimeout:2077252342
03-31 13:39:59.735 I/BLASTBufferQueue_Java( 3951): new BLASTBufferQueue, mName= VRI[app]@1822352 mNativeObject= 0xb400006e63a26e30 caller= android.view.ViewRootImpl.updateBlastSurfaceIfNeeded:3585 android.view.ViewRootImpl.relayoutWindow:11685 android.view.ViewRootImpl.performTraversals:4804 android.view.ViewRootImpl.doTraversal:3924 android.view.ViewRootImpl$TraversalRunnable.run:12903 android.view.Choreographer$CallbackRecord.run:1901 android.view.Choreographer$CallbackRecord.run:1910 android.view.Choreographer.doCallbacks:1367 android.view.Choreographer.doFrame:1292 android.view.Choreographer$FrameDisplayEventReceiver.run:1870 
03-31 13:39:59.735 I/BLASTBufferQueue_Java( 3951): update, w= 904 h= 2316 mName = VRI[app]@1822352 mNativeObject= 0xb400006e63a26e30 sc.mNativeObject= 0xb400006f339f19d0 format= -3 caller= android.view.ViewRootImpl.updateBlastSurfaceIfNeeded:3590 android.view.ViewRootImpl.relayoutWindow:11685 android.view.ViewRootImpl.performTraversals:4804 android.view.ViewRootImpl.doTraversal:3924 android.view.ViewRootImpl$TraversalRunnable.run:12903 android.view.Choreographer$CallbackRecord.run:1901 
03-31 13:39:59.736 I/SurfaceFlinger( 1676): [Splash Screen com.weejobs.app$_3951#27720] attach to parent LayerHierarchy{RequestedLayerState{3f1c8ec Splash Screen com.weejobs.app#27719 parentId=27718} 1 children}
03-31 13:39:59.737 W/libc    ( 3951): Access denied finding property "vendor.display.enable_optimal_refresh_rate"
03-31 13:39:59.737 I/VRI[app]@1822352( 3951): Relayout returned: old=(0,0,904,2316) new=(0,0,904,2316) relayoutAsync=false req=(904,2316)0 dur=14 res=0x3 s={true 0xb400006ee39f73b0} ch=true seqId=0
03-31 13:39:59.737 I/VRI[app]@1822352( 3951): performConfigurationChange setNightDimText nightDimLevel=0
03-31 13:39:59.738 D/CoreBackPreview( 2349): Window{3f1c8ec u0 Splash Screen com.weejobs.app}: Setting back callback OnBackInvokedCallbackInfo{mCallback=android.window.IOnBackInvokedCallback$Stub$Proxy@fed3968, mPriority=0, mIsAnimationCallback=false, mOverrideBehavior=0}
03-31 13:39:59.739 D/VRI[app]@1822352( 3951): mThreadedRenderer.initialize() mSurface={isValid=true 0xb400006ee39f73b0} hwInitialized=true
03-31 13:39:59.739 D/BatteryDump( 1545): wait_for_battery_event : occurred : remove@/devices/virtual/input/input26/event19 
03-31 13:39:59.739 I/EventHub( 2349): Removing device Monkey touch due to epoll hang-up event.
03-31 13:39:59.739 I/EventHub( 2349): Removed device: path=/dev/input/event19 name=Monkey touch id=27 fd=866 classes=TOUCH | TOUCH_MT
03-31 13:39:59.739 I/InputReader( 2349): Device removed: id=20, eventHubId=27, name='Monkey touch', descriptor='e1fe28b90f915c7d1febbd52c1ef84b3c4cbed9f', sources=TOUCHSCREEN
03-31 13:39:59.739 D/VRI[app]@1822352( 3951): reportNextDraw android.view.ViewRootImpl.performTraversals:5443 android.view.ViewRootImpl.doTraversal:3924 android.view.ViewRootImpl$TraversalRunnable.run:12903 android.view.Choreographer$CallbackRecord.run:1901 android.view.Choreographer$CallbackRecord.run:1910 
03-31 13:39:59.740 D/VRI[app]@1822352( 3951): Setup new sync=wmsSync-VRI[app]@1822352#20
03-31 13:39:59.740 I/VRI[app]@1822352( 3951): Creating new active sync group VRI[app]@1822352#21
03-31 13:39:59.740 W/InputReader( 2349): Rotary Encoder device configuration file didn't specify resolution!
03-31 13:39:59.740 W/InputReader( 2349): Rotary Encoder device configuration file didn't specify scaling factor,default to 1.000000!
03-31 13:39:59.740 I/InputReader( 2349): Rotary Encoder device configuration file didn't specify min log rotation.
03-31 13:39:59.741 I/ActivityManager( 2349): Changes in 10789 19 to 2, 0 to 255
03-31 13:39:59.741 D/VRI[app]@1822352( 3951): registerCallbacksForSync syncBuffer=false
03-31 13:39:59.742 V/WindowManager( 2349): Computed rotation=ROTATION_0 (0) for display id=1 based on lastOrientation=SCREEN_ORIENTATION_UNSPECIFIED (-1) and oldRotation=ROTATION_0 (0), caller=com.android.server.wm.WindowManagerService.updateRotationUnchecked:72 com.android.server.wm.DisplayRotation$SettingsObserver.onChange:14 android.database.ContentObserver.onChange:168 android.database.ContentObserver.onChange:184 android.database.ContentObserver.onChange:202 android.database.ContentObserver.onChange:224 
03-31 13:39:59.742 V/WindowManager( 2349): rotationForOrientation(orient=SCREEN_ORIENTATION_PORTRAIT (1), last=ROTATION_0 (0)); user=ROTATION_0 (0) 
03-31 13:39:59.742 D/WindowManager( 2349): rotationForOrientation, orientationSource=ActivityRecord{38323337 u0 com.weejobs.app/.MainActivity t1630}
03-31 13:39:59.742 V/WindowManager( 2349): Computed rotation=ROTATION_0 (0) for display id=0 based on lastOrientation=SCREEN_ORIENTATION_PORTRAIT (1) and oldRotation=ROTATION_0 (0), caller=com.android.server.wm.WindowManagerService.updateRotationUnchecked:72 com.android.server.wm.DisplayRotation$SettingsObserver.onChange:14 android.database.ContentObserver.onChange:168 android.database.ContentObserver.onChange:184 android.database.ContentObserver.onChange:202 android.database.ContentObserver.onChange:224 
03-31 13:39:59.742 D/BackgroundInstallControlService( 2349): Package event received: 0
03-31 13:39:59.743 D/SGM:GameManager( 2349): identifyForegroundApp. com.sec.android.app.launcher, mCurrentUserId: 0, callerUserId: 0
03-31 13:39:59.743 D/SGM:SemGameManager( 2349): isForegroundGame(), ret=false
03-31 13:39:59.745 D/SRotationLockTile( 3951):  mRotationLocked: false handleUpdateState: true orientation = true
03-31 13:39:59.745 V/NetworkPolicy( 2349): getFirewallRuleWifi UID:10789 policy:0
03-31 13:39:59.746 D/VRI[app]@1822352( 3951): Received frameDrawingCallback syncResult=0 frameNum=1.
03-31 13:39:59.746 I/VRI[app]@1822352( 3951): mWNT: t=0xb400006ed3a27050 mBlastBufferQueue=0xb400006e63a26e30 fn= 1 HdrRenderState mRenderHdrSdrRatio=1.0 caller= android.view.ViewRootImpl$12.onFrameDraw:15441 android.view.ThreadedRenderer$1.onFrameDraw:718 <bottom of call stack> 
03-31 13:39:59.746 I/VRI[app]@1822352( 3951): Setting up sync and frameCommitCallback
03-31 13:39:59.746 D/SRotationLockTile( 3951):  mRotationLocked: false handleUpdateState: true orientation = true
03-31 13:39:59.746 D/BatteryDump( 1545): wait_for_battery_event : occurred : remove@/devices/virtual/wakeup/wakeup196 
03-31 13:39:59.747 D/ApplicationLoaders( 8771): Returning zygote-cached class loader: /system/framework/org.apache.http.legacy.jar
03-31 13:39:59.747 D/ApplicationLoaders( 8771): Returning zygote-cached class loader: /system_ext/framework/androidx.window.extensions.jar
03-31 13:39:59.747 D/ApplicationLoaders( 8771): Returning zygote-cached class loader: /system_ext/framework/androidx.window.sidecar.jar
03-31 13:39:59.747 I/BLASTBufferQueue( 3951): [VRI[app]@1822352#1423](f:0,a:0,s:0) onFrameAvailable the first frame is available
03-31 13:39:59.748 I/SurfaceComposerClient( 3951): apply transaction with the first frame. layerId: 27720, bufferData(ID: 16969415813478, frameNumber: 1)
03-31 13:39:59.748 D/PkgPredictorService-SecIpmManagerServiceImpl( 2349): onForegroundActivitiesChanged pid:8771 uid:10789
03-31 13:39:59.748 D/SGM:GameManager( 2349): identifyForegroundApp. com.sec.android.app.launcher, mCurrentUserId: 0, callerUserId: 0
03-31 13:39:59.748 D/SGM:SemGameManager( 2349): isForegroundGame(), ret=false
03-31 13:39:59.748 D/NetworkPolicy( 2349): already checked 10789
03-31 13:39:59.748 I/VRI[app]@1822352( 3951): Received frameCommittedCallback lastAttemptedDrawFrameNum=1 didProduceBuffer=true
03-31 13:39:59.748 I/SurfaceFlinger( 1676): [Splash Screen com.weejobs.app$_3951#27720] setTransactionState with the first frame. bufferData(ID: 16969415813478, frameNumber: 1)
03-31 13:39:59.749 D/nativeloader( 8771): Configuring clns-9 for other apk /data/app/~~5N9DY0x7N1-QxrTGkeyPZw==/com.weejobs.app-Vmw5XcN3GRg_QFJyknOu1g==/base.apk. target_sdk_version=36, uses_libraries=, library_path=/data/app/~~5N9DY0x7N1-QxrTGkeyPZw==/com.weejobs.app-Vmw5XcN3GRg_QFJyknOu1g==/lib/arm64:/data/app/~~5N9DY0x7N1-QxrTGkeyPZw==/com.weejobs.app-Vmw5XcN3GRg_QFJyknOu1g==/base.apk!/lib/arm64-v8a, permitted_path=/data:/mnt/expand:/data/user/0/com.weejobs.app
03-31 13:39:59.749 D/HWUI    ( 3951): CFMS:: SetUp Pid : 3951    Tid : 4085
03-31 13:39:59.749 D/VRI[app]@1822352( 3951): reportDrawFinished seqId=0
03-31 13:39:59.750 V/OsAgent ( 5266): broadcastSystemEvent - 7
03-31 13:39:59.751 D/Navbar.Store( 3951): handleEvent(0) OnRotationLockedChanged(rotationLocked=false) [Module] NavBarStoreImpl
03-31 13:39:59.751 D/Navbar.Store( 3951): --[Band]TASKBAR_PACK_ROTATION_LOCKED_CHANGED
03-31 13:39:59.751 D/Navbar.Store( 3951): ----apply(0) NavBarStoreAction$UpdateTaskBarNavBarEvents
03-31 13:39:59.751 D/TaskbarDelegate( 3951): handleNavigationBarEvent() TaskbarDelegate is not initialized.
03-31 13:39:59.752 D/DisplayLifecycle( 3951): updateDisplay id = 0
03-31 13:39:59.754 D/WindowManager( 2349): finishDrawingWindow: Window{3f1c8ec u0 Splash Screen com.weejobs.app} mDrawState=DRAW_PENDING seqId=0
03-31 13:39:59.754 V/WindowManager( 2349): Finishing drawing window Window{3f1c8ec u0 Splash Screen com.weejobs.app}: mDrawState=DRAW_PENDING
03-31 13:39:59.754 V/WindowManager( 2349): Draw state now committed in Window{3f1c8ec u0 Splash Screen com.weejobs.app}
03-31 13:39:59.754 V/GraphicsEnvironment( 8771): Currently set values for:
03-31 13:39:59.754 V/GraphicsEnvironment( 8771):   angle_gl_driver_selection_pkgs=[]
03-31 13:39:59.754 V/GraphicsEnvironment( 8771):   angle_gl_driver_selection_values=[]
03-31 13:39:59.754 V/GraphicsEnvironment( 8771): com.weejobs.app is not listed in per-application setting
03-31 13:39:59.754 V/GraphicsEnvironment( 8771): ANGLE allowlist from config: 
03-31 13:39:59.754 V/GraphicsEnvironment( 8771): com.weejobs.app is not listed in ANGLE allowlist or settings, returning default
03-31 13:39:59.754 V/GraphicsEnvironment( 8771): App is not on the allowlist for updatable production driver.
03-31 13:39:59.755 D/Navbar.Store( 3951): handleEvent(0) OnRotationLockedChanged(rotationLocked=false) [Module] NavBarStoreImpl
03-31 13:39:59.755 D/Navbar.Store( 3951): --[Band]TASKBAR_PACK_ROTATION_LOCKED_CHANGED
03-31 13:39:59.755 D/Navbar.Store( 3951): ----apply(0) NavBarStoreAction$UpdateTaskBarNavBarEvents
03-31 13:39:59.755 D/TaskbarDelegate( 3951): handleNavigationBarEvent() TaskbarDelegate is not initialized.
03-31 13:39:59.756 D/TspStateManager( 2349): updateCustomValue customSetting=
03-31 13:39:59.757 I/HoneySpace.InputDeviceSourceRepositoryImpl( 4276): onInputDeviceRemoved 20
03-31 13:39:59.757 I/HoneySpace.InputDeviceSourceRepositoryImpl( 4276): onInputDeviceRemoved 20
03-31 13:39:59.757 D/BatteryDump( 1545): wait_for_battery_event : occurred : remove@/devices/virtual/input/input26 
03-31 13:39:59.758 I/HoneySpace.RecentscreenPot( 4276): createLayoutStyle: FoldCoverLayoutStyle(ScreenLayoutStyle(insets=Insets{left=0, top=87, right=0, bottom=126}), FGSLayoutStyle(touchAreaHeight=143, buttonMargin=Insets{left=42, top=0, right=63, bottom=0}, textSize=31.5, textColor=-328966, background=androidx.appcompat.graphics.drawable.SeslRecoilDrawable@6176f58, marginTop=11), MoreMenuLayoutStyle(src=android.graphics.drawable.VectorDrawable@1f768b1, iconSize=120, touchPadding=Insets{left=12, top=12, right=12, bottom=12}, marginTop=13, marginEnd=21))
03-31 13:39:59.758 I/EventHub( 2349): Removing device '/dev/input/event19' due to inotify event
03-31 13:39:59.758 I/HoneySpace.RecentscreenPot( 4276): createLayoutStyle: FoldCoverLayoutStyle(ScreenLayoutStyle(insets=Insets{left=0, top=87, right=0, bottom=126}), FGSLayoutStyle(touchAreaHeight=143, buttonMargin=Insets{left=42, top=0, right=63, bottom=0}, textSize=31.5, textColor=-328966, background=androidx.appcompat.graphics.drawable.SeslRecoilDrawable@b7417b3, marginTop=11), MoreMenuLayoutStyle(src=android.graphics.drawable.VectorDrawable@718d170, iconSize=120, touchPadding=Insets{left=12, top=12, right=12, bottom=12}, marginTop=13, marginEnd=21))
03-31 13:39:59.758 I/HoneySpace.RecentscreenPot( 4276): createLayoutStyle: FoldCoverLayoutStyle(ScreenLayoutStyle(insets=Insets{left=0, top=87, right=0, bottom=126}), FGSLayoutStyle(touchAreaHeight=143, buttonMargin=Insets{left=42, top=0, right=63, bottom=0}, textSize=31.5, textColor=-328966, background=androidx.appcompat.graphics.drawable.SeslRecoilDrawable@4afe27a, marginTop=11), MoreMenuLayoutStyle(src=android.graphics.drawable.VectorDrawable@a40ca2b, iconSize=120, touchPadding=Insets{left=12, top=12, right=12, bottom=12}, marginTop=13, marginEnd=21))
03-31 13:39:59.758 I/HoneySpace.RecentscreenPot( 4276): createLayoutStyle: FoldCoverLayoutStyle(ScreenLayoutStyle(insets=Insets{left=0, top=87, right=0, bottom=126}), FGSLayoutStyle(touchAreaHeight=143, buttonMargin=Insets{left=42, top=0, right=63, bottom=0}, textSize=31.5, textColor=-328966, background=androidx.appcompat.graphics.drawable.SeslRecoilDrawable@dcc5d5d, marginTop=11), MoreMenuLayoutStyle(src=android.graphics.drawable.VectorDrawable@76446d2, iconSize=120, touchPadding=Insets{left=12, top=12, right=12, bottom=12}, marginTop=13, marginEnd=21))
03-31 13:39:59.758 D/SurfaceComposerClient( 2349): setCornerRadius ## 3f1c8ec Splash Screen com.weejobs.app#27719 cornerRadius=0.000000
03-31 13:39:59.758 I/HBD     (12719): b isPhysicalKeyboard() isPhysicalKeyboard false: deviceId=-1, isVirtual=true, keyboardType=2, isKeyboardTypedMouse=false 
03-31 13:39:59.758 I/HBD     (12719): b isPhysicalKeyboard() isPhysicalKeyboard false: deviceId=2, isVirtual=false, keyboardType=1, isKeyboardTypedMouse=false 
03-31 13:39:59.758 I/HBD     (12719): b isPhysicalKeyboard() isPhysicalKeyboard false: deviceId=3, isVirtual=false, keyboardType=1, isKeyboardTypedMouse=false 
03-31 13:39:59.758 I/HBD     (12719): b isPhysicalKeyboard() isPhysicalKeyboard false: deviceId=4, isVirtual=false, keyboardType=1, isKeyboardTypedMouse=false 
03-31 13:39:59.758 I/HoneySpace.RecentscreenPot( 4276): createLayoutStyle: FoldCoverLayoutStyle(ScreenLayoutStyle(insets=Insets{left=0, top=87, right=0, bottom=126}), FGSLayoutStyle(touchAreaHeight=143, buttonMargin=Insets{left=42, top=0, right=63, bottom=0}, textSize=31.5, textColor=-328966, background=androidx.appcompat.graphics.drawable.SeslRecoilDrawable@9315ccc, marginTop=11), MoreMenuLayoutStyle(src=android.graphics.drawable.VectorDrawable@612db15, iconSize=120, touchPadding=Insets{left=12, top=12, right=12, bottom=12}, marginTop=13, marginEnd=21))
03-31 13:39:59.758 I/HBD     (12719): b isPhysicalKeyboard() isPhysicalKeyboard false: deviceId=5, isVirtual=false, keyboardType=0, isKeyboardTypedMouse=false 
03-31 13:39:59.758 I/HBD     (12719): b isPhysicalKeyboard() isPhysicalKeyboard false: deviceId=6, isVirtual=false, keyboardType=0, isKeyboardTypedMouse=false 
03-31 13:39:59.759 I/HBD     (12719): b isPhysicalKeyboard() isPhysicalKeyboard false: deviceId=7, isVirtual=false, keyboardType=1, isKeyboardTypedMouse=false 
03-31 13:39:59.759 I/HBD     (12719): b isPhysicalKeyboard() isPhysicalKeyboard false: deviceId=8, isVirtual=false, keyboardType=1, isKeyboardTypedMouse=false 
03-31 13:39:59.759 I/HBD     (12719): b isPhysicalKeyboard() isPhysicalKeyboard false: deviceId=9, isVirtual=false, keyboardType=1, isKeyboardTypedMouse=false 
03-31 13:39:59.759 I/HoneySpace.RecentscreenPot( 4276): createLayoutStyle: FoldCoverLayoutStyle(ScreenLayoutStyle(insets=Insets{left=0, top=87, right=0, bottom=126}), FGSLayoutStyle(touchAreaHeight=143, buttonMargin=Insets{left=42, top=0, right=63, bottom=0}, textSize=31.5, textColor=-328966, background=androidx.appcompat.graphics.drawable.SeslRecoilDrawable@7f656f7, marginTop=11), MoreMenuLayoutStyle(src=android.graphics.drawable.VectorDrawable@c6c7964, iconSize=120, touchPadding=Insets{left=12, top=12, right=12, bottom=12}, marginTop=13, marginEnd=21))
03-31 13:39:59.759 I/HBD     (12719): b isPhysicalKeyboard() isPhysicalKeyboard false: deviceId=10, isVirtual=false, keyboardType=1, isKeyboardTypedMouse=false 
03-31 13:39:59.759 I/HBD     (12719): b isPhysicalKeyboard() isPhysicalKeyboard false: deviceId=11, isVirtual=false, keyboardType=1, isKeyboardTypedMouse=false 
03-31 13:39:59.759 I/HBD     (12719): b isPhysicalKeyboard() isPhysicalKeyboard false: deviceId=12, isVirtual=false, keyboardType=1, isKeyboardTypedMouse=false 
03-31 13:39:59.759 I/HBD     (12719): b currentConnectionState : false 
03-31 13:39:59.759 I/HoneySpace.RecentscreenPot( 4276): createLayoutStyle: FoldCoverLayoutStyle(ScreenLayoutStyle(insets=Insets{left=0, top=87, right=0, bottom=126}), FGSLayoutStyle(touchAreaHeight=143, buttonMargin=Insets{left=42, top=0, right=63, bottom=0}, textSize=31.5, textColor=-328966, background=androidx.appcompat.graphics.drawable.SeslRecoilDrawable@2d22ace, marginTop=11), MoreMenuLayoutStyle(src=android.graphics.drawable.VectorDrawable@5db2def, iconSize=120, touchPadding=Insets{left=12, top=12, right=12, bottom=12}, marginTop=13, marginEnd=21))
03-31 13:39:59.759 I/HoneySpace.RecentscreenPot( 4276): createLayoutStyle: FoldCoverLayoutStyle(ScreenLayoutStyle(insets=Insets{left=0, top=87, right=0, bottom=126}), FGSLayoutStyle(touchAreaHeight=143, buttonMargin=Insets{left=42, top=0, right=63, bottom=0}, textSize=31.5, textColor=-328966, background=androidx.appcompat.graphics.drawable.SeslRecoilDrawable@74f0301, marginTop=11), MoreMenuLayoutStyle(src=android.graphics.drawable.VectorDrawable@354c5a6, iconSize=120, touchPadding=Insets{left=12, top=12, right=12, bottom=12}, marginTop=13, marginEnd=21))
03-31 13:39:59.759 I/HoneySpace.TaskListPot[4976c1f]( 4276): navigationButtonVisible observe: 8
03-31 13:39:59.759 I/HoneySpace.TaskListContainerView( 4276): isLastItemOutOfScreen null
03-31 13:39:59.759 I/HoneySpace.TaskListContainerView( 4276): updateNavigationButtonVisible gone
03-31 13:39:59.759 D/BLASTSyncEngine( 2349): SyncGroup 1689: Set ready true, caller=com.android.server.wm.BLASTSyncEngine.setReady:32 com.android.server.wm.Transition.applyReady:54 com.android.server.wm.Transition.setReady:72 com.android.server.wm.TransitionController.setReady:6 com.android.server.wm.DisplayContent.executeAppTransition:4 com.android.server.wm.WindowState.performShowLocked:313 
03-31 13:39:59.759 D/SurfaceComposerClient( 2349): setCornerRadius ## 3f1c8ec Splash Screen com.weejobs.app#27719 cornerRadius=0.000000
03-31 13:39:59.759 V/WindowManager( 2349): SyncGroup 1689: Finished!
03-31 13:39:59.760 V/WindowManager( 2349): performShowLocked: mDrawState=HAS_DRAWN in Window{3f1c8ec u0 Splash Screen com.weejobs.app}
03-31 13:39:59.760 D/WindowManagerServiceExt( 2349): updateTaskbarTargetIfNeeded: cn=ComponentInfo{com.weejobs.app/com.weejobs.app.MainActivity} occludesParent=true isInSplitScreenMode=false
03-31 13:39:59.761 I/HoneySpace.TaskbarVisibilityController@110361640@OneUI( 4276): onTaskbarIconVisibleChangeRequest return by cover state
03-31 13:39:59.761 D/ChangeTransitionController( 2349): onTransactionReady: TransitionRecord{497f390 id=1689 type=OPEN flags=0x0 c=[
03-31 13:39:59.761 D/ChangeTransitionController( 2349):    ChangeInfo{bbe4ab2 container=Task{ad6ed3 #1407 type=home I=com.sec.android.app.launcher/.activities.LauncherActivity} flags=0x0}
03-31 13:39:59.761 D/ChangeTransitionController( 2349):    ChangeInfo{2743a03 container=WallpaperWindowToken{fb2395 showWhenLocked=false}_<system|non-primary> flags=0x0}
03-31 13:39:59.761 D/ChangeTransitionController( 2349):    ChangeInfo{67bcd80 container=Task{17917a5 #1 type=home} flags=0x0}
03-31 13:39:59.761 D/ChangeTransitionController( 2349):    ChangeInfo{7f1f2a7 container=ActivityRecord{38323337 u0 com.weejobs.app/.MainActivity t1630} flags=0x0}
03-31 13:39:59.761 D/ChangeTransitionController( 2349):    ChangeInfo{e1d6354 container=Display{#0 state=ON size=904x2316 ROTATION_0} flags=0x0}
03-31 13:39:59.761 D/ChangeTransitionController( 2349):    ChangeInfo{dbf12fd container=DefaultTaskDisplayArea_d0@99508180 flags=0x0}
03-31 13:39:59.761 D/ChangeTransitionController( 2349):    ChangeInfo{c53afb9 container=ActivityRecord{102437058 u0 com.sec.android.app.launcher/.activities.LauncherActivity t1407} flags=0x0}
03-31 13:39:59.761 D/ChangeTransitionController( 2349):    ChangeInfo{1425ffe container=WallpaperWindowToken{7fd0108 showWhenLocked=true}_<lock|non-primary> flags=0x0}
03-31 13:39:59.761 D/ChangeTransitionController( 2349):    ChangeInfo{ef6735f container=RemoteWallpaperAnim:1:1@212637009 flags=0x0}
03-31 13:39:59.761 D/ChangeTransitionController( 2349):    ChangeInfo{ed25bf2 container=Task{fd39c8e #1630 type=standard A=10789:com.weejobs.app} flags=0x0}
03-31 13:39:59.761 D/ChangeTransitionController( 2349): ]
03-31 13:39:59.761 D/ChangeTransitionController( 2349): }
03-31 13:39:59.761 V/WindowManager( 2349): Start calculating TransitionInfo based on participants: {WallpaperWindowToken{fb2395 showWhenLocked=false}_<system|non-primary>, ActivityRecord{38323337 u0 com.weejobs.app/.MainActivity t1630}, ActivityRecord{102437058 u0 com.sec.android.app.launcher/.activities.LauncherActivity t1407}, WallpaperWindowToken{7fd0108 showWhenLocked=true}_<lock|non-primary>, Task{fd39c8e #1630 type=standard A=10789:com.weejobs.app}}
03-31 13:39:59.761 V/WindowManager( 2349):   Final targets: [ChangeInfo{ed25bf2 container=Task{fd39c8e #1630 type=standard A=10789:com.weejobs.app} flags=0x10}, ChangeInfo{67bcd80 container=Task{17917a5 #1 type=home} flags=0x10}, ChangeInfo{2743a03 container=WallpaperWindowToken{fb2395 showWhenLocked=false}_<system|non-primary> flags=0x0}]
03-31 13:39:59.762 I/SurfaceFlinger( 1676): id=27721 createSurf, flag=84004, Transition Root: Task=1630#27721
03-31 13:39:59.764 I/SurfaceControlRegistry( 2349): show, t=StartTransaction_SyncId<1689> sc=ActivityRecord{38323337 u0 com.weejobs.app/.MainActivity t1630}, caller=android.view.SurfaceControl$Transaction.show:3557 com.android.server.wm.Transition.onTransactionReady:2048 com.android.server.wm.BLASTSyncEngine$SyncGroup.finishNow:245 com.android.server.wm.BLASTSyncEngine.onSurfacePlacement:263 com.android.server.wm.RootWindowContainer.performSurfacePlacementNoTrace:1110 com.android.server.wm.WindowSurfacePlacer.performSurfacePlacement:166 
03-31 13:39:59.764 D/SurfaceComposerClient( 2349): setCornerRadius ## WallpaperWindowToken{fb2395 showWhenLocked=false}#98 cornerRadius=0.000000
03-31 13:39:59.764 D/SurfaceComposerClient( 2349): setCornerRadius ## Task=1#68 cornerRadius=0.000000
03-31 13:39:59.764 D/SurfaceComposerClient( 2349): setCornerRadius ## Task=1630#27717 cornerRadius=0.000000
03-31 13:39:59.765 V/WindowManager( 2349): Calling onTransitionReady: {id=1689 t=OPEN f=0x0 trk=0 r=[0@Point(0, 0)] c=[
03-31 13:39:59.765 V/WindowManager( 2349):         {WCT{RemoteToken{d607e0a Task{fd39c8e #1630 type=standard A=10789:com.weejobs.app}}} m=OPEN f=NONE leash=Surface(name=Task=1630)/@0x9041ac sb=Rect(0, 0 - 904, 2316) eb=Rect(0, 0 - 904, 2316) epz=Point(904, 2316) d=0 taskParent=-1 inset=Rect(0, 87 - 0, 126) dim=true},
03-31 13:39:59.765 V/WindowManager( 2349):         {WCT{RemoteToken{c64419a Task{17917a5 #1 type=home}}} m=TO_BACK f=SHOW_WALLPAPER|EDGE_EXTENSION_RESTRICTION leash=Surface(name=Task=1)/@0xe8c1ecf sb=Rect(0, 0 - 904, 2316) eb=Rect(0, 0 - 904, 2316) epz=Point(904, 2316) d=0 taskParent=-1 inset=Rect(0, 87 - 0, 126)},
03-31 13:39:59.765 V/WindowManager( 2349):         {m=TO_BACK f=IS_WALLPAPER p=WCT{RemoteToken{de9ecd1 RemoteWallpaperAnim:1:1@212637009}} leash=Surface(name=WallpaperWindowToken{fb2395 showWhenLocked=false})/@0xc53d6bc sb=Rect(0, 0 - 904, 2316) eb=Rect(0, 0 - 904, 2316) epz=Point(904, 2316) d=0 inset=Rect(0, 0 - 0, 0)}
03-31 13:39:59.765 V/WindowManager( 2349):     ]}
03-31 13:39:59.765 W/SoLoader( 8771): Initializing SoLoader: 0
03-31 13:39:59.765 D/PowerManagerService( 2349): [api] setPowerBoost(L) boost:0, durationMs:0, caller (uid: 1000 pid: 2349) <- m() in com.android.server.display.DisplayManagerService$BinderService$$ExternalSyntheticOutline0:1
03-31 13:39:59.765 W/SoLoader( 8771): Recording new base apk path: /data/app/~~5N9DY0x7N1-QxrTGkeyPZw==/com.weejobs.app-Vmw5XcN3GRg_QFJyknOu1g==/base.apk
03-31 13:39:59.765 W/SoLoader( 8771): Previously recorded 0 base apk paths.
03-31 13:39:59.766 V/WindowManager( 2349): Sent Transition (#1689) createdAt=03-31 13:39:59.666 via request=TransitionRequestInfo { type = OPEN, triggerTask = TaskInfo{userId=0 taskId=1630 effectiveUid=10789 displayId=0 isRunning=true baseIntent=Intent { act=android.intent.action.MAIN cat=[android.intent.category.LAUNCHER] flg=0x10200000 cmp=com.weejobs.app/.MainActivity } baseActivity=ComponentInfo{com.weejobs.app/com.weejobs.app.MainActivity} topActivity=ComponentInfo{com.weejobs.app/com.weejobs.app.MainActivity} origActivity=null realActivity=ComponentInfo{com.weejobs.app/com.weejobs.app.MainActivity} numActivities=1 lastActiveTime=713104657 supportsMultiWindow=true resizeMode=1 isResizeable=true minWidth=-1 minHeight=-1 maxWidth=-1 maxHeight=-1 defaultMinSize=220 desktopDefaultMinSize=304 token=WCT{RemoteToken{d607e0a Task{fd39c8e #1630 type=standard A=10789:com.weejobs.app}}} topActivityType=1 pictureInPictureParams=null shouldDockBigOverlays=false launchIntoPipHostTaskId=-1 lastParentTaskIdBeforePip=-1 displayCutoutSafeInsets=Rect(0, 87 - 0, 0) topActivityInfo=ActivityInfo{e38e67b com.weejobs.app.MainActivity} launchCookies=[] positionInParent=Point(0, 0) parentTaskId=-1 isFocused=false isVisible=false isVisibleRequested=false isTopActivityNoDisplay=false isSleeping=false locusId=null displayAreaFeatureId=1 isTopActivityTransparent=false isActivityStackTransparent=false lastNonFullscreenBounds=Rect(71, 681 - 833, 1596) capturedLink=null capturedLinkTimestamp=0 requestedVisibleTypes=-9 topActivityRequestOpenInBrowserEducationTimestamp=0 appCompatTaskInfo=AppCompatTaskInfo { topActivityInSizeCompat=false eligibleForLetterboxEducation= false isLetterboxEducationEnabled= false isLetterboxDoubleTapEnabled= false eligibleForUserAspectRatioButton= false topActivityBoundsLetterboxed= false isFromLetterboxDoubleTap= false topActivityLetterboxVerticalPosition= -1 topActivityLetterboxHorizontalPosition= -1 topActivityLetterboxWidth=-1 topActivityLetterboxHeight=-1 topActivityAppBounds=Rect(0, 0 - 904, 2316) isUserFullscreenOverrideEnabled=true isSystemFullscreenOverrideEnabled=false hasMinAspectRatioOverride=false topActivityLetterboxBounds=null cameraCompatTaskInfo=CameraCompatTaskInfo { freeformCameraCompatMode=inactive} topActivityBounds=null topActivityInDisplayCompat=false singleTapFromLetterbox=false} topActivityMainWindowFrame=null originallySupportedMultiWindow=true hasWallpaper=false rootAffinity=10789:com.weejobs.app isTopTaskInStage=false CoverLauncherWidgetTask=false LaunchedFromAppsCoverLauncherTask=false LaunchedFromMultistarCoverLauncherTask=false isAllowedSeamlessRotation=false isTopTransparentActivity=false isAliasManaged=false hasConfigChanged=false snappingGuideBounds=null isAiKeyRemoveAppTask=false lastDesktopWindowingBounds=null lastExternalDesktopWindowingBounds=null isTopFullScreenWindow=true isFullSizeWindow=true safeCutoutInsets=null}, pipChange = null, remoteTransition = null, displayChange = null, flags = 0, debugId = 1689 }
03-31 13:39:59.766 V/WindowManager( 2349):     startWCT=WindowContainerTransaction { changes= {} hops= [] errorCallbackToken=null taskFragmentOrganizer=null }
03-31 13:39:59.766 I/WindowManager( 2349): Cancelling animation restarting=true, leash=Surface(name=Surface(name=630de79 TaskbarWindow)/@0xe72b262 - animation-leash of insets_animation)/@0x604fb28
03-31 13:39:59.766 I/SoLoader( 8771): Preparing SO source: DirectorySoSource[root = /vendor/lib64 flags = 2]
03-31 13:39:59.766 I/WindowManager( 2349): Reparenting to original parent: Surface(name=WindowToken{aae3b1 type=2024 android.os.BinderProxy@ce8ff88})/@0x2fbfff3, destroy=false, surface=Surface(name=630de79 TaskbarWindow)/@0xe72b262
03-31 13:39:59.766 I/SoLoader( 8771): Preparing SO source: DirectorySoSource[root = /system/lib64 flags = 2]
03-31 13:39:59.766 I/SoLoader( 8771): Preparing SO source: DirectApkSoSource[root = [/data/app/~~5N9DY0x7N1-QxrTGkeyPZw==/com.weejobs.app-Vmw5XcN3GRg_QFJyknOu1g==/base.apk!/lib/arm64-v8a]]
03-31 13:39:59.766 V/WindowManagerShell( 3951): onTransitionReady(transaction=10088878364096)
03-31 13:39:59.766 I/WindowManager( 2349): Reparenting to leash, surface=Surface(name=630de79 TaskbarWindow)/@0xe72b262, leashParent=Surface(name=WindowToken{aae3b1 type=2024 android.os.BinderProxy@ce8ff88})/@0x2fbfff3
03-31 13:39:59.766 V/WindowManager( 2349):     info={id=1689 t=OPEN f=0x0 trk=0 r=[0@Point(0, 0)] c=[
03-31 13:39:59.766 V/WindowManager( 2349):         {WCT{RemoteToken{d607e0a Task{fd39c8e #1630 type=standard A=10789:com.weejobs.app}}} m=OPEN f=NONE leash=Surface(name=Task=1630)/@0x9041ac sb=Rect(0, 0 - 904, 2316) eb=Rect(0, 0 - 904, 2316) epz=Point(904, 2316) d=0 taskParent=-1 inset=Rect(0, 87 - 0, 126) dim=true},
03-31 13:39:59.766 V/WindowManager( 2349):         {WCT{RemoteToken{c64419a Task{17917a5 #1 type=home}}} m=TO_BACK f=SHOW_WALLPAPER|EDGE_EXTENSION_RESTRICTION leash=Surface(name=Task=1)/@0xe8c1ecf sb=Rect(0, 0 - 904, 2316) eb=Rect(0, 0 - 904, 2316) epz=Point(904, 2316) d=0 taskParent=-1 inset=Rect(0, 87 - 0, 126)},
03-31 13:39:59.766 V/WindowManager( 2349):         {m=TO_BACK f=IS_WALLPAPER p=WCT{RemoteToken{de9ecd1 RemoteWallpaperAnim:1:1@212637009}} leash=Surface(name=WallpaperWindowToken{fb2395 showWhenLocked=false})/@0xc53d6bc sb=Rect(0, 0 - 904, 2316) eb=Rect(0, 0 - 904, 2316) epz=Point(904, 2316) d=0 inset=Rect(0, 0 - 0, 0)}
03-31 13:39:59.766 V/WindowManager( 2349):     ]}
03-31 13:39:59.766 I/SurfaceFlinger( 1676): id=27722 createSurf, flag=24000, Surface(name=630de79 TaskbarWindow)/@0xe72b262 - animation-leash of insets_animation#27722
03-31 13:39:59.766 V/WindowManagerShell( 3951): onTransitionReady (#1689) android.os.BinderProxy@e983623: {id=1689 t=OPEN f=0x0 trk=0 r=[0@Point(0, 0)] c=[
03-31 13:39:59.766 V/WindowManagerShell( 3951):         {m=OPEN f=NONE leash=Surface(name=Task=1630)/@0x67a8cbd sb=Rect(0, 0 - 904, 2316) eb=Rect(0, 0 - 904, 2316) epz=Point(904, 2316) d=0 taskParent=-1 inset=Rect(0, 87 - 0, 126) dim=true},
03-31 13:39:59.766 V/WindowManagerShell( 3951):         {m=TO_BACK f=SHOW_WALLPAPER|EDGE_EXTENSION_RESTRICTION leash=Surface(name=Task=1)/@0x3db2b2 sb=Rect(0, 0 - 904, 2316) eb=Rect(0, 0 - 904, 2316) epz=Point(904, 2316) d=0 taskParent=-1 inset=Rect(0, 87 - 0, 126)},
03-31 13:39:59.766 V/WindowManagerShell( 3951):         {m=TO_BACK f=IS_WALLPAPER p=WCT{android.window.IWindowContainerToken$Stub$Proxy@2c837b9} leash=Surface(name=WallpaperWindowToken{fb2395 showWhenLocked=false})/@0xe638203 sb=Rect(0, 0 - 904, 2316) eb=Rect(0, 0 - 904, 2316) epz=Point(904, 2316) d=0 inset=Rect(0, 0 - 0, 0)}
03-31 13:39:59.766 V/WindowManagerShell( 3951):     ]}
03-31 13:39:59.766 V/ShellDesktopMode( 3951): DesktopModeLogger: taskInfo map after processing changes 0
03-31 13:39:59.766 D/ShellDesktopMode( 3951): DesktopTaskChangeListener: onTaskOpening for taskId=1630, displayId=0
03-31 13:39:59.766 I/SurfaceControlRegistry( 3951): hide, t=FinishTransaction_SyncId<1689> sc=Task=1, caller=android.view.SurfaceControl$Transaction.hide:3583 com.android.wm.shell.transition.Transitions.dispatchReady:1263 com.android.wm.shell.transition.Transitions.onTransitionReady:251 com.android.wm.shell.transition.Transitions$TransitionPlayerImpl$$ExternalSyntheticLambda0.run:13 android.os.Handler.handleCallback:995 android.os.Handler.dispatchMessage:103 
03-31 13:39:59.767 I/SurfaceControlRegistry( 3951): show, t=StartTransaction_SyncId<1689> sc=Task=1630, caller=android.view.SurfaceControl$Transaction.show:3557 com.android.wm.shell.transition.Transitions.dispatchReady:1279 com.android.wm.shell.transition.Transitions.onTransitionReady:251 com.android.wm.shell.transition.Transitions$TransitionPlayerImpl$$ExternalSyntheticLambda0.run:13 android.os.Handler.handleCallback:995 android.os.Handler.dispatchMessage:103 
03-31 13:39:59.767 I/SurfaceControlRegistry( 3951): show, t=FinishTransaction_SyncId<1689> sc=Task=1630, caller=android.view.SurfaceControl$Transaction.show:3557 com.android.wm.shell.transition.Transitions.dispatchReady:1330 com.android.wm.shell.transition.Transitions.onTransitionReady:251 com.android.wm.shell.transition.Transitions$TransitionPlayerImpl$$ExternalSyntheticLambda0.run:13 android.os.Handler.handleCallback:995 android.os.Handler.dispatchMessage:103 
03-31 13:39:59.767 V/WindowManagerShell( 3951): Playing animation for (#1689) android.os.BinderProxy@e983623@0
03-31 13:39:59.767 I/SurfaceControlRegistry( 3951): show, t=StartTransaction_SyncId<1689> sc=Transition Root: Task=1630, caller=android.view.SurfaceControl$Transaction.show:3557 com.android.wm.shell.transition.Transitions.playTransition:79 com.android.wm.shell.transition.Transitions.processReadyQueue:239 com.android.wm.shell.transition.Transitions.dispatchReady:1352 com.android.wm.shell.transition.Transitions.onTransitionReady:251 com.android.wm.shell.transition.Transitions$TransitionPlayerImpl$$ExternalSyntheticLambda0.run:13 
03-31 13:39:59.767 V/ShellRecents( 3951): RecentsTransitionHandler.startAnimation: no controller found
03-31 13:39:59.767 V/ShellDesktopMode( 3951): DesktopMixedTransitionHandler: No pending desktop transition
