--------- beginning of main
03-31 13:30:44.428 E/HeatmapThread( 1665): ECT Thread time in milliseconds: 1774989044
03-31 13:30:44.429 D/HeatmapThread( 1665): !@ batteryplugType : 0
03-31 13:30:44.429 D/HeatmapThread( 1665): !@ batteryLevel : 0  batteryTemperature : 0 
03-31 13:30:44.429 D/HeatmapThread( 1665): !@ Heatmap currtime: 29583150
03-31 13:30:44.429 D/HeatmapThread( 1665): !@ Heatmap prevtime: 29583123
03-31 13:30:44.429 D/HeatmapThread( 1665): !@ Heatmap plugstarttime: 35791394
03-31 13:30:44.429 D/HeatmapThread( 1665): !@ Heatmap prevv_dsoh_update_time: 29571275
03-31 13:30:44.429 E/HeatmapThread( 1665): !@Could not open '/efs/FactoryApp/bsoh', errno = 13
03-31 13:30:44.429 E/HeatmapThread( 1665): !@ CAM Could not access BSOH EFS
03-31 13:30:44.429 E/HeatmapThread( 1665): !@ CAM New BSOH: 0
03-31 13:30:44.798 I/vendor.qti.bluetooth@1.0-ibs_handler( 1540): DeviceSleep: TX Awake, Sending SLEEP_IND
03-31 13:30:44.799 D/vendor.qti.bluetooth@1.0-ibs_handler( 1540): SerialClockVote: vote for UART CLK OFF
03-31 13:30:44.895 I/sensors-hal( 1553): handle_sns_client_event:205, auto_rotation_debug_2 mode,255,last,0, type,3,0 main,0.084,3.431,9.354 sub,0.089,3.683,-9.248, ar,0, h_ic,1, s,3, ver,14, pedo,1,e,1,i,3
03-31 13:30:44.951 D/vendor.qti.bluetooth@1.0-wake_lock( 1540): Release wakelock is released 
03-31 13:30:45.102 D/AndroidRuntime( 2404): >>>>>> START com.android.internal.os.RuntimeInit uid 2000 <<<<<<
03-31 13:30:45.104 I/app_process( 2404): MMAP_TRYLOCK is supported in uffd errno:2 addr:0x706bcdb000 size:4096
03-31 13:30:45.105 I/AndroidRuntime( 2404): Using default boot image
03-31 13:30:45.105 I/AndroidRuntime( 2404): Leaving lock profiling enabled
03-31 13:30:45.107 I/app_process( 2404): Using CollectorTypeCMC GC.
03-31 13:30:45.154 D/nativeloader( 2404): InitDefaultPublicLibraries for_preload=1: libandroid.so:libaaudio.so:libamidi.so:libbinder_ndk.so:libc.so:libcamera2ndk.so:libdl.so:libEGL.so:libGLESv1_CM.so:libGLESv2.so:libGLESv3.so:libicu.so:libicui18n.so:libicuuc.so:libjnigraphics.so:liblog.so:libmediandk.so:libm.so:libnativehelper.so:libnativewindow.so:libOpenMAXAL.so:libOpenSLES.so:libRS.so:libstdc++.so:libsync.so:libvulkan.so:libwebviewchromium_plat_support.so:libz.so
03-31 13:30:45.161 D/nativeloader( 2404): Load libicu_jni.so using APEX ns com_android_art for caller /apex/com.android.art/javalib/core-oj.jar: ok
03-31 13:30:45.161 D/app_process( 2404): u_setTimeZoneFilesDirectory("/apex/com.android.tzdata/etc/tz/versioned/9/icu") succeeded. 
03-31 13:30:45.161 D/app_process( 2404): I18n APEX ICU file found: /apex/com.android.i18n/etc/icu/icudt76l.dat
03-31 13:30:45.161 D/nativeloader( 2404): Load libjavacore.so using APEX ns com_android_art for caller /apex/com.android.art/javalib/core-oj.jar: ok
03-31 13:30:45.162 D/nativeloader( 2404): Load libopenjdk.so using APEX ns com_android_art for caller /apex/com.android.art/javalib/core-oj.jar: ok
03-31 13:30:45.163 I/app_process( 2404): Priority-to-niceness mapping: 19, 16, 13, 10, 0, -2, -4, -5, -6, -8
03-31 13:30:45.173 E/SemDvfsManager_JNI( 2404): SemDvfsManager: registerfunction enter
03-31 13:30:45.173 E/SemAffinityControl( 2404): SemAffinityControl: registerfunction enter
03-31 13:30:45.178 D/nativeloader( 2404): Load libframework-connectivity-tiramisu-jni.so using APEX ns com_android_tethering for caller /apex/com.android.tethering/javalib/framework-connectivity-t.jar: ok
03-31 13:30:45.179 D/AndroidRuntime( 2404): Calling main entry com.android.commands.monkey.Monkey
03-31 13:30:45.179 D/nativeloader( 2404): Load /system/lib64/libmonkey_jni.so using ns default for caller /system/framework/monkey.jar in same partition (is_bridged=0): ok
03-31 13:30:45.180 W/Monkey  ( 2404): args: [-p, com.weejobs.app, -c, android.intent.category.LAUNCHER, 1]
03-31 13:30:45.181 W/PlatformAconfigPackage( 2404): android.os.flagging.AconfigStorageReadException: ERROR_CANNOT_READ_STORAGE_FILE: Fail to mmap storage
03-31 13:30:45.182 I/AconfigPackage( 2404): android.graphics.pdf.flags is mapped to com.android.mediaprovider
03-31 13:30:45.182 I/AconfigPackage( 2404): com.android.providers.media.flags is mapped to com.android.mediaprovider
03-31 13:30:45.182 I/AconfigPackage( 2404): android.graphics.pdf.flags.readonly is mapped to com.android.mediaprovider
03-31 13:30:45.182 I/AconfigPackage( 2404): com.android.system.virtualmachine.flags is mapped to com.android.virt
03-31 13:30:45.182 I/AconfigPackage( 2404): android.os.profiling is mapped to com.android.profiling
03-31 13:30:45.182 I/AconfigPackage( 2404): android.uprobestats.mainline.flags is mapped to com.android.uprobestats
03-31 13:30:45.182 I/AconfigPackage( 2404): com.android.adservices.flags is mapped to com.android.adservices
03-31 13:30:45.182 I/AconfigPackage( 2404): com.android.sdksandbox.flags is mapped to com.android.adservices
03-31 13:30:45.182 I/AconfigPackage( 2404): android.provider.flags is mapped to com.android.configinfrastructure
03-31 13:30:45.182 I/AconfigPackage( 2404): com.android.server.deviceconfig is mapped to com.android.configinfrastructure
03-31 13:30:45.182 I/AconfigPackage( 2404): com.android.bluetooth.flags is mapped to com.android.bt
03-31 13:30:45.182 I/AconfigPackage( 2404): com.android.appsearch.flags is mapped to com.android.appsearch
03-31 13:30:45.182 I/AconfigPackage( 2404): com.android.devicelock.flags is mapped to com.android.devicelock
03-31 13:30:45.182 I/AconfigPackage( 2404): com.android.icu is mapped to com.android.i18n
03-31 13:30:45.182 I/AconfigPackage( 2404): com.android.adservices.ondevicepersonalization.flags is mapped to com.android.ondevicepersonalization
03-31 13:30:45.183 I/AconfigPackage( 2404): com.android.permission.flags is mapped to com.android.permission
03-31 13:30:45.183 I/AconfigPackage( 2404): com.android.permissioncontroller.flags is mapped to com.android.permission
03-31 13:30:45.183 I/AconfigPackage( 2404): com.android.rkpd.flags is mapped to com.android.rkpd
03-31 13:30:45.183 I/AconfigPackage( 2404): com.android.wifi.flags is mapped to com.android.wifi
03-31 13:30:45.183 I/AconfigPackage( 2404): com.android.org.conscrypt.flags is mapped to com.android.conscrypt
03-31 13:30:45.183 I/AconfigPackage( 2404): com.android.org.conscrypt.net.flags is mapped to com.android.conscrypt
03-31 13:30:45.183 I/AconfigPackage( 2404): com.android.cellbroadcastreceiver.flags is mapped to com.android.cellbroadcast
03-31 13:30:45.183 I/AconfigPackage( 2404): com.android.tethering.mainline.beta is mapped to com.android.tethering
03-31 13:30:45.183 I/AconfigPackage( 2404): android.net.http is mapped to com.android.tethering
03-31 13:30:45.183 I/AconfigPackage( 2404): com.android.tethering.readonly.flags is mapped to com.android.tethering
03-31 13:30:45.183 I/AconfigPackage( 2404): android.net.vcn is mapped to com.android.tethering
03-31 13:30:45.183 I/AconfigPackage( 2404): com.android.net.flags is mapped to com.android.tethering
03-31 13:30:45.183 I/AconfigPackage( 2404): com.android.tethering.flags is mapped to com.android.tethering
03-31 13:30:45.183 I/AconfigPackage( 2404): com.android.tethering.beta.test is mapped to com.android.tethering
03-31 13:30:45.183 I/AconfigPackage( 2404): com.android.nearby.flags is mapped to com.android.tethering
03-31 13:30:45.183 I/AconfigPackage( 2404): com.android.net.thread.flags is mapped to com.android.tethering
03-31 13:30:45.183 I/AconfigPackage( 2404): com.android.net.ct.flags is mapped to com.android.tethering
03-31 13:30:45.183 I/AconfigPackage( 2404): com.android.adbd.flags is mapped to com.android.adbd
03-31 13:30:45.183 I/AconfigPackage( 2404): com.android.os.statsd.flags is mapped to com.android.os.statsd
03-31 13:30:45.183 I/AconfigPackage( 2404): com.android.healthfitness.flags is mapped to com.android.healthfitness
03-31 13:30:45.183 I/AconfigPackage( 2404): com.android.art.flags is mapped to com.android.art
03-31 13:30:45.183 I/AconfigPackage( 2404): com.android.art.rw.flags is mapped to com.android.art
03-31 13:30:45.183 I/AconfigPackage( 2404): com.android.libcore is mapped to com.android.art
03-31 13:30:45.183 I/AconfigPackage( 2404): com.android.media.extractor.flags is mapped to com.android.media
03-31 13:30:45.183 I/AconfigPackage( 2404): com.android.media.mainline.flags is mapped to com.android.media
03-31 13:30:45.183 I/AconfigPackage( 2404): com.android.ipsec.flags is mapped to com.android.ipsec
03-31 13:30:45.183 I/AconfigPackage( 2404): com.android.uwb.flags is mapped to com.android.uwb
03-31 13:30:45.183 I/AconfigPackage( 2404): com.android.ranging.flags is mapped to com.android.uwb
03-31 13:30:45.184 I/AconfigPackage( 2404): android.media.swcodec.flags is mapped to com.android.media.swcodec
03-31 13:30:45.184 E/FeatureFlagsImplExport( 2404): android.os.flagging.AconfigStorageReadException: ERROR_PACKAGE_NOT_FOUND: package android.xr cannot be found on the device
03-31 13:30:45.186 D/SemCscFeature( 2404): Encoded
03-31 13:30:45.188 D/BatteryDump( 1545): wait_for_battery_event : occurred : add@/devices/virtual/input/input23 
03-31 13:30:45.189 D/BatteryDump( 1545): wait_for_battery_event : occurred : add@/devices/virtual/input/input23/event19 
03-31 13:30:45.191 W/Monkey  ( 2404):  arg: "-p"
03-31 13:30:45.191 W/Monkey  ( 2404):  arg: "com.weejobs.app"
03-31 13:30:45.191 W/Monkey  ( 2404):  arg: "-c"
03-31 13:30:45.191 W/Monkey  ( 2404):  arg: "android.intent.category.LAUNCHER"
03-31 13:30:45.191 W/Monkey  ( 2404):  arg: "1"
03-31 13:30:45.191 W/Monkey  ( 2404): data="com.weejobs.app"
03-31 13:30:45.191 W/Monkey  ( 2404): data="android.intent.category.LAUNCHER"
03-31 13:30:45.193 D/EventHub( 2349): No input device configuration file found for device 'Monkey touch'.
03-31 13:30:45.200 I/EventHub( 2349): usingClockIoctl=true
03-31 13:30:45.200 I/EventHub( 2349): New device: id=24, fd=1250, path='/dev/input/event19', name='Monkey touch', classes=TOUCH | TOUCH_MT, bus=6, vid:pid=18d1:0001, configuration='', keyLayout='', keyCharacterMap='', builtinKeyboard=false, 
03-31 13:30:45.200 D/BatteryDump( 1545): wait_for_battery_event : occurred : add@/devices/virtual/wakeup/wakeup196 
--------- beginning of system
03-31 13:30:45.201 W/ActivityManager( 2349): registerReceiverWithFeature: no app for null
03-31 13:30:45.203 W/InputReader( 2349): Rotary Encoder device configuration file didn't specify resolution!
03-31 13:30:45.203 W/InputReader( 2349): Rotary Encoder device configuration file didn't specify scaling factor,default to 1.000000!
03-31 13:30:45.203 I/InputReader( 2349): Rotary Encoder device configuration file didn't specify min log rotation.
03-31 13:30:45.203 I/InputReader( 2349): Device reconfigured: id=17, name='Monkey touch', size 904x2316, orientation Rotation0, mode DIRECT, display id 0
03-31 13:30:45.203 I/InputReader( 2349): Device added: id=17, eventHubId=24, name='Monkey touch', descriptor='e1fe28b90f915c7d1febbd52c1ef84b3c4cbed9f',sources=TOUCHSCREEN
03-31 13:30:45.204 W/InputReader( 2349): Rotary Encoder device configuration file didn't specify resolution!
03-31 13:30:45.204 W/InputReader( 2349): Rotary Encoder device configuration file didn't specify scaling factor,default to 1.000000!
03-31 13:30:45.204 I/InputReader( 2349): Rotary Encoder device configuration file didn't specify min log rotation.
03-31 13:30:45.220 D/ActivityTaskManager( 2349): startActivityAsUser: callingPid=2404, callingUid=2000, caller=com.android.server.am.ActivityManagerService.startActivityAsUserWithFeature:27 android.app.IActivityManager$Stub.onTransact$startActivityAsUserWithFeature$:13109 android.app.IActivityManager$Stub.onTransact:4305 com.android.server.am.ActivityManagerService.onTransact:425 android.os.Binder.execTransactInternal:1457 android.os.Binder.execTransact:1401 <bottom of call stack> 
03-31 13:30:45.220 I/Pageboost( 2349): onAppLaunch : com.weejobs.app
03-31 13:30:45.221 W/app_process( 2404): userfaultfd: MOVE ioctl seems unsupported: Success
03-31 13:30:45.221 I/Pageboost( 2349): Record App IO : com.weejobs.app pid 0
03-31 13:30:45.221 W/ActivityTaskManager( 2349): callingPackage for (uid=2000, pid=2404) has no WPC
03-31 13:30:45.222 D/ActivityTaskManager( 2349): DesktopModeLaunchParamsModifier: task=null activity=null task null, skipping
03-31 13:30:45.222 D/ActivityTaskManager( 2349): TaskLaunchParamsModifier:task=null activity=null display-area-from-current-params=null display-area-from-default-fallback=DefaultTaskDisplayArea_d0@99508180 display-id=0 task-display-area-windowing-mode=1 suggested-display-area=DefaultTaskDisplayArea_d0@99508180
03-31 13:30:45.222 W/OptProp ( 2349): Cannot read opt property android.window.PROPERTY_COMPAT_ALLOW_USER_ASPECT_RATIO_OVERRIDE
03-31 13:30:45.222 W/OptProp ( 2349): Cannot read opt property android.window.PROPERTY_COMPAT_ALLOW_USER_ASPECT_RATIO_FULLSCREEN_OVERRIDE
03-31 13:30:45.222 D/WindowManager( 2349): Transition is created, t=TransitionRecord{e9e9da5 id=-1 type=OPEN flags=0x0}, caller=com.android.server.wm.Transition.<init>:182 com.android.server.wm.TransitionController.createAndStartCollecting:106 com.android.server.wm.ActivityStarter.executeRequest:3575 com.android.server.wm.ActivityStarter.execute:1752 com.android.server.wm.ActivityTaskManagerService.startActivityAsUser:95 
03-31 13:30:45.222 D/BLASTSyncEngine( 2349): SyncGroup is created, id=1683, name=Transition-OPEN, caller=com.android.server.wm.BLASTSyncEngine$SyncGroup.<init>:52 com.android.server.wm.TransitionController.moveToCollecting:79 com.android.server.wm.TransitionController.createAndStartCollecting:109 com.android.server.wm.ActivityStarter.executeRequest:3575 com.android.server.wm.ActivityStarter.execute:1752 com.android.server.wm.ActivityTaskManagerService.startActivityAsUser:95 com.android.server.am.ActivityManagerService.startActivityAsUserWithFeature:27 
03-31 13:30:45.222 W/BLASTSyncEngine( 2349): setSyncMethod, id=1683, method=0, caller=com.android.server.wm.TransitionController.moveToCollecting:91 com.android.server.wm.TransitionController.createAndStartCollecting:109 com.android.server.wm.ActivityStarter.executeRequest:3575 
03-31 13:30:45.223 V/WindowManager( 2349): Start collecting in Transition: TransitionRecord{e9e9da5 id=1683 type=OPEN flags=0x0}, caller=com.android.server.wm.TransitionController.createAndStartCollecting:109 com.android.server.wm.ActivityStarter.executeRequest:3575 com.android.server.wm.ActivityStarter.execute:1752 com.android.server.wm.ActivityTaskManagerService.startActivityAsUser:95 com.android.server.am.ActivityManagerService.startActivityAsUserWithFeature:27 
03-31 13:30:45.223 V/WindowManager( 2349): Collecting in transition 1683: ActivityRecord{3118458 u0 com.weejobs.app/.MainActivity, caller=com.android.server.wm.TransitionController.collect:7 com.android.server.wm.ActivityStarter.startActivityUnchecked:192 com.android.server.wm.ActivityStarter.executeRequest:3619 com.android.server.wm.ActivityStarter.execute:1752 com.android.server.wm.ActivityTaskManagerService.startActivityAsUser:95 
03-31 13:30:45.223 D/ActivityTaskManager( 2349): DesktopModeLaunchParamsModifier: task=null activity=ActivityRecord{3118458 u0 com.weejobs.app/.MainActivity t-1} task null, skipping
03-31 13:30:45.223 D/ActivityTaskManager( 2349): TaskLaunchParamsModifier:task=null activity=ActivityRecord{3118458 u0 com.weejobs.app/.MainActivity t-1} display-area-from-current-params=null display-area-from-default-fallback=DefaultTaskDisplayArea_d0@99508180 display-id=0 task-display-area-windowing-mode=1 suggested-display-area=DefaultTaskDisplayArea_d0@99508180
03-31 13:30:45.223 D/ActivityTaskManager( 2349): DesktopModeLaunchParamsModifier: task=null activity=ActivityRecord{3118458 u0 com.weejobs.app/.MainActivity t-1} task null, skipping
03-31 13:30:45.223 D/ActivityTaskManager( 2349): TaskLaunchParamsModifier:task=null activity=ActivityRecord{3118458 u0 com.weejobs.app/.MainActivity t-1} display-area-from-current-params=null display-area-from-default-fallback=DefaultTaskDisplayArea_d0@99508180 display-id=0 task-display-area-windowing-mode=1 suggested-display-area=DefaultTaskDisplayArea_d0@99508180 non-freeform-task-display-area display-area=DefaultTaskDisplayArea_d0@99508180 activity-requested-portrait freeform-size-mismatch=Rect(71, 681 - 833, 1596)
03-31 13:30:45.223 I/SemDvfsHyPerManager( 2349): acquire hyper - AMS_APP_SWITCH/2349@22, type = -999
03-31 13:30:45.224 D/ActivityManagerPerformance( 2349): AMP_acquire() APP_SWITCH
03-31 13:30:45.224 I/SurfaceFlinger( 1676): id=27640 createSurf, flag=24004, Task=1627#27640
03-31 13:30:45.224 D/DisplayModeController( 1676): setDesiredMode 4630946213010294403 {mode={fps=120.00 Hz, modePtr={id=0, vsyncRate=120.00 Hz, peakRefreshRate=120.00 Hz}}, emitEvent=true, force=false}
03-31 13:30:45.225 I/HYPER-HAL( 1561): [RequestManager.cpp]acquire(): Acquired ID : 2812028  [2349 / 22]    HINT : AMS_APP_SWITCH    list : 
03-31 13:30:45.227 I/SurfaceFlinger( 1676): No layers with votes - choose 120.00 Hz
03-31 13:30:45.227 I/HWComposer( 1676): [4630946213010294403] ActiveConfigToHWC, ID : 0
03-31 13:30:45.227 D/SurfaceFlinger( 1676): GPIS:: requestGPISForClientComposition
03-31 13:30:45.227 I/SDM     ( 1584): HWCDisplay::SubmitDisplayConfig: [DispConfigs] config 8 => 0, hs_mode 1 => 1
03-31 13:30:45.228 I/SDM     ( 1584): HWDeviceDRM::SetDisplaySwitchMode: [DispConfigs] check hs_mode 1
03-31 13:30:45.228 I/SDM     ( 1584): HWDeviceDRM::SetDisplaySwitchMode: [DispConfigs] Set mode index:0 904x2316x120xcmdHS, hs_mode(1), found_mode(1)
03-31 13:30:45.228 I/SDM     ( 1584): HWDeviceDRM::UpdateMixerAttributes: Mixer WxH 904x2316-1 for Peripheral
03-31 13:30:45.228 W/OptProp ( 2349): Cannot read opt property android.window.PROPERTY_COMPAT_ALLOW_RESIZEABLE_ACTIVITY_OVERRIDES
03-31 13:30:45.228 I/SDM     ( 1584): HWCDisplay::SubmitDisplayConfig: Active configuration changed from config 8 to 0
03-31 13:30:45.228 D/ActivityTaskManager( 2349): DesktopModeLaunchParamsModifier: task=Task{27fc988 #1627 type=standard A=10789:com.weejobs.app} activity=ActivityRecord{3118458 u0 com.weejobs.app/.MainActivity t-1} non-desktop, skipping
03-31 13:30:45.228 D/ActivityTaskManager( 2349): TaskLaunchParamsModifier:task=Task{27fc988 #1627 type=standard A=10789:com.weejobs.app} activity=ActivityRecord{3118458 u0 com.weejobs.app/.MainActivity t-1} display-from-task=0 display-id=0 task-display-area-windowing-mode=1 suggested-display-area=DefaultTaskDisplayArea_d0@99508180 inherit-from-task=fullscreen non-freeform-task-display-area display-area=DefaultTaskDisplayArea_d0@99508180 activity-requested-portrait freeform-size-mismatch=Rect(71, 681 - 833, 1596)
03-31 13:30:45.228 V/WindowManager( 2349): Collecting in transition 1683: Task{27fc988 #1627 type=standard A=10789:com.weejobs.app}, caller=com.android.server.wm.Transition.collectExistenceChange:40 com.android.server.wm.ActivityStarter.setNewTask:43 com.android.server.wm.ActivityStarter.startActivityInner:298 com.android.server.wm.ActivityStarter.startActivityUnchecked:205 com.android.server.wm.ActivityStarter.executeRequest:3619 
03-31 13:30:45.228 W/OptProp ( 2349): Cannot read opt property android.window.PROPERTY_COMPAT_ALLOW_MIN_ASPECT_RATIO_OVERRIDE
03-31 13:30:45.228 I/SemDvfsHyPerManager(10397): acquire hyper - APP_START_SHORT/10397@22, type = -999
03-31 13:30:45.228 I/SurfaceFlinger( 1676): id=27641 createSurf, flag=84004, ActivityRecord{3118458 u0 com.weejobs.app/.MainActivity t1627}#27641
03-31 13:30:45.230 D/NativeSemDvfsManager( 1676): acquire:: timeout = 2000 mIsAcquired = 1  mTagName : SurfaceFlinger 
03-31 13:30:45.232 D/ActivityTaskManager( 2349): scheduleTopResumedActivityChanged, onTop=false, r=ActivityRecord{102437058 u0 com.sec.android.app.launcher/.activities.LauncherActivity t1407}, caller=com.android.server.wm.ActivityTaskSupervisor.scheduleTopResumedActivityStateLossIfNeeded:19 com.android.server.wm.ActivityTaskSupervisor.updateTopResumedActivityIfNeeded:20 com.android.server.wm.TaskDisplayArea.positionChildAt:252 com.android.server.wm.Task.moveToFront:40 com.android.server.wm.ActivityStarter.startActivityInner:314 com.android.server.wm.ActivityStarter.startActivityUnchecked:205 
03-31 13:30:45.232 V/WindowManager( 2349): Checking theme of starting window: 0x7f1302a3
03-31 13:30:45.232 V/WindowManager( 2349): Translucent=false Floating=false ShowWallpaper=false Disable=false
03-31 13:30:45.232 D/ActivityTaskManager( 2349): addStartingWindow: type=2 typeParameter=28b
03-31 13:30:45.232 V/WindowManager( 2349): Creating SplashScreenStartingData
03-31 13:30:45.232 V/WindowManager( 2349): Add starting ActivityRecord{3118458 u0 com.weejobs.app/.MainActivity t1627}: startingData=SplashScreenStartingData{1918f46 removeAfterTransaction= 0}
03-31 13:30:45.232 E/NativeCustomFrequencyManager( 1676): [NativeCFMS] BpCustomFrequencyManager::acquire()
03-31 13:30:45.233 V/WindowManager( 2349): Added starting ActivityRecord{3118458 u0 com.weejobs.app/.MainActivity t1627}: startingWindow=null startingView=com.android.server.wm.StartingSurfaceController$StartingSurface@ac58507
03-31 13:30:45.235 D/FreecessController( 2349): restrictJobsByOlaf: restrict=true, uid=10789
03-31 13:30:45.236 V/WindowManager( 2349): Collecting in transition 1683: ActivityRecord{3118458 u0 com.weejobs.app/.MainActivity t1627}, caller=com.android.server.wm.Transition.collectExistenceChange:40 com.android.server.wm.ActivityStarter.handleStartResult:761 com.android.server.wm.ActivityStarter.startActivityUnchecked:218 com.android.server.wm.ActivityStarter.executeRequest:3619 com.android.server.wm.ActivityStarter.execute:1752 
03-31 13:30:45.236 V/WindowManager( 2349): Requesting StartTransition: TransitionRecord{e9e9da5 id=1683 type=OPEN flags=0x0 c=[
03-31 13:30:45.236 V/WindowManager( 2349):    ChangeInfo{d53dc5d container=ActivityRecord{3118458 u0 com.weejobs.app/.MainActivity t1627} flags=0x0}
03-31 13:30:45.236 V/WindowManager( 2349):    ChangeInfo{6c759d2 container=Task{27fc988 #1627 type=standard A=10789:com.weejobs.app} flags=0x0}
03-31 13:30:45.236 V/WindowManager( 2349):    ChangeInfo{aab6aa3 container=Display{#0 state=ON size=904x2316 ROTATION_0} flags=0x0}
03-31 13:30:45.236 V/WindowManager( 2349):    ChangeInfo{28c41a0 container=DefaultTaskDisplayArea_d0@99508180 flags=0x0}
03-31 13:30:45.236 V/WindowManager( 2349): ]
03-31 13:30:45.236 V/WindowManager( 2349): }, caller=com.android.server.wm.ActivityStarter.handleStartResult:982 com.android.server.wm.ActivityStarter.startActivityUnchecked:218 com.android.server.wm.ActivityStarter.executeRequest:3619 com.android.server.wm.ActivityStarter.execute:1752 com.android.server.wm.ActivityTaskManagerService.startActivityAsUser:95 
03-31 13:30:45.236 I/Pageboost( 2349): stop alp
03-31 13:30:45.236 I/ActivityTaskManager( 2349): START u0 {act=android.intent.action.MAIN cat=[android.intent.category.LAUNCHER] flg=0x10200000 cmp=com.weejobs.app/.MainActivity} with LAUNCH_SINGLE_TASK from uid 2000 (BAL_ALLOW_PERMISSION) result code=0
03-31 13:30:45.236 I/SemDvfsHyPerManager( 2349): acquire hyper - AMS_APP_LAUNCH/2349@16, type = -999
03-31 13:30:45.237 I/VSyncReactor( 1676): Current= 24, Period= 24, Distance= 1
03-31 13:30:45.237 I/Monkey  ( 2404): Events injected: 1
03-31 13:30:45.238 D/KNOX_MDM_SettingsProvider( 2349): isChangeAllowed() : name = accelerometer_rotation
03-31 13:30:45.239 D/SettingsProvider( 2349): PUT_ret(/system/accelerometer_rotation), callingPackage:android
03-31 13:30:45.239 D/KNOX_MDM_SettingsProvider( 2349): isChangeAllowed() : name = user_rotation
03-31 13:30:45.239 V/WindowManager( 2349): Computed rotation=ROTATION_0 (0) for display id=1 based on lastOrientation=SCREEN_ORIENTATION_UNSPECIFIED (-1) and oldRotation=ROTATION_0 (0), caller=com.android.server.wm.WindowManagerService.updateRotationUnchecked:72 com.android.server.wm.WindowManagerService.freezeDisplayRotation:156 com.android.server.wm.WindowManagerService.freezeRotation:2 android.view.IWindowManager$Stub.onTransact:3004 com.android.server.wm.WindowManagerService.onTransact:1 android.os.Binder.execTransactInternal:1457 
03-31 13:30:45.239 V/WindowManager( 2349): Computed rotation=ROTATION_0 (0) for display id=0 based on lastOrientation=SCREEN_ORIENTATION_UNSPECIFIED (-1) and oldRotation=ROTATION_0 (0), caller=com.android.server.wm.WindowManagerService.updateRotationUnchecked:72 com.android.server.wm.WindowManagerService.freezeDisplayRotation:156 com.android.server.wm.WindowManagerService.freezeRotation:2 android.view.IWindowManager$Stub.onTransact:3004 com.android.server.wm.WindowManagerService.onTransact:1 android.os.Binder.execTransactInternal:1457 
03-31 13:30:45.240 V/WindowManagerShell( 3951): Transition requested (#1683): android.os.BinderProxy@15c5cd5 TransitionRequestInfo { type = OPEN, triggerTask = TaskInfo{userId=0 taskId=1627 effectiveUid=10789 displayId=0 isRunning=true baseIntent=Intent { act=android.intent.action.MAIN cat=[android.intent.category.LAUNCHER] flg=0x10200000 cmp=com.weejobs.app/.MainActivity } baseActivity=ComponentInfo{com.weejobs.app/com.weejobs.app.MainActivity} topActivity=ComponentInfo{com.weejobs.app/com.weejobs.app.MainActivity} origActivity=null realActivity=ComponentInfo{com.weejobs.app/com.weejobs.app.MainActivity} numActivities=1 lastActiveTime=712550211 supportsMultiWindow=true resizeMode=1 isResizeable=true minWidth=-1 minHeight=-1 maxWidth=-1 maxHeight=-1 defaultMinSize=220 desktopDefaultMinSize=304 token=WCT{android.window.IWindowContainerToken$Stub$Proxy@a5a9cea} topActivityType=1 pictureInPictureParams=null shouldDockBigOverlays=false launchIntoPipHostTaskId=-1 lastParentTaskIdBeforePip=-1 displayCutoutSafeInsets=Rect(0, 87 - 0, 0) topActivityInfo=ActivityInfo{b604bdb com.weejobs.app.MainActivity} launchCookies=[] positionInParent=Point(0, 0) parentTaskId=-1 isFocused=false isVisible=false isVisibleRequested=false isTopActivityNoDisplay=false isSleeping=false locusId=null displayAreaFeatureId=1 isTopActivityTransparent=false isActivityStackTransparent=false lastNonFullscreenBounds=Rect(71, 681 - 833, 1596) capturedLink=null capturedLinkTimestamp=0 requestedVisibleTypes=-9 topActivityRequestOpenInBrowserEducationTimestamp=0 appCompatTaskInfo=AppCompatTaskInfo { topActivityInSizeCompat=false eligibleForLetterboxEducation= false isLetterboxEducationEnabled= false isLetterboxDoubleTapEnabled= false eligibleForUserAspectRatioButton= false topActivityBoundsLetterboxed= false isFromLetterboxDoubleTap= false topActivityLetterboxVerticalPosition= -1 topActivityLetterboxHorizontalPosition= -1 topActivityLetterboxWidth=-1 topActivityLetterboxHeight=-1 topActivityAppBounds=Rect(0, 0 - 904, 2316) isUserFullscreenOverrideEnabled=true isSystemFullscreenOverrideEnabled=false hasMinAspectRatioOverride=false topActivityLetterboxBounds=null cameraCompatTaskInfo=CameraCompatTaskInfo { freeformCameraCompatMode=inactive} topActivityBounds=null topActivityInDisplayCompat=false singleTapFromLetterbox=false} topActivityMainWindowFrame=null originallySupportedMultiWindow=true hasWallpaper=false rootAffinity=10789:com.weejobs.app isTopTaskInStage=false CoverLauncherWidgetTask=false LaunchedFromAppsCoverLauncherTask=false LaunchedFromMultistarCoverLauncherTask=false isAllowedSeamlessRotation=false isTopTransparentActivity=false isAliasManaged=false hasConfigChanged=false snappingGuideBounds=null isAiKeyRemoveAppTask=false lastDesktopWindowingBounds=null lastExternalDesktopWindowingBounds=null isTopFullScreenWindow=true isFullSizeWindow=true safeCutoutInsets=null}, pipChange = null, remoteTransition = null, displayChange = null, flags = 0, debugId = 1683 }
03-31 13:30:45.240 V/ShellDesktopMode( 3951): DesktopTasksController: isDesktopModeShowing: hasVisibleTasks=false hasTopTransparentFullscreenTask=false
03-31 13:30:45.240 V/ShellDesktopMode( 3951): DesktopTasksController: isDesktopModeShowing: hasVisibleTasks=false hasTopTransparentFullscreenTask=false
03-31 13:30:45.240 D/ShellSplitScreen( 3951): logExit: no-op, mLoggerSessionId is null
03-31 13:30:45.240 D/ShellDesktopMode( 3951): handleRequest: TransitionRequestInfo {type=1, tid=1627, debugId=1683}
03-31 13:30:45.240 I/HoneySpace.Launcher( 4276): !@Boot_EBS_D: Launcher.onPause()
03-31 13:30:45.240 I/HoneySpace.Launcher( 4276): updateLauncherShowing true -> false
03-31 13:30:45.240 I/HoneySpace.SPayHandler( 4276): updateSpayHandler launcher activity is paused false
03-31 13:30:45.240 I/HoneySpace.TaskbarVisibilityController@110361640@OneUI( 4276): launcher showing: false recent showing: false 
03-31 13:30:45.240 D/ViewRootImpl( 3951): desktopMode is false
03-31 13:30:45.240 I/ViewRootImpl( 3951): dVRR is disabled
03-31 13:30:45.241 D/NativeCustomFrequencyManager( 3951): [NativeCFMS] BpCustomFrequencyManager::BpCustomFrequencyManager()
03-31 13:30:45.241 W/ContextImpl(10363): Calling a method in the system process without a qualified user: android.app.ContextImpl.startService:2068 android.content.ContextWrapper.startService:872 android.content.ContextWrapper.startService:872 com.sec.android.diagmonagent.sa.receiver.CFLogReceiver.onReceive:56 android.app.ActivityThread.handleReceiver:5663 
03-31 13:30:45.241 V/ShellDesktopMode( 3951): DesktopTasksController: handleFullscreenTaskLaunch
03-31 13:30:45.241 V/ShellDesktopMode( 3951): DesktopTasksController: isDesktopModeShowing: hasVisibleTasks=false hasTopTransparentFullscreenTask=false
03-31 13:30:45.242 V/ShellDesktopMode( 3951): DesktopTasksController: handleRequest result=null
03-31 13:30:45.244 V/WindowManager( 2349): Checking theme of starting window: 0x7f1302a3
03-31 13:30:45.244 V/WindowManager( 2349): Translucent=false Floating=false ShowWallpaper=false Disable=false
03-31 13:30:45.244 V/WindowManager( 2349): Collecting in transition 1683: ActivityRecord{3118458 u0 com.weejobs.app/.MainActivity t1627}, caller=com.android.server.wm.TransitionController.collect:7 com.android.server.wm.ActivityRecord.setVisibility:132 com.android.server.wm.EnsureActivitiesVisibleHelper.setActivityVisibilityState:221 com.android.server.wm.EnsureActivitiesVisibleHelper.process:281 com.android.server.wm.TaskFragment.updateActivityVisibilities:12 
03-31 13:30:45.244 V/WindowManager( 2349): Collecting in transition 1683: ActivityRecord{102437058 u0 com.sec.android.app.launcher/.activities.LauncherActivity t1407}, caller=com.android.server.wm.TransitionController.collect:7 com.android.server.wm.ActivityRecord.setVisibility:132 com.android.server.wm.ActivityRecord.makeInvisible:33 com.android.server.wm.EnsureActivitiesVisibleHelper.setActivityVisibilityState:302 com.android.server.wm.EnsureActivitiesVisibleHelper.process:281 
03-31 13:30:45.244 D/WindowManager( 2349): prepareSync <SYNC_STATE_WAITING_FOR_DRAW>, mPrepareSyncSeqId=0, win=Window{a4b6524 u0 com.sec.android.app.launcher/com.sec.android.app.launcher.activities.LauncherActivity}
03-31 13:30:45.244 V/WindowManager( 2349): Collecting in transition 1683: WallpaperWindowToken{7fd0108 showWhenLocked=true}_<lock|non-primary>, caller=com.android.server.wm.Transition.collect:387 com.android.server.wm.TransitionController.collect:7 com.android.server.wm.ActivityRecord.setVisibility:132 com.android.server.wm.ActivityRecord.makeInvisible:33 com.android.server.wm.EnsureActivitiesVisibleHelper.setActivityVisibilityState:302 
03-31 13:30:45.244 V/WindowManager( 2349): Collecting in transition 1683: WallpaperWindowToken{fb2395 showWhenLocked=false}_<system|non-primary>, caller=com.android.server.wm.Transition.collect:410 com.android.server.wm.TransitionController.collect:7 com.android.server.wm.ActivityRecord.setVisibility:132 com.android.server.wm.ActivityRecord.makeInvisible:33 com.android.server.wm.EnsureActivitiesVisibleHelper.setActivityVisibilityState:302 
03-31 13:30:45.245 V/WindowManager( 2349): Collecting in transition 1683: WallpaperWindowToken{fb2395 showWhenLocked=false}_<system|non-primary>, caller=com.android.server.wm.TransitionController.collect:7 com.android.server.wm.WallpaperWindowToken.setVisibility:55 com.android.server.wm.WallpaperController.adjustWallpaperWindows:857 com.android.server.wm.RootWindowContainer.applySurfaceChangesTransaction$1:141 com.android.server.wm.RootWindowContainer.performSurfacePlacementNoTrace:86 
03-31 13:30:45.245 D/OlafRestriction( 2349):  olaf state update: state=true
03-31 13:30:45.246 D/OlafRestriction( 2349):  sending trigger onRestrictionStateChanged msg.
03-31 13:30:45.246 I/HoneySpace.TopTaskSource( 4276): onTaskMovedToFront : taskId = 1627, displayId = 0
03-31 13:30:45.246 D/TspStateManager( 2349): updateCustomValue customSetting=
03-31 13:30:45.246 I/HoneySpace.GlobalSettingDataSourceImpl( 4276): Setting accelerometer_rotation changed to 0
03-31 13:30:45.247 I/HoneySpace.TopTaskUseCase( 4276): topTasks 1627 ComponentInfo{com.weejobs.app/com.weejobs.app.MainActivity}[displayId=0]
03-31 13:30:45.247 D/KNOX_MDM_SettingsProvider( 2349): isChangeAllowed() : name = accelerometer_rotation
03-31 13:30:45.247 D/SettingsProvider( 2349): PUT_ret(/system/accelerometer_rotation), callingPackage:android
03-31 13:30:45.247 D/KNOX_MDM_SettingsProvider( 2349): isChangeAllowed() : name = user_rotation
03-31 13:30:45.247 V/WindowManager( 2349): Computed rotation=ROTATION_0 (0) for display id=1 based on lastOrientation=SCREEN_ORIENTATION_UNSPECIFIED (-1) and oldRotation=ROTATION_0 (0), caller=com.android.server.wm.WindowManagerService.updateRotationUnchecked:72 com.android.server.wm.WindowManagerService.thawDisplayRotation:113 com.android.server.wm.WindowManagerService.thawRotation:2 android.view.IWindowManager$Stub.onTransact:3013 com.android.server.wm.WindowManagerService.onTransact:1 android.os.Binder.execTransactInternal:1457 
03-31 13:30:45.247 V/WindowManager( 2349): Computed rotation=ROTATION_0 (0) for display id=0 based on lastOrientation=SCREEN_ORIENTATION_UNSPECIFIED (-1) and oldRotation=ROTATION_0 (0), caller=com.android.server.wm.WindowManagerService.updateRotationUnchecked:72 com.android.server.wm.WindowManagerService.thawDisplayRotation:113 com.android.server.wm.WindowManagerService.thawRotation:2 android.view.IWindowManager$Stub.onTransact:3013 com.android.server.wm.WindowManagerService.onTransact:1 android.os.Binder.execTransactInternal:1457 
03-31 13:30:45.248 V/WindowManager( 2349): Starting Transition 1683, caller=com.android.server.wm.WindowOrganizerController.startTransition:47 com.android.server.wm.WindowOrganizerController.startTransition:1 android.window.IWindowOrganizerController$Stub.onTransact:259 
03-31 13:30:45.249 D/SettingsHelper( 3951): onChange() COMPLETED elapsed= 7
03-31 13:30:45.249 D/SRotationLockTile( 3951):  OnChangedCallback : 
03-31 13:30:45.249 D/InputTransport( 2349): Input channel constructed: 'ad18b1b', fd=1256
03-31 13:30:45.249 D/Navbar.Store( 3951): handleEvent(0) OnRotationLockedChanged(rotationLocked=false) [Module] NavBarStoreImpl
03-31 13:30:45.249 D/Navbar.Store( 3951): --[Band]TASKBAR_PACK_ROTATION_LOCKED_CHANGED
03-31 13:30:45.249 D/InputTransport( 2349): Input channel constructed: 'ad18b1b', fd=1261
03-31 13:30:45.250 D/Navbar.Store( 3951): ----apply(0) NavBarStoreAction$UpdateTaskBarNavBarEvents
03-31 13:30:45.250 D/TaskbarDelegate( 3951): handleNavigationBarEvent() TaskbarDelegate is not initialized.
03-31 13:30:45.250 D/InputTransport( 2349): Input channel constructed: 'ad18b1b', fd=1305
03-31 13:30:45.250 D/InputTransport( 2349): Input channel destroyed: 'ad18b1b', fd=1261
03-31 13:30:45.250 D/WindowManager( 2349): prepareSync <SYNC_STATE_WAITING_FOR_DRAW>, mPrepareSyncSeqId=0, win=Window{ad18b1b u0 Splash Screen com.weejobs.app}
03-31 13:30:45.250 I/SurfaceFlinger( 1676): id=27642 createSurf, flag=84004, ad18b1b Splash Screen com.weejobs.app#27642
03-31 13:30:45.250 I/VSyncReactor( 1676): Current= 24, Period= 24, Distance= 75
03-31 13:30:45.251 I/HYPER-HAL( 1561): [RequestManager.cpp]acquire(): Acquired ID : 54283012  [10397 / 22]    HINT : APP_START    list : [TIMEOUT / 1500] 
03-31 13:30:45.251 I/SemDvfsHyPerManager(10397): acquire hyper - APP_START/10397@24, type = -999
03-31 13:30:45.251 E/HYPER-HAL( 1561): [HandlerSysfs.cpp]doResourceHandling(): Couldn't Open Sysfs - /sys/devices/system/cpu/bus_dcvs/DDR/soc:qcom,memlat:ddr:prime-latfloor/max_freq
03-31 13:30:45.251 I/HYPER-HAL( 1561): [RequestManager.cpp]acquire(): Acquired ID : 3582826  [1676 / 1000]    HINT : SF_GPU_MINLOCK    list : [TIMEOUT / 2000] 
03-31 13:30:45.252 I/HYPER-HAL( 1561): [RequestManager.cpp]acquire(): Acquired ID : 2797811  [2349 / 16]    HINT : AMS_APP_LAUNCH    list : 
03-31 13:30:45.253 I/HYPER-HAL( 1561): [RequestManager.cpp]acquire(): Acquired ID : 54303855  [10397 / 24]    HINT : APP_START    list : 
03-31 13:30:45.253 E/HYPER-HAL( 1561): [HandlerSysfs.cpp]doResourceHandling(): Couldn't Open Sysfs - /sys/devices/system/cpu/bus_dcvs/DDR/soc:qcom,memlat:ddr:prime-latfloor/max_freq
03-31 13:30:45.253 D/RestrictionPolicy( 2349): isScreenCaptureEnabled : ret=true userId=0
03-31 13:30:45.253 I/HoneySpace.RecentTasks( 4276): onRecentTasksChanged
03-31 13:30:45.253 D/ShellDesktopMode( 3951): [u0] DesktopRepository: Removes freeform task: taskId=1626
03-31 13:30:45.254 W/ShellDesktopMode( 3951): [u0] DesktopRepository: No display id found for task: taskId=1626
03-31 13:30:45.254 D/ShellDesktopMode( 3951): [u0] DesktopRepository: Removes freeform task: taskId=1626
03-31 13:30:45.254 W/ShellDesktopMode( 3951): [u0] DesktopRepository: No display id found for task: taskId=1626
03-31 13:30:45.254 V/WindowManager( 2349): addWindow: ActivityRecord{3118458 u0 com.weejobs.app/.MainActivity t1627} startingWindow=Window{ad18b1b u0 Splash Screen com.weejobs.app}
03-31 13:30:45.254 I/CameraService( 1946): onUidStateChanged: uid=10039, procState is changed. (0 -> 1)
03-31 13:30:45.254 I/HoneySpace.RecentTasks( 4276): onRecentTasksChanged
03-31 13:30:45.254 W/OptProp ( 2349): Cannot read opt property android.window.PROPERTY_COMPAT_ALLOW_ORIENTATION_OVERRIDE
03-31 13:30:45.254 V/WindowManager( 2349): rotationForOrientation(orient=SCREEN_ORIENTATION_PORTRAIT (1), last=ROTATION_0 (0)); user=ROTATION_0 (0) 
03-31 13:30:45.254 D/WindowManager( 2349): rotationForOrientation, orientationSource=ActivityRecord{3118458 u0 com.weejobs.app/.MainActivity t1627}
03-31 13:30:45.254 V/WindowManager( 2349): Computed rotation=ROTATION_0 (0) for display id=0 based on lastOrientation=SCREEN_ORIENTATION_PORTRAIT (1) and oldRotation=ROTATION_0 (0), caller=com.android.server.wm.DisplayRotation.updateOrientation:79 com.android.server.wm.DisplayContent.updateOrientation:41 com.android.server.wm.WindowManagerService.addWindowInner:690 com.android.server.wm.WindowManagerService.addWindow:1842 com.android.server.wm.Session.addToDisplayAsUser:24 android.view.IWindowSession$Stub.onTransact:757 
03-31 13:30:45.255 D/InputTransport( 2349): Input channel destroyed: 'ad18b1b', fd=1305
03-31 13:30:45.255 D/SRotationLockTile( 3951):  mRotationLocked: false handleUpdateState: true orientation = true
03-31 13:30:45.255 D/InputTransport( 3951): Input channel constructed: 'ad18b1b', fd=532
03-31 13:30:45.256 I/InsetsController( 3951): onStateChanged: host=Splash Screen com.weejobs.app, from=android.view.ViewRootImpl.onInsetsStateChanged:3026, state=InsetsState: {mDisplayFrame=Rect(0, 0 - 904, 2316), mDisplayCutout=DisplayCutout{insets=Rect(0, 87 - 0, 0) waterfall=Insets{left=0, top=0, right=0, bottom=0} boundingRect={Bounds=[Rect(0, 0 - 0, 0), Rect(418, 0 - 486, 87), Rect(0, 0 - 0, 0), Rect(0, 0 - 0, 0)]} cutoutPathParserInfo={CutoutPathParserInfo{displayWidth=904 displayHeight=2316 physicalDisplayWidth=904 physicalDisplayHeight=2316 density={2.625} cutoutSpec={M 0,0 H -12.95238095238095 V 33.14285714285714 H 12.95238095238095 V 0 H 0 Z @dp} rotation={0} scale={1.0} physicalPixelDisplaySizeRatio={1.0}}} sideOverrides={}}, mRoundedCorners=RoundedCorners{[RoundedCorner{position=TopLeft, radius=68, center=Point(68, 68)}, RoundedCorner{position=TopRight, radius=68, center=Point(836, 68)}, RoundedCorner{position=BottomRight, radius=68, center=Point(836, 2248)}, RoundedCorner{position=BottomLeft, radius=68, center=Point(68, 2248)}]}  mRoundedCornerFrame=Rect(0, 0 - 904, 2316), mPrivacyIndicatorBounds=PrivacyIndicatorBounds {static bounds=Rect(788, 0 - 904, 87) rotation=0}, mDisplayShape=DisplayShape{ spec=-311912193 displayWidth=904 displayHeight=2316 physicalPixelDisplaySizeRatio=1.0 rotation=0 offsetX=0 offsetY=0 scale=1.0}, mSources= { InsetsSource: {a1630001 mType=navigationBars mFrame=[0,2190][904,2316] mVisible=true mFlags= mSideHint=BOTTOM mBoundingRects=null}, InsetsSource: {a1630004 mType=systemGestures mFrame=[0,0][0,0] mVisible=true mFlags= mSideHint=NONE mBoundingRects=null}, InsetsSource: {a1630005 mType=mandatorySystemGestures mFrame=[0,2190][904,2316] mVisible=true mFlags= mSideHint=BOTTOM mBoundingRects=null}, InsetsSource: {a1630006 mType=tappableElement mFrame=[0,2190][904,2316] mVisible=true mFlags= mSideHint=BOTTOM mBoundingRects=null}, InsetsSource: {a1630024 mType=systemGestures mFrame=[0,0][0,0] mVisible=true mFlags= mSideHint=NONE mBoundingRects=null}, InsetsSource: {fb6f0000 mType=statusBars mFrame=[0,0][904,87] mVisible=true mFlags= mSideHint=TOP mBoundingRects=null}, InsetsSource: {fb6f0005 mType=mandatorySystemGestures mFrame=[0,0][904,119] mVisible=true mFlags= mSideHint=TOP mBoundingRects=null}, InsetsSource: {fb6f0006 mType=tappableElement mFrame=[0,0][904,87] mVisible=true mFlags= mSideHint=TOP mBoundingRects=null}, InsetsSource: {3 mType=ime mFrame=[0,0][0,0] mVisible=false mFlags= mSideHint=NONE mBoundingRects=null}, InsetsSource: {27 mType=displayCutout mFrame=[0,0][904,87] mVisible=true mFlags= mSideHint=TOP mBoundingRects=null}, InsetsSource: {244a0004 mType=systemGestures mFrame=[0,0][0,0] mVisible=false mFlags= mSideHint=NONE mBoundingRects=null}, InsetsSource: {244a0005 mType=mandatorySystemGestures mFrame=[0,0][0,0] mVisible=false mFlags= mSideHint=NONE mBoundingRects=null}, InsetsSource: {244a0006 mType=tappableElement mFrame=[0,0][0,0] mVisible=false mFlags= mSideHint=NONE mBoundingRects=null}, InsetsSource: {244a0024 mType=systemGestures mFrame=[0,0][0,0] mVisible=false mFlags= mSideHint=NONE mBoundingRects=null} }
03-31 13:30:45.256 I/VRI[app]@292f151( 3951): onActiveControlsChanged, removed=false, mAdded=true, caller=android.view.ViewRootImpl.handleInsetsControlChanged:3002 android.view.ViewRootImpl.setView:2014 android.view.WindowManagerGlobal.addView:604 com.android.wm.shell.startingsurface.SplashscreenWindowCreator.addWindow:38 com.android.wm.shell.startingsurface.StartingWindowController$$ExternalSyntheticLambda4.run:1365 
03-31 13:30:45.256 D/Navbar.Store( 3951): handleEvent(0) OnRotationLockedChanged(rotationLocked=false) [Module] NavBarStoreImpl
03-31 13:30:45.256 D/Navbar.Store( 3951): --[Band]TASKBAR_PACK_ROTATION_LOCKED_CHANGED
03-31 13:30:45.256 D/Navbar.Store( 3951): ----apply(0) NavBarStoreAction$UpdateTaskBarNavBarEvents
03-31 13:30:45.256 D/TaskbarDelegate( 3951): handleNavigationBarEvent() TaskbarDelegate is not initialized.
03-31 13:30:45.256 I/VRI[app]@292f151( 3951): synced displayState. AttachInfo displayState=2
03-31 13:30:45.256 D/SRotationLockTile( 3951):  mRotationLocked: false handleUpdateState: true orientation = true
03-31 13:30:45.259 I/VSyncReactor( 1676): Current= 24, Period= 24, Distance= 120
03-31 13:30:45.262 I/VRI[app]@292f151( 3951): setView = android.widget.FrameLayout@b24b1bc IsHRR=false mFlingFrameRateChange=0 TM=true
03-31 13:30:45.262 D/SGM:GameManager( 2349): identifyGamePackage. com.weejobs.app, mCurrentUserId: 0, callingMethodInfo: com.samsung.android.game.IGameManagerService$Stub.onTransact(IGameManagerService.java:247)
03-31 13:30:45.262 D/HWUI    ( 3951): HWUI - treat SMPTE_170M as sRGB
03-31 13:30:45.265 D/BackgroundInstallControlService( 2349): Package event received: 0
03-31 13:30:45.266 I/WindowManager( 2349): Relayout Window{ad18b1b u0 Splash Screen com.weejobs.app}: viewVisibility=0 req=904x2316 ty=3 d0
03-31 13:30:45.266 I/SurfaceFlinger( 1676): id=27643 createSurf, flag=44004, Splash Screen com.weejobs.app$_3951#27643
03-31 13:30:45.266 I/Monkey  ( 2404): ## Network stats: elapsed time=27ms (0ms mobile, 0ms wifi, 27ms not connected)
03-31 13:30:45.266 I/CocktailBarManagerServiceContainer( 2349): handleMessage: entry what = 6
03-31 13:30:45.268 I/VSyncReactor( 1676): Current= 24, Period= 24, Distance= 120
03-31 13:30:45.268 I/SurfaceFlinger( 1676): finalizeDisplayModeChange 4630946213010294403
03-31 13:30:45.268 D/Navbar.Store( 3951): handleEvent(0) OnRotationLockedChanged(rotationLocked=false) [Module] NavBarStoreImpl
03-31 13:30:45.268 D/Navbar.Store( 3951): --[Band]TASKBAR_PACK_ROTATION_LOCKED_CHANGED
03-31 13:30:45.268 D/Navbar.Store( 3951): ----apply(0) NavBarStoreAction$UpdateTaskBarNavBarEvents
03-31 13:30:45.268 D/TaskbarDelegate( 3951): handleNavigationBarEvent() TaskbarDelegate is not initialized.
03-31 13:30:45.268 D/WindowManager( 2349): makeSurface duration=3 name=Splash Screen com.weejobs.app$_3951
03-31 13:30:45.269 I/WALLPAPER_SVC:LegibilityColor( 2349): allowScreenRotate, allow rotate on tablet or dual main : 1 
03-31 13:30:45.269 I/WALLPAPER_SVC:LegibilityColor( 2349): allowScreenRotate, allow rotate on tablet or dual main : 2 
03-31 13:30:45.269 D/Zygote  ( 1479): Forked child process 2445
03-31 13:30:45.269 I/SurfaceFlinger( 1676): [Display 0 name="Built-in Screen"#50] setFrameRateCategory: High
03-31 13:30:45.269 I/SurfaceFlinger( 1676): [Task=1627#27640] attach to parent LayerHierarchy{RequestedLayerState{DefaultTaskDisplayArea_d0#11 parentId=10} 12 children}
03-31 13:30:45.269 I/SurfaceFlinger( 1676): [ActivityRecord{3118458 u0 com.weejobs.app/.MainActivity t1627}#27641] attach to parent LayerHierarchy{RequestedLayerState{Task=1627#27640 parentId=11} 1 children}
03-31 13:30:45.269 I/SurfaceFlinger( 1676): [ad18b1b Splash Screen com.weejobs.app#27642] attach to parent LayerHierarchy{RequestedLayerState{ActivityRecord{3118458 u0 com.weejobs.app/.MainActivity t1627}#27641 parentId=27640} 1 children}
03-31 13:30:45.269 I/SurfaceFlinger( 1676): [Splash Screen com.weejobs.app$_3951#27643] attach to parent LayerHierarchy{RequestedLayerState{ad18b1b Splash Screen com.weejobs.app#27642 parentId=27641} 1 children}
03-31 13:30:45.269 I/ActivityManager( 2349): Start proc 2445:com.weejobs.app/u0a789 for next-top-activity {com.weejobs.app/com.weejobs.app.MainActivity}
03-31 13:30:45.270 I/BpBinder( 1676): onLastStrongRef automatically unlinking death recipients: 
03-31 13:30:45.270 I/HoneySpace.GlobalSettingDataSourceImpl( 4276): Setting accelerometer_rotation changed to 1
03-31 13:30:45.270 D/SurfaceComposerClient( 2349): setCornerRadius ## ad18b1b Splash Screen com.weejobs.app#27642 cornerRadius=0.000000
03-31 13:30:45.270 D/SurfaceComposerClient( 2349): setCornerRadius ## ad18b1b Splash Screen com.weejobs.app#27642 cornerRadius=0.000000
03-31 13:30:45.271 D/WindowManager( 2349): Changing focus from Window{a4b6524 u0 com.sec.android.app.launcher/com.sec.android.app.launcher.activities.LauncherActivity} to null displayId=0 Callers=com.android.server.wm.WindowManagerService.relayoutWindow:1411 com.android.server.wm.Session.relayout:27 android.view.IWindowSession$Stub.onTransact:829 com.android.server.wm.Session.onTransact:1 
03-31 13:30:45.271 V/SystemKeyManager( 2349): updateFocusedWindow() is called, 
03-31 13:30:45.271 D/CoreBackPreview( 2349): Window{ad18b1b u0 Splash Screen com.weejobs.app}: Setting back callback OnBackInvokedCallbackInfo{mCallback=android.window.IOnBackInvokedCallback$Stub$Proxy@e4a28a6, mPriority=0, mIsAnimationCallback=false, mOverrideBehavior=0}
03-31 13:30:45.271 I/WindowManager( 2349): Relayout hash=ad18b1b, pid=3951, syncId=-1: mAttrs={(0,0)(fillxfill) sim={adjust=pan} layoutInDisplayCutoutMode=always ty=APPLICATION_STARTING fmt=TRANSLUCENT wanim=0x1030306
03-31 13:30:45.271 I/WindowManager( 2349):   fl=81030118
03-31 13:30:45.271 I/WindowManager( 2349):   pfl=10000810
03-31 13:30:45.271 I/WindowManager( 2349):   apr=18
03-31 13:30:45.271 I/WindowManager( 2349):   bhv=1
03-31 13:30:45.271 I/WindowManager( 2349):   fitSides=0
03-31 13:30:45.271 I/WindowManager( 2349):   frameRateBoostOnTouch=true
03-31 13:30:45.271 I/WindowManager( 2349):   dvrrWindowFrameRateHint=true naviIconColor=0}
03-31 13:30:45.273 I/VRI[app]@292f151( 3951): onActiveControlsChanged, removed=false, mAdded=true, caller=android.view.ViewRootImpl.handleInsetsControlChanged:3002 android.view.ViewRootImpl.relayoutWindow:11629 android.view.ViewRootImpl.performTraversals:4804 android.view.ViewRootImpl.doTraversal:3924 android.view.ViewRootImpl$TraversalRunnable.run:12903 
03-31 13:30:45.273 D/SGM:FgCheckThread( 2349): notePauseComponent(), received pkgName: com.sec.android.app.launcher, userId: 0
03-31 13:30:45.274 I/app_process( 2404): System.exit called, status: 0
03-31 13:30:45.274 I/AndroidRuntime( 2404): VM exiting with result code 0.
03-31 13:30:45.274 W/libc    ( 3951): Access denied finding property "vendor.display.enable_optimal_refresh_rate"
03-31 13:30:45.274 I/BufferQueueProducer( 3951): [](id:f6f0000058b,api:0,p:1134406448,c:3951) setDequeueTimeout:2077252342
03-31 13:30:45.274 I/ActivityManager( 2349): ProcessObserver broadcast disabled
03-31 13:30:45.274 D/SRotationLockTile( 3951):  mRotationLocked: false handleUpdateState: true orientation = true
03-31 13:30:45.274 I/BLASTBufferQueue_Java( 3951): new BLASTBufferQueue, mName= VRI[app]@292f151 mNativeObject= 0xb400006e64047fe0 caller= android.view.ViewRootImpl.updateBlastSurfaceIfNeeded:3585 android.view.ViewRootImpl.relayoutWindow:11685 android.view.ViewRootImpl.performTraversals:4804 android.view.ViewRootImpl.doTraversal:3924 android.view.ViewRootImpl$TraversalRunnable.run:12903 android.view.Choreographer$CallbackRecord.run:1901 android.view.Choreographer$CallbackRecord.run:1910 android.view.Choreographer.doCallbacks:1367 android.view.Choreographer.doFrame:1292 android.view.Choreographer$FrameDisplayEventReceiver.run:1870 
