03-31 13:43:17.637 I/SehLight( 1562): sub_lcd : 112-
03-31 13:43:17.637 D/BatteryDump( 1545): wait_for_battery_event : occurred : change@/devices/platform/soc/ae00000.qcom,mdss_mdp/backlight/panel1-backlight 
03-31 13:43:17.637 D/HdrSolution_HdrDisplayNitMapper( 2349): updataTargetNit--------------mLightSensorData: 1.0, scaleRatio: 1.19, target: 168.27->200
03-31 13:43:17.638 E/CompositionEngine( 1676): [com.sec.android.app.launcher/com.sec.android.app.launcher.activities.LauncherActivity$_4276#27772] Invalid device requested composition type change: Client (1) --> Client (1)
03-31 13:43:17.639 V/MdnieScenarioControlService( 2349): mAclOffEnabled : false
03-31 13:43:17.639 I/HoneySpace.RecentTasks( 4276): onRecentTasksChanged
03-31 13:43:17.640 D/WindowManager( 2349): mRunner#onAnimationStart for remote wallpaper=[android.view.RemoteAnimationTarget@719145d], transaction=startRemoteWallpaperAnimation_115251120
03-31 13:43:17.640 I/SehLight( 1562): sub_lcd : 110+
03-31 13:43:17.640 I/HoneySpace.HistoryViewModel@56717545@OneUI( 4276): task bar is not showing. skip load history items
03-31 13:43:17.640 D/SurfaceFlinger( 1676): Display 4630946213010294403 HWC layers:
03-31 13:43:17.640 D/SurfaceFlinger( 1676):        CLIENT |           16969415812112 | 00000100 | RGBA_8888    |    0.0    0.0  904.0 2316.0 |    0    0  904 2316 | Wallpaper BBQ wrapper 17_system#128 (34)
03-31 13:43:17.640 D/SurfaceFlinger( 1676):        CLIENT |           18365280161859 | 00002100 | RGBA_8888    |    0.0    0.0  904.0 2316.0 |    0    0  904 2316 | com.sec.android.app.launcher/com.sec[...]ivities.LauncherActivity$_4276#27772 (blurRegions) (13)
03-31 13:43:17.640 D/SurfaceFlinger( 1676):        CLIENT |           43520903610368 | 00002102 | RGBA_8888    |    0.0   31.0  904.0 2242.0 |  196  492  824 2028 | com.weejobs.app/com.weejobs.app.MainActivity$_10133#27766 (32)
03-31 13:43:17.640 D/SurfaceFlinger( 1676):        DEVICE |           10088878189849 | 00002100 | RGBA_8888    |   42.0    0.0  946.0  664.0 |    0 1652  904 2316 | Application Error: com.weejobs.app#27785 (blurRegions) (1)
03-31 13:43:17.640 D/SurfaceFlinger( 1676):        DEVICE |           16969415813174 | 00002100 | RGBA_8888    |    0.0    0.0  904.0   87.0 |    0    0  904   87 | StatusBar$_3951#122 (97782)
03-31 13:43:17.640 D/SurfaceFlinger( 1676):        DEVICE |           18365280161808 | 00002100 | RGBA_8888    |    0.0    0.0   67.0 
03-31 13:43:17.640 D/SurfaceFlinger( 1676):  451.0 |    0  493   67  944 | com.sec.android.app.launcher/com.sam[...]l.app.CocktailBarService$_4276#27160 (1)
03-31 13:43:17.640 D/SurfaceFlinger( 1676):        DEVICE |           16969415813210 | 00002100 | RGBA_8888    |    0.0    0.0  904.0  126.0 |    0 2190  904 2316 | NavigationBar0$_3951#118 (28356)
03-31 13:43:17.640 D/SurfaceFlinger( 1676): 
03-31 13:43:17.641 V/InputMethodManagerService( 2349): Client requesting input be hidden
03-31 13:43:17.641 V/InputMethodManagerService( 2349): setWindowStateInner, windowToken=android.os.BinderProxy@11299b7, state=ImeTargetWindowState{ imeToken android.os.Binder@3f62a3 imeFocusChanged true hasEditorFocused false requestedImeVisible false imeDisplayId 0 softInputModeState STATE_UNSPECIFIED|ADJUST_NOTHING isStartInputByGainFocus true}
03-31 13:43:17.641 I/HoneySpace.WallpaperAnimator( 4276): onAnimationStart, wallpapers: Surface(name=Surface(name=RemoteWallpaperAnim:1:1)/@0x53ab43a - animation-leash of remote_wallpaper)/@0x7d2064f
03-31 13:43:17.641 I/ImeTracker( 2349): system_server:d9c4bb25: onCancelled at PHASE_SERVER_SHOULD_HIDE
03-31 13:43:17.641 V/InputMethodManagerService( 2349): hideCurrentInputLocked : canceled, shouldHideSoftInput=false, mInputShown=false, mImeWindowVis=0
03-31 13:43:17.641 I/HoneySpace.HistoryViewModel@56717545@OneUI( 4276): launcherShowing : true, recentShowing : false, isInteractive : true, state : 0, minusOne : false
03-31 13:43:17.641 I/HoneySpace.FloatingAnimator( 4276): [Player:A(17.534)] container x: 273.673, y: 688.41974, scale : 0.5737438
03-31 13:43:17.642 D/BrightnessSynchronizer( 2349): onDisplayChanged() : displayId=0
03-31 13:43:17.642 I/HoneySpace.WallpaperAnimator( 4276): startWallpaperAnimation, isOpen-false, from:1.3, to:1.0, duration:350
03-31 13:43:17.642 I/VRI[LauncherActivity]@db31459( 4276): mWNT: t=0xb400006ed3a4a750 mBlastBufferQueue=0xb400006e639914e0 fn= 15 HdrRenderState mRenderHdrSdrRatio=1.0 caller= com.android.systemui.shared.launcher.ViewRootImplCompat.mergeWithNextTransaction:4 com.honeyspace.transition.utils.SurfaceTransactionApplier.scheduleApply$lambda$1:16 com.honeyspace.transition.utils.SurfaceTransactionApplier.b:0 
03-31 13:43:17.642 I/HoneySpace.WallpaperAnimator( 4276): wallpaper animation start [263692730]
03-31 13:43:17.642 D/BrightnessSynchronizer( 2349): updateScreenBrightness: displayId=0 type=2 mPreferredSettingValue=0.4745098(121) currentBrightnessInt=121 currentBrightnessIntFromFloat=121(0.4745098)
03-31 13:43:17.642 I/DisplayDeviceRepository( 2349): Display device changed render timings: "Built-in Screen", renderFrameRate=120.00001, presentationDeadlineNanos=9233333, appVsyncOffsetNanos=8333333, frameRateOverrides=[{uid=1000 frameRateHz=120.00001}, {uid=10039 frameRateHz=120.00001}, {uid=10140 frameRateHz=120.00001}, {uid=10789 frameRateHz=120.00001}]
03-31 13:43:17.642 D/BrightnessSynchronizer( 2349): onDisplayChanged() : displayId=0
03-31 13:43:17.642 D/BrightnessSynchronizer( 2349): updateScreenBrightness: displayId=0 type=2 mPreferredSettingValue=0.4745098(121) currentBrightnessInt=121 currentBrightnessIntFromFloat=121(0.4745098)
03-31 13:43:17.643 I/SehLight( 1562): sub_lcd : 110-
03-31 13:43:17.643 D/BatteryDump( 1545): wait_for_battery_event : occurred : change@/devices/platform/soc/ae00000.qcom,mdss_mdp/backlight/panel1-backlight 
03-31 13:43:17.644 I/HoneySpace.TaskbarEventTracker( 4276): invokeEvent() called with: event = SystemUiStateChanged(stateFlags=268566528)
03-31 13:43:17.644 D/SGM:GameManager( 2349): onDisplayChanged. displyId: 0, state: 2
03-31 13:43:17.644 D/AODManagerService( 2349): requestReCalToTSP IsSingleTouchMode = falserequestedReCalToTSP = false / previousDisplayState = ON
03-31 13:43:17.645 I/SSC_DAEMON( 1654): light_msg(6/11): br 112 (lux 194,idx 1) - 0,1,1
03-31 13:43:17.645 D/LiftUpHandler( 2349): [LTW] Stopped already.
03-31 13:43:17.645 D/SurfaceComposerClient( 2349): [SEC_SF_EFFECTS] setBackgroundBlurRadius ## Dim Layer for - Display 0 name="Built-in Screen"#27788 backgroundBlurRadius=0
03-31 13:43:17.645 I/HoneySpace.TaskbarPot@85836121@OneUI( 4276): setDockedTaskBarBackground statFlags = 268566528
03-31 13:43:17.645 I/HoneySpace.FloatingAnimator( 4276): [Player:A(17.534)] container x: 303.1821, y: 763.20154, scale : 0.5277823
03-31 13:43:17.645 I/SSC_DAEMON( 1654): physical_sensor_test_req_msg Sensor type :6, Msg type:11
03-31 13:43:17.645 E/CompositionEngine( 1676): [com.sec.android.app.launcher/com.sec.android.app.launcher.activities.LauncherActivity$_4276#27772] Invalid device requested composition type change: Client (1) --> Client (1)
03-31 13:43:17.646 D/SGM:FgCheckThread( 2349): onLooperPrepared(), msg: MSG_LCD_ON
03-31 13:43:17.646 I/SSC_DAEMON( 1654): light_msg(6/11): br 110 (lux 194,idx 1) - 0,1,1
03-31 13:43:17.646 D/NavBarStateManager( 3951): NavBarStates(0) canUseNavBarBackgroundFrame: false
03-31 13:43:17.646 D/AudioFlinger( 1655): setParameters: filtered dev setParameters keyvalue screen_state=on
03-31 13:43:17.647 I/VRI[LauncherActivity]@db31459( 4276): mWNT: t=0xb400006ed3a3ff50 mBlastBufferQueue=0xb400006e639914e0 fn= 16 HdrRenderState mRenderHdrSdrRatio=1.0 caller= com.android.systemui.shared.launcher.ViewRootImplCompat.mergeWithNextTransaction:4 com.honeyspace.transition.utils.SurfaceTransactionApplier.scheduleApply$lambda$1:16 com.honeyspace.transition.utils.SurfaceTransactionApplier.b:0 
03-31 13:43:17.647 D/AHAL: AudioDevice( 1539): SetParameters: 1687: enter
03-31 13:43:17.647 D/AHAL: AudioVoice( 1539): VoiceSetParameters: 168: Enter
03-31 13:43:17.647 D/AHAL: AudioVoice( 1539): VoiceSetParameters: 412: Exit ret: 0
03-31 13:43:17.647 E/AHAL: AudioDevice( 1539): SetParameters: 1698: Error in SecSetParameters -2
03-31 13:43:17.647 D/AHAL: AudioDevice( 1539): SetParameters: 1746:  - screen = on
03-31 13:43:17.647 I/PAL: ResourceManager( 1539): setParameter: 8265: Screen State:1
03-31 13:43:17.647 D/AHAL: AudioDevice( 1539): SetParameters: 2386: exit: screen_state=on
03-31 13:43:17.647 I/Audio_a2dpsink_hw( 1539): adev_set_parameters: kevpairs=[screen_state=on]
03-31 13:43:17.648 I/VRI[app]@b9e7733( 2349): handleResized, frames=ClientWindowFrames{frame=[0,1594][903,2190] display=[0,87][904,2190] parentFrame=[0,87][904,2190]} displayId=0 dragResizing=false compatScale=1.0 frameChanged=false attachedFrameChanged=false configChanged=false displayChanged=false compatScaleChanged=false dragResizingChanged=false
03-31 13:43:17.648 I/VRI[app]@b9e7733( 2349): handleResized mSyncSeqId = 0
03-31 13:43:17.648 D/VRI[app]@b9e7733( 2349): reportNextDraw android.view.ViewRootImpl.handleResized:2983 android.view.ViewRootImpl.-$$Nest$mhandleResized:0 android.view.ViewRootImpl$ViewRootHandler.handleMessageImpl:8341 android.view.ViewRootImpl$ViewRootHandler.handleMessage:8301 android.os.Handler.dispatchMessage:110 
03-31 13:43:17.648 D/HdrSolution_HdrDisplayNitMapper( 2349): updataTargetNit--------------mLightSensorData: 1.0, scaleRatio: 1.2, target: 166.29->200
03-31 13:43:17.648 D/WifiDisplayAdapter( 2349): isFitToActiveDisplayLocked : false
03-31 13:43:17.648 D/AS.DesktopModeHelper( 2349): onDisplayChanged: #Id=0
03-31 13:43:17.648 D/SurfaceComposerClient( 2349): setCornerRadius ## a4b6524 com.sec.android.app.launcher/com.sec.android.app.launcher.activities.LauncherActivity#191 cornerRadius=0.000000
03-31 13:43:17.649 I/SehLight( 1562): sub_lcd : 109+
03-31 13:43:17.649 W/LocalDisplayAdapter( 2349): Ignoring request for invalid base mode id 10
03-31 13:43:17.650 W/PlayGamesServices[DataBroker]( 9332): No player ID found when refreshing
03-31 13:43:17.650 W/PlayGamesServices[DataBroker]( 9332): No player ID found when refreshing
03-31 13:43:17.650 W/PlayGamesServices[DataBroker]( 9332): No player ID found when refreshing
03-31 13:43:17.651 W/PlayGamesServices[DataBroker]( 9332): No player ID found when refreshing
03-31 13:43:17.651 W/PlayGamesServices[DataBroker]( 9332): No player ID found when refreshing
03-31 13:43:17.651 W/PlayGamesServices[DataBroker]( 9332): No player ID found when refreshing
03-31 13:43:17.651 W/PlayGamesServices[DataBroker]( 9332): No player ID found when refreshing
03-31 13:43:17.651 I/SSC_DAEMON( 1654): physical_sensor_test_req_msg Sensor type :6, Msg type:11
03-31 13:43:17.651 I/SehLight( 1562): sub_lcd : 109-
03-31 13:43:17.651 D/VRI[app]@b9e7733( 2349): Setup new sync=wmsSync-VRI[app]@b9e7733#8
03-31 13:43:17.651 I/VRI[app]@b9e7733( 2349): Creating new active sync group VRI[app]@b9e7733#9
03-31 13:43:17.651 I/InputMethodService(12719): scheduleImeSurfaceRemoval: canceled, mShowInputRequested=false, mWindowVisible=false, IsmWindowNull=false, IsmImeSurfaceRemoverRunnableNotNull=true
03-31 13:43:17.652 D/BatteryDump( 1545): wait_for_battery_event : occurred : change@/devices/platform/soc/ae00000.qcom,mdss_mdp/backlight/panel1-backlight 
03-31 13:43:17.652 E/SurfaceFlinger( 1676): alpha changed 0.000 -> 0.081 - Surface(name=17ee2ee Application Error: com.weejobs.app)/@0x1ba386e - animation-leash of window_animation#27787
03-31 13:43:17.652 E/SurfaceFlinger( 1676): alpha changed 0.000 -> 0.005 - Dim Layer for - Display 0 name="Built-in Screen"#27788
03-31 13:43:17.652 D/SurfaceComposerClient( 2349): [SEC_SF_EFFECTS] setBackgroundBlurRadius ## Dim Layer for - Display 0 name="Built-in Screen"#27788 backgroundBlurRadius=0
03-31 13:43:17.652 I/HoneySpace.FloatingAnimator( 4276): [Player:A(17.534)] container x: 331.7004, y: 833.4727, scale : 0.48430327
03-31 13:43:17.654 D/HdrSolution_HdrDisplayNitMapper( 2349): updataTargetNit--------------mLightSensorData: 1.0, scaleRatio: 1.23, target: 162.36->200
03-31 13:43:17.654 I/SSC_DAEMON( 1654): light_msg(6/11): br 109 (lux 194,idx 1) - 0,1,1
03-31 13:43:17.654 E/CompositionEngine( 1676): [com.sec.android.app.launcher/com.sec.android.app.launcher.activities.LauncherActivity$_4276#27772] Invalid device requested composition type change: Client (1) --> Client (1)
03-31 13:43:17.654 I/SehLight( 1562): sub_lcd : 107+
03-31 13:43:17.655 I/VRI[LauncherActivity]@db31459( 4276): mWNT: t=0xb400006ed39d6d90 mBlastBufferQueue=0xb400006e639914e0 fn= 17 HdrRenderState mRenderHdrSdrRatio=1.0 caller= com.android.systemui.shared.launcher.ViewRootImplCompat.mergeWithNextTransaction:4 com.honeyspace.transition.utils.SurfaceTransactionApplier.scheduleApply$lambda$1:16 com.honeyspace.transition.utils.SurfaceTransactionApplier.b:0 
03-31 13:43:17.655 D/StackScroller( 3951): onDisplayChanged for predraw skip to 2
03-31 13:43:17.656 D/VRI[app]@b9e7733( 2349): registerCallbacksForSync syncBuffer=false
03-31 13:43:17.656 W/PlayGamesServices[DataBroker]( 9332): No player ID found when refreshing
03-31 13:43:17.656 W/PlayGamesServices[DataBroker]( 9332): No player ID found when refreshing
03-31 13:43:17.656 D/VRI[app]@b9e7733( 2349): Received frameDrawingCallback syncResult=0 frameNum=2.
03-31 13:43:17.658 D/SystemUIService( 3951): SYSUI_RAM_OPTIMIZATION onTrimMemory=20
03-31 13:43:17.658 D/CentralSurfaces( 3951): SYSUI_RAM_OPTIMIZATION onTrimMemory=20
03-31 13:43:17.658 D/SurfaceFlinger( 1676): Display 4630946213010294403 HWC layers:
03-31 13:43:17.658 D/SurfaceFlinger( 1676):        CLIENT |           16969415812112 | 00000100 | RGBA_8888    |  104.0  267.0  800.0 2049.0 |    0    0  904 2316 | Wallpaper BBQ wrapper 17_system#128 (34)
03-31 13:43:17.658 D/SurfaceFlinger( 1676):        CLIENT |           18365280161860 | 00002100 | RGBA_8888    |    0.0    0.0  904.0 2316.0 |    0    0  904 2316 | com.sec.android.app.launcher/com.sec[...]ivities.LauncherActivity$_4276#27772 (blurRegions) (15)
03-31 13:43:17.658 D/SurfaceFlinger( 1676):        CLIENT |           43520903610370 | 00002102 | RGBA_8888    |    0.0   43.0  904.0 2182.0 |  274  688  792 1916 | com.weejobs.app/com.weejobs.app.MainActivity$_10133#27766 (34)
03-31 13:43:17.658 D/SurfaceFlinger( 1676):        CLIENT |                        0 | 00000000 | N/A          |    0.0    0.0    0.0    0.0 |    0    0  904 2316 | Dim Layer for - Display 0 name="Built-in Screen"#27788 (0)
03-31 13:43:17.658 D/SurfaceFlinger( 1676):        DEVICE |           10088878189849 | 00002100 | RGBA_8888    |   42.0    0.0  946.0  667.0 |    0 1649  904 2316 | Application Error: com.weejobs.app#27785 (blurRegions) (1)
03-31 13:43:17.658 D/SurfaceFlinger( 1676):        DEVICE |           16969415813174 | 00002100 | RGBA_
03-31 13:43:17.658 D/SurfaceFlinger( 1676): 8888    |    0.0    0.0  904.0   87.0 |    0    0  904   87 | StatusBar$_3951#122 (97782)
03-31 13:43:17.658 D/SurfaceFlinger( 1676):        DEVICE |           18365280161808 | 00002100 | RGBA_8888    |    0.0    0.0   67.0  451.0 |    0  493   67  944 | com.sec.android.app.launcher/com.sam[...]l.app.CocktailBarService$_4276#27160 (1)
03-31 13:43:17.658 D/SurfaceFlinger( 1676):        DEVICE |           16969415813210 | 00002100 | RGBA_8888    |    0.0    0.0  904.0  126.0 |    0 2190  904 2316 | NavigationBar0$_3951#118 (28356)
03-31 13:43:17.658 D/SurfaceFlinger( 1676): 
03-31 13:43:17.658 I/VRI[app]@b9e7733( 2349): Setting up sync and frameCommitCallback
03-31 13:43:17.660 I/VRI[app]@b9e7733( 2349): Received frameCommittedCallback lastAttemptedDrawFrameNum=2 didProduceBuffer=false
03-31 13:43:17.660 I/BLASTBufferQueue_Java( 2349): gatherPendingTransactions, mName= VRI[app]@b9e7733 mNativeObject= 0xb400006e63a6c280 frameNumber= 2 caller= android.view.ViewRootImpl$12.lambda$onFrameDraw$3:15525 android.view.ViewRootImpl$12.$r8$lambda$CTo3ExVBk8akdVTGlqHPAoYLRVI:0 android.view.ViewRootImpl$12$$ExternalSyntheticLambda1.onFrameCommit:0 android.view.ThreadedRenderer$1.lambda$onFrameDraw$0:730 android.view.ThreadedRenderer$1$$ExternalSyntheticLambda0.onFrameCommit:0 <bottom of call stack> 
03-31 13:43:17.660 I/SehLight( 1562): sub_lcd : 107-
03-31 13:43:17.660 D/DisplayLifecycle( 3951): updateDisplay id = 0
03-31 13:43:17.660 D/BatteryDump( 1545): wait_for_battery_event : occurred : change@/devices/platform/soc/ae00000.qcom,mdss_mdp/backlight/panel1-backlight 
03-31 13:43:17.661 I/SSC_DAEMON( 1654): physical_sensor_test_req_msg Sensor type :6, Msg type:11
03-31 13:43:17.661 D/SurfaceComposerClient( 2349): [SEC_SF_EFFECTS] setBackgroundBlurRadius ## Dim Layer for - Display 0 name="Built-in Screen"#27788 backgroundBlurRadius=0
03-31 13:43:17.661 I/HoneySpace.FloatingAnimator( 4276): [Player:A(17.534)] container x: 357.7722, y: 899.6344, scale : 0.4437693
03-31 13:43:17.662 D/InputDispatcher( 2349): Focus entered window (0): 17ee2ee Application Error: com.weejobs.app
03-31 13:43:17.662 I/VRI[LauncherActivity]@db31459( 4276): mWNT: t=0xb400006ed39ab190 mBlastBufferQueue=0xb400006e639914e0 fn= 18 HdrRenderState mRenderHdrSdrRatio=1.0 caller= com.android.systemui.shared.launcher.ViewRootImplCompat.mergeWithNextTransaction:4 com.honeyspace.transition.utils.SurfaceTransactionApplier.scheduleApply$lambda$1:16 com.honeyspace.transition.utils.SurfaceTransactionApplier.b:0 
03-31 13:43:17.662 E/CompositionEngine( 1676): [com.sec.android.app.launcher/com.sec.android.app.launcher.activities.LauncherActivity$_4276#27772] Invalid device requested composition type change: Client (1) --> Client (1)
03-31 13:43:17.662 I/SSC_DAEMON( 1654): light_msg(6/11): br 107 (lux 194,idx 1) - 0,1,1
03-31 13:43:17.663 D/HWUI    ( 3951): CacheManager::trimMemory(20)
03-31 13:43:17.665 I/NetworkScheduler.Stats(23739): (REDACTED) Task %s/%s finished executing. cause:%s result: %s elapsed_millis: %s uptime_millis: %s exec_start_elapsed_seconds: %s
03-31 13:43:17.665 D/HdrSolution_HdrDisplayNitMapper( 2349): updataTargetNit--------------mLightSensorData: 1.0, scaleRatio: 1.25, target: 160.4->200
03-31 13:43:17.666 I/SehLight( 1562): sub_lcd : 106+
03-31 13:43:17.668 I/SSC_DAEMON( 1654): physical_sensor_test_req_msg Sensor type :6, Msg type:11
03-31 13:43:17.668 I/SehLight( 1562): sub_lcd : 106-
03-31 13:43:17.668 D/BatteryDump( 1545): wait_for_battery_event : occurred : change@/devices/platform/soc/ae00000.qcom,mdss_mdp/backlight/panel1-backlight 
03-31 13:43:17.669 I/HoneySpace.FloatingAnimator( 4276): [Player:A(17.534)] container x: 379.73303, y: 955.5463, scale : 0.40962666
03-31 13:43:17.670 D/SurfaceComposerClient( 2349): [SEC_SF_EFFECTS] setBackgroundBlurRadius ## Dim Layer for - Display 0 name="Built-in Screen"#27788 backgroundBlurRadius=0
03-31 13:43:17.670 I/SSC_DAEMON( 1654): light_msg(6/11): br 106 (lux 194,idx 1) - 0,1,1
03-31 13:43:17.671 I/VRI[LauncherActivity]@db31459( 4276): mWNT: t=0xb400006ed3a2a850 mBlastBufferQueue=0xb400006e639914e0 fn= 19 HdrRenderState mRenderHdrSdrRatio=1.0 caller= com.android.systemui.shared.launcher.ViewRootImplCompat.mergeWithNextTransaction:4 com.honeyspace.transition.utils.SurfaceTransactionApplier.scheduleApply$lambda$1:16 com.honeyspace.transition.utils.SurfaceTransactionApplier.b:0 
03-31 13:43:17.671 E/CompositionEngine( 1676): [com.sec.android.app.launcher/com.sec.android.app.launcher.activities.LauncherActivity$_4276#27772] Invalid device requested composition type change: Client (1) --> Client (1)
03-31 13:43:17.671 D/VRI[app]@b9e7733( 2349): reportDrawFinished seqId=0
03-31 13:43:17.671 D/HdrSolution_HdrDisplayNitMapper( 2349): updataTargetNit--------------mLightSensorData: 1.0, scaleRatio: 1.28, target: 156.5->200
03-31 13:43:17.672 D/WindowManager( 2349): finishDrawingWindow: Window{17ee2ee u0 Application Error: com.weejobs.app} mDrawState=HAS_DRAWN seqId=0
03-31 13:43:17.672 I/SehLight( 1562): sub_lcd : 104+
03-31 13:43:17.672 D/MdnieScenarioControlService( 2349):  packageName : com.sec.android.app.launcher    className : com.sec.android.app.launcher.Launcher
03-31 13:43:17.674 D/SurfaceComposerClient( 2349): setCornerRadius ## a4b6524 com.sec.android.app.launcher/com.sec.android.app.launcher.activities.LauncherActivity#191 cornerRadius=0.000000
03-31 13:43:17.674 I/SehLight( 1562): sub_lcd : 104-
03-31 13:43:17.674 I/SSC_DAEMON( 1654): physical_sensor_test_req_msg Sensor type :6, Msg type:11
03-31 13:43:17.674 D/BatteryDump( 1545): wait_for_battery_event : occurred : change@/devices/platform/soc/ae00000.qcom,mdss_mdp/backlight/panel1-backlight 
03-31 13:43:17.675 I/SSC_DAEMON( 1654): light_msg(6/11): br 104 (lux 235,idx 1) - 0,1,1
03-31 13:43:17.676 W/PlayGamesServices[UiUtils]( 9332): AppVersion: Cannot find the installed destination app.
03-31 13:43:17.676 W/PlayGamesServices[UiUtils]( 9332): AppVersionName: Cannot find the installed destination app.
03-31 13:43:17.677 D/SurfaceComposerClient( 2349): setCornerRadius ## a4b6524 com.sec.android.app.launcher/com.sec.android.app.launcher.activities.LauncherActivity#191 cornerRadius=0.000000
03-31 13:43:17.677 V/MdnieScenarioControlService( 2349): setUIMode from UI function(3)
03-31 13:43:17.678 I/HoneySpace.FloatingAnimator( 4276): [Player:A(17.534)] container x: 397.96976, y: 999.61914, scale : 0.38239685
03-31 13:43:17.679 D/SecBrightnessController( 3951): updateSlider() - BrightnessDialog resetTimer()
03-31 13:43:17.679 E/CompositionEngine( 1676): [com.sec.android.app.launcher/com.sec.android.app.launcher.activities.LauncherActivity$_4276#27772] Invalid device requested composition type change: Client (1) --> Client (1)
03-31 13:43:17.679 D/SurfaceComposerClient( 2349): [SEC_SF_EFFECTS] setBackgroundBlurRadius ## Dim Layer for - Display 0 name="Built-in Screen"#27788 backgroundBlurRadius=0
03-31 13:43:17.680 I/VRI[LauncherActivity]@db31459( 4276): mWNT: t=0xb400006ed3992290 mBlastBufferQueue=0xb400006e639914e0 fn= 20 HdrRenderState mRenderHdrSdrRatio=1.0 caller= com.android.systemui.shared.launcher.ViewRootImplCompat.mergeWithNextTransaction:4 com.honeyspace.transition.utils.SurfaceTransactionApplier.scheduleApply$lambda$1:16 com.honeyspace.transition.utils.SurfaceTransactionApplier.b:0 
03-31 13:43:17.680 D/HdrSolution_HdrDisplayNitMapper( 2349): updataTargetNit--------------mLightSensorData: 1.0, scaleRatio: 1.29, target: 154.56->200
03-31 13:43:17.680 I/SehLight( 1562): sub_lcd : 103+
03-31 13:43:17.680 D/SecBrightnessController( 3951): updateSlider() - BrightnessDialog resetTimer()
03-31 13:43:17.681 D/VRI[app]@b9e7733( 2349): mThreadedRenderer.initializeIfNeeded()#2 mSurface={isValid=true 0xb400006ee398f060}
03-31 13:43:17.681 I/ImeFocusController( 2349): onPreWindowFocus: skipped hasWindowFocus=true mHasImeFocus=false
03-31 13:43:17.681 I/ImeFocusController( 2349): onPostWindowFocus: skipped hasWindowFocus=true mHasImeFocus=false
03-31 13:43:17.683 I/LOWI-9.0.1.67( 2605): [LOWI-Scan] lowi_close_record:Scan done in 713285310ms, 19 APs in scan results
03-31 13:43:17.684 D/WifiNl80211Manager( 2349): Scan result ready event
03-31 13:43:17.684 I/SehLight( 1562): sub_lcd : 103-
03-31 13:43:17.684 D/BatteryDump( 1545): wait_for_battery_event : occurred : change@/devices/platform/soc/ae00000.qcom,mdss_mdp/backlight/panel1-backlight 
03-31 13:43:17.685 D/SurfaceComposerClient( 2349): [SEC_SF_EFFECTS] setBlurRegions Application Error: com.weejobs.app#27785 ## {radius=300, cornerRadii=[68.250, 68.250, 68.250, 68.250], alpha=1.000, rect=[68, 84, 919, 596], clipRect=[0, 0, 2147483647, 2147483647], colorCurve=[15.000000, 208.100006, 235.000000, 246.300003], curveBias=25.000000, saturation=0.750000, vibrance=[0.000000, (0.000000, 1.000000)], pathData size=0, BlurTint=[(0.000000 0.000000 0.000000) 0.000000, DISABLED]
03-31 13:43:17.685 I/SSC_DAEMON( 1654): physical_sensor_test_req_msg Sensor type :6, Msg type:11
03-31 13:43:17.686 I/HoneySpace.FloatingAnimator( 4276): [Player:A(17.534)] container x: 417.70932, y: 1049.959, scale : 0.35176334
03-31 13:43:17.687 D/SurfaceComposerClient( 2349): [SEC_SF_EFFECTS] setBackgroundBlurRadius ## Dim Layer for - Display 0 name="Built-in Screen"#27788 backgroundBlurRadius=0
03-31 13:43:17.687 D/SecBrightnessController( 3951): updateSlider() - BrightnessDialog resetTimer()
03-31 13:43:17.687 D/SecBrightnessController( 3951): updateSlider() - BrightnessDialog resetTimer()
03-31 13:43:17.687 E/CompositionEngine( 1676): [com.sec.android.app.launcher/com.sec.android.app.launcher.activities.LauncherActivity$_4276#27772] Invalid device requested composition type change: Client (1) --> Client (1)
03-31 13:43:17.688 D/HdrSolution_HdrDisplayNitMapper( 2349): updataTargetNit--------------mLightSensorData: 1.0, scaleRatio: 1.33, target: 150.7->200
03-31 13:43:17.689 I/SehLight( 1562): sub_lcd : 101+
03-31 13:43:17.689 I/VRI[LauncherActivity]@db31459( 4276): mWNT: t=0xb400006ed396e810 mBlastBufferQueue=0xb400006e639914e0 fn= 21 HdrRenderState mRenderHdrSdrRatio=1.0 caller= com.android.systemui.shared.launcher.ViewRootImplCompat.mergeWithNextTransaction:4 com.honeyspace.transition.utils.SurfaceTransactionApplier.scheduleApply$lambda$1:16 com.honeyspace.transition.utils.SurfaceTransactionApplier.b:0 
03-31 13:43:17.690 D/WifiNative( 2349): Scan result ready event
03-31 13:43:17.692 I/SSC_DAEMON( 1654): light_msg(6/11): br 103 (lux 235,idx 1) - 0,1,1
03-31 13:43:17.693 I/SSC_DAEMON( 1654): physical_sensor_test_req_msg Sensor type :6, Msg type:11
03-31 13:43:17.693 I/SehLight( 1562): sub_lcd : 101-
03-31 13:43:17.693 D/BatteryDump( 1545): wait_for_battery_event : occurred : change@/devices/platform/soc/ae00000.qcom,mdss_mdp/backlight/panel1-backlight 
03-31 13:43:17.694 I/HoneySpace.FloatingAnimator( 4276): [Player:A(17.534)] container x: 432.75052, y: 1087.7666, scale : 0.3284211
03-31 13:43:17.694 I/SSC_DAEMON( 1654): light_msg(6/11): br 101 (lux 235,idx 1) - 0,1,1
03-31 13:43:17.695 D/SurfaceComposerClient( 2349): [SEC_SF_EFFECTS] setBackgroundBlurRadius ## Dim Layer for - Display 0 name="Built-in Screen"#27788 backgroundBlurRadius=0
03-31 13:43:17.695 D/WificondScannerImpl( 2349): Filtering out 8 scan results.
03-31 13:43:17.695 I/WifiScanner( 2349): onFullResults
03-31 13:43:17.695 I/WifiScanner( 2349): onFullResults
03-31 13:43:17.695 I/WifiScanner( 2349): onFullResults
03-31 13:43:17.695 I/WifiScanner( 2349): onFullResults
03-31 13:43:17.696 E/CompositionEngine( 1676): [com.sec.android.app.launcher/com.sec.android.app.launcher.activities.LauncherActivity$_4276#27772] Invalid device requested composition type change: Client (1) --> Client (1)
03-31 13:43:17.697 I/VRI[LauncherActivity]@db31459( 4276): mWNT: t=0xb400006ed3a2cd10 mBlastBufferQueue=0xb400006e639914e0 fn= 22 HdrRenderState mRenderHdrSdrRatio=1.0 caller= com.android.systemui.shared.launcher.ViewRootImplCompat.mergeWithNextTransaction:4 com.honeyspace.transition.utils.SurfaceTransactionApplier.scheduleApply$lambda$1:16 com.honeyspace.transition.utils.SurfaceTransactionApplier.b:0 
03-31 13:43:17.697 V/SemWifiScanPool( 2349): updateScanResult, partial scan:11 configKeys: 18 pool_bssid:52 pool_configKeys:21
03-31 13:43:17.697 I/WifiScanner( 8820): onFullResults
03-31 13:43:17.698 I/WifiScanner(23739): onFullResults
03-31 13:43:17.699 I/SLocation( 2349): ReceiverPairWithWifi - handle Wifi Scans ID = 1848
03-31 13:43:17.699 D/SLocation( 2349): LocationProviderStatus - try to update provider status (GPS/NLP)
03-31 13:43:17.699 D/SLocation( 2349): LocationProviderStatus - set isGpsOn : true, isNlpOn : true
03-31 13:43:17.699 D/SLocation( 2349): LocationProviderStatus - gps & nlp status not changed
03-31 13:43:17.699 D/SLocation( 2349): GeofenceCoreManager - geofence core command pending size : 2
03-31 13:43:17.699 D/SLocation( 2349): GeofenceCoreRecovery - removeGeofenceInfo id = 15000
03-31 13:43:17.699 D/SLocation( 2349): SLocationCoreSem - send to coreSem, packet length : 3 / [17, 58, 152]
03-31 13:43:17.699 D/SemContextLocationCoreAttribute( 2349): setAttribute() mode : 0 action : 23
03-31 13:43:17.699 D/SemContextService( 2349): lock : changeParameters
03-31 13:43:17.699 D/SemContext.CaeProvider.LocationCoreImpl( 2349): setAttribute() mode : 0 action : 23
03-31 13:43:17.699 W/CAE     ( 2349): setCAProperty(ContextAwareService.java:509) - [setProperty 01] Mutex is locked for SLOCATION_RUNNER
03-31 13:43:17.699 I/CAE     ( 2349): setPropertyValue(SLocationRunner.java:116) - SLocationRunner setProperty header : 17, len : 3
03-31 13:43:17.700 D/SensorService( 2349): setSContextDataLocked ints length 3 , byte length 6
03-31 13:43:17.700 D/SensorService( 2349): setSContextDataLocked 113717c1
03-31 13:43:17.700 D/HdrSolution_HdrDisplayNitMapper( 2349): updataTargetNit--------------mLightSensorData: 1.0, scaleRatio: 1.34, target: 148.77->200
03-31 13:43:17.700 I/sensors-hal( 1553): inject_sensor_data:547, handle 1501 send inject
03-31 13:43:17.700 I/sensors-hal( 1553): sendContextData:285, sensor hal 6, (0xc1, 0x17, 0x37, 0x11)
03-31 13:43:17.700 E/sensors-hal( 1553): sendContextData:131, slocationcore h 193 m 23 s 55
03-31 13:43:17.700 I/sensors-hal( 1553): sendUserData:117, slocationcore sendUserData
03-31 13:43:17.700 E/sensors-hal( 1553): create_send_context_data:62, slocationcore create_send_context_data
03-31 13:43:17.700 I/sensors-hal( 1553): send_context_data:622, slocationcore, 4986366670857974562, 1320970896291267344, msgid:700
03-31 13:43:17.701 I/SehLight( 1562): sub_lcd : 100+
03-31 13:43:17.702 W/CAE     ( 2349): setCAProperty(ContextAwareService.java:515) - [setProperty 02] Mutex is unlocked for SLOCATION_RUNNER
03-31 13:43:17.702 D/SemContextService( 2349): unlock : changeParameters
03-31 13:43:17.702 D/SemContextManager( 2349):   .changeParameters : listener = Z.i@11eb9b6, service=SLocation Core
03-31 13:43:17.702 D/SLocation( 2349): GeofenceCoreManager - geofence core command pending size : 1
03-31 13:43:17.702 I/SehLight( 1562): sub_lcd : 100-
03-31 13:43:17.702 D/SLocation( 2349): GeofenceCoreRecovery - storeGeofenceInfo 1 id = 15000, radius = 237862
03-31 13:43:17.702 D/SLocation( 2349): SLocationCoreSem - send to coreSem, packet length : 16 / [16, 58, 152, 29, 173, 116, 197, 184, 193, 131, 0, 0, 3, 161, 38, 1]
03-31 13:43:17.702 D/SemContextLocationCoreAttribute( 2349): setAttribute() mode : 0 action : 23
03-31 13:43:17.702 D/SemContextService( 2349): lock : changeParameters
03-31 13:43:17.702 D/BatteryDump( 1545): wait_for_battery_event : occurred : change@/devices/platform/soc/ae00000.qcom,mdss_mdp/backlight/panel1-backlight 
03-31 13:43:17.702 I/sensors-hal( 1553): ssc_conn_resp_cb:840, resp_value = 0
03-31 13:43:17.702 D/SemContext.CaeProvider.LocationCoreImpl( 2349): setAttribute() mode : 0 action : 23
03-31 13:43:17.702 E/sensors-hal( 1553): handle_sns_client_event:76, slocationcore_event: msgid:1025
03-31 13:43:17.702 W/CAE     ( 2349): setCAProperty(ContextAwareService.java:509) - [setProperty 01] Mutex is locked for SLOCATION_RUNNER
03-31 13:43:17.702 I/CAE     ( 2349): setPropertyValue(SLocationRunner.java:116) - SLocationRunner setProperty header : 16, len : 16
03-31 13:43:17.703 I/HoneySpace.FloatingAnimator( 4276): [Player:A(17.534)] container x: 446.35342, y: 1122.7693, scale : 0.3073109
03-31 13:43:17.703 D/SensorService( 2349): setSContextDataLocked ints length 6 , byte length 19
03-31 13:43:17.703 D/SensorService( 2349): setSContextDataLocked 103717c1
03-31 13:43:17.703 E/sensors-hal( 1553): handle_sns_client_event:76, slocationcore_event: msgid:1025
03-31 13:43:17.703 I/sensors-hal( 1553): inject_sensor_data:547, handle 1501 send inject
03-31 13:43:17.703 I/sensors-hal( 1553): sendContextData:285, sensor hal 19, (0xc1, 0x17, 0x37, 0x10)
03-31 13:43:17.703 E/sensors-hal( 1553): sendContextData:131, slocationcore h 193 m 23 s 55
03-31 13:43:17.703 I/sensors-hal( 1553): sendUserData:117, slocationcore sendUserData
03-31 13:43:17.703 E/sensors-hal( 1553): create_send_context_data:62, slocationcore create_send_context_data
03-31 13:43:17.703 I/sensors-hal( 1553): send_context_data:622, slocationcore, 4986366670857974562, 1320970896291267344, msgid:700
03-31 13:43:17.703 D/SurfaceComposerClient( 2349): [SEC_SF_EFFECTS] setBackgroundBlurRadius ## Dim Layer for - Display 0 name="Built-in Screen"#27788 backgroundBlurRadius=0
03-31 13:43:17.704 E/CompositionEngine( 1676): [com.sec.android.app.launcher/com.sec.android.app.launcher.activities.LauncherActivity$_4276#27772] Invalid device requested composition type change: Client (1) --> Client (1)
03-31 13:43:17.704 I/SSC_DAEMON( 1654): physical_sensor_test_req_msg Sensor type :6, Msg type:11
03-31 13:43:17.705 I/VRI[LauncherActivity]@db31459( 4276): mWNT: t=0xb400006ed3a4a050 mBlastBufferQueue=0xb400006e639914e0 fn= 23 HdrRenderState mRenderHdrSdrRatio=1.0 caller= com.android.systemui.shared.launcher.ViewRootImplCompat.mergeWithNextTransaction:4 com.honeyspace.transition.utils.SurfaceTransactionApplier.scheduleApply$lambda$1:16 com.honeyspace.transition.utils.SurfaceTransactionApplier.b:0 
03-31 13:43:17.707 I/sensors-hal( 1553): ssc_conn_resp_cb:840, resp_value = 0
03-31 13:43:17.707 E/sensors-hal( 1553): handle_sns_client_event:76, slocationcore_event: msgid:1025
03-31 13:43:17.708 I/SSC_DAEMON( 1654): light_msg(6/11): br 100 (lux 235,idx 1) - 0,1,1
03-31 13:43:17.707 W/CAE     ( 2349): setCAProperty(ContextAwareService.java:515) - [setProperty 02] Mutex is unlocked for SLOCATION_RUNNER
03-31 13:43:17.708 D/SemContextService( 2349): unlock : changeParameters
03-31 13:43:17.709 D/CAE     ( 2349): onGetSensorHubData(SensorHubParserProvider.java:92) - onGetSensorHubData Event [event buffer len :56], AP_WAKEUP
03-31 13:43:17.709 D/SemContextManager( 2349):   .changeParameters : listener = Z.i@11eb9b6, service=SLocation Core
03-31 13:43:17.709 I/CAE     ( 2349): parse(SensorHubParserProvider.java:188) - buffer size = 56
03-31 13:43:17.709 D/HdrSolution_HdrDisplayNitMapper( 2349): updataTargetNit--------------mLightSensorData: 1.0, scaleRatio: 1.38, target: 144.94->200
03-31 13:43:17.709 I/CAE     ( 2349): parse(SensorHubParserProvider.java:199) - 1, 1, 55, 0, 51, 5, 7, 2, 0, 0, 0, 0, 4, 113, -78, 0, 15, 5, 0, 0, 0, -56, 4, 113, -78, 0, 5, 1, 0, 0, 0, 100, 4, 113, -75, -24, 15, 5, 0, 0, 0, -56, 4, 113, -75, -24, 7, 2, 0, 0, 0, 10, 4, 113, -39, 16,
03-31 13:43:17.709 I/CAE     ( 2349): parse(SLocationRunner.java:88) - SLocationRunner parse start : 3
03-31 13:43:17.709 I/SehLight( 1562): sub_lcd : 98+
03-31 13:43:17.709 D/CAE     ( 2349): display(ContextProvider.java:375) - ================= SLOCATION_RUNNER =================
03-31 13:43:17.710 I/SSC_DAEMON( 1654): physical_sensor_test_req_msg Sensor type :6, Msg type:11
03-31 13:43:17.710 I/SehLight( 1562): sub_lcd : 98-
03-31 13:43:17.710 D/BatteryDump( 1545): wait_for_battery_event : occurred : change@/devices/platform/soc/ae00000.qcom,mdss_mdp/backlight/panel1-backlight 
03-31 13:43:17.711 D/SurfaceComposerClient( 2349): [SEC_SF_EFFECTS] setBackgroundBlurRadius ## Dim Layer for - Display 0 name="Built-in Screen"#27788 backgroundBlurRadius=0
03-31 13:43:17.711 I/HoneySpace.FloatingAnimator( 4276): [Player:A(17.534)] container x: 459.53842, y: 1155.935, scale : 0.28684926
03-31 13:43:17.712 I/CAE     ( 2349): display(ContextProvider.java:391) - ExtraDataArray=[1, 1, 55, 0, 51, 5, 7, 2, 0, 0, 0, 0, 4, 113, -78, 0, 15, 5, 0, 0, 0, -56, 4, 113, -78, 0, 5, 1, 0, 0, 0, 100, 4, 113, -75, -24, 15, 5, 0, 0, 0, -56, 4, 113, -75, -24, 7, 2, 0, 0, 0, 10, 4, 113, -39, 16]
03-31 13:43:17.712 I/CAE     ( 2349): parse(SLocationRunner.java:96) - SLocationRunner parse end:56
03-31 13:43:17.712 D/CAE     ( 2349): onGetSensorHubData(SensorHubParserProvider.java:92) - onGetSensorHubData Event [event buffer len :10], AP_WAKEUP
03-31 13:43:17.712 I/CAE     ( 2349): parse(SensorHubParserProvider.java:188) - buffer size = 10
03-31 13:43:17.712 I/CAE     ( 2349): parse(SensorHubParserProvider.java:199) - 1, 1, 55, 0, 5, 2, 17, 0, 58, -104,
03-31 13:43:17.712 I/CAE     ( 2349): parse(SLocationRunner.java:88) - SLocationRunner parse start : 3
03-31 13:43:17.712 D/HdrSolution_HdrDisplayNitMapper( 2349): updataTargetNit--------------mLightSensorData: 1.0, scaleRatio: 1.4, target: 143.04->200
03-31 13:43:17.712 D/CAE     ( 2349): display(ContextProvider.java:375) - ================= SLOCATION_RUNNER =================
03-31 13:43:17.712 I/CAE     ( 2349): display(ContextProvider.java:391) - ExtraDataArray=[1, 1, 55, 0, 5, 2, 17, 0, 58, -104]
03-31 13:43:17.712 I/CAE     ( 2349): parse(SLocationRunner.java:96) - SLocationRunner parse end:10
03-31 13:43:17.712 E/CompositionEngine( 1676): [com.sec.android.app.launcher/com.sec.android.app.launcher.activities.LauncherActivity$_4276#27772] Invalid device requested composition type change: Client (1) --> Client (1)
03-31 13:43:17.712 I/SehLight( 1562): sub_lcd : 97+
03-31 13:43:17.712 D/CAE     ( 2349): onGetSensorHubData(SensorHubParserProvider.java:92) - onGetSensorHubData Event [event buffer len :10], AP_WAKEUP
03-31 13:43:17.713 I/CAE     ( 2349): parse(SensorHubParserProvider.java:188) - buffer size = 10
03-31 13:43:17.713 I/CAE     ( 2349): parse(SensorHubParserProvider.java:199) - 1, 1, 55, 0, 5, 2, 16, 0, 58, -104,
03-31 13:43:17.713 I/CAE     ( 2349): parse(SLocationRunner.java:88) - SLocationRunner parse start : 3
03-31 13:43:17.713 D/CAE     ( 2349): display(ContextProvider.java:375) - ================= SLOCATION_RUNNER =================
03-31 13:43:17.713 I/CAE     ( 2349): display(ContextProvider.java:391) - ExtraDataArray=[1, 1, 55, 0, 5, 2, 16, 0, 58, -104]
03-31 13:43:17.713 I/CAE     ( 2349): parse(SLocationRunner.java:96) - SLocationRunner parse end:10
03-31 13:43:17.713 I/VRI[LauncherActivity]@db31459( 4276): mWNT: t=0xb400006ed3a3b5d0 mBlastBufferQueue=0xb400006e639914e0 fn= 24 HdrRenderState mRenderHdrSdrRatio=1.0 caller= com.android.systemui.shared.launcher.ViewRootImplCompat.mergeWithNextTransaction:4 com.honeyspace.transition.utils.SurfaceTransactionApplier.scheduleApply$lambda$1:16 com.honeyspace.transition.utils.SurfaceTransactionApplier.b:0 
03-31 13:43:17.714 D/SemContextService( 2349): Service.updateContext() : service = SLocation Core
03-31 13:43:17.714 D/SemContextService( 2349): Service.updateContext() : service = SLocation Core
03-31 13:43:17.714 D/SemContextService( 2349): Service.updateContext() : service = SLocation Core
03-31 13:43:17.715 D/SemContextManager( 2349): onSemContextChanged() : event = SLocation Core
03-31 13:43:17.715 D/SLocation( 2349): SensorHubWrapper - SemContextChanged type = 47, packet received
03-31 13:43:17.715 D/SemContextManager( 2349): onSemContextChanged() : event = SLocation Core
03-31 13:43:17.715 D/SLocation( 2349): SensorHubWrapper - SemContextChanged type = 47, packet received
03-31 13:43:17.715 D/SemContextManager( 2349): onSemContextChanged() : event = SLocation Core
03-31 13:43:17.715 D/SLocation( 2349): SensorHubWrapper - SemContextChanged type = 47, packet received
03-31 13:43:17.716 D/SLocation( 2349): GeofenceCoreManager - received Extra Data from core, len : 51
03-31 13:43:17.717 D/SLocation( 2349): CommonCoreManager - received Extra Data from core, len : 51
03-31 13:43:17.717 D/SLocation( 2349): GeofenceCoreManager - received Extra Data from core, len : 5
03-31 13:43:17.717 D/SLocation( 2349): GeofenceCoreManager - handleCommandCallback - GEOFENCE_REMOVE SUCCESS
03-31 13:43:17.717 I/SLocation( 2349): SHardwareManager - handleRemoveCallback : GEOFENCE_SUCCESS, id = 15000
03-31 13:43:17.717 D/SLocation( 2349): CommonCoreManager - received Extra Data from core, len : 5
03-31 13:43:17.717 D/SLocation( 2349): GeofenceCoreManager - received Extra Data from core, len : 5
03-31 13:43:17.717 D/SLocation( 2349): GeofenceCoreManager - handleCommandCallback - GEOFENCE_ADD SUCCESS
03-31 13:43:17.717 I/SLocation( 2349): SHardwareManager - handleAddCallback : GEOFENCE_SUCCESS id = 15000
03-31 13:43:17.717 D/SLocation( 2349): CommonCoreManager - received Extra Data from core, len : 5
03-31 13:43:17.718 I/SehLight( 1562): sub_lcd : 97-
03-31 13:43:17.718 D/BatteryDump( 1545): wait_for_battery_event : occurred : change@/devices/platform/soc/ae00000.qcom,mdss_mdp/backlight/panel1-backlight 
03-31 13:43:17.719 I/HoneySpace.FloatingAnimator( 4276): [Player:A(17.534)] container x: 471.045, y: 1182.7325, scale : 0.27031672
03-31 13:43:17.720 D/HdrSolution_HdrDisplayNitMapper( 2349): updataTargetNit--------------mLightSensorData: 1.0, scaleRatio: 1.44, target: 139.24->200
03-31 13:43:17.721 I/SehLight( 1562): sub_lcd : 95+
03-31 13:43:17.721 E/CompositionEngine( 1676): [com.sec.android.app.launcher/com.sec.android.app.launcher.activities.LauncherActivity$_4276#27772] Invalid device requested composition type change: Client (1) --> Client (1)
03-31 13:43:17.721 D/SurfaceComposerClient( 2349): [SEC_SF_EFFECTS] setBackgroundBlurRadius ## Dim Layer for - Display 0 name="Built-in Screen"#27788 backgroundBlurRadius=0
03-31 13:43:17.721 I/VRI[LauncherActivity]@db31459( 4276): mWNT: t=0xb400006ed39f4ed0 mBlastBufferQueue=0xb400006e639914e0 fn= 25 HdrRenderState mRenderHdrSdrRatio=1.0 caller= com.android.systemui.shared.launcher.ViewRootImplCompat.mergeWithNextTransaction:4 com.honeyspace.transition.utils.SurfaceTransactionApplier.scheduleApply$lambda$1:16 com.honeyspace.transition.utils.SurfaceTransactionApplier.b:0 
03-31 13:43:17.725 I/SSC_DAEMON( 1654): light_msg(6/11): br 98 (lux 235,idx 1) - 0,1,1
03-31 13:43:17.726 I/SSC_DAEMON( 1654): physical_sensor_test_req_msg Sensor type :6, Msg type:11
03-31 13:43:17.726 I/SehLight( 1562): sub_lcd : 95-
03-31 13:43:17.726 D/BatteryDump( 1545): wait_for_battery_event : occurred : change@/devices/platform/soc/ae00000.qcom,mdss_mdp/backlight/panel1-backlight 
03-31 13:43:17.727 I/SSC_DAEMON( 1654): light_msg(6/11): br 97 (lux 235,idx 1) - 0,1,1
03-31 13:43:17.728 I/HoneySpace.FloatingAnimator( 4276): [Player:A(17.534)] container x: 482.0357, y: 1211.2021, scale : 0.2532913
03-31 13:43:17.728 I/SSC_DAEMON( 1654): physical_sensor_test_req_msg Sensor type :6, Msg type:11
03-31 13:43:17.729 I/VRI[LauncherActivity]@db31459( 4276): mWNT: t=0xb400006ed3a46f50 mBlastBufferQueue=0xb400006e639914e0 fn= 26 HdrRenderState mRenderHdrSdrRatio=1.0 caller= com.android.systemui.shared.launcher.ViewRootImplCompat.mergeWithNextTransaction:4 com.honeyspace.transition.utils.SurfaceTransactionApplier.scheduleApply$lambda$1:16 com.honeyspace.transition.utils.SurfaceTransactionApplier.b:0 
03-31 13:43:17.729 I/SSC_DAEMON( 1654): light_msg(6/11): br 95 (lux 235,idx 1) - 0,1,1
03-31 13:43:17.729 E/CompositionEngine( 1676): [com.sec.android.app.launcher/com.sec.android.app.launcher.activities.LauncherActivity$_4276#27772] Invalid device requested composition type change: Client (1) --> Client (1)
03-31 13:43:17.731 D/SurfaceComposerClient( 2349): [SEC_SF_EFFECTS] setBackgroundBlurRadius ## Dim Layer for - Display 0 name="Built-in Screen"#27788 backgroundBlurRadius=0
03-31 13:43:17.731 D/HdrSolution_HdrDisplayNitMapper( 2349): updataTargetNit--------------mLightSensorData: 1.0, scaleRatio: 1.46, target: 137.35->200
03-31 13:43:17.732 I/SehLight( 1562): sub_lcd : 94+
03-31 13:43:17.734 I/SSC_DAEMON( 1654): physical_sensor_test_req_msg Sensor type :6, Msg type:11
03-31 13:43:17.734 I/SehLight( 1562): sub_lcd : 94-
03-31 13:43:17.735 D/BatteryDump( 1545): wait_for_battery_event : occurred : change@/devices/platform/soc/ae00000.qcom,mdss_mdp/backlight/panel1-backlight 
03-31 13:43:17.736 I/SSC_DAEMON( 1654): light_msg(6/11): br 94 (lux 235,idx 1) - 0,1,1
03-31 13:43:17.737 D/SurfaceComposerClient( 2349): [SEC_SF_EFFECTS] setBackgroundBlurRadius ## Dim Layer for - Display 0 name="Built-in Screen"#27788 backgroundBlurRadius=0
03-31 13:43:17.737 I/HoneySpace.FloatingAnimator( 4276): [Player:A(17.534)] container x: 490.44247, y: 1232.3256, scale : 0.24026863
03-31 13:43:17.737 E/CompositionEngine( 1676): [com.sec.android.app.launcher/com.sec.android.app.launcher.activities.LauncherActivity$_4276#27772] Invalid device requested composition type change: Client (1) --> Client (1)
03-31 13:43:17.738 D/HdrSolution_HdrDisplayNitMapper( 2349): updataTargetNit--------------mLightSensorData: 1.0, scaleRatio: 1.5, target: 133.59->200
03-31 13:43:17.738 I/SehLight( 1562): sub_lcd : 92+
03-31 13:43:17.739 I/VRI[LauncherActivity]@db31459( 4276): mWNT: t=0xb400006ed39c2490 mBlastBufferQueue=0xb400006e639914e0 fn= 27 HdrRenderState mRenderHdrSdrRatio=1.0 caller= com.android.systemui.shared.launcher.ViewRootImplCompat.mergeWithNextTransaction:4 com.honeyspace.transition.utils.SurfaceTransactionApplier.scheduleApply$lambda$1:16 com.honeyspace.transition.utils.SurfaceTransactionApplier.b:0 
03-31 13:43:17.741 D/WifiStaIfaceHidlImpl( 2349): getCachedScanData is not implemented by HIDL
03-31 13:43:17.743 D/vendor.qti.bluetooth@1.0-wake_lock( 1540): Release wakelock is released 
03-31 13:43:17.743 I/SehLight( 1562): sub_lcd : 92-
03-31 13:43:17.743 D/BatteryDump( 1545): wait_for_battery_event : occurred : change@/devices/platform/soc/ae00000.qcom,mdss_mdp/backlight/panel1-backlight 
03-31 13:43:17.744 I/SSC_DAEMON( 1654): physical_sensor_test_req_msg Sensor type :6, Msg type:11
03-31 13:43:17.744 I/HoneySpace.FloatingAnimator( 4276): [Player:A(17.534)] container x: 498.43478, y: 1252.4077, scale : 0.22788796
03-31 13:43:17.745 I/SSC_DAEMON( 1654): light_msg(6/11): br 92 (lux 235,idx 1) - 0,1,1
03-31 13:43:17.745 I/VRI[LauncherActivity]@db31459( 4276): mWNT: t=0xb400006ed39ed990 mBlastBufferQueue=0xb400006e639914e0 fn= 28 HdrRenderState mRenderHdrSdrRatio=1.0 caller= com.android.systemui.shared.launcher.ViewRootImplCompat.mergeWithNextTransaction:4 com.honeyspace.transition.utils.SurfaceTransactionApplier.scheduleApply$lambda$1:16 com.honeyspace.transition.utils.SurfaceTransactionApplier.b:0 
03-31 13:43:17.744 D/SurfaceComposerClient( 2349): [SEC_SF_EFFECTS] setBackgroundBlurRadius ## Dim Layer for - Display 0 name="Built-in Screen"#27788 backgroundBlurRadius=0
03-31 13:43:17.746 D/ActivityManager( 2349): freezing 26704 com.samsung.android.sm.devicesecurity
03-31 13:43:17.746 E/CompositionEngine( 1676): [com.sec.android.app.launcher/com.sec.android.app.launcher.activities.LauncherActivity$_4276#27772] Invalid device requested composition type change: Client (1) --> Client (1)
03-31 13:43:17.748 D/HdrSolution_HdrDisplayNitMapper( 2349): updataTargetNit--------------mLightSensorData: 1.0, scaleRatio: 1.52, target: 131.72->200
03-31 13:43:17.749 D/RefreshRateModeManager( 2349): onBrightnessChanged: brt=91, lux=2485.0
03-31 13:43:17.749 I/SehLight( 1562): sub_lcd : 91+
03-31 13:43:17.749 I/HoneySpace.PredictionDataSourceImpl( 4276): TYPE_SUGGESTED_APPS updated: 9
03-31 13:43:17.749 D/InetDiagMessage( 2349): Destroyed 0 sockets, proto=IPPROTO_TCP, family=AF_INET, states=14
03-31 13:43:17.751 D/InetDiagMessage( 2349): Destroyed 1 sockets, proto=IPPROTO_TCP, family=AF_INET6, states=14
03-31 13:43:17.751 D/InetDiagMessage( 2349): Destroyed live tcp sockets for uids={5012} in 3ms
03-31 13:43:17.751 I/SSC_DAEMON( 1654): physical_sensor_test_req_msg Sensor type :6, Msg type:11
03-31 13:43:17.751 I/SehLight( 1562): sub_lcd : 91-
03-31 13:43:17.751 D/BatteryDump( 1545): wait_for_battery_event : occurred : change@/devices/platform/soc/ae00000.qcom,mdss_mdp/backlight/panel1-backlight 
03-31 13:43:17.751 I/HoneySpace.PredictionDataSourceImpl( 4276): TYPE_RECOMMENDED_WIDGETS updated: 49
03-31 13:43:17.753 I/HoneySpace.FloatingAnimator( 4276): [Player:A(17.534)] container x: 506.1508, y: 1271.7955, scale : 0.21593533
03-31 13:43:17.753 I/VRI[LauncherActivity]@db31459( 4276): mWNT: t=0xb400006ed3976d10 mBlastBufferQueue=0xb400006e639914e0 fn= 29 HdrRenderState mRenderHdrSdrRatio=1.0 caller= com.android.systemui.shared.launcher.ViewRootImplCompat.mergeWithNextTransaction:4 com.honeyspace.transition.utils.SurfaceTransactionApplier.scheduleApply$lambda$1:16 com.honeyspace.transition.utils.SurfaceTransactionApplier.b:0 
03-31 13:43:17.754 I/SSC_DAEMON( 1654): light_msg(6/11): br 91 (lux 255,idx 1) - 0,1,1
03-31 13:43:17.754 E/CompositionEngine( 1676): [com.sec.android.app.launcher/com.sec.android.app.launcher.activities.LauncherActivity$_4276#27772] Invalid device requested composition type change: Client (1) --> Client (1)
03-31 13:43:17.754 D/HdrSolution_HdrDisplayNitMapper( 2349): updataTargetNit--------------mLightSensorData: 1.0, scaleRatio: 1.56, target: 128.0->200
03-31 13:43:17.754 D/SurfaceComposerClient( 2349): [SEC_SF_EFFECTS] setBackgroundBlurRadius ## Dim Layer for - Display 0 name="Built-in Screen"#27788 backgroundBlurRadius=0
03-31 13:43:17.755 I/SehLight( 1562): sub_lcd : 89+
03-31 13:43:17.757 I/ogle.android.as(10168): Background young concurrent mark compact GC freed 24MB AllocSpace bytes, 0(0B) LOS objects, 81% free, 5731KB/29MB, paused 2.935ms,2.564ms total 136.107ms
03-31 13:43:17.757 W/ogle.android.as(10168): Reducing the number of considered missed Gc histogram windows from 119 to 100
03-31 13:43:17.759 I/SehLight( 1562): sub_lcd : 89-
03-31 13:43:17.760 D/BatteryDump( 1545): wait_for_battery_event : occurred : change@/devices/platform/soc/ae00000.qcom,mdss_mdp/backlight/panel1-backlight 
03-31 13:43:17.760 I/SSC_DAEMON( 1654): physical_sensor_test_req_msg Sensor type :6, Msg type:11
03-31 13:43:17.761 D/SurfaceComposerClient( 2349): [SEC_SF_EFFECTS] setBackgroundBlurRadius ## Dim Layer for - Display 0 name="Built-in Screen"#27788 backgroundBlurRadius=0
03-31 13:43:17.761 E/SurfaceComposerClient( 4276): SurfaceComposerClient::Transaction::setAlpha: invalid alpha -0.016384, clamping
03-31 13:43:17.761 I/HoneySpace.FloatingAnimator( 4276): [Player:A(17.534)] container x: 512.5423, y: 1288.7839, scale : 0.20603436
03-31 13:43:17.762 I/SSC_DAEMON( 1654): light_msg(6/11): br 89 (lux 255,idx 1) - 0,1,1
03-31 13:43:17.763 E/CompositionEngine( 1676): [com.sec.android.app.launcher/com.sec.android.app.launcher.activities.LauncherActivity$_4276#27772] Invalid device requested composition type change: Client (1) --> Client (1)
03-31 13:43:17.764 D/HdrSolution_HdrDisplayNitMapper( 2349): updataTargetNit--------------mLightSensorData: 1.0, scaleRatio: 1.59, target: 126.15->200
