03-31 13:33:07.286 I/vendor.qti.bluetooth@1.0-ibs_handler( 1540): ProcessIbsCmd: Received IBS_SLEEP_IND: 0xFE
03-31 13:33:07.286 D/vendor.qti.bluetooth@1.0-ibs_handler( 1540): SerialClockVote: vote for UART CLK OFF
03-31 13:33:07.428 E/HeatmapThread( 1665): ECT Thread time in milliseconds: 1774989187
03-31 13:33:07.429 D/HeatmapThread( 1665): !@ batteryplugType : 0
03-31 13:33:07.429 D/HeatmapThread( 1665): !@ batteryLevel : 0  batteryTemperature : 0 
03-31 13:33:07.429 D/HeatmapThread( 1665): !@ Heatmap currtime: 29583153
03-31 13:33:07.429 D/HeatmapThread( 1665): !@ Heatmap prevtime: 29583153
03-31 13:33:07.429 D/HeatmapThread( 1665): !@ Heatmap plugstarttime: 35791394
03-31 13:33:07.429 D/HeatmapThread( 1665): !@ Heatmap prevv_dsoh_update_time: 29571275
03-31 13:33:07.429 E/HeatmapThread( 1665): !@Could not open '/efs/FactoryApp/bsoh', errno = 13
03-31 13:33:07.429 E/HeatmapThread( 1665): !@ CAM Could not access BSOH EFS
03-31 13:33:07.429 E/HeatmapThread( 1665): !@ CAM New BSOH: 0
03-31 13:33:07.436 D/vendor.qti.bluetooth@1.0-wake_lock( 1540): Release wakelock is released 
03-31 13:33:07.448 E/HYPER-HAL( 1561): [HandlerSysfs.cpp]doResourceHandling(): Couldn't Open Sysfs - /sys/devices/system/cpu/bus_dcvs/DDR/soc:qcom,memlat:ddr:prime-latfloor/max_freq
03-31 13:33:07.448 I/HYPER-HAL( 1561): [RequestManager.cpp]releaseLocked(): Released ID : 54293433
03-31 13:33:07.762 I/HYPER-HAL( 1561): [RequestManager.cpp]releaseLocked(): Released ID : 3582826
03-31 13:33:07.874 E/ANDR-PERF-UTIL( 1599): Failed to update node /proc/sys/walt/sched_per_task_boost with value 5184 0
03-31 13:33:07.875 E/ANDR-PERF-OPTSHANDLER( 1599): can't reset task 5184
03-31 13:33:07.875 E/ANDR-PERF-RESOURCEQS( 1599): Failed to reset optimization [3, 32]
03-31 13:33:08.034 D/io_stats( 1146): !@   8,0 r 74130345 1490111820 w 31226389 398295988 d 8366375 661334904 f 0 3024229 iot 31320056 0 th 0 0 0 pt 0 inp 0 0 478490.440
03-31 13:33:08.034 D/io_stats( 1146): !@ MemInfo(KB): total 11521996 free 1200544 avail 4412560 actv(f) 1647164 inactv(f) 1591896 dirty 4104 wb 0 anonpg 2977768 slab 855220
03-31 13:33:08.158 D/WifiStaIfaceHidlImpl( 2349): getCachedScanData is not implemented by HIDL
03-31 13:33:08.160 D/SemWifiUsabilityStatsMonitor( 2349): onWifiUsabilityStats - seqNum 84535, isSameBssidAndFreq true
03-31 13:33:08.161 I/SemWifiLinkQualityMonitor( 2349): Link stat: 1520 / 160 / 1.38 (128) / 960 / -43.0 || 100.0 : 960.00 / 0.5 : 0.73 / 0.55 : 0.11 / G (G) || 7c234b195805: 0.089 / 90.086 / N || A N / 0 0 / N 2.0 / N X 0 / 478490567 0 || 2026-03-31 13:33:07  / 0: 0 0 0 0 0 0 / 0: 0 0 0 0 0 0 / 0: 0 0 0 0 0 0
03-31 13:33:08.255 I/GmsCoreXrpcWrapper(23739): (REDACTED) Returning a channel provider with trafficStatsTag=%d trafficStatsUid=%d
03-31 13:33:08.256 I/GmsCoreXrpcWrapper(23739): (REDACTED) Returning a channel provider with trafficStatsTag=%d trafficStatsUid=%d
03-31 13:33:08.256 I/GmsCoreXrpcWrapper(23739): (REDACTED) Returning a channel provider with trafficStatsTag=%d trafficStatsUid=%d
03-31 13:33:08.285 I/sensors-hal( 1553): handle_sns_std_sensor_event:335, [SSC_LIGHT] P: 305(305),ch0:38107,ch1:1215,c:47,w:20,l:274,m:1,br:121,c1:106,c2:110,i:1
03-31 13:33:08.320 D/NetdEventListenerService( 2349): DNS Requested by 170, 10238(com.google.android.gms,...), SUCCESS, 41ms
03-31 13:33:08.428 E/HeatmapThread( 1665): ECT Thread time in milliseconds: 1774989188
03-31 13:33:08.428 D/HeatmapThread( 1665): !@ batteryplugType : 0
03-31 13:33:08.429 D/HeatmapThread( 1665): !@ batteryLevel : 0  batteryTemperature : 0 
03-31 13:33:08.429 D/HeatmapThread( 1665): !@ Heatmap currtime: 29583153
03-31 13:33:08.429 D/HeatmapThread( 1665): !@ Heatmap prevtime: 29583153
03-31 13:33:08.429 D/HeatmapThread( 1665): !@ Heatmap plugstarttime: 35791394
03-31 13:33:08.429 D/HeatmapThread( 1665): !@ Heatmap prevv_dsoh_update_time: 29571275
03-31 13:33:08.429 E/HeatmapThread( 1665): !@Could not open '/efs/FactoryApp/bsoh', errno = 13
03-31 13:33:08.429 E/HeatmapThread( 1665): !@ CAM Could not access BSOH EFS
03-31 13:33:08.429 E/HeatmapThread( 1665): !@ CAM New BSOH: 0
03-31 13:33:08.504 I/cn_CronetUrlRequestContext(23739): destroyNativeStreamLocked org.chromium.net.impl.CronetBidirectionalStream@1def4bf
03-31 13:33:08.720 I/Routine@Core[4.9.04.16]: SmartThingsKitHolder(11664): terminate: smartThingsKit.terminate - ay.i@9f7e69b
03-31 13:33:08.720 I/SmartThingsKit(11664): terminate()
03-31 13:33:08.721 D/ActivityManager( 2349): unpendingScheduleServiceRestart: u=10130, drop=false
03-31 13:33:08.721 I/ActivityManager( 2349): Changes in 10130 5 to 8, 184 to 0
03-31 13:33:08.722 D/ActivityManager( 2349): unpendingScheduleServiceRestart: u=10130, drop=false
03-31 13:33:08.723 D/BaseRestrictionMgr( 2349): Package: com.samsung.android.service.stplatform, userid: 0, hostingType: provider is allowed by freecess, caller is: com.samsung.android.app.routines
03-31 13:33:08.723 I/ActivityManager( 2349): Changes in 10130 8 to 5, 0 to 144
03-31 13:33:08.725 I/[ST_KIT]DataRequestAcceptor: call(), 17(27181): call() : save_st_kit_using_status
03-31 13:33:08.726 D/BackgroundInstallControlService( 2349): Package event received: 0
03-31 13:33:08.726 I/[ST_KIT]AccessPermissionChecker$invoke: invokeSuspend(), 128(27181): Is accessible = true, routines
03-31 13:33:08.727 D/ActivityManager( 2349): unpendingScheduleServiceRestart: u=10130, drop=false
03-31 13:33:08.727 D/ActivityManager( 2349): unpendingScheduleServiceRestart: u=10130, drop=false
03-31 13:33:08.728 D/ActivityManager( 2349): unpendingScheduleServiceRestart: u=10130, drop=false
03-31 13:33:08.728 D/ActivityManager( 2349): unpendingScheduleServiceRestart: u=10130, drop=false
03-31 13:33:08.728 D/ActivityManager( 2349): unpendingScheduleServiceRestart: u=10130, drop=false
03-31 13:33:08.729 I/[ST_KIT]b: handleMessage(), 16(27181): handleMessage()
03-31 13:33:08.729 I/[ST_KIT]b: a(), 132(27181): Handle request from routines, CODE = UNBIND_ST_PLATFORM(1)
03-31 13:33:08.729 I/[ST_KIT]AccessPermissionChecker$invoke: invokeSuspend(), 128(27181): Is accessible = true, routines
03-31 13:33:08.730 I/[ST_KIT]e: t(), 22(27181): hasSepFeature : true
03-31 13:33:08.730 I/[ST_KIT]e: t(), 63(27181): isSemAvailable : true, Version: 170000
03-31 13:33:08.730 I/SmartThingsKit : IPC(11664): handleResponse() None:1:4
03-31 13:33:08.733 I/SemDvfsHyPerManager( 2349): acquire hyper - AMS_RESUME_TAIL/2349@34, type = -999
03-31 13:33:08.733 I/SemDvfsHyPerManager( 2349): acquire hyper - AMS_ACT_LAZY/2349@35, type = -999
03-31 13:33:08.733 D/ActivityManagerPerformance( 2349): AMP_acquire() TAIL
03-31 13:33:08.733 D/ActivityManagerPerformance( 2349): AMP_release() APP_SWITCH
03-31 13:33:08.733 I/HYPER-HAL( 1561): [RequestManager.cpp]acquire(): Acquired ID : 2840570  [2349 / 34]    HINT : AMS_RESUME_TAIL    list : 
03-31 13:33:08.734 I/HYPER-HAL( 1561): [RequestManager.cpp]acquire(): Acquired ID : 2842955  [2349 / 35]    HINT : AMS_ACT_LAZY    list : 
03-31 13:33:08.735 I/HYPER-HAL( 1561): [RequestManager.cpp]releaseLocked(): Released ID : 2812028
03-31 13:33:08.735 D/FreecessController( 2349): BG freezed, skip OLAF unfreeze for (com.samsung.android.game.gamehome, 10075)
03-31 13:33:08.740 E/SQLiteLog(29662): (10) POSIX Error : 11 SQLite Error : 3850
03-31 13:33:08.740 E/SQLiteLog(29662): (10) LOCK : Getting pending lock for (1) failed due to (11). The current owner is (29704).
03-31 13:33:08.742 E/SQLiteLog(29662): (10) POSIX Error : 11 SQLite Error : 3850
03-31 13:33:08.742 E/SQLiteLog(29662): (10) LOCK : Getting pending lock for (1) failed due to (11). The current owner is (29704).
03-31 13:33:08.742 I/keystore2( 1195): system/security/keystore2/watchdog/src/lib.rs:377 - Watchdog thread idle -> terminating. Have a great day.
03-31 13:33:08.744 E/SQLiteLog(29662): (10) POSIX Error : 11 SQLite Error : 3850
03-31 13:33:08.744 E/SQLiteLog(29662): (10) LOCK : Getting pending lock for (1) failed due to (11). The current owner is (29704).
03-31 13:33:08.745 I/SAMSUNGWALLET(19454): [Hint_ProcessStatusChange] fg Change, pid : 5184 , isNotify : true , isForeground : true , fg list : [5184, 4276]
03-31 13:33:08.745 D/FreecessController( 2349): UFZ : com.samsung.android.spay(10339) [19454] reason: broadcast-com.sec.android.app.launcher.intent.action.UPDATE_SPAY_HANDLER
03-31 13:33:08.745 I/SAMSUNGWALLET(19454): [Hint_ProcessStatusChange] invoke foreground activities changed - onProcessDied pid:5184 uid : 10789
03-31 13:33:08.745 I/SAMSUNGWALLET(19454): [Hint_ProcessStatusChange] fg Change, pid : 5184 , isNotify : true , isForeground : true , fg list : [5184, 4276]
03-31 13:33:08.745 I/SAMSUNGWALLET(19454): [Hint_ProcessStatusChange] invoke foreground activities changed - onProcessDied pid:5184 uid : 10789
03-31 13:33:08.746 I/SAMSUNGWALLET(19454): [Hint_PayHintService] onReceive() action=com.sec.android.app.launcher.intent.action.UPDATE_SPAY_HANDLER
03-31 13:33:08.746 I/SAMSUNGWALLET(19454): [Hint_PayHintService] home change, s home : false , default : false , gesture : false , s result : false , prev : false
03-31 13:33:08.747 I/SAMSUNGWALLET(19454): [Hint_PayHintService] Hint Status - already invisible, skip hide : [4000000] - Disable on home
03-31 13:33:08.748 I/SAMSUNGWALLET(19454): [Hint_PayHintService] Hint Status - already invisible, skip hide : [4000000] - Disable on home
03-31 13:33:08.748 D/FreecessController( 2349): BG freezed, skip OLAF unfreeze for (com.snapchat.android, 10555)
03-31 13:33:08.748 D/FreecessController( 2349): BG freezed, skip OLAF unfreeze for (com.samsung.android.shealthmonitor, 10612)
03-31 13:33:08.749 I/SAMSUNGWALLET(19454): [Hint_PayHintService] Hint Status - already invisible, skip hide : [4000000] - Disable on home
03-31 13:33:08.749 E/SQLiteLog(29662): (10) POSIX Error : 11 SQLite Error : 3850
03-31 13:33:08.749 E/SQLiteLog(29662): (10) LOCK : Getting pending lock for (1) failed due to (11). The current owner is (29704).
03-31 13:33:08.750 I/SAMSUNGWALLET(19454): [Hint_PayHintService] Hint Status - already invisible, skip hide : [4000000] - Disable on home
03-31 13:33:08.751 D/FreecessController( 2349): restrictJobsByOlaf: restrict=false, uid=-1
03-31 13:33:08.751 I/PowerManagerService( 2349): [PWL] SetWakeLockEnableDisable uid = 10339 , disable= false
03-31 13:33:08.751 I/PowerManagerService( 2349): [PWL] can not change uid =  10339
03-31 13:33:08.751 I/NSLocationMonitor( 2349): getGPSUsingApps() called
03-31 13:33:08.751 I/sensors-hal( 1553): handle_sns_client_event:205, auto_rotation_debug_2 mode,255,last,0, type,3,0 main,0.117,3.276,9.399 sub,0.041,3.587,-9.315, ar,0, h_ic,1, s,3, ver,14, pedo,1,e,1,i,3
03-31 13:33:08.751 I/NSLocationManager_FLP( 4702): getGPSUsingApps, No change
03-31 13:33:08.756 W/Binder  ( 2349): Outgoing transactions from this process must be FLAG_ONEWAY
03-31 13:33:08.756 W/Binder  ( 2349): java.lang.Throwable
03-31 13:33:08.756 W/Binder  ( 2349): 	at android.os.BinderProxy.transact(BinderProxy.java:566)
03-31 13:33:08.756 W/Binder  ( 2349): 	at android.bluetooth.IBluetoothGatt$Stub$Proxy.getAdvertisingSetUids(IBluetoothGatt.java:1678)
03-31 13:33:08.756 W/Binder  ( 2349): 	at android.bluetooth.BluetoothAdapter.getAdvertisingSetUids(BluetoothAdapter.java:8476)
03-31 13:33:08.756 W/Binder  ( 2349): 	at android.bluetooth.BluetoothAdapter.getHWUsingApps(BluetoothAdapter.java:1342)
03-31 13:33:08.756 W/Binder  ( 2349): 	at com.android.server.am.mars.filter.filter.BlueToothConnectedFilter.updateBTUsingPackages(qb/106584216 0dc300d8f72c9fc2b39686cc8488b4fcabb062277cf172d256c4c25ebc4887f8:22)
03-31 13:33:08.756 W/Binder  ( 2349): 	at com.android.server.am.FreecessController.freeze(qb/106584216 0dc300d8f72c9fc2b39686cc8488b4fcabb062277cf172d256c4c25ebc4887f8:117)
03-31 13:33:08.756 W/Binder  ( 2349): 	at com.android.server.am.FreecessHandler$MainHandler.handleLcdOnFreeze(qb/106584216 0dc300d8f72c9fc2b39686cc8488b4fcabb062277cf172d256c4c25ebc4887f8:55)
03-31 13:33:08.756 W/Binder  ( 2349): 	at com.android.server.am.FreecessHandler$MainHandler.handleMessage(qb/106584216 0dc300d8f72c9fc2b39686cc8488b4fcabb062277cf172d256c4c25ebc4887f8:793)
03-31 13:33:08.756 W/Binder  ( 2349): 	at android.os.Handler.dispatchMessage(Handler.java:110)
03-31 13:33:08.756 W/Binder  ( 2349): 	at android.os.Looper.loopOnce(Looper.java:273)
03-31 13:33:08.756 W/Binder  ( 2349): 	at android.os.Looper.loop(Looper.java:363)
03-31 13:33:08.756 W/Binder  ( 2349): 	at android.os.HandlerThread.run(HandlerThread.java:85)
03-31 13:33:08.761 D/MARs:ActiveTrafficFilter( 2349): filter : host.exp.exponent(0)
03-31 13:33:08.761 D/FreecessHandler( 2349): freeze host.exp.exponent(10507) result : 8
03-31 13:33:08.761 D/OlafRestriction( 2349):  olaf state update: state=false
03-31 13:33:08.761 D/OlafRestriction( 2349):  sending trigger onRestrictionStateChanged msg.
03-31 13:33:08.761 I/NSLocationMonitor( 2349): getGPSUsingApps() called
03-31 13:33:08.762 I/NSLocationManager_FLP( 4702): getGPSUsingApps, No change
03-31 13:33:08.763 D/NetdEventListenerService( 2349): DNS Requested by 170, 10238(com.google.android.gms,...), SUCCESS, 22ms
03-31 13:33:08.766 I/[-0700]oneconnect[1.8.41.23_01][CORE](16400): DataConvert.parseBleVd - deviceBle : |name:|deviceType:TV|discoverType:_BLE|services:None|connected:false[TvStatusString]POWER_OFF[TvStatus]-128[TvService]96[TvMirrorChannel]1[TvRegisteredDB][44, 0, 0, 0, 0, 0][TvYear]2016[TvOcfInfo]0[TvAcmStatus]0[ExTvStatus]0[ExtendedStatus]-1[ModuloSn]-1
03-31 13:33:08.767 D/MARs:ActiveTrafficFilter( 2349): filter : com.hualai(0)
03-31 13:33:08.767 D/FreecessHandler( 2349): freeze com.hualai(10626) result : 8
03-31 13:33:08.767 I/NSLocationMonitor( 2349): getGPSUsingApps() called
03-31 13:33:08.767 I/NSLocationManager_FLP( 4702): getGPSUsingApps, No change
03-31 13:33:08.778 D/MARs:ActiveTrafficFilter( 2349): filter : org.chromium.webapk.af51b3fe40dfd90bb_v2(0)
03-31 13:33:08.778 D/FreecessHandler( 2349): freeze org.chromium.webapk.af51b3fe40dfd90bb_v2(10701) result : 8
03-31 13:33:08.780 W/keymint_tee( 1205): [WRN]begin req PARAMS: A3, D4, 
03-31 13:33:08.782 D/keymint_swd( 1205): keymint_swd keymint [WRN] (km_add_tag:528) skip: non repetable tag already exists with different value: 268435458
03-31 13:33:08.782 D/keymint_swd( 1205): keymint_swd keymint [WRN] (asymm_pad_to_openssl:49) unknown padding mode: 0
03-31 13:33:08.782 D/keymint_swd( 1205): keymint_swd keymint [WRN] (swd_run_cb:267) swd_begin() returns 0
03-31 13:33:08.782 D/android.hardware.security.keymint-service( 1205): begin: ret 0
03-31 13:33:08.783 I/keystore2( 1195): system/security/keystore2/src/security_level.rs:466 - In create_operation. Success to create IKeystoreOperation. 10238, None
03-31 13:33:08.785 D/keymint_swd( 1205): keymint_swd keymint [WRN] (swd_run_cb:267) swd_finish() returns 0
03-31 13:33:08.785 D/android.hardware.security.keymint-service( 1205): finish: ret 0
03-31 13:33:08.846 I/HoneySpace.PredictionDataSourceImpl( 4276): TYPE_SUGGESTED_APPS updated: 9
03-31 13:33:08.848 I/HoneySpace.PredictionDataSourceImpl( 4276): TYPE_RECOMMENDED_WIDGETS updated: 49
03-31 13:33:08.891 I/Auth    (23739): (REDACTED) [GetTokenResponse] Decryption key=%s success, service=%s
03-31 13:33:09.005 I/sensors-hal( 1553): handle_sns_client_event:552, [0][6953] accel_sample [ 0.099,  3.486,  9.326] 712693967080150
03-31 13:33:09.035 I/HYPER-HAL( 1561): [RequestManager.cpp]releaseLocked(): Released ID : 2840570
03-31 13:33:09.052 I/bluetooth( 3826): system/gd/hci/le_advertising_manager.cc:903 set_advertising_set_random_address_on_timer: Scheduling address rotation for advertiser_id=3
03-31 13:33:09.053 I/bluetooth( 3826): system/gd/hci/le_address_manager.cc:581 GetNextPrivateAddressIntervalRange: client=advertising_set_3, nonwake=7m8s, wake=13m32s
03-31 13:33:09.054 D/vendor.qti.bluetooth@1.0-ibs_handler( 1540): SerialClockVote: vote for UART CLK ON
03-31 13:33:09.055 D/vendor.qti.bluetooth@1.0-wake_lock( 1540): Acquire wakelock is acquired 
03-31 13:33:09.055 I/vendor.qti.bluetooth@1.0-ibs_handler( 1540): DeviceWakeUp: Writing IBS_WAKE_IND
03-31 13:33:09.055 I/vendor.qti.bluetooth@1.0-ibs_handler( 1540): ProcessIbsCmd: Received IBS_WAKE_ACK: 0xFC
03-31 13:33:09.055 I/vendor.qti.bluetooth@1.0-ibs_handler( 1540): ProcessIbsCmd: Signal wack_cond_
03-31 13:33:09.055 D/vendor.qti.bluetooth@1.0-ibs_handler( 1540): DeviceWakeUp: Unblocked from waiting for FC, pthread_cond_timedwait ret = 0
03-31 13:33:09.056 I/vendor.qti.bluetooth@1.0-ibs_handler( 1540): ProcessIbsCmd: Received IBS_WAKE_IND: 0xFD
03-31 13:33:09.056 I/vendor.qti.bluetooth@1.0-ibs_handler( 1540): ProcessIbsCmd: Writing IBS_WAKE_ACK
03-31 13:33:09.064 I/bluetooth( 3826): system/gd/hci/le_advertising_manager.cc:1868 on_set_advertising_set_random_address_complete: update random address for advertising set 3 : xx:xx:xx:xx:09:9a
03-31 13:33:09.089 I/ScanController( 3826): onScanResult to scannerId: 5- eventType=0x10, addressType=0, address=XX:XX:XX:XX:5A:C5, primaryPhy=1, secondaryPhy=0, advertisingSid=0xff, txPower=127, rssi=-91, periodicAdvInt=0x0
03-31 13:33:09.092 I/cn_CronetUrlRequestContext(23739): destroyNativeStreamLocked org.chromium.net.impl.CronetBidirectionalStream@66a4010
03-31 13:33:09.095 I/[-0700]oneconnect[1.8.41.23_01][CORE](16400): DataConvert.parseBleVd - deviceBle : |name:|deviceType:TV|discoverType:_BLE|services:None|connected:false[TvStatusString]POWER_OFF[TvStatus]-128[TvService]96[TvMirrorChannel]1[TvRegisteredDB][44, 0, 0, 0, 0, 0][TvYear]2016[TvOcfInfo]0[TvAcmStatus]0[ExTvStatus]0[ExtendedStatus]-1[ModuloSn]-1
03-31 13:33:09.127 I/vendor.qti.bluetooth@1.0-ibs_handler( 1540): ProcessIbsCmd: Received IBS_SLEEP_IND: 0xFE
03-31 13:33:09.194 I/vendor.qti.bluetooth@1.0-ibs_handler( 1540): ProcessIbsCmd: Received IBS_WAKE_IND: 0xFD
03-31 13:33:09.194 I/vendor.qti.bluetooth@1.0-ibs_handler( 1540): ProcessIbsCmd: Writing IBS_WAKE_ACK
03-31 13:33:09.200 I/ScanController( 3826): onScanResult to scannerId: 9- eventType=0x1b, addressType=1, address=XX:XX:XX:XX:F5:D2, primaryPhy=1, secondaryPhy=0, advertisingSid=0xff, txPower=127, rssi=-55, periodicAdvInt=0x0
03-31 13:33:09.236 I/vendor.qti.bluetooth@1.0-ibs_handler( 1540): ProcessIbsCmd: Received IBS_SLEEP_IND: 0xFE
03-31 13:33:09.248 E/TaskPersister( 2349): File error accessing recents directory (directory doesn't exist?).
03-31 13:33:09.249 E/TaskPersister( 2349): File error accessing recents directory (directory doesn't exist?).
03-31 13:33:09.250 E/TaskPersister( 2349): File error accessing recents directory (directory doesn't exist?).
03-31 13:33:09.293 I/cn_CronetUrlRequestContext(23739): destroyNativeStreamLocked org.chromium.net.impl.CronetBidirectionalStream@5ea7d6c
03-31 13:33:09.315 I/NetworkScheduler.Stats(23739): (REDACTED) Task %s/%s finished executing. cause:%s result: %s elapsed_millis: %s uptime_millis: %s exec_start_elapsed_seconds: %s
03-31 13:33:09.343 I/GmsCoreXrpcWrapper(23739): (REDACTED) Returning a channel provider with trafficStatsTag=%d trafficStatsUid=%d
03-31 13:33:09.343 I/GmsCoreXrpcWrapper(23739): (REDACTED) Returning a channel provider with trafficStatsTag=%d trafficStatsUid=%d
03-31 13:33:09.344 I/GmsCoreXrpcWrapper(23739): (REDACTED) Returning a channel provider with trafficStatsTag=%d trafficStatsUid=%d
03-31 13:33:09.350 I/Fitness (23739): (REDACTED) App %s is disabled; skipping
03-31 13:33:09.350 I/Fitness (23739): (REDACTED) Initializing package %s: %d subscriptions
03-31 13:33:09.350 I/Fitness (23739): (REDACTED) App %s is disabled; skipping
03-31 13:33:09.350 I/Fitness (23739): (REDACTED) Initializing package %s: %d subscriptions
03-31 13:33:09.350 I/Fitness (23739): (REDACTED) FitRecording initialized.  Recreated %d subscriptions out of %d.
03-31 13:33:09.391 D/BoundBrokerSvc( 8820): onBind: Intent { act=com.google.android.contextmanager.service.ContextManagerLogsUploadBoundService.ACTION_TASK_READY dat=chimera-action:/... xflg=0x4 cmp=com.google.android.gms/.chimera.PersistentInternalBoundBrokerService }
03-31 13:33:09.391 D/BoundBrokerSvc( 8820): Loading bound service for intent: Intent { act=com.google.android.contextmanager.service.ContextManagerLogsUploadBoundService.ACTION_TASK_READY dat=chimera-action:/... xflg=0x4 cmp=com.google.android.gms/.chimera.PersistentInternalBoundBrokerService }
03-31 13:33:09.403 I/NetworkScheduler.Stats(23739): (REDACTED) Task %s/%s started execution. cause:%s exec_start_elapsed_seconds: %s
03-31 13:33:09.415 I/NetworkScheduler.Stats(23739): (REDACTED) Task %s/%s finished executing. cause:%s result: %s elapsed_millis: %s uptime_millis: %s exec_start_elapsed_seconds: %s
03-31 13:33:09.415 D/BoundBrokerSvc( 8820): onUnbind: Intent { act=com.google.android.contextmanager.service.ContextManagerLogsUploadBoundService.ACTION_TASK_READY dat=chimera-action:/... xflg=0x4 cmp=com.google.android.gms/.chimera.PersistentInternalBoundBrokerService }
03-31 13:33:09.428 E/HeatmapThread( 1665): ECT Thread time in milliseconds: 1774989189
03-31 13:33:09.429 D/HeatmapThread( 1665): !@ batteryplugType : 0
03-31 13:33:09.429 D/HeatmapThread( 1665): !@ batteryLevel : 0  batteryTemperature : 0 
03-31 13:33:09.429 D/HeatmapThread( 1665): !@ Heatmap currtime: 29583153
03-31 13:33:09.429 D/HeatmapThread( 1665): !@ Heatmap prevtime: 29583153
03-31 13:33:09.429 D/HeatmapThread( 1665): !@ Heatmap plugstarttime: 35791394
03-31 13:33:09.429 D/HeatmapThread( 1665): !@ Heatmap prevv_dsoh_update_time: 29571275
03-31 13:33:09.429 E/HeatmapThread( 1665): !@Could not open '/efs/FactoryApp/bsoh', errno = 13
03-31 13:33:09.429 E/HeatmapThread( 1665): !@ CAM Could not access BSOH EFS
03-31 13:33:09.429 E/HeatmapThread( 1665): !@ CAM New BSOH: 0
03-31 13:33:09.762 E/HYPER-HAL( 1561): [HandlerSysfs.cpp]doResourceHandling(): Couldn't Open Sysfs - /sys/devices/system/cpu/bus_dcvs/DDR/soc:qcom,memlat:ddr:prime-latfloor/max_freq
03-31 13:33:09.762 I/HYPER-HAL( 1561): [RequestManager.cpp]releaseLocked(): Released ID : 54303855
03-31 13:33:09.821 D/SemInputMotionEventDispatcher( 2349): registerMotionEventListener: already registered: com.samsung.android.hardware.secinputdev.taas.ExternalApi$5@da458b9
03-31 13:33:10.035 D/io_stats( 1146): !@   8,0 r 74131559 1490118376 w 31227064 398300468 d 8366692 661339040 f 0 3024317 iot 31320700 0 th 0 0 0 pt 0 inp 0 0 478492.441
03-31 13:33:10.036 D/io_stats( 1146): !@ Read_top(KB): .gms.persistent(23739) 21416 gle.android.gms(9332) 4584 .gms.persistent(8820) 300
03-31 13:33:10.036 D/io_stats( 1146): !@ Write_top(KB): .gms.persistent(23739) 1636 kworker/u16:0(30756) 688 f2fs_ckpt-254:5(1236) 360
03-31 13:33:10.054 D/CustomizedBinderCallsStatsInternal( 2349): reportCpuUsage() : 1%
03-31 13:33:10.055 I/BinderCallsStats( 2349): Collected cpu time : 0us, collected call count : 0 for 24589636 ms
03-31 13:33:10.056 I/vendor.qti.bluetooth@1.0-ibs_handler( 1540): DeviceSleep: TX Awake, Sending SLEEP_IND
03-31 13:33:10.056 D/vendor.qti.bluetooth@1.0-ibs_handler( 1540): SerialClockVote: vote for UART CLK OFF
03-31 13:33:10.057 D/ProcessCpuUsage( 2349): [0] 959, {691=170490, 806=3110, 940=2270, 1056=1760, 1132=580, 1228=9320, 1324=820, 1440=540, 1555=950, 1670=3300, 1804=47240}
03-31 13:33:10.057 D/ProcessCpuUsage( 2349): [4] 873, {633=205280, 768=2370, 883=770, 998=580, 1113=520, 1209=400, 1324=480, 1440=450, 1555=2400, 1651=180, 1766=1260, 1881=310, 1996=750, 2112=330, 2227=330, 2342=1870, 2457=410, 2572=1750, 2649=150, 2745=19800}
03-31 13:33:10.058 D/ProcessCpuUsage( 2349): [7] 1011, {787=215320, 921=120, 1036=110, 1401=110, 1766=1580, 1881=110, 1996=100, 2131=110, 2246=1700, 2476=100, 2592=180, 2707=130, 2822=1640, 2918=130, 2995=180, 3187=18450}
03-31 13:33:10.067 D/BackgroundInstallControlService( 2349): Package event received: 0
03-31 13:33:10.067 D/BackgroundInstallControlService( 2349): Package event received: 0
03-31 13:33:10.067 D/BackgroundInstallControlService( 2349): Package event received: 0
03-31 13:33:10.067 D/BackgroundInstallControlService( 2349): Package event received: 0
03-31 13:33:10.068 D/BackgroundInstallControlService( 2349): Package event received: 0
03-31 13:33:10.068 D/BackgroundInstallControlService( 2349): Package event received: 0
03-31 13:33:10.070 D/BackgroundInstallControlService( 2349): Package event received: 0
03-31 13:33:10.072 D/PerProcessNandswap$NandswapHandler( 2349): nandswap start for non-activity com.google.android.googlequicksearchbox:interactor(pid 8319) action:6 adj:100 type:2
03-31 13:33:10.108 D/PerProcessNandswap$NandswapHandler( 2349): nandswap end for non-activity com.google.android.googlequicksearchbox:interactor(pid 8319) ret:19795005440 adj:100
03-31 13:33:10.113 D/PerProcessNandswap$NandswapHandler( 2349): nandswap start for non-activity com.samsung.android.game.gos(pid 24484) action:14 adj:915 type:1
03-31 13:33:10.206 D/vendor.qti.bluetooth@1.0-wake_lock( 1540): Release wakelock is released 
03-31 13:33:10.218 D/PerProcessNandswap$NandswapHandler( 2349): nandswap end for non-activity com.samsung.android.game.gos(pid 24484) ret:19223269376 adj:915
03-31 13:33:10.222 D/PerProcessNandswap$NandswapHandler( 2349): nandswap start for non-activity com.facebook.katana(pid 17834) action:14 adj:985 type:1
03-31 13:33:10.428 E/HeatmapThread( 1665): ECT Thread time in milliseconds: 1774989190
03-31 13:33:10.428 D/HeatmapThread( 1665): !@ batteryplugType : 0
03-31 13:33:10.429 D/HeatmapThread( 1665): !@ batteryLevel : 0  batteryTemperature : 0 
03-31 13:33:10.429 D/HeatmapThread( 1665): !@ Heatmap currtime: 29583153
03-31 13:33:10.429 D/HeatmapThread( 1665): !@ Heatmap prevtime: 29583153
03-31 13:33:10.429 D/HeatmapThread( 1665): !@ Heatmap plugstarttime: 35791394
03-31 13:33:10.429 D/HeatmapThread( 1665): !@ Heatmap prevv_dsoh_update_time: 29571275
03-31 13:33:10.429 E/HeatmapThread( 1665): !@Could not open '/efs/FactoryApp/bsoh', errno = 13
03-31 13:33:10.429 E/HeatmapThread( 1665): !@ CAM Could not access BSOH EFS
03-31 13:33:10.429 E/HeatmapThread( 1665): !@ CAM New BSOH: 0
03-31 13:33:10.444 D/PerProcessNandswap$NandswapHandler( 2349): nandswap end for non-activity com.facebook.katana(pid 17834) ret:21077164032 adj:985
03-31 13:33:10.745 E/Watchdog( 2349): !@Sync: 15938 heap(MB): 238 / 251 FD: 1478 [2026-03-31 13:33:10.745]
03-31 13:33:10.862 I/ActivityManager( 2349): Changes in 10103 3 to 10, 184 to 0
03-31 13:33:10.871 V/OsAgent ( 5266): broadcastSystemEvent - 7
03-31 13:33:10.885 D/BoundBrokerSvc( 9332): onUnbind: Intent { act=com.google.android.gms.feedback.internal.IFeedbackService dat=chimera-action:/... xflg=0x4 cmp=com.google.android.gms/.chimera.GmsBoundBrokerService }
03-31 13:33:10.894 I/VSyncReactor( 1676): Current= 24, Period= 24, Distance= 0
03-31 13:33:10.898 D/WifiConnectivityMonitor.NetworkStatsAnalyzer( 2349): Backhaul result - RSSI:-43, CE:16, PE:17, TI:32, PTI:33, TW:2, PTW:0, Tx:718, Rx:901, TxS:60, RxS:60, RESULT:true, IC:0, ICT:5, WC:0, WCT:5, R:1, RC:0, IE:0, EC:0
03-31 13:33:10.907 I/Pageboost( 2349): IoRecord pid : 5184
03-31 13:33:10.907 W/System.err( 2349): java.io.FileNotFoundException: /proc/5184/io_record_control: open failed: ENOENT (No such file or directory)
03-31 13:33:10.907 W/System.err( 2349): 	at libcore.io.IoBridge.open(IoBridge.java:574)
03-31 13:33:10.907 W/System.err( 2349): 	at java.io.FileOutputStream.<init>(FileOutputStream.java:259)
03-31 13:33:10.907 W/System.err( 2349): 	at java.io.FileOutputStream.<init>(FileOutputStream.java:208)
03-31 13:33:10.907 W/System.err( 2349): 	at java.io.FileWriter.<init>(FileWriter.java:96)
03-31 13:33:10.907 W/System.err( 2349): 	at com.android.server.am.Pageboost$IoRecord.write(qb/106584216 0dc300d8f72c9fc2b39686cc8488b4fcabb062277cf172d256c4c25ebc4887f8:8)
03-31 13:33:10.907 W/System.err( 2349): 	at com.android.server.am.Pageboost$IoRecord.getResultFromKernel(qb/106584216 0dc300d8f72c9fc2b39686cc8488b4fcabb062277cf172d256c4c25ebc4887f8:52)
03-31 13:33:10.907 W/System.err( 2349): 	at com.android.server.am.Pageboost$PageboostHandler.handleMessage(qb/106584216 0dc300d8f72c9fc2b39686cc8488b4fcabb062277cf172d256c4c25ebc4887f8:262)
03-31 13:33:10.907 W/System.err( 2349): 	at android.os.Handler.dispatchMessage(Handler.java:110)
03-31 13:33:10.907 W/System.err( 2349): 	at android.os.Looper.loopOnce(Looper.java:273)
03-31 13:33:10.907 W/System.err( 2349): 	at android.os.Looper.loop(Looper.java:363)
03-31 13:33:10.907 W/System.err( 2349): 	at android.os.HandlerThread.run(HandlerThread.java:85)
03-31 13:33:10.907 W/System.err( 2349): 	at com.android.server.ServiceThread.run(ServiceThread.java:49)
03-31 13:33:10.908 W/System.err( 2349): Caused by: android.system.ErrnoException: open failed: ENOENT (No such file or directory)
03-31 13:33:10.908 W/System.err( 2349): 	at libcore.io.Linux.open(Native Method)
03-31 13:33:10.908 W/System.err( 2349): 	at libcore.io.ForwardingOs.open(ForwardingOs.java:574)
03-31 13:33:10.908 W/System.err( 2349): 	at libcore.io.BlockGuardOs.open(BlockGuardOs.java:274)
03-31 13:33:10.908 W/System.err( 2349): 	at libcore.io.IoBridge.open(IoBridge.java:560)
03-31 13:33:10.908 W/System.err( 2349): 	... 11 more
03-31 13:33:10.908 E/Pageboost( 2349): StopRecording Failed
03-31 13:33:10.908 E/Pageboost( 2349): captureFinished fail
03-31 13:33:10.912 I/Pageboost( 2349): db update :com.weejobs.app ret 1
03-31 13:33:10.936 I/VSyncReactor( 1676): Current= 24, Period= 24, Distance= 24
03-31 13:33:10.945 I/vendor.qti.bluetooth@1.0-ibs_handler( 1540): ProcessIbsCmd: Received IBS_WAKE_IND: 0xFD
03-31 13:33:10.945 D/vendor.qti.bluetooth@1.0-ibs_handler( 1540): SerialClockVote: vote for UART CLK ON
03-31 13:33:10.945 D/vendor.qti.bluetooth@1.0-wake_lock( 1540): Acquire wakelock is acquired 
03-31 13:33:10.945 I/vendor.qti.bluetooth@1.0-ibs_handler( 1540): ProcessIbsCmd: Writing IBS_WAKE_ACK
03-31 13:33:10.954 I/ScanController( 3826): onScanResult to scannerId: 5- eventType=0x10, addressType=0, address=XX:XX:XX:XX:5A:C5, primaryPhy=1, secondaryPhy=0, advertisingSid=0xff, txPower=127, rssi=-88, periodicAdvInt=0x0
03-31 13:33:10.958 I/[-0700]oneconnect[1.8.41.23_01][CORE](16400): DataConvert.parseBleVd - deviceBle : |name:|deviceType:TV|discoverType:_BLE|services:None|connected:false[TvStatusString]POWER_OFF[TvStatus]-128[TvService]96[TvMirrorChannel]1[TvRegisteredDB][44, 0, 0, 0, 0, 0][TvYear]2016[TvOcfInfo]0[TvAcmStatus]0[ExTvStatus]0[ExtendedStatus]-1[ModuloSn]-1
03-31 13:33:10.993 I/vendor.qti.bluetooth@1.0-ibs_handler( 1540): ProcessIbsCmd: Received IBS_SLEEP_IND: 0xFE
03-31 13:33:10.993 D/vendor.qti.bluetooth@1.0-ibs_handler( 1540): SerialClockVote: vote for UART CLK OFF
03-31 13:33:11.006 I/vendor.qti.bluetooth@1.0-ibs_handler( 1540): ProcessIbsCmd: Received IBS_WAKE_IND: 0xFD
03-31 13:33:11.006 D/vendor.qti.bluetooth@1.0-ibs_handler( 1540): SerialClockVote: vote for UART CLK ON
03-31 13:33:11.006 I/vendor.qti.bluetooth@1.0-ibs_handler( 1540): ProcessIbsCmd: Writing IBS_WAKE_ACK
03-31 13:33:11.011 I/ScanController( 3826): onScanResult to scannerId: 9- eventType=0x1b, addressType=1, address=XX:XX:XX:XX:F5:D2, primaryPhy=1, secondaryPhy=0, advertisingSid=0xff, txPower=127, rssi=-57, periodicAdvInt=0x0
03-31 13:33:11.023 I/sensors-hal( 1553): handle_sns_client_event:552, [0][7060] accel_sample [ 0.096,  3.515,  9.303] 712695984014734
03-31 13:33:11.048 I/vendor.qti.bluetooth@1.0-ibs_handler( 1540): ProcessIbsCmd: Received IBS_SLEEP_IND: 0xFE
03-31 13:33:11.049 D/vendor.qti.bluetooth@1.0-ibs_handler( 1540): SerialClockVote: vote for UART CLK OFF
03-31 13:33:11.175 D/WifiStaIfaceHidlImpl( 2349): getCachedScanData is not implemented by HIDL
03-31 13:33:11.178 D/SemWifiUsabilityStatsMonitor( 2349): onWifiUsabilityStats - seqNum 84536, isSameBssidAndFreq true
03-31 13:33:11.180 I/SemWifiLinkQualityMonitor( 2349): Link stat: 1236 / 216 / 1.70 (51) / 960 / -43.0 || 100.0 : 960.00 / 0.5 : 0.59 / 0.55 : 0.17 / G (G) || 7c234b195805: 0.278 / 28.735 / N || A N / 0 0 / N 2.0 / N X 0 / 478493585 0 || 2026-03-31 13:33:10  / 0: 0 0 0 0 0 0 / 0: 0 0 0 0 0 0 / 0: 0 0 0 0 0 0
03-31 13:33:11.199 D/vendor.qti.bluetooth@1.0-wake_lock( 1540): Release wakelock is released 
03-31 13:33:11.327 I/sensors-hal( 1553): handle_sns_std_sensor_event:335, [SSC_LIGHT] P: 309(309),ch0:38802,ch1:1302,c:47,w:20,l:279,m:1,br:121,c1:106,c2:110,i:1
03-31 13:33:11.428 E/HeatmapThread( 1665): ECT Thread time in milliseconds: 1774989191
03-31 13:33:11.429 D/HeatmapThread( 1665): !@ batteryplugType : 0
03-31 13:33:11.429 D/HeatmapThread( 1665): !@ batteryLevel : 0  batteryTemperature : 0 
03-31 13:33:11.429 D/HeatmapThread( 1665): !@ Heatmap currtime: 29583153
03-31 13:33:11.429 D/HeatmapThread( 1665): !@ Heatmap prevtime: 29583153
03-31 13:33:11.429 D/HeatmapThread( 1665): !@ Heatmap plugstarttime: 35791394
03-31 13:33:11.429 D/HeatmapThread( 1665): !@ Heatmap prevv_dsoh_update_time: 29571275
03-31 13:33:11.429 E/HeatmapThread( 1665): !@Could not open '/efs/FactoryApp/bsoh', errno = 13
03-31 13:33:11.429 E/HeatmapThread( 1665): !@ CAM Could not access BSOH EFS
03-31 13:33:11.430 E/HeatmapThread( 1665): !@ CAM New BSOH: 0
03-31 13:33:12.016 I/ActivityManager( 2349): Changes in 10105 7 to 15, 128 to 0
03-31 13:33:12.037 D/io_stats( 1146): !@   8,0 r 74131565 1490118480 w 31227086 398304584 d 8366692 661339040 f 0 3024318 iot 31320740 0 th 0 0 0 pt 0 inp 0 0 478494.443
03-31 13:33:12.359 I/NearbyMediums(23739): No BLE Fast/GATT advertisements found in the latest cycle.
03-31 13:33:12.360 I/NearbyMediums(23739): Current Tracked Scanning Clients are : {NearbyConnections.EnvironmentMonitor, NearbySharing, NearbyConnections.TxAdvertisement}
03-31 13:33:12.392 I/SDHMS:x (10397): SIOP:: AP:331 BAT:299 USB:287 CHG:327 PA:343 CF:309 BLK:0 SUBBAT:291 SKIN:312 SKINF:311 SKINB:312 LRP:309 APT:311 APR:312 RCV:292 SPK:289 CAPR:309 CRCV:294 CSPK:324 RCV2:294 SPK2:324 UPSPK:299 DNSPK:299 VAP02:319 AMB:274 AVGCUR:-10 AVGSYS:508 POWER:-42
03-31 13:33:12.428 E/HeatmapThread( 1665): ECT Thread time in milliseconds: 1774989192
03-31 13:33:12.429 D/HeatmapThread( 1665): !@ batteryplugType : 0
03-31 13:33:12.429 D/HeatmapThread( 1665): !@ batteryLevel : 0  batteryTemperature : 0 
03-31 13:33:12.429 D/HeatmapThread( 1665): !@ Heatmap currtime: 29583153
03-31 13:33:12.429 D/HeatmapThread( 1665): !@ Heatmap prevtime: 29583153
03-31 13:33:12.429 D/HeatmapThread( 1665): !@ Heatmap plugstarttime: 35791394
03-31 13:33:12.429 D/HeatmapThread( 1665): !@ Heatmap prevv_dsoh_update_time: 29571275
03-31 13:33:12.429 E/HeatmapThread( 1665): !@Could not open '/efs/FactoryApp/bsoh', errno = 13
03-31 13:33:12.429 E/HeatmapThread( 1665): !@ CAM Could not access BSOH EFS
03-31 13:33:12.429 E/HeatmapThread( 1665): !@ CAM New BSOH: 0
03-31 13:33:12.786 I/vendor.qti.bluetooth@1.0-ibs_handler( 1540): ProcessIbsCmd: Received IBS_WAKE_IND: 0xFD
03-31 13:33:12.787 D/vendor.qti.bluetooth@1.0-ibs_handler( 1540): SerialClockVote: vote for UART CLK ON
03-31 13:33:12.788 D/vendor.qti.bluetooth@1.0-wake_lock( 1540): Acquire wakelock is acquired 
03-31 13:33:12.788 I/vendor.qti.bluetooth@1.0-ibs_handler( 1540): ProcessIbsCmd: Writing IBS_WAKE_ACK
03-31 13:33:12.799 I/ScanController( 3826): onScanResult to scannerId: 5- eventType=0x10, addressType=0, address=XX:XX:XX:XX:5A:C5, primaryPhy=1, secondaryPhy=0, advertisingSid=0xff, txPower=127, rssi=-90, periodicAdvInt=0x0
03-31 13:33:12.804 I/[-0700]oneconnect[1.8.41.23_01][CORE](16400): DataConvert.parseBleVd - deviceBle : |name:|deviceType:TV|discoverType:_BLE|services:None|connected:false[TvStatusString]POWER_OFF[TvStatus]-128[TvService]96[TvMirrorChannel]1[TvRegisteredDB][44, 0, 0, 0, 0, 0][TvYear]2016[TvOcfInfo]0[TvAcmStatus]0[ExTvStatus]0[ExtendedStatus]-1[ModuloSn]-1
03-31 13:33:12.836 I/vendor.qti.bluetooth@1.0-ibs_handler( 1540): ProcessIbsCmd: Received IBS_SLEEP_IND: 0xFE
03-31 13:33:12.836 D/vendor.qti.bluetooth@1.0-ibs_handler( 1540): SerialClockVote: vote for UART CLK OFF
03-31 13:33:12.987 D/vendor.qti.bluetooth@1.0-wake_lock( 1540): Release wakelock is released 
03-31 13:33:13.041 I/sensors-hal( 1553): handle_sns_client_event:552, [0][7167] accel_sample [ 0.095,  3.442,  9.346] 712698000951921
03-31 13:33:13.428 E/HeatmapThread( 1665): ECT Thread time in milliseconds: 1774989193
03-31 13:33:13.429 D/HeatmapThread( 1665): !@ batteryplugType : 0
03-31 13:33:13.429 D/HeatmapThread( 1665): !@ batteryLevel : 0  batteryTemperature : 0 
03-31 13:33:13.429 D/HeatmapThread( 1665): !@ Heatmap currtime: 29583153
03-31 13:33:13.429 D/HeatmapThread( 1665): !@ Heatmap prevtime: 29583153
03-31 13:33:13.429 D/HeatmapThread( 1665): !@ Heatmap plugstarttime: 35791394
03-31 13:33:13.429 D/HeatmapThread( 1665): !@ Heatmap prevv_dsoh_update_time: 29571275
03-31 13:33:13.429 E/HeatmapThread( 1665): !@Could not open '/efs/FactoryApp/bsoh', errno = 13
03-31 13:33:13.430 E/HeatmapThread( 1665): !@ CAM Could not access BSOH EFS
03-31 13:33:13.430 E/HeatmapThread( 1665): !@ CAM New BSOH: 0
03-31 13:33:13.512 E/msgr.msys( 3052): E[N dgw]operator()(454)=>TunnelRetriableNetworkLayer_processRequest:timer closing connection after timeout
03-31 13:33:13.535 E/msgr.msys( 3052): E[N 1283]errorHandlerDispatched(183)=>262/1283/3347/-1
03-31 13:33:13.537 E/msgr.msys( 3052): E[N dgw]operator()(129)=>TunnelRetriableNetworkLayer_removeRequest pendingRequest not found
03-31 13:33:13.927 E/msgr.msys( 3052): E[N mns:DGWClient]_OnDiskCacheGetData(1079)=>Start post callback cache refresh DNS resolution
03-31 13:33:13.934 D/NetdEventListenerService( 2349): DNS Requested by 170, 10576(com.facebook.orca), 4(FAIL), isBlocked=true, 0ms
03-31 13:33:13.944 E/msgr.msys( 3052): E[N mns:DGWClient]_LogError(263)=>Failed to resolve using system DNS resolver, getaddrinfo(): No address associated with hostname
03-31 13:33:13.944 E/msgr.msys( 3052): E[N mns:DGWClient]_OnDiskCacheGetData(1079)=>Start post callback cache refresh DNS resolution
03-31 13:33:13.949 E/msgr.msys( 3052): E[N mns:DGWClient]_LogError(263)=>Failed to resolve using system DNS resolver, getaddrinfo(): No address associated with hostname
03-31 13:33:13.950 D/NetdEventListenerService( 2349): DNS Requested by 170, 10576(com.facebook.orca), 4(FAIL), isBlocked=true, 0ms
03-31 13:33:13.952 E/msgr.msys( 3052): E[N mns:DGWClient]_OnDiskCacheGetData(1079)=>Start post callback cache refresh DNS resolution
03-31 13:33:13.952 E/msgr.msys( 3052): E[N mns:DGWClient]_OnDiskCacheGetData(1079)=>Start post callback cache refresh DNS resolution
03-31 13:33:13.955 D/NetdEventListenerService( 2349): DNS Requested by 170, 10576(com.facebook.orca), 4(FAIL), isBlocked=true, 0ms
03-31 13:33:13.957 D/NetdEventListenerService( 2349): DNS Requested by 170, 10576(com.facebook.orca), 4(FAIL), isBlocked=true, 0ms
03-31 13:33:13.960 E/msgr.msys( 3052): E[N mns:DGWClient]_LogError(263)=>Failed to resolve using system DNS resolver, getaddrinfo(): No address associated with hostname
03-31 13:33:13.960 E/msgr.msys( 3052): E[N mns:DGWClient]_LogError(263)=>Failed to resolve using system DNS resolver, getaddrinfo(): No address associated with hostname
03-31 13:33:14.037 D/io_stats( 1146): !@   8,0 r 74131565 1490118480 w 31227260 398305276 d 8366778 661339732 f 0 3024325 iot 31320764 0 th 0 0 0 pt 0 inp 0 0 478496.444
03-31 13:33:14.038 D/io_stats( 1146): !@ Read_top(KB): system_server(2349) 104
03-31 13:33:14.038 D/io_stats( 1146): !@ Write_top(KB): loop49(4822) 4096 f2fs_ckpt-254:5(1236) 176 init(1) 32
03-31 13:33:14.045 I/sensors-hal( 1553): handle_sns_std_sensor_event:335, [SSC_LIGHT] P: 302(302),ch0:38454,ch1:1302,c:47,w:20,l:279,m:1,br:121,c1:106,c2:110,i:1
03-31 13:33:14.198 D/WifiStaIfaceHidlImpl( 2349): getCachedScanData is not implemented by HIDL
03-31 13:33:14.202 D/SemWifiUsabilityStatsMonitor( 2349): onWifiUsabilityStats - seqNum 84537, isSameBssidAndFreq true
03-31 13:33:14.205 I/SemWifiLinkQualityMonitor( 2349): Link stat: 1184 / 116 / 1.38 (58) / 960 / -43.0 || 100.0 : 960.00 / 0.5 : 0.72 / 0.55 : 0.10 / G (G) || 7c234b195805: 0.088 / 90.751 / N || A N / 0 0 / N 2.0 / N X 0 / 478496610 0 || 2026-03-31 13:33:13  / 0: 0 0 0 0 0 0 / 0: 0 0 0 0 0 0 / 0: 0 0 0 0 0 0
03-31 13:33:14.292 D/SatelliteController( 3287): isInCarrierRoamingNbIotNtn: satellite is disabled
03-31 13:33:14.429 E/HeatmapThread( 1665): ECT Thread time in milliseconds: 1774989194
03-31 13:33:14.429 D/HeatmapThread( 1665): !@ batteryplugType : 0
03-31 13:33:14.429 D/HeatmapThread( 1665): !@ batteryLevel : 0  batteryTemperature : 0 
03-31 13:33:14.430 D/HeatmapThread( 1665): !@ Heatmap currtime: 29583153
03-31 13:33:14.430 D/HeatmapThread( 1665): !@ Heatmap prevtime: 29583153
03-31 13:33:14.430 D/HeatmapThread( 1665): !@ Heatmap plugstarttime: 35791394
03-31 13:33:14.430 D/HeatmapThread( 1665): !@ Heatmap prevv_dsoh_update_time: 29571275
03-31 13:33:14.430 E/HeatmapThread( 1665): !@Could not open '/efs/FactoryApp/bsoh', errno = 13
03-31 13:33:14.430 E/HeatmapThread( 1665): !@ CAM Could not access BSOH EFS
03-31 13:33:14.430 E/HeatmapThread( 1665): !@ CAM New BSOH: 0
03-31 13:33:14.538 D/BatteryExternalStatsWorker( 2349): update stats : update-network-download (6)
03-31 13:33:14.539 D/BatteryExternalStatsWorker( 2349): Fetch WiFi data
03-31 13:33:14.539 D/BatteryExternalStatsWorker( 2349): Update Rail Energy data
03-31 13:33:14.553 D/WifiStaIfaceHidlImpl( 2349): getCachedScanData is not implemented by HIDL
03-31 13:33:14.554 D/BatteryExternalStatsWorker( 2349): mStats lock released
03-31 13:33:14.568 D/BatteryExternalStatsWorker( 2349): Update wifi state
03-31 13:33:14.568 D/BatteryExternalStatsWorker( 2349): done updateExternalStatsLocked
03-31 13:33:14.665 I/vendor.qti.bluetooth@1.0-ibs_handler( 1540): ProcessIbsCmd: Received IBS_WAKE_IND: 0xFD
03-31 13:33:14.666 D/vendor.qti.bluetooth@1.0-ibs_handler( 1540): SerialClockVote: vote for UART CLK ON
03-31 13:33:14.666 D/vendor.qti.bluetooth@1.0-wake_lock( 1540): Acquire wakelock is acquired 
03-31 13:33:14.667 I/vendor.qti.bluetooth@1.0-ibs_handler( 1540): ProcessIbsCmd: Writing IBS_WAKE_ACK
03-31 13:33:14.679 I/ScanController( 3826): onScanResult to scannerId: 5- eventType=0x10, addressType=0, address=XX:XX:XX:XX:5A:C5, primaryPhy=1, secondaryPhy=0, advertisingSid=0xff, txPower=127, rssi=-93, periodicAdvInt=0x0
03-31 13:33:14.682 I/ScanController( 3826): onScanResult to scannerId: 9- eventType=0x1b, addressType=1, address=XX:XX:XX:XX:F5:D2, primaryPhy=1, secondaryPhy=0, advertisingSid=0xff, txPower=127, rssi=-63, periodicAdvInt=0x0
03-31 13:33:14.684 I/[-0700]oneconnect[1.8.41.23_01][CORE](16400): DataConvert.parseBleVd - deviceBle : |name:|deviceType:TV|discoverType:_BLE|services:None|connected:false[TvStatusString]POWER_OFF[TvStatus]-128[TvService]96[TvMirrorChannel]1[TvRegisteredDB][44, 0, 0, 0, 0, 0][TvYear]2016[TvOcfInfo]0[TvAcmStatus]0[ExTvStatus]0[ExtendedStatus]-1[ModuloSn]-1
03-31 13:33:14.716 I/vendor.qti.bluetooth@1.0-ibs_handler( 1540): ProcessIbsCmd: Received IBS_SLEEP_IND: 0xFE
03-31 13:33:14.716 D/vendor.qti.bluetooth@1.0-ibs_handler( 1540): SerialClockVote: vote for UART CLK OFF
03-31 13:33:14.735 I/ActivityManager( 2349): Changes in 10130 5 to 15, 144 to 0
03-31 13:33:14.769 I/NSLocationMonitor( 2349): getGPSUsingApps() called
03-31 13:33:14.770 I/NSLocationManager_FLP( 4702): getGPSUsingApps, No change
03-31 13:33:14.778 D/MARs:ActiveTrafficFilter( 2349): filter : host.exp.exponent(0)
03-31 13:33:14.778 D/FreecessHandler( 2349): freeze host.exp.exponent(10507) result : 8
03-31 13:33:14.778 I/NSLocationMonitor( 2349): getGPSUsingApps() called
03-31 13:33:14.778 I/NSLocationManager_FLP( 4702): getGPSUsingApps, No change
03-31 13:33:14.783 D/MARs:ActiveTrafficFilter( 2349): filter : com.hualai(0)
03-31 13:33:14.783 D/FreecessHandler( 2349): freeze com.hualai(10626) result : 8
03-31 13:33:14.783 I/NSLocationMonitor( 2349): getGPSUsingApps() called
03-31 13:33:14.783 I/NSLocationManager_FLP( 4702): getGPSUsingApps, No change
03-31 13:33:14.786 D/MARs:ActiveTrafficFilter( 2349): filter : org.chromium.webapk.af51b3fe40dfd90bb_v2(0)
03-31 13:33:14.786 D/FreecessHandler( 2349): freeze org.chromium.webapk.af51b3fe40dfd90bb_v2(10701) result : 8
03-31 13:33:14.866 D/vendor.qti.bluetooth@1.0-wake_lock( 1540): Release wakelock is released 
03-31 13:33:15.058 I/sensors-hal( 1553): handle_sns_client_event:552, [0][7274] accel_sample [ 0.104,  3.495,  9.340] 712700017889421
03-31 13:33:15.428 E/HeatmapThread( 1665): ECT Thread time in milliseconds: 1774989195
03-31 13:33:15.429 D/HeatmapThread( 1665): !@ batteryplugType : 0
03-31 13:33:15.429 D/HeatmapThread( 1665): !@ batteryLevel : 0  batteryTemperature : 0 
03-31 13:33:15.429 D/HeatmapThread( 1665): !@ Heatmap currtime: 29583153
03-31 13:33:15.429 D/HeatmapThread( 1665): !@ Heatmap prevtime: 29583153
03-31 13:33:15.429 D/HeatmapThread( 1665): !@ Heatmap plugstarttime: 35791394
03-31 13:33:15.429 D/HeatmapThread( 1665): !@ Heatmap prevv_dsoh_update_time: 29571275
03-31 13:33:15.429 E/HeatmapThread( 1665): !@Could not open '/efs/FactoryApp/bsoh', errno = 13
03-31 13:33:15.429 E/HeatmapThread( 1665): !@ CAM Could not access BSOH EFS
03-31 13:33:15.430 E/HeatmapThread( 1665): !@ CAM New BSOH: 0
