03-31 13:16:56.269  1676  1885 I VSyncReactor: Current= 24, Period= 24, Distance= 120
03-31 13:16:56.270  1632  1632 I sysinput:Touch: writeInformation:249, OK
03-31 13:16:56.270  2349  2994 D SysinputHAL_V1_3(V1_2): runTspCmdNoRead(TSP_SUB(2)): set_grip_data,1,33,3,3,0,3,2316 ret=0
03-31 13:16:56.278   565   565 I lmkd    : 1(delay), 0(swap), 0(freelimit), 0(reentrymode) memory pressure events were skipped after a kill!
03-31 13:16:56.306  1676  1885 I VSyncReactor: Current= 24, Period= 24, Distance= 27
03-31 13:16:56.329  1609  1820 I QC2CompStore: Setting heap usage to system
03-31 13:16:56.347  1676  1885 I VSyncReactor: Current= 24, Period= 24, Distance= 24
03-31 13:16:56.382  2349  3163 I SemWifiServiceDetector: NSD results: [0, 1, 1, 0, 1, 0, 2, -1, 1] Traff. type 1 Thr 711
03-31 13:16:56.428  1665  1688 E HeatmapThread: ECT Thread time in milliseconds: 1774988216
03-31 13:16:56.429  1665  1688 D HeatmapThread: !@ batteryplugType : 0
03-31 13:16:56.429  1665  1688 D HeatmapThread: !@ batteryLevel : 0  batteryTemperature : 0 
03-31 13:16:56.429  1665  1688 D HeatmapThread: !@ Heatmap currtime: 29583136
03-31 13:16:56.429  1665  1688 D HeatmapThread: !@ Heatmap prevtime: 29583123
03-31 13:16:56.429  1665  1688 D HeatmapThread: !@ Heatmap plugstarttime: 35791394
03-31 13:16:56.429  1665  1688 D HeatmapThread: !@ Heatmap prevv_dsoh_update_time: 29571275
03-31 13:16:56.429  1665  1688 E HeatmapThread: !@Could not open '/efs/FactoryApp/bsoh', errno = 13
03-31 13:16:56.429  1665  1688 E HeatmapThread: !@ CAM Could not access BSOH EFS
03-31 13:16:56.429  1665  1688 E HeatmapThread: !@ CAM New BSOH: 0
03-31 13:16:56.480   565   565 I lmkd    : 1(delay), 0(swap), 0(freelimit), 0(reentrymode) memory pressure events were skipped after a kill!
03-31 13:16:56.499  1561 29338 I HYPER-HAL: [RequestManager.cpp]releaseLocked(): Released ID : 2800178
03-31 13:16:56.583   565   565 I lmkd    : cached 4, sandbox(not0) 0
03-31 13:16:56.584   565   565 I lmkd    : Reclaim 'com.google.android.gms' (24544), uid 15110238, oom_score_adj 975, state 19 to free 156572kB rss, 46624kB swap; reason: low watermark is breached or filecache is low (3216296kB).
03-31 13:16:56.589   565   621 E lowmemorykiller: process_mrelease 24544 failed: No such process
03-31 13:16:56.614  1599  1645 E ANDR-PERF-UTIL: Failed to update node /proc/sys/walt/sched_per_task_boost with value 29214 0
03-31 13:16:56.614  1599  1645 E ANDR-PERF-OPTSHANDLER: can't reset task 29214
03-31 13:16:56.614  1599  1645 E ANDR-PERF-RESOURCEQS: Failed to reset optimization [3, 32]
03-31 13:16:56.630  2349  3061 D ConnectivityService:  Removing from current network [170 WIFI], leaving 278 requests.
03-31 13:16:56.630  2349  3061 D ConnectivityService:  Removing from current network [170 WIFI], leaving 276 requests.
03-31 13:16:56.630  1479  1479 I Zygote  : Process 24544 exited due to signal 9 (Killed)
03-31 13:16:56.631  2349  5247 I ActivityManager: Process com.google.android.gms (pid 24544) has died: cch+75 CEM (1155,3324)
03-31 13:16:56.633  2349  2484 I libprocessgroup: Removed cgroup /sys/fs/cgroup/apps/uid_15110238/pid_24544
03-31 13:16:56.636  2349  2481 W ActivityManager: Rescheduling restart of crashed service com.skms.android.agent/.SKMSAgentService in 8969ms for mem-pressure-event
03-31 13:16:56.691   565   565 I lmkd    : 6(delay), 0(swap), 0(freelimit), 0(reentrymode) memory pressure events were skipped after a kill!
03-31 13:16:56.733  1553 17408 I sensors-hal: handle_sns_client_event:552, [0][98833] accel_sample [ 0.071,  3.466,  9.339] 711721688349602
03-31 13:16:56.891  1676  1885 I VSyncReactor: Current= 24, Period= 24, Distance= 2
03-31 13:16:56.892   565   565 I lmkd    : 1(delay), 0(swap), 0(freelimit), 0(reentrymode) memory pressure events were skipped after a kill!
03-31 13:16:56.915  2349  3061 D InetDiagMessage: Destroyed 0 sockets, proto=IPPROTO_TCP, family=AF_INET, states=14
03-31 13:16:56.916  2349  3061 D InetDiagMessage: Destroyed 0 sockets, proto=IPPROTO_TCP, family=AF_INET6, states=14
03-31 13:16:56.917  2349  3061 D InetDiagMessage: Destroyed live tcp sockets for uids={10103} in 3ms
03-31 13:16:56.918  2349  3061 D InetDiagMessage: Destroyed 0 sockets, proto=IPPROTO_TCP, family=AF_INET, states=14
03-31 13:16:56.919  2349  3061 D InetDiagMessage: Destroyed 0 sockets, proto=IPPROTO_TCP, family=AF_INET6, states=14
03-31 13:16:56.919  2349  3061 D InetDiagMessage: Destroyed live tcp sockets for uids={20103} in 2ms
03-31 13:16:56.932  1676  1885 I VSyncReactor: Current= 24, Period= 24, Distance= 24
03-31 13:16:57.075  1561 29336 I HYPER-HAL: [RequestManager.cpp]releaseLocked(): Released ID : 54345553
03-31 13:16:57.198  1561 29339 E HYPER-HAL: [HandlerSysfs.cpp]doResourceHandling(): Couldn't Open Sysfs - /sys/devices/system/cpu/bus_dcvs/DDR/soc:qcom,memlat:ddr:prime-latfloor/max_freq
03-31 13:16:57.198  1561 29339 I HYPER-HAL: [RequestManager.cpp]releaseLocked(): Released ID : 54293433
03-31 13:16:57.198   565   565 I lmkd    : 1(delay), 0(swap), 0(freelimit), 0(reentrymode) memory pressure events were skipped after a kill!
03-31 13:16:57.343  1146  1146 D io_stats: !@   8,0 r 73991806 1488472060 w 31191895 397129256 d 8356411 659368048 f 0 3021305 iot 31274620 0 th 0 0 0 pt 0 inp 0 0 477519.750
03-31 13:16:57.344  1146  1146 D io_stats: !@ Read_top(KB): com.samsung.cmh(29218) 15732 providers.media(19742) 11108 loop49(4822) 3584
03-31 13:16:57.344  1146  1146 D io_stats: !@ Write_top(KB): kworker/u16:5(24531) 2144 f2fs_ckpt-254:5(1236) 132 id.diagmonagent(10363) 64
03-31 13:16:57.391  2349  3163 I SemWifiServiceDetector: NSD results: [0, 0, 1, 0, 1, 0, 2, -1, 0] Traff. type 1 Thr 0
03-31 13:16:57.428  1665  1688 E HeatmapThread: ECT Thread time in milliseconds: 1774988217
03-31 13:16:57.429  1665  1688 D HeatmapThread: !@ batteryplugType : 0
03-31 13:16:57.429  1665  1688 D HeatmapThread: !@ batteryLevel : 0  batteryTemperature : 0 
03-31 13:16:57.429  1665  1688 D HeatmapThread: !@ Heatmap currtime: 29583136
03-31 13:16:57.429  1665  1688 D HeatmapThread: !@ Heatmap prevtime: 29583123
03-31 13:16:57.429  1665  1688 D HeatmapThread: !@ Heatmap plugstarttime: 35791394
03-31 13:16:57.429  1665  1688 D HeatmapThread: !@ Heatmap prevv_dsoh_update_time: 29571275
03-31 13:16:57.430  1665  1688 E HeatmapThread: !@Could not open '/efs/FactoryApp/bsoh', errno = 13
03-31 13:16:57.430  1665  1688 E HeatmapThread: !@ CAM Could not access BSOH EFS
03-31 13:16:57.430  1665  1688 E HeatmapThread: !@ CAM New BSOH: 0
03-31 13:16:57.502   565   565 I lmkd    : 1(delay), 0(swap), 0(freelimit), 0(reentrymode) memory pressure events were skipped after a kill!
03-31 13:16:57.536  2349  4717 I NSLocationMonitor: getGPSUsingApps() called
03-31 13:16:57.536  4702  9580 I NSLocationManager_FLP: getGPSUsingApps, No change
03-31 13:16:57.546  2349  4717 D MARs:ActiveTrafficFilter: filter : host.exp.exponent(0)
03-31 13:16:57.546  2349  4717 D FreecessHandler: freeze host.exp.exponent(10507) result : 8
03-31 13:16:57.546  2349  4717 I NSLocationMonitor: getGPSUsingApps() called
03-31 13:16:57.546  4702  9580 I NSLocationManager_FLP: getGPSUsingApps, No change
03-31 13:16:57.550  2349  4717 D MARs:ActiveTrafficFilter: filter : org.chromium.webapk.af51b3fe40dfd90bb_v2(0)
03-31 13:16:57.551  2349  4717 D FreecessHandler: freeze org.chromium.webapk.af51b3fe40dfd90bb_v2(10701) result : 8
03-31 13:16:57.830  2349  3044 D WifiStaIfaceHidlImpl: getCachedScanData is not implemented by HIDL
03-31 13:16:57.836  2349  5409 D SemWifiUsabilityStatsMonitor: onWifiUsabilityStats - seqNum 84214, isSameBssidAndFreq true
03-31 13:16:57.838  2349  3165 I SemWifiLinkQualityMonitor: Link stat: 1488 / 177 / 1.09 (174) / 864 / -45.0 || 100.0 : 864.00 / 0.5 : 0.91 / 0.55 : 0.12 / G (G) || 7c234b195805: 0.091 / 87.931 / N || A V / 0 0 / N 2.0 / N X 0 / 477520244 0 || 2026-03-31 13:16:57  / 0: 0 0 0 0 0 0 / 0: 0 0 0 0 0 0 / 0: 0 0 0 0 0 0
03-31 13:16:57.895  2349  3163 I SemWifiServiceDetector: NSD results: [0, 1, 2, 0, 0, 0, 2, -1, 0] Traff. type 1 Thr 43
03-31 13:16:57.897  2349  3170 D SemWifiOptimizer: enable=0 state=0x10 prev=0x10 new=0x00 force=0 mode=0
03-31 13:16:57.900 16666 16666 I wpa_sslib: error_handler received : -22 - Unknown error -22
03-31 13:16:57.900 16666 16666 E wpa_sslib: Failed to send nl message with err -22
03-31 13:16:57.900  2349  3170 E SemSupplicantStaIfaceHalHidlImpl: ISehSupplicantStaIface.setExtendedCommand failed: {.code = FAILURE_UNKNOWN, .debugMessage = -22}
03-31 13:16:57.907  3826  4592 I bt_shim_scanner: system/main/shim/le_scanning_manager.cc:151 Scan: in shim layer stopped
03-31 13:16:57.907  3826  4316 W bluetooth: system/gd/hci/le_scanning_manager.cc:716 scan: address_manager_registered_
03-31 13:16:57.908  3826  4316 W bluetooth: system/gd/hci/le_scanning_manager.cc:768 stop_scan: stop_scan
03-31 13:16:57.908  3826  4316 I bluetooth: system/gd/hci/le_address_manager.cc:278 unregister_client: Client unregistered
03-31 13:16:57.908  3826  4592 I bt_shim_scanner: system/main/shim/le_scanning_manager.cc:335 SetScanParameters: in shim layer, scannerId1m=1, scannerIdCoded=0
03-31 13:16:57.908  3826  4592 W bt_shim_scanner: system/main/shim/le_scanning_manager.cc:365 SetScanParameters: Set scan params scan_int_1m : 1860.625, scan_win_1m : 202.5, Duty : 10.88% | scan_int_coded : 0, scan_win_coded : 0, Duty : nan%
03-31 13:16:57.908  3826  4592 I bt_shim_scanner: system/main/shim/le_scanning_manager.cc:151 Scan: in shim layer started
03-31 13:16:57.909  1540  1540 D vendor.qti.bluetooth@1.0-ibs_handler: SerialClockVote: vote for UART CLK ON
03-31 13:16:57.909  1540  1540 D vendor.qti.bluetooth@1.0-wake_lock: Acquire wakelock is acquired 
03-31 13:16:57.909  1540  1540 I vendor.qti.bluetooth@1.0-ibs_handler: DeviceWakeUp: Writing IBS_WAKE_IND
03-31 13:16:57.915  1540  4540 I vendor.qti.bluetooth@1.0-ibs_handler: ProcessIbsCmd: Received IBS_WAKE_ACK: 0xFC
03-31 13:16:57.915  1540  4540 I vendor.qti.bluetooth@1.0-ibs_handler: ProcessIbsCmd: Signal wack_cond_
03-31 13:16:57.915  1540  1540 D vendor.qti.bluetooth@1.0-ibs_handler: DeviceWakeUp: Unblocked from waiting for FC, pthread_cond_timedwait ret = 0
03-31 13:16:57.916  1540  4540 I vendor.qti.bluetooth@1.0-ibs_handler: ProcessIbsCmd: Received IBS_WAKE_IND: 0xFD
03-31 13:16:57.916  1540  4540 I vendor.qti.bluetooth@1.0-ibs_handler: ProcessIbsCmd: Writing IBS_WAKE_ACK
03-31 13:16:57.917  3826  4316 I bluetooth: system/gd/hci/le_scanning_manager.cc:765 stop_scan: Scanning already stopped, return!
03-31 13:16:57.917  3826  4561 E ScanController: app.mCallback Null scannerId = 1
03-31 13:16:57.917  3826  4316 W bluetooth: system/gd/hci/le_scanning_manager.cc:732 start_scan: start_scan
03-31 13:16:57.917  3826  4316 W bluetooth: system/gd/hci/le_scanning_manager.cc:735 start_scan: Register address manager
03-31 13:16:57.917  3826  4561 E ScanController: Scan app or callback is null for scannerId = 1
03-31 13:16:57.917  3826  4316 I bluetooth: system/gd/hci/le_address_manager.cc:263 register_client: Client registered
03-31 13:16:57.972  1540  4540 I vendor.qti.bluetooth@1.0-ibs_handler: ProcessIbsCmd: Received IBS_SLEEP_IND: 0xFE
03-31 13:16:57.995  2349 10432 E TaskPersister: File error accessing recents directory (directory doesn't exist?).
03-31 13:16:57.996  2349 10432 E TaskPersister: File error accessing recents directory (directory doesn't exist?).
03-31 13:16:57.996  2349 10432 E TaskPersister: File error accessing recents directory (directory doesn't exist?).
03-31 13:16:58.058  1540  4540 I vendor.qti.bluetooth@1.0-ibs_handler: ProcessIbsCmd: Received IBS_WAKE_IND: 0xFD
03-31 13:16:58.058  1540  4540 I vendor.qti.bluetooth@1.0-ibs_handler: ProcessIbsCmd: Writing IBS_WAKE_ACK
03-31 13:16:58.064  3826  4561 I ScanController: onScanResult to scannerId: 5- eventType=0x10, addressType=0, address=XX:XX:XX:XX:5A:C5, primaryPhy=1, secondaryPhy=0, advertisingSid=0xff, txPower=127, rssi=-89, periodicAdvInt=0x0
03-31 13:16:58.070 16400 17189 I [-0700]oneconnect[1.8.41.23_01][CORE]: DataConvert.parseBleVd - deviceBle : |name:|deviceType:TV|discoverType:_BLE|services:None|connected:false[TvStatusString]POWER_OFF[TvStatus]-128[TvService]96[TvMirrorChannel]1[TvRegisteredDB][44, 0, 0, 0, 0, 0][TvYear]2016[TvOcfInfo]0[TvAcmStatus]0[ExTvStatus]0[ExtendedStatus]-1[ModuloSn]-1
03-31 13:16:58.104  1540  4540 I vendor.qti.bluetooth@1.0-ibs_handler: ProcessIbsCmd: Received IBS_SLEEP_IND: 0xFE
03-31 13:16:58.248 29218 29307 I Controller: [#CMH#] startRebuilder In 
03-31 13:16:58.248 29218 29307 I ControllerEventHandler: [#CMH#] onSystemRebooted 
03-31 13:16:58.250 29218 29307 I ValidateContentValues: [#CMH#] Initialized true : mIsInitialized=true 
03-31 13:16:58.256  1561 29217 I HYPER-HAL: [RequestManager.cpp]releaseLocked(): Released ID : 3582826
03-31 13:16:58.330  2349  3073 W DeviceStorageMonitorService: updateBroadcasts(/data) oldLevel:0, newLevel:0, seq:1
03-31 13:16:58.331  2349  3073 D DeviceStorageMonitorService: Available File Node Number is [10858810]
03-31 13:16:58.331  2349  3073 W DeviceStorageMonitorService: updateBroadcasts_filenode(/data) fn_oldLevel:0, fn_newLevel:0, seq:1
03-31 13:16:58.387 29218 29307 I ValidateContentValues: [#CMH#] mpColumnList : size: 115
03-31 13:16:58.387 29218 29307 I ValidateContentValues: [#CMH#] cmhColumnList : size: 129
03-31 13:16:58.388 29218 29307 I ValidateContentValues: [#CMH#] prepareAdditionalColumnList:mIsListPrepared size=41 
03-31 13:16:58.429  1665  1688 E HeatmapThread: ECT Thread time in milliseconds: 1774988218
03-31 13:16:58.429  1665  1688 D HeatmapThread: !@ batteryplugType : 0
03-31 13:16:58.429  1665  1688 D HeatmapThread: !@ batteryLevel : 0  batteryTemperature : 0 
03-31 13:16:58.429  1665  1688 D HeatmapThread: !@ Heatmap currtime: 29583136
03-31 13:16:58.430  1665  1688 D HeatmapThread: !@ Heatmap prevtime: 29583123
03-31 13:16:58.430  1665  1688 D HeatmapThread: !@ Heatmap plugstarttime: 35791394
03-31 13:16:58.430  1665  1688 D HeatmapThread: !@ Heatmap prevv_dsoh_update_time: 29571275
03-31 13:16:58.430  1665  1688 E HeatmapThread: !@Could not open '/efs/FactoryApp/bsoh', errno = 13
03-31 13:16:58.430  1665  1688 E HeatmapThread: !@ CAM Could not access BSOH EFS
03-31 13:16:58.430  1665  1688 E HeatmapThread: !@ CAM New BSOH: 0
03-31 13:16:58.491  1561 29212 E HYPER-HAL: [HandlerSysfs.cpp]doResourceHandling(): Couldn't Open Sysfs - /sys/devices/system/cpu/bus_dcvs/DDR/soc:qcom,memlat:ddr:prime-latfloor/max_freq
03-31 13:16:58.492  1561 29212 I HYPER-HAL: [RequestManager.cpp]releaseLocked(): Released ID : 54303855
03-31 13:16:58.572  2349  2522 D PowerManagerService: UserActivityStateListenerState: 0
03-31 13:16:58.750  1553 17408 I sensors-hal: handle_sns_client_event:552, [0][98940] accel_sample [ 0.114,  3.428,  9.330] 711723705264497
03-31 13:16:58.792  2349  5247 D SGM:GameManager: identifyForegroundApp. com.sec.android.app.launcher, mCurrentUserId: 0, callerUserId: 0
03-31 13:16:58.792 29218 29286 I PolicyManager: [#CMH#] Is foreground game app: false
03-31 13:16:58.843 29218 29286 I ControllerEventHandler: [#CMH#]  Check for starting Standalone FaceService for just shot ! 
03-31 13:16:58.843 29218 29286 I ControllerEventHandler: [#CMH#] requestToRegisterInstantWorker: mIsPolicyIgnore :  false
03-31 13:16:58.843 29218 29286 I ControllerUtils: [#CMH#] getFaceServiceUnProcessedMediaCount :E .. 
03-31 13:16:58.868 29218 29286 I ControllerEventHandler: [#CMH#] pendingCount<=0, ignore processing ,with isPolicyIgnore : false
03-31 13:16:58.930  1540  4543 I vendor.qti.bluetooth@1.0-ibs_handler: DeviceSleep: TX Awake, Sending SLEEP_IND
03-31 13:16:58.931  1540  4543 D vendor.qti.bluetooth@1.0-ibs_handler: SerialClockVote: vote for UART CLK OFF
03-31 13:16:59.082  1540  4321 D vendor.qti.bluetooth@1.0-wake_lock: Release wakelock is released 
03-31 13:16:59.127  1553 29096 I sensors-hal: handle_sns_std_sensor_event:335, [SSC_LIGHT] P: 390(390),ch0:49739,ch1:1649,c:47,w:20,l:362,m:1,br:121,c1:106,c2:110,i:1
03-31 13:16:59.345  1146  1146 D io_stats: !@   8,0 r 73991827 1488472152 w 31191898 397129264 d 8356411 659368048 f 0 3021306 iot 31274664 0 th 0 0 0 pt 0 inp 0 0 477521.751
03-31 13:16:59.429  1665  1688 E HeatmapThread: ECT Thread time in milliseconds: 1774988219
03-31 13:16:59.430  1665  1688 D HeatmapThread: !@ batteryplugType : 0
03-31 13:16:59.430  1665  1688 D HeatmapThread: !@ batteryLevel : 0  batteryTemperature : 0 
03-31 13:16:59.430  1665  1688 D HeatmapThread: !@ Heatmap currtime: 29583136
03-31 13:16:59.430  1665  1688 D HeatmapThread: !@ Heatmap prevtime: 29583123
03-31 13:16:59.430  1665  1688 D HeatmapThread: !@ Heatmap plugstarttime: 35791394
03-31 13:16:59.430  1665  1688 D HeatmapThread: !@ Heatmap prevv_dsoh_update_time: 29571275
03-31 13:16:59.430  1665  1688 E HeatmapThread: !@Could not open '/efs/FactoryApp/bsoh', errno = 13
03-31 13:16:59.430  1665  1688 E HeatmapThread: !@ CAM Could not access BSOH EFS
03-31 13:16:59.430  1665  1688 E HeatmapThread: !@ CAM New BSOH: 0
03-31 13:16:59.853  2349  2995 D SemInputMotionEventDispatcher: registerMotionEventListener: already registered: com.samsung.android.hardware.secinputdev.taas.ExternalApi$5@da458b9
03-31 13:17:00.008  3951  4303 I DateTimeView: updateAll - getTimeFormat
03-31 13:17:00.010  3951  4303 D QSClockBellTower: onReceive(android.intent.action.TIME_TICK) mTimeZoneString:America/Vancouver
03-31 13:17:00.010  3951  3951 D ClockFaceEvents: onTimeTick. callers : com.android.keyguard.ClockEventController$keyguardUpdateMonitorCallback$1.refreshTime:19
03-31 13:17:00.010  3951  3951 D ClockFaceEvents: com.android.keyguard.ClockEventController$keyguardUpdateMonitorCallback$1.onTimeChanged:1
03-31 13:17:00.010  3951  3951 D ClockFaceEvents: com.android.keyguard.KeyguardUpdateMonitor$16.handleMessage:732
03-31 13:17:00.011  3951  3951 D ClockFaceEvents: onTimeTick. callers : com.android.keyguard.ClockEventController$keyguardUpdateMonitorCallback$1.refreshTime:38
03-31 13:17:00.011  3951  3951 D ClockFaceEvents: com.android.keyguard.ClockEventController$keyguardUpdateMonitorCallback$1.onTimeChanged:1
03-31 13:17:00.011  3951  3951 D ClockFaceEvents: com.android.keyguard.KeyguardUpdateMonitor$16.handleMessage:732
03-31 13:17:00.011  3951  3951 D FaceWidgetPagesController: onTimeChanged()
03-31 13:17:00.013  3951  3951 D QSClockBellTower: He is ready to ring the bell. (((QSClockBellSound - TimeText:13:17, TimeContentDescription:13:17, DateText:Tue, March 31, ShortDateText:Tue, Mar 31, Demo:false)))
03-31 13:17:00.015  3951  3951 D QSClock : StatusBar clock=13:17 notifyTimeChanged(QSClockBellSound - TimeText:13:17, TimeContentDescription:13:17, DateText:Tue, March 31, ShortDateText:Tue, Mar 31, Demo:false) clockVisibleByPolicy=true, clockVisibleByUser=true, visible=true, parent=android.widget.LinearLayout{7aceb2c V.E...... ......ID 0,0-82,68 #7f0a069b app:id/left_clock_container} caller=com.android.systemui.statusbar.phone.fragment.CollapsedStatusBarFragment.animateShow:52 com.android.systemui.statusbar.phone.fragment.CollapsedStatusBarFragment.updateStatusBarVisibilitiesInner:230 com.android.systemui.statusbar.phone.fragment.CollapsedStatusBarFragment.updateStatusBarVisibilities:65 com.android.systemui.statusbar.phone.fragment.CollapsedStatusBarFragment.disable:71 com.android.systemui.statusbar.CommandQueue$H.handleMessage:2997  
03-31 13:17:00.015  3951  3951 D QSClockBellTower: Everyone heard the bell. run(currentTime:1774988220012, getTime():Tue Mar 31 13:17:00 PDT 2026, getTimeZone():libcore.util.ZoneInfo[mDstSavings=3600000,mUseDst=true,mDelegate=[id="America/Vancouver",mRawOffset=-28800000,mEarliestRawOffset=-29548000,transitions=314]])
03-31 13:17:00.018  3951  3951 D {OngoingChipAdapter}: updateEnableMaxWidth : 277 -:> 279
03-31 13:17:00.019  2349  2349 I EyeComfortSolutionService: action  :  android.intent.action.TIME_TICK
03-31 13:17:00.021  1676  1885 I VSyncReactor: Current= 24, Period= 24, Distance= 0
03-31 13:17:00.021  3951  3951 W RefactorFlag: New code path expects SceneContainerFlag to be enabled.
03-31 13:17:00.026  1676  3514 D DisplayModeController: setDesiredMode 4630946213010294403 {mode={fps=120.00 Hz, modePtr={id=0, vsyncRate=120.00 Hz, peakRefreshRate=120.00 Hz}}, emitEvent=true, force=false}
03-31 13:17:00.052  1676  1676 I LayerHistory: com.sec.android.app.launcher/com.sec.android.app.launcher.activities.LauncherActivity$_4276#27302 voted ExplicitCategory with category: HighHint
03-31 13:17:00.052  1676  1676 I SurfaceFlinger: Touch Boost [late] - choose 120.00 Hz
03-31 13:17:00.054  1676  1676 I HWComposer: [4630946213010294403] ActiveConfigToHWC, ID : 0
03-31 13:17:00.055  1676  1676 D SurfaceFlinger: GPIS:: requestGPISForClientComposition
03-31 13:17:00.056  1584  1806 I SDM     : HWCDisplay::SubmitDisplayConfig: [DispConfigs] config 8 => 0, hs_mode 1 => 1
03-31 13:17:00.056  1584  1806 I SDM     : HWDeviceDRM::SetDisplaySwitchMode: [DispConfigs] check hs_mode 1
03-31 13:17:00.056  1584  1806 I SDM     : HWDeviceDRM::SetDisplaySwitchMode: [DispConfigs] Set mode index:0 904x2316x120xcmdHS, hs_mode(1), found_mode(1)
03-31 13:17:00.056  1584  1806 I SDM     : HWDeviceDRM::UpdateMixerAttributes: Mixer WxH 904x2316-1 for Peripheral
03-31 13:17:00.058  1584  1806 I SDM     : HWCDisplay::SubmitDisplayConfig: Active configuration changed from config 8 to 0
03-31 13:17:00.063  1676  1885 I VSyncReactor: Current= 24, Period= 120, hwcPeriod= 120
03-31 13:17:00.064  1676  4606 D NativeSemDvfsManager: acquire:: timeout = 2000 mIsAcquired = 1  mTagName : SurfaceFlinger 
03-31 13:17:00.064  1676  4606 E NativeCustomFrequencyManager: [NativeCFMS] BpCustomFrequencyManager::acquire()
03-31 13:17:00.065  1561  1603 I HYPER-HAL: [RequestManager.cpp]acquire(): Acquired ID : 3582826  [1676 / 1000]    HINT : SF_GPU_MINLOCK    list : [TIMEOUT / 2000] 
03-31 13:17:00.091  1676  1676 I SurfaceFlinger: finalizeDisplayModeChange 4630946213010294403
03-31 13:17:00.097  1676  1885 I VSyncReactor: Current= 120, Period= 120, Distance= 13
03-31 13:17:00.105  1676  1885 I VSyncReactor: Current= 120, Period= 120, Distance= 120
03-31 13:17:00.303  1676  3514 D DisplayModeController: setDesiredMode 4630946213010294403 {mode={fps=24.00 Hz, modePtr={id=5, vsyncRate=24.00 Hz, peakRefreshRate=24.00 Hz}}, emitEvent=false, force=false}
03-31 13:17:00.305  1676  1676 I LayerHistory: StatusBar$_3951#122 voted NoVote (0.00 Hz)
03-31 13:17:00.305  1676  1676 I LayerHistory: com.sec.android.app.launcher/com.sec.android.app.launcher.activities.LauncherActivity$_4276#27302 voted ExplicitCategory with category: HighHint
03-31 13:17:00.305  1676  1676 I SurfaceFlinger: Idle - choose 24.00 Hz
03-31 13:17:00.306  1676  1676 I HWComposer: [4630946213010294403] ActiveConfigToHWC, ID : 8
03-31 13:17:00.307  1584  1806 I SDM     : HWCDisplay::SubmitDisplayConfig: [DispConfigs] config 0 => 8, hs_mode 1 => 1
03-31 13:17:00.307  1584  1806 I SDM     : HWDeviceDRM::SetDisplaySwitchMode: [DispConfigs] check hs_mode 1
03-31 13:17:00.307  1584  1806 I SDM     : HWDeviceDRM::SetDisplaySwitchMode: [DispConfigs] Set mode index:8 904x2316x24xcmdHS, hs_mode(1), found_mode(1)
03-31 13:17:00.307  1584  1806 I SDM     : HWDeviceDRM::UpdateMixerAttributes: Mixer WxH 904x2316-1 for Peripheral
03-31 13:17:00.307  1584  1806 I SDM     : HWCDisplay::SubmitDisplayConfig: Active configuration changed from config 0 to 8
03-31 13:17:00.313  1676  1676 I SurfaceFlinger: finalizeDisplayModeChange 4630946213010294403
03-31 13:17:00.314  1676  1885 I VSyncReactor: Current= 120, Period= 24, hwcPeriod= 24
03-31 13:17:00.322  1676  1885 I VSyncReactor: Current= 24, Period= 24, Distance= 4
03-31 13:17:00.361  1676  1885 I VSyncReactor: Current= 24, Period= 24, Distance= 27
03-31 13:17:00.402  1676  1885 I VSyncReactor: Current= 24, Period= 24, Distance= 24
03-31 13:17:00.420  2349  3197 D WifiConnectivityMonitor.NetworkStatsAnalyzer: Backhaul result - RSSI:-46, CE:14, PE:15, TI:28, PTI:29, TW:0, PTW:0, Tx:1102, Rx:1189, TxS:2, RxS:2, RESULT:true, IC:1, ICT:5, WC:4, WCT:5, R:1, RC:5, IE:0, EC:0
03-31 13:17:00.424  1609  1820 I QC2CompStore: Setting heap usage to system
03-31 13:17:00.428  1665  1688 E HeatmapThread: ECT Thread time in milliseconds: 1774988220
03-31 13:17:00.429  1665  1688 D HeatmapThread: !@ batteryplugType : 0
03-31 13:17:00.429  1665  1688 D HeatmapThread: !@ batteryLevel : 0  batteryTemperature : 0 
03-31 13:17:00.429  1665  1688 D HeatmapThread: !@ Heatmap currtime: 29583137
03-31 13:17:00.429  1665  1688 D HeatmapThread: !@ Heatmap prevtime: 29583123
03-31 13:17:00.429  1665  1688 D HeatmapThread: !@ Heatmap plugstarttime: 35791394
03-31 13:17:00.429  1665  1688 D HeatmapThread: !@ Heatmap prevv_dsoh_update_time: 29571275
03-31 13:17:00.429  1665  1688 E HeatmapThread: !@Could not open '/efs/FactoryApp/bsoh', errno = 13
03-31 13:17:00.429  1665  1688 E HeatmapThread: !@ CAM Could not access BSOH EFS
03-31 13:17:00.429  1665  1688 E HeatmapThread: !@ CAM New BSOH: 0
03-31 13:17:00.638  1553 29160 I sensors-hal: handle_sns_client_event:205, auto_rotation_debug_2 mode,255,last,255, type,3,0 main,0.112,3.453,9.342 sub,0.055,3.699,-9.272, ar,0, h_ic,1, s,3, ver,14, pedo,1,e,1,i,3
03-31 13:17:00.767  1553 17408 I sensors-hal: handle_sns_client_event:552, [0][99047] accel_sample [ 0.110,  3.416,  9.342] 711725722184133
03-31 13:17:00.851  2349  3044 D WifiStaIfaceHidlImpl: getCachedScanData is not implemented by HIDL
03-31 13:17:00.854  2349  5409 D SemWifiUsabilityStatsMonitor: onWifiUsabilityStats - seqNum 84215, isSameBssidAndFreq true
03-31 13:17:00.857  2349  3165 I SemWifiLinkQualityMonitor: Link stat: 1365 / 106 / 1.78 (48) / 864 / -45.0 || 100.0 : 864.00 / 0.5 : 0.56 / 0.55 : 0.08 / G (G) || 7c234b195805: 0.253 / 31.658 / N || A N / 0 0 / N 2.0 / N X 0 / 477523262 0 || 2026-03-31 13:17:00  / 0: 0 0 0 0 0 0 / 0: 0 0 0 0 0 0 / 0: 0 0 0 0 0 0
03-31 13:17:00.963  3826  4316 I bluetooth: system/gd/hci/le_advertising_manager.cc:903 set_advertising_set_random_address_on_timer: Scheduling address rotation for advertiser_id=0
03-31 13:17:00.963  3826  4316 I bluetooth: system/gd/hci/le_address_manager.cc:581 GetNextPrivateAddressIntervalRange: client=advertising_set_0, nonwake=8m17s, wake=14m31s
03-31 13:17:00.964  1540  1540 D vendor.qti.bluetooth@1.0-ibs_handler: SerialClockVote: vote for UART CLK ON
03-31 13:17:00.966  1540  1540 D vendor.qti.bluetooth@1.0-wake_lock: Acquire wakelock is acquired 
03-31 13:17:00.966  1540  1540 I vendor.qti.bluetooth@1.0-ibs_handler: DeviceWakeUp: Writing IBS_WAKE_IND
03-31 13:17:00.972  1540  4540 I vendor.qti.bluetooth@1.0-ibs_handler: ProcessIbsCmd: Received IBS_WAKE_ACK: 0xFC
03-31 13:17:00.973  1540  4540 I vendor.qti.bluetooth@1.0-ibs_handler: ProcessIbsCmd: Signal wack_cond_
03-31 13:17:00.973  1540  1540 D vendor.qti.bluetooth@1.0-ibs_handler: DeviceWakeUp: Unblocked from waiting for FC, pthread_cond_timedwait ret = 0
03-31 13:17:00.974  1540  4540 I vendor.qti.bluetooth@1.0-ibs_handler: ProcessIbsCmd: Received IBS_WAKE_IND: 0xFD
03-31 13:17:00.974  1540  4540 I vendor.qti.bluetooth@1.0-ibs_handler: ProcessIbsCmd: Writing IBS_WAKE_ACK
03-31 13:17:00.990  3826  4316 I bluetooth: system/gd/hci/le_advertising_manager.cc:1868 on_set_advertising_set_random_address_complete: update random address for advertising set 0 : xx:xx:xx:xx:00:aa
03-31 13:17:01.032  1540  4540 I vendor.qti.bluetooth@1.0-ibs_handler: ProcessIbsCmd: Received IBS_SLEEP_IND: 0xFE
03-31 13:17:01.069 27964 28087 E msys    : E[N mns:DGWClient]_OnDiskCacheGetData(980)=>Start post callback cache refresh DNS resolution
03-31 13:17:01.072  2349  3460 D NetdEventListenerService: CSC Feature value: true
03-31 13:17:01.072  2349  3460 D NetdEventListenerService: CSC Feature value: true
03-31 13:17:01.074  2349  3229 D NetdEventListenerService: DNS Requested by 170, 10591(com.instagram.android), 4(FAIL), isBlocked=true, 0ms
03-31 13:17:01.074 27964 28087 E msys    : E[N mns:DGWClient]_LogError(263)=>Failed to resolve using system DNS resolver, getaddrinfo(): No address associated with hostname
03-31 13:17:01.074 27964 28087 E msys    : E[N mns:DGWClient]_OnDiskCacheGetData(980)=>Start post callback cache refresh DNS resolution
03-31 13:17:01.076 27964 28087 E msys    : E[N mns:DGWClient]_LogError(263)=>Failed to resolve using system DNS resolver, getaddrinfo(): No address associated with hostname
03-31 13:17:01.078  2349  3229 D NetdEventListenerService: DNS Requested by 170, 10591(com.instagram.android), 4(FAIL), isBlocked=true, 0ms
03-31 13:17:01.137  2349  2494 D BatteryExternalStatsWorker: update stats : update-network-download (6)
03-31 13:17:01.138  2349  2494 D BatteryExternalStatsWorker: Fetch WiFi data
03-31 13:17:01.138  2033 28772 D BufferPoolAccessor2.0: bufferpool2 0xb4000079e867eeb8 : 52(513135 size) total buffers - 1(1279 size) used buffers - 37/303 (recycle/alloc) - 267/302 (fetch/transfer)
03-31 13:17:01.138  2349  2494 D BatteryExternalStatsWorker: Update Rail Energy data
03-31 13:17:01.148  2349  3044 D WifiStaIfaceHidlImpl: getCachedScanData is not implemented by HIDL
03-31 13:17:01.149  2349  2494 D BatteryExternalStatsWorker: mStats lock released
03-31 13:17:01.167  2349  2494 D BatteryExternalStatsWorker: Update wifi state
03-31 13:17:01.168  2349  2494 D BatteryExternalStatsWorker: done updateExternalStatsLocked
03-31 13:17:01.346  1146  1146 D io_stats: !@   8,0 r 73991830 1488472164 w 31191924 397131156 d 8356411 659368048 f 0 3021307 iot 31274700 0 th 0 0 0 pt 0 inp 0 0 477523.752
03-31 13:17:01.346  1146  1146 D io_stats: !@ Read_top(KB): providers.media(19742) 88 kworker/u16:1(28551) 4 system_server(2349) 4
03-31 13:17:01.346  1146  1146 D io_stats: !@ Write_top(KB): kworker/u16:1(28551) 1884 system_server(2349) 16
03-31 13:17:01.384  2349  2481 W ActivityManager: Rescheduling restart of crashed service com.skms.android.agent/.SKMSAgentService in 0ms for mem-pressure-event
03-31 13:17:01.388  2349  3140 D BackgroundInstallControlService: Package event received: 0
03-31 13:17:01.423  1479  1479 D Zygote  : Forked child process 29352
03-31 13:17:01.423  2349  2483 I ActivityManager: Start proc 29352:com.skms.android.agent:remote/1000 for service {com.skms.android.agent/com.skms.android.agent.SKMSAgentService}
03-31 13:17:01.423  2349  2483 I ActivityManager: ProcessObserver broadcast disabled
03-31 13:17:01.428  1665  1688 E HeatmapThread: ECT Thread time in milliseconds: 1774988221
03-31 13:17:01.429  1665  1688 D HeatmapThread: !@ batteryplugType : 0
03-31 13:17:01.429  1665  1688 D HeatmapThread: !@ batteryLevel : 0  batteryTemperature : 0 
03-31 13:17:01.429  1665  1688 D HeatmapThread: !@ Heatmap currtime: 29583137
03-31 13:17:01.429  1665  1688 D HeatmapThread: !@ Heatmap prevtime: 29583123
03-31 13:17:01.429  1665  1688 D HeatmapThread: !@ Heatmap plugstarttime: 35791394
03-31 13:17:01.429  1665  1688 D HeatmapThread: !@ Heatmap prevv_dsoh_update_time: 29571275
03-31 13:17:01.429  1665  1688 E HeatmapThread: !@Could not open '/efs/FactoryApp/bsoh', errno = 13
03-31 13:17:01.429  1665  1688 E HeatmapThread: !@ CAM Could not access BSOH EFS
03-31 13:17:01.429  1665  1688 E HeatmapThread: !@ CAM New BSOH: 0
03-31 13:17:01.451 29352 29352 I id.agent:remote: Using CollectorTypeCMC GC.
03-31 13:17:01.459 29352 29352 D nativeloader: Load libframework-connectivity-tiramisu-jni.so using APEX ns com_android_tethering for caller /apex/com.android.tethering/javalib/framework-connectivity-t.jar: ok
03-31 13:17:01.460 29352 29352 D ActivityThread: setConscryptValidator
03-31 13:17:01.460 29352 29352 D ActivityThread: setConscryptValidator - put
03-31 13:17:01.478 29352 29352 D nativeloader: Configuring clns-shared-9 for other apk /system/priv-app/SKMSAgent/SKMSAgent.apk. target_sdk_version=36, uses_libraries=, library_path=/system/priv-app/SKMSAgent/lib/arm64:/system/priv-app/SKMSAgent/SKMSAgent.apk!/lib/arm64-v8a:/system/lib64:/system_ext/lib64, permitted_path=/data:/mnt/expand:/data/user_de/0/com.skms.android.agent:/system/priv-app/SKMSAgent:/system/lib64:/system_ext/lib64
03-31 13:17:01.482 29352 29352 V GraphicsEnvironment: Currently set values for:
03-31 13:17:01.482 29352 29352 V GraphicsEnvironment:   angle_gl_driver_selection_pkgs=[]
03-31 13:17:01.482 29352 29352 V GraphicsEnvironment:   angle_gl_driver_selection_values=[]
03-31 13:17:01.482 29352 29352 V GraphicsEnvironment: com.skms.android.agent is not listed in per-application setting
03-31 13:17:01.482 29352 29352 V GraphicsEnvironment: ANGLE allowlist from config: 
03-31 13:17:01.482 29352 29352 V GraphicsEnvironment: com.skms.android.agent is not listed in ANGLE allowlist or settings, returning default
03-31 13:17:01.487 29352 29352 D nativeloader: Load /system/priv-app/SKMSAgent/lib/arm64/libsem_jni.so using class loader ns clns-shared-9 (caller=/system/priv-app/SKMSAgent/SKMSAgent.apk): ok
03-31 13:17:01.487 29352 29352 I SKMSAgent: sem_jni load success
03-31 13:17:01.487 29352 29352 I SKMSAgent: application onCreate
03-31 13:17:01.493 29352 29352 I SKMSAgent: onCreate: SKMS
03-31 13:17:01.494 29352 29352 I SKMSAgent: onBind: SKMS 0
03-31 13:17:01.494 29352 29352 I SKMSAgent: tsmManager null / create instance
03-31 13:17:01.495 29352 29352 I SKMSAgent: LCCM : 2
03-31 13:17:01.495 29352 29352 I SKMSAgent: CV : 6.3true
03-31 13:17:01.498 29352 29352 I SEC_ESE_ServiceManager: com.skms.android.agent connects to SemService.
03-31 13:17:01.498 29352 29352 I SKMSAgent: ***** Entering onCardEmul
03-31 13:17:01.498 29352 29352 I SKMSAgent: SwitchOn is processing...
03-31 13:17:01.498 29352 29352 I SKMSAgent: Initializing NFC interface
03-31 13:17:01.498 29352 29352 I SEC_ESE_ServiceManager: com.skms.android.agent connects to SemService.
03-31 13:17:01.498 29352 29352 I SKMSAgent: Start SLOG
03-31 13:17:01.498 29352 29352 I SEC_ESE_ServiceManager: com.skms.android.agent connects to SemService.
03-31 13:17:01.498 29352 29352 I SEC_ESE_ServiceManager: START SLOG is called.
03-31 13:17:01.499  2349  3460 I SEC_ESE_Service: Start_SLOG
03-31 13:17:01.501  2349  3460 I SEC_ESE_ServiceAccessControl: Requested package name = [com.skms.android.agent]
03-31 13:17:01.503  2349  3460 I SEC_ESE : JNI, Get PKSecurity start
03-31 13:17:01.504  2349  3460 I SEC_ESE : JNI, Check PKSecurity end
03-31 13:17:01.504  2349  3460 I SEC_ESE : JNI, Get PKSKMS start
03-31 13:17:01.504  2349  3460 I SEC_ESE : JNI, Check PKSKMS end
03-31 13:17:01.514 22354 22354 I DigitalKeyCCC: [SkmsAgentManager] SKMSAgentService is connected
03-31 13:17:01.514 22354 22354 I DigitalKeyCCC: [SkmsAgentManager] isSkmsBind updated (old: false, new: true)
03-31 13:17:01.788  2349  2481 I ActivityManager: Changes in 10105 5 to 15, 144 to 0
03-31 13:17:01.901  1540  4540 I vendor.qti.bluetooth@1.0-ibs_handler: ProcessIbsCmd: Received IBS_WAKE_IND: 0xFD
03-31 13:17:01.901  1540  4540 I vendor.qti.bluetooth@1.0-ibs_handler: ProcessIbsCmd: Writing IBS_WAKE_ACK
03-31 13:17:01.910  3826  4561 I ScanController: onScanResult to scannerId: 5- eventType=0x10, addressType=0, address=XX:XX:XX:XX:5A:C5, primaryPhy=1, secondaryPhy=0, advertisingSid=0xff, txPower=127, rssi=-95, periodicAdvInt=0x0
03-31 13:17:01.917 16400 17189 I [-0700]oneconnect[1.8.41.23_01][CORE]: DataConvert.parseBleVd - deviceBle : |name:|deviceType:TV|discoverType:_BLE|services:None|connected:false[TvStatusString]POWER_OFF[TvStatus]-128[TvService]96[TvMirrorChannel]1[TvRegisteredDB][44, 0, 0, 0, 0, 0][TvYear]2016[TvOcfInfo]0[TvAcmStatus]0[ExTvStatus]0[ExtendedStatus]-1[ModuloSn]-1
03-31 13:17:01.949  1540  4540 I vendor.qti.bluetooth@1.0-ibs_handler: ProcessIbsCmd: Received IBS_SLEEP_IND: 0xFE
03-31 13:17:01.990  1540  4543 I vendor.qti.bluetooth@1.0-ibs_handler: DeviceSleep: TX Awake, Sending SLEEP_IND
03-31 13:17:01.991  1540  4543 D vendor.qti.bluetooth@1.0-ibs_handler: SerialClockVote: vote for UART CLK OFF
03-31 13:17:02.069  1561 29347 I HYPER-HAL: [RequestManager.cpp]releaseLocked(): Released ID : 3582826
03-31 13:17:02.131 23739 29071 I NearbyMediums: No BLE Fast/GATT advertisements found in the latest cycle.
03-31 13:17:02.131 23739 29071 I NearbyMediums: Current Tracked Scanning Clients are : {NearbyConnections.EnvironmentMonitor, NearbySharing, NearbyConnections.TxAdvertisement}
03-31 13:17:02.142  1540  4321 D vendor.qti.bluetooth@1.0-wake_lock: Release wakelock is released 
03-31 13:17:02.165  1553 29096 I sensors-hal: handle_sns_std_sensor_event:335, [SSC_LIGHT] P: 387(387),ch0:49913,ch1:1736,c:47,w:20,l:363,m:1,br:121,c1:106,c2:110,i:1
03-31 13:17:02.428  1665  1688 E HeatmapThread: ECT Thread time in milliseconds: 1774988222
03-31 13:17:02.429  1665  1688 D HeatmapThread: !@ batteryplugType : 0
03-31 13:17:02.429  1665  1688 D HeatmapThread: !@ batteryLevel : 0  batteryTemperature : 0 
03-31 13:17:02.429  1665  1688 D HeatmapThread: !@ Heatmap currtime: 29583137
03-31 13:17:02.429  1665  1688 D HeatmapThread: !@ Heatmap prevtime: 29583123
03-31 13:17:02.429  1665  1688 D HeatmapThread: !@ Heatmap plugstarttime: 35791394
03-31 13:17:02.429  1665  1688 D HeatmapThread: !@ Heatmap prevv_dsoh_update_time: 29571275
03-31 13:17:02.429  1665  1688 E HeatmapThread: !@Could not open '/efs/FactoryApp/bsoh', errno = 13
03-31 13:17:02.429  1665  1688 E HeatmapThread: !@ CAM Could not access BSOH EFS
03-31 13:17:02.429  1665  1688 E HeatmapThread: !@ CAM New BSOH: 0
03-31 13:17:02.664  2349  2494 D BatteryExternalStatsWorker: update stats : procstate-change (10)
03-31 13:17:02.665  2349  2494 D BatteryExternalStatsWorker: Fetch WiFi data
03-31 13:17:02.665  2349  2494 D BatteryExternalStatsWorker: Update Rail Energy data
03-31 13:17:02.683  2349  3044 D WifiStaIfaceHidlImpl: getCachedScanData is not implemented by HIDL
03-31 13:17:02.683  2349  2494 D BatteryExternalStatsWorker: mStats lock released
03-31 13:17:02.700  2349  2494 D BatteryExternalStatsWorker: Update wifi state
03-31 13:17:02.700  2349  2494 D BatteryExternalStatsWorker: done updateExternalStatsLocked
03-31 13:17:02.784  1553 17408 I sensors-hal: handle_sns_client_event:552, [0][99154] accel_sample [ 0.112,  3.437,  9.334] 711727739107079
03-31 13:17:02.884 27964 28087 E msys    : E[N mns:DGWClient]_OnDiskCacheGetData(980)=>Start post callback cache refresh DNS resolution
03-31 13:17:02.890  2349  3229 D NetdEventListenerService: DNS Requested by 170, 10591(com.instagram.android), 4(FAIL), isBlocked=true, 0ms
03-31 13:17:02.892 27964 28087 E msys    : E[N mns:DGWClient]_LogError(263)=>Failed to resolve using system DNS resolver, getaddrinfo(): No address associated with hostname
03-31 13:17:02.893 27964 28087 E msys    : E[N mns:DGWClient]_OnDiskCacheGetData(980)=>Start post callback cache refresh DNS resolution
03-31 13:17:02.895  2349  3229 D NetdEventListenerService: DNS Requested by 170, 10591(com.instagram.android), 4(FAIL), isBlocked=true, 0ms
03-31 13:17:02.900 27964 28087 E msys    : E[N mns:DGWClient]_LogError(263)=>Failed to resolve using system DNS resolver, getaddrinfo(): No address associated with hostname
03-31 13:17:03.051 28847 28916 I LPAPSH  : STOP SmpInitializer: com.samsung.euicc.push.SmpInitializer$1@a530776                                [at com.samsung.euicc.push.SmpInitializer$1.run(SmpInitializer$1.java:90)]
03-31 13:17:03.051 28847 28916 I LPAPSH  : quitSafely                                                                                          [at com.samsung.euicc.push.SmpInitializer$1.run(SmpInitializer$1.java:104)]
03-31 13:17:03.348  1146  1146 D io_stats: !@   8,0 r 73991874 1488473176 w 31192025 397131592 d 8356476 659368892 f 0 3021319 iot 31274764 0 th 0 0 0 pt 0 inp 0 0 477525.754
03-31 13:17:03.428  1665  1688 E HeatmapThread: ECT Thread time in milliseconds: 1774988223
03-31 13:17:03.429  1665  1688 D HeatmapThread: !@ batteryplugType : 0
03-31 13:17:03.429  1665  1688 D HeatmapThread: !@ batteryLevel : 0  batteryTemperature : 0 
03-31 13:17:03.429  1665  1688 D HeatmapThread: !@ Heatmap currtime: 29583137
03-31 13:17:03.429  1665  1688 D HeatmapThread: !@ Heatmap prevtime: 29583123
03-31 13:17:03.429  1665  1688 D HeatmapThread: !@ Heatmap plugstarttime: 35791394
03-31 13:17:03.429  1665  1688 D HeatmapThread: !@ Heatmap prevv_dsoh_update_time: 29571275
03-31 13:17:03.429  1665  1688 E HeatmapThread: !@Could not open '/efs/FactoryApp/bsoh', errno = 13
03-31 13:17:03.430  1665  1688 E HeatmapThread: !@ CAM Could not access BSOH EFS
03-31 13:17:03.430  1665  1688 E HeatmapThread: !@ CAM New BSOH: 0
03-31 13:17:03.526  3287  3329 D EuiccConnector: handleMessage: E msg.what=3
03-31 13:17:03.527  3287  3329 D EuiccConnector: processMsg: ConnectedState
03-31 13:17:03.532 28847 28847 I SLPASVC : EuiccServiceImpl.onUnbind()                                                                         [at com.samsung.euicc.service.EuiccServiceImpl.onUnbind(EuiccServiceImpl.java:203)]
03-31 13:17:03.533 28847 28847 I SLPASVC : To Service : DisconnectRequest                                                                      [at com.samsung.euicc.service.EuiccServiceImpl.sendToService(EuiccServiceImpl.java:162)]
03-31 13:17:03.534  3287  3329 D EuiccConnector: transitionTo: destState=AvailableState
03-31 13:17:03.534  3287  3329 D EuiccConnector: handleMessage: new destination call exit/enter
03-31 13:17:03.534  3287  3329 D EuiccConnector: setupTempStateStackWithStatesToEnter: X mTempStateStackCount=2,curStateInfo: null
03-31 13:17:03.534  3287  3329 D EuiccConnector: invokeExitMethods: ConnectedState
03-31 13:17:03.534  3287  3329 D EuiccConnector: invokeExitMethods: DisconnectedState
03-31 13:17:03.534  3287  3329 D EuiccConnector: moveTempStackToStateStack: i=1,j=0
03-31 13:17:03.534  3287  3329 D EuiccConnector: moveTempStackToStateStack: i=0,j=1
03-31 13:17:03.534  3287  3329 D EuiccConnector: moveTempStackToStateStack: X mStateStackTop=1,startingIndex=0,Top=AvailableState
03-31 13:17:03.534  3287  3329 D EuiccConnector: invokeEnterMethods: UnavailableState
03-31 13:17:03.534  3287  3329 D EuiccConnector: invokeEnterMethods: AvailableState
03-31 13:17:03.534  3287  3329 D EuiccConnector: handleMessage: X
03-31 13:17:03.535 28847 28847 I SLPASVC : From Client: DisconnectRequest (1348482573, com.samsung.euicc)                                      [at com.samsung.euicc.lpaService.worker.RxHandler.preProcessRequest(RxHandler.java:281)]
03-31 13:17:03.536 28847 28847 E SLPASVC : disconnect key: 1348482573                                                                          [at com.samsung.euicc.lpaService.worker.RxHandler.preProcessRequest(RxHandler.java:298)]
03-31 13:17:03.537 28847 28847 I SLPASVC : -1146534185 : connected!!                                                                           [at com.samsung.euicc.lpaService.worker.RxHandler.isConnected(RxHandler.java:496)]
03-31 13:17:03.538 28847 28847 E SLPASVC : To Client messenger is NULL                                                                         [at com.samsung.euicc.lpaService.worker.RxHandler.sendToClient(RxHandler.java:380)]
03-31 13:17:03.549 28847 28847 I SLPASVC : From Client: DisconnectRequest (-1146534185, com.samsung.euicc)                                     [at com.samsung.euicc.lpaService.worker.RxHandler.preProcessRequest(RxHandler.java:281)]
03-31 13:17:03.549 28847 28847 E SLPASVC : disconnect key: -1146534185                                                                         [at com.samsung.euicc.lpaService.worker.RxHandler.preProcessRequest(RxHandler.java:298)]
03-31 13:17:03.549 28847 28847 I SLPASVC : To Client: DisconnectResponse                                                                       [at com.samsung.euicc.lpaService.worker.RxHandler.sendToClient(RxHandler.java:397)]
03-31 13:17:03.550 28847 28847 I SLPASVC : EVENT_TRY_UNBIND                                                                                    [at com.samsung.euicc.lpaService.LpaServiceHandler.handleMessage(LpaServiceHandler.java:49)]
03-31 13:17:03.550 28847 28847 I SLPASVC : no busy worker. stop foreground                                                                     [at com.samsung.euicc.lpaService.LpaServiceHandler.checkStopCondition(LpaServiceHandler.java:115)]
03-31 13:17:03.550 28847 28847 W SLPASVC : updateFreeNvMemorySize                                                                              [at com.samsung.euicc.lpaService.LpaService.updateFreeNvMemorySize(LpaService.java:261)]
03-31 13:17:03.554  2349  4717 I NSLocationMonitor: getGPSUsingApps() called
03-31 13:17:03.555 28847 28875 I LpaConnector: LpaConnectedState::exit()                                                                           [at com.samsung.euicc.internal.lib.lpa.LpaConnector$LpaConnectedState.exit(LpaConnector$LpaConnectedState.java:390)]
03-31 13:17:03.555  4702  9580 I NSLocationManager_FLP: getGPSUsingApps, No change
03-31 13:17:03.562 28847 28847 I SLPASVC : Es10Factory.create(): 1                                                                             [at com.samsung.euicc.lpaService.gsma.phase2.es10.Es10Factory.create(Es10Factory.java:50)]
03-31 13:17:03.563  2349  4717 D FreecessHandler: freeze host.exp.exponent(10507) result : 51
03-31 13:17:03.563  2349  4717 D FreecessHandler: stop trying to freeze host.exp.exponent
03-31 13:17:03.563  2349  4717 I NSLocationMonitor: getGPSUsingApps() called
03-31 13:17:03.563 28847 28847 I SLPASVC : create default ES10                                                                                 [at com.samsung.euicc.lpaService.gsma.phase2.es10.Es10Factory.create(Es10Factory.java:59)]
03-31 13:17:03.563  4702  9580 I NSLocationManager_FLP: getGPSUsingApps, No change
03-31 13:17:03.564 28847 28910 I SLPASVC : EuiccLogicalChannel::openBySlot():  physicalSlotIndex = 1, portIndex = 0                            [at com.samsung.euicc.lpaService.gsma.phase2.es10.uicc.EuiccLogicalChannel.openBySlot(EuiccLogicalChannel.java:251)]
03-31 13:17:03.568  2349  4717 D FreecessHandler: freeze org.chromium.webapk.af51b3fe40dfd90bb_v2(10701) result : 51
03-31 13:17:03.568  2349  4717 D FreecessHandler: stop trying to freeze org.chromium.webapk.af51b3fe40dfd90bb_v2
03-31 13:17:03.619 28847 28910 I SLPASVC : 0x00000001 was opened                                                                               [at com.samsung.euicc.lpaService.gsma.phase2.es10.uicc.EuiccLogicalChannel.openBySlot(EuiccLogicalChannel.java:293)]
03-31 13:17:03.620 28847 28910 I SLPASVC :  cla: 80 ins: E2 Le: 00                                                                             [at com.samsung.euicc.lpaService.gsma.phase2.es10.uicc.EuiccLogicalChannel.storeData(EuiccLogicalChannel.java:68)]
03-31 13:17:03.620 28847 28910 I SLPASVC : [STORE DATA] blockNumber : 0                                                                        [at com.samsung.euicc.lpaService.gsma.phase2.es10.uicc.EuiccLogicalChannel.storeData(EuiccLogicalChannel.java:78)]
03-31 13:17:03.620 28847 28910 I SLPASVC : case 4 command APDU                                                                                 [at com.samsung.euicc.lpaService.gsma.phase2.es10.uicc.EuiccLogicalChannel.getCmdApdu(EuiccLogicalChannel.java:206)]
03-31 13:17:03.691 28847 28910 I SLPASVC : APDU StatusWord - 9X XX                                                                             [at com.samsung.euicc.lpaService.gsma.phase2.es10.uicc.EuiccLogicalChannel.handleResponse(EuiccLogicalChannel.java:231)]
03-31 13:17:03.691 28847 28910 I SLPASVC : EuiccLogicalChannel::close(): 1                                                                     [at com.samsung.euicc.lpaService.gsma.phase2.es10.uicc.EuiccLogicalChannel.close(EuiccLogicalChannel.java:45)]
03-31 13:17:03.730 28847 28847 I SLPASVC : freeNvm: 15036                                                                                      [at com.samsung.euicc.util.EuiccSvcLog.sp(EuiccSvcLog.java:108)]
03-31 13:17:03.730 28847 28847 I SLPASVC : freeVm: 23904                                                                                       [at com.samsung.euicc.util.EuiccSvcLog.sp(EuiccSvcLog.java:108)]
03-31 13:17:03.731 28847 28847 I SLPASVC : firmware[1]: 98.16.25                                                                               [at com.samsung.euicc.util.EuiccSvcLog.sp(EuiccSvcLog.java:108)]
03-31 13:17:03.734 28847 28847 I SLPASVC : available vm: 23904                                                                                 [at com.samsung.euicc.util.EuiccSvcLog.sp(EuiccSvcLog.java:108)]
03-31 13:17:03.737 28847 28910 I SLPASVC : EuiccLogicalChannel::openBySlot():  physicalSlotIndex = 1, portIndex = 0                            [at com.samsung.euicc.lpaService.gsma.phase2.es10.uicc.EuiccLogicalChannel.openBySlot(EuiccLogicalChannel.java:251)]
03-31 13:17:03.752  1540  4540 I vendor.qti.bluetooth@1.0-ibs_handler: ProcessIbsCmd: Received IBS_WAKE_IND: 0xFD
03-31 13:17:03.752  1540  4540 D vendor.qti.bluetooth@1.0-ibs_handler: SerialClockVote: vote for UART CLK ON
03-31 13:17:03.753  1540  4540 D vendor.qti.bluetooth@1.0-wake_lock: Acquire wakelock is acquired 
03-31 13:17:03.753  1540  4540 I vendor.qti.bluetooth@1.0-ibs_handler: ProcessIbsCmd: Writing IBS_WAKE_ACK
03-31 13:17:03.764  3826  4561 I ScanController: onScanResult to scannerId: 5- eventType=0x10, addressType=0, address=XX:XX:XX:XX:5A:C5, primaryPhy=1, secondaryPhy=0, advertisingSid=0xff, txPower=127, rssi=-90, periodicAdvInt=0x0
03-31 13:17:03.769 16400 17189 I [-0700]oneconnect[1.8.41.23_01][CORE]: DataConvert.parseBleVd - deviceBle : |name:|deviceType:TV|discoverType:_BLE|services:None|connected:false[TvStatusString]POWER_OFF[TvStatus]-128[TvService]96[TvMirrorChannel]1[TvRegisteredDB][44, 0, 0, 0, 0, 0][TvYear]2016[TvOcfInfo]0[TvAcmStatus]0[ExTvStatus]0[ExtendedStatus]-1[ModuloSn]-1
03-31 13:17:03.792 28847 28910 I SLPASVC : 0x00000001 was opened                                                                               [at com.samsung.euicc.lpaService.gsma.phase2.es10.uicc.EuiccLogicalChannel.openBySlot(EuiccLogicalChannel.java:293)]
