03-31 13:30:45.330 W/SoLoader( 2445): Initializing SoLoader: 0
03-31 13:30:45.330 W/SoLoader( 2445): Recording new base apk path: /data/app/~~eNNRthToVN3PAp6YBb6AEQ==/com.weejobs.app-fkNGZlV2SZzusHKZMXYdRQ==/base.apk
03-31 13:30:45.330 W/SoLoader( 2445): Previously recorded 0 base apk paths.
03-31 13:30:45.331 I/SoLoader( 2445): Preparing SO source: DirectorySoSource[root = /vendor/lib64 flags = 2]
03-31 13:30:45.331 I/SoLoader( 2445): Preparing SO source: DirectorySoSource[root = /system/lib64 flags = 2]
03-31 13:30:45.331 I/SoLoader( 2445): Preparing SO source: DirectApkSoSource[root = [/data/app/~~eNNRthToVN3PAp6YBb6AEQ==/com.weejobs.app-fkNGZlV2SZzusHKZMXYdRQ==/base.apk!/lib/arm64-v8a]]
03-31 13:30:45.331 I/SurfaceFlinger( 1676): id=27648 createSurf, flag=84000, dff4f9c ActivityRecordInputSink com.weejobs.app/.MainActivity#27648
03-31 13:30:45.331 D/SamsungLightBarControlHelper( 3951): updateStatusBar (BLACK icon) numStacks:1, StatusBarMode:MODE_TRANSPARENT, lightBarBounds:[Rect(0, 0 - 904, 2316)], StatusBarState:SHADE, packageName:, isWhiteKeyguardStatusBar:false
03-31 13:30:45.331 D/SamsungLightBarControlHelper( 3951): onStatusBarAppearanceChanged() -  sbModeChanged:false, statusBarMode:0, barState:MODE_TRANSPARENT, isKeyguardShowing:false, navbarColorManagedByIme:false, (AppearanceRegion{LIGHT_STATUS_BARS bounds=[0,0][904,2316]}, )
03-31 13:30:45.331 D/NavigationBar( 3951): onSystemBarAttributesChanged() -  displayId:0, appearance:24, packageName: com.weejobs.app (APPEARANCE_LIGHT_STATUS_BARS APPEARANCE_LIGHT_NAVIGATION_BARS ), navbarColorManagedByIme:false
03-31 13:30:45.331 D/SamsungLightBarControlHelper( 3951): updateNavigationBar (BLACK button) isLightOpaque:false, hasLightNavigationBarFlag:true, packageName:com.weejobs.app, DirectReplying:false, NavBarColorMangedByIme:false, ForceDarkForScrim:false, ForceLightForScrim:false, QsCustomizing:false, QsExpanded:false
03-31 13:30:45.331 I/HoneySpace.RecentTasks( 4276): onRunningTaskAppeared
03-31 13:30:45.331 I/HoneySpace.RecentTasks( 4276): onRecentTasksChanged
03-31 13:30:45.332 I/HoneySpace.SystemUiRepository( 4276): systemUiFlags: allow_gesture|awake
03-31 13:30:45.332 I/SoLoader( 2445): Preparing SO source: ApplicationSoSource[DirectorySoSource[root = /data/app/~~eNNRthToVN3PAp6YBb6AEQ==/com.weejobs.app-fkNGZlV2SZzusHKZMXYdRQ==/lib/arm64 flags = 0]]
03-31 13:30:45.332 I/SoLoader( 2445): init finish: 4 SO sources prepared
03-31 13:30:45.332 W/SoLoader( 2445): SoLoader initialized: 8
03-31 13:30:45.334 I/SurfaceFlinger( 1676): [Surface(name=45abe9 NavigationBar0)/@0x6ac041c - animation-leash of insets_animation#27647] attach to parent LayerHierarchy{RequestedLayerState{WindowToken{9f81ded type=2019 android.os.BinderProxy@4e9e817}#110 parentId=35} 2 children}
03-31 13:30:45.334 I/SurfaceFlinger( 1676): [dff4f9c ActivityRecordInputSink com.weejobs.app/.MainActivity#27648] attach to parent LayerHierarchy{RequestedLayerState{ActivityRecord{3118458 u0 com.weejobs.app/.MainActivity t1627}#27641 parentId=27640} 2 children}
03-31 13:30:45.334 D/SurfaceComposerClient( 3951): setCornerRadius ## Task=1627#27640 cornerRadius=63.000000
03-31 13:30:45.336 I/HoneySpace.TaskbarEventTracker( 4276): invokeEvent() called with: event = SystemUiStateChanged(stateFlags=268566528)
03-31 13:30:45.337 D/nativeloader( 2445): Load /data/app/~~eNNRthToVN3PAp6YBb6AEQ==/com.weejobs.app-fkNGZlV2SZzusHKZMXYdRQ==/base.apk!/lib/arm64-v8a/libc++_shared.so using class loader ns clns-9 (caller=/data/app/~~eNNRthToVN3PAp6YBb6AEQ==/com.weejobs.app-fkNGZlV2SZzusHKZMXYdRQ==/base.apk!classes3.dex): ok
03-31 13:30:45.338 I/HoneySpace.TaskbarPot@85836121@OneUI( 4276): setDockedTaskBarBackground statFlags = 268566528
03-31 13:30:45.339 D/nativeloader( 2445): Load /data/app/~~eNNRthToVN3PAp6YBb6AEQ==/com.weejobs.app-fkNGZlV2SZzusHKZMXYdRQ==/base.apk!/lib/arm64-v8a/libjsi.so using class loader ns clns-9 (caller=/data/app/~~eNNRthToVN3PAp6YBb6AEQ==/com.weejobs.app-fkNGZlV2SZzusHKZMXYdRQ==/base.apk!classes3.dex): ok
03-31 13:30:45.341 D/nativeloader( 2445): Load /data/app/~~eNNRthToVN3PAp6YBb6AEQ==/com.weejobs.app-fkNGZlV2SZzusHKZMXYdRQ==/base.apk!/lib/arm64-v8a/libfbjni.so using class loader ns clns-9 (caller=/data/app/~~eNNRthToVN3PAp6YBb6AEQ==/com.weejobs.app-fkNGZlV2SZzusHKZMXYdRQ==/base.apk!classes3.dex): ok
03-31 13:30:45.342 E/SurfaceFlinger( 1676): alpha changed 0.000 -> 0.080 - Task=1627#27640
03-31 13:30:45.342 I/SurfaceFlinger( 1676): [LayerHierarchy{RequestedLayerState{Surface(name=630de79 TaskbarWindow)/@0xe72b262 - animation-leash of insets_animation#27632} 1 children}] reparent to OffscreenRoot
03-31 13:30:45.342 I/SurfaceFlinger( 1676): [LayerHierarchy{RequestedLayerState{Surface(name=630de79 TaskbarWindow)/@0xe72b262 - animation-leash of insets_animation#27632} 1 children}] RelativeParent to null
03-31 13:30:45.342 I/SurfaceFlinger( 1676): [LayerHierarchy{RequestedLayerState{45abe9 NavigationBar0#111 parentId=27647} 1 children}] reparent to LayerHierarchy{RequestedLayerState{Surface(name=45abe9 NavigationBar0)/@0x6ac041c - animation-leash of insets_animation#27647 parentId=110} 1 children}
03-31 13:30:45.342 I/SurfaceFlinger( 1676): [LayerHierarchy{RequestedLayerState{1bba892 StatusBar#115 parentId=27646} 1 children}] reparent to LayerHierarchy{RequestedLayerState{Surface(name=1bba892 StatusBar)/@0x77f5e69 - animation-leash of insets_animation#27646 parentId=114} 1 children}
03-31 13:30:45.342 I/SurfaceFlinger( 1676): [LayerHierarchy{RequestedLayerState{630de79 TaskbarWindow#3359 parentId=27645} 1 children}] reparent to LayerHierarchy{RequestedLayerState{Surface(name=630de79 TaskbarWindow)/@0xe72b262 - animation-leash of insets_animation#27645 parentId=3358} 1 children}
03-31 13:30:45.342 I/SurfaceFlinger( 1676): [LayerHierarchy{RequestedLayerState{Surface(name=45abe9 NavigationBar0)/@0x6ac041c - animation-leash of insets_animation#27634} no children}] reparent to OffscreenRoot
03-31 13:30:45.342 I/SurfaceFlinger( 1676): [LayerHierarchy{RequestedLayerState{Surface(name=45abe9 NavigationBar0)/@0x6ac041c - animation-leash of insets_animation#27634} no children}] RelativeParent to null
03-31 13:30:45.342 I/SurfaceFlinger( 1676): [LayerHierarchy{RequestedLayerState{Surface(name=1bba892 StatusBar)/@0x77f5e69 - animation-leash of insets_animation#27633} no children}] reparent to OffscreenRoot
03-31 13:30:45.342 I/SurfaceFlinger( 1676): [LayerHierarchy{RequestedLayerState{Surface(name=1bba892 StatusBar)/@0x77f5e69 - animation-leash of insets_animation#27633} no children}] RelativeParent to null
03-31 13:30:45.343 D/nativeloader( 2445): Load /data/app/~~eNNRthToVN3PAp6YBb6AEQ==/com.weejobs.app-fkNGZlV2SZzusHKZMXYdRQ==/base.apk!/lib/arm64-v8a/libreactnative.so using class loader ns clns-9 (caller=/data/app/~~eNNRthToVN3PAp6YBb6AEQ==/com.weejobs.app-fkNGZlV2SZzusHKZMXYdRQ==/base.apk!classes3.dex): ok
03-31 13:30:45.343 D/SurfaceComposerClient( 3951): setCornerRadius ## Task=1627#27640 cornerRadius=63.000000
03-31 13:30:45.343 D/jni_lib_merge( 2445): Entering merged library JNI_OnLoad.
03-31 13:30:45.343 D/jni_lib_merge( 2445): Preparing 12 pre-merged libs (including stub)
03-31 13:30:45.343 D/jni_lib_merge( 2445): Preparing to register libfabricjni_so.  onload_func: 0x6d608f7a50
03-31 13:30:45.343 D/jni_lib_merge( 2445): Preparing to register libreact_devsupportjni_so.  onload_func: 0x6d609bb36c
03-31 13:30:45.343 D/jni_lib_merge( 2445): Preparing to register libreact_featureflagsjni_so.  onload_func: 0x6d609d5ba8
03-31 13:30:45.343 D/jni_lib_merge( 2445): Preparing to register libreact_newarchdefaults_so.  onload_func: 0x6d60a13d74
03-31 13:30:45.343 D/jni_lib_merge( 2445): Preparing to register libreactnativeblob_so.  onload_func: 0x6d60ab4a4c
03-31 13:30:45.343 D/jni_lib_merge( 2445): Preparing to register libreactnativejni_so.  onload_func: 0x6d60ac99e4
03-31 13:30:45.343 D/jni_lib_merge( 2445): Preparing to register libreactnativejni_common_so.  onload_func: 0x6d60accbe0
03-31 13:30:45.343 D/jni_lib_merge( 2445): Preparing to register librninstance_so.  onload_func: 0x6d60ae9778
03-31 13:30:45.343 D/jni_lib_merge( 2445): Preparing to register libturbomodulejsijni_so.  onload_func: 0x6d60b930e0
03-31 13:30:45.343 D/jni_lib_merge( 2445): Preparing to register libuimanagerjni_so.  onload_func: 0x6d60b99b00
03-31 13:30:45.343 D/jni_lib_merge( 2445): Preparing to register libyoga_so.  onload_func: 0x6d60ba10c4
03-31 13:30:45.343 D/jni_lib_merge( 2445): About to register 11 actual methods.
03-31 13:30:45.344 I/WindowManager( 2349): notifyInsetsControlChanged, removed=false, win=Window{ad18b1b u0 Splash Screen com.weejobs.app}, caller=com.android.server.wm.InsetsStateController$$ExternalSyntheticLambda1.run:137 com.android.server.wm.WindowAnimator$$ExternalSyntheticLambda2.onTransactionCommitted:26 android.view.SurfaceControl$Transaction$$ExternalSyntheticLambda4.run:0 android.os.Handler.handleCallback:995 android.os.Handler.dispatchMessage:103 android.os.Looper.loopOnce:273 
03-31 13:30:45.345 I/btyz    (18463): onPause
03-31 13:30:45.346 I/SurfaceFlinger( 1676): id=27632 Removed Surface(name=630de79 TaskbarWindow)/@0xe72b262 - animation-leash of insets_animation#27632 (200)
03-31 13:30:45.346 D/SurfaceFlinger( 1676): Display 4630946213010294403 HWC layers:
03-31 13:30:45.346 D/SurfaceFlinger( 1676):        CLIENT |           16969415812112 | 00000100 | RGBA_8888    |    0.0    0.0  904.0 2316.0 |    0    0  904 2316 | Wallpaper BBQ wrapper 17_system#128 (34)
03-31 13:30:45.346 D/SurfaceFlinger( 1676):        CLIENT |           18365280161825 | 00002100 | RGBA_8888    |    0.0    0.0  904.0 2316.0 |    0    0  904 2316 | com.sec.android.app.launcher/com.sec[...]ivities.LauncherActivity$_4276#27302 (blurRegions) (841)
03-31 13:30:45.346 D/SurfaceFlinger( 1676):        CLIENT |           16969415813443 | 00002100 | RGBA_8888    |    0.0    0.0  904.0 2316.0 |   66  169  838 2147 | Splash Screen com.weejobs.app$_3951#27643 (1)
03-31 13:30:45.346 D/SurfaceFlinger( 1676):        DEVICE |           16969415813161 | 00002100 | RGBA_8888    |    0.0    0.0  904.0   87.0 |    0    0  904   87 | StatusBar$_3951#122 (97484)
03-31 13:30:45.346 D/SurfaceFlinger( 1676):        DEVICE |           18365280161808 | 00002100 | RGBA_8888    |    0.0    0.0   67.0  451.0 |    0  493   67  944 | com.sec.android.app.launcher/com.sam[...]l.app.CocktailBarService$_4276#27160 (1)
03-31 13:30:45.346 D/SurfaceFlinger( 1676):        DEVICE |           16969415813211 | 00002100 | RGBA_8888    |    0.0    0.0 
03-31 13:30:45.346 D/SurfaceFlinger( 1676):  904.0  126.0 |    0 2190  904 2316 | NavigationBar0$_3951#118 (28202)
03-31 13:30:45.346 D/SurfaceFlinger( 1676): 
03-31 13:30:45.347 D/nativeloader( 2445): Load /data/app/~~eNNRthToVN3PAp6YBb6AEQ==/com.weejobs.app-fkNGZlV2SZzusHKZMXYdRQ==/base.apk!/lib/arm64-v8a/libreact_codegen_rnscreens.so using class loader ns clns-9 (caller=/data/app/~~eNNRthToVN3PAp6YBb6AEQ==/com.weejobs.app-fkNGZlV2SZzusHKZMXYdRQ==/base.apk!classes3.dex): ok
03-31 13:30:45.347 D/jni_lib_merge( 2445): Entering merged library JNI_OnLoad.
03-31 13:30:45.347 D/jni_lib_merge( 2445): Preparing 12 pre-merged libs (including stub)
03-31 13:30:45.347 D/jni_lib_merge( 2445): Preparing to register libfabricjni_so.  onload_func: 0x6d608f7a50
03-31 13:30:45.347 D/jni_lib_merge( 2445): Preparing to register libreact_devsupportjni_so.  onload_func: 0x6d609bb36c
03-31 13:30:45.347 D/jni_lib_merge( 2445): Preparing to register libreact_featureflagsjni_so.  onload_func: 0x6d609d5ba8
03-31 13:30:45.347 D/jni_lib_merge( 2445): Preparing to register libreact_newarchdefaults_so.  onload_func: 0x6d60a13d74
03-31 13:30:45.347 D/jni_lib_merge( 2445): Preparing to register libreactnativeblob_so.  onload_func: 0x6d60ab4a4c
03-31 13:30:45.347 D/jni_lib_merge( 2445): Preparing to register libreactnativejni_so.  onload_func: 0x6d60ac99e4
03-31 13:30:45.347 D/jni_lib_merge( 2445): Preparing to register libreactnativejni_common_so.  onload_func: 0x6d60accbe0
03-31 13:30:45.347 D/jni_lib_merge( 2445): Preparing to register librninstance_so.  onload_func: 0x6d60ae9778
03-31 13:30:45.347 D/jni_lib_merge( 2445): Preparing to register libturbomodulejsijni_so.  onload_func: 0x6d60b930e0
03-31 13:30:45.347 D/jni_lib_merge( 2445): Preparing to register libuimanagerjni_so.  onload_func: 0x6d60b99b00
03-31 13:30:45.347 D/jni_lib_merge( 2445): Preparing to register libyoga_so.  onload_func: 0x6d60ba10c4
03-31 13:30:45.347 D/jni_lib_merge( 2445): About to register 11 actual methods.
03-31 13:30:45.347 I/SurfaceFlinger( 1676): id=27633 Removed Surface(name=1bba892 StatusBar)/@0x77f5e69 - animation-leash of insets_animation#27633 (200)
03-31 13:30:45.347 I/VRI[app]@292f151( 3951): onActiveControlsChanged, removed=false, mAdded=true, caller=android.view.ViewRootImpl.handleInsetsControlChanged:3002 android.view.ViewRootImpl$ViewRootHandler.handleMessageImpl:8352 android.view.ViewRootImpl$ViewRootHandler.handleMessage:8301 android.os.Handler.dispatchMessage:110 android.os.Looper.loopOnce:273 
03-31 13:30:45.347 I/SurfaceFlinger( 1676): id=27634 Removed Surface(name=45abe9 NavigationBar0)/@0x6ac041c - animation-leash of insets_animation#27634 (200)
03-31 13:30:45.347 I/InsetsSourceConsumer( 3951): applyRequestedVisibilityToControl: visible=true, type=statusBars, host=Splash Screen com.weejobs.app
03-31 13:30:45.347 I/InsetsSourceConsumer( 3951): applyRequestedVisibilityToControl: visible=true, type=navigationBars, host=Splash Screen com.weejobs.app
03-31 13:30:45.348 I/HoneySpace.RecentTasks( 4276): onRecentTasksChanged
03-31 13:30:45.348 I/SDHMS:k (10397): onTaskStackChanged
03-31 13:30:45.348 I/HoneySpace.HistoryViewModel@56717545@OneUI( 4276): task bar is not showing. skip load history items
03-31 13:30:45.348 I/HoneySpace.HistoryViewModel@56717545@OneUI( 4276): launcherShowing : false, recentShowing : false, isInteractive : true, state : 0, minusOne : false
03-31 13:30:45.348 I/SDHMS:k (10397): no app is Resumed!!! mResumedPackages.size = 0
03-31 13:30:45.349 D/nativeloader( 2445): Load /data/app/~~eNNRthToVN3PAp6YBb6AEQ==/com.weejobs.app-fkNGZlV2SZzusHKZMXYdRQ==/base.apk!/lib/arm64-v8a/libreact_codegen_safeareacontext.so using class loader ns clns-9 (caller=/data/app/~~eNNRthToVN3PAp6YBb6AEQ==/com.weejobs.app-fkNGZlV2SZzusHKZMXYdRQ==/base.apk!classes3.dex): ok
03-31 13:30:45.350 D/nativeloader( 2445): Load /data/app/~~eNNRthToVN3PAp6YBb6AEQ==/com.weejobs.app-fkNGZlV2SZzusHKZMXYdRQ==/base.apk!/lib/arm64-v8a/libappmodules.so using class loader ns clns-9 (caller=/data/app/~~eNNRthToVN3PAp6YBb6AEQ==/com.weejobs.app-fkNGZlV2SZzusHKZMXYdRQ==/base.apk!classes3.dex): ok
03-31 13:30:45.350 I/SurfaceFlinger( 1676): destroyed Surface(name=630de79 TaskbarWindow)/@0xe72b262 - animation-leash of insets_animation#27632 form LifecycleManager
03-31 13:30:45.350 I/SurfaceFlinger( 1676): destroyed Surface(name=45abe9 NavigationBar0)/@0x6ac041c - animation-leash of insets_animation#27634 form LifecycleManager
03-31 13:30:45.350 I/SurfaceFlinger( 1676): destroyed Surface(name=1bba892 StatusBar)/@0x77f5e69 - animation-leash of insets_animation#27633 form LifecycleManager
03-31 13:30:45.350 I/SurfaceFlinger( 1676): id=27632 onLayerDestroyed from LayerHierarchyBuilder(RequestedLayerState{Surface(name=630de79 TaskbarWindow)/@0xe72b262 - animation-leash of insets_animation#27632 !handle})
03-31 13:30:45.350 I/SurfaceFlinger( 1676): id=27634 onLayerDestroyed from LayerHierarchyBuilder(RequestedLayerState{Surface(name=45abe9 NavigationBar0)/@0x6ac041c - animation-leash of insets_animation#27634 !handle})
03-31 13:30:45.350 I/SurfaceFlinger( 1676): id=27633 onLayerDestroyed from LayerHierarchyBuilder(RequestedLayerState{Surface(name=1bba892 StatusBar)/@0x77f5e69 - animation-leash of insets_animation#27633 !handle})
03-31 13:30:45.351 D/SurfaceComposerClient( 3951): setCornerRadius ## Task=1627#27640 cornerRadius=63.000000
03-31 13:30:45.351 I/Layer   ( 1676): id=27632 Destroyed Surface(name=630de79 TaskbarWindow)/@0xe72b262 - animation-leash of insets_animation#27632
03-31 13:30:45.351 I/Layer   ( 1676): id=27634 Destroyed Surface(name=45abe9 NavigationBar0)/@0x6ac041c - animation-leash of insets_animation#27634
03-31 13:30:45.351 I/Layer   ( 1676): id=27633 Destroyed Surface(name=1bba892 StatusBar)/@0x77f5e69 - animation-leash of insets_animation#27633
03-31 13:30:45.355 V/WindowManager( 2349): Computed rotation=ROTATION_0 (0) for display id=0 based on lastOrientation=SCREEN_ORIENTATION_PORTRAIT (1) and oldRotation=ROTATION_0 (0), caller=com.android.server.wm.DisplayRotation.updateOrientation:79 com.android.server.wm.DisplayContent.updateOrientation:41 com.android.server.wm.DisplayContent.updateOrientationAndComputeConfig:48 com.android.server.wm.RootWindowContainer.ensureVisibilityAndConfig:7 com.android.server.wm.ActivityTaskSupervisor.realStartActivityLocked:195 com.android.server.wm.RootWindowContainer.attachApplication:92 
03-31 13:30:45.356 D/SGM:FgCheckThread( 2349): notifyAppCreated(), packageName: com.weejobs.app, userId: 0, sendRet: true
03-31 13:30:45.356 D/SGM:FgCheckThread( 2349): onLooperPrepared(), msg: MSG_APP_CREATE, pkgName: com.weejobs.app, userId: 0
03-31 13:30:45.356 D/SGM:FgCheckThread( 2349): TaskStackListener.onTaskFocusChanged(), taskId=1407, focused=false
03-31 13:30:45.356 D/SGM:FgCheckThread( 2349): TaskStackListener.onTaskFocusChanged(), taskId=1627, focused=true
03-31 13:30:45.356 D/SGM:FgCheckThread( 2349):   sendRunningComponentFocus(), pkgName: com.weejobs.app, userId: 0
03-31 13:30:45.356 D/SGM:FgCheckThread( 2349): onLooperPrepared(), msg: MSG_TASK_FOCUSED, pkgName: com.weejobs.app, userId: 0
03-31 13:30:45.356 D/InputDispatcher( 2349): Focused application(0): ActivityRecord{3118458 u0 com.weejobs.app/.MainActivity t1627}
03-31 13:30:45.357 D/SGM:FgCheckThread( 2349): handleTaskFocused().
03-31 13:30:45.357 D/SGM:FgCheckThread( 2349):   handleTaskFocused(), pkgName: com.weejobs.app, userID:0
03-31 13:30:45.357 D/SGM:FgCheckThread( 2349): handleResume().
03-31 13:30:45.357 D/SGM:FgCheckThread( 2349): sendFocusOutConditionally() - mPrevNotiPkg: KILL_YOURSELF, userId: 0
03-31 13:30:45.357 D/SGM:FgCheckThread( 2349):   handleResume(). pkgName: com.weejobs.app, userId: 0, category: non-game
03-31 13:30:45.357 D/SGM:FgCheckThread( 2349): notifyFocusInOut(). of pkg: com.weejobs.app, type: 4, isSecGameFamily: false, userId: 0
03-31 13:30:45.357 D/SGM:FgCheckThread( 2349):   notifyFocusInOut(). do nothing
03-31 13:30:45.357 D/SGM:SystemHelper( 2349): callReleaseBlock needReleaseBlock:false
03-31 13:30:45.357 D/ActivityTaskManager( 2349): scheduleTopResumedActivityChanged, onTop=true, r=ActivityRecord{3118458 u0 com.weejobs.app/.MainActivity t1627}, caller=com.android.server.wm.ActivityTaskSupervisor.scheduleTopResumedActivityStateIfNeeded:18 com.android.server.wm.ActivityTaskSupervisor.updateTopResumedActivityIfNeeded:54 com.android.server.wm.TaskFragment.setResumedActivity:75 com.android.server.wm.ActivityRecord.setState:116 com.android.server.wm.ActivityTaskSupervisor.realStartActivityLocked:497 com.android.server.wm.RootWindowContainer.attachApplication:92 
03-31 13:30:45.357 I/HoneySpace.HistoryViewModel@56717545@OneUI( 4276): Block stack change
03-31 13:30:45.357 D/ActivityTaskManager( 2349): updateAppCompatDisplayInsets, SizeChangesSupported=3, ResizeMode=1, inMultiWindowMode=false, isFolded=true, RealActivity=ComponentInfo{com.weejobs.app/com.weejobs.app.MainActivity}, Task=Task{27fc988 #1627 type=standard A=10789:com.weejobs.app}
03-31 13:30:45.357 I/HoneySpace.TopTaskSource( 4276): onTaskFocusChanged(): taskId = 1627
03-31 13:30:45.357 I/HoneySpace.HistoryViewModel@56717545@OneUI( 4276): task bar is not showing. skip load history items
03-31 13:30:45.357 I/HoneySpace.HistoryViewModel@56717545@OneUI( 4276): launcherShowing : false, recentShowing : false, isInteractive : true, state : 0, minusOne : false
03-31 13:30:45.358 D/AS.MultiSoundManager( 2349): mForegroundUid = 10789
03-31 13:30:45.359 V/Configuration( 2349): Updating configuration, locales updated from [] to [en_CA]
03-31 13:30:45.359 D/SurfaceComposerClient( 3951): setCornerRadius ## Task=1627#27640 cornerRadius=63.000000
03-31 13:30:45.361 D/GraphicsStatsService( 2349): requestRenderEngineFor(com.weejobs.app)
03-31 13:30:45.361 D/ActivityThread( 2445): com.weejobs.app will use render engine as VK
03-31 13:30:45.361 V/Configuration( 2349): Updating configuration, locales updated from [] to [en_CA]
03-31 13:30:45.361 D/HWUI    ( 2445): HWUI - treat SMPTE_170M as sRGB
03-31 13:30:45.362 I/{OngoingActivityController}( 3951): onTaskFocusChanged but OA data is empty
03-31 13:30:45.363 D/EnterpriseDeviceManagerService( 2349): isMdmAdminPresentInternal() : MDM Admin Found - com.samsung.knox.securefolder
03-31 13:30:45.363 I/CocktailBarManagerServiceContainer( 2349): handleMessage: entry what = 5
03-31 13:30:45.363 I/SDHMS:k (10397): handleResumeComponent : put = com.weejobs.app, userid = 0 instanceid =117468961
03-31 13:30:45.364 D/BackgroundInstallControlService( 2349): Package event received: 0
03-31 13:30:45.364 I/DisplayManager( 2445): Choreographer implicitly registered for the refresh rate.
03-31 13:30:45.366 D/SGM:FgCheckThread( 2349): noteResumeComponent(), received pkgName: com.weejobs.app, userId: 0
03-31 13:30:45.366 D/SGM:FgCheckThread( 2349): onLooperPrepared(), msg: MSG_APP_RESUME, pkgName: com.weejobs.app, userid: 0
03-31 13:30:45.366 D/SGM:FgCheckThread( 2349): handleResume().
03-31 13:30:45.366 D/SGM:FgCheckThread( 2349):   handleResume(). same package with Prev KILL_YOURSELF. ignore
03-31 13:30:45.366 D/SGM:GameManager( 2349): identifyGamePackage. com.weejobs.app, mCurrentUserId: 0, callingMethodInfo: com.samsung.android.game.SemGameManager.isGamePackage(SemGameManager.java:106)
03-31 13:30:45.366 D/SGM:SemGameManager( 2349): isGamePackage(), pkgName=com.weejobs.app, ret=false
03-31 13:30:45.366 I/HoneySpace.EdgePanel.CocktailHostRepositoryImpl( 4276): onNoteResume
03-31 13:30:45.366 I/HoneySpace.EdgePanel.EdgePanelContainerViewModel( 4276): cocktailHostRepository.edgePanelOperation NoteResumeComponent(componentName=ComponentInfo{com.weejobs.app/com.weejobs.app.MainActivity})
03-31 13:30:45.367 I/HoneySpace.EdgePanel.ActivityUtils( 4276): HomePackage : com.sec.android.app.launcher, resumePackageName : com.weejobs.app, className : com.weejobs.app.MainActivity
03-31 13:30:45.367 D/BackgroundInstallControlService( 2349): Package event received: 0
03-31 13:30:45.367 D/SurfaceComposerClient( 3951): setCornerRadius ## Task=1627#27640 cornerRadius=63.000000
03-31 13:30:45.367 D/HWUI    ( 2445): CacheManager constructor. deviceInfo=(1080, 1920)
03-31 13:30:45.368 I/AdrenoGLES-0( 2445): QUALCOMM build                   : 0c393b63cf, I94e2bd5684
03-31 13:30:45.368 I/AdrenoGLES-0( 2445): Build Date                       : 05/02/25
03-31 13:30:45.368 I/AdrenoGLES-0( 2445): OpenGL ES Shader Compiler Version: EV031.36.08.33
03-31 13:30:45.368 I/AdrenoGLES-0( 2445): Local Branch                     : 
03-31 13:30:45.368 I/AdrenoGLES-0( 2445): Remote Branch                    : refs/tags/AU_LINUX_ANDROID_LA.VENDOR.1.0.R1.11.00.00.816.269
03-31 13:30:45.368 I/AdrenoGLES-0( 2445): Remote Branch                    : NONE
03-31 13:30:45.368 I/AdrenoGLES-0( 2445): Reconstruct Branch               : NOTHING
03-31 13:30:45.368 D/AppCompatDelegate( 2445): Checking for metadata for AppLocalesMetadataHolderService : Service not found
03-31 13:30:45.368 I/AdrenoGLES-0( 2445): Build Config                     : S P 12.1.1 AArch64
03-31 13:30:45.368 I/AdrenoGLES-0( 2445): Driver Path                      : /vendor/lib64/egl/libGLESv2_adreno.so
03-31 13:30:45.368 I/AdrenoGLES-0( 2445): Driver Version                   : 0615.98
03-31 13:30:45.372 I/AdrenoGLES-0( 2445): PFP: 0x01730181, ME: 0x00000000
03-31 13:30:45.373 E/ashmem  ( 2445): Pinning is deprecated since Android Q. Please use trim or other methods.
03-31 13:30:45.374 I/hwservicemanager(  578): getTransport: Cannot find entry vendor.qti.qspmhal@1.0::IQspmhal/default in either framework or device VINTF manifest.
03-31 13:30:45.374 W/Adreno-AppProfiles( 2445): Could not find QSPM HAL service. Skipping adreno profile processing.
03-31 13:30:45.376 D/SurfaceComposerClient( 3951): setCornerRadius ## Task=1627#27640 cornerRadius=63.000000
03-31 13:30:45.376 E/TransactionExecutor( 2445): Failed to execute the transaction: tId:-1709786266 ClientTransaction{
03-31 13:30:45.376 E/TransactionExecutor( 2445): tId:-1709786266   transactionItems=[
03-31 13:30:45.376 E/TransactionExecutor( 2445): tId:-1709786266     LaunchActivityItem{activityToken=android.os.BinderProxy@cb82d,intent=Intent { act=android.intent.action.MAIN cat=[android.intent.category.LAUNCHER] flg=0x10200000 cmp=com.weejobs.app/.MainActivity },ident=3118458,info=ActivityInfo{f943ee3 com.weejobs.app.MainActivity},curConfig={1.0 302mcc610mnc [en_CA] ldltr sw344dp w344dp h882dp 420dpi nrml long port finger -keyb/v/h -nav/h winConfig={ mBounds=Rect(0, 0 - 904, 2316) mAppBounds=Rect(0, 0 - 904, 2316) mMaxBounds=Rect(0, 0 - 904, 2316) mDisplayRotation=ROTATION_0 mWindowingMode=fullscreen mActivityType=undefined mAlwaysOnTop=undefined mRotation=ROTATION_0 mStageConfig=undefined mEmbedActivityMode=undefined mPopOver=off mOverlappingWithCutout=false mFlexPanelMode=off} s.44177 fontWeightAdjustment=0 ff=0 bf=-1 bts=0 cst=1.0 nightDim=0 dt/s themeSeq=0},overrideConfig={1.0 302mcc610mnc [en_CA] ldltr sw344dp w344dp h882dp 420dpi nrml long port finger -keyb/v/h -nav/h winConfig={ mBounds=Rect(0, 0 - 904, 2316) mAppBounds=Rect(0, 0 - 904, 2316) mMaxBounds=Rect(0, 0 - 904, 2316) mDisplayRotation=ROTATION_0 mWindowingMode=fullscreen mActivityType=standard mAlwaysOnTop=undefined mRotation=ROTATION_0 mStageConfig=undefined mEmbedActivityMode=undefined mPopOver=off mOverlappingWithCutout=false mFlexPanelMode=off} s.2 fontWeightAdjustment=0 ff=0 bf=-1 bts=0 cst=1.0 nightDim=0 dt/s themeSeq=0},deviceId=0,referrer=com.android.shell,procState=2,state=null,persistentState=null,pendingResults=null,pendingNewIntents=null,sceneTransitionInfo=null,profilerInfo=null,assistToken=android.os.BinderProxy@27e6174,shareableActivityToken=android.os.BinderProxy@539069d,activityWindowInfo=ActivityWindowInfo{isEmbedded=false, taskBounds=Rect(0, 0 - 904, 2316), taskFragmentBounds=Rect(0, 0 - 904, 2316)}}
03-31 13:30:45.376 E/TransactionExecutor( 2445): tId:-1709786266     ResumeActivityItem{mActivityToken=android.os.BinderProxy@cb82d,procState=-1,isForward=true,shouldSendCompatFakeFocus=false}
03-31 13:30:45.376 E/TransactionExecutor( 2445): tId:-1709786266     Target activity: com.weejobs.app.MainActivity
03-31 13:30:45.376 E/TransactionExecutor( 2445): tId:-1709786266   ]
03-31 13:30:45.376 E/TransactionExecutor( 2445): tId:-1709786266 }
03-31 13:30:45.376 D/AndroidRuntime( 2445): Shutting down VM
--------- beginning of crash
03-31 13:30:45.376 E/AndroidRuntime( 2445): FATAL EXCEPTION: main
03-31 13:30:45.376 E/AndroidRuntime( 2445): Process: com.weejobs.app, PID: 2445
03-31 13:30:45.376 E/AndroidRuntime( 2445): java.lang.RuntimeException: Unable to start activity ComponentInfo{com.weejobs.app/com.weejobs.app.MainActivity}: java.lang.IllegalStateException: You need to use a Theme.AppCompat theme (or descendant) with this activity.
03-31 13:30:45.376 E/AndroidRuntime( 2445): 	at android.app.ActivityThread.performLaunchActivity(ActivityThread.java:4710)
03-31 13:30:45.376 E/AndroidRuntime( 2445): 	at android.app.ActivityThread.handleLaunchActivity(ActivityThread.java:4941)
03-31 13:30:45.376 E/AndroidRuntime( 2445): 	at android.app.servertransaction.LaunchActivityItem.execute(LaunchActivityItem.java:222)
03-31 13:30:45.376 E/AndroidRuntime( 2445): 	at android.app.servertransaction.TransactionExecutor.executeNonLifecycleItem(TransactionExecutor.java:133)
03-31 13:30:45.376 E/AndroidRuntime( 2445): 	at android.app.servertransaction.TransactionExecutor.executeTransactionItems(TransactionExecutor.java:103)
03-31 13:30:45.376 E/AndroidRuntime( 2445): 	at android.app.servertransaction.TransactionExecutor.execute(TransactionExecutor.java:80)
03-31 13:30:45.376 E/AndroidRuntime( 2445): 	at android.app.ActivityThread$H.handleMessage(ActivityThread.java:3150)
03-31 13:30:45.376 E/AndroidRuntime( 2445): 	at android.os.Handler.dispatchMessage(Handler.java:110)
03-31 13:30:45.376 E/AndroidRuntime( 2445): 	at android.os.Looper.loopOnce(Looper.java:273)
03-31 13:30:45.376 E/AndroidRuntime( 2445): 	at android.os.Looper.loop(Looper.java:363)
03-31 13:30:45.376 E/AndroidRuntime( 2445): 	at android.app.ActivityThread.main(ActivityThread.java:10060)
03-31 13:30:45.376 E/AndroidRuntime( 2445): 	at java.lang.reflect.Method.invoke(Native Method)
03-31 13:30:45.376 E/AndroidRuntime( 2445): 	at com.android.internal.os.RuntimeInit$MethodAndArgsCaller.run(RuntimeInit.java:632)
03-31 13:30:45.376 E/AndroidRuntime( 2445): 	at com.android.internal.os.ZygoteInit.main(ZygoteInit.java:975)
03-31 13:30:45.376 E/AndroidRuntime( 2445): Caused by: java.lang.IllegalStateException: You need to use a Theme.AppCompat theme (or descendant) with this activity.
03-31 13:30:45.376 E/AndroidRuntime( 2445): 	at androidx.appcompat.app.AppCompatDelegateImpl.createSubDecor(AppCompatDelegateImpl.java:902)
03-31 13:30:45.376 E/AndroidRuntime( 2445): 	at androidx.appcompat.app.AppCompatDelegateImpl.ensureSubDecor(AppCompatDelegateImpl.java:865)
03-31 13:30:45.376 E/AndroidRuntime( 2445): 	at androidx.appcompat.app.AppCompatDelegateImpl.findViewById(AppCompatDelegateImpl.java:667)
03-31 13:30:45.376 E/AndroidRuntime( 2445): 	at androidx.appcompat.app.AppCompatActivity.findViewById(AppCompatActivity.java:251)
03-31 13:30:45.376 E/AndroidRuntime( 2445): 	at expo.modules.splashscreen.SplashScreenManager.registerOnActivity(SplashScreenManager.kt:60)
03-31 13:30:45.376 E/AndroidRuntime( 2445): 	at com.weejobs.app.MainActivity.onCreate(MainActivity.kt:24)
03-31 13:30:45.376 E/AndroidRuntime( 2445): 	at android.app.Activity.performCreate(Activity.java:9519)
03-31 13:30:45.376 E/AndroidRuntime( 2445): 	at android.app.Activity.performCreate(Activity.java:9488)
03-31 13:30:45.376 E/AndroidRuntime( 2445): 	at android.app.Instrumentation.callActivityOnCreate(Instrumentation.java:1524)
03-31 13:30:45.376 E/AndroidRuntime( 2445): 	at android.app.ActivityThread.performLaunchActivity(ActivityThread.java:4692)
03-31 13:30:45.376 E/AndroidRuntime( 2445): 	... 13 more
03-31 13:30:45.377 I/Pageboost( 2349): 64 bit checked : true for 2445
03-31 13:30:45.377 I/Pageboost( 2349): IoRecord pid : 2445, started correctly
03-31 13:30:45.378 D/Debug   ( 2349): low && ship && 3rdparty app crash, do not dump
03-31 13:30:45.378 W/ActivityTaskManager( 2349):   Force finishing activity com.weejobs.app/.MainActivity
03-31 13:30:45.378 E/pageboostd( 4762): Received HALT command code 2
03-31 13:30:45.379 D/WindowManager( 2349): Transition is created, t=TransitionRecord{480fcd9 id=-1 type=CLOSE flags=0x10}, caller=com.android.server.wm.Transition.<init>:182 com.android.server.wm.TransitionController.createTransition:17 com.android.server.wm.TransitionController.requestTransitionIfNeeded:48 com.android.server.wm.RootWindowContainer$$ExternalSyntheticLambda34.accept:176 com.android.server.wm.Task.forAllLeafTasks:6 
03-31 13:30:45.379 D/BLASTSyncEngine( 2349): SyncGroup is created, id=1684, name=Transition-CLOSE, caller=com.android.server.wm.BLASTSyncEngine$SyncGroup.<init>:52 com.android.server.wm.TransitionController.moveToCollecting:79 com.android.server.wm.TransitionController.createTransition:46 com.android.server.wm.TransitionController.requestTransitionIfNeeded:48 com.android.server.wm.RootWindowContainer$$ExternalSyntheticLambda34.accept:176 com.android.server.wm.Task.forAllLeafTasks:6 com.android.server.wm.WindowContainer.forAllLeafTasks:4 
03-31 13:30:45.379 W/BLASTSyncEngine( 2349): setSyncMethod, id=1684, method=0, caller=com.android.server.wm.TransitionController.moveToCollecting:91 com.android.server.wm.TransitionController.createTransition:46 com.android.server.wm.TransitionController.requestTransitionIfNeeded:48 
03-31 13:30:45.379 V/WindowManager( 2349): Start collecting in Transition: TransitionRecord{480fcd9 id=1684 type=CLOSE flags=0x10}, caller=com.android.server.wm.TransitionController.createTransition:46 com.android.server.wm.TransitionController.requestTransitionIfNeeded:48 com.android.server.wm.RootWindowContainer$$ExternalSyntheticLambda34.accept:176 com.android.server.wm.Task.forAllLeafTasks:6 com.android.server.wm.WindowContainer.forAllLeafTasks:4 
03-31 13:30:45.379 V/WindowManager( 2349): Requesting StartTransition: TransitionRecord{480fcd9 id=1684 type=CLOSE flags=0x10}, caller=com.android.server.wm.TransitionController.requestTransitionIfNeeded:56 com.android.server.wm.RootWindowContainer$$ExternalSyntheticLambda34.accept:176 com.android.server.wm.Task.forAllLeafTasks:6 com.android.server.wm.WindowContainer.forAllLeafTasks:4 com.android.server.wm.DisplayArea.forAllLeafTasks:4 
03-31 13:30:45.379 I/DropBoxManagerService( 2349): add tag=data_app_crash isTagEnabled=true flags=0x2
03-31 13:30:45.379 V/WindowManager( 2349): Collecting in transition 1684: Task{27fc988 #1627 type=standard A=10789:com.weejobs.app}, caller=com.android.server.wm.Transition.collectExistenceChange:40 com.android.server.wm.Transition.collectClose:7 com.android.server.wm.ActivityRecord.finishIfPossible:72 com.android.server.wm.ActivityRecord.finishIfPossible:1 com.android.server.wm.RootWindowContainer$$ExternalSyntheticLambda34.accept:179 
03-31 13:30:45.379 D/WindowManager( 2349): prepareSync <SYNC_STATE_WAITING_FOR_DRAW>, mPrepareSyncSeqId=0, win=Window{ad18b1b u0 Splash Screen com.weejobs.app}
03-31 13:30:45.380 D/ActivityTaskManager( 2349): scheduleTopResumedActivityChanged, onTop=false, r=ActivityRecord{3118458 u0 com.weejobs.app/.MainActivity t1627 f}}, caller=com.android.server.wm.ActivityTaskSupervisor.scheduleTopResumedActivityStateLossIfNeeded:19 com.android.server.wm.ActivityTaskSupervisor.updateTopResumedActivityIfNeeded:20 com.android.server.wm.TaskDisplayArea.positionChildAt:252 com.android.server.wm.WindowContainer.positionChildAt:84 com.android.server.wm.Task.positionChildAt:19 com.android.server.wm.Task.moveToFront:40 
03-31 13:30:45.380 W/ActivityManager( 2349): crash : com.weejobs.app,10789
03-31 13:30:45.380 V/WindowManager( 2349): Collecting in transition 1684: ActivityRecord{3118458 u0 com.weejobs.app/.MainActivity t1627 f}}, caller=com.android.server.wm.TransitionController.collect:7 com.android.server.wm.ActivityRecord.setVisibility:132 com.android.server.wm.ActivityRecord.finishIfPossible:130 com.android.server.wm.ActivityRecord.finishIfPossible:1 com.android.server.wm.RootWindowContainer$$ExternalSyntheticLambda34.accept:179 
03-31 13:30:45.380 V/WindowManagerShell( 3951): Transition requested (#1684): android.os.BinderProxy@9b2c3a1 TransitionRequestInfo { type = CLOSE, triggerTask = TaskInfo{userId=0 taskId=1627 effectiveUid=10789 displayId=0 isRunning=true baseIntent=Intent { act=android.intent.action.MAIN cat=[android.intent.category.LAUNCHER] flg=0x10200000 cmp=com.weejobs.app/.MainActivity } baseActivity=ComponentInfo{com.weejobs.app/com.weejobs.app.MainActivity} topActivity=ComponentInfo{com.weejobs.app/com.weejobs.app.MainActivity} origActivity=null realActivity=ComponentInfo{com.weejobs.app/com.weejobs.app.MainActivity} numActivities=1 lastActiveTime=712550331 supportsMultiWindow=true resizeMode=1 isResizeable=true minWidth=-1 minHeight=-1 maxWidth=-1 maxHeight=-1 defaultMinSize=220 desktopDefaultMinSize=304 token=WCT{android.window.IWindowContainerToken$Stub$Proxy@83e89c6} topActivityType=1 pictureInPictureParams=null shouldDockBigOverlays=false launchIntoPipHostTaskId=-1 lastParentTaskIdBeforePip=-1 displayCutoutSafeInsets=Rect(0, 0 - 0, 0) topActivityInfo=ActivityInfo{5bf2d87 com.weejobs.app.MainActivity} launchCookies=[] positionInParent=Point(0, 0) parentTaskId=-1 isFocused=true isVisible=true isVisibleRequested=true isTopActivityNoDisplay=false isSleeping=false locusId=null displayAreaFeatureId=1 isTopActivityTransparent=false isActivityStackTransparent=false lastNonFullscreenBounds=Rect(71, 681 - 833, 1596) capturedLink=null capturedLinkTimestamp=0 requestedVisibleTypes=-9 topActivityRequestOpenInBrowserEducationTimestamp=0 appCompatTaskInfo=AppCompatTaskInfo { topActivityInSizeCompat=false eligibleForLetterboxEducation= false isLetterboxEducationEnabled= false isLetterboxDoubleTapEnabled= false eligibleForUserAspectRatioButton= false topActivityBoundsLetterboxed= false isFromLetterboxDoubleTap= false topActivityLetterboxVerticalPosition= -1 topActivityLetterboxHorizontalPosition= -1 topActivityLetterboxWidth=-1 topActivityLetterboxHeight=-1 topActivityAppBounds=Rect(0, 0 - 904, 2316) isUserFullscreenOverrideEnabled=true isSystemFullscreenOverrideEnabled=false hasMinAspectRatioOverride=false topActivityLetterboxBounds=null cameraCompatTaskInfo=CameraCompatTaskInfo { freeformCameraCompatMode=inactive} topActivityBounds=null topActivityInDisplayCompat=false singleTapFromLetterbox=false} topActivityMainWindowFrame=null originallySupportedMultiWindow=true hasWallpaper=false rootAffinity=10789:com.weejobs.app isTopTaskInStage=false CoverLauncherWidgetTask=false LaunchedFromAppsCoverLauncherTask=false LaunchedFromMultistarCoverLauncherTask=false isAllowedSeamlessRotation=false isTopTransparentActivity=false isAliasManaged=false hasConfigChanged=false snappingGuideBounds=null isAiKeyRemoveAppTask=false lastDesktopWindowingBounds=null lastExternalDesktopWindowingBounds=null isTopFullScreenWindow=true isFullSizeWindow=true safeCutoutInsets=null}, pipChange = null, remoteTransition = null, displayChange = null, flags = 16, debugId = 1684 }
03-31 13:30:45.380 V/ShellDesktopMode( 3951): DesktopTasksController: isDesktopModeShowing: hasVisibleTasks=false hasTopTransparentFullscreenTask=false
03-31 13:30:45.380 V/ShellDesktopMode( 3951): DesktopTasksController: isDesktopModeShowing: hasVisibleTasks=false hasTopTransparentFullscreenTask=false
03-31 13:30:45.380 D/ShellDesktopMode( 3951): handleRequest: TransitionRequestInfo {type=2, tid=1627, f=16, debugId=1684}
03-31 13:30:45.380 V/ShellDesktopMode( 3951): DesktopTasksController: skipping handleRequest reason=transition type not handled (2)
03-31 13:30:45.380 V/WindowManager( 2349): Collecting in transition 1684: ActivityRecord{102437058 u0 com.sec.android.app.launcher/.activities.LauncherActivity t1407}, caller=com.android.server.wm.TransitionController.collect:7 com.android.server.wm.ActivityRecord.setVisibility:132 com.android.server.wm.ActivityRecord.makeVisibleIfNeeded:36 com.android.server.wm.EnsureActivitiesVisibleHelper.setActivityVisibilityState:298 com.android.server.wm.EnsureActivitiesVisibleHelper.process:281 
03-31 13:30:45.380 D/WindowManager( 2349): prepareSync <SYNC_STATE_WAITING_FOR_DRAW>, mPrepareSyncSeqId=0, win=Window{a4b6524 u0 com.sec.android.app.launcher/com.sec.android.app.launcher.activities.LauncherActivity}
03-31 13:30:45.381 V/WindowManager( 2349): Collecting in transition 1684: WallpaperWindowToken{fb2395 showWhenLocked=false}_<system|non-primary>, caller=com.android.server.wm.TransitionController.collect:7 com.android.server.wm.WallpaperWindowToken.setVisibility:55 com.android.server.wm.WallpaperController.adjustWallpaperWindows:857 com.android.server.wm.RootWindowContainer.applySurfaceChangesTransaction$1:141 com.android.server.wm.RootWindowContainer.performSurfacePlacementNoTrace:86 
03-31 13:30:45.381 D/SurfaceComposerClient( 2349): setCornerRadius ## a4b6524 com.sec.android.app.launcher/com.sec.android.app.launcher.activities.LauncherActivity#191 cornerRadius=0.000000
03-31 13:30:45.381 I/WindowManager( 2349): Cancelling animation restarting=true, leash=Surface(name=Surface(name=630de79 TaskbarWindow)/@0xe72b262 - animation-leash of insets_animation)/@0x79588d
03-31 13:30:45.381 I/WindowManager( 2349): Reparenting to original parent: Surface(name=WindowToken{aae3b1 type=2024 android.os.BinderProxy@ce8ff88})/@0x2fbfff3, destroy=false, surface=Surface(name=630de79 TaskbarWindow)/@0xe72b262
03-31 13:30:45.381 I/WindowManager( 2349): Reparenting to leash, surface=Surface(name=630de79 TaskbarWindow)/@0xe72b262, leashParent=Surface(name=WindowToken{aae3b1 type=2024 android.os.BinderProxy@ce8ff88})/@0x2fbfff3
03-31 13:30:45.381 I/SurfaceFlinger( 1676): id=27649 createSurf, flag=24000, Surface(name=630de79 TaskbarWindow)/@0xe72b262 - animation-leash of insets_animation#27649
03-31 13:30:45.384 I/SurfaceFlinger( 1676): [Surface(name=630de79 TaskbarWindow)/@0xe72b262 - animation-leash of insets_animation#27649] attach to parent LayerHierarchy{RequestedLayerState{WindowToken{aae3b1 type=2024 android.os.BinderProxy@ce8ff88}#3358 parentId=35 z=1} 2 children}
03-31 13:30:45.384 D/WindowManager( 2349): makeSurface duration=3 leash=Surface(name=Surface(name=630de79 TaskbarWindow)/@0xe72b262 - animation-leash of insets_animation)/@0xefcdeaa
03-31 13:30:45.384 D/InsetsSourceProvider( 2349): updateControlForTarget: control=InsetsSourceControl: {244a0001 mType=navigationBars initiallyVisible mSurfacePosition=Point(0, 2050) mInsetsHint=Insets{left=0, top=0, right=0, bottom=126}}, target=Window{a4b6524 u0 com.sec.android.app.launcher/com.sec.android.app.launcher.activities.LauncherActivity}, from=com.android.server.wm.InsetsStateController.onControlTargetChanged:83 com.android.server.wm.InsetsPolicy.updateBarControlTarget:225 com.android.server.wm.DisplayPolicy.updateSystemBarAttributes:262 com.android.server.wm.DisplayPolicy.finishPostLayoutPolicyLw:17 com.android.server.wm.RootWindowContainer.applySurfaceChangesTransaction$1:195 
03-31 13:30:45.384 I/WindowManager( 2349): Cancelling animation restarting=true, leash=Surface(name=Surface(name=1bba892 StatusBar)/@0x77f5e69 - animation-leash of insets_animation)/@0x8203a53
03-31 13:30:45.384 I/WindowManager( 2349): Reparenting to original parent: Surface(name=WindowToken{cc12e1d type=2000 android.os.BinderProxy@c0490c7})/@0xe3560ee, destroy=false, surface=Surface(name=1bba892 StatusBar)/@0x77f5e69
03-31 13:30:45.384 I/WindowManager( 2349): Reparenting to leash, surface=Surface(name=1bba892 StatusBar)/@0x77f5e69, leashParent=Surface(name=WindowToken{cc12e1d type=2000 android.os.BinderProxy@c0490c7})/@0xe3560ee
03-31 13:30:45.384 D/SurfaceComposerClient( 3951): setCornerRadius ## Task=1627#27640 cornerRadius=63.000000
03-31 13:30:45.384 I/SurfaceFlinger( 1676): id=27650 createSurf, flag=24000, Surface(name=1bba892 StatusBar)/@0x77f5e69 - animation-leash of insets_animation#27650
03-31 13:30:45.386 D/WindowManager( 2349): makeSurface duration=2 leash=Surface(name=Surface(name=1bba892 StatusBar)/@0x77f5e69 - animation-leash of insets_animation)/@0x319ae38
03-31 13:30:45.387 D/InsetsSourceProvider( 2349): updateControlForTarget: control=InsetsSourceControl: {fb6f0000 mType=statusBars initiallyVisible mSurfacePosition=Point(0, 0) mInsetsHint=Insets{left=0, top=87, right=0, bottom=0}}, target=Window{a4b6524 u0 com.sec.android.app.launcher/com.sec.android.app.launcher.activities.LauncherActivity}, from=com.android.server.wm.InsetsStateController.onControlTargetChanged:83 com.android.server.wm.InsetsPolicy.updateBarControlTarget:212 com.android.server.wm.DisplayPolicy.updateSystemBarAttributes:262 com.android.server.wm.DisplayPolicy.finishPostLayoutPolicyLw:17 com.android.server.wm.RootWindowContainer.applySurfaceChangesTransaction$1:195 
03-31 13:30:45.387 I/WindowManager( 2349): Cancelling animation restarting=true, leash=Surface(name=Surface(name=45abe9 NavigationBar0)/@0x6ac041c - animation-leash of insets_animation)/@0xaaff089
03-31 13:30:45.387 I/WindowManager( 2349): Reparenting to original parent: Surface(name=WindowToken{9f81ded type=2019 android.os.BinderProxy@4e9e817})/@0xa267825, destroy=false, surface=Surface(name=45abe9 NavigationBar0)/@0x6ac041c
03-31 13:30:45.387 I/WindowManager( 2349): Reparenting to leash, surface=Surface(name=45abe9 NavigationBar0)/@0x6ac041c, leashParent=Surface(name=WindowToken{9f81ded type=2019 android.os.BinderProxy@4e9e817})/@0xa267825
03-31 13:30:45.387 I/SurfaceFlinger( 1676): id=27651 createSurf, flag=24000, Surface(name=45abe9 NavigationBar0)/@0x6ac041c - animation-leash of insets_animation#27651
03-31 13:30:45.389 D/WindowManager( 2349): makeSurface duration=3 leash=Surface(name=Surface(name=45abe9 NavigationBar0)/@0x6ac041c - animation-leash of insets_animation)/@0xba23b76
03-31 13:30:45.389 D/InsetsSourceProvider( 2349): updateControlForTarget: control=InsetsSourceControl: {a1630001 mType=navigationBars initiallyVisible mSurfacePosition=Point(0, 2190) mInsetsHint=Insets{left=0, top=0, right=0, bottom=126}}, target=Window{a4b6524 u0 com.sec.android.app.launcher/com.sec.android.app.launcher.activities.LauncherActivity}, from=com.android.server.wm.InsetsStateController.onControlTargetChanged:83 com.android.server.wm.InsetsPolicy.updateBarControlTarget:225 com.android.server.wm.DisplayPolicy.updateSystemBarAttributes:262 com.android.server.wm.DisplayPolicy.finishPostLayoutPolicyLw:17 com.android.server.wm.RootWindowContainer.applySurfaceChangesTransaction$1:195 
03-31 13:30:45.390 D/WindowManager( 2349): updateSystemBarAttributes: displayId=0, focusedCanBeNavColorWin=false, win=Window{a4b6524 u0 com.sec.android.app.launcher/com.sec.android.app.launcher.activities.LauncherActivity}, navColorWin=Window{a4b6524 u0 com.sec.android.app.launcher/com.sec.android.app.launcher.activities.LauncherActivity}, caller=com.android.server.wm.DisplayPolicy.finishPostLayoutPolicyLw:17 com.android.server.wm.RootWindowContainer.applySurfaceChangesTransaction$1:195 com.android.server.wm.RootWindowContainer.performSurfacePlacementNoTrace:86 
03-31 13:30:45.390 D/WindowManager( 2349): updateSystemBarAttributes, bhv=2, apr=0, statusBarAprRegions=[AppearanceRegion{ bounds=[0,0][904,2316]}], requestedVisibilities=-9
03-31 13:30:45.390 D/SurfaceComposerClient( 2349): setCornerRadius ## a4b6524 com.sec.android.app.launcher/com.sec.android.app.launcher.activities.LauncherActivity#191 cornerRadius=0.000000
03-31 13:30:45.391 D/ActivityManager( 2349): !@AM_BOOT_PROGRESS , ensureBootCompleted booting:false /enableScreen:false /caller:com.android.server.am.ActivityManagerService.ensureBootCompleted:47 com.android.server.am.ActivityManagerService$UiHandler.handleMessage$com$android$server$am$ActivityManagerService$UiHandler:614 
03-31 13:30:45.391 I/Process ( 2445): Sending signal. PID: 2445 SIG: 9
03-31 13:30:45.391 V/WindowManager( 2349): Starting Transition 1684, caller=com.android.server.wm.WindowOrganizerController.startTransition:47 com.android.server.wm.WindowOrganizerController.startTransition:1 android.window.IWindowOrganizerController$Stub.onTransact:259 
03-31 13:30:45.392 I/SurfaceFlinger( 1676): [Surface(name=1bba892 StatusBar)/@0x77f5e69 - animation-leash of insets_animation#27650] attach to parent LayerHierarchy{RequestedLayerState{WindowToken{cc12e1d type=2000 android.os.BinderProxy@c0490c7}#114 parentId=18} 2 children}
03-31 13:30:45.392 I/SurfaceFlinger( 1676): [Surface(name=45abe9 NavigationBar0)/@0x6ac041c - animation-leash of insets_animation#27651] attach to parent LayerHierarchy{RequestedLayerState{WindowToken{9f81ded type=2019 android.os.BinderProxy@4e9e817}#110 parentId=35} 2 children}
03-31 13:30:45.393 D/SurfaceComposerClient( 3951): setCornerRadius ## Task=1627#27640 cornerRadius=63.000000
03-31 13:30:45.395 I/DMASA[D](10363): [FCDetectionService]Enqueue work to FC
03-31 13:30:45.395 I/HoneySpace.RecentTasks( 4276): onRecentTasksChanged
03-31 13:30:45.396 W/JobInfo ( 2349): Job 'com.sec.android.diagmonagent/.dma.dropbox.FCDetectionService#11419' has a deadline with no functional constraints. The deadline won't improve job execution latency. Consider removing the deadline.
03-31 13:30:45.398 I/HoneySpace.TopTaskSource( 4276): onTaskMovedToFront : taskId = 1407, displayId = 0
03-31 13:30:45.398 I/HoneySpace.TopTaskUseCase( 4276): topTasks 1407 ComponentInfo{com.sec.android.app.launcher/com.sec.android.app.launcher.Launcher}[displayId=0]
03-31 13:30:45.400 D/ActivityManager( 2349): sync unfroze 27348 com.samsung.android.dqagent for 3
03-31 13:30:45.401 I/SurfaceFlinger( 1676): [LayerHierarchy{RequestedLayerState{45abe9 NavigationBar0#111 parentId=27651} 1 children}] reparent to LayerHierarchy{RequestedLayerState{Surface(name=45abe9 NavigationBar0)/@0x6ac041c - animation-leash of insets_animation#27651 parentId=110} 1 children}
03-31 13:30:45.401 I/SurfaceFlinger( 1676): [LayerHierarchy{RequestedLayerState{1bba892 StatusBar#115 parentId=27650} 1 children}] reparent to LayerHierarchy{RequestedLayerState{Surface(name=1bba892 StatusBar)/@0x77f5e69 - animation-leash of insets_animation#27650 parentId=114} 1 children}
03-31 13:30:45.401 I/SurfaceFlinger( 1676): [LayerHierarchy{RequestedLayerState{630de79 TaskbarWindow#3359 parentId=27649} 1 children}] reparent to LayerHierarchy{RequestedLayerState{Surface(name=630de79 TaskbarWindow)/@0xe72b262 - animation-leash of insets_animation#27649 parentId=3358} 1 children}
03-31 13:30:45.401 I/SurfaceFlinger( 1676): [LayerHierarchy{RequestedLayerState{Surface(name=45abe9 NavigationBar0)/@0x6ac041c - animation-leash of insets_animation#27647} no children}] reparent to OffscreenRoot
03-31 13:30:45.401 I/SurfaceFlinger( 1676): [LayerHierarchy{RequestedLayerState{Surface(name=45abe9 NavigationBar0)/@0x6ac041c - animation-leash of insets_animation#27647} no children}] RelativeParent to null
03-31 13:30:45.401 I/SurfaceFlinger( 1676): [LayerHierarchy{RequestedLayerState{Surface(name=1bba892 StatusBar)/@0x77f5e69 - animation-leash of insets_animation#27646} no children}] reparent to OffscreenRoot
03-31 13:30:45.401 I/SurfaceFlinger( 1676): [LayerHierarchy{RequestedLayerState{Surface(name=1bba892 StatusBar)/@0x77f5e69 - animation-leash of insets_animation#27646} no children}] RelativeParent to null
