03-31 13:36:16.288 V/GraphicsEnvironment( 6275): com.weejobs.app is not listed in ANGLE allowlist or settings, returning default
03-31 13:36:16.288 V/GraphicsEnvironment( 6275): App is not on the allowlist for updatable production driver.
03-31 13:36:16.298 W/SoLoader( 6275): Initializing SoLoader: 0
03-31 13:36:16.298 W/SoLoader( 6275): Recording new base apk path: /data/app/~~bfUEuEtsVlW11B_3UKFPOQ==/com.weejobs.app-DxGXwdSK_kQdmmgL-hocJA==/base.apk
03-31 13:36:16.298 W/SoLoader( 6275): Previously recorded 0 base apk paths.
03-31 13:36:16.298 I/SoLoader( 6275): Preparing SO source: DirectorySoSource[root = /vendor/lib64 flags = 2]
03-31 13:36:16.298 I/SoLoader( 6275): Preparing SO source: DirectorySoSource[root = /system/lib64 flags = 2]
03-31 13:36:16.298 I/SoLoader( 6275): Preparing SO source: DirectApkSoSource[root = [/data/app/~~bfUEuEtsVlW11B_3UKFPOQ==/com.weejobs.app-DxGXwdSK_kQdmmgL-hocJA==/base.apk!/lib/arm64-v8a]]
03-31 13:36:16.300 I/SurfaceFlinger( 1676): [LayerHierarchy{RequestedLayerState{Surface(name=630de79 TaskbarWindow)/@0xe72b262 - animation-leash of insets_animation#27666} 1 children}] reparent to OffscreenRoot
03-31 13:36:16.300 I/SurfaceFlinger( 1676): [LayerHierarchy{RequestedLayerState{Surface(name=630de79 TaskbarWindow)/@0xe72b262 - animation-leash of insets_animation#27666} 1 children}] RelativeParent to null
03-31 13:36:16.300 I/SurfaceFlinger( 1676): [LayerHierarchy{RequestedLayerState{45abe9 NavigationBar0#111 parentId=27681} 1 children}] reparent to LayerHierarchy{RequestedLayerState{Surface(name=45abe9 NavigationBar0)/@0x6ac041c - animation-leash of insets_animation#27681 parentId=110} 1 children}
03-31 13:36:16.300 I/SurfaceFlinger( 1676): [LayerHierarchy{RequestedLayerState{1bba892 StatusBar#115 parentId=27680} 1 children}] reparent to LayerHierarchy{RequestedLayerState{Surface(name=1bba892 StatusBar)/@0x77f5e69 - animation-leash of insets_animation#27680 parentId=114} 1 children}
03-31 13:36:16.300 I/SurfaceFlinger( 1676): [LayerHierarchy{RequestedLayerState{630de79 TaskbarWindow#3359 parentId=27679} 1 children}] reparent to LayerHierarchy{RequestedLayerState{Surface(name=630de79 TaskbarWindow)/@0xe72b262 - animation-leash of insets_animation#27679 parentId=3358} 1 children}
03-31 13:36:16.300 I/SurfaceFlinger( 1676): [LayerHierarchy{RequestedLayerState{Surface(name=1bba892 StatusBar)/@0x77f5e69 - animation-leash of insets_animation#27667} no children}] reparent to OffscreenRoot
03-31 13:36:16.300 I/SurfaceFlinger( 1676): [LayerHierarchy{RequestedLayerState{Surface(name=1bba892 StatusBar)/@0x77f5e69 - animation-leash of insets_animation#27667} no children}] RelativeParent to null
03-31 13:36:16.300 I/SurfaceFlinger( 1676): [LayerHierarchy{RequestedLayerState{Surface(name=45abe9 NavigationBar0)/@0x6ac041c - animation-leash of insets_animation#27668} no children}] reparent to OffscreenRoot
03-31 13:36:16.300 I/SurfaceFlinger( 1676): [LayerHierarchy{RequestedLayerState{Surface(name=45abe9 NavigationBar0)/@0x6ac041c - animation-leash of insets_animation#27668} no children}] RelativeParent to null
03-31 13:36:16.300 I/SurfaceFlinger( 1676): [6ac2850 ActivityRecordInputSink com.weejobs.app/.MainActivity#27682] attach to parent LayerHierarchy{RequestedLayerState{ActivityRecord{56147790 u0 com.weejobs.app/.MainActivity t1629}#27675 parentId=27674} 2 children}
03-31 13:36:16.300 I/SoLoader( 6275): Preparing SO source: ApplicationSoSource[DirectorySoSource[root = /data/app/~~bfUEuEtsVlW11B_3UKFPOQ==/com.weejobs.app-DxGXwdSK_kQdmmgL-hocJA==/lib/arm64 flags = 0]]
03-31 13:36:16.300 I/SoLoader( 6275): init finish: 4 SO sources prepared
03-31 13:36:16.300 W/SoLoader( 6275): SoLoader initialized: 8
03-31 13:36:16.301 I/ImeFocusController( 4276): onPreWindowFocus: skipped hasWindowFocus=false mHasImeFocus=true
03-31 13:36:16.303 I/ImeFocusController( 4276): onPostWindowFocus: skipped hasWindowFocus=false mHasImeFocus=true
03-31 13:36:16.304 I/SurfaceFlinger( 1676): id=27666 Removed Surface(name=630de79 TaskbarWindow)/@0xe72b262 - animation-leash of insets_animation#27666 (194)
03-31 13:36:16.304 I/WindowManager( 2349): notifyInsetsControlChanged, removed=false, win=Window{f241244 u0 Splash Screen com.weejobs.app}, caller=com.android.server.wm.InsetsStateController$$ExternalSyntheticLambda1.run:137 com.android.server.wm.WindowAnimator$$ExternalSyntheticLambda2.onTransactionCommitted:26 android.view.SurfaceControl$Transaction$$ExternalSyntheticLambda4.run:0 android.os.Handler.handleCallback:995 android.os.Handler.dispatchMessage:103 android.os.Looper.loopOnce:273 
03-31 13:36:16.304 I/HoneySpace.InputDeviceSourceRepositoryImpl( 4276): onInputDeviceRemoved 19
03-31 13:36:16.304 I/HoneySpace.InputDeviceSourceRepositoryImpl( 4276): onInputDeviceRemoved 19
03-31 13:36:16.305 I/HoneySpace.RecentscreenPot( 4276): createLayoutStyle: FoldCoverLayoutStyle(ScreenLayoutStyle(insets=Insets{left=0, top=87, right=0, bottom=126}), FGSLayoutStyle(touchAreaHeight=143, buttonMargin=Insets{left=42, top=0, right=63, bottom=0}, textSize=31.5, textColor=-328966, background=androidx.appcompat.graphics.drawable.SeslRecoilDrawable@6d67e01, marginTop=11), MoreMenuLayoutStyle(src=android.graphics.drawable.VectorDrawable@97e24a6, iconSize=120, touchPadding=Insets{left=12, top=12, right=12, bottom=12}, marginTop=13, marginEnd=21))
03-31 13:36:16.305 D/nativeloader( 6275): Load /data/app/~~bfUEuEtsVlW11B_3UKFPOQ==/com.weejobs.app-DxGXwdSK_kQdmmgL-hocJA==/base.apk!/lib/arm64-v8a/libc++_shared.so using class loader ns clns-9 (caller=/data/app/~~bfUEuEtsVlW11B_3UKFPOQ==/com.weejobs.app-DxGXwdSK_kQdmmgL-hocJA==/base.apk!classes3.dex): ok
03-31 13:36:16.305 D/SurfaceComposerClient( 3951): setCornerRadius ## Task=1629#27674 cornerRadius=63.000000
03-31 13:36:16.305 I/HoneySpace.RecentscreenPot( 4276): createLayoutStyle: FoldCoverLayoutStyle(ScreenLayoutStyle(insets=Insets{left=0, top=87, right=0, bottom=126}), FGSLayoutStyle(touchAreaHeight=143, buttonMargin=Insets{left=42, top=0, right=63, bottom=0}, textSize=31.5, textColor=-328966, background=androidx.appcompat.graphics.drawable.SeslRecoilDrawable@ced2c00, marginTop=11), MoreMenuLayoutStyle(src=android.graphics.drawable.VectorDrawable@c63ec39, iconSize=120, touchPadding=Insets{left=12, top=12, right=12, bottom=12}, marginTop=13, marginEnd=21))
03-31 13:36:16.305 I/HoneySpace.RecentscreenPot( 4276): createLayoutStyle: FoldCoverLayoutStyle(ScreenLayoutStyle(insets=Insets{left=0, top=87, right=0, bottom=126}), FGSLayoutStyle(touchAreaHeight=143, buttonMargin=Insets{left=42, top=0, right=63, bottom=0}, textSize=31.5, textColor=-328966, background=androidx.appcompat.graphics.drawable.SeslRecoilDrawable@933efb, marginTop=11), MoreMenuLayoutStyle(src=android.graphics.drawable.VectorDrawable@d047b18, iconSize=120, touchPadding=Insets{left=12, top=12, right=12, bottom=12}, marginTop=13, marginEnd=21))
03-31 13:36:16.305 I/HoneySpace.RecentscreenPot( 4276): createLayoutStyle: FoldCoverLayoutStyle(ScreenLayoutStyle(insets=Insets{left=0, top=87, right=0, bottom=126}), FGSLayoutStyle(touchAreaHeight=143, buttonMargin=Insets{left=42, top=0, right=63, bottom=0}, textSize=31.5, textColor=-328966, background=androidx.appcompat.graphics.drawable.SeslRecoilDrawable@1effee2, marginTop=11), MoreMenuLayoutStyle(src=android.graphics.drawable.VectorDrawable@7a49273, iconSize=120, touchPadding=Insets{left=12, top=12, right=12, bottom=12}, marginTop=13, marginEnd=21))
03-31 13:36:16.305 I/HoneySpace.RecentscreenPot( 4276): createLayoutStyle: FoldCoverLayoutStyle(ScreenLayoutStyle(insets=Insets{left=0, top=87, right=0, bottom=126}), FGSLayoutStyle(touchAreaHeight=143, buttonMargin=Insets{left=42, top=0, right=63, bottom=0}, textSize=31.5, textColor=-328966, background=androidx.appcompat.graphics.drawable.SeslRecoilDrawable@2caa365, marginTop=11), MoreMenuLayoutStyle(src=android.graphics.drawable.VectorDrawable@32e883a, iconSize=120, touchPadding=Insets{left=12, top=12, right=12, bottom=12}, marginTop=13, marginEnd=21))
03-31 13:36:16.305 I/HoneySpace.RecentscreenPot( 4276): createLayoutStyle: FoldCoverLayoutStyle(ScreenLayoutStyle(insets=Insets{left=0, top=87, right=0, bottom=126}), FGSLayoutStyle(touchAreaHeight=143, buttonMargin=Insets{left=42, top=0, right=63, bottom=0}, textSize=31.5, textColor=-328966, background=androidx.appcompat.graphics.drawable.SeslRecoilDrawable@a8552f4, marginTop=11), MoreMenuLayoutStyle(src=android.graphics.drawable.VectorDrawable@6c2da1d, iconSize=120, touchPadding=Insets{left=12, top=12, right=12, bottom=12}, marginTop=13, marginEnd=21))
03-31 13:36:16.306 I/HoneySpace.RecentscreenPot( 4276): createLayoutStyle: FoldCoverLayoutStyle(ScreenLayoutStyle(insets=Insets{left=0, top=87, right=0, bottom=126}), FGSLayoutStyle(touchAreaHeight=143, buttonMargin=Insets{left=42, top=0, right=63, bottom=0}, textSize=31.5, textColor=-328966, background=androidx.appcompat.graphics.drawable.SeslRecoilDrawable@5b11dbf, marginTop=11), MoreMenuLayoutStyle(src=android.graphics.drawable.VectorDrawable@4340c8c, iconSize=120, touchPadding=Insets{left=12, top=12, right=12, bottom=12}, marginTop=13, marginEnd=21))
03-31 13:36:16.306 I/HoneySpace.RecentscreenPot( 4276): createLayoutStyle: FoldCoverLayoutStyle(ScreenLayoutStyle(insets=Insets{left=0, top=87, right=0, bottom=126}), FGSLayoutStyle(touchAreaHeight=143, buttonMargin=Insets{left=42, top=0, right=63, bottom=0}, textSize=31.5, textColor=-328966, background=androidx.appcompat.graphics.drawable.SeslRecoilDrawable@552e4b6, marginTop=11), MoreMenuLayoutStyle(src=android.graphics.drawable.VectorDrawable@bf05b7, iconSize=120, touchPadding=Insets{left=12, top=12, right=12, bottom=12}, marginTop=13, marginEnd=21))
03-31 13:36:16.306 I/HoneySpace.TaskListPot[4976c1f]( 4276): navigationButtonVisible observe: 8
03-31 13:36:16.306 I/HoneySpace.TaskListContainerView( 4276): isLastItemOutOfScreen null
03-31 13:36:16.306 I/HoneySpace.TaskListContainerView( 4276): updateNavigationButtonVisible gone
03-31 13:36:16.306 I/SurfaceFlinger( 1676): id=27667 Removed Surface(name=1bba892 StatusBar)/@0x77f5e69 - animation-leash of insets_animation#27667 (194)
03-31 13:36:16.306 I/SurfaceFlinger( 1676): id=27668 Removed Surface(name=45abe9 NavigationBar0)/@0x6ac041c - animation-leash of insets_animation#27668 (194)
03-31 13:36:16.306 D/nativeloader( 6275): Load /data/app/~~bfUEuEtsVlW11B_3UKFPOQ==/com.weejobs.app-DxGXwdSK_kQdmmgL-hocJA==/base.apk!/lib/arm64-v8a/libjsi.so using class loader ns clns-9 (caller=/data/app/~~bfUEuEtsVlW11B_3UKFPOQ==/com.weejobs.app-DxGXwdSK_kQdmmgL-hocJA==/base.apk!classes3.dex): ok
03-31 13:36:16.307 D/KNOX_MDM_SettingsProvider( 2349): isChangeAllowed() : name = sem_task_bar_available
03-31 13:36:16.307 D/KNOX_MDM_SettingsProvider( 2349): edmUri: content://com.sec.knox.provider/RestrictionPolicy3
03-31 13:36:16.307 D/KNOX_MDM_SettingsProvider( 2349): projectionArgs: isSettingsChangesAllowed
03-31 13:36:16.307 D/KNOX_MDM_SettingsProvider( 2349): selectionArgs: false
03-31 13:36:16.307 D/KNOX_MDM_SettingsProvider( 2349): selectionArgs: 10039
03-31 13:36:16.307 D/SecContentProvider( 2349): query(), uri = 17 selection = isSettingsChangesAllowed
03-31 13:36:16.307 D/SecContentProvider( 2349): called from android.uid.systemui:10039
03-31 13:36:16.307 D/RestrictionPolicy( 2349): isSettingsChangesAllowedAsUser, userId 0 : true
03-31 13:36:16.307 D/KNOX_MDM_SettingsProvider( 2349): ret = 1
03-31 13:36:16.308 I/VRI[app]@34f31fb( 3951): onActiveControlsChanged, removed=false, mAdded=true, caller=android.view.ViewRootImpl.handleInsetsControlChanged:3002 android.view.ViewRootImpl$ViewRootHandler.handleMessageImpl:8352 android.view.ViewRootImpl$ViewRootHandler.handleMessage:8301 android.os.Handler.dispatchMessage:110 android.os.Looper.loopOnce:273 
03-31 13:36:16.308 I/InsetsSourceConsumer( 3951): applyRequestedVisibilityToControl: visible=true, type=statusBars, host=Splash Screen com.weejobs.app
03-31 13:36:16.308 I/SurfaceFlinger( 1676): destroyed Surface(name=630de79 TaskbarWindow)/@0xe72b262 - animation-leash of insets_animation#27666 form LifecycleManager
03-31 13:36:16.308 I/SurfaceFlinger( 1676): destroyed Surface(name=1bba892 StatusBar)/@0x77f5e69 - animation-leash of insets_animation#27667 form LifecycleManager
03-31 13:36:16.308 I/SurfaceFlinger( 1676): destroyed Surface(name=45abe9 NavigationBar0)/@0x6ac041c - animation-leash of insets_animation#27668 form LifecycleManager
03-31 13:36:16.308 I/SurfaceFlinger( 1676): id=27666 onLayerDestroyed from LayerHierarchyBuilder(RequestedLayerState{Surface(name=630de79 TaskbarWindow)/@0xe72b262 - animation-leash of insets_animation#27666 !handle})
03-31 13:36:16.308 I/SurfaceFlinger( 1676): id=27667 onLayerDestroyed from LayerHierarchyBuilder(RequestedLayerState{Surface(name=1bba892 StatusBar)/@0x77f5e69 - animation-leash of insets_animation#27667 !handle})
03-31 13:36:16.308 I/SurfaceFlinger( 1676): id=27668 onLayerDestroyed from LayerHierarchyBuilder(RequestedLayerState{Surface(name=45abe9 NavigationBar0)/@0x6ac041c - animation-leash of insets_animation#27668 !handle})
03-31 13:36:16.308 D/nativeloader( 6275): Load /data/app/~~bfUEuEtsVlW11B_3UKFPOQ==/com.weejobs.app-DxGXwdSK_kQdmmgL-hocJA==/base.apk!/lib/arm64-v8a/libfbjni.so using class loader ns clns-9 (caller=/data/app/~~bfUEuEtsVlW11B_3UKFPOQ==/com.weejobs.app-DxGXwdSK_kQdmmgL-hocJA==/base.apk!classes3.dex): ok
03-31 13:36:16.308 I/InsetsSourceConsumer( 3951): applyRequestedVisibilityToControl: visible=true, type=navigationBars, host=Splash Screen com.weejobs.app
03-31 13:36:16.309 I/Layer   ( 1676): id=27666 Destroyed Surface(name=630de79 TaskbarWindow)/@0xe72b262 - animation-leash of insets_animation#27666
03-31 13:36:16.309 I/Layer   ( 1676): id=27667 Destroyed Surface(name=1bba892 StatusBar)/@0x77f5e69 - animation-leash of insets_animation#27667
03-31 13:36:16.309 I/Layer   ( 1676): id=27668 Destroyed Surface(name=45abe9 NavigationBar0)/@0x6ac041c - animation-leash of insets_animation#27668
03-31 13:36:16.309 D/SurfaceComposerClient( 3951): setCornerRadius ## Task=1629#27674 cornerRadius=63.000000
03-31 13:36:16.310 D/nativeloader( 6275): Load /data/app/~~bfUEuEtsVlW11B_3UKFPOQ==/com.weejobs.app-DxGXwdSK_kQdmmgL-hocJA==/base.apk!/lib/arm64-v8a/libreactnative.so using class loader ns clns-9 (caller=/data/app/~~bfUEuEtsVlW11B_3UKFPOQ==/com.weejobs.app-DxGXwdSK_kQdmmgL-hocJA==/base.apk!classes3.dex): ok
03-31 13:36:16.311 D/jni_lib_merge( 6275): Entering merged library JNI_OnLoad.
03-31 13:36:16.311 D/jni_lib_merge( 6275): Preparing 12 pre-merged libs (including stub)
03-31 13:36:16.311 D/jni_lib_merge( 6275): Preparing to register libfabricjni_so.  onload_func: 0x6d618dca50
03-31 13:36:16.311 D/jni_lib_merge( 6275): Preparing to register libreact_devsupportjni_so.  onload_func: 0x6d619a036c
03-31 13:36:16.311 D/jni_lib_merge( 6275): Preparing to register libreact_featureflagsjni_so.  onload_func: 0x6d619baba8
03-31 13:36:16.311 D/jni_lib_merge( 6275): Preparing to register libreact_newarchdefaults_so.  onload_func: 0x6d619f8d74
03-31 13:36:16.311 D/jni_lib_merge( 6275): Preparing to register libreactnativeblob_so.  onload_func: 0x6d61a99a4c
03-31 13:36:16.311 D/jni_lib_merge( 6275): Preparing to register libreactnativejni_so.  onload_func: 0x6d61aae9e4
03-31 13:36:16.311 D/jni_lib_merge( 6275): Preparing to register libreactnativejni_common_so.  onload_func: 0x6d61ab1be0
03-31 13:36:16.311 D/jni_lib_merge( 6275): Preparing to register librninstance_so.  onload_func: 0x6d61ace778
03-31 13:36:16.311 D/jni_lib_merge( 6275): Preparing to register libturbomodulejsijni_so.  onload_func: 0x6d61b780e0
03-31 13:36:16.311 D/jni_lib_merge( 6275): Preparing to register libuimanagerjni_so.  onload_func: 0x6d61b7eb00
03-31 13:36:16.311 D/jni_lib_merge( 6275): Preparing to register libyoga_so.  onload_func: 0x6d61b860c4
03-31 13:36:16.311 D/jni_lib_merge( 6275): About to register 11 actual methods.
03-31 13:36:16.314 I/btyz    (18463): onPause
03-31 13:36:16.315 D/nativeloader( 6275): Load /data/app/~~bfUEuEtsVlW11B_3UKFPOQ==/com.weejobs.app-DxGXwdSK_kQdmmgL-hocJA==/base.apk!/lib/arm64-v8a/libreact_codegen_rnscreens.so using class loader ns clns-9 (caller=/data/app/~~bfUEuEtsVlW11B_3UKFPOQ==/com.weejobs.app-DxGXwdSK_kQdmmgL-hocJA==/base.apk!classes3.dex): ok
03-31 13:36:16.315 D/jni_lib_merge( 6275): Entering merged library JNI_OnLoad.
03-31 13:36:16.315 D/jni_lib_merge( 6275): Preparing 12 pre-merged libs (including stub)
03-31 13:36:16.315 D/jni_lib_merge( 6275): Preparing to register libfabricjni_so.  onload_func: 0x6d618dca50
03-31 13:36:16.315 D/jni_lib_merge( 6275): Preparing to register libreact_devsupportjni_so.  onload_func: 0x6d619a036c
03-31 13:36:16.315 D/jni_lib_merge( 6275): Preparing to register libreact_featureflagsjni_so.  onload_func: 0x6d619baba8
03-31 13:36:16.315 D/jni_lib_merge( 6275): Preparing to register libreact_newarchdefaults_so.  onload_func: 0x6d619f8d74
03-31 13:36:16.315 D/jni_lib_merge( 6275): Preparing to register libreactnativeblob_so.  onload_func: 0x6d61a99a4c
03-31 13:36:16.315 D/jni_lib_merge( 6275): Preparing to register libreactnativejni_so.  onload_func: 0x6d61aae9e4
03-31 13:36:16.315 D/jni_lib_merge( 6275): Preparing to register libreactnativejni_common_so.  onload_func: 0x6d61ab1be0
03-31 13:36:16.315 D/jni_lib_merge( 6275): Preparing to register librninstance_so.  onload_func: 0x6d61ace778
03-31 13:36:16.315 D/jni_lib_merge( 6275): Preparing to register libturbomodulejsijni_so.  onload_func: 0x6d61b780e0
03-31 13:36:16.315 D/jni_lib_merge( 6275): Preparing to register libuimanagerjni_so.  onload_func: 0x6d61b7eb00
03-31 13:36:16.315 D/jni_lib_merge( 6275): Preparing to register libyoga_so.  onload_func: 0x6d61b860c4
03-31 13:36:16.315 D/jni_lib_merge( 6275): About to register 11 actual methods.
03-31 13:36:16.316 E/SurfaceFlinger( 1676): alpha changed 0.000 -> 0.080 - Task=1629#27674
03-31 13:36:16.316 D/nativeloader( 6275): Load /data/app/~~bfUEuEtsVlW11B_3UKFPOQ==/com.weejobs.app-DxGXwdSK_kQdmmgL-hocJA==/base.apk!/lib/arm64-v8a/libreact_codegen_safeareacontext.so using class loader ns clns-9 (caller=/data/app/~~bfUEuEtsVlW11B_3UKFPOQ==/com.weejobs.app-DxGXwdSK_kQdmmgL-hocJA==/base.apk!classes3.dex): ok
03-31 13:36:16.317 D/SurfaceComposerClient( 3951): setCornerRadius ## Task=1629#27674 cornerRadius=63.000000
03-31 13:36:16.317 D/nativeloader( 6275): Load /data/app/~~bfUEuEtsVlW11B_3UKFPOQ==/com.weejobs.app-DxGXwdSK_kQdmmgL-hocJA==/base.apk!/lib/arm64-v8a/libappmodules.so using class loader ns clns-9 (caller=/data/app/~~bfUEuEtsVlW11B_3UKFPOQ==/com.weejobs.app-DxGXwdSK_kQdmmgL-hocJA==/base.apk!classes3.dex): ok
03-31 13:36:16.319 D/SurfaceFlinger( 1676): Display 4630946213010294403 HWC layers:
03-31 13:36:16.319 D/SurfaceFlinger( 1676):        CLIENT |           16969415812112 | 00000100 | RGBA_8888    |    0.0    0.0  904.0 2316.0 |    0    0  904 2316 | Wallpaper BBQ wrapper 17_system#128 (34)
03-31 13:36:16.319 D/SurfaceFlinger( 1676):        CLIENT |           18365280161822 | 00002100 | RGBA_8888    |    0.0    0.0  904.0 2316.0 |    0    0  904 2316 | com.sec.android.app.launcher/com.sec[...]ivities.LauncherActivity$_4276#27302 (blurRegions) (992)
03-31 13:36:16.319 D/SurfaceFlinger( 1676):        CLIENT |           16969415813460 | 00002100 | RGBA_8888    |    0.0    0.0  904.0 2316.0 |   66  169  838 2147 | Splash Screen com.weejobs.app$_3951#27677 (1)
03-31 13:36:16.319 D/SurfaceFlinger( 1676):        DEVICE |           16969415813188 | 00002100 | RGBA_8888    |    0.0    0.0  904.0   87.0 |    0    0  904   87 | StatusBar$_3951#122 (97565)
03-31 13:36:16.319 D/SurfaceFlinger( 1676):        DEVICE |           18365280161808 | 00002100 | RGBA_8888    |    0.0    0.0   67.0  451.0 |    0  493   67  944 | com.sec.android.app.launcher/com.sam[...]l.app.CocktailBarService$_4276#27160 (1)
03-31 13:36:16.319 D/SurfaceFlinger( 1676):        DEVICE |           16969415813252 | 00002100 | RGBA_8888    |    0.0    0.0 
03-31 13:36:16.319 D/SurfaceFlinger( 1676):  904.0  126.0 |    0 2190  904 2316 | NavigationBar0$_3951#118 (28261)
03-31 13:36:16.319 D/SurfaceFlinger( 1676): 
03-31 13:36:16.319 I/SDHMS:k (10397): onTaskStackChanged
03-31 13:36:16.320 I/SDHMS:k (10397): no app is Resumed!!! mResumedPackages.size = 0
03-31 13:36:16.320 I/HoneySpace.HistoryViewModel@56717545@OneUI( 4276): task bar is not showing. skip load history items
03-31 13:36:16.320 I/HoneySpace.RecentTasks( 4276): onRecentTasksChanged
03-31 13:36:16.321 I/HoneySpace.HistoryViewModel@56717545@OneUI( 4276): launcherShowing : false, recentShowing : false, isInteractive : true, state : 0, minusOne : false
03-31 13:36:16.323 V/WindowManager( 2349): Computed rotation=ROTATION_0 (0) for display id=0 based on lastOrientation=SCREEN_ORIENTATION_PORTRAIT (1) and oldRotation=ROTATION_0 (0), caller=com.android.server.wm.DisplayRotation.updateOrientation:79 com.android.server.wm.DisplayContent.updateOrientation:41 com.android.server.wm.DisplayContent.updateOrientationAndComputeConfig:48 com.android.server.wm.RootWindowContainer.ensureVisibilityAndConfig:7 com.android.server.wm.ActivityTaskSupervisor.realStartActivityLocked:195 com.android.server.wm.RootWindowContainer.attachApplication:92 
03-31 13:36:16.324 D/SGM:FgCheckThread( 2349): notifyAppCreated(), packageName: com.weejobs.app, userId: 0, sendRet: true
03-31 13:36:16.324 D/SGM:FgCheckThread( 2349): onLooperPrepared(), msg: MSG_APP_CREATE, pkgName: com.weejobs.app, userId: 0
03-31 13:36:16.324 D/SGM:FgCheckThread( 2349): TaskStackListener.onTaskFocusChanged(), taskId=1407, focused=false
03-31 13:36:16.324 D/SGM:FgCheckThread( 2349): TaskStackListener.onTaskFocusChanged(), taskId=1629, focused=true
03-31 13:36:16.324 D/SGM:FgCheckThread( 2349):   sendRunningComponentFocus(), pkgName: com.weejobs.app, userId: 0
03-31 13:36:16.324 D/SGM:FgCheckThread( 2349): onLooperPrepared(), msg: MSG_TASK_FOCUSED, pkgName: com.weejobs.app, userId: 0
03-31 13:36:16.324 D/SGM:FgCheckThread( 2349): handleTaskFocused().
03-31 13:36:16.324 D/InputDispatcher( 2349): Focused application(0): ActivityRecord{56147790 u0 com.weejobs.app/.MainActivity t1629}
03-31 13:36:16.324 D/SGM:FgCheckThread( 2349):   handleTaskFocused(), pkgName: com.weejobs.app, userID:0
03-31 13:36:16.324 D/SGM:FgCheckThread( 2349): handleResume().
03-31 13:36:16.324 D/SGM:FgCheckThread( 2349): sendFocusOutConditionally() - mPrevNotiPkg: KILL_YOURSELF, userId: 0
03-31 13:36:16.324 D/SGM:FgCheckThread( 2349):   handleResume(). pkgName: com.weejobs.app, userId: 0, category: non-game
03-31 13:36:16.324 D/SGM:FgCheckThread( 2349): notifyFocusInOut(). of pkg: com.weejobs.app, type: 4, isSecGameFamily: false, userId: 0
03-31 13:36:16.324 D/SGM:FgCheckThread( 2349):   notifyFocusInOut(). do nothing
03-31 13:36:16.324 D/SGM:SystemHelper( 2349): callReleaseBlock needReleaseBlock:false
03-31 13:36:16.325 D/ActivityTaskManager( 2349): scheduleTopResumedActivityChanged, onTop=true, r=ActivityRecord{56147790 u0 com.weejobs.app/.MainActivity t1629}, caller=com.android.server.wm.ActivityTaskSupervisor.scheduleTopResumedActivityStateIfNeeded:18 com.android.server.wm.ActivityTaskSupervisor.updateTopResumedActivityIfNeeded:54 com.android.server.wm.TaskFragment.setResumedActivity:75 com.android.server.wm.ActivityRecord.setState:116 com.android.server.wm.ActivityTaskSupervisor.realStartActivityLocked:497 com.android.server.wm.RootWindowContainer.attachApplication:92 
03-31 13:36:16.325 D/ActivityTaskManager( 2349): updateAppCompatDisplayInsets, SizeChangesSupported=3, ResizeMode=1, inMultiWindowMode=false, isFolded=true, RealActivity=ComponentInfo{com.weejobs.app/com.weejobs.app.MainActivity}, Task=Task{b67686f #1629 type=standard A=10789:com.weejobs.app}
03-31 13:36:16.325 D/SurfaceComposerClient( 3951): setCornerRadius ## Task=1629#27674 cornerRadius=63.000000
03-31 13:36:16.325 D/AS.MultiSoundManager( 2349): mForegroundUid = 10789
03-31 13:36:16.327 I/HoneySpace.HistoryViewModel@56717545@OneUI( 4276): Block stack change
03-31 13:36:16.327 I/HoneySpace.TopTaskSource( 4276): onTaskFocusChanged(): taskId = 1629
03-31 13:36:16.328 I/HoneySpace.HistoryViewModel@56717545@OneUI( 4276): task bar is not showing. skip load history items
03-31 13:36:16.328 D/GraphicsStatsService( 2349): requestRenderEngineFor(com.weejobs.app)
03-31 13:36:16.328 D/ActivityThread( 6275): com.weejobs.app will use render engine as VK
03-31 13:36:16.328 D/HWUI    ( 6275): HWUI - treat SMPTE_170M as sRGB
03-31 13:36:16.329 I/HoneySpace.HistoryViewModel@56717545@OneUI( 4276): launcherShowing : false, recentShowing : false, isInteractive : true, state : 0, minusOne : false
03-31 13:36:16.329 I/DisplayManager( 6275): Choreographer implicitly registered for the refresh rate.
03-31 13:36:16.330 I/{OngoingActivityController}( 3951): onTaskFocusChanged but OA data is empty
03-31 13:36:16.331 V/Configuration( 2349): Updating configuration, locales updated from [] to [en_CA]
03-31 13:36:16.332 D/HWUI    ( 6275): CacheManager constructor. deviceInfo=(1080, 1920)
03-31 13:36:16.332 I/AdrenoGLES-0( 6275): QUALCOMM build                   : 0c393b63cf, I94e2bd5684
03-31 13:36:16.332 I/AdrenoGLES-0( 6275): Build Date                       : 05/02/25
03-31 13:36:16.332 I/AdrenoGLES-0( 6275): OpenGL ES Shader Compiler Version: EV031.36.08.33
03-31 13:36:16.332 I/AdrenoGLES-0( 6275): Local Branch                     : 
03-31 13:36:16.332 I/AdrenoGLES-0( 6275): Remote Branch                    : refs/tags/AU_LINUX_ANDROID_LA.VENDOR.1.0.R1.11.00.00.816.269
03-31 13:36:16.332 I/AdrenoGLES-0( 6275): Remote Branch                    : NONE
03-31 13:36:16.332 I/AdrenoGLES-0( 6275): Reconstruct Branch               : NOTHING
03-31 13:36:16.332 I/AdrenoGLES-0( 6275): Build Config                     : S P 12.1.1 AArch64
03-31 13:36:16.332 I/AdrenoGLES-0( 6275): Driver Path                      : /vendor/lib64/egl/libGLESv2_adreno.so
03-31 13:36:16.332 I/AdrenoGLES-0( 6275): Driver Version                   : 0615.98
03-31 13:36:16.333 V/Configuration( 2349): Updating configuration, locales updated from [] to [en_CA]
03-31 13:36:16.333 D/SurfaceComposerClient( 3951): setCornerRadius ## Task=1629#27674 cornerRadius=63.000000
03-31 13:36:16.334 D/EnterpriseDeviceManagerService( 2349): isMdmAdminPresentInternal() : MDM Admin Found - com.samsung.knox.securefolder
03-31 13:36:16.334 D/AppCompatDelegate( 6275): Checking for metadata for AppLocalesMetadataHolderService : Service not found
03-31 13:36:16.334 I/CocktailBarManagerServiceContainer( 2349): handleMessage: entry what = 5
03-31 13:36:16.335 I/SDHMS:k (10397): handleResumeComponent : put = com.weejobs.app, userid = 0 instanceid =173453829
03-31 13:36:16.335 I/HoneySpace.EdgePanel.CocktailHostRepositoryImpl( 4276): onNoteResume
03-31 13:36:16.335 I/HoneySpace.EdgePanel.EdgePanelContainerViewModel( 4276): cocktailHostRepository.edgePanelOperation NoteResumeComponent(componentName=ComponentInfo{com.weejobs.app/com.weejobs.app.MainActivity})
03-31 13:36:16.336 I/HoneySpace.EdgePanel.ActivityUtils( 4276): HomePackage : com.sec.android.app.launcher, resumePackageName : com.weejobs.app, className : com.weejobs.app.MainActivity
03-31 13:36:16.337 D/BackgroundInstallControlService( 2349): Package event received: 0
03-31 13:36:16.338 E/ashmem  ( 6275): Pinning is deprecated since Android Q. Please use trim or other methods.
03-31 13:36:16.339 D/SGM:FgCheckThread( 2349): noteResumeComponent(), received pkgName: com.weejobs.app, userId: 0
03-31 13:36:16.339 D/SGM:FgCheckThread( 2349): onLooperPrepared(), msg: MSG_APP_RESUME, pkgName: com.weejobs.app, userid: 0
03-31 13:36:16.339 D/SGM:FgCheckThread( 2349): handleResume().
03-31 13:36:16.339 D/SGM:FgCheckThread( 2349):   handleResume(). same package with Prev KILL_YOURSELF. ignore
03-31 13:36:16.339 D/SGM:GameManager( 2349): identifyGamePackage. com.weejobs.app, mCurrentUserId: 0, callingMethodInfo: com.samsung.android.game.SemGameManager.isGamePackage(SemGameManager.java:106)
03-31 13:36:16.339 D/SGM:SemGameManager( 2349): isGamePackage(), pkgName=com.weejobs.app, ret=false
03-31 13:36:16.340 D/BackgroundInstallControlService( 2349): Package event received: 0
03-31 13:36:16.340 I/AdrenoGLES-0( 6275): PFP: 0x01730181, ME: 0x00000000
03-31 13:36:16.342 D/SurfaceComposerClient( 3951): setCornerRadius ## Task=1629#27674 cornerRadius=63.000000
03-31 13:36:16.344 I/Pageboost( 2349): 64 bit checked : true for 6275
03-31 13:36:16.344 I/Pageboost( 2349): IoRecord pid : 6275, started correctly
03-31 13:36:16.346 E/pageboostd( 4762): Received HALT command code 2
03-31 13:36:16.346 D/CompatChangeReporter( 6275): Compat change id reported: 377864165; UID 10789; state: ENABLED
03-31 13:36:16.347 I/hwservicemanager(  578): getTransport: Cannot find entry vendor.qti.qspmhal@1.0::IQspmhal/default in either framework or device VINTF manifest.
03-31 13:36:16.347 W/Adreno-AppProfiles( 6275): Could not find QSPM HAL service. Skipping adreno profile processing.
03-31 13:36:16.347 D/DesktopModeFlags( 6275): Toggle override initialized to: OVERRIDE_UNSET
03-31 13:36:16.348 I/DecorView( 6275): setWindowBackground: isPopOver=false color=fffafafa d=android.graphics.drawable.ColorDrawable@ec36c55
03-31 13:36:16.350 D/SurfaceComposerClient( 3951): setCornerRadius ## Task=1629#27674 cornerRadius=63.000000
03-31 13:36:16.358 D/SurfaceComposerClient( 3951): setCornerRadius ## Task=1629#27674 cornerRadius=63.000000
03-31 13:36:16.365 W/unknown:BridgelessReact( 6275): ReactHost{0}.startSurface(surfaceId = 0): Schedule
03-31 13:36:16.365 W/unknown:BridgelessReact( 6275): ReactHost{0}.attachSurface(surfaceId = 0)
03-31 13:36:16.365 W/unknown:BridgelessReact( 6275): ReactHost{0}.getOrCreateReactInstanceTask()
03-31 13:36:16.365 W/unknown:BridgelessReact( 6275): ReactHost{0}.getOrCreateReactInstanceTask(): Start
03-31 13:36:16.365 W/unknown:BridgelessReact( 6275): ReactHost{0}.getJSBundleLoader()
03-31 13:36:16.366 W/unknown:BridgelessReact( 6275): ReactHost{0}.getOrCreateReactInstanceTask(): Creating BridgelessReactContext
03-31 13:36:16.366 W/unknown:BridgelessReact( 6275): ReactHost{0}.getOrCreateReactInstanceTask(): Creating ReactInstance
03-31 13:36:16.367 D/SurfaceComposerClient( 3951): setCornerRadius ## Task=1629#27674 cornerRadius=63.000000
03-31 13:36:16.371 E/expo-router-native( 6275): MainActivity.onCreate immediate: sdExists=false appExists=true
03-31 13:36:16.372 E/expo-router-native( 6275): Found routes_manifest_seen in app files: {"nativeDebug":true,"ts":1774986262257}
03-31 13:36:16.372 W/WindowOnBackDispatcher( 6275): OnBackInvokedCallback is not enabled for the application.
03-31 13:36:16.372 W/WindowOnBackDispatcher( 6275): Set 'android:enableOnBackInvokedCallback="true"' in the application manifest.
03-31 13:36:16.373 D/nativeloader( 6275): Load /data/app/~~bfUEuEtsVlW11B_3UKFPOQ==/com.weejobs.app-DxGXwdSK_kQdmmgL-hocJA==/base.apk!/lib/arm64-v8a/libhermesvm.so using class loader ns clns-9 (caller=/data/app/~~bfUEuEtsVlW11B_3UKFPOQ==/com.weejobs.app-DxGXwdSK_kQdmmgL-hocJA==/base.apk!classes3.dex): ok
03-31 13:36:16.374 D/nativeloader( 6275): Load /data/app/~~bfUEuEtsVlW11B_3UKFPOQ==/com.weejobs.app-DxGXwdSK_kQdmmgL-hocJA==/base.apk!/lib/arm64-v8a/libhermestooling.so using class loader ns clns-9 (caller=/data/app/~~bfUEuEtsVlW11B_3UKFPOQ==/com.weejobs.app-DxGXwdSK_kQdmmgL-hocJA==/base.apk!classes3.dex): ok
03-31 13:36:16.374 D/jni_lib_merge( 6275): Entering merged library JNI_OnLoad.
03-31 13:36:16.374 D/jni_lib_merge( 6275): Preparing 4 pre-merged libs (including stub)
03-31 13:36:16.374 D/jni_lib_merge( 6275): Preparing to register libhermes_executor_so.  onload_func: 0x6d63c67728
03-31 13:36:16.374 D/jni_lib_merge( 6275): Preparing to register libhermesinstancejni_so.  onload_func: 0x6d63c6ed44
03-31 13:36:16.374 D/jni_lib_merge( 6275): Preparing to register libjsijniprofiler_so.  onload_func: 0x6d63c6f530
03-31 13:36:16.374 D/jni_lib_merge( 6275): About to register 3 actual methods.
03-31 13:36:16.376 D/SurfaceComposerClient( 3951): setCornerRadius ## Task=1629#27674 cornerRadius=63.000000
03-31 13:36:16.377 W/unknown:BridgelessReact( 6275): ReactHost{0}.onHostResume(activity)
03-31 13:36:16.377 W/unknown:BridgelessReact( 6275): ReactHost{0}.ReactContext.onHostResume()
03-31 13:36:16.377 V/AutofillClientController( 6275): onActivityPostResumed()
03-31 13:36:16.377 V/AutofillClientController( 6275): onActivityPostResumed(): Relayout fix enabled
03-31 13:36:16.377 V/AutofillClientController( 6275): forResume(): Not attempting refill.
03-31 13:36:16.382 D/ViewRootImpl( 6275): desktopMode is false
03-31 13:36:16.383 D/SurfaceComposerClient( 3951): setCornerRadius ## Task=1629#27674 cornerRadius=63.000000
03-31 13:36:16.385 I/ViewRootImpl( 6275): dVRR is disabled
03-31 13:36:16.385 D/HardwareRenderer( 6275): onDisplayChanged. displayId=0 current wxh=904x2316 mLargest wxh=0x0
03-31 13:36:16.385 D/HardwareRenderer( 6275): Set largestWidth and largestHeight as logical resolution. (904x2316)
03-31 13:36:16.385 D/HWUI    ( 6275): setMaxSurfaceArea requested wxh=(904,2316) requestedSurfaceArea(2093664) mMaxSurfaceArea(2073600)
03-31 13:36:16.387 D/NativeCustomFrequencyManager( 6275): [NativeCFMS] BpCustomFrequencyManager::BpCustomFrequencyManager()
03-31 13:36:16.392 D/SurfaceComposerClient( 3951): setCornerRadius ## Task=1629#27674 cornerRadius=63.000000
03-31 13:36:16.392 D/InputTransport( 2349): Input channel constructed: 'ee9f3c4', fd=1197
03-31 13:36:16.392 D/InputTransport( 2349): Input channel constructed: 'ee9f3c4', fd=1241
03-31 13:36:16.392 D/InputTransport( 2349): Input channel constructed: 'ee9f3c4', fd=1256
03-31 13:36:16.392 D/InputTransport( 2349): Input channel destroyed: 'ee9f3c4', fd=1241
03-31 13:36:16.392 I/SurfaceFlinger( 1676): id=27683 createSurf, flag=84004, ee9f3c4 com.weejobs.app/com.weejobs.app.MainActivity#27683
03-31 13:36:16.394 D/RestrictionPolicy( 2349): isScreenCaptureEnabled : ret=true userId=0
03-31 13:36:16.394 D/RestrictionPolicy( 2349): isScreenCaptureEnabled : ret=true userId=0
03-31 13:36:16.394 D/InputTransport( 2349): Input channel destroyed: 'ee9f3c4', fd=1256
03-31 13:36:16.395 D/InputTransport( 6275): Input channel constructed: 'ee9f3c4', fd=121
03-31 13:36:16.396 I/InsetsController( 6275): onStateChanged: host=com.weejobs.app/com.weejobs.app.MainActivity, from=android.view.ViewRootImpl.onInsetsStateChanged:3026, state=InsetsState: {mDisplayFrame=Rect(0, 0 - 904, 2316), mDisplayCutout=DisplayCutout{insets=Rect(0, 87 - 0, 0) waterfall=Insets{left=0, top=0, right=0, bottom=0} boundingRect={Bounds=[Rect(0, 0 - 0, 0), Rect(418, 0 - 486, 87), Rect(0, 0 - 0, 0), Rect(0, 0 - 0, 0)]} cutoutPathParserInfo={CutoutPathParserInfo{displayWidth=904 displayHeight=2316 physicalDisplayWidth=904 physicalDisplayHeight=2316 density={2.625} cutoutSpec={M 0,0 H -12.95238095238095 V 33.14285714285714 H 12.95238095238095 V 0 H 0 Z @dp} rotation={0} scale={1.0} physicalPixelDisplaySizeRatio={1.0}}} sideOverrides={}}, mRoundedCorners=RoundedCorners{[RoundedCorner{position=TopLeft, radius=68, center=Point(68, 68)}, RoundedCorner{position=TopRight, radius=68, center=Point(836, 68)}, RoundedCorner{position=BottomRight, radius=68, center=Point(836, 2248)}, RoundedCorner{position=BottomLeft, radius=68, center=Point(68, 2248)}]}  mRoundedCornerFrame=Rect(0, 0 - 904, 2316), mPrivacyIndicatorBounds=PrivacyIndicatorBounds {static bounds=Rect(788, 0 - 904, 87) rotation=0}, mDisplayShape=DisplayShape{ spec=-311912193 displayWidth=904 displayHeight=2316 physicalPixelDisplaySizeRatio=1.0 rotation=0 offsetX=0 offsetY=0 scale=1.0}, mSources= { InsetsSource: {a1630001 mType=navigationBars mFrame=[0,2190][904,2316] mVisible=true mFlags= mSideHint=BOTTOM mBoundingRects=null}, InsetsSource: {a1630004 mType=systemGestures mFrame=[0,0][0,0] mVisible=true mFlags= mSideHint=NONE mBoundingRects=null}, InsetsSource: {a1630005 mType=mandatorySystemGestures mFrame=[0,2190][904,2316] mVisible=true mFlags= mSideHint=BOTTOM mBoundingRects=null}, InsetsSource: {a1630006 mType=tappableElement mFrame=[0,2190][904,2316] mVisible=true mFlags= mSideHint=BOTTOM mBoundingRects=null}, InsetsSource: {a1630024 mType=systemGestures mFrame=[0,0][0,0] mVisible=true mFlags= mSideHint=NONE mBoundingRects=null}, InsetsSource: {fb6f0000 mType=statusBars mFrame=[0,0][904,87] mVisible=true mFlags= mSideHint=TOP mBoundingRects=null}, InsetsSource: {fb6f0005 mType=mandatorySystemGestures mFrame=[0,0][904,119] mVisible=true mFlags= mSideHint=TOP mBoundingRects=null}, InsetsSource: {fb6f0006 mType=tappableElement mFrame=[0,0][904,87] mVisible=true mFlags= mSideHint=TOP mBoundingRects=null}, InsetsSource: {3 mType=ime mFrame=[0,0][0,0] mVisible=false mFlags= mSideHint=NONE mBoundingRects=null}, InsetsSource: {27 mType=displayCutout mFrame=[0,0][904,87] mVisible=true mFlags= mSideHint=TOP mBoundingRects=null}, InsetsSource: {244a0004 mType=systemGestures mFrame=[0,0][0,0] mVisible=false mFlags= mSideHint=NONE mBoundingRects=null}, InsetsSource: {244a0005 mType=mandatorySystemGestures mFrame=[0,0][0,0] mVisible=false mFlags= mSideHint=NONE mBoundingRects=null}, InsetsSource: {244a0006 mType=tappableElement mFrame=[0,0][0,0] mVisible=false mFlags= mSideHint=NONE mBoundingRects=null}, InsetsSource: {244a0024 mType=systemGestures mFrame=[0,0][0,0] mVisible=false mFlags= mSideHint=NONE mBoundingRects=null} }
03-31 13:36:16.397 I/VRI[MainActivity]@fe0cee2( 6275): synced displayState. AttachInfo displayState=2
03-31 13:36:16.399 I/VRI[MainActivity]@fe0cee2( 6275): setView = com.android.internal.policy.DecorView@179bafd IsHRR=false mFlingFrameRateChange=0 TM=true
03-31 13:36:16.399 I/IDS_TAG ( 6275): Clearing training data of com.weejobs.app.MainApplication@5565162
03-31 13:36:16.400 I/SurfaceFlinger( 1676): [ee9f3c4 com.weejobs.app/com.weejobs.app.MainActivity#27683] attach to parent LayerHierarchy{RequestedLayerState{ActivityRecord{56147790 u0 com.weejobs.app/.MainActivity t1629}#27675 parentId=27674} 3 children}
03-31 13:36:16.400 D/SurfaceComposerClient( 3951): setCornerRadius ## Task=1629#27674 cornerRadius=63.000000
03-31 13:36:16.401 I/IDS_TAG ( 6275): Starting IDS observe window
03-31 13:36:16.401 I/IDS_TAG ( 6275): Getting Shared Preference for com.weejobs.app.MainApplication@5565162 uid = 10789
03-31 13:36:16.402 I/IDS_TAG ( 6275): App com.weejobs.app.MainApplication@5565162 has not finished training
03-31 13:36:16.402 D/HWUI    ( 6275): HWUI - treat SMPTE_170M as sRGB
03-31 13:36:16.403 D/AnalyticsContainerHandler( 2349): handleMessage : { when=0 what=1 target=com.android.server.knox.KnoxAnalyticsContainer$AnalyticsHandler }
03-31 13:36:16.403 D/AnalyticsContainerHandler( 2349): handleMessage : { when=-1ms what=2 target=com.android.server.knox.KnoxAnalyticsContainer$AnalyticsHandler }
03-31 13:36:16.406 D/MdnieScenarioControlService( 2349):  packageName : com.weejobs.app    className : com.weejobs.app.MainActivity
03-31 13:36:16.406 I/IDS_TAG ( 6275): Closing IDS observe window
03-31 13:36:16.406 I/IDS_TAG ( 6275): Getting Shared Preference for com.weejobs.app.MainApplication@5565162 uid = 10789
03-31 13:36:16.406 V/MdnieScenarioControlService( 2349): setUIMode from UI function(3)
03-31 13:36:16.407 I/IDS_TAG ( 6275): IDS count updated to 1 for com.weejobs.app.MainApplication@5565162
03-31 13:36:16.408 I/ExpoModulesCore( 6275): ✅ AppContext was initialized
03-31 13:36:16.408 I/SurfaceFlinger( 1676): RequestedLayer [ee9f3c4 com.weejobs.app/com.weejobs.app.MainActivity#27683] hidden!! flag  from(1) --> to(0)
03-31 13:36:16.409 D/SurfaceComposerClient( 3951): setCornerRadius ## Task=1629#27674 cornerRadius=63.000000
03-31 13:36:16.411 I/WindowManager( 2349): Relayout Window{ee9f3c4 u0 com.weejobs.app/com.weejobs.app.MainActivity}: viewVisibility=0 req=904x2316 ty=1 d0
03-31 13:36:16.411 I/SurfaceFlinger( 1676): id=27684 createSurf, flag=44004, com.weejobs.app/com.weejobs.app.MainActivity$_6275#27684
03-31 13:36:16.413 D/WindowManager( 2349): makeSurface duration=2 name=com.weejobs.app/com.weejobs.app.MainActivity$_6275
03-31 13:36:16.413 D/SurfaceComposerClient( 2349): setCornerRadius ## f241244 Splash Screen com.weejobs.app#27676 cornerRadius=0.000000
03-31 13:36:16.413 D/SurfaceComposerClient( 2349): setCornerRadius ## ee9f3c4 com.weejobs.app/com.weejobs.app.MainActivity#27683 cornerRadius=0.000000
03-31 13:36:16.413 D/SurfaceComposerClient( 2349): setCornerRadius ## f241244 Splash Screen com.weejobs.app#27676 cornerRadius=0.000000
03-31 13:36:16.413 D/SurfaceComposerClient( 2349): setCornerRadius ## ee9f3c4 com.weejobs.app/com.weejobs.app.MainActivity#27683 cornerRadius=0.000000
03-31 13:36:16.414 D/WindowManager( 2349): Changing focus from null to Window{ee9f3c4 u0 com.weejobs.app/com.weejobs.app.MainActivity} displayId=0 Callers=com.android.server.wm.WindowManagerService.relayoutWindow:1411 com.android.server.wm.Session.relayout:27 android.view.IWindowSession$Stub.onTransact:829 com.android.server.wm.Session.onTransact:1 
03-31 13:36:16.414 I/WindowManager( 2349): Cancelling animation restarting=true, leash=Surface(name=Surface(name=630de79 TaskbarWindow)/@0xe72b262 - animation-leash of insets_animation)/@0x3c8ef1f
03-31 13:36:16.414 I/WindowManager( 2349): Reparenting to original parent: Surface(name=WindowToken{aae3b1 type=2024 android.os.BinderProxy@ce8ff88})/@0x2fbfff3, destroy=false, surface=Surface(name=630de79 TaskbarWindow)/@0xe72b262
03-31 13:36:16.414 I/WindowManager( 2349): Reparenting to leash, surface=Surface(name=630de79 TaskbarWindow)/@0xe72b262, leashParent=Surface(name=WindowToken{aae3b1 type=2024 android.os.BinderProxy@ce8ff88})/@0x2fbfff3
03-31 13:36:16.414 I/SurfaceFlinger( 1676): id=27685 createSurf, flag=24000, Surface(name=630de79 TaskbarWindow)/@0xe72b262 - animation-leash of insets_animation#27685
03-31 13:36:16.416 D/WindowManager( 2349): makeSurface duration=1 leash=Surface(name=Surface(name=630de79 TaskbarWindow)/@0xe72b262 - animation-leash of insets_animation)/@0x23ccca9
03-31 13:36:16.416 D/InsetsSourceProvider( 2349): updateControlForTarget: control=InsetsSourceControl: {244a0001 mType=navigationBars initiallyVisible mSurfacePosition=Point(0, 2050) mInsetsHint=Insets{left=0, top=0, right=0, bottom=126}}, target=Window{ee9f3c4 u0 com.weejobs.app/com.weejobs.app.MainActivity}, from=com.android.server.wm.InsetsStateController.onControlTargetChanged:83 com.android.server.wm.InsetsPolicy.updateBarControlTarget:225 com.android.server.wm.DisplayPolicy.updateSystemBarAttributes:262 com.android.server.wm.WindowManagerService.updateFocusedWindowLocked:372 com.android.server.wm.WindowManagerService.relayoutWindow:1411 
03-31 13:36:16.416 I/SurfaceFlinger( 1676): [com.weejobs.app/com.weejobs.app.MainActivity$_6275#27684] attach to parent LayerHierarchy{RequestedLayerState{ee9f3c4 com.weejobs.app/com.weejobs.app.MainActivity#27683 parentId=27675} 1 children}
03-31 13:36:16.416 I/SurfaceFlinger( 1676): [Surface(name=630de79 TaskbarWindow)/@0xe72b262 - animation-leash of insets_animation#27685] attach to parent LayerHierarchy{RequestedLayerState{WindowToken{aae3b1 type=2024 android.os.BinderProxy@ce8ff88}#3358 parentId=35 z=1} 2 children}
03-31 13:36:16.416 I/WindowManager( 2349): Cancelling animation restarting=true, leash=Surface(name=Surface(name=1bba892 StatusBar)/@0x77f5e69 - animation-leash of insets_animation)/@0xbcd035
03-31 13:36:16.416 I/WindowManager( 2349): Reparenting to original parent: Surface(name=WindowToken{cc12e1d type=2000 android.os.BinderProxy@c0490c7})/@0xe3560ee, destroy=false, surface=Surface(name=1bba892 StatusBar)/@0x77f5e69
03-31 13:36:16.417 I/WindowManager( 2349): Reparenting to leash, surface=Surface(name=1bba892 StatusBar)/@0x77f5e69, leashParent=Surface(name=WindowToken{cc12e1d type=2000 android.os.BinderProxy@c0490c7})/@0xe3560ee
03-31 13:36:16.417 I/SurfaceFlinger( 1676): id=27686 createSurf, flag=24000, Surface(name=1bba892 StatusBar)/@0x77f5e69 - animation-leash of insets_animation#27686
03-31 13:36:16.417 D/SurfaceComposerClient( 3951): setCornerRadius ## Task=1629#27674 cornerRadius=63.000000
03-31 13:36:16.418 D/WindowManager( 2349): makeSurface duration=2 leash=Surface(name=Surface(name=1bba892 StatusBar)/@0x77f5e69 - animation-leash of insets_animation)/@0xd1f75c
03-31 13:36:16.418 D/InsetsSourceProvider( 2349): updateControlForTarget: control=InsetsSourceControl: {fb6f0000 mType=statusBars initiallyVisible mSurfacePosition=Point(0, 0) mInsetsHint=Insets{left=0, top=87, right=0, bottom=0}}, target=Window{ee9f3c4 u0 com.weejobs.app/com.weejobs.app.MainActivity}, from=com.android.server.wm.InsetsStateController.onControlTargetChanged:83 com.android.server.wm.InsetsPolicy.updateBarControlTarget:212 com.android.server.wm.DisplayPolicy.updateSystemBarAttributes:262 com.android.server.wm.WindowManagerService.updateFocusedWindowLocked:372 com.android.server.wm.WindowManagerService.relayoutWindow:1411 
03-31 13:36:16.418 I/WindowManager( 2349): Cancelling animation restarting=true, leash=Surface(name=Surface(name=45abe9 NavigationBar0)/@0x6ac041c - animation-leash of insets_animation)/@0x2175e3b
03-31 13:36:16.418 I/WindowManager( 2349): Reparenting to original parent: Surface(name=WindowToken{9f81ded type=2019 android.os.BinderProxy@4e9e817})/@0xa267825, destroy=false, surface=Surface(name=45abe9 NavigationBar0)/@0x6ac041c
03-31 13:36:16.418 I/WindowManager( 2349): Reparenting to leash, surface=Surface(name=45abe9 NavigationBar0)/@0x6ac041c, leashParent=Surface(name=WindowToken{9f81ded type=2019 android.os.BinderProxy@4e9e817})/@0xa267825
03-31 13:36:16.419 I/SurfaceFlinger( 1676): id=27687 createSurf, flag=24000, Surface(name=45abe9 NavigationBar0)/@0x6ac041c - animation-leash of insets_animation#27687
03-31 13:36:16.420 D/WindowManager( 2349): makeSurface duration=2 leash=Surface(name=Surface(name=45abe9 NavigationBar0)/@0x6ac041c - animation-leash of insets_animation)/@0x8ffe33a
03-31 13:36:16.420 D/InsetsSourceProvider( 2349): updateControlForTarget: control=InsetsSourceControl: {a1630001 mType=navigationBars initiallyVisible mSurfacePosition=Point(0, 2190) mInsetsHint=Insets{left=0, top=0, right=0, bottom=126}}, target=Window{ee9f3c4 u0 com.weejobs.app/com.weejobs.app.MainActivity}, from=com.android.server.wm.InsetsStateController.onControlTargetChanged:83 com.android.server.wm.InsetsPolicy.updateBarControlTarget:225 com.android.server.wm.DisplayPolicy.updateSystemBarAttributes:262 com.android.server.wm.WindowManagerService.updateFocusedWindowLocked:372 com.android.server.wm.WindowManagerService.relayoutWindow:1411 
03-31 13:36:16.421 D/WindowManager( 2349): updateSystemBarAttributes: displayId=0, focusedCanBeNavColorWin=false, win=Window{ee9f3c4 u0 com.weejobs.app/com.weejobs.app.MainActivity}, navColorWin=Window{f241244 u0 Splash Screen com.weejobs.app}, caller=com.android.server.wm.WindowManagerService.updateFocusedWindowLocked:372 com.android.server.wm.WindowManagerService.relayoutWindow:1411 com.android.server.wm.Session.relayout:27 
03-31 13:36:16.421 D/WindowManager( 2349): updateSystemBarAttributes, bhv=1, apr=16, statusBarAprRegions=[AppearanceRegion{LIGHT_STATUS_BARS bounds=[0,0][904,2316]}], requestedVisibilities=-9
03-31 13:36:16.421 V/SystemKeyManager( 2349): updateFocusedWindow() is called, com.weejobs.app/com.weejobs.app.MainActivity
03-31 13:36:16.421 D/CoreBackPreview( 2349): Window{ee9f3c4 u0 com.weejobs.app/com.weejobs.app.MainActivity}: Setting back callback OnBackInvokedCallbackInfo{mCallback=android.window.IOnBackInvokedCallback$Stub$Proxy@50b9beb, mPriority=0, mIsAnimationCallback=false, mOverrideBehavior=0}
03-31 13:36:16.421 I/WindowManager( 2349): Relayout hash=ee9f3c4, pid=6275, syncId=-1: mAttrs={(0,0)(fillxfill) sim={adjust=resize forwardNavigation} layoutInDisplayCutoutMode=always ty=BASE_APPLICATION wanim=0x1030317
03-31 13:36:16.421 I/WindowManager( 2349):   fl=81810100
03-31 13:36:16.421 I/WindowManager( 2349):   pfl=100088c0
03-31 13:36:16.421 I/WindowManager( 2349):   vsysui=10
03-31 13:36:16.421 I/WindowManager( 2349):   apr=10
03-31 13:36:16.421 I/WindowManager( 2349):   bhv=1
03-31 13:36:16.421 I/WindowManager( 2349):   fitSides=0
03-31 13:36:16.421 I/WindowManager( 2349):   frameRateBoostOnTouch=true
03-31 13:36:16.421 I/WindowManager( 2349):   dvrrWindowFrameRateHint=true naviIconColor=0}
03-31 13:36:16.422 E/BufferQueueProducer( 6275): Unable to open libpenguin.so: dlopen failed: library "libpenguin.so" not found.
03-31 13:36:16.422 E/com.weejobs.app( 6275): Unable to open libpenguin.so: dlopen failed: library "libpenguin.so" not found.
03-31 13:36:16.423 W/libc    ( 6275): Access denied finding property "vendor.display.enable_optimal_refresh_rate"
03-31 13:36:16.423 I/BufferQueueProducer( 6275): [](id:188300000000,api:0,p:1133948816,c:6275) setDequeueTimeout:2077252342
03-31 13:36:16.423 I/BLASTBufferQueue_Java( 6275): new BLASTBufferQueue, mName= VRI[MainActivity]@fe0cee2 mNativeObject= 0xb400006e63978350 caller= android.view.ViewRootImpl.updateBlastSurfaceIfNeeded:3585 android.view.ViewRootImpl.relayoutWindow:11685 android.view.ViewRootImpl.performTraversals:4804 android.view.ViewRootImpl.doTraversal:3924 android.view.ViewRootImpl$TraversalRunnable.run:12903 android.view.Choreographer$CallbackRecord.run:1901 android.view.Choreographer$CallbackRecord.run:1910 android.view.Choreographer.doCallbacks:1367 android.view.Choreographer.doFrame:1292 android.view.Choreographer$FrameDisplayEventReceiver.run:1870 
03-31 13:36:16.423 I/BLASTBufferQueue_Java( 6275): update, w= 904 h= 2316 mName = VRI[MainActivity]@fe0cee2 mNativeObject= 0xb400006e63978350 sc.mNativeObject= 0xb400006f33947a50 format= -1 caller= android.view.ViewRootImpl.updateBlastSurfaceIfNeeded:3590 android.view.ViewRootImpl.relayoutWindow:11685 android.view.ViewRootImpl.performTraversals:4804 android.view.ViewRootImpl.doTraversal:3924 android.view.ViewRootImpl$TraversalRunnable.run:12903 android.view.Choreographer$CallbackRecord.run:1901 
03-31 13:36:16.423 W/libc    ( 6275): Access denied finding property "vendor.display.enable_optimal_refresh_rate"
