03-31 13:23:52.721 11664 12096 I Routine@Core[4.9.04.16]: MetaUpdater: updateMeta: newMeta=wear|sound_mode(id=-1)
03-31 13:23:52.721 11664 12096 I Routine@Core[4.9.04.16]: MetaUpdater: updateMeta: newMeta=wear|disconnection_alert(id=-1)
03-31 13:23:52.721 11664 12096 I Routine@Core[4.9.04.16]: MetaUpdater: updateMeta: newMeta=wear|brightness(id=-1)
03-31 13:23:52.721  9280  9304 I AccountTypeLoader: [C]  > added account: com.google
03-31 13:23:52.721 11664 12096 I Routine@Core[4.9.04.16]: MetaUpdater: updateMeta: newMeta=appfunction://com.sec.android.app.clockpackage.crossappactions#AlarmCrossAppActions_findAlarms(id=-1)
03-31 13:23:52.722 11664 12096 I Routine@Core[4.9.04.16]: MetaUpdater: updateMeta: newMeta=appfunction://com.sec.android.app.clockpackage.crossappactions#StopwatchCrossAppFunctions_stopStopwatch(id=-1)
03-31 13:23:52.722  9280  9304 I AccountTypeLoader: [C]  > added account: com.google
03-31 13:23:52.722 11664 12096 I Routine@Core[4.9.04.16]: MetaUpdater: updateMeta: newMeta=appfunction://com.sec.android.app.clockpackage.crossappactions#AlarmCrossAppActions_createAlarm(id=-1)
03-31 13:23:52.722 11664 12096 I Routine@Core[4.9.04.16]: MetaUpdater: updateMeta: newMeta=appfunction://com.sec.android.app.clockpackage.crossappactions#AlarmCrossAppActions_updateAlarm(id=-1)
03-31 13:23:52.722  9280  9304 I AccountTypeLoader: [C]  > added account: com.google
03-31 13:23:52.722 11664 12096 I Routine@Core[4.9.04.16]: MetaUpdater: updateMeta: newMeta=appfunction://com.sec.android.app.clockpackage.crossappactions#StopwatchCrossAppFunctions_resetStopwatch(id=-1)
03-31 13:23:52.722  9280  9304 I AccountTypeLoader: [C]  > added account: com.google
03-31 13:23:52.722 11664 12096 I Routine@Core[4.9.04.16]: MetaUpdater: updateMeta: newMeta=appfunction://com.samsung.android.app.reminder.data.crossappactions#TaskFunctions_createTask(id=-1)
03-31 13:23:52.722  9280  9304 I AccountTypeLoader: [C]  > added account: com.google
03-31 13:23:52.722 11664 12096 I Routine@Core[4.9.04.16]: MetaUpdater: updateMeta: newMeta=appfunction://com.sec.android.app.clockpackage.crossappactions#StopwatchCrossAppFunctions_startStopwatch(id=-1)
03-31 13:23:52.723 11664 12096 I Routine@Core[4.9.04.16]: MetaUpdater: updateMeta: newMeta=appfunction://com.samsung.android.app.reminder.data.crossappactions#TaskFunctions_showTask(id=-1)
03-31 13:23:52.723  9280  9304 I AccountTypeLoader: [C]  > added account: com.google
03-31 13:23:52.723 11664 12096 I Routine@Core[4.9.04.16]: MetaUpdater: updateMeta: newMeta=appfunction://com.samsung.android.support.senl.nt.app.main.appfunction#NoteFunctions_createNote(id=-1)
03-31 13:23:52.723  9280  9304 I AccountTypeLoader: [C]  > added account: com.google
03-31 13:23:52.723 11664 12096 I Routine@Core[4.9.04.16]: MetaUpdater: updateMeta: newMeta=appfunction://com.samsung.android.support.senl.nt.app.main.appfunction#NoteFunctions_showNote(id=-1)
03-31 13:23:52.723 11664 12096 I Routine@Core[4.9.04.16]: MetaUpdater: updateMeta: newMeta=appfunction://com.samsung.android.support.senl.nt.app.main.appfunction#NoteFunctions_updateNote(id=-1)
03-31 13:23:52.723  9280  9304 I AccountTypeLoader: [C]  > added account: com.osp.app.signin
03-31 13:23:52.723 11664 12096 I Routine@Core[4.9.04.16]: MetaUpdater: updateMeta: newMeta=appfunction://com.samsung.android.support.senl.nt.app.main.appfunction#NoteFunctions_findNotes(id=-1)
03-31 13:23:52.723 11664 12096 I Routine@Core[4.9.04.16]: MetaUpdater: updateMeta: newMeta=appfunction://com.samsung.android.app.reminder.data.crossappactions#TaskFunctions_updateTask(id=-1)
03-31 13:23:52.724 11664 12096 I Routine@Core[4.9.04.16]: MetaUpdater: updateMeta: newMeta=appfunction://com.samsung.android.app.reminder.data.crossappactions#TaskFunctions_findTasks(id=-1)
03-31 13:23:52.724 11664 12096 I Routine@Core[4.9.04.16]: MetaUpdater: updateMeta: newMeta=appfunction://com.samsung.android.gallery.crossapp.function#PhotoFunctions_findMediaItems(id=-1)
03-31 13:23:52.724 11664 12096 I Routine@Core[4.9.04.16]: MetaUpdater: updateMeta: newMeta=appfunction://com.samsung.android.app.calendar.crossapp#CrossAppEvent_findEvents(id=-1)
03-31 13:23:52.724 11664 12096 I Routine@Core[4.9.04.16]: MetaUpdater: updateMeta: newMeta=appfunction://com.samsung.android.app.calendar.crossapp#CrossAppEvent_createEvent(id=-1)
03-31 13:23:52.724 11664 12096 I Routine@Core[4.9.04.16]: MetaUpdater: updateMeta: newMeta=appfunction://com.samsung.android.app.calendar.crossapp#CrossAppEvent_updateEvent(id=-1)
03-31 13:23:52.724 11664 12096 I Routine@Core[4.9.04.16]: MetaUpdater: updateMeta: newMeta=appfunction://com.samsung.android.app.calendar.crossapp#CrossAppEvent_showEvent(id=-1)
03-31 13:23:52.725 11664 12096 I Routine@Core[4.9.04.16]: SupportStateUpdater: update
03-31 13:23:52.725 27964 28087 E msys    : E[N mns:DGWClient]_OnDiskCacheGetData(980)=>Start post callback cache refresh DNS resolution
03-31 13:23:52.725 11664 12096 I Routine@Core[4.9.04.16]: TASKD/ActionTaskAdapterFactoryImpl: getAdapter - metaId=wear|power_saving(id=293)
03-31 13:23:52.726 11664 12096 I Routine@Core[4.9.04.16]: TASKD/ActionTaskAdapterFactoryImpl: getAdapter - metaId=wear|aod(id=290)
03-31 13:23:52.726 11664 12096 I Routine@Core[4.9.04.16]: TASKD/ActionTaskAdapterFactoryImpl: getAdapter - metaId=wear|dnd(id=292)
03-31 13:23:52.730 11664 19550 I Routine@Core[4.9.04.16]: WatchPluginStateGetter: sendRequest
03-31 13:23:52.732 10998 10998 I Water:WatchSettings: SettingIntentProvider.onReceive() : context=android.app.ReceiverRestrictedContext@5c52452, action=com.samsung.wearable.watchplugin.ACTION_GET_ACTIVATED_WATCH_SETTING
03-31 13:23:52.732  2349  3229 D NetdEventListenerService: DNS Requested by 170, 10591(com.instagram.android), 4(FAIL), isBlocked=true, 0ms
03-31 13:23:52.732 27964 28087 E msys    : E[N mns:DGWClient]_LogError(263)=>Failed to resolve using system DNS resolver, getaddrinfo(): No address associated with hostname
03-31 13:23:52.732 10998 10998 I Water:WatchSettings: SettingIntentProvider.onReceive() : createResponse() : deviceInfo=DeviceInfo(deviceId=##:##:##:##:60:BF, nodeId=c6a699e3)
03-31 13:23:52.732 10998 10998 I WatchSettings_Water: SettingsPreferences > getValue() : true (from wear://c6a699e3/w_module_sec_watch_setting/phone/dnd/sync_do_not_disturb/enabled)
03-31 13:23:52.732 10998 10998 I Water:WatchSettings: SettingIntentProvider.onReceive() : getDeviceSetting() : true from uri=/w_module_sec_watch_setting/phone/dnd/sync_do_not_disturb/enabled
03-31 13:23:52.732 10998 10998 I CapabilityDataCategory: getModelName() modelName : Galaxy Watch FE
03-31 13:23:52.733 10998 19306 I WatchSettings_Water: DataItemLogger > print() : DataItemLogInfo(uri=wear://c6a699e3/w_module_sec_watch_setting/phone/dnd/sync_do_not_disturb/enabled, time=03-31 10:35:55.595, from=phone, valueMap={booleanIsChecked=true})
03-31 13:23:52.733  2349  3140 D BackgroundInstallControlService: Package event received: 0
03-31 13:23:52.736 11664 11664 I Routine@Core[4.9.04.16]: WatchPluginStateGetter: BroadcastReceiver::onReceive
03-31 13:23:52.737 11664 19550 I Routine@Core[4.9.04.16]: Pref: putSharedPrefsData: key=WATCH_DND_SYNC_ENABLED, data.size=4
03-31 13:23:52.738 11664 11718 I Routine@Core[4.9.04.16]: MetadataSyncHistory: isMetaDataSyncedWithVersion: latest=dcfeca94e59922de043a92f2a637291a878ecefe, currentVersion=dcfeca94e59922de043a92f2a637291a878ecefe
03-31 13:23:52.739 11664 19550 I Routine@Core[4.9.04.16]: WatchPluginStateGetter: isDNDSyncEnabled: true
03-31 13:23:52.739  9280  9304 I AccountTypeModel: [C] Accounts and types are same. loaded = true
03-31 13:23:52.739  9280  9304 I AccountTypeModel: [C] account reload finish: 3
03-31 13:23:52.739 11664 12096 I Routine@Core[4.9.04.16]: TASKD/ActionTaskAdapterFactoryImpl: getAdapter - metaId=wear|wake_on_by_bezel(id=295)
03-31 13:23:52.740 11664 19550 I Routine@Core[4.9.04.16]: WearCommonDataStore: getLastConnectedNodeId: c6a699e3
03-31 13:23:52.741  1676  3514 D DisplayModeController: setDesiredMode 4630946213010294403 {mode={fps=24.00 Hz, modePtr={id=5, vsyncRate=24.00 Hz, peakRefreshRate=24.00 Hz}}, emitEvent=false, force=false}
03-31 13:23:52.741  1676  1676 I LayerHistory: com.sec.android.app.launcher/com.sec.android.app.launcher.activities.LauncherActivity$_4276#27302 voted ExplicitCategory with category: HighHint
03-31 13:23:52.741  1676  1676 I SurfaceFlinger: Idle - choose 24.00 Hz
03-31 13:23:52.742  1676  1676 I HWComposer: [4630946213010294403] ActiveConfigToHWC, ID : 8
03-31 13:23:52.742  1676  1676 D SurfaceFlinger: GPIS:: requestGPISForClientComposition
03-31 13:23:52.742  1584  1806 I SDM     : HWCDisplay::SubmitDisplayConfig: [DispConfigs] config 0 => 8, hs_mode 1 => 1
03-31 13:23:52.742  1584  1806 I SDM     : HWDeviceDRM::SetDisplaySwitchMode: [DispConfigs] check hs_mode 1
03-31 13:23:52.742  1584  1806 I SDM     : HWDeviceDRM::SetDisplaySwitchMode: [DispConfigs] Set mode index:8 904x2316x24xcmdHS, hs_mode(1), found_mode(1)
03-31 13:23:52.742  1584  1806 I SDM     : HWDeviceDRM::UpdateMixerAttributes: Mixer WxH 904x2316-1 for Peripheral
03-31 13:23:52.742  1584  1806 I SDM     : HWCDisplay::SubmitDisplayConfig: Active configuration changed from config 0 to 8
03-31 13:23:52.743 11664 12096 I Routine@Core[4.9.04.16]: TASKD/ActionTaskAdapterFactoryImpl: getAdapter - metaId=wear|wake_on_touch_screen(id=296)
03-31 13:23:52.743 11664 12096 I Routine@Core[4.9.04.16]: TASKD/ActionTaskAdapterFactoryImpl: getAdapter - metaId=wear|wake_on_wrist_up(id=297)
03-31 13:23:52.744 11664 12096 I Routine@Core[4.9.04.16]: TASKD/ActionTaskAdapterFactoryImpl: getAdapter - metaId=wear|sound_mode(id=294)
03-31 13:23:52.744 11664 12096 I Routine@Core[4.9.04.16]: TASKD/ActionTaskAdapterFactoryImpl: getAdapter - metaId=wear|disconnection_alert(id=291)
03-31 13:23:52.744 11664 12096 I Routine@Core[4.9.04.16]: TASKD/ActionTaskAdapterFactoryImpl: getAdapter - metaId=wear|brightness(id=355)
03-31 13:23:52.745 11664 12096 I Routine@Core[4.9.04.16]: TASKD/ActionTaskAdapterFactoryImpl: getAdapter - metaId=appfunction://com.sec.android.app.clockpackage.crossappactions#AlarmCrossAppActions_findAlarms(id=622)
03-31 13:23:52.748  1676  1885 I VSyncReactor: Current= 120, Period= 24, hwcPeriod= 24
03-31 13:23:52.748  1676  1676 I SurfaceFlinger: finalizeDisplayModeChange 4630946213010294403
03-31 13:23:52.757  1676  1885 I VSyncReactor: Current= 24, Period= 24, Distance= 5
03-31 13:23:52.765 11664 12096 I Routine@Core[4.9.04.16]: AppFunctionsActionHandler: isSupported: supportStatus = SUPPORTED, tag = appfunction://com.sec.android.app.clockpackage.crossappactions#AlarmCrossAppActions_findAlarms
03-31 13:23:52.766 11664 12096 I Routine@Core[4.9.04.16]: TASKD/ActionTaskAdapterFactoryImpl: getAdapter - metaId=appfunction://com.sec.android.app.clockpackage.crossappactions#StopwatchCrossAppFunctions_stopStopwatch(id=623)
03-31 13:23:52.786 11664 12096 I Routine@Core[4.9.04.16]: AppFunctionsActionHandler: isSupported: supportStatus = SUPPORTED, tag = appfunction://com.sec.android.app.clockpackage.crossappactions#StopwatchCrossAppFunctions_stopStopwatch
03-31 13:23:52.787 11664 12096 I Routine@Core[4.9.04.16]: TASKD/ActionTaskAdapterFactoryImpl: getAdapter - metaId=appfunction://com.sec.android.app.clockpackage.crossappactions#AlarmCrossAppActions_createAlarm(id=624)
03-31 13:23:52.793  1676  1885 I VSyncReactor: Current= 24, Period= 24, Distance= 27
03-31 13:23:52.797 11664 31716 I Routine@Core[4.9.04.16]: RunningNotificationUpdater: update
03-31 13:23:52.805 11664 12096 I Routine@Core[4.9.04.16]: AppFunctionsActionHandler: isSupported: supportStatus = SUPPORTED, tag = appfunction://com.sec.android.app.clockpackage.crossappactions#AlarmCrossAppActions_createAlarm
03-31 13:23:52.806 11664 12096 I Routine@Core[4.9.04.16]: TASKD/ActionTaskAdapterFactoryImpl: getAdapter - metaId=appfunction://com.sec.android.app.clockpackage.crossappactions#AlarmCrossAppActions_updateAlarm(id=625)
03-31 13:23:52.807 11664 31716 I Routine@Core[4.9.04.16]: RunningNotificationUpdater: updateNotificationImpl: no running routines, then noti cancel
03-31 13:23:52.807 11664 31716 I Routine@Core[4.9.04.16]: NotificationUpdateService: Stop no more task
03-31 13:23:52.807  2349  3068 D RingtoneManager: getActualDefaultRingtoneUri  type    :2
03-31 13:23:52.807  2349  3068 I RingtoneManager: Ringtone value : content://media/internal/audio/media/58?title=Coin&canonical=1
03-31 13:23:52.808  2349  3068 W Utils   : The vibration Uri is null.
03-31 13:23:52.808  2349  3068 D RingtoneManager: getActualDefaultRingtoneUri  type    :2
03-31 13:23:52.808  2349  3068 I RingtoneManager: Ringtone value : content://media/internal/audio/media/58?title=Coin&canonical=1
03-31 13:23:52.808  2349  3068 W Utils   : The vibration Uri is null.
03-31 13:23:52.809  2349  3068 D RingtoneManager: getActualDefaultRingtoneUri  type    :2
03-31 13:23:52.809  2349  3068 I RingtoneManager: Ringtone value : content://media/internal/audio/media/58?title=Coin&canonical=1
03-31 13:23:52.809  2349  3068 W Utils   : The vibration Uri is null.
03-31 13:23:52.810  2349  3068 D RingtoneManager: getActualDefaultRingtoneUri  type    :2
03-31 13:23:52.810  2349  3068 I RingtoneManager: Ringtone value : content://media/internal/audio/media/58?title=Coin&canonical=1
03-31 13:23:52.810  2349  3068 W Utils   : The vibration Uri is null.
03-31 13:23:52.810  2349  3068 D RingtoneManager: getActualDefaultRingtoneUri  type    :2
03-31 13:23:52.810  2349  3068 I RingtoneManager: Ringtone value : content://media/internal/audio/media/58?title=Coin&canonical=1
03-31 13:23:52.810  2349  3068 W Utils   : The vibration Uri is null.
03-31 13:23:52.810  2349  3068 D RingtoneManager: getActualDefaultRingtoneUri  type    :2
03-31 13:23:52.810  2349  3068 I RingtoneManager: Ringtone value : content://media/internal/audio/media/58?title=Coin&canonical=1
03-31 13:23:52.810  2349  3068 W Utils   : The vibration Uri is null.
03-31 13:23:52.824 11664 12096 I Routine@Core[4.9.04.16]: AppFunctionsActionHandler: isSupported: supportStatus = SUPPORTED, tag = appfunction://com.sec.android.app.clockpackage.crossappactions#AlarmCrossAppActions_updateAlarm
03-31 13:23:52.825 11664 12096 I Routine@Core[4.9.04.16]: TASKD/ActionTaskAdapterFactoryImpl: getAdapter - metaId=appfunction://com.sec.android.app.clockpackage.crossappactions#StopwatchCrossAppFunctions_resetStopwatch(id=626)
03-31 13:23:52.835  1676  1885 I VSyncReactor: Current= 24, Period= 24, Distance= 24
03-31 13:23:52.842 11664 12096 I Routine@Core[4.9.04.16]: AppFunctionsActionHandler: isSupported: supportStatus = SUPPORTED, tag = appfunction://com.sec.android.app.clockpackage.crossappactions#StopwatchCrossAppFunctions_resetStopwatch
03-31 13:23:52.843 11664 12096 I Routine@Core[4.9.04.16]: TASKD/ActionTaskAdapterFactoryImpl: getAdapter - metaId=appfunction://com.samsung.android.app.reminder.data.crossappactions#TaskFunctions_createTask(id=627)
03-31 13:23:52.854 10998 20233 I Notification4Water_AM: BroadcastUtils.sendBroadcast-nodeId: c6a699e3, action: APPS_UPDATED
03-31 13:23:52.859 10998 10998 I WPCS/CallServiceNotificationSettingBroadCastReceiver: APPS_UPDATED - nodeId: c6a699e3
03-31 13:23:52.860 10998 10998 I C_AlarmActionReceiver: onReceive action = com.samsung.android.waterplugin.notifications.APPS_UPDATED
03-31 13:23:52.860 10998 31734 I WPCS/CallServiceNotificationSettingManager: getAppEnableNodesMap - virtualName : Incoming_call
03-31 13:23:52.860 10998 10998 I CCalendar$CalendarNotificationSettingReceiver: Received broadcast: action=com.samsung.android.waterplugin.notifications.APPS_UPDATED, nodeId=c6a699e3
03-31 13:23:52.860 10998 10998 I WMP/NotificationSettingReceiver: receive action : com.samsung.android.waterplugin.notifications.APPS_UPDATED, nodeId :c6a699e3
03-31 13:23:52.860 10998 19371 I CCalendar$NotificationSettingManager: isSmartDeviceSelectionEnabled: true
03-31 13:23:52.860 10998 19371 I CCalendar$CalendarNotificationSettingReceiver: Retrieved from service: deviceId=c6a699e3, value=true
03-31 13:23:52.861 10998 19371 I CCalendar$CalendarPreferenceUtils: setCachedSmartDeviceSelection: deviceId=c6a699e3, value=true
03-31 13:23:52.861 10998 19371 I CCalendar$CalendarNotificationSettingReceiver: Updated cache: deviceId=c6a699e3, value=true
03-31 13:23:52.861 10998 19409 E Notification4Water_AM: NotificationCompanion.isAppEnabled-c6a699e3, com.samsung.android.messaging is not allowed.
03-31 13:23:52.861 10998 19409 I WMP/NotificationSettingWrapper: getMessageAppEnable() : false
03-31 13:23:52.861 10998 19409 I WMP/NotificationSettingReceiver: updateMessageAppEnabled : false
03-31 13:23:52.862 10998 19306 E Notification4Water_AM: NotificationCompanion.isAppEnabled-c6a699e3, com.sec.android.app.clockpackage is not allowed.
03-31 13:23:52.862 10998 19306 I AlarmNotificationSet: getAlarmAppEnable() : false
03-31 13:23:52.862 10998 19306 I AlarmNotificationSet: getAppEnableNodesMap nodes cnt 1
03-31 13:23:52.862 10998 19306 I C_AlarmDataLayerUtil: sendNotificationSettings
03-31 13:23:52.862 10998 19306 I C_AlarmDataLayerUtil: Notification settings data = {"noti_map":{"c6a699e3":false}}
03-31 13:23:52.863 10998 31734 I Notification4Water_AM: NotificationCompanion.isCallVirtualAppEnabled-MainSwitch : true | [name:Incoming_call | realP:com.samsung.android.dialer | isAllowed:true]
03-31 13:23:52.863 10998 31734 E WPCS/CallServiceNotificationSettingManager: isIncomingCallNotificationEnable, isIncomingCallNotificationEnable: true
03-31 13:23:52.863 10998 31734 I WPCS/CallServiceNotificationSettingManager: sendCallNotificationSetting, not sent - force: false, previous: [c6a699e3:true], current: [c6a699e3:true]
03-31 13:23:52.864 10998 10998 I C_AlarmDataLayerUtil: sendNotificationSettings Success
03-31 13:23:52.869 11664 12096 I Routine@Core[4.9.04.16]: AppFunctionsActionHandler: isSupported: supportStatus = SUPPORTED, tag = appfunction://com.samsung.android.app.reminder.data.crossappactions#TaskFunctions_createTask
03-31 13:23:52.870 11664 12096 I Routine@Core[4.9.04.16]: TASKD/ActionTaskAdapterFactoryImpl: getAdapter - metaId=appfunction://com.sec.android.app.clockpackage.crossappactions#StopwatchCrossAppFunctions_startStopwatch(id=628)
03-31 13:23:52.887 11664 12096 I Routine@Core[4.9.04.16]: AppFunctionsActionHandler: isSupported: supportStatus = SUPPORTED, tag = appfunction://com.sec.android.app.clockpackage.crossappactions#StopwatchCrossAppFunctions_startStopwatch
03-31 13:23:52.888 11664 12096 I Routine@Core[4.9.04.16]: TASKD/ActionTaskAdapterFactoryImpl: getAdapter - metaId=appfunction://com.samsung.android.app.reminder.data.crossappactions#TaskFunctions_showTask(id=629)
03-31 13:23:52.906 11664 12096 I Routine@Core[4.9.04.16]: AppFunctionsActionHandler: isSupported: supportStatus = SUPPORTED, tag = appfunction://com.samsung.android.app.reminder.data.crossappactions#TaskFunctions_showTask
03-31 13:23:52.910 11664 12096 I Routine@Core[4.9.04.16]: TASKD/ActionTaskAdapterFactoryImpl: getAdapter - metaId=appfunction://com.samsung.android.support.senl.nt.app.main.appfunction#NoteFunctions_createNote(id=630)
03-31 13:23:52.928 11664 12096 I Routine@Core[4.9.04.16]: AppFunctionsActionHandler: isSupported: supportStatus = SUPPORTED, tag = appfunction://com.samsung.android.support.senl.nt.app.main.appfunction#NoteFunctions_createNote
03-31 13:23:52.930 11664 12096 I Routine@Core[4.9.04.16]: TASKD/ActionTaskAdapterFactoryImpl: getAdapter - metaId=appfunction://com.samsung.android.support.senl.nt.app.main.appfunction#NoteFunctions_showNote(id=631)
03-31 13:23:52.935  2349  2428 I system_server: Background concurrent mark compact GC freed 112MB AllocSpace bytes, 150(6408KB) LOS objects, 18% free, 214MB/262MB, paused 7.185ms,8.574ms total 997.537ms
03-31 13:23:52.938  3346 17979 D IpClient/wlan0: interfaceLinkStateChanged: ifindex 45 up
03-31 13:23:52.942 11664 12096 I Routine@Core[4.9.04.16]: AppFunctionsActionHandler: isSupported: supportStatus = SUPPORTED, tag = appfunction://com.samsung.android.support.senl.nt.app.main.appfunction#NoteFunctions_showNote
03-31 13:23:52.943 11664 12096 I Routine@Core[4.9.04.16]: TASKD/ActionTaskAdapterFactoryImpl: getAdapter - metaId=appfunction://com.samsung.android.support.senl.nt.app.main.appfunction#NoteFunctions_updateNote(id=632)
03-31 13:23:52.948  2349  2434 E AppOps  : attributionTag VCN not declared in manifest of android
03-31 13:23:52.952 11664 12096 I Routine@Core[4.9.04.16]: AppFunctionsActionHandler: isSupported: supportStatus = SUPPORTED, tag = appfunction://com.samsung.android.support.senl.nt.app.main.appfunction#NoteFunctions_updateNote
03-31 13:23:52.953 11664 12096 I Routine@Core[4.9.04.16]: TASKD/ActionTaskAdapterFactoryImpl: getAdapter - metaId=appfunction://com.samsung.android.support.senl.nt.app.main.appfunction#NoteFunctions_findNotes(id=633)
03-31 13:23:52.975 11664 12096 I Routine@Core[4.9.04.16]: AppFunctionsActionHandler: isSupported: supportStatus = SUPPORTED, tag = appfunction://com.samsung.android.support.senl.nt.app.main.appfunction#NoteFunctions_findNotes
03-31 13:23:52.976 11664 12096 I Routine@Core[4.9.04.16]: TASKD/ActionTaskAdapterFactoryImpl: getAdapter - metaId=appfunction://com.samsung.android.app.reminder.data.crossappactions#TaskFunctions_updateTask(id=634)
03-31 13:23:52.992  2349  2349 I SemExecuteManagerService: handleMessage: MSG_START_SCAN received. Start scanning.
03-31 13:23:52.992 11664 12096 I Routine@Core[4.9.04.16]: AppFunctionsActionHandler: isSupported: supportStatus = SUPPORTED, tag = appfunction://com.samsung.android.app.reminder.data.crossappactions#TaskFunctions_updateTask
03-31 13:23:52.993 11664 12096 I Routine@Core[4.9.04.16]: TASKD/ActionTaskAdapterFactoryImpl: getAdapter - metaId=appfunction://com.samsung.android.app.reminder.data.crossappactions#TaskFunctions_findTasks(id=635)
03-31 13:23:53.007 11664 12096 I Routine@Core[4.9.04.16]: AppFunctionsActionHandler: isSupported: supportStatus = SUPPORTED, tag = appfunction://com.samsung.android.app.reminder.data.crossappactions#TaskFunctions_findTasks
03-31 13:23:53.008 11664 12096 I Routine@Core[4.9.04.16]: TASKD/ActionTaskAdapterFactoryImpl: getAdapter - metaId=appfunction://com.samsung.android.gallery.crossapp.function#PhotoFunctions_findMediaItems(id=636)
03-31 13:23:53.019 11664 12096 I Routine@Core[4.9.04.16]: AppFunctionsActionHandler: isSupported: supportStatus = SUPPORTED, tag = appfunction://com.samsung.android.gallery.crossapp.function#PhotoFunctions_findMediaItems
03-31 13:23:53.020 11664 12096 I Routine@Core[4.9.04.16]: TASKD/ActionTaskAdapterFactoryImpl: getAdapter - metaId=appfunction://com.samsung.android.app.calendar.crossapp#CrossAppEvent_findEvents(id=637)
03-31 13:23:53.030 11664 12096 I Routine@Core[4.9.04.16]: AppFunctionsActionHandler: isSupported: supportStatus = SUPPORTED, tag = appfunction://com.samsung.android.app.calendar.crossapp#CrossAppEvent_findEvents
03-31 13:23:53.031 11664 12096 I Routine@Core[4.9.04.16]: TASKD/ActionTaskAdapterFactoryImpl: getAdapter - metaId=appfunction://com.samsung.android.app.calendar.crossapp#CrossAppEvent_createEvent(id=638)
03-31 13:23:53.040 11664 12096 I Routine@Core[4.9.04.16]: AppFunctionsActionHandler: isSupported: supportStatus = SUPPORTED, tag = appfunction://com.samsung.android.app.calendar.crossapp#CrossAppEvent_createEvent
03-31 13:23:53.040 11664 12096 I Routine@Core[4.9.04.16]: TASKD/ActionTaskAdapterFactoryImpl: getAdapter - metaId=appfunction://com.samsung.android.app.calendar.crossapp#CrossAppEvent_updateEvent(id=639)
03-31 13:23:53.044  1553 29096 I sensors-hal: handle_sns_std_sensor_event:335, [SSC_LIGHT] P: 344(344),ch0:43750,ch1:1475,c:47,w:20,l:315,m:1,br:121,c1:106,c2:110,i:1
03-31 13:23:53.050 11664 12096 I Routine@Core[4.9.04.16]: AppFunctionsActionHandler: isSupported: supportStatus = SUPPORTED, tag = appfunction://com.samsung.android.app.calendar.crossapp#CrossAppEvent_updateEvent
03-31 13:23:53.051 11664 12096 I Routine@Core[4.9.04.16]: TASKD/ActionTaskAdapterFactoryImpl: getAdapter - metaId=appfunction://com.samsung.android.app.calendar.crossapp#CrossAppEvent_showEvent(id=640)
03-31 13:23:53.054  2349  2475 D KNOX_MDM_SettingsProvider: isChangeAllowed() : name = enabled_notification_listeners
03-31 13:23:53.054  2349  2475 D KNOX_MDM_SettingsProvider: isChangeAllowed() : name = enabled_notification_listeners
03-31 13:23:53.069 11664 12096 I Routine@Core[4.9.04.16]: AppFunctionsActionHandler: isSupported: supportStatus = SUPPORTED, tag = appfunction://com.samsung.android.app.calendar.crossapp#CrossAppEvent_showEvent
03-31 13:23:53.070 11664 12096 I Routine@Core[4.9.04.16]: ConflictItemConverter: convertConflictActions - 28
03-31 13:23:53.070 11664 12096 I Routine@Core[4.9.04.16]: RoutineDataMigrator: migration - begin
03-31 13:23:53.080 11664 12096 I Routine@Core[4.9.04.16]: MigrationParser: getMigrationData rawMigrationData : [vibrate_once, custom_key_v3, aircommand_open_with_pen, text_to_speech, unlock_with_finger_print, edge_panel_routine_v3, edge_panel_routine_v3, data_saver_routine]
03-31 13:23:53.080 11664 12096 I Routine@Core[4.9.04.16]: MigrationParser: getMemoryMigrationData rawMemoryMigrationData : [motion_smoothness_v3, motion_smoothness_and_screen_resolution_v3, cover_screen_motion_smoothness_v3, brightness_v3, font_size_v3, screen_zoom_v3, screen_layout_and_zoom_v3, screen_resolution_v3, screen_timeout_v3, rotation_screen_v3, multi_window_tray_v3, dark_mode_v3, bixby_text_command_v3, bixby_quick_command_v3, bixby_voice_wake_up_v3, spotify_playlist_v3, play_media_v3, launch_app_v3, close_app_v3, separate_app_sound_v3, dnd_mode_on_v3, custom_notification_v3, hard_key_v3, quick_decline_message_v3, quick_decline_message_v3, video_enhancer_v3, bluetooth_on_v3, instant_session_v3, airplane_mode_on_v3, mobile_network_mode_setting_v3, mobile_data_on_v3, hotspot_on_v3, gps_on_v3, auto_data_sync_v3, sound_sdk3, vibrate_once, connect_url_sdk3, wifi_on_sdk3, lockscreen_shortcut_v3, launch_app_v3, launch_game_v3, samsung_health_during_exercise_v3, samsung_health_during_exercise_when_starting_v3, notification_with_keyword_v3, specify_wifi_v3, wifi_rssi_v3, specify_bluetooth_v3, specify_bluetooth_only_connected_v3, nfc_tagged_v3, airplane_mode_v3, specific_time_v3, time_v3, plugin_gps_location_v3, plugin_gps_location_only_arrived_v3, calling_v3, during_call_v3, connected_headset_v3, plugged_battery_v3, battery_condition_v3, dex_mode_on_v3, fold_state_v3, ringer_mode_v3, night_mode_v3, wifi_on_sdk3]
03-31 13:23:53.080 11664 12096 I Routine@Core[4.9.04.16]: RoutineDataMigrator: isAvailableToMigrate() newPackageName:com.samsung.android.app.routines, newTag:read_notifications, isAvailableToMigrate:true
03-31 13:23:53.080 11664 12096 I Routine@Core[4.9.04.16]: RoutineDataMigrator: isAvailableToMigrate() newPackageName:com.samsung.android.app.routines, newTag:flashlight, isAvailableToMigrate:true
03-31 13:23:53.080 11664 12096 I Routine@Core[4.9.04.16]: RoutineDataMigrator: isAvailableToMigrate() newPackageName:com.samsung.android.app.routines, newTag:message_received, isAvailableToMigrate:false
03-31 13:23:53.080 11664 12096 I Routine@Core[4.9.04.16]: RoutineDataMigrator: isAvailableToMigrate() newPackageName:com.samsung.android.app.routines, newTag:message_received, isAvailableToMigrate:false
03-31 13:23:53.080 11664 12096 I Routine@Core[4.9.04.16]: RoutineDataMigrator: isAvailableToMigrate() newPackageName:com.samsung.android.app.aodservice, newTag:aod_main_setting, isAvailableToMigrate:true
03-31 13:23:53.080 11664 12096 I Routine@Core[4.9.04.16]: RoutineDataMigrator: isAvailableToMigrate() newPackageName:com.android.settings, newTag:sec_eye_comfort_shield_routine, isAvailableToMigrate:true
03-31 13:23:53.080 11664 12096 I Routine@Core[4.9.04.16]: RoutineDataMigrator: isAvailableToMigrate() newPackageName:com.samsung.android.app.routines, newTag:control_smartthings_not_reversible, isAvailableToMigrate:true
03-31 13:23:53.080 11664 12096 I Routine@Core[4.9.04.16]: RoutineDataMigrator: isAvailableToMigrate() newPackageName:com.samsung.android.app.routines, newTag:control_smartthings_not_reversible, isAvailableToMigrate:true
03-31 13:23:53.080 11664 12096 I Routine@Core[4.9.04.16]: RoutineDataMigrator: isAvailableToMigrate() newPackageName:com.android.settings, newTag:accessibility_color_correction, isAvailableToMigrate:false
03-31 13:23:53.080 11664 12096 I Routine@Core[4.9.04.16]: RoutineDataMigrator: isAvailableToMigrate() newPackageName:com.samsung.android.lool, newTag:dc_power_mode_action, isAvailableToMigrate:true
03-31 13:23:53.080 11664 12096 I Routine@Core[4.9.04.16]: RoutineDataMigrator: isAvailableToMigrate() newPackageName:com.samsung.accessibility, newTag:accessibility_amplify_ambient_sound, isAvailableToMigrate:true
03-31 13:23:53.080 11664 12096 I Routine@Core[4.9.04.16]: RoutineDataMigrator: isAvailableToMigrate() newPackageName:com.android.settings, newTag:accessibility_camera_flash, isAvailableToMigrate:true
03-31 13:23:53.081 11664 12096 I Routine@Core[4.9.04.16]: RoutineDataMigrator: isAvailableToMigrate() newPackageName:com.android.settings, newTag:accessibility_color_correction, isAvailableToMigrate:false
03-31 13:23:53.081 11664 12096 I Routine@Core[4.9.04.16]: RoutineDataMigrator: isAvailableToMigrate() newPackageName:com.android.settings, newTag:accessibility_color_filter, isAvailableToMigrate:true
03-31 13:23:53.081 11664 12096 I Routine@Core[4.9.04.16]: RoutineDataMigrator: isAvailableToMigrate() newPackageName:com.android.settings, newTag:accessibility_color_inversion, isAvailableToMigrate:true
03-31 13:23:53.081 11664 12096 I Routine@Core[4.9.04.16]: RoutineDataMigrator: isAvailableToMigrate() newPackageName:com.android.settings, newTag:accessibility_extra_dim, isAvailableToMigrate:true
03-31 13:23:53.081 11664 12096 I Routine@Core[4.9.04.16]: RoutineDataMigrator: isAvailableToMigrate() newPackageName:com.android.settings, newTag:accessibility_live_caption, isAvailableToMigrate:true
03-31 13:23:53.081 11664 12096 I Routine@Core[4.9.04.16]: RoutineDataMigrator: isAvailableToMigrate() newPackageName:com.android.settings, newTag:accessibility_mono_audio, isAvailableToMigrate:true
03-31 13:23:53.081 11664 12096 I Routine@Core[4.9.04.16]: RoutineDataMigrator: isAvailableToMigrate() newPackageName:com.android.settings, newTag:accessibility_mute_all_sounds, isAvailableToMigrate:true
03-31 13:23:53.081 11664 12096 I Routine@Core[4.9.04.16]: RoutineDataMigrator: isAvailableToMigrate() newPackageName:com.android.settings, newTag:accessibility_screen_flash, isAvailableToMigrate:true
03-31 13:23:53.081 11664 12096 I Routine@Core[4.9.04.16]: RoutineDataMigrator: isAvailableToMigrate() newPackageName:com.android.settings, newTag:accessibility_sound_balance, isAvailableToMigrate:true
03-31 13:23:53.081 11664 12096 I Routine@Core[4.9.04.16]: RoutineDataMigrator: isAvailableToMigrate() newPackageName:com.samsung.android.waterplugin, newTag:watch_theater_mode, isAvailableToMigrate:false
03-31 13:23:53.081 11664 12096 I Routine@Core[4.9.04.16]: RoutineDataMigrator: isAvailableToMigrate() newPackageName:com.samsung.android.heartplugin, newTag:watch_theater_mode, isAvailableToMigrate:false
03-31 13:23:53.081 11664 12096 I Routine@Core[4.9.04.16]: RoutineDataMigrator: isAvailableToMigrate() newPackageName:com.samsung.android.lool, newTag:dc_enhanced_processing, isAvailableToMigrate:false
03-31 13:23:53.081 11664 12096 I Routine@Core[4.9.04.16]: RoutineDataMigrator: isAvailableToMigrate() newPackageName:com.samsung.android.lool, newTag:dc_fast_cable_charging, isAvailableToMigrate:true
03-31 13:23:53.081 11664 12096 I Routine@Core[4.9.04.16]: RoutineDataMigrator: isAvailableToMigrate() newPackageName:com.samsung.android.lool, newTag:dc_fast_wireless_charging, isAvailableToMigrate:true
03-31 13:23:53.081 11664 12096 I Routine@Core[4.9.04.16]: RoutineDataMigrator: isAvailableToMigrate() newPackageName:com.samsung.android.lool, newTag:dc_processing_speed, isAvailableToMigrate:false
03-31 13:23:53.081 11664 12096 I Routine@Core[4.9.04.16]: RoutineDataMigrator: isAvailableToMigrate() newPackageName:com.samsung.android.lool, newTag:dc_protect_battery, isAvailableToMigrate:true
03-31 13:23:53.081 11664 12096 I Routine@Core[4.9.04.16]: RoutineDataMigrator: isAvailableToMigrate() newPackageName:com.samsung.android.lool, newTag:dc_super_fast_cable_charging, isAvailableToMigrate:false
03-31 13:23:53.081 11664 12096 I Routine@Core[4.9.04.16]: RoutineDataMigrator: isAvailableToMigrate() newPackageName:com.samsung.android.sm_cn, newTag:dc_enhanced_processing, isAvailableToMigrate:false
03-31 13:23:53.081 11664 12096 I Routine@Core[4.9.04.16]: RoutineDataMigrator: isAvailableToMigrate() newPackageName:com.samsung.android.sm_cn, newTag:dc_fast_cable_charging, isAvailableToMigrate:false
03-31 13:23:53.081 11664 12096 I Routine@Core[4.9.04.16]: RoutineDataMigrator: isAvailableToMigrate() newPackageName:com.samsung.android.sm_cn, newTag:dc_fast_wireless_charging, isAvailableToMigrate:false
03-31 13:23:53.081 11664 12096 I Routine@Core[4.9.04.16]: RoutineDataMigrator: isAvailableToMigrate() newPackageName:com.samsung.android.sm_cn, newTag:dc_power_mode_action, isAvailableToMigrate:false
03-31 13:23:53.081 11664 12096 I Routine@Core[4.9.04.16]: RoutineDataMigrator: isAvailableToMigrate() newPackageName:com.samsung.android.sm_cn, newTag:dc_processing_speed, isAvailableToMigrate:false
03-31 13:23:53.081 11664 12096 I Routine@Core[4.9.04.16]: RoutineDataMigrator: isAvailableToMigrate() newPackageName:com.samsung.android.sm_cn, newTag:dc_protect_battery, isAvailableToMigrate:false
03-31 13:23:53.081 11664 12096 I Routine@Core[4.9.04.16]: RoutineDataMigrator: isAvailableToMigrate() newPackageName:com.samsung.android.sm_cn, newTag:dc_super_fast_cable_charging, isAvailableToMigrate:false
03-31 13:23:53.081 11664 12096 I Routine@Core[4.9.04.16]: RoutineDataMigrator: isAvailableToMigrate() newPackageName:com.samsung.android.app.dressroom, newTag:change_lock_screen_wallpaper_profile, isAvailableToMigrate:true
03-31 13:23:53.081 11664 12096 I Routine@Core[4.9.04.16]: RoutineDataMigrator: deprecateOldTag() should not deprecate oldTag(lockscreen_shortcut
03-31 13:23:53.081 11664 12096 I Routine@Core[4.9.04.16]: RoutineDataMigrator: isAvailableToMigrate() newPackageName:com.samsung.android.app.routines, newTag:nfc_on_off, isAvailableToMigrate:true
03-31 13:23:53.081 11664 12096 I Routine@Core[4.9.04.16]: RoutineDataMigrator: isAvailableToMigrate() newPackageName:com.sec.android.app.launcher, newTag:edge_panel, isAvailableToMigrate:false
03-31 13:23:53.081 11664 12096 I Routine@Core[4.9.04.16]: RoutineDataMigrator: isAvailableToMigrate() newPackageName:com.android.settings, newTag:as_dialing_keypad_tones, isAvailableToMigrate:true
03-31 13:23:53.081 11664 12096 I Routine@Core[4.9.04.16]: RoutineDataMigrator: isAvailableToMigrate() newPackageName:com.android.settings, newTag:as_keyboard_sound, isAvailableToMigrate:true
03-31 13:23:53.081 11664 12096 I Routine@Core[4.9.04.16]: RoutineDataMigrator: isAvailableToMigrate() newPackageName:com.android.settings, newTag:as_keyboard_vibration, isAvailableToMigrate:true
03-31 13:23:53.081 11664 12096 I Routine@Core[4.9.04.16]: RoutineDataMigrator: isAvailableToMigrate() newPackageName:com.android.settings, newTag:as_media_volume, isAvailableToMigrate:true
03-31 13:23:53.081 11664 12096 I Routine@Core[4.9.04.16]: RoutineDataMigrator: isAvailableToMigrate() newPackageName:com.android.settings, newTag:as_volume, isAvailableToMigrate:true
03-31 13:23:53.081 11664 12096 I Routine@Core[4.9.04.16]: RoutineDataMigrator: isAvailableToMigrate() newPackageName:com.sec.android.app.clockpackage, newTag:appfunction://com.sec.android.app.clockpackage.crossappactions#StopwatchCrossAppFunctions_startStopwatch, isAvailableToMigrate:true
03-31 13:23:53.081 11664 12096 I Routine@Core[4.9.04.16]: RoutineDataMigrator: isAvailableToMigrate() newPackageName:com.sec.android.app.launcher, newTag:samsung_dex, isAvailableToMigrate:true
03-31 13:23:53.081 11664 12096 I Routine@Core[4.9.04.16]: RoutineDataMigrator: isAvailableToMigrate() newPackageName:com.samsung.android.secondscreen, newTag:second_screen_condition_tag, isAvailableToMigrate:false
03-31 13:23:53.081 11664 12096 I Routine@Core[4.9.04.16]: RoutineDataMigrator: isAvailableToMigrate() newPackageName:com.samsung.android.app.routines, newTag:vibrate_once, isAvailableToMigrate:true
03-31 13:23:53.081 11664 12096 I Routine@Core[4.9.04.16]: RoutineDataMigrator: isAvailableToMigrate() newPackageName:com.samsung.android.app.routineplus, newTag:custom_key_v3, isAvailableToMigrate:false
03-31 13:23:53.081 11664 12096 I Routine@Core[4.9.04.16]: RoutineDataMigrator: isAvailableToMigrate() newPackageName:com.samsung.android.service.aircommand, newTag:aircommand_open_with_pen, isAvailableToMigrate:true
03-31 13:23:53.081 11664 12096 I Routine@Core[4.9.04.16]: RoutineDataMigrator: deprecateOldTag() should not deprecate oldTag(aircommand_open_with_pen
03-31 13:23:53.081 11664 12096 I Routine@Core[4.9.04.16]: RoutineDataMigrator: isAvailableToMigrate() newPackageName:com.samsung.android.app.routines, newTag:text_to_speech, isAvailableToMigrate:true
03-31 13:23:53.081 11664 12096 I Routine@Core[4.9.04.16]: RoutineDataMigrator: isAvailableToMigrate() newPackageName:com.samsung.android.app.routines, newTag:unlock_with_finger_print, isAvailableToMigrate:true
03-31 13:23:53.081 11664 12096 I Routine@Core[4.9.04.16]: RoutineDataMigrator: isAvailableToMigrate() newPackageName:com.sec.android.app.launcher, newTag:edge_panel_routine_v3, isAvailableToMigrate:true
03-31 13:23:53.081 11664 12096 I Routine@Core[4.9.04.16]: RoutineDataMigrator: isAvailableToMigrate() newPackageName:com.sec.android.app.launcher, newTag:edge_panel_routine_v3, isAvailableToMigrate:true
03-31 13:23:53.081 11664 12096 I Routine@Core[4.9.04.16]: RoutineDataMigrator: isAvailableToMigrate() newPackageName:com.android.settings, newTag:data_saver_routine, isAvailableToMigrate:true
03-31 13:23:53.081 11664 12096 I Routine@Core[4.9.04.16]: RoutineDataMigrator: isAvailableToMigrate() newPackageName:com.samsung.android.app.routines, newTag:motion_smoothness_v3, isAvailableToMigrate:true
03-31 13:23:53.081 11664 12096 I Routine@Core[4.9.04.16]: RoutineDataMigrator: isAvailableToMigrate() newPackageName:com.samsung.android.app.routines, newTag:motion_smoothness_and_screen_resolution_v3, isAvailableToMigrate:false
03-31 13:23:53.081 11664 12096 I Routine@Core[4.9.04.16]: RoutineDataMigrator: isAvailableToMigrate() newPackageName:com.samsung.android.app.routines, newTag:cover_screen_motion_smoothness_v3, isAvailableToMigrate:true
03-31 13:23:53.081 11664 12096 I Routine@Core[4.9.04.16]: RoutineDataMigrator: isAvailableToMigrate() newPackageName:com.samsung.android.app.routines, newTag:brightness_v3, isAvailableToMigrate:true
03-31 13:23:53.081 11664 12096 I Routine@Core[4.9.04.16]: RoutineDataMigrator: isAvailableToMigrate() newPackageName:com.samsung.android.app.routines, newTag:font_size_v3, isAvailableToMigrate:true
03-31 13:23:53.081 11664 12096 I Routine@Core[4.9.04.16]: RoutineDataMigrator: isAvailableToMigrate() newPackageName:com.samsung.android.app.routines, newTag:screen_zoom_v3, isAvailableToMigrate:false
03-31 13:23:53.081 11664 12096 I Routine@Core[4.9.04.16]: RoutineDataMigrator: isAvailableToMigrate() newPackageName:com.samsung.android.app.routines, newTag:screen_layout_and_zoom_v3, isAvailableToMigrate:true
03-31 13:23:53.081 11664 12096 I Routine@Core[4.9.04.16]: RoutineDataMigrator: isAvailableToMigrate() newPackageName:com.samsung.android.app.routines, newTag:screen_resolution_v3, isAvailableToMigrate:false
03-31 13:23:53.081 11664 12096 I Routine@Core[4.9.04.16]: RoutineDataMigrator: isAvailableToMigrate() newPackageName:com.samsung.android.app.routines, newTag:screen_timeout_v3, isAvailableToMigrate:true
03-31 13:23:53.081 11664 12096 I Routine@Core[4.9.04.16]: RoutineDataMigrator: isAvailableToMigrate() newPackageName:com.samsung.android.app.routines, newTag:rotation_screen_v3, isAvailableToMigrate:true
03-31 13:23:53.081 11664 12096 I Routine@Core[4.9.04.16]: RoutineDataMigrator: isAvailableToMigrate() newPackageName:com.samsung.android.app.routines, newTag:multi_window_tray_v3, isAvailableToMigrate:false
03-31 13:23:53.081 11664 12096 I Routine@Core[4.9.04.16]: RoutineDataMigrator: isAvailableToMigrate() newPackageName:com.samsung.android.app.routines, newTag:dark_mode_v3, isAvailableToMigrate:true
03-31 13:23:53.081 11664 12096 I Routine@Core[4.9.04.16]: RoutineDataMigrator: isAvailableToMigrate() newPackageName:com.samsung.android.app.routines, newTag:bixby_text_command_v3, isAvailableToMigrate:true
03-31 13:23:53.081 11664 12096 I Routine@Core[4.9.04.16]: RoutineDataMigrator: isAvailableToMigrate() newPackageName:com.samsung.android.app.routines, newTag:bixby_quick_command_v3, isAvailableToMigrate:true
03-31 13:23:53.081 11664 12096 I Routine@Core[4.9.04.16]: RoutineDataMigrator: isAvailableToMigrate() newPackageName:com.samsung.android.app.routines, newTag:bixby_voice_wake_up_v3, isAvailableToMigrate:true
03-31 13:23:53.081 11664 12096 I Routine@Core[4.9.04.16]: RoutineDataMigrator: isAvailableToMigrate() newPackageName:com.samsung.android.app.routines, newTag:spotify_playlist_v3, isAvailableToMigrate:true
03-31 13:23:53.081 11664 12096 I Routine@Core[4.9.04.16]: RoutineDataMigrator: isAvailableToMigrate() newPackageName:com.samsung.android.app.routines, newTag:play_media_v3, isAvailableToMigrate:true
03-31 13:23:53.081 11664 12096 I Routine@Core[4.9.04.16]: RoutineDataMigrator: isAvailableToMigrate() newPackageName:com.samsung.android.app.routines, newTag:launch_app_v3, isAvailableToMigrate:true
03-31 13:23:53.082 11664 12096 I Routine@Core[4.9.04.16]: RoutineDataMigrator: isAvailableToMigrate() newPackageName:com.samsung.android.app.routines, newTag:close_app_v3, isAvailableToMigrate:true
03-31 13:23:53.082 11664 12096 I Routine@Core[4.9.04.16]: RoutineDataMigrator: isAvailableToMigrate() newPackageName:com.samsung.android.app.routines, newTag:separate_app_sound_v3, isAvailableToMigrate:true
03-31 13:23:53.082 11664 12096 I Routine@Core[4.9.04.16]: RoutineDataMigrator: isAvailableToMigrate() newPackageName:com.samsung.android.app.routines, newTag:dnd_mode_on_v3, isAvailableToMigrate:true
03-31 13:23:53.082 11664 12096 I Routine@Core[4.9.04.16]: RoutineDataMigrator: isAvailableToMigrate() newPackageName:com.samsung.android.app.routines, newTag:custom_notification_v3, isAvailableToMigrate:true
03-31 13:23:53.082 11664 12096 I Routine@Core[4.9.04.16]: RoutineDataMigrator: isAvailableToMigrate() newPackageName:com.samsung.android.app.routines, newTag:hard_key_v3, isAvailableToMigrate:true
03-31 13:23:53.082 11664 12096 I Routine@Core[4.9.04.16]: RoutineDataMigrator: isAvailableToMigrate() newPackageName:com.samsung.android.app.routines, newTag:quick_decline_message_v3, isAvailableToMigrate:true
03-31 13:23:53.082 11664 12096 I Routine@Core[4.9.04.16]: RoutineDataMigrator: isAvailableToMigrate() newPackageName:com.samsung.android.app.routines, newTag:quick_decline_message_v3, isAvailableToMigrate:true
03-31 13:23:53.082 11664 12096 I Routine@Core[4.9.04.16]: RoutineDataMigrator: isAvailableToMigrate() newPackageName:com.samsung.android.app.routines, newTag:video_enhancer_v3, isAvailableToMigrate:true
03-31 13:23:53.082 11664 12096 I Routine@Core[4.9.04.16]: RoutineDataMigrator: isAvailableToMigrate() newPackageName:com.samsung.android.app.routines, newTag:bluetooth_on_v3, isAvailableToMigrate:true
03-31 13:23:53.082 11664 12096 I Routine@Core[4.9.04.16]: RoutineDataMigrator: isAvailableToMigrate() newPackageName:com.samsung.android.app.routines, newTag:instant_session_v3, isAvailableToMigrate:true
03-31 13:23:53.082 11664 12096 I Routine@Core[4.9.04.16]: RoutineDataMigrator: isAvailableToMigrate() newPackageName:com.samsung.android.app.routines, newTag:airplane_mode_on_v3, isAvailableToMigrate:true
03-31 13:23:53.082 11664 12096 I Routine@Core[4.9.04.16]: RoutineDataMigrator: isAvailableToMigrate() newPackageName:com.samsung.android.app.routines, newTag:mobile_network_mode_setting_v3, isAvailableToMigrate:true
03-31 13:23:53.082 11664 12096 I Routine@Core[4.9.04.16]: RoutineDataMigrator: isAvailableToMigrate() newPackageName:com.samsung.android.app.routines, newTag:mobile_data_on_v3, isAvailableToMigrate:true
03-31 13:23:53.082 11664 12096 I Routine@Core[4.9.04.16]: RoutineDataMigrator: isAvailableToMigrate() newPackageName:com.samsung.android.app.routines, newTag:hotspot_on_v3, isAvailableToMigrate:true
03-31 13:23:53.082 11664 12096 I Routine@Core[4.9.04.16]: RoutineDataMigrator: isAvailableToMigrate() newPackageName:com.samsung.android.app.routines, newTag:gps_on_v3, isAvailableToMigrate:true
03-31 13:23:53.082 11664 12096 I Routine@Core[4.9.04.16]: RoutineDataMigrator: isAvailableToMigrate() newPackageName:com.samsung.android.app.routines, newTag:auto_data_sync_v3, isAvailableToMigrate:true
03-31 13:23:53.082 11664 12096 I Routine@Core[4.9.04.16]: RoutineDataMigrator: isAvailableToMigrate() newPackageName:com.samsung.android.app.routines, newTag:sound_sdk3, isAvailableToMigrate:true
03-31 13:23:53.082 11664 12096 I Routine@Core[4.9.04.16]: RoutineDataMigrator: isAvailableToMigrate() newPackageName:com.samsung.android.app.routines, newTag:vibrate_once, isAvailableToMigrate:true
03-31 13:23:53.082 11664 12096 I Routine@Core[4.9.04.16]: RoutineDataMigrator: isAvailableToMigrate() newPackageName:com.samsung.android.app.routines, newTag:connect_url_sdk3, isAvailableToMigrate:true
03-31 13:23:53.082 11664 12096 I Routine@Core[4.9.04.16]: RoutineDataMigrator: isAvailableToMigrate() newPackageName:com.samsung.android.app.routines, newTag:wifi_on_sdk3, isAvailableToMigrate:true
03-31 13:23:53.082 11664 12096 I Routine@Core[4.9.04.16]: RoutineDataMigrator: isAvailableToMigrate() newPackageName:com.samsung.android.app.routines, newTag:lockscreen_shortcut_v3, isAvailableToMigrate:true
03-31 13:23:53.082 11664 12096 I Routine@Core[4.9.04.16]: RoutineDataMigrator: isAvailableToMigrate() newPackageName:com.samsung.android.app.routines, newTag:launch_app_v3, isAvailableToMigrate:true
03-31 13:23:53.082 11664 12096 I Routine@Core[4.9.04.16]: RoutineDataMigrator: isAvailableToMigrate() newPackageName:com.samsung.android.app.routines, newTag:launch_game_v3, isAvailableToMigrate:true
03-31 13:23:53.082 11664 12096 I Routine@Core[4.9.04.16]: RoutineDataMigrator: isAvailableToMigrate() newPackageName:com.samsung.android.app.routines, newTag:samsung_health_during_exercise_v3, isAvailableToMigrate:true
03-31 13:23:53.082 11664 12096 I Routine@Core[4.9.04.16]: RoutineDataMigrator: isAvailableToMigrate() newPackageName:com.samsung.android.app.routines, newTag:samsung_health_during_exercise_when_starting_v3, isAvailableToMigrate:true
03-31 13:23:53.082 11664 12096 I Routine@Core[4.9.04.16]: RoutineDataMigrator: isAvailableToMigrate() newPackageName:com.samsung.android.app.routines, newTag:notification_with_keyword_v3, isAvailableToMigrate:true
03-31 13:23:53.082 11664 12096 I Routine@Core[4.9.04.16]: RoutineDataMigrator: isAvailableToMigrate() newPackageName:com.samsung.android.app.routines, newTag:specify_wifi_v3, isAvailableToMigrate:true
03-31 13:23:53.082 11664 12096 I Routine@Core[4.9.04.16]: RoutineDataMigrator: isAvailableToMigrate() newPackageName:com.samsung.android.app.routines, newTag:wifi_rssi_v3, isAvailableToMigrate:true
03-31 13:23:53.082 11664 12096 I Routine@Core[4.9.04.16]: RoutineDataMigrator: isAvailableToMigrate() newPackageName:com.samsung.android.app.routines, newTag:specify_bluetooth_v3, isAvailableToMigrate:true
03-31 13:23:53.082 11664 12096 I Routine@Core[4.9.04.16]: RoutineDataMigrator: isAvailableToMigrate() newPackageName:com.samsung.android.app.routines, newTag:specify_bluetooth_only_connected_v3, isAvailableToMigrate:true
03-31 13:23:53.082 11664 12096 I Routine@Core[4.9.04.16]: RoutineDataMigrator: isAvailableToMigrate() newPackageName:com.samsung.android.app.routines, newTag:nfc_tagged_v3, isAvailableToMigrate:true
03-31 13:23:53.082 11664 12096 I Routine@Core[4.9.04.16]: RoutineDataMigrator: isAvailableToMigrate() newPackageName:com.samsung.android.app.routines, newTag:airplane_mode_v3, isAvailableToMigrate:true
03-31 13:23:53.082 11664 12096 I Routine@Core[4.9.04.16]: RoutineDataMigrator: isAvailableToMigrate() newPackageName:com.samsung.android.app.routines, newTag:specific_time_v3, isAvailableToMigrate:true
03-31 13:23:53.082 11664 12096 I Routine@Core[4.9.04.16]: RoutineDataMigrator: isAvailableToMigrate() newPackageName:com.samsung.android.app.routines, newTag:time_v3, isAvailableToMigrate:true
03-31 13:23:53.082 11664 12096 I Routine@Core[4.9.04.16]: RoutineDataMigrator: isAvailableToMigrate() newPackageName:com.samsung.android.app.routines, newTag:plugin_gps_location_v3, isAvailableToMigrate:true
03-31 13:23:53.082 11664 12096 I Routine@Core[4.9.04.16]: RoutineDataMigrator: isAvailableToMigrate() newPackageName:com.samsung.android.app.routines, newTag:plugin_gps_location_only_arrived_v3, isAvailableToMigrate:false
03-31 13:23:53.082 11664 12096 I Routine@Core[4.9.04.16]: RoutineDataMigrator: isAvailableToMigrate() newPackageName:com.samsung.android.app.routines, newTag:calling_v3, isAvailableToMigrate:true
03-31 13:23:53.082 11664 12096 I Routine@Core[4.9.04.16]: RoutineDataMigrator: isAvailableToMigrate() newPackageName:com.samsung.android.app.routines, newTag:during_call_v3, isAvailableToMigrate:true
03-31 13:23:53.082 11664 12096 I Routine@Core[4.9.04.16]: RoutineDataMigrator: isAvailableToMigrate() newPackageName:com.samsung.android.app.routines, newTag:connected_headset_v3, isAvailableToMigrate:true
03-31 13:23:53.082 11664 12096 I Routine@Core[4.9.04.16]: RoutineDataMigrator: isAvailableToMigrate() newPackageName:com.samsung.android.app.routines, newTag:plugged_battery_v3, isAvailableToMigrate:true
03-31 13:23:53.082 11664 12096 I Routine@Core[4.9.04.16]: RoutineDataMigrator: isAvailableToMigrate() newPackageName:com.samsung.android.app.routines, newTag:battery_condition_v3, isAvailableToMigrate:true
