03-31 13:16:55.139  2349  2522 I RefreshRateModeManager:       PRIORITY_USER_SETTING_PEAK_RENDER_FRAME_RATE -> RenderVote{ RefreshRateVote{  mMinRefreshRate=0.0, mMaxRefreshRate=120.0 } }
03-31 13:16:55.139  2349  2522 I RefreshRateModeManager:       PRIORITY_USER_SETTING_PEAK_REFRESH_RATE -> CombinedVote{ mVotes=[PhysicalVote{ RefreshRateVote{  mMinRefreshRate=0.0, mMaxRefreshRate=120.0 } }, DisableRefreshRateSwitchingVote{ mDisableRefreshRateSwitching=false }] }
03-31 13:16:55.139  2349  2522 I RefreshRateModeManager:       PRIORITY_USER_SETTING_MIN_RENDER_FRAME_RATE -> RenderVote{ RefreshRateVote{  mMinRefreshRate=0.0, mMaxRefreshRate=Infinity } }
03-31 13:16:55.139  2349  2522 I RefreshRateModeManager: 
03-31 13:16:55.139  2349  2522 I RefreshRateModeManager:  mModeSwitchingType: SWITCHING_TYPE_WITHIN_GROUPS mAlwaysRespectAppRequest: false
03-31 13:16:55.139  2349  2522 I RefreshRateModeManager:  Current Mode mReportedRefreshRateMode(toSurfaceFlinger)=REFRESH_RATE_MODE_SEAMLESS, mRefreshRateMode(fromSettings)=REFRESH_RATE_MODE_SEAMLESS
03-31 13:16:55.139  2349  2522 I RefreshRateModeManager:  BrightnessState mPassive=false, PassiveModeToken=false, mBrightness=121, mAmbientLux=2485.0
03-31 13:16:55.139  1676  2177 I SurfaceFlinger: [4630946213010294403] HFR mode : 1
03-31 13:16:55.140  2349  2522 I RefreshRateTokenController: Removing refreshRateToken={ RefreshRateToken[->PassiveModeToken:BrightnessAnim, acquire at 477517129 (418 ms ago)}, caller=com.android.server.display.mode.RefreshRateToken.release:5 com.android.server.display.DisplayManagerService$$ExternalSyntheticLambda1.accept:405 com.android.server.display.DisplayPowerController$3.run:24 android.os.Handler.handleCallback:995 android.os.Handler.dispatchMessage:103 
03-31 13:16:55.149  1676  1676 I HWComposer: [4630946213010294403] ActiveConfigToHWC, ID : 0
03-31 13:16:55.156  1676  1676 D SurfaceFlinger: GPIS:: requestGPISForClientComposition
03-31 13:16:55.156  1584  1806 I SDM     : HWCDisplay::SubmitDisplayConfig: [DispConfigs] config 0 => 0, hs_mode 3 => 1
03-31 13:16:55.156  1584  1806 I SDM     : HWDeviceDRM::SetDisplaySwitchMode: [DispConfigs] check hs_mode 1
03-31 13:16:55.156  1584  1806 I SDM     : HWDeviceDRM::SetDisplaySwitchMode: [DispConfigs] Mode 0 904x2316x120xcmdHS already set
03-31 13:16:55.156  1584  1806 I SDM     : HWDeviceDRM::UpdateMixerAttributes: Mixer WxH 904x2316-1 for Peripheral
03-31 13:16:55.156  1584  1806 I SDM     : HWCDisplay::SubmitDisplayConfig: Active configuration changed from config 0 to 0
03-31 13:16:55.173  1561 29205 I HYPER-HAL: [RequestManager.cpp]releaseLocked(): Released ID : 4129025
03-31 13:16:55.194  1676  3514 D DisplayModeController: setDesiredMode 4630946213010294403 {mode={fps=24.00 Hz, modePtr={id=5, vsyncRate=24.00 Hz, peakRefreshRate=24.00 Hz}}, emitEvent=false, force=false}
03-31 13:16:55.195  1676  1676 I LayerHistory: Dim Layer for - Task=1614#27457 is animating
03-31 13:16:55.195  1676  1676 I LayerHistory: com.sec.android.app.launcher/com.sec.android.app.launcher.activities.LauncherActivity$_4276#27302 voted ExplicitCategory with category: HighHint
03-31 13:16:55.195  1676  1676 I LayerHistory: NavigationBar0$_3951#118 Max (can't resolve refresh rate)
03-31 13:16:55.195  1676  1676 I LayerHistory: StatusBar$_3951#122 voted NoVote (0.00 Hz)
03-31 13:16:55.195  1676  1676 I SurfaceFlinger: Idle - choose 24.00 Hz
03-31 13:16:55.195  1676  1676 I HWComposer: [4630946213010294403] ActiveConfigToHWC, ID : 8
03-31 13:16:55.195  1584  1806 I SDM     : HWCDisplay::SubmitDisplayConfig: [DispConfigs] config 0 => 8, hs_mode 1 => 1
03-31 13:16:55.195  1584  1806 I SDM     : HWDeviceDRM::SetDisplaySwitchMode: [DispConfigs] check hs_mode 1
03-31 13:16:55.195  1584  1806 I SDM     : HWDeviceDRM::SetDisplaySwitchMode: [DispConfigs] Set mode index:8 904x2316x24xcmdHS, hs_mode(1), found_mode(1)
03-31 13:16:55.195  1584  1806 I SDM     : HWDeviceDRM::UpdateMixerAttributes: Mixer WxH 904x2316-1 for Peripheral
03-31 13:16:55.195  1584  1806 I SDM     : HWCDisplay::SubmitDisplayConfig: Active configuration changed from config 0 to 8
03-31 13:16:55.197  1676  1885 I VSyncReactor: Current= 120, Period= 24, hwcPeriod= 24
03-31 13:16:55.197  1676  1676 I SurfaceFlinger: finalizeDisplayModeChange 4630946213010294403
03-31 13:16:55.204 29218 29268 I ControllerEventHandler: [#CMH#] ControllerEventHandler -- 
03-31 13:16:55.205  1676  1885 I VSyncReactor: Current= 24, Period= 24, Distance= 2
03-31 13:16:55.210 29218 29296 I Controller: [#CMH#] waitForSuccessLatch  
03-31 13:16:55.212 29218 29268 I com.samsung.android.ocr.MOCR: AAR(1.5.7)
03-31 13:16:55.242 29218 29268 I com.samsung.android.ocr.MOCR: OCR Supported : Stride AAR version: 1.5.7
03-31 13:16:55.242 29218 29268 I ControllerUtils: [#CMH#] MOCR Feature ==>  isMOCREnabled : true 
03-31 13:16:55.242  1676  1885 I VSyncReactor: Current= 24, Period= 24, Distance= 27
03-31 13:16:55.242 29218 29268 I Recognizer: SEC_FLOATING_FEATURE_CAMERA_CONFIG_STRIDE_OCR_VERSION=[V2]
03-31 13:16:55.242 29218 29268 I Recognizer: Recognizer.isSupported() Return true with feature version[V2]
03-31 13:16:55.242 29218 29268 I dslte[6.2.34]@TextExtractionProvider: isTextExtractionSupported Ocr isSupportedtrue
03-31 13:16:55.242 29218 29268 I dslte[6.2.34]@TextExtractionProvider: isTextExtractionSupported true
03-31 13:16:55.242 29218 29268 I ControllerUtils: [#CMH#] LiveText Feature ==>  isVisionTextEnabled : true 
03-31 13:16:55.244 29218 29298 I Utilities: [#CMH#] cleanUpRevitalizeAutoEvent Start ... 
03-31 13:16:55.244 29218 29300 I Utilities: [#CMH#] cleanUpPortraitSuggestAutoEvent Start ... 
03-31 13:16:55.244 29218 29301 I Utilities: [#CMH#] cleanUpDynamicViewAutoEvent Start ... 
03-31 13:16:55.244 29218 29268 I Controller: [#CMH#] updateSceneTypeInfo  
03-31 13:16:55.244 29218 29268 I DatabaseManager: [#CMH#] DatabaseVersion : 1008
03-31 13:16:55.244 29218 29268 I ControllerEventHandler: [#CMH#] Start Storage Sync Task 
03-31 13:16:55.245 29218 29304 I Controller: [#CMH#] Start Person Sync 
03-31 13:16:55.245 29218 29268 I BaseThreadPoolExecutor: [#CMH#] Task com.samsung.cmh.core.task.StorageSyncTask@a638e01 is submitted
03-31 13:16:55.245 29218 29268 I Controller: [#CMH#] Compare Version: 1601800000:1601800000 
03-31 13:16:55.246 29218 29268 I Controller: [#CMH#] ImageCrop Engine Version:  V1
03-31 13:16:55.246 29218 29268 I Controller: [#CMH#] latestMajor : 1
03-31 13:16:55.246 29218 29268 I ControllerExecutors: [#CMH#] Check Vision Upgrade 
03-31 13:16:55.246 29218 29268 I FeatureClassSet: [#CMH#] VisionEngineFloatingFeature for updating is :  None
03-31 13:16:55.246 29218 29268 I SystemUtils: [#CMH#] VisionEngineFloatingFeature is :  V901
03-31 13:16:55.246 29218 29268 I SystemUtils: [#CMH#]  VideoThumbnailReanalysis is needed : false 
03-31 13:16:55.246 29218 29268 I Utils   : [#CMH#] Need Color/Action Migration 
03-31 13:16:55.246 29218 29268 I ControllerExecutors: [#CMH#] Start Migration To SEC MP Task 
03-31 13:16:55.246 29218 29268 I BaseThreadPoolExecutor: [#CMH#] Task com.samsung.cmh.core.task.MigrationNewSECMPTask@22d4a94 is submitted
03-31 13:16:55.247 29218 29268 I ControllerExecutors: [#CMH#] Start Restore Sync Task 
03-31 13:16:55.247 29218 29306 I MigrationNewSECMPTask: [#CMH#] Last Migration Color/Action ID : 2147490439 
03-31 13:16:55.247 29218 29268 I Controller: [#CMH#] syncMPtoCMHDB 
03-31 13:16:55.247 29218 29268 I ControllerEventHandler: [#CMH#] Start UtoVUpgrade Task 
03-31 13:16:55.247 29218 29268 I ControllerEventHandler: [#CMH#] One Time Sync of Story File Processing and File table is already done 
03-31 13:16:55.248 29218 29268 I DatabaseManager: [#CMH#] Init Clean DB For 
03-31 13:16:55.264 29218 29308 I Controller: [#CMH#] End syncMPtoCMHDB 
03-31 13:16:55.267 29218 29301 I Utilities: [#CMH#] DynamicView Cleanup Time taken : 23 
03-31 13:16:55.267 29218 29303 I Utilities: [#CMH#] cleanUpAutoStoryLiveEffectCover Completed ... 
03-31 13:16:55.272 29218 29304 I MediaContentSyncPerson: [#CMH#] Total Sync Time :  27
03-31 13:16:55.274 29218 29268 I StoryTable: [#CMH#] Empty delete list for cover collage 
03-31 13:16:55.275 29218 29268 I Controller: [#CMH#] cleanUpSmartSwitchRestoreData started ...  
03-31 13:16:55.275 29218 29268 I Controller: [#CMH#] cleanUpSmartSwitchRestoreData completed ...  
03-31 13:16:55.275 29218 29268 I ControllerEventHandler: [#CMH#] In requestToRegisterPeriodicWorker...  
03-31 13:16:55.275 29218 29268 I Controller: [#CMH#] setSuccessState =  true
03-31 13:16:55.275 29218 29268 I Controller: [#CMH#] setSuccessState latch is down 
03-31 13:16:55.276 29218 29268 I Initializer: [#CMH#] CMH initialization ends 
03-31 13:16:55.276 29218 29309 I Controller: [#CMH#] SS Last Status :  
03-31 13:16:55.277 29218 29296 I Utilities: [#CMH#] cleanUpInvalidIsCloud Start:  0
03-31 13:16:55.277 29218 29309 I Controller: [#CMH#] cleanUpSmartSwitchRestoreData step :  0
03-31 13:16:55.277  2349  3458 D CompatChangeReporter: Compat change id reported: 151861875; UID 5004; state: ENABLED
03-31 13:16:55.277 29218 29309 I SystemUtils: [#CMH#] fileExists with size :  -1
03-31 13:16:55.277 29218 29309 I Controller: [#CMH#] cleanUpSmartSwitchRestoreData is not needed .. 
03-31 13:16:55.278  2349  3140 D BackgroundInstallControlService: Package event received: 0
03-31 13:16:55.284  1676  1885 I VSyncReactor: Current= 24, Period= 24, Distance= 24
03-31 13:16:55.288 29218 29306 I BaseThreadPoolExecutor: [#CMH#] afterExecute FutureTask
03-31 13:16:55.288  1479  1479 D Zygote  : Forked child process 29311
03-31 13:16:55.289  2349  2483 I ActivityManager: Start proc 29311:com.samsung.faceservice/5004 for content provider {com.samsung.faceservice/com.samsung.faceservice.provider.FaceServiceProvider}
03-31 13:16:55.289  2349  2483 I ActivityManager: ProcessObserver broadcast disabled
03-31 13:16:55.309 29311 29311 I ung.faceservice: Using CollectorTypeCMC GC.
03-31 13:16:55.311 29218 29300 I Utilities: [#CMH#] Portrait suggest Cleanup Time taken : 65 
03-31 13:16:55.321 27964 28087 E msys    : E[N mns:DGWClient]_OnDiskCacheGetData(980)=>Start post callback cache refresh DNS resolution
03-31 13:16:55.323  2349  3229 D NetdEventListenerService: DNS Requested by 170, 10591(com.instagram.android), 4(FAIL), isBlocked=true, 0ms
03-31 13:16:55.323 29218 29305 I BaseThreadPoolExecutor: [#CMH#] afterExecute FutureTask
03-31 13:16:55.323 29218 29305 I ControllerEventHandler: [#CMH#] [StorageSync]Run Init Sync After Storage Sync Task 
03-31 13:16:55.324 29218 29305 I BaseThreadPoolExecutor: [#CMH#] Task com.samsung.cmh.core.task.MediaContentSyncTask@7b4f27e is submitted
03-31 13:16:55.328 27964 28087 E msys    : E[N mns:DGWClient]_LogError(263)=>Failed to resolve using system DNS resolver, getaddrinfo(): No address associated with hostname
03-31 13:16:55.341  1146  1146 D io_stats: !@   8,0 r 73989754 1488458796 w 31191881 397129204 d 8356411 659368048 f 0 3021303 iot 31274276 0 th 0 0 0 pt 0 inp 0 0 477517.747
03-31 13:16:55.346 29311 29311 I FaceServiceProvider: [NewFaceService:2.0] In onCreate() ....  
03-31 13:16:55.350 29311 29326 I FaceServiceProvider: [NewFaceService:2.0] method:  periodic_worker arg: FaceService extras: Bundle[mParcelledData.dataSize=92]
03-31 13:16:55.350 29311 29311 I FaceServiceApplication:: [NewFaceService:2.0] New Face Service started with context  com.samsung.faceservice.FaceServiceApplication@238231d
03-31 13:16:55.350 29311 29311 I FaceServiceApplication:: [NewFaceService:2.0] Initialize face controller  com.samsung.faceservice.FaceServiceApplication@238231d
03-31 13:16:55.350 29311 29326 I FaceServiceProvider: [NewFaceService:2.0] Controller is null 
03-31 13:16:55.350 29311 29311 I FaceController: [NewFaceService:2.0] initialize() ... 
03-31 13:16:55.350 29311 29326 I FaceController: [NewFaceService:2.0] initialize() ... 
03-31 13:16:55.350 29311 29326 I FaceController: [NewFaceService:2.0] new  FaceController ...  
03-31 13:16:55.350 29311 29311 I FaceController: [NewFaceService:2.0] new  FaceController ...  
03-31 13:16:55.351 29311 29311 I FaceController: [NewFaceService:2.0] initializeBroadcastReceiver ...  
03-31 13:16:55.351 29311 29326 I FaceController: [NewFaceService:2.0] initializeBroadcastReceiver ...  
03-31 13:16:55.351 29311 29328 E ashmem  : Pinning is deprecated since Android Q. Please use trim or other methods.
03-31 13:16:55.351 29311 29326 I FaceServiceBroadcastReceiver: [NewFaceService:2.0]  in initialize FaceServiceBroadcastReceiver 
03-31 13:16:55.351 29311 29326 I FaceServiceBroadcastReceiver: [NewFaceService:2.0]  in new FaceServiceBroadcastReceiver :: construct 1 ...  
03-31 13:16:55.351 29311 29326 I FaceController: [NewFaceService:2.0] initializeBroadcastReceiver ...  
03-31 13:16:55.351 29311 29326 I PolicyManager: [NewFaceService:2.0]  new PolicyManager() ...  
03-31 13:16:55.352 29311 29311 I FaceServiceBroadcastReceiver: [NewFaceService:2.0]  in initialize FaceServiceBroadcastReceiver 
03-31 13:16:55.352 29311 29311 I FaceController: [NewFaceService:2.0] initializeBroadcastReceiver ...  
03-31 13:16:55.352 29311 29311 I PolicyManager: [NewFaceService:2.0]  new PolicyManager() ...  
03-31 13:16:55.352 29311 29311 I FaceServiceBroadcastReceiver: [NewFaceService:2.0] unregisterListener completed in time  1 microsec. 
03-31 13:16:55.352 29311 29311 I FaceServiceBroadcastReceiver: [NewFaceService:2.0]  in register intent 
03-31 13:16:55.352 29311 29326 I FaceServiceBroadcastReceiver: [NewFaceService:2.0] unregisterListener completed in time  2 microsec. 
03-31 13:16:55.352 29311 29326 I FaceServiceBroadcastReceiver: [NewFaceService:2.0]  in register intent 
03-31 13:16:55.354  2349  3458 W ActivityManager: Receiver with filter android.content.IntentFilter@bdaa327 already registered for pid 29311, callerPackage is com.samsung.faceservice
03-31 13:16:55.354  2349  3458 W ActivityManager: Receiver with filter android.content.IntentFilter@35c777d already registered for pid 29311, callerPackage is com.samsung.faceservice
03-31 13:16:55.354 29311 29311 I FaceServiceBroadcastReceiver: [NewFaceService:2.0]  Registered 
03-31 13:16:55.354 29311 29311 I FaceServiceBroadcastReceiver: [NewFaceService:2.0] registerListener completed in time  1896 microsec. 
03-31 13:16:55.354 29311 29326 I FaceServiceBroadcastReceiver: [NewFaceService:2.0]  Registered 
03-31 13:16:55.354 29311 29311 I WorkerUtils: [NewFaceService:2.0] updateCurrentSystemConditions: E ...  
03-31 13:16:55.354 29311 29326 I FaceServiceBroadcastReceiver: [NewFaceService:2.0] registerListener completed in time  1998 microsec. 
03-31 13:16:55.354 29311 29326 I WorkerUtils: [NewFaceService:2.0] updateCurrentSystemConditions: E ...  
03-31 13:16:55.355  2349  3458 D SGM:GameManager: identifyForegroundApp. com.samsung.android.lool, mCurrentUserId: 0, callerUserId: 0
03-31 13:16:55.355  2349  3460 D SGM:GameManager: identifyForegroundApp. com.samsung.android.lool, mCurrentUserId: 0, callerUserId: 0
03-31 13:16:55.355 29311 29311 I WorkerUtils: [NewFaceService:2.0] Is foreground game app: false
03-31 13:16:55.355 29311 29326 I WorkerUtils: [NewFaceService:2.0] Is foreground game app: false
03-31 13:16:55.355 29311 29311 I WorkerUtils: [NewFaceService:2.0]  setPreempted :  false
03-31 13:16:55.355 29311 29326 I WorkerUtils: [NewFaceService:2.0]  setPreempted :  false
03-31 13:16:55.355 29311 29311 I WorkerUtils: [NewFaceService:2.0]  SIOP Level :  -3 Camera Status:0 Game Status:false Screen Status:true
03-31 13:16:55.355 29311 29311 I WorkerUtils: [NewFaceService:2.0] updateCurrentSystemConditions: X ...  
03-31 13:16:55.355 29311 29326 I WorkerUtils: [NewFaceService:2.0]  SIOP Level :  -3 Camera Status:0 Game Status:false Screen Status:true
03-31 13:16:55.355 29311 29326 I WorkerUtils: [NewFaceService:2.0] updateCurrentSystemConditions: X ...  
03-31 13:16:55.355 29311 29326 I PolicyManager: [NewFaceService:2.0] onProviderAction E  periodic_worker
03-31 13:16:55.355 29311 29326 I PolicyManager: [NewFaceService:2.0] Request for submitting periodic worker ... 
03-31 13:16:55.355 29311 29326 I WorkerUtils: [NewFaceService:2.0]  For : periodic_worker_tag isWorkerEnqueuedRunningBlocked() : E ...
03-31 13:16:55.369 29311 29311 I FaceServiceApplication:: [NewFaceService:2.0] In onTrimMemory() update ... 40 
03-31 13:16:55.378 29311 29326 I WorkerUtils: [NewFaceService:2.0]  workInfoList  size :   1
03-31 13:16:55.379 29311 29326 I WorkerUtils: [NewFaceService:2.0]  For : periodic_worker_tagm.k@3d835af[status=SUCCESS, result=[[WorkInfo{id='88549965-cb12-4819-a890-3891e22be4a8', state=ENQUEUED, outputData=Data {}, tags=[com.samsung.faceservice.worker.FaceServicePeriodicWorker, periodic_worker_tag], progress=Data {}, runAttemptCount=0, generation=0, constraints=Constraints{requiredNetworkType=NOT_REQUIRED, requiresCharging=true, requiresDeviceIdle=false, requiresBatteryNotLow=true, requiresStorageNotLow=false, contentTriggerUpdateDelayMillis=-1, contentTriggerMaxDelayMillis=-1, contentUriTriggers=[], }, initialDelayMillis=30000, periodicityInfo=PeriodicityInfo{repeatIntervalMillis=1800000, flexIntervalMillis=1800000}, nextScheduleTimeMillis=1774989103815}, stopReason=-256]]] : X 
03-31 13:16:55.379 29311 29326 I PolicyManager: [NewFaceService:2.0] ### isPeriodicFaceServiceRunning:  true ignore submitting new periodic worker...
03-31 13:16:55.380 29218 29310 I ControllerEventHandler: [#CMH#] Completed requestToRegisterPeriodicWorker...  
03-31 13:16:55.428  1665  1688 E HeatmapThread: ECT Thread time in milliseconds: 1774988215
03-31 13:16:55.429  1665  1688 D HeatmapThread: !@ batteryplugType : 0
03-31 13:16:55.429  1665  1688 D HeatmapThread: !@ batteryLevel : 0  batteryTemperature : 0 
03-31 13:16:55.429  1665  1688 D HeatmapThread: !@ Heatmap currtime: 29583136
03-31 13:16:55.429  1665  1688 D HeatmapThread: !@ Heatmap prevtime: 29583123
03-31 13:16:55.429  1665  1688 D HeatmapThread: !@ Heatmap plugstarttime: 35791394
03-31 13:16:55.429  1665  1688 D HeatmapThread: !@ Heatmap prevv_dsoh_update_time: 29571275
03-31 13:16:55.429  1665  1688 E HeatmapThread: !@Could not open '/efs/FactoryApp/bsoh', errno = 13
03-31 13:16:55.429  1665  1688 E HeatmapThread: !@ CAM Could not access BSOH EFS
03-31 13:16:55.429  1665  1688 E HeatmapThread: !@ CAM New BSOH: 0
03-31 13:16:55.465 16666 16666 I wpa_supplicant: Heartbeat 13967
03-31 13:16:55.491  1561 29211 I HYPER-HAL: [RequestManager.cpp]releaseLocked(): Released ID : 2797811
03-31 13:16:55.569  2349  2982 D InputReader: Btn_touch(3): value=1 when=477517.975506
03-31 13:16:55.569  2349  2982 I InputReader: Touch event's action is 0x0 (id=11, t=0) [pCnt=1, s=0.11706 ] when=477517.975506
03-31 13:16:55.570  2349  2981 I InputDispatcher: Delivering touch to (4276): action: 0x4, f=0x0, d=0, '630de79', t=1 
03-31 13:16:55.570  2349  2981 I InputDispatcher: Delivering touch to (3951): action: 0x4, f=0x0, d=0, '45abe9 ', t=1 
03-31 13:16:55.571  2349  2981 I InputDispatcher: Delivering touch to (26731): action: 0x0, f=0x0, d=0, 'c7a706d', t=1 +(0,-1403)
03-31 13:16:55.571  1676  1920 D DisplayModeController: setDesiredMode 4630946213010294403 {mode={fps=120.00 Hz, modePtr={id=0, vsyncRate=120.00 Hz, peakRefreshRate=120.00 Hz}}, emitEvent=true, force=false}
03-31 13:16:55.572  1676  1676 I LayerHistory: Dim Layer for - Task=1614#27457 is animating
03-31 13:16:55.572  1676  1676 I LayerHistory: com.sec.android.app.launcher/com.sec.android.app.launcher.activities.LauncherActivity$_4276#27302 voted ExplicitCategory with category: HighHint
03-31 13:16:55.572  1676  1676 I LayerHistory: NavigationBar0$_3951#118 Max (can't resolve refresh rate)
03-31 13:16:55.572  1676  1676 I LayerHistory: StatusBar$_3951#122 voted NoVote (0.00 Hz)
03-31 13:16:55.572  1676  1676 I SurfaceFlinger: Touch Boost - choose 120.00 Hz
03-31 13:16:55.572  1676  1676 I HWComposer: [4630946213010294403] ActiveConfigToHWC, ID : 0
03-31 13:16:55.572 10397 10397 I SemDvfsHyPerManager: acquire hyper - TABoost/10397@28, type = -999
03-31 13:16:55.573  1584  1806 I SDM     : HWCDisplay::SubmitDisplayConfig: [DispConfigs] config 8 => 0, hs_mode 1 => 1
03-31 13:16:55.573  1584  1806 I SDM     : HWDeviceDRM::SetDisplaySwitchMode: [DispConfigs] check hs_mode 1
03-31 13:16:55.573  1584  1806 I SDM     : HWDeviceDRM::SetDisplaySwitchMode: [DispConfigs] Set mode index:0 904x2316x120xcmdHS, hs_mode(1), found_mode(1)
03-31 13:16:55.573  1584  1806 I SDM     : HWDeviceDRM::UpdateMixerAttributes: Mixer WxH 904x2316-1 for Peripheral
03-31 13:16:55.573  1561  1603 I HYPER-HAL: [RequestManager.cpp]releaseLocked(): Released ID : 54345553
03-31 13:16:55.573  1584  1806 I SDM     : HWCDisplay::SubmitDisplayConfig: Active configuration changed from config 8 to 0
03-31 13:16:55.573  1561  1603 I HYPER-HAL: [RequestManager.cpp]acquire(): Acquired ID : 54345553  [10397 / 28]    HINT :      list : [TABoost / 1] [TIMEOUT / 1500] 
03-31 13:16:55.573  2349  2474 I GestureDetector: obtain mCurrentDownEvent. id: 728629149 caller: com.android.server.wm.SystemGesturesPointerEventListener.onPointerEvent:17 com.android.server.wm.PointerEventDispatcher.onInputEvent:51 android.view.InputEventReceiver.dispatchInputEvent:392 
03-31 13:16:55.572 26731 26731 I VRI[AppErrorDialogActivity]@51bbf2d: ViewPostIme pointer 0
03-31 13:16:55.573   565   565 I lmkd    : cached 4, sandbox(not0) 0
03-31 13:16:55.573  2349  2474 I GestureDetector: obtain mCurrentDownEvent. id: 728629149 caller: com.android.server.wm.SystemPerformancePointerEventListener.onPointerEvent:13 com.android.server.wm.PointerEventDispatcher.onInputEvent:51 android.view.InputEventReceiver.dispatchInputEvent:392 
03-31 13:16:55.573 26731 26731 I VRI[AppErrorDialogActivity]@51bbf2d: call setFrameRateCategory for touch hint category=high hint, reason=touch, vri=VRI[AppErrorDialogActivity]@51bbf2d
03-31 13:16:55.574   565   565 I lmkd    : Reclaim 'com.skms.android.agent:remote' (12002), uid 1000, oom_score_adj 985, state 19 to free 57244kB rss, 42588kB swap; reason: low watermark is breached or filecache is low (3248280kB).
03-31 13:16:55.576  1676  1885 I VSyncReactor: Current= 24, Period= 120, hwcPeriod= 120
03-31 13:16:55.586  2349  2474 I GestureDetector: obtain mCurrentMotionEventRaw. action: 2 id: 1065058142
03-31 13:16:55.586  2349  2474 I GestureDetector: obtain mCurrentMotionEventRaw. action: 2 id: 1065058142
03-31 13:16:55.592  1676  1676 I SurfaceFlinger: finalizeDisplayModeChange 4630946213010294403
03-31 13:16:55.593  1676  1676 I SurfaceFlinger: [com.samsung.android.lool/com.samsung.android.sm.iafd.dialog.AppErrorDialogActivity$_26731#27402] setFrameRateCategory: HighHint
03-31 13:16:55.598  1540  4540 I vendor.qti.bluetooth@1.0-ibs_handler: ProcessIbsCmd: Received IBS_WAKE_IND: 0xFD
03-31 13:16:55.598  1540  4540 D vendor.qti.bluetooth@1.0-ibs_handler: SerialClockVote: vote for UART CLK ON
03-31 13:16:55.598  1540  4540 D vendor.qti.bluetooth@1.0-wake_lock: Acquire wakelock is acquired 
03-31 13:16:55.598  1540  4540 I vendor.qti.bluetooth@1.0-ibs_handler: ProcessIbsCmd: Writing IBS_WAKE_ACK
03-31 13:16:55.602  1676  1885 I VSyncReactor: Current= 120, Period= 120, Distance= 3
03-31 13:16:55.603  2349  3458 I ActivityManager: Process com.skms.android.agent:remote (pid 12002) has died: cch+85 CEM (1114,3335)
03-31 13:16:55.604  1479  1479 I Zygote  : Process 12002 exited due to signal 9 (Killed)
03-31 13:16:55.604  2349  3458 W ActivityManager: Scheduling restart of crashed service com.skms.android.agent/.SKMSAgentService in 1000ms for connection
03-31 13:16:55.605  2349  2484 I libprocessgroup: Removed cgroup /sys/fs/cgroup/system/uid_1000/pid_12002
03-31 13:16:55.608  3826  4561 I ScanController: onScanResult to scannerId: 5- eventType=0x10, addressType=0, address=XX:XX:XX:XX:5A:C5, primaryPhy=1, secondaryPhy=0, advertisingSid=0xff, txPower=127, rssi=-90, periodicAdvInt=0x0
03-31 13:16:55.610  1676  1885 I VSyncReactor: Current= 120, Period= 120, Distance= 121
03-31 13:16:55.611 16400 17189 I [-0700]oneconnect[1.8.41.23_01][CORE]: DataConvert.parseBleVd - deviceBle : |name:|deviceType:TV|discoverType:_BLE|services:None|connected:false[TvStatusString]POWER_OFF[TvStatus]-128[TvService]96[TvMirrorChannel]1[TvRegisteredDB][44, 0, 0, 0, 0, 0][TvYear]2016[TvOcfInfo]0[TvAcmStatus]0[ExTvStatus]0[ExtendedStatus]-1[ModuloSn]-1
03-31 13:16:55.623 22354 22354 I DigitalKeyCCC: [SkmsAgentManager] SKMSAgentService is disconnected
03-31 13:16:55.623 22354 22354 I DigitalKeyCCC: [SkmsAgentManager] isSkmsBind updated (old: false, new: false)
03-31 13:16:55.644 16400  8482 I PluginPlatform[1.52.36][152036] : PluginTaskManager.isTaskEmpty - mPluginTaskEntry :true, mPluginDownloadTaskEntry : true
03-31 13:16:55.644 16400  8482 I PluginPlatform[1.52.36][152036] : PluginRequestManager.isRequestEmtpy - isEmpty: true
03-31 13:16:55.646 16400 11481 I PluginPlatform[1.52.36][152036] : PluginTaskManager.isTaskEmpty - mPluginTaskEntry :true, mPluginDownloadTaskEntry : true
03-31 13:16:55.646 16400 11481 I PluginPlatform[1.52.36][152036] : PluginRequestManager.isRequestEmtpy - isEmpty: true
03-31 13:16:55.647  2349  2982 D InputReader: Btn_touch(3): value=0 when=477518.053571
03-31 13:16:55.647  2349  2982 I InputReader: Touch event's action is 0x1 (id=11, t=0) [pCnt=1, s=] when=477518.053571
03-31 13:16:55.647 29218 29298 I Utilities: [#CMH#] Remaster Cleanup Time taken : 403 
03-31 13:16:55.647  2349  2981 I InputDispatcher: Delivering touch to (26731): action: 0x1, f=0x0, d=0, 'c7a706d', t=1 +(0,-1403)
03-31 13:16:55.647 26731 26731 I VRI[AppErrorDialogActivity]@51bbf2d: ViewPostIme pointer 1
03-31 13:16:55.648  1540  4540 I vendor.qti.bluetooth@1.0-ibs_handler: ProcessIbsCmd: Received IBS_SLEEP_IND: 0xFE
03-31 13:16:55.648  1540  4540 D vendor.qti.bluetooth@1.0-ibs_handler: SerialClockVote: vote for UART CLK OFF
03-31 13:16:55.648 16400 11481 I [-0700]oneconnect[1.8.41.23_01][CORE]: PluginPlatformInitializeHelper.startTaskCheckTimer - isTaskEmpty(): true
03-31 13:16:55.648 16400 11481 I PluginPlatform[1.52.36][152036] : PluginTaskManager.isTaskEmpty - mPluginTaskEntry :true, mPluginDownloadTaskEntry : true
03-31 13:16:55.648 16400 11481 I PluginPlatform[1.52.36][152036] : PluginRequestManager.isRequestEmtpy - isEmpty: true
03-31 13:16:55.648 16400 11481 I [-0700]oneconnect[1.8.41.23_01][CORE]: PluginPlatformInitializeHelper.stopTaskCheckTimer - 
03-31 13:16:55.648 16400  8482 I [-0700]oneconnect[1.8.41.23_01][CORE]: PluginPlatformInitializeHelper.startTaskCheckTimer - isTaskEmpty(): true
03-31 13:16:55.648 16400  8482 I PluginPlatform[1.52.36][152036] : PluginTaskManager.isTaskEmpty - mPluginTaskEntry :true, mPluginDownloadTaskEntry : true
03-31 13:16:55.648 16400  8482 I PluginPlatform[1.52.36][152036] : PluginRequestManager.isRequestEmtpy - isEmpty: true
03-31 13:16:55.648 16400  8482 I [-0700]oneconnect[1.8.41.23_01][CORE]: PluginPlatformInitializeHelper.stopTaskCheckTimer - 
03-31 13:16:55.653 26731 26731 W ContextImpl: Calling a method in the system process without a qualified user: android.app.ContextImpl.sendBroadcast:1335 android.content.ContextWrapper.sendBroadcast:515 android.content.ContextWrapper.sendBroadcast:515 qi.a.b:40 xe.b.A0:21 
03-31 13:16:55.654 26731 26731 I WindowManager: WindowManagerGlobal#removeView, ty=2, view=com.android.internal.policy.DecorView{66d6244 V.E...... R....... 0,0-903,787}[AppErrorDialogActivity], caller=android.view.WindowManagerGlobal.removeView:654 android.view.WindowManagerImpl.removeViewImmediate:216 android.app.Dialog.dismissDialog:850 
03-31 13:16:55.654 26731 26731 W WindowOnBackDispatcher: sendCancelIfRunning: isInProgress=false callback=android.app.Dialog$$ExternalSyntheticLambda4@992753f
03-31 13:16:55.654  2349  3458 D CoreBackPreview: Window{c7a706d u0 com.samsung.android.lool/com.samsung.android.sm.iafd.dialog.AppErrorDialogActivity}: Setting back callback null
03-31 13:16:55.658  2349  2481 W ActivityManager: Rescheduling restart of crashed service com.skms.android.agent/.SKMSAgentService in 29947ms for mem-pressure-event
03-31 13:16:55.658 26731 26731 I VRI[AppErrorDialogActivity]@51bbf2d: dispatchDetachedFromWindow
03-31 13:16:55.658  2349  3458 D InputTransport: Input channel destroyed: 'c7a706d', fd=1257
03-31 13:16:55.659  2349  3458 V WindowManager: Remove Window{c7a706d u0 com.samsung.android.lool/com.samsung.android.sm.iafd.dialog.AppErrorDialogActivity}: mSurfaceControl=Surface(name=com.samsung.android.lool/com.samsung.android.sm.iafd.dialog.AppErrorDialogActivity$_26731)/@0x61a3f6c mAnimatingExit=false mRemoveOnExit=false mHasSurface=true surfaceShowing=true animating=false app-animation=false callers=com.android.server.wm.Session.remove:16 android.view.IWindowSession$Stub.onTransact:804 com.android.server.wm.Session.onTransact:1 android.os.Binder.execTransactInternal:1457 android.os.Binder.execTransact:1401 <bottom of call stack> 
03-31 13:16:55.659  2349  3458 V WindowManager: Loading animations: picked package=com.samsung.android.lool
03-31 13:16:55.659  2349  3458 I WindowManager: Reparenting to leash, surface=Surface(name=c7a706d com.samsung.android.lool/com.samsung.android.sm.iafd.dialog.AppErrorDialogActivity)/@0x6f94480, leashParent=Surface(name=ActivityRecord{77681712 u0 com.samsung.android.lool/com.samsung.android.sm.iafd.dialog.AppErrorDialogActivity t1614})/@0x6015ab9
03-31 13:16:55.659  1676  2178 I SurfaceFlinger: id=27463 createSurf, flag=24000, Surface(name=c7a706d com.samsung.android.lool/com.samsung.android.sm.iafd.dialog.AppErrorDialogActivity)/@0x6f94480 - animation-leash of window_animation#27463
03-31 13:16:55.660  1676  1676 I SurfaceFlinger: [Surface(name=c7a706d com.samsung.android.lool/com.samsung.android.sm.iafd.dialog.AppErrorDialogActivity)/@0x6f94480 - animation-leash of window_animation#27463] attach to parent LayerHierarchy{RequestedLayerState{ActivityRecord{77681712 u0 com.samsung.android.lool/com.samsung.android.sm.iafd.dialog.AppErrorDialogActivity t1614}#27393 parentId=27392} 4 children}
03-31 13:16:55.661  1676  1676 D SurfaceFlinger: GPIS:: requestGPISForClientComposition
03-31 13:16:55.662  2349  3458 D WindowManager: makeSurface duration=3 leash=Surface(name=Surface(name=c7a706d com.samsung.android.lool/com.samsung.android.sm.iafd.dialog.AppErrorDialogActivity)/@0x6f94480 - animation-leash of window_animation)/@0x2081935
03-31 13:16:55.663  2349  3458 D WindowManager: Changing focus from Window{c7a706d u0 com.samsung.android.lool/com.samsung.android.sm.iafd.dialog.AppErrorDialogActivity EXITING} to Window{acf2e76 u0 com.samsung.android.lool/com.samsung.android.sm.iafd.dialog.AppErrorDialogActivity} displayId=0 Callers=com.android.server.wm.WindowState.removeIfPossible:602 com.android.server.wm.Session.remove:16 android.view.IWindowSession$Stub.onTransact:804 com.android.server.wm.Session.onTransact:1 
03-31 13:16:55.664  2349  3458 I WindowManager: Cancelling animation restarting=true, leash=Surface(name=Surface(name=630de79 TaskbarWindow)/@0xe72b262 - animation-leash of insets_animation)/@0x4bd5cd5
03-31 13:16:55.664  2349  3458 I WindowManager: Reparenting to original parent: Surface(name=WindowToken{aae3b1 type=2024 android.os.BinderProxy@ce8ff88})/@0x2fbfff3, destroy=false, surface=Surface(name=630de79 TaskbarWindow)/@0xe72b262
03-31 13:16:55.665  2349  3458 I WindowManager: Reparenting to leash, surface=Surface(name=630de79 TaskbarWindow)/@0xe72b262, leashParent=Surface(name=WindowToken{aae3b1 type=2024 android.os.BinderProxy@ce8ff88})/@0x2fbfff3
03-31 13:16:55.665  1676  1800 I SurfaceFlinger: id=27464 createSurf, flag=24000, Surface(name=630de79 TaskbarWindow)/@0xe72b262 - animation-leash of insets_animation#27464
03-31 13:16:55.668  2349  3458 D WindowManager: makeSurface duration=3 leash=Surface(name=Surface(name=630de79 TaskbarWindow)/@0xe72b262 - animation-leash of insets_animation)/@0x5e24f3b
03-31 13:16:55.668  2349  3458 D InsetsSourceProvider: updateControlForTarget: control=InsetsSourceControl: {244a0001 mType=navigationBars initiallyVisible mSurfacePosition=Point(0, 2050) mInsetsHint=Insets{left=0, top=0, right=0, bottom=126}}, target=Window{acf2e76 u0 com.samsung.android.lool/com.samsung.android.sm.iafd.dialog.AppErrorDialogActivity}, from=com.android.server.wm.InsetsStateController.onControlTargetChanged:83 com.android.server.wm.InsetsPolicy.updateBarControlTarget:225 com.android.server.wm.DisplayPolicy.updateSystemBarAttributes:262 com.android.server.wm.WindowManagerService.updateFocusedWindowLocked:372 com.android.server.wm.WindowState.removeIfPossible:602 
03-31 13:16:55.668  2349  3458 I WindowManager: Cancelling animation restarting=true, leash=Surface(name=Surface(name=1bba892 StatusBar)/@0x77f5e69 - animation-leash of insets_animation)/@0xb03f151
03-31 13:16:55.668  2349  3458 I WindowManager: Reparenting to original parent: Surface(name=WindowToken{cc12e1d type=2000 android.os.BinderProxy@c0490c7})/@0xe3560ee, destroy=false, surface=Surface(name=1bba892 StatusBar)/@0x77f5e69
03-31 13:16:55.668  2349  3458 I WindowManager: Reparenting to leash, surface=Surface(name=1bba892 StatusBar)/@0x77f5e69, leashParent=Surface(name=WindowToken{cc12e1d type=2000 android.os.BinderProxy@c0490c7})/@0xe3560ee
03-31 13:16:55.668  1676  1800 I SurfaceFlinger: id=27465 createSurf, flag=24000, Surface(name=1bba892 StatusBar)/@0x77f5e69 - animation-leash of insets_animation#27465
03-31 13:16:55.671  2349  3458 D WindowManager: makeSurface duration=3 leash=Surface(name=Surface(name=1bba892 StatusBar)/@0x77f5e69 - animation-leash of insets_animation)/@0xaae13b1
03-31 13:16:55.671  2349  3458 D InsetsSourceProvider: updateControlForTarget: control=InsetsSourceControl: {fb6f0000 mType=statusBars initiallyVisible mSurfacePosition=Point(0, 0) mInsetsHint=Insets{left=0, top=87, right=0, bottom=0}}, target=Window{acf2e76 u0 com.samsung.android.lool/com.samsung.android.sm.iafd.dialog.AppErrorDialogActivity}, from=com.android.server.wm.InsetsStateController.onControlTargetChanged:83 com.android.server.wm.InsetsPolicy.updateBarControlTarget:212 com.android.server.wm.DisplayPolicy.updateSystemBarAttributes:262 com.android.server.wm.WindowManagerService.updateFocusedWindowLocked:372 com.android.server.wm.WindowState.removeIfPossible:602 
03-31 13:16:55.671  2349  3458 I WindowManager: Cancelling animation restarting=true, leash=Surface(name=Surface(name=45abe9 NavigationBar0)/@0x6ac041c - animation-leash of insets_animation)/@0xee6cab7
03-31 13:16:55.671  2349  3458 I WindowManager: Reparenting to original parent: Surface(name=WindowToken{9f81ded type=2019 android.os.BinderProxy@4e9e817})/@0xa267825, destroy=false, surface=Surface(name=45abe9 NavigationBar0)/@0x6ac041c
03-31 13:16:55.672  2349  3458 I WindowManager: Reparenting to leash, surface=Surface(name=45abe9 NavigationBar0)/@0x6ac041c, leashParent=Surface(name=WindowToken{9f81ded type=2019 android.os.BinderProxy@4e9e817})/@0xa267825
03-31 13:16:55.672  1676  1799 I SurfaceFlinger: id=27466 createSurf, flag=24000, Surface(name=45abe9 NavigationBar0)/@0x6ac041c - animation-leash of insets_animation#27466
03-31 13:16:55.672  2349  3460 D InputDispatcher: Focus left window (0): c7a706d com.samsung.android.lool/com.samsung.android.sm.iafd.dialog.AppErrorDialogActivity
03-31 13:16:55.672 29218 29325 I MediaContentSyncTask: [#CMH#] No of Row (SEC MP :  5751, Max Id : 2147496485) (CMH : 5751, Max Id : 2147496485) - Time :26
03-31 13:16:55.673   565   565 I lmkd    : 6(delay), 0(swap), 0(freelimit), 0(reentrymode) memory pressure events were skipped after a kill!
03-31 13:16:55.674  2349  3458 D WindowManager: makeSurface duration=3 leash=Surface(name=Surface(name=45abe9 NavigationBar0)/@0x6ac041c - animation-leash of insets_animation)/@0x51ca417
03-31 13:16:55.674  2349  3458 D InsetsSourceProvider: updateControlForTarget: control=InsetsSourceControl: {a1630001 mType=navigationBars initiallyVisible mSurfacePosition=Point(0, 2190) mInsetsHint=Insets{left=0, top=0, right=0, bottom=126}}, target=Window{acf2e76 u0 com.samsung.android.lool/com.samsung.android.sm.iafd.dialog.AppErrorDialogActivity}, from=com.android.server.wm.InsetsStateController.onControlTargetChanged:83 com.android.server.wm.InsetsPolicy.updateBarControlTarget:225 com.android.server.wm.DisplayPolicy.updateSystemBarAttributes:262 com.android.server.wm.WindowManagerService.updateFocusedWindowLocked:372 com.android.server.wm.WindowState.removeIfPossible:602 
03-31 13:16:55.675  2349  3458 V SystemKeyManager: updateFocusedWindow() is called, com.samsung.android.lool/com.samsung.android.sm.iafd.dialog.AppErrorDialogActivity
03-31 13:16:55.675  2349  3458 D SurfaceComposerClient: setCornerRadius ## acf2e76 com.samsung.android.lool/com.samsung.android.sm.iafd.dialog.AppErrorDialogActivity#27401 cornerRadius=0.000000
03-31 13:16:55.675  2349  3458 D SurfaceComposerClient: setCornerRadius ## a4b6524 com.sec.android.app.launcher/com.sec.android.app.launcher.activities.LauncherActivity#191 cornerRadius=0.000000
03-31 13:16:55.675  2349  3458 D SurfaceComposerClient: setCornerRadius ## acf2e76 com.samsung.android.lool/com.samsung.android.sm.iafd.dialog.AppErrorDialogActivity#27401 cornerRadius=0.000000
03-31 13:16:55.675  2349  3458 D SurfaceComposerClient: setCornerRadius ## a4b6524 com.sec.android.app.launcher/com.sec.android.app.launcher.activities.LauncherActivity#191 cornerRadius=0.000000
03-31 13:16:55.676  2349  2477 D SurfaceComposerClient: setCornerRadius ## acf2e76 com.samsung.android.lool/com.samsung.android.sm.iafd.dialog.AppErrorDialogActivity#27401 cornerRadius=0.000000
03-31 13:16:55.676  2349  2477 D SurfaceComposerClient: setCornerRadius ## a4b6524 com.sec.android.app.launcher/com.sec.android.app.launcher.activities.LauncherActivity#191 cornerRadius=0.000000
03-31 13:16:55.676  2349  2476 V WindowManager: Unknown focus tokens, dropping reportFocusChanged
03-31 13:16:55.677  1676  1676 I SurfaceFlinger: [Display 0 name="Built-in Screen"#50] setFrameRateCategory: High
03-31 13:16:55.677  1676  1676 I SurfaceFlinger: [Surface(name=630de79 TaskbarWindow)/@0xe72b262 - animation-leash of insets_animation#27464] attach to parent LayerHierarchy{RequestedLayerState{WindowToken{aae3b1 type=2024 android.os.BinderProxy@ce8ff88}#3358 parentId=35 z=1} 2 children}
03-31 13:16:55.677  1676  1676 I SurfaceFlinger: [Surface(name=1bba892 StatusBar)/@0x77f5e69 - animation-leash of insets_animation#27465] attach to parent LayerHierarchy{RequestedLayerState{WindowToken{cc12e1d type=2000 android.os.BinderProxy@c0490c7}#114 parentId=18} 2 children}
03-31 13:16:55.677  1676  1676 I SurfaceFlinger: [Surface(name=45abe9 NavigationBar0)/@0x6ac041c - animation-leash of insets_animation#27466] attach to parent LayerHierarchy{RequestedLayerState{WindowToken{9f81ded type=2019 android.os.BinderProxy@4e9e817}#110 parentId=35} 2 children}
03-31 13:16:55.677  2349  2478 D SurfaceComposerClient: [SEC_SF_EFFECTS] setBackgroundBlurRadius ## Dim Layer for - Task=1614#27457 backgroundBlurRadius=0
03-31 13:16:55.677  2349  2478 D SurfaceComposerClient: [SEC_SF_EFFECTS] setBackgroundBlurRadius ## Dim Layer for - Task=1614#27457 backgroundBlurRadius=0
03-31 13:16:55.682  2349  5484 D WindowManager: Transition is created, t=TransitionRecord{31b2870 id=-1 type=CLOSE flags=0x0}, caller=com.android.server.wm.Transition.<init>:182 com.android.server.wm.TransitionController.createTransition:17 com.android.server.wm.TransitionController.requestCloseTransitionIfNeeded:73 com.android.server.wm.ActivityRecord.finishIfPossible:55 com.android.server.wm.ActivityClientController.finishActivity:268 
03-31 13:16:55.682  2349  5484 D BLASTSyncEngine: SyncGroup is created, id=1664, name=Transition-CLOSE, caller=com.android.server.wm.BLASTSyncEngine$SyncGroup.<init>:52 com.android.server.wm.TransitionController.moveToCollecting:79 com.android.server.wm.TransitionController.createTransition:46 com.android.server.wm.TransitionController.requestCloseTransitionIfNeeded:73 com.android.server.wm.ActivityRecord.finishIfPossible:55 com.android.server.wm.ActivityClientController.finishActivity:268 android.app.IActivityClientController$Stub.onTransact:840 
03-31 13:16:55.682  2349  5484 W BLASTSyncEngine: setSyncMethod, id=1664, method=0, caller=com.android.server.wm.TransitionController.moveToCollecting:91 com.android.server.wm.TransitionController.createTransition:46 com.android.server.wm.TransitionController.requestCloseTransitionIfNeeded:73 
03-31 13:16:55.682  2349  5484 V WindowManager: Start collecting in Transition: TransitionRecord{31b2870 id=1664 type=CLOSE flags=0x0}, caller=com.android.server.wm.TransitionController.createTransition:46 com.android.server.wm.TransitionController.requestCloseTransitionIfNeeded:73 com.android.server.wm.ActivityRecord.finishIfPossible:55 com.android.server.wm.ActivityClientController.finishActivity:268 android.app.IActivityClientController$Stub.onTransact:840 
03-31 13:16:55.682  2349  5484 V WindowManager: Requesting StartTransition: TransitionRecord{31b2870 id=1664 type=CLOSE flags=0x0}, caller=com.android.server.wm.TransitionController.requestCloseTransitionIfNeeded:81 com.android.server.wm.ActivityRecord.finishIfPossible:55 com.android.server.wm.ActivityClientController.finishActivity:268 android.app.IActivityClientController$Stub.onTransact:840 com.android.server.wm.ActivityClientController.onTransact:1 
03-31 13:16:55.683  2349  5484 V WindowManager: Collecting in transition 1664: Task{c2acede #1614 type=standard I=com.samsung.android.lool/com.samsung.android.sm.iafd.dialog.AppErrorDialogActivity}, caller=com.android.server.wm.Transition.collectExistenceChange:40 com.android.server.wm.Transition.collectClose:7 com.android.server.wm.ActivityRecord.finishIfPossible:72 com.android.server.wm.ActivityClientController.finishActivity:268 android.app.IActivityClientController$Stub.onTransact:840 
03-31 13:16:55.683  2349  5484 D WindowManager: prepareSync <SYNC_STATE_WAITING_FOR_DRAW>, mPrepareSyncSeqId=0, win=Window{c7a706d u0 com.samsung.android.lool/com.samsung.android.sm.iafd.dialog.AppErrorDialogActivity EXITING}
03-31 13:16:55.683  2349  5484 D WindowManager: prepareSync <SYNC_STATE_WAITING_FOR_DRAW>, mPrepareSyncSeqId=0, win=Window{acf2e76 u0 com.samsung.android.lool/com.samsung.android.sm.iafd.dialog.AppErrorDialogActivity}
03-31 13:16:55.684  2349  5484 D ActivityTaskManager: scheduleTopResumedActivityChanged, onTop=false, r=ActivityRecord{77681712 u0 com.samsung.android.lool/com.samsung.android.sm.iafd.dialog.AppErrorDialogActivity t1614 f}}, caller=com.android.server.wm.ActivityTaskSupervisor.scheduleTopResumedActivityStateLossIfNeeded:19 com.android.server.wm.ActivityTaskSupervisor.updateTopResumedActivityIfNeeded:20 com.android.server.wm.TaskDisplayArea.positionChildAt:252 com.android.server.wm.WindowContainer.positionChildAt:84 com.android.server.wm.Task.positionChildAt:19 com.android.server.wm.Task.moveToFront:40 
03-31 13:16:55.684  3951  3999 V WindowManagerShell: Transition requested (#1664): android.os.BinderProxy@9d6f870 TransitionRequestInfo { type = CLOSE, triggerTask = TaskInfo{userId=0 taskId=1614 effectiveUid=1000 displayId=0 isRunning=false baseIntent=Intent { act=com.samsung.android.sm.ACTION_START_APP_ERROR_DIALOG flg=0x14800000 pkg=com.samsung.android.lool cmp=com.samsung.android.lool/com.samsung.android.sm.iafd.dialog.AppErrorDialogActivity } baseActivity=null topActivity=null origActivity=null realActivity=ComponentInfo{com.samsung.android.lool/com.samsung.android.sm.iafd.dialog.AppErrorDialogActivity} numActivities=0 lastActiveTime=711719683 supportsMultiWindow=true resizeMode=1 isResizeable=true minWidth=-1 minHeight=-1 maxWidth=-1 maxHeight=-1 defaultMinSize=220 desktopDefaultMinSize=304 token=WCT{android.window.IWindowContainerToken$Stub$Proxy@6da17e9} topActivityType=1 pictureInPictureParams=null shouldDockBigOverlays=false launchIntoPipHostTaskId=-1 lastParentTaskIdBeforePip=-1 displayCutoutSafeInsets=Rect(0, 87 - 0, 126) topActivityInfo=null launchCookies=[] positionInParent=Point(0, 0) parentTaskId=-1 isFocused=true isVisible=true isVisibleRequested=true isTopActivityNoDisplay=false isSleeping=false locusId=null displayAreaFeatureId=1 isTopActivityTransparent=false isActivityStackTransparent=true lastNonFullscreenBounds=Rect(71, 681 - 833, 1596) capturedLink=null capturedLinkTimestamp=0 requestedVisibleTypes=-9 topActivityRequestOpenInBrowserEducationTimestamp=0 appCompatTaskInfo=AppCompatTaskInfo { topActivityInSizeCompat=false eligibleForLetterboxEducation= false isLetterboxEducationEnabled= false isLetterboxDoubleTapEnabled= false eligibleForUserAspectRatioButton= false topActivityBoundsLetterboxed= false isFromLetterboxDoubleTap= false topActivityLetterboxVerticalPosition= -1 topActivityLetterboxHorizontalPosition= -1 topActivityLetterboxWidth=-1 topActivityLetterboxHeight=-1 topActivityAppBounds=Rect(0, 0 - 0, 0) isUserFullscreenOverrideEnabled=false isSystemFullscreenOverrideEnabled=false hasMinAspectRatioOverride=false topActivityLetterboxBounds=null cameraCompatTaskInfo=CameraCompatTaskInfo { freeformCameraCompatMode=undefined} topActivityBounds=null topActivityInDisplayCompat=false singleTapFromLetterbox=false} topActivityMainWindowFrame=null originallySupportedMultiWindow=true hasWallpaper=false rootAffinity=null isTopTaskInStage=false CoverLauncherWidgetTask=false LaunchedFromAppsCoverLauncherTask=false LaunchedFromMultistarCoverLauncherTask=false isAllowedSeamlessRotation=false isTopTransparentActivity=true isAliasManaged=false hasConfigChanged=false snappingGuideBounds=null isAiKeyRemoveAppTask=false lastDesktopWindowingBounds=null lastExternalDesktopWindowingBounds=null isTranslucentTask=true isTopFullScreenWindow=true isFullSizeWindow=true safeCutoutInsets=null}, pipChange = null, remoteTransition = null, displayChange = null, flags = 0, debugId = 1664 }
03-31 13:16:55.684  2349  5484 V WindowManager: Collecting in transition 1664: ActivityRecord{77681712 u0 com.samsung.android.lool/com.samsung.android.sm.iafd.dialog.AppErrorDialogActivity t1614 f}}, caller=com.android.server.wm.TransitionController.collect:7 com.android.server.wm.ActivityRecord.setVisibility:132 com.android.server.wm.ActivityRecord.finishIfPossible:130 com.android.server.wm.ActivityClientController.finishActivity:268 android.app.IActivityClientController$Stub.onTransact:840 
03-31 13:16:55.684  3951  3999 V ShellDesktopMode: DesktopTasksController: isDesktopModeShowing: hasVisibleTasks=false hasTopTransparentFullscreenTask=false
03-31 13:16:55.684  3951  3999 V ShellDesktopMode: DesktopTasksController: isDesktopModeShowing: hasVisibleTasks=false hasTopTransparentFullscreenTask=false
03-31 13:16:55.684  3951  3999 D ShellDesktopMode: handleRequest: TransitionRequestInfo {type=2, tid=1614, debugId=1664}
03-31 13:16:55.684  3951  3999 V ShellDesktopMode: DesktopTasksController: skipping handleRequest reason=transition type not handled (2)
03-31 13:16:55.688  1676  1676 I SurfaceFlinger: [LayerHierarchy{RequestedLayerState{45abe9 NavigationBar0#111 parentId=27466} 1 children}] reparent to LayerHierarchy{RequestedLayerState{Surface(name=45abe9 NavigationBar0)/@0x6ac041c - animation-leash of insets_animation#27466 parentId=110} 1 children}
03-31 13:16:55.688  1676  1676 I SurfaceFlinger: [LayerHierarchy{RequestedLayerState{1bba892 StatusBar#115 parentId=27465} 1 children}] reparent to LayerHierarchy{RequestedLayerState{Surface(name=1bba892 StatusBar)/@0x77f5e69 - animation-leash of insets_animation#27465 parentId=114} 1 children}
03-31 13:16:55.688  1676  1676 I SurfaceFlinger: [LayerHierarchy{RequestedLayerState{630de79 TaskbarWindow#3359 parentId=27464} 1 children}] reparent to LayerHierarchy{RequestedLayerState{Surface(name=630de79 TaskbarWindow)/@0xe72b262 - animation-leash of insets_animation#27464 parentId=3358} 1 children}
03-31 13:16:55.688  1676  1676 I SurfaceFlinger: [LayerHierarchy{RequestedLayerState{c7a706d com.samsung.android.lool/com.samsung.android.sm.iafd.dialog.AppErrorDialogActivity#27397 parentId=27463 z=1} 2 children}] reparent to LayerHierarchy{RequestedLayerState{Surface(name=c7a706d com.samsung.android.lool/com.samsung.android.sm.iafd.dialog.AppErrorDialogActivity)/@0x6f94480 - animation-leash of window_animation#27463 parentId=27393 z=1} 1 children}
03-31 13:16:55.688  1676  1676 I SurfaceFlinger: [LayerHierarchy{RequestedLayerState{Surface(name=45abe9 NavigationBar0)/@0x6ac041c - animation-leash of insets_animation#27460} no children}] reparent to OffscreenRoot
03-31 13:16:55.688  1676  1676 I SurfaceFlinger: [LayerHierarchy{RequestedLayerState{Surface(name=45abe9 NavigationBar0)/@0x6ac041c - animation-leash of insets_animation#27460} no children}] RelativeParent to null
03-31 13:16:55.688  1676  1676 I SurfaceFlinger: [LayerHierarchy{RequestedLayerState{Surface(name=1bba892 StatusBar)/@0x77f5e69 - animation-leash of insets_animation#27459} no children}] reparent to OffscreenRoot
03-31 13:16:55.688  1676  1676 I SurfaceFlinger: [LayerHierarchy{RequestedLayerState{Surface(name=1bba892 StatusBar)/@0x77f5e69 - animation-leash of insets_animation#27459} no children}] RelativeParent to null
03-31 13:16:55.688  1676  1676 I SurfaceFlinger: [LayerHierarchy{RequestedLayerState{Surface(name=630de79 TaskbarWindow)/@0xe72b262 - animation-leash of insets_animation#27458} no children}] reparent to OffscreenRoot
03-31 13:16:55.688  1676  1676 I SurfaceFlinger: [LayerHierarchy{RequestedLayerState{Surface(name=630de79 TaskbarWindow)/@0xe72b262 - animation-leash of insets_animation#27458} no children}] RelativeParent to null
03-31 13:16:55.688  2349  2478 D SurfaceComposerClient: [SEC_SF_EFFECTS] setBackgroundBlurRadius ## Dim Layer for - Task=1614#27457 backgroundBlurRadius=0
03-31 13:16:55.690  1676  1800 I SurfaceFlinger: id=27458 Removed Surface(name=630de79 TaskbarWindow)/@0xe72b262 - animation-leash of insets_animation#27458 (216)
03-31 13:16:55.690  1676  1800 I SurfaceFlinger: id=27459 Removed Surface(name=1bba892 StatusBar)/@0x77f5e69 - animation-leash of insets_animation#27459 (216)
