03-31 13:36:16.830 D/SurfaceFlinger( 1676):        DEVICE |           18365280161808 | 00002100 | RGBA_8888    |    0.0    0.0   67.0  451.0 |    0  4
03-31 13:36:16.830 D/SurfaceFlinger( 1676): 93   67  944 | com.sec.android.app.launcher/com.sam[...]l.app.CocktailBarService$_4276#27160 (1)
03-31 13:36:16.830 D/SurfaceFlinger( 1676):        DEVICE |           16969415813210 | 00002100 | RGBA_8888    |    0.0    0.0  904.0  126.0 |    0 2190  904 2316 | NavigationBar0$_3951#118 (28280)
03-31 13:36:16.830 D/SurfaceFlinger( 1676): 
03-31 13:36:16.830 D/InputDispatcher( 2349): Focus entered window (0): a4b6524 com.sec.android.app.launcher/com.sec.android.app.launcher.activities.LauncherActivity
03-31 13:36:16.831 I/HoneySpace.HistoryViewModel@56717545@OneUI( 4276): launcherShowing : true, recentShowing : false, isInteractive : true, state : 0, minusOne : false
03-31 13:36:16.832 I/SurfaceFlinger( 1676): id=27700 createSurf, flag=84004, WindowToken{8bdede8 type=2003 android.view.ViewRootImpl$W@5727b0b}#27700
03-31 13:36:16.833 E/SurfaceFlinger( 1676): Out of order buffers detected for RequestedLayerState{com.sec.android.app.launcher/com.sec.android.app.launcher.activities.LauncherActivity$_4276#27302 parentId=191} producedId=721 frameNumber=992 -> producedId=721 frameNumber=5
03-31 13:36:16.833 I/SurfaceFlinger( 1676): [WindowToken{8bdede8 type=2003 android.view.ViewRootImpl$W@5727b0b}#27700] attach to parent LayerHierarchy{RequestedLayerState{Leaf:3:12#14 parentId=10 z=1} 3 children}
03-31 13:36:16.834 I/HoneySpace.FloatingAnimator( 4276): [Player:A(16.799)] container x: 21.83435, y: 54.904625, scale : 0.96593016
03-31 13:36:16.834 D/SurfaceFlinger( 1676): GPIS:: requestGPISForClientComposition
03-31 13:36:16.835 D/InputTransport( 2349): Input channel constructed: 'cb2c01 ', fd=1256
03-31 13:36:16.835 D/InputTransport( 2349): Input channel constructed: 'cb2c01 ', fd=1343
03-31 13:36:16.835 D/InputTransport( 2349): Input channel constructed: 'cb2c01 ', fd=1351
03-31 13:36:16.835 D/InputTransport( 2349): Input channel destroyed: 'cb2c01 ', fd=1343
03-31 13:36:16.836 I/chbox:googleapp(18463): CollectorTransition concurrent mark compact GC freed 6699KB AllocSpace bytes, 6(152KB) LOS objects, 71% free, 9931KB/33MB, paused 248us,3.106ms total 138.923ms
03-31 13:36:16.836 W/chbox:googleapp(18463): Reducing the number of considered missed Gc histogram windows from 232 to 100
03-31 13:36:16.836 I/SurfaceFlinger( 1676): id=27701 createSurf, flag=84004, cb2c01 Application Error: com.weejobs.app#27701
03-31 13:36:16.836 I/VRI[LauncherActivity]@db31459( 4276): mWNT: t=0xb400006ed3a0bc90 mBlastBufferQueue=0xb400006e639914e0 fn= 7 HdrRenderState mRenderHdrSdrRatio=1.0 caller= com.android.systemui.shared.launcher.ViewRootImplCompat.mergeWithNextTransaction:4 com.honeyspace.transition.utils.SurfaceTransactionApplier.scheduleApply$lambda$1:16 com.honeyspace.transition.utils.SurfaceTransactionApplier.b:0 
03-31 13:36:16.838 D/RestrictionPolicy( 2349): isScreenCaptureEnabled : ret=true userId=0
03-31 13:36:16.839 D/WindowManager( 2349): Changing focus from Window{a4b6524 u0 com.sec.android.app.launcher/com.sec.android.app.launcher.activities.LauncherActivity} to Window{cb2c01 u0 Application Error: com.weejobs.app} displayId=0 Callers=com.android.server.wm.WindowManagerService.addWindowInner:565 com.android.server.wm.WindowManagerService.addWindow:1842 com.android.server.wm.Session.addToDisplayAsUser:24 android.view.ViewRootImpl.setView:1974 
03-31 13:36:16.839 I/WindowManager( 2349): Cancelling animation restarting=true, leash=Surface(name=Surface(name=630de79 TaskbarWindow)/@0xe72b262 - animation-leash of insets_animation)/@0xed15d38
03-31 13:36:16.839 I/WindowManager( 2349): Reparenting to original parent: Surface(name=WindowToken{aae3b1 type=2024 android.os.BinderProxy@ce8ff88})/@0x2fbfff3, destroy=false, surface=Surface(name=630de79 TaskbarWindow)/@0xe72b262
03-31 13:36:16.839 I/WindowManager( 2349): Reparenting to leash, surface=Surface(name=630de79 TaskbarWindow)/@0xe72b262, leashParent=Surface(name=WindowToken{aae3b1 type=2024 android.os.BinderProxy@ce8ff88})/@0x2fbfff3
03-31 13:36:16.839 I/InputMethodManager( 4276): startInputInner - IInputMethodManagerGlobalInvoker.startInputOrWindowGainedFocus
03-31 13:36:16.839 I/SurfaceFlinger( 1676): id=27702 createSurf, flag=24000, Surface(name=630de79 TaskbarWindow)/@0xe72b262 - animation-leash of insets_animation#27702
03-31 13:36:16.841 D/WindowManager( 2349): makeSurface duration=3 leash=Surface(name=Surface(name=630de79 TaskbarWindow)/@0xe72b262 - animation-leash of insets_animation)/@0x7780094
03-31 13:36:16.842 D/InsetsSourceProvider( 2349): updateControlForTarget: control=InsetsSourceControl: {244a0001 mType=navigationBars initiallyVisible mSurfacePosition=Point(0, 2050) mInsetsHint=Insets{left=0, top=0, right=0, bottom=126}}, target=Window{cb2c01 u0 Application Error: com.weejobs.app}, from=com.android.server.wm.InsetsStateController.onControlTargetChanged:83 com.android.server.wm.InsetsPolicy.updateBarControlTarget:225 com.android.server.wm.DisplayPolicy.updateSystemBarAttributes:262 com.android.server.wm.WindowManagerService.updateFocusedWindowLocked:372 com.android.server.wm.WindowManagerService.addWindowInner:565 
03-31 13:36:16.842 E/SurfaceFlinger( 1676): Out of order buffers detected for RequestedLayerState{com.sec.android.app.launcher/com.sec.android.app.launcher.activities.LauncherActivity$_4276#27302 parentId=191} producedId=721 frameNumber=992 -> producedId=721 frameNumber=6
03-31 13:36:16.842 I/WindowManager( 2349): Cancelling animation restarting=true, leash=Surface(name=Surface(name=1bba892 StatusBar)/@0x77f5e69 - animation-leash of insets_animation)/@0x690d002
03-31 13:36:16.842 I/WindowManager( 2349): Reparenting to original parent: Surface(name=WindowToken{cc12e1d type=2000 android.os.BinderProxy@c0490c7})/@0xe3560ee, destroy=false, surface=Surface(name=1bba892 StatusBar)/@0x77f5e69
03-31 13:36:16.842 I/SurfaceFlinger( 1676): [cb2c01 Application Error: com.weejobs.app#27701] attach to parent LayerHierarchy{RequestedLayerState{WindowToken{8bdede8 type=2003 android.view.ViewRootImpl$W@5727b0b}#27700 parentId=14} 1 children}
03-31 13:36:16.842 I/SurfaceFlinger( 1676): [Surface(name=630de79 TaskbarWindow)/@0xe72b262 - animation-leash of insets_animation#27702] attach to parent LayerHierarchy{RequestedLayerState{WindowToken{aae3b1 type=2024 android.os.BinderProxy@ce8ff88}#3358 parentId=35 z=1} 2 children}
03-31 13:36:16.842 I/HoneySpace.FloatingAnimator( 4276): [Player:A(16.799)] container x: 35.879547, y: 90.222664, scale : 0.94401413
03-31 13:36:16.842 I/WindowManager( 2349): Reparenting to leash, surface=Surface(name=1bba892 StatusBar)/@0x77f5e69, leashParent=Surface(name=WindowToken{cc12e1d type=2000 android.os.BinderProxy@c0490c7})/@0xe3560ee
03-31 13:36:16.842 I/SurfaceFlinger( 1676): id=27703 createSurf, flag=24000, Surface(name=1bba892 StatusBar)/@0x77f5e69 - animation-leash of insets_animation#27703
03-31 13:36:16.843 I/VRI[LauncherActivity]@db31459( 4276): mWNT: t=0xb400006ed3a2ead0 mBlastBufferQueue=0xb400006e639914e0 fn= 8 HdrRenderState mRenderHdrSdrRatio=1.0 caller= com.android.systemui.shared.launcher.ViewRootImplCompat.mergeWithNextTransaction:4 com.honeyspace.transition.utils.SurfaceTransactionApplier.scheduleApply$lambda$1:16 com.honeyspace.transition.utils.SurfaceTransactionApplier.b:0 
03-31 13:36:16.844 D/WindowManager( 2349): makeSurface duration=2 leash=Surface(name=Surface(name=1bba892 StatusBar)/@0x77f5e69 - animation-leash of insets_animation)/@0xa155b32
03-31 13:36:16.844 D/InsetsSourceProvider( 2349): updateControlForTarget: control=InsetsSourceControl: {fb6f0000 mType=statusBars initiallyVisible mSurfacePosition=Point(0, 0) mInsetsHint=Insets{left=0, top=87, right=0, bottom=0}}, target=Window{cb2c01 u0 Application Error: com.weejobs.app}, from=com.android.server.wm.InsetsStateController.onControlTargetChanged:83 com.android.server.wm.InsetsPolicy.updateBarControlTarget:212 com.android.server.wm.DisplayPolicy.updateSystemBarAttributes:262 com.android.server.wm.WindowManagerService.updateFocusedWindowLocked:372 com.android.server.wm.WindowManagerService.addWindowInner:565 
03-31 13:36:16.845 I/WindowManager( 2349): Cancelling animation restarting=true, leash=Surface(name=Surface(name=45abe9 NavigationBar0)/@0x6ac041c - animation-leash of insets_animation)/@0xfeeb76f
03-31 13:36:16.845 I/WindowManager( 2349): Reparenting to original parent: Surface(name=WindowToken{9f81ded type=2019 android.os.BinderProxy@4e9e817})/@0xa267825, destroy=false, surface=Surface(name=45abe9 NavigationBar0)/@0x6ac041c
03-31 13:36:16.845 I/WindowManager( 2349): Reparenting to leash, surface=Surface(name=45abe9 NavigationBar0)/@0x6ac041c, leashParent=Surface(name=WindowToken{9f81ded type=2019 android.os.BinderProxy@4e9e817})/@0xa267825
03-31 13:36:16.845 I/SurfaceFlinger( 1676): id=27704 createSurf, flag=24000, Surface(name=45abe9 NavigationBar0)/@0x6ac041c - animation-leash of insets_animation#27704
03-31 13:36:16.847 D/WindowManager( 2349): makeSurface duration=3 leash=Surface(name=Surface(name=45abe9 NavigationBar0)/@0x6ac041c - animation-leash of insets_animation)/@0x91e9200
03-31 13:36:16.847 D/InsetsSourceProvider( 2349): updateControlForTarget: control=InsetsSourceControl: {a1630001 mType=navigationBars initiallyVisible mSurfacePosition=Point(0, 2190) mInsetsHint=Insets{left=0, top=0, right=0, bottom=126}}, target=Window{cb2c01 u0 Application Error: com.weejobs.app}, from=com.android.server.wm.InsetsStateController.onControlTargetChanged:83 com.android.server.wm.InsetsPolicy.updateBarControlTarget:225 com.android.server.wm.DisplayPolicy.updateSystemBarAttributes:262 com.android.server.wm.WindowManagerService.updateFocusedWindowLocked:372 com.android.server.wm.WindowManagerService.addWindowInner:565 
03-31 13:36:16.848 D/WindowManager( 2349): updateSystemBarAttributes: displayId=0, focusedCanBeNavColorWin=false, win=Window{cb2c01 u0 Application Error: com.weejobs.app}, navColorWin=Window{a4b6524 u0 com.sec.android.app.launcher/com.sec.android.app.launcher.activities.LauncherActivity}, caller=com.android.server.wm.WindowManagerService.updateFocusedWindowLocked:372 com.android.server.wm.WindowManagerService.addWindowInner:565 com.android.server.wm.WindowManagerService.addWindow:1842 
03-31 13:36:16.848 D/WindowManager( 2349): updateSystemBarAttributes, bhv=1, apr=0, statusBarAprRegions=[AppearanceRegion{ bounds=[0,0][904,2316]}], requestedVisibilities=-9
03-31 13:36:16.848 V/SystemKeyManager( 2349): updateFocusedWindow() is called, Application Error: com.weejobs.app
03-31 13:36:16.848 I/InsetsController( 2349): onStateChanged: host=Application Error: com.weejobs.app, from=android.view.ViewRootImpl.onInsetsStateChanged:3026, state=InsetsState: {mDisplayFrame=Rect(0, 0 - 904, 2316), mDisplayCutout=DisplayCutout{insets=Rect(0, 87 - 0, 0) waterfall=Insets{left=0, top=0, right=0, bottom=0} boundingRect={Bounds=[Rect(0, 0 - 0, 0), Rect(418, 0 - 486, 87), Rect(0, 0 - 0, 0), Rect(0, 0 - 0, 0)]} cutoutPathParserInfo={CutoutPathParserInfo{displayWidth=904 displayHeight=2316 physicalDisplayWidth=904 physicalDisplayHeight=2316 density={2.625} cutoutSpec={M 0,0 H -12.95238095238095 V 33.14285714285714 H 12.95238095238095 V 0 H 0 Z @dp} rotation={0} scale={1.0} physicalPixelDisplaySizeRatio={1.0}}} sideOverrides={}}, mRoundedCorners=RoundedCorners{[RoundedCorner{position=TopLeft, radius=68, center=Point(68, 68)}, RoundedCorner{position=TopRight, radius=68, center=Point(836, 68)}, RoundedCorner{position=BottomRight, radius=68, center=Point(836, 2248)}, RoundedCorner{position=BottomLeft, radius=68, center=Point(68, 2248)}]}  mRoundedCornerFrame=Rect(0, 0 - 0, 0), mPrivacyIndicatorBounds=PrivacyIndicatorBounds {static bounds=Rect(788, 0 - 904, 87) rotation=0}, mDisplayShape=DisplayShape{ spec=-311912193 displayWidth=904 displayHeight=2316 physicalPixelDisplaySizeRatio=1.0 rotation=0 offsetX=0 offsetY=0 scale=1.0}, mSources= { InsetsSource: {a1630001 mType=navigationBars mFrame=[0,2190][904,2316] mVisible=true mFlags= mSideHint=BOTTOM mBoundingRects=null}, InsetsSource: {a1630004 mType=systemGestures mFrame=[0,0][0,0] mVisible=true mFlags= mSideHint=NONE mBoundingRects=null}, InsetsSource: {a1630005 mType=mandatorySystemGestures mFrame=[0,2190][904,2316] mVisible=true mFlags= mSideHint=BOTTOM mBoundingRects=null}, InsetsSource: {a1630006 mType=tappableElement mFrame=[0,2190][904,2316] mVisible=true mFlags= mSideHint=BOTTOM mBoundingRects=null}, InsetsSource: {a1630024 mType=systemGestures mFrame=[0,0][0,0] mVisible=true mFlags= mSideHint=NONE mBoundingRects=null}, InsetsSource: {fb6f0000 mType=statusBars mFrame=[0,0][904,87] mVisible=true mFlags= mSideHint=TOP mBoundingRects=null}, InsetsSource: {fb6f0005 mType=mandatorySystemGestures mFrame=[0,0][904,119] mVisible=true mFlags= mSideHint=TOP mBoundingRects=null}, InsetsSource: {fb6f0006 mType=tappableElement mFrame=[0,0][904,87] mVisible=true mFlags= mSideHint=TOP mBoundingRects=null}, InsetsSource: {27 mType=displayCutout mFrame=[0,0][904,87] mVisible=true mFlags= mSideHint=TOP mBoundingRects=null}, InsetsSource: {244a0004 mType=systemGestures mFrame=[0,0][0,0] mVisible=false mFlags= mSideHint=NONE mBoundingRects=null}, InsetsSource: {244a0005 mType=mandatorySystemGestures mFrame=[0,0][0,0] mVisible=false mFlags= mSideHint=NONE mBoundingRects=null}, InsetsSource: {244a0006 mType=tappableElement mFrame=[0,0][0,0] mVisible=false mFlags= mSideHint=NONE mBoundingRects=null}, InsetsSource: {244a0024 mType=systemGestures mFrame=[0,0][0,0] mVisible=false mFlags= mSideHint=NONE mBoundingRects=null} }
03-31 13:36:16.849 I/VRI[app]@5727b0b( 2349): synced displayState. AttachInfo displayState=2
03-31 13:36:16.850 I/HoneySpace.PredictionDataSourceImpl( 4276): TYPE_SUGGESTED_APPS updated: 9
03-31 13:36:16.850 V/InputMethodManagerService( 2349): startInputOrWindowGainedFocusInternalLocked: reason=WINDOW_FOCUS_GAIN client=android.os.BinderProxy@c4663d7 inputContext=null editorInfo=android.view.inputmethod.EditorInfo@50360f5 startInputFlags=VIEW_HAS_FOCUS|INITIAL_CONNECTION softInputMode=STATE_UNSPECIFIED|ADJUST_NOTHING windowFlags=#81910100 unverifiedTargetSdkVersion=36 bindingController=com.android.server.inputmethod.InputMethodBindingController@ef4770a imeDispatcher=android.window.ImeOnBackInvokedDispatcher@c791e8a cs=ClientState{ea9aee7 mUid=10140 mPid=4276 mSelfReportedDisplayId=0} imeRequestedVisible=false
03-31 13:36:16.850 V/InputMethodManagerService( 2349): setWindowStateInner, windowToken=android.os.BinderProxy@11299b7, state=ImeTargetWindowState{ imeToken null imeFocusChanged true hasEditorFocused false requestedImeVisible false imeDisplayId 0 softInputModeState STATE_UNSPECIFIED|ADJUST_NOTHING isStartInputByGainFocus true}
03-31 13:36:16.850 V/InputMethodManagerService( 2349): Unspecified window will hide input
03-31 13:36:16.850 I/ImeTracker( 2349): com.sec.android.app.launcher:824ce58: onRequestHide at ORIGIN_SERVER reason HIDE_UNSPECIFIED_WINDOW fromUser false
03-31 13:36:16.850 V/InputMethodManagerService( 2349): applyImeVisibility state=6
03-31 13:36:16.850 E/SurfaceFlinger( 1676): Out of order buffers detected for RequestedLayerState{com.sec.android.app.launcher/com.sec.android.app.launcher.activities.LauncherActivity$_4276#27302 parentId=191} producedId=721 frameNumber=992 -> producedId=721 frameNumber=7
03-31 13:36:16.850 I/HoneySpace.FloatingAnimator( 4276): [Player:A(16.799)] container x: 56.362606, y: 141.72932, scale : 0.91205287
03-31 13:36:16.850 I/SurfaceFlinger( 1676): RequestedLayer [WindowToken{8bdede8 type=2003 android.view.ViewRootImpl$W@5727b0b}#27700] hidden!! flag  from(1) --> to(0)
03-31 13:36:16.850 I/SurfaceFlinger( 1676): RequestedLayer [cb2c01 Application Error: com.weejobs.app#27701] hidden!! flag  from(1) --> to(0)
03-31 13:36:16.850 I/SurfaceFlinger( 1676): [LayerHierarchy{RequestedLayerState{45abe9 NavigationBar0#111 parentId=27704} 1 children}] reparent to LayerHierarchy{RequestedLayerState{Surface(name=45abe9 NavigationBar0)/@0x6ac041c - animation-leash of insets_animation#27704 parentId=110} 1 children}
03-31 13:36:16.850 I/SurfaceFlinger( 1676): [LayerHierarchy{RequestedLayerState{1bba892 StatusBar#115 parentId=27703} 1 children}] reparent to LayerHierarchy{RequestedLayerState{Surface(name=1bba892 StatusBar)/@0x77f5e69 - animation-leash of insets_animation#27703 parentId=114} 1 children}
03-31 13:36:16.850 I/SurfaceFlinger( 1676): [LayerHierarchy{RequestedLayerState{630de79 TaskbarWindow#3359 parentId=27702} 1 children}] reparent to LayerHierarchy{RequestedLayerState{Surface(name=630de79 TaskbarWindow)/@0xe72b262 - animation-leash of insets_animation#27702 parentId=3358} 1 children}
03-31 13:36:16.850 I/SurfaceFlinger( 1676): [LayerHierarchy{RequestedLayerState{Surface(name=630de79 TaskbarWindow)/@0xe72b262 - animation-leash of insets_animation#27693} no children}] reparent to OffscreenRoot
03-31 13:36:16.850 I/SurfaceFlinger( 1676): [LayerHierarchy{RequestedLayerState{Surface(name=630de79 TaskbarWindow)/@0xe72b262 - animation-leash of insets_animation#27693} no children}] RelativeParent to null
03-31 13:36:16.850 I/SurfaceFlinger( 1676): [LayerHierarchy{RequestedLayerState{Surface(name=45abe9 NavigationBar0)/@0x6ac041c - animation-leash of insets_animation#27695} no children}] reparent to OffscreenRoot
03-31 13:36:16.850 I/SurfaceFlinger( 1676): [LayerHierarchy{RequestedLayerState{Surface(name=45abe9 NavigationBar0)/@0x6ac041c - animation-leash of insets_animation#27695} no children}] RelativeParent to null
03-31 13:36:16.850 I/SurfaceFlinger( 1676): [LayerHierarchy{RequestedLayerState{Surface(name=1bba892 StatusBar)/@0x77f5e69 - animation-leash of insets_animation#27694} no children}] reparent to OffscreenRoot
03-31 13:36:16.850 I/SurfaceFlinger( 1676): [LayerHierarchy{RequestedLayerState{Surface(name=1bba892 StatusBar)/@0x77f5e69 - animation-leash of insets_animation#27694} no children}] RelativeParent to null
03-31 13:36:16.850 I/SurfaceFlinger( 1676): [Surface(name=1bba892 StatusBar)/@0x77f5e69 - animation-leash of insets_animation#27703] attach to parent LayerHierarchy{RequestedLayerState{WindowToken{cc12e1d type=2000 android.os.BinderProxy@c0490c7}#114 parentId=18} 1 children}
03-31 13:36:16.850 I/SurfaceFlinger( 1676): [Surface(name=45abe9 NavigationBar0)/@0x6ac041c - animation-leash of insets_animation#27704] attach to parent LayerHierarchy{RequestedLayerState{WindowToken{9f81ded type=2019 android.os.BinderProxy@4e9e817}#110 parentId=35} 1 children}
03-31 13:36:16.851 I/VRI[LauncherActivity]@db31459( 4276): mWNT: t=0xb400006ed3a4c190 mBlastBufferQueue=0xb400006e639914e0 fn= 9 HdrRenderState mRenderHdrSdrRatio=1.0 caller= com.android.systemui.shared.launcher.ViewRootImplCompat.mergeWithNextTransaction:4 com.honeyspace.transition.utils.SurfaceTransactionApplier.scheduleApply$lambda$1:16 com.honeyspace.transition.utils.SurfaceTransactionApplier.b:0 
03-31 13:36:16.851 D/SemInputMethodManagerServiceUtil( 2349): restorePreviousUsedInputMethod : failed to return the previous ime becuase the stored info is null or do not need restore
03-31 13:36:16.851 V/InputMethodManagerService( 2349): semComputeImeDisplayIdForTarget: displayToShowIme=0
03-31 13:36:16.851 V/InputMethodManagerService( 2349): unbindCurrentInputLocked: client=android.os.BinderProxy@9960e18
03-31 13:36:16.851 I/InputMethodManager( 4276): handleMessage: setImeVisibility visible=false
03-31 13:36:16.851 V/InputMethodManagerService( 2349): Creating new accessibility sessions for client ClientState{ea9aee7 mUid=10140 mPid=4276 mSelfReportedDisplayId=0}
03-31 13:36:16.852 I/ImeTracker( 4276): com.sec.android.app.launcher:824ce58: onCancelled at PHASE_CLIENT_ALREADY_HIDDEN
03-31 13:36:16.852 I/SurfaceFlinger( 1676): id=27693 Removed Surface(name=630de79 TaskbarWindow)/@0xe72b262 - animation-leash of insets_animation#27693 (202)
03-31 13:36:16.852 D/InputTransport( 6275): Input channel destroyed: 'ClientS', fd=149
03-31 13:36:16.852 I/HoneySpace.PredictionDataSourceImpl( 4276): TYPE_RECOMMENDED_WIDGETS updated: 49
03-31 13:36:16.853 I/VRI[app]@5727b0b( 2349): setView = com.android.internal.policy.DecorView@cc6e7f7 IsHRR=false mFlingFrameRateChange=0 TM=true
03-31 13:36:16.853 D/InputMethodManagerService( 2349): isImeSwitcherDisabledPackage : false
03-31 13:36:16.854 V/OsAgent ( 5266): broadcastSystemEvent - 7
03-31 13:36:16.854 V/OsAgent ( 5266): broadcastSystemEvent - 7
03-31 13:36:16.854 V/OsAgent ( 5266): broadcastSystemEvent - 7
03-31 13:36:16.855 I/CameraService( 1946): onUidStateChanged: uid=10241, procState is changed. (5 -> 3)
03-31 13:36:16.855 D/NavigationBar( 3951): onSystemBarAttributesChanged() -  displayId:0, appearance:16, packageName: com.sec.android.app.launcher (APPEARANCE_LIGHT_NAVIGATION_BARS ), navbarColorManagedByIme:false
03-31 13:36:16.856 D/HWUI    ( 2349): HWUI - treat SMPTE_170M as sRGB
03-31 13:36:16.856 D/InputMethodManagerService( 2349): shouldShowImeSwitcherLocked : checking vis : 3
03-31 13:36:16.856 I/HoneySpace.SystemUiRepository( 4276): systemUiFlags: awake
03-31 13:36:16.857 D/CoreBackPreview( 2349): Window{cb2c01 u0 Application Error: com.weejobs.app}: Setting back callback OnBackInvokedCallbackInfo{mCallback=android.window.WindowOnBackInvokedDispatcher$OnBackInvokedCallbackWrapper@8137d2e, mPriority=-1, mIsAnimationCallback=false, mOverrideBehavior=0}
03-31 13:36:16.857 I/HoneySpace.TaskbarEventTracker( 4276): invokeEvent() called with: event = SystemUiStateChanged(stateFlags=268435456)
03-31 13:36:16.857 D/View    ( 2349): semSetBlurInfo, blurInfo : android.view.SemBlurInfo@1a80b2b {BLUR_MODE_WINDOW, mBlurRadius = 300, mBackgroundBlurColor = 218103808, mCornerRadiusTL = 68.25, mCornerRadiusTR = 68.25, mCornerRadiusBL = 68.25, mCornerRadiusBR = 68.25, mClipRectLeft = 0, mClipRectTop = 0, mClipRectRight = 2147483647, mClipRectBottom = 2147483647, mColorCurve = android.view.SemBlurInfo$ColorCurve@6360b88 {minX = 15.0, minY = 208.1, maxX = 235.0, maxY = 246.3, curveBias = 25.0, saturation = 0.75}}, com.android.internal.widget.AlertDialogLayout{fb68921 V.E...... ......I. 0,0-0,0 #10204bd android:id/parentPanel}
03-31 13:36:16.857 V/InputMethodManagerService( 2349): Disabling: SessionState{uid=10789 pid=6275 method=1884182 session=8a99a97 channel=ClientState{af643af mUid=10789 mPid=6275 mSelfReportedDisplayId=0} userId=0}
03-31 13:36:16.857 V/InputMethodManagerService( 2349): Enabling: SessionState{uid=10140 pid=4276 method=1884182 session=f993d64 channel=ClientState{ea9aee7 mUid=10140 mPid=4276 mSelfReportedDisplayId=0} userId=0}
03-31 13:36:16.857 D/InputMethodManagerService( 2349): checkDisplayOfStartInputAndUpdateKeyboard: displayId=0, mFocusedDisplayId=0
03-31 13:36:16.857 D/InputTransport( 2349): Input channel constructed: 'ClientS', fd=1363
03-31 13:36:16.858 D/InputTransport( 2349): Input channel destroyed: 'ClientS', fd=1363
03-31 13:36:16.858 I/HoneySpace.TaskbarPot@85836121@OneUI( 4276): setDockedTaskBarBackground statFlags = 268435456
03-31 13:36:16.858 V/AutofillInlineSuggestionsRequestSession( 2349): onInputMethodFinishInput() received
03-31 13:36:16.858 I/HBD     (12719): HoneyBoardService onFinishInput 
03-31 13:36:16.858 I/HBD     (12719): a IC have been unbinding,  RemoteInputConnection{idHash=#dd6449c}
03-31 13:36:16.858 E/SurfaceFlinger( 1676): Out of order buffers detected for RequestedLayerState{com.sec.android.app.launcher/com.sec.android.app.launcher.activities.LauncherActivity$_4276#27302 parentId=191} producedId=721 frameNumber=992 -> producedId=721 frameNumber=8
03-31 13:36:16.858 V/AutofillInlineSuggestionsRequestSession( 2349): maybeUpdateResponseToImeLocked called
03-31 13:36:16.858 I/HBD     (12719): HoneyBoardService [PF_CL][onFinishInput]  0 ms 
03-31 13:36:16.859 I/SurfaceFlinger( 1676): destroyed Surface(name=630de79 TaskbarWindow)/@0xe72b262 - animation-leash of insets_animation#27693 form LifecycleManager
03-31 13:36:16.859 I/SurfaceFlinger( 1676): id=27693 onLayerDestroyed from LayerHierarchyBuilder(RequestedLayerState{Surface(name=630de79 TaskbarWindow)/@0xe72b262 - animation-leash of insets_animation#27693 !handle})
03-31 13:36:16.859 I/HoneySpace.FloatingAnimator( 4276): [Player:A(16.799)] container x: 85.24886, y: 214.36667, scale : 0.86697936
03-31 13:36:16.859 I/HBD     (12719): HoneyBoardService [IMI] onStartInput - caller pid : 4276 , caller uid : 10140 
03-31 13:36:16.859 I/HBD     (12719): r updateConfigs 
03-31 13:36:16.859 I/HBD     (12719): r isEnabledNightMode : false 
03-31 13:36:16.859 I/HBD     (12719): a IC have been binding, RemoteInputConnection{idHash=#9caeea5} 
03-31 13:36:16.859 I/HBD     (12719): h [EditorInputType]setPrivateImeOptionsToTable privateImeOptions ( null )
03-31 13:36:16.859 I/HBD     (12719): b incognitoMode : false 
03-31 13:36:16.859 D/RestrictionPolicy( 2349): isScreenCaptureEnabled : ret=true userId=0
03-31 13:36:16.859 I/HBD     (12719): f needOff = true , isForceOff = false, isNullInputClass : true 
03-31 13:36:16.859 I/HBD     (12719): h getDefaultInputRange : UNKNOWN 
03-31 13:36:16.859 I/HBD     (12719): h getDefaultInputRange : UNKNOWN 
03-31 13:36:16.859 I/Layer   ( 1676): id=27693 Destroyed Surface(name=630de79 TaskbarWindow)/@0xe72b262 - animation-leash of insets_animation#27693
03-31 13:36:16.859 D/NavigationBar( 3951): onSystemBarAttributesChanged() -  displayId:0, appearance:0, packageName: com.sec.android.app.launcher, navbarColorManagedByIme:false
03-31 13:36:16.859 I/HBD     (12719): h getDefaultInputRange : UNKNOWN 
03-31 13:36:16.859 I/HBD     (12719): i [AiWriter] isChildBlockCase:
03-31 13:36:16.859 D/SamsungLightBarControlHelper( 3951): updateNavigationBar (WHITE button) isLightOpaque:false, hasLightNavigationBarFlag:false, packageName:com.sec.android.app.launcher, DirectReplying:false, NavBarColorMangedByIme:false, ForceDarkForScrim:false, ForceLightForScrim:false, QsCustomizing:false, QsExpanded:false
03-31 13:36:16.860 V/AutofillInlineSuggestionsRequestSession( 2349): onInputMethodStartInput() received on 0
03-31 13:36:16.860 I/WindowManager( 2349): Cancelling animation restarting=true, leash=Surface(name=Surface(name=c42dbff InputMethod)/@0x8fdb815 - animation-leash of insets_animation)/@0x55f5cee
03-31 13:36:16.860 I/WindowManager( 2349): Reparenting to original parent: Surface(name=WindowToken{862ec10 type=2011 android.os.Binder@1c178d3})/@0x75bf72a, destroy=false, surface=Surface(name=c42dbff InputMethod)/@0x8fdb815
03-31 13:36:16.860 I/VRI[LauncherActivity]@db31459( 4276): mWNT: t=0xb400006ed3a26b10 mBlastBufferQueue=0xb400006e639914e0 fn= 10 HdrRenderState mRenderHdrSdrRatio=1.0 caller= com.android.systemui.shared.launcher.ViewRootImplCompat.mergeWithNextTransaction:4 com.honeyspace.transition.utils.SurfaceTransactionApplier.scheduleApply$lambda$1:16 com.honeyspace.transition.utils.SurfaceTransactionApplier.b:0 
03-31 13:36:16.860 V/AutofillInlineSuggestionsRequestSession( 2349): maybeUpdateResponseToImeLocked called
03-31 13:36:16.860 I/WindowManager( 2349): Reparenting to leash, surface=Surface(name=c42dbff InputMethod)/@0x8fdb815, leashParent=Surface(name=WindowToken{862ec10 type=2011 android.os.Binder@1c178d3})/@0x75bf72a
03-31 13:36:16.862 I/SurfaceFlinger( 1676): id=27705 createSurf, flag=24004, Surface(name=c42dbff InputMethod)/@0x8fdb815 - animation-leash of insets_animation#27705
03-31 13:36:16.863 I/SurfaceFlinger( 1676): id=27694 Removed Surface(name=1bba892 StatusBar)/@0x77f5e69 - animation-leash of insets_animation#27694 (202)
03-31 13:36:16.864 I/SurfaceFlinger( 1676): id=27695 Removed Surface(name=45abe9 NavigationBar0)/@0x6ac041c - animation-leash of insets_animation#27695 (202)
03-31 13:36:16.864 D/WindowManager( 2349): makeSurface duration=4 leash=Surface(name=Surface(name=c42dbff InputMethod)/@0x8fdb815 - animation-leash of insets_animation)/@0xd2abee1
03-31 13:36:16.864 I/SamsungAccount( 1167): [AccountManagerProvider] isChildAccount
03-31 13:36:16.865 I/SamsungAccount( 1167): [AccountManagerProvider] Calling package : android.honeyboard.
03-31 13:36:16.865 D/InsetsSourceProvider( 2349): updateControlForTarget: control=InsetsSourceControl: {3 mType=ime mSurfacePosition=Point(0, 87) mInsetsHint=Insets{left=0, top=0, right=0, bottom=863}}, target=Window{a4b6524 u0 com.sec.android.app.launcher/com.sec.android.app.launcher.activities.LauncherActivity}, from=com.android.server.wm.ImeInsetsSourceProvider.updateControlForTarget:17 com.android.server.wm.InsetsStateController.onControlTargetChanged:83 com.android.server.wm.DisplayContent.updateImeControlTarget:21 com.android.server.wm.DisplayContent.updateImeInputAndControlTarget:156 com.android.server.wm.WindowManagerService$LocalService.updateInputMethodTargetWindow:64 
03-31 13:36:16.865 I/ImeTracker( 2349): system_server:4fbc435: onRequestHide at ORIGIN_SERVER reason IME_REQUESTED_CHANGED_LISTENER fromUser false
03-31 13:36:16.866 V/InputMethodManagerService( 2349): Client requesting input be hidden
03-31 13:36:16.866 V/InputMethodManagerService( 2349): setWindowStateInner, windowToken=android.os.BinderProxy@11299b7, state=ImeTargetWindowState{ imeToken android.os.Binder@d99bac7 imeFocusChanged true hasEditorFocused false requestedImeVisible false imeDisplayId 0 softInputModeState STATE_UNSPECIFIED|ADJUST_NOTHING isStartInputByGainFocus true}
03-31 13:36:16.866 I/ImeTracker( 2349): system_server:4fbc435: onCancelled at PHASE_SERVER_SHOULD_HIDE
03-31 13:36:16.866 V/InputMethodManagerService( 2349): hideCurrentInputLocked : canceled, shouldHideSoftInput=false, mInputShown=false, mImeWindowVis=0
03-31 13:36:16.866 I/SamsungAccount( 1167): [SignatureInfoDbHelper] searchOnUser(fromDb) - [10/lfgff][android.honeyboard.][64/3291d] => matched
03-31 13:36:16.866 I/SamsungAccount( 1167): [AccountManagerProvider] This is the access of the allowed application
03-31 13:36:16.866 I/SamsungAccount( 1167): [AccountManagerUtil] isSamsungAccountSignedIn : true
03-31 13:36:16.867 E/SurfaceFlinger( 1676): Out of order buffers detected for RequestedLayerState{com.sec.android.app.launcher/com.sec.android.app.launcher.activities.LauncherActivity$_4276#27302 parentId=191} producedId=721 frameNumber=992 -> producedId=721 frameNumber=9
03-31 13:36:16.867 I/SurfaceFlinger( 1676): RequestedLayer [Surface(name=f241244 Splash Screen c[...]ation-leash of starting_reveal#27688] hidden!! flag  from(0) --> to(1)
03-31 13:36:16.867 I/SurfaceFlinger( 1676): destroyed Surface(name=45abe9 NavigationBar0)/@0x6ac041c - animation-leash of insets_animation#27695 form LifecycleManager
03-31 13:36:16.867 I/SurfaceFlinger( 1676): destroyed Surface(name=1bba892 StatusBar)/@0x77f5e69 - animation-leash of insets_animation#27694 form LifecycleManager
03-31 13:36:16.867 I/SurfaceFlinger( 1676): [Surface(name=c42dbff InputMethod)/@0x8fdb815 - animation-leash of insets_animation#27705] attach to parent LayerHierarchy{RequestedLayerState{WindowToken{862ec10 type=2011 android.os.Binder@1c178d3}#6689 parentId=16} 2 children}
03-31 13:36:16.867 V/ClearcutMetricXmitter(18463): Transmission is done.
03-31 13:36:16.867 I/SurfaceFlinger( 1676): id=27695 onLayerDestroyed from LayerHierarchyBuilder(RequestedLayerState{Surface(name=45abe9 NavigationBar0)/@0x6ac041c - animation-leash of insets_animation#27695 !handle})
03-31 13:36:16.867 I/SurfaceFlinger( 1676): id=27694 onLayerDestroyed from LayerHierarchyBuilder(RequestedLayerState{Surface(name=1bba892 StatusBar)/@0x77f5e69 - animation-leash of insets_animation#27694 !handle})
03-31 13:36:16.867 I/HoneySpace.FloatingAnimator( 4276): [Player:A(16.799)] container x: 119.00857, y: 299.2588, scale : 0.8143014
03-31 13:36:16.868 I/Layer   ( 1676): id=27695 Destroyed Surface(name=45abe9 NavigationBar0)/@0x6ac041c - animation-leash of insets_animation#27695
03-31 13:36:16.868 I/Layer   ( 1676): id=27694 Destroyed Surface(name=1bba892 StatusBar)/@0x77f5e69 - animation-leash of insets_animation#27694
03-31 13:36:16.868 I/VRI[LauncherActivity]@db31459( 4276): mWNT: t=0xb400006ed39fd210 mBlastBufferQueue=0xb400006e639914e0 fn= 11 HdrRenderState mRenderHdrSdrRatio=1.0 caller= com.android.systemui.shared.launcher.ViewRootImplCompat.mergeWithNextTransaction:4 com.honeyspace.transition.utils.SurfaceTransactionApplier.scheduleApply$lambda$1:16 com.honeyspace.transition.utils.SurfaceTransactionApplier.b:0 
03-31 13:36:16.871 D/SurfaceFlinger( 1676): Display 4630946213010294403 HWC layers:
03-31 13:36:16.871 D/SurfaceFlinger( 1676):        CLIENT |           16969415812112 | 00000100 | RGBA_8888    |   58.0  149.0  846.0 2167.0 |    0    0  904 2316 | Wallpaper BBQ wrapper 17_system#128 (34)
03-31 13:36:16.871 D/SurfaceFlinger( 1676):        CLIENT |           18365280161851 | 00002100 | RGBA_8888    |    0.0    0.0  904.0 2316.0 |    0    0  904 2316 | com.sec.android.app.launcher/com.sec[...]ivities.LauncherActivity$_4276#27302 (blurRegions) (9)
03-31 13:36:16.871 D/SurfaceFlinger( 1676):        CLIENT |           26950919782402 | 00002102 | RGBA_8888    |    0.0    9.0  904.0 2302.0 |   56  142  881 2233 | com.weejobs.app/com.weejobs.app.MainActivity$_6275#27684 (2)
03-31 13:36:16.871 D/SurfaceFlinger( 1676):        DEVICE |           16969415813161 | 00002100 | RGBA_8888    |    0.0    0.0  904.0   87.0 |    0    0  904   87 | StatusBar$_3951#122 (97580)
03-31 13:36:16.871 D/SurfaceFlinger( 1676):        DEVICE |           18365280161808 | 00002100 | RGBA_8888    |    0.0    0.0   67.0  451.0 |    0  493   67  944 | com.sec.android.app.launcher/com.sam[...]l.app.CocktailBarService$_4276#27160 (1)
03-31 13:36:16.871 D/SurfaceFlinger( 1676):        DEVICE |           16969415813210 | 00002100 | RGBA_8888    |  
03-31 13:36:16.871 D/SurfaceFlinger( 1676):   0.0    0.0  904.0  126.0 |    0 2190  904 2316 | NavigationBar0$_3951#118 (28280)
03-31 13:36:16.871 D/SurfaceFlinger( 1676): 
03-31 13:36:16.871 I/SamsungAccount( 1167): [TPMU]  SIMState     :SIM_STATE_READY
03-31 13:36:16.871 I/SamsungAccount( 1167): [CountryCodeUtil] isChinaCountryCode : false
03-31 13:36:16.866 D/SurfaceComposerClient( 2349): setCornerRadius ## a4b6524 com.sec.android.app.launcher/com.sec.android.app.launcher.activities.LauncherActivity#191 cornerRadius=0.000000
03-31 13:36:16.872 I/SamsungAccount( 1167): [TPMU] getMccFromUsim
03-31 13:36:16.872 I/SamsungAccount( 1167): [MccManager] saveMccToPreference Start
03-31 13:36:16.872 I/SamsungAccount( 1167): [MccManager] saveMccToPreference, mcc is same with previous mcc
03-31 13:36:16.872 I/SamsungAccount( 1167): [ChildAccountSupportedListManager] getSupportedListFromLocal from cache
03-31 13:36:16.872 E/SamsungAccount( 1167): [FamilyGroupUtil] getCountryCodeListWithRegionMcc - no country code with region mcc
03-31 13:36:16.872 I/SamsungAccount( 1167): [FamilyGroupUtil] isSupportFamilyService: false
03-31 13:36:16.872 I/SamsungAccount( 1167): [AccountManagerUtil] isSamsungAccountSignedIn : true
03-31 13:36:16.872 I/SamsungAccount( 1167): [AccountManagerProvider] makeResultBundle - resultCode : 1
03-31 13:36:16.872 I/WindowManager( 2349): Relayout Window{cb2c01 u0 Application Error: com.weejobs.app}: viewVisibility=0 req=903x596 ty=2003 d0
03-31 13:36:16.873 D/SamsungLightBarControlHelper( 3951): updateStatusBar (WHITE icon) numStacks:1, StatusBarMode:MODE_TRANSPARENT, lightBarBounds:[], StatusBarState:SHADE, packageName:, isWhiteKeyguardStatusBar:false
03-31 13:36:16.873 I/SurfaceFlinger( 1676): id=27706 createSurf, flag=44004, Application Error: com.weejobs.app#27706
03-31 13:36:16.874 I/HBD     (12719): f needOff = true , isForceOff = false, isNullInputClass : true 
03-31 13:36:16.874 I/HBD     (12719): f update cached prediction status : false 
03-31 13:36:16.874 I/HBD     (12719): h getDefaultInputRange : UNKNOWN 
03-31 13:36:16.874 I/HBD     (12719): a currentState : 4 
03-31 13:36:16.874 I/HBD     (12719): g isCoverDisplay : true, cached selected json info : SelectedLanguageInfo(languageVersion=4.2, currentLanguageOrder=0, selectedLanguageList=[SelectedLanguage(id=65537, isUsed=true, engName=English, inputType=qwerty, activeOptionList=[auto_replace, auto_spacing, writing_assistant, prediction], bilingualId=-1), SelectedLanguage(id=3342336, isUsed=true, engName=Russian, inputType=qwerty, activeOptionList=[auto_replace, auto_spacing, prediction], bilingualId=-1), SelectedLanguage(id=1441798, isUsed=true, engName=French, inputType=qwerty_accent, activeOptionList=[auto_replace, auto_spacing, prediction], bilingualId=-1), SelectedLanguage(id=4456448, isUsed=true, engName=Ukrainian, inputType=qwerty, activeOptionList=[auto_replace, auto_spacing, prediction], bilingualId=-1)]) 
03-31 13:36:16.875 I/HBD     (12719): a [UpdatePolicy] [post] a: 0 cl: 65537 kit: [0/0] vt: 0 ir: 1 
03-31 13:36:16.875 D/SamsungLightBarControlHelper( 3951): onStatusBarAppearanceChanged() -  sbModeChanged:false, statusBarMode:0, barState:MODE_TRANSPARENT, isKeyguardShowing:false, navbarColorManagedByIme:false, (AppearanceRegion{ bounds=[0,0][904,2316]}, )
03-31 13:36:16.875 E/SurfaceFlinger( 1676): Out of order buffers detected for RequestedLayerState{com.sec.android.app.launcher/com.sec.android.app.launcher.activities.LauncherActivity$_4276#27302 parentId=191} producedId=721 frameNumber=992 -> producedId=721 frameNumber=10
03-31 13:36:16.875 I/SurfaceFlinger( 1676): [Application Error: com.weejobs.app#27706] attach to parent LayerHierarchy{RequestedLayerState{cb2c01 Application Error: com.weejobs.app#27701 parentId=27700} 1 children}
03-31 13:36:16.875 I/HoneySpace.FloatingAnimator( 4276): [Player:A(16.799)] container x: 156.67287, y: 394.25525, scale : 0.7555307
03-31 13:36:16.876 D/WindowManager( 2349): makeSurface duration=3 name=Application Error: com.weejobs.app
03-31 13:36:16.876 D/SurfaceComposerClient( 2349): setCornerRadius ## a4b6524 com.sec.android.app.launcher/com.sec.android.app.launcher.activities.LauncherActivity#191 cornerRadius=0.000000
03-31 13:36:16.876 I/VRI[LauncherActivity]@db31459( 4276): mWNT: t=0xb400006ed39ee790 mBlastBufferQueue=0xb400006e639914e0 fn= 12 HdrRenderState mRenderHdrSdrRatio=1.0 caller= com.android.systemui.shared.launcher.ViewRootImplCompat.mergeWithNextTransaction:4 com.honeyspace.transition.utils.SurfaceTransactionApplier.scheduleApply$lambda$1:16 com.honeyspace.transition.utils.SurfaceTransactionApplier.b:0 
03-31 13:36:16.877 D/SurfaceComposerClient( 2349): setCornerRadius ## a4b6524 com.sec.android.app.launcher/com.sec.android.app.launcher.activities.LauncherActivity#191 cornerRadius=0.000000
03-31 13:36:16.877 I/HBD     (12719): a [NRIC] resetNoResponseState 
03-31 13:36:16.877 I/HBD     (12719): f needOff = true , isForceOff = false, isNullInputClass : true 
03-31 13:36:16.877 I/HBD     (12719): f update cached prediction status : false 
03-31 13:36:16.877 I/HBD     (12719): HoneyBoardService [PF_OP][onStartInput]  18 ms 
03-31 13:36:16.878 I/HBD     (12719): [DirectWriting] DirectWriting emitInputConnection : RemoteInputConnection{idHash=#9caeea5} 
03-31 13:36:16.879 I/WindowManager( 2349): Cancelling animation restarting=false, leash=Surface(name=Surface(name=f241244 Splash Screen com.weejobs.app)/@0x5a97266 - animation-leash of starting_reveal)/@0xb780bc0
03-31 13:36:16.879 I/WindowManager( 2349): Reparenting to original parent: Surface(name=ActivityRecord{56147790 u0 com.weejobs.app/.MainActivity t1629})/@0xae4f9a7, destroy=false, surface=Surface(name=f241244 Splash Screen com.weejobs.app)/@0x5a97266
03-31 13:36:16.879 I/WindowManager( 2349): Relayout hash=cb2c01, pid=2349, syncId=-1: mAttrs={(0,0)(wrapxwrap) gr=BOTTOM CENTER_VERTICAL sim={adjust=pan forwardNavigation} ty=SYSTEM_ALERT fmt=TRANSLUCENT wanim=0x1030309 surfaceInsets=Rect(42, 42 - 42, 42) (manual) (!preservePreviousSurfaceInsets)
03-31 13:36:16.879 I/WindowManager( 2349):   fl=1820002
03-31 13:36:16.879 I/WindowManager( 2349):   pfl=40990
03-31 13:36:16.879 I/WindowManager( 2349):   apr=10
03-31 13:36:16.879 I/WindowManager( 2349):   bhv=1
03-31 13:36:16.879 I/WindowManager( 2349):   fitTypes=207
03-31 13:36:16.879 I/WindowManager( 2349):   fitIgnoreVis
03-31 13:36:16.879 I/WindowManager( 2349):   frameRateBoostOnTouch=true
03-31 13:36:16.879 I/WindowManager( 2349):   dvrrWindowFrameRateHint=true
03-31 13:36:16.879 I/WindowManager( 2349):  dimAmount=0.18 dimDuration=150 naviIconColor=0
03-31 13:36:16.879 I/WindowManager( 2349):   sfl=100000}
03-31 13:36:16.879 V/WindowManager( 2349): Schedule remove starting ActivityRecord{56147790 u0 com.weejobs.app/.MainActivity t1629 f}} startingWindow=Window{f241244 u0 Splash Screen com.weejobs.app} animate=false Callers=com.android.server.wm.ActivityClientController.splashScreenAttached:51 android.app.IActivityClientController$Stub.onTransact:1393 com.android.server.wm.ActivityClientController.onTransact:1 android.os.Binder.execTransactInternal:1462 android.os.Binder.execTransact:1401 
03-31 13:36:16.879 I/InsetsSourceConsumer( 2349): applyRequestedVisibilityToControl: visible=true, type=statusBars, host=Application Error: com.weejobs.app
03-31 13:36:16.880 I/InsetsSourceConsumer( 2349): applyRequestedVisibilityToControl: visible=true, type=navigationBars, host=Application Error: com.weejobs.app
03-31 13:36:16.880 D/ShellTaskOrganizer( 3951): removeStartingWindow, removalInfo=StartingWindowRemovalInfo{taskId=1629 frame=null playRevealAnimation=false roundedCornerRadius=0.0 deferRemoveMode=0 windowlessSurface=false removeImmediately=false}
03-31 13:36:16.880 D/SurfaceComposerClient( 2349): setCornerRadius ## a4b6524 com.sec.android.app.launcher/com.sec.android.app.launcher.activities.LauncherActivity#191 cornerRadius=0.000000
03-31 13:36:16.880 I/BufferQueueProducer( 2349): [](id:92d00000355,api:0,p:0,c:2349) setDequeueTimeout:2077252342
03-31 13:36:16.880 I/BLASTBufferQueue_Java( 2349): new BLASTBufferQueue, mName= VRI[app]@5727b0b mNativeObject= 0xb400006e63a8d490 caller= android.view.ViewRootImpl.updateBlastSurfaceIfNeeded:3585 android.view.ViewRootImpl.relayoutWindow:11685 android.view.ViewRootImpl.performTraversals:4804 android.view.ViewRootImpl.doTraversal:3924 android.view.ViewRootImpl$TraversalRunnable.run:12903 android.view.Choreographer$CallbackRecord.run:1901 android.view.Choreographer$CallbackRecord.run:1910 android.view.Choreographer.doCallbacks:1367 android.view.Choreographer.doFrame:1292 android.view.Choreographer$FrameDisplayEventReceiver.run:1870 
03-31 13:36:16.880 I/BLASTBufferQueue_Java( 2349): update, w= 987 h= 680 mName = VRI[app]@5727b0b mNativeObject= 0xb400006e63a8d490 sc.mNativeObject= 0xb400006f339c61d0 format= -3 caller= android.view.ViewRootImpl.updateBlastSurfaceIfNeeded:3590 android.view.ViewRootImpl.relayoutWindow:11685 android.view.ViewRootImpl.performTraversals:4804 android.view.ViewRootImpl.doTraversal:3924 android.view.ViewRootImpl$TraversalRunnable.run:12903 android.view.Choreographer$CallbackRecord.run:1901 
03-31 13:36:16.881 I/VRI[app]@5727b0b( 2349): Relayout returned: old=(0,87,904,2190) new=(0,1594,903,2190) relayoutAsync=false req=(903,596)0 dur=19 res=0x3 s={true 0xb400006ee3a2d8c0} ch=true seqId=0
03-31 13:36:16.881 D/NavigationBarControllerImpl( 3951): setNavigationBarShortcut requestClass : com.android.wm.shell.controlpanel.activity.FlexPanelActivity, remoteViews : null, position : 0, priority : 11
03-31 13:36:16.881 D/RemoteViewPack( 3951): OnSetRemoteView RemoteViewShortcut(requestClass=com.android.wm.shell.controlpanel.activity.FlexPanelActivity, remoteViews=null, position=0, priority=11)
03-31 13:36:16.881 D/NavBarStateManager( 3951): NavBarStates(0) isGameMode: false
03-31 13:36:16.881 D/TaskBarPack( 3951): OnSetRemoteView Bundle[{remoteViews=null, priority=11, position=0, requestClass=com.android.wm.shell.controlpanel.activity.FlexPanelActivity}]
03-31 13:36:16.881 I/VRI[app]@5727b0b( 2349): performConfigurationChange setNightDimText nightDimLevel=0
03-31 13:36:16.881 D/TaskbarDelegate( 3951): handleNavigationBarEvent() TaskbarDelegate is not initialized.
03-31 13:36:16.882 D/VRI[app]@5727b0b( 2349): mThreadedRenderer.initialize() mSurface={isValid=true 0xb400006ee3a2d8c0} hwInitialized=true
03-31 13:36:16.883 D/VRI[app]@5727b0b( 2349): reportNextDraw android.view.ViewRootImpl.performTraversals:5443 android.view.ViewRootImpl.doTraversal:3924 android.view.ViewRootImpl$TraversalRunnable.run:12903 android.view.Choreographer$CallbackRecord.run:1901 android.view.Choreographer$CallbackRecord.run:1910 
03-31 13:36:16.884 E/SurfaceFlinger( 1676): Out of order buffers detected for RequestedLayerState{com.sec.android.app.launcher/com.sec.android.app.launcher.activities.LauncherActivity$_4276#27302 parentId=191} producedId=721 frameNumber=992 -> producedId=721 frameNumber=11
03-31 13:36:16.884 I/HoneySpace.FloatingAnimator( 4276): [Player:A(16.799)] container x: 200.53052, y: 504.6197, scale : 0.68709606
03-31 13:36:16.884 D/VRI[app]@5727b0b( 2349): Setup new sync=wmsSync-VRI[app]@5727b0b#0
03-31 13:36:16.884 I/VRI[app]@5727b0b( 2349): Creating new active sync group VRI[app]@5727b0b#1
03-31 13:36:16.885 I/VRI[LauncherActivity]@db31459( 4276): mWNT: t=0xb400006ed3a1a710 mBlastBufferQueue=0xb400006e639914e0 fn= 13 HdrRenderState mRenderHdrSdrRatio=1.0 caller= com.android.systemui.shared.launcher.ViewRootImplCompat.mergeWithNextTransaction:4 com.honeyspace.transition.utils.SurfaceTransactionApplier.scheduleApply$lambda$1:16 com.honeyspace.transition.utils.SurfaceTransactionApplier.b:0 
03-31 13:36:16.885 D/NavBarStateManager( 3951): NavBarStates(0) canUseNavBarBackgroundFrame: false
03-31 13:36:16.886 D/SurfaceComposerClient( 2349): setCornerRadius ## a4b6524 com.sec.android.app.launcher/com.sec.android.app.launcher.activities.LauncherActivity#191 cornerRadius=0.000000
03-31 13:36:16.889 I/FontLog (23739): (REDACTED) Received query %s, URI %s
03-31 13:36:16.889 I/FontLog (23739): (REDACTED) Query [%s] resolved to %s
03-31 13:36:16.889 I/WindowManager( 2349): Relayout Window{f241244 u0 Splash Screen com.weejobs.app}: viewVisibility=8 req=904x2316 ty=3 d0
03-31 13:36:16.890 D/SurfaceComposerClient( 2349): setCornerRadius ## a4b6524 com.sec.android.app.launcher/com.sec.android.app.launcher.activities.LauncherActivity#191 cornerRadius=0.000000
03-31 13:36:16.890 D/VRI[app]@5727b0b( 2349): registerCallbacksForSync syncBuffer=false
03-31 13:36:16.890 D/SurfaceComposerClient( 2349): setCornerRadius ## a4b6524 com.sec.android.app.launcher/com.sec.android.app.launcher.activities.LauncherActivity#191 cornerRadius=0.000000
03-31 13:36:16.891 I/WindowManager( 2349): Relayout hash=f241244, pid=3951, syncId=-1: mAttrs={(0,0)(fillxfill) sim={adjust=pan} layoutInDisplayCutoutMode=always ty=APPLICATION_STARTING fmt=TRANSLUCENT wanim=0x1030306
03-31 13:36:16.891 I/WindowManager( 2349):   fl=81030118
03-31 13:36:16.891 I/WindowManager( 2349):   pfl=10000810
03-31 13:36:16.891 I/WindowManager( 2349):   apr=18
03-31 13:36:16.891 I/WindowManager( 2349):   bhv=1
03-31 13:36:16.891 I/WindowManager( 2349):   fitSides=0
03-31 13:36:16.891 I/WindowManager( 2349):   frameRateBoostOnTouch=true
03-31 13:36:16.891 I/WindowManager( 2349):   dvrrWindowFrameRateHint=true naviIconColor=0}
03-31 13:36:16.892 E/SurfaceFlinger( 1676): Out of order buffers detected for RequestedLayerState{com.sec.android.app.launcher/com.sec.android.app.launcher.activities.LauncherActivity$_4276#27302 parentId=191} producedId=721 frameNumber=992 -> producedId=721 frameNumber=12
03-31 13:36:16.892 I/SurfaceFlinger( 1676): RequestedLayer [Surface(name=c42dbff InputMethod)/@0[...]tion-leash of insets_animation#27705] hidden!! flag  from(1) --> to(0)
03-31 13:36:16.892 E/SurfaceFlinger( 1676): alpha changed 1.000 -> 0.000 - Surface(name=c42dbff InputMethod)/@0x8fdb815 - animation-leash of insets_animation#27705
03-31 13:36:16.892 I/SurfaceFlinger( 1676): RequestedLayer [Splash Screen com.weejobs.app$_3951#27677] hidden!! flag  from(0) --> to(1)
03-31 13:36:16.892 I/SurfaceFlinger( 1676): [LayerHierarchy{RequestedLayerState{ImeContainer#16 parentId=190 relativeParentId=191 z=1} 1 children}] reparent to LayerHierarchy{RequestedLayerState{ActivityRecord{102437058 u0 com.sec.android.app.launcher/.activities.LauncherActivity t1407}#190 parentId=189} 3 children}
03-31 13:36:16.892 I/SurfaceFlinger( 1676): [LayerHierarchy{RequestedLayerState{ImeContainer#16 parentId=190 relativeParentId=191 z=1} 1 children}] RelativeParent to LayerHierarchy{RequestedLayerState{a4b6524 com.sec.android.app.launcher/com.sec.android.app.launcher.activities.LauncherActivity#191 parentId=190} 2 children}
03-31 13:36:16.892 I/SurfaceFlinger( 1676): [LayerHierarchy{RequestedLayerState{c42dbff InputMethod#6691 parentId=27705} no children}] reparent to LayerHierarchy{RequestedLayerState{Surface(name=c42dbff InputMethod)/@0x8fdb815 - animation-leash of insets_animation#27705 parentId=6689} 1 children}
03-31 13:36:16.892 I/SurfaceFlinger( 1676): [LayerHierarchy{RequestedLayerState{f241244 Splash Screen com.weejobs.app#27676 parentId=27675 z=2147483647} 1 children}] reparent to LayerHierarchy{RequestedLayerState{ActivityRecord{56147790 u0 com.weejobs.app/.MainActivity t1629}#27675 parentId=27674} 4 children}
03-31 13:36:16.892 I/SurfaceFlinger( 1676): [LayerHierarchy{RequestedLayerState{Surface(name=c42dbff InputMethod)/@0x8fdb815 - animation-leash of insets_animation#27689} no children}] reparent to OffscreenRoot
03-31 13:36:16.892 I/SurfaceFlinger( 1676): [LayerHierarchy{RequestedLayerState{Surface(name=c42dbff InputMethod)/@0x8fdb815 - animation-leash of insets_animation#27689} no children}] RelativeParent to null
03-31 13:36:16.892 I/SurfaceFlinger( 1676): [LayerHierarchy{RequestedLayerState{Surface(name=f241244 Splash Screen com.weejobs.app)/@0x5a97266 - animation-leash of starting_reveal#27688} no children}] reparent to OffscreenRoot
03-31 13:36:16.892 I/SurfaceFlinger( 1676): [LayerHierarchy{RequestedLayerState{Surface(name=f241244 Splash Screen com.weejobs.app)/@0x5a97266 - animation-leash of starting_reveal#27688} no children}] RelativeParent to null
