03-31 13:23:53.082 11664 12096 I Routine@Core[4.9.04.16]: RoutineDataMigrator: isAvailableToMigrate() newPackageName:com.samsung.android.app.routines, newTag:dex_mode_on_v3, isAvailableToMigrate:true
03-31 13:23:53.082 11664 12096 I Routine@Core[4.9.04.16]: RoutineDataMigrator: isAvailableToMigrate() newPackageName:com.samsung.android.app.routines, newTag:fold_state_v3, isAvailableToMigrate:true
03-31 13:23:53.082 11664 12096 I Routine@Core[4.9.04.16]: RoutineDataMigrator: isAvailableToMigrate() newPackageName:com.samsung.android.app.routines, newTag:ringer_mode_v3, isAvailableToMigrate:true
03-31 13:23:53.082 11664 12096 I Routine@Core[4.9.04.16]: RoutineDataMigrator: isAvailableToMigrate() newPackageName:com.samsung.android.app.routines, newTag:night_mode_v3, isAvailableToMigrate:true
03-31 13:23:53.082 11664 12096 I Routine@Core[4.9.04.16]: RoutineDataMigrator: isAvailableToMigrate() newPackageName:com.samsung.android.app.routines, newTag:wifi_on_sdk3, isAvailableToMigrate:true
03-31 13:23:53.082 11664 12096 I Routine@Core[4.9.04.16]: RoutineDataMigrator: isAvailableToMigrate() newPackageName:com.samsung.android.app.routines, newTag:show_action_list, isAvailableToMigrate:true
03-31 13:23:53.082 11664 12096 I Routine@Core[4.9.04.16]: RoutineDataMigrator: deprecateOldTag() should not deprecate oldTag(show_action_list
03-31 13:23:53.082 11664 12096 I Routine@Core[4.9.04.16]: RoutineDataMigrator: migration - end, results = []
03-31 13:23:53.082 11664 19550 I Routine@Core[4.9.04.16]: WatchMetaUpdateRequester: asyncRequestUpdateMetaToWatch
03-31 13:23:53.083 11664 19550 I Routine@Core[4.9.04.16]: GooglePlayServiceChecker: isPackageEnabled: com.google.android.gms - result(true)
03-31 13:23:53.084 11664 12096 I Routine@Core[4.9.04.16]: MetadataLoadManager: refreshRegisterPackageChangeIntentFilter
03-31 13:23:53.084 11664 12096 I Routine@Core[4.9.04.16]: MetadataPackageUtil: getMetaLoadedPackageMonitoringList - packages size : 51, targetPackages : [com.samsung.android.app.aodservice, com.samsung.android.spay, com.android.systemui, com.samsung.android.honeyboard, com.samsung.android.app.dressroom, com.samsung.android.lool, com.sec.android.app.launcher, com.samsung.android.waterplugin, com.samsung.android.smartmirroring, com.samsung.android.fast, com.samsung.android.app.reminder, com.samsung.android.mdecservice, com.samsung.android.app.routines, com.samsung.android.game.gametools, com.samsung.android.calendar, com.sec.android.app.soundalive, com.samsung.android.mdx, com.samsung.android.app.smartcapture, com.samsung.android.inputshare, com.sec.android.app.clockpackage, com.sec.android.gallery3d, com.samsung.accessibility, com.samsung.android.service.aircommand, com.android.settings, com.samsung.android.app.notes, com.samsung.android.app.telephonyui, com.samsung.accessory.zenithmgr, com.samsung.android.app.sharelive, com.samsung.android.game.gos, com.samsung.android.app.routineplus, com.samsung.android.app.clockpack, com.samsung.android.app.cocktailbarservice, com.samsung.android.app.galaxyregistry, com.samsung.android.app.smartwidget, com.samsung.android.routinesdkv3, com.samsung.android.secondscreen, com.samsung.android.sidegesturepad, com.samsung.android.sm_cn, com.samsung.android.soundassistant, com.sec.android.desktopmode.uiservice, com.samsung.android.heartplugin, com.samsung.wearable.watch6plugin, com.samsung.wearable.watch7plugin, com.samsung.wearable.watchuniteplugin, com.samsung.accessory.popcornmgr, com.samsung.accessory.berrymgr, com.samsung.accessory.jellymgr, com.samsung.accessory.neobeanmgr, com.samsung.accessory.atticmgr, com.samsung.accessory.paranmgr, com.samsung.accessory.pearlmgr]
03-31 13:23:53.084 11664 12096 I Routine@Core[4.9.04.16]: BroadcastRegister: refreshRegisterPackageChangeIntentFilter - packages size: 51
03-31 13:23:53.084 11664 12096 I Routine@Core[4.9.04.16]: BroadcastRegister: unregisterPackageChangeIntentFilter
03-31 13:23:53.084 11664 12096 I SEP_UNION_SemUnionManager: getUnionService(semeventdelegator) 
03-31 13:23:53.084 11664 12096 I SEP_UNION_SemUnionManager: getUnionService(semeventdelegator) 
03-31 13:23:53.084 11664 12096 I Routine@Core[4.9.04.16]: BroadcastRegister: registerPackageAddedIntentFilterInternal
03-31 13:23:53.084  2349  2915 D SEP_UNION_SemDeviceInfoManagerService: Unregister intent = android.intent.action.PACKAGE_ADDED, , package = com.samsung.android.app.routines, userId = 0 
03-31 13:23:53.084 11664 12096 I SEP_UNION_SemUnionManager: getUnionService(semeventdelegator) 
03-31 13:23:53.084 11664 12096 I Routine@Core[4.9.04.16]: BroadcastRegister: registerPackageMonitoringIntentFilterInternal
03-31 13:23:53.084 11664 12096 I SEP_UNION_SemUnionManager: getUnionService(semeventdelegator) 
03-31 13:23:53.085 11664 12096 I Routine@Core[4.9.04.16]: Pref: removeSharedPrefsData() key=meta_loading_target_package_name
03-31 13:23:53.085  2349  2915 D SEP_UNION_SemDeviceInfoManagerService: Unregister intent = android.intent.action.PACKAGE_REPLACED, android.intent.action.PACKAGE_CHANGED, android.intent.action.PACKAGE_REMOVED, android.intent.action.PACKAGE_FULLY_REMOVED, android.intent.action.MY_PACKAGE_REPLACED, , package = com.samsung.android.app.routines, userId = 0 
03-31 13:23:53.085  2349  2915 D SEP_UNION_SemDeviceInfoManagerService: Register intent = android.intent.action.PACKAGE_ADDED,  package = com.samsung.android.app.routines, userId = 0, flag = 0, conditions = null 
03-31 13:23:53.085  2349  2915 D SEP_UNION_SemDeviceInfoManagerService: PendingIntentWithConditions added f=0 
03-31 13:23:53.086  2349  9417 D SEP_UNION_SemDeviceInfoManagerService: Register intent = android.intent.action.PACKAGE_REPLACED, android.intent.action.PACKAGE_CHANGED, android.intent.action.PACKAGE_REMOVED, android.intent.action.PACKAGE_FULLY_REMOVED, android.intent.action.MY_PACKAGE_REPLACED,  package = com.samsung.android.app.routines, userId = 0, flag = 1, conditions = [com.samsung.android.app.aodservice, com.samsung.android.spay, com.android.systemui, com.samsung.android.honeyboard, com.samsung.android.app.dressroom, com.samsung.android.lool, com.sec.android.app.launcher, com.samsung.android.waterplugin, com.samsung.android.smartmirroring, com.samsung.android.fast, com.samsung.android.app.reminder, com.samsung.android.mdecservice, com.samsung.android.app.routines, com.samsung.android.game.gametools, com.samsung.android.calendar, com.sec.android.app.soundalive, com.samsung.android.mdx, com.samsung.android.app.smartcapture, com.samsung.android.inputshare, com.sec.android.app.clockpackage, com.sec.android.gallery3d, com.samsung.accessibility, com.samsung.android.service.aircommand, com.android.settings, com.samsung.android.app.notes, com.samsung.android.app.telephonyui, com.samsung.accessory.zenithmgr, com.samsung.android.app.sharelive, com.samsung.android.game.gos, com.samsung.android.app.routineplus, com.samsung.android.app.clockpack, com.samsung.android.app.cocktailbarservice, com.samsung.android.app.galaxyregistry, com.samsung.android.app.smartwidget, com.samsung.android.routinesdkv3, com.samsung.android.secondscreen, com.samsung.android.sidegesturepad, com.samsung.android.sm_cn, com.samsung.android.soundassistant, com.sec.android.desktopmode.uiservice, com.samsung.android.heartplugin, com.samsung.wearable.watch6plugin, com.samsung.wearable.watch7plugin, com.samsung.wearable.watchuniteplugin, com.samsung.accessory.popcornmgr, com.samsung.accessory.berrymgr, com.samsung.accessory.jellymgr, com.samsung.accessory.neobeanmgr, com.samsung.accessory.atticmgr, com.samsung.accessory.paranmgr, com.samsung.accessory.pearlmgr] 
03-31 13:23:53.086  2349  9417 D SEP_UNION_SemDeviceInfoManagerService: PendingIntentWithConditions added f=1 
03-31 13:23:53.086  2349  9417 D SEP_UNION_SemDeviceInfoManagerService: PendingIntentWithConditions added f=1 
03-31 13:23:53.086  2349  9417 D SEP_UNION_SemDeviceInfoManagerService: Adding new UnionBroadcastReceiver for the action: android.intent.action.PACKAGE_CHANGED in User 0 
03-31 13:23:53.086  2349  9417 D SEP_UNION_SemDeviceInfoManagerService: PendingIntentWithConditions added f=1 
03-31 13:23:53.086  2349  9417 D SEP_UNION_SemDeviceInfoManagerService: PendingIntentWithConditions added f=1 
03-31 13:23:53.086  2349  9417 D SEP_UNION_SemDeviceInfoManagerService: PendingIntentWithConditions added f=1 
03-31 13:23:53.086  2349  9417 D SEP_UNION_SemDeviceInfoManagerService: Adding new UnionBroadcastReceiver for the action: android.intent.action.MY_PACKAGE_REPLACED in User 0 
03-31 13:23:53.086 11664 16535 I Routine@Core[4.9.04.16]: ModeOrderObserver: ModeOrderObserver:onChange: uri content://com.samsung.android.app.routines.routineprovider/preference
03-31 13:23:53.087 11664 11718 I Routine@Core[4.9.04.16]: MetadataSyncHistory: isMetaDataSyncedWithVersion: latest=dcfeca94e59922de043a92f2a637291a878ecefe, currentVersion=dcfeca94e59922de043a92f2a637291a878ecefe
03-31 13:23:53.087 11664 12096 I Routine@Core[4.9.04.16]: MetadataLoadManager: enableAllConditions
03-31 13:23:53.087 11664 12096 I Routine@Core[4.9.04.16]: ProcessUtils: setProcessImportant: needForeground=true, reason=ENGINE_COORDINATOR
03-31 13:23:53.089 11664 12096 I Routine@Core[4.9.04.16]: COORD/CoordinatorRequestHandler: onCallReceive: method=enable_all_conditions
03-31 13:23:53.089 11664 12096 I Routine@Core[4.9.04.16]: ProcessUtils: setProcessImportant: needForeground=false, reason=ENGINE_COORDINATOR
03-31 13:23:53.089 11664 12322 I Routine@Core[4.9.04.16]: COORD/CoordinatorRequestHandler: messageHandler.handleMessage: message=ENABLE_ALL_CONDITIONS
03-31 13:23:53.089 11664 19544 I Routine@Core[4.9.04.16]: COORD/ConditionStateHandlerImpl: enableAllConditions
03-31 13:23:53.090 11664 11664 I Routine@Core[4.9.04.16]: MetadataLoaderJobService: metadataLoadingCompleted: collectPackageInBG - com.weejobs.app
03-31 13:23:53.090 11664 11664 I Routine@Core[4.9.04.16]: MetadataSyncHistory: isMetaDataSyncedWithVersion: latest=dcfeca94e59922de043a92f2a637291a878ecefe, currentVersion=dcfeca94e59922de043a92f2a637291a878ecefe
03-31 13:23:53.093 11664 11664 I Routine@Core[4.9.04.16]: RoutineService: onCreate
03-31 13:23:53.093 11664 11664 I Routine@Core[4.9.04.16]: RoutineService: onStartCommand: com.samsung.android.app.routine.ACTION_METADATA_LOADING_COMPLETE
03-31 13:23:53.093 11664 11664 I Routine@Core[4.9.04.16]: RoutineService: onMetadataLoadingCompleted
03-31 13:23:53.093 11664 16535 I Routine@Core[4.9.04.16]: ModesOrderManager: getOrderOrDefault: uuid(100)
03-31 13:23:53.094 11664 31411 I Routine@Core[4.9.04.16]: InstanceCleaner: clean() - begin
03-31 13:23:53.095 11664 16535 I Routine@Core[4.9.04.16]: ModesOrderManager: getOrder: uuid(100) -> order(999)
03-31 13:23:53.095 11664 16535 I Routine@Core[4.9.04.16]: ModeListHolder: update: size(1) updated(2026/03/31 13:23:53) [ModeMeta(id=4, uuid=100, iconResourceId=2131231140, iconStatusResourceId=2131231637, displayName=Sleep, isRunning=false, runningReason=, runningReasonCondition=, isSet=true, isDeleted=false, detailRunningReason=null, order=999, toggleTime=1767215756084)]
03-31 13:23:53.095 11664 11664 I Routine@Core[4.9.04.16]: Pref: putSharedPrefsData: key=routine_meta_data_loading_statue, data.size=8
03-31 13:23:53.096 11664 19550 I Routine@Core[4.9.04.16]: GooglePlayServiceChecker: isPackageEnabled: com.google.android.gms - result(true)
03-31 13:23:53.097 11664 16535 I Routine@Core[4.9.04.16]: MetadataSyncHistory: isMetaDataSyncedWithVersion: latest=dcfeca94e59922de043a92f2a637291a878ecefe, currentVersion=dcfeca94e59922de043a92f2a637291a878ecefe
03-31 13:23:53.097 11664 19544 I Routine@Core[4.9.04.16]: COORD/ConditionStateHandlerImpl: enableRoutineConditions: routineId=4(uuid=000100, name=Sleep)[READY]
03-31 13:23:53.097 11664 19544 I Routine@Core[4.9.04.16]: COORD/ConditionStateHandlerImpl: enableCondition: conditionId=manual_execute(id=7, uuid=877285, routineId=4)
03-31 13:23:53.097 11664 19544 I Routine@Core[4.9.04.16]: TASKD/ConditionTaskAdapterFactoryImpl: getAdapter - metaId=manual_execute(id=37)
03-31 13:23:53.097 11664 19544 I Routine@Core[4.9.04.16]: ManualExecutionConditionHandler: onEnabled: tag=manual_execute, instanceId=8772852814296926469
03-31 13:23:53.097 11664 19544 I Routine@Core[4.9.04.16]: COORD/ConditionStateHandlerCallbackImpl: unregisterConditionObserver: conditionId=manual_execute(id=7, uuid=877285, routineId=4), targetUri=content://com.samsung.android.app.routines.provider.routines.v3/manual_execute
03-31 13:23:53.097 11664 19544 I SEP_UNION_SemUnionManager: getUnionService(semeventdelegator) 
03-31 13:23:53.097 11664 19544 I Routine@Core[4.9.04.16]: COORD/ConditionStateHandlerCallbackImpl: registerConditionObserver: conditionId=manual_execute(id=7, uuid=877285, routineId=4), targetUri=content://com.samsung.android.app.routines.provider.routines.v3/manual_execute
03-31 13:23:53.097 11664 19544 I SEP_UNION_SemUnionManager: getUnionService(semeventdelegator) 
03-31 13:23:53.098  2349  2434 D SEP_UNION_SemDeviceInfoManagerService: Unregister uri = content://com.samsung.android.app.routines.provider.routines.v3/manual_execute, package = com.samsung.android.app.routines, userId = 0 
03-31 13:23:53.098  2349  2434 D SEP_UNION_SemDeviceInfoManagerService: Register uri = content://com.samsung.android.app.routines.provider.routines.v3/manual_execute, package = com.samsung.android.app.routines, userId = 0 
03-31 13:23:53.098  2349  2434 D SEP_UNION_SemDeviceInfoManagerService: PendingIntentWithConditions added f=0 
03-31 13:23:53.098  2349  2434 D SEP_UNION_SemDeviceInfoManagerService: Creating new UnionContentObserver for the uri:content://com.samsung.android.app.routines.provider.routines.v3/manual_execute 
03-31 13:23:53.098 11664 11664 I Routine@Core[4.9.04.16]: DatabaseJobIntentService: Stop no more task
03-31 13:23:53.099 11664 11664 I Routine@Core[4.9.04.16]: MetadataLoaderJobService: onDestroy
03-31 13:23:53.100 11664 11664 I Routine@Core[4.9.04.16]: MetadataSyncHistory: isMetaDataSyncedWithVersion: latest=dcfeca94e59922de043a92f2a637291a878ecefe, currentVersion=dcfeca94e59922de043a92f2a637291a878ecefe
03-31 13:23:53.100 11664 11664 I Routine@Core[4.9.04.16]: RoutineEngineService: onCreate
03-31 13:23:53.100 11664 11664 I Routine@Core[4.9.04.16]: RoutineEngineService: onSpecificConditionStateChanged: instancedId=8772852814296926469
03-31 13:23:53.100 11664 31413 I Routine@Core[4.9.04.16]: ProcessUtils: setProcessImportant: needForeground=true, reason=ENGINE_COORDINATOR
03-31 13:23:53.101 11664 19550 I Routine@Core[4.9.04.16]: WearNodeManagerImpl: getConnectedNodeIdByCapability foundNode nodeId:c6a699e3
03-31 13:23:53.101 11664 31413 I Routine@Core[4.9.04.16]: COORD/CoordinatorRequestHandler: onCallReceive: method=specific_condition_state_changed
03-31 13:23:53.101 11664 31413 I Routine@Core[4.9.04.16]: COORD/CoordinatorRequestHandler: onCallReceive: wait until notify... method=specific_condition_state_changed
03-31 13:23:53.101 11664 12322 I Routine@Core[4.9.04.16]: COORD/CoordinatorRequestHandler: messageHandler.handleMessage: message=SPECIFIC_CONDITION_STATE_CHANGED
03-31 13:23:53.102 11664 19550 I Routine@Core[4.9.04.16]: COORD/BasicConditionController: evaluateTriggerStatus: conditions.size=1
03-31 13:23:53.102 11664 19550 I Routine@Core[4.9.04.16]: COORD/BasicConditionController: evaluateTriggerStatus: condition=RoutineCondition(meta=ConditionMeta(id=37, tag=manual_execute, packageName=com.samsung.android.app.routines, componentName=null, componentType=v3, labelResourceId=2131887314, subLabelResourceId=-1, enabledLabelResourceId=0, negativeEnabledLabelResourceId=0, _isSupportNegative=0, descriptionResourceId=0, iconResourceId=2131231565, configActivity=null, category=null, defaultParameter=null, defaultParameterLabel=null, uri=null, correctParam=null, parameterSpecSet=null, supportState=1, attributes=display_description, version=1, defaultLabel=Start manually), _instance=ConditionInstance(id=7, uuid=8772852814296926469, routineId=4, parameterRepresentation=Start manually when start button or widget is tapped, param={}, isNegative=0, timestamp=1767215759029, validState=1, extra=, _triggerStatus=0))
03-31 13:23:53.106 11664 19550 I Routine@Core[4.9.04.16]: TASKD/ConditionTaskAdapterFactoryImpl: getAdapter - metaId=manual_execute(id=37)
03-31 13:23:53.106 11664 19550 E Routine@Core[4.9.04.16]: ResultCode.FailCustomCode: fromValidState: failed to parse. validState=0x1
03-31 13:23:53.106 11664 19550 I Routine@Core[4.9.04.16]: TASKD/ConditionTaskAdapterFactoryImpl: getAdapter - metaId=manual_execute(id=37)
03-31 13:23:53.106 11664 19550 I Routine@Core[4.9.04.16]: ManualExecutionConditionHandler: isSatisfied: tag=manual_execute, result=NOT_SATISFIED
03-31 13:23:53.106 11664 19550 I Routine@Core[4.9.04.16]: COORD/BasicConditionController: evaluateTriggerStatus: isSatisfied=false (conditionId=manual_execute(id=7, uuid=877285, routineId=4))
03-31 13:23:53.108 11664 31411 I Routine@Core[4.9.04.16]: InstanceCleaner: clean() - listToDelete is Empty !
03-31 13:23:53.108 11664 31411 I Routine@Core[4.9.04.16]: InstanceCleaner: clean() - end
03-31 13:23:53.109 11664 19550 I Routine@Core[4.9.04.16]: COORD/ConditionProgressCallback: doTriggerOff: routineState=READY (routineId=4(uuid=000100, name=Sleep)[READY]) (conditionId=manual_execute(id=7, uuid=877285, routineId=4))
03-31 13:23:53.111 11664 31411 I Routine@Core[4.9.04.16]: Pref: putSharedPrefsData: key=pref_metaloader_status, data.size=9
03-31 13:23:53.112 11664 31411 I Routine@Core[4.9.04.16]: RoutineService: onMetadataLoadingCompleted.onComplete
03-31 13:23:53.112 11664 19550 I Routine@Core[4.9.04.16]: ModeTriggerHandler: onTriggerOffCondition: routineId=4(uuid=000100, name=Sleep)[READY], triggeredOffConditionId=manual_execute(id=7, uuid=877285, routineId=4)
03-31 13:23:53.112 11664 19550 I Routine@Core[4.9.04.16]: ModeTriggerHandler: resolveModeOffSuggestion: not running. routineId=4(uuid=000100, name=Sleep)[READY]
03-31 13:23:53.113 11664 11664 I Routine@Core[4.9.04.16]: RoutineService: onDestroy
03-31 13:23:53.115 11664 19550 I Routine@Core[4.9.04.16]: COORD/RoutineCommandHandlerImpl: needEndRunning: routineState=READY (routineId=4(uuid=000100, name=Sleep)[READY])
03-31 13:23:53.115 11664 19550 W Routine@Core[4.9.04.16]: COORD/RoutineCommandHandlerImpl: needEndRunning: not handled status. routineState=READY
03-31 13:23:53.115 11664 31413 I Routine@Core[4.9.04.16]: COORD/CoordinatorRequestHandler: onCallReceive: released! method=specific_condition_state_changed
03-31 13:23:53.115 11664 31413 I Routine@Core[4.9.04.16]: ProcessUtils: setProcessImportant: needForeground=false, reason=ENGINE_COORDINATOR
03-31 13:23:53.115  2349  2481 D PackageSettings: ++ writeStateForUserSyncLPr(0)
03-31 13:23:53.116  2349  2481 W PackageSettings: -- writeStateForUserSyncLPr(0)
03-31 13:23:53.116 11664 11921 I Routine@Core[4.9.04.16]: WEAR/WearRoutineHostSenderImpl: requestToUpdateMetas: savedMetasHashCode : 2057228130, nodeId : c6a699e3
03-31 13:23:53.116 11664 11664 I Routine@Core[4.9.04.16]: RoutineEngineService: onSpecificConditionStateChanged.onComplete: instancedUuid=8772852814296926469
03-31 13:23:53.116 11664 11664 I Routine@Core[4.9.04.16]: RoutineEngineService: onStartCommand.onConditionStateChanged: result=true
03-31 13:23:53.117 11664 11664 I Routine@Core[4.9.04.16]: RoutineEngineService: onDestroy
03-31 13:23:53.119 11664 11664 I RoutineTransimissionLib@WearMessageHelper: sendMessage.onSuccess: result=23358
03-31 13:23:53.190  1553 29160 I sensors-hal: handle_sns_client_event:205, auto_rotation_debug_2 mode,255,last,255, type,3,0 main,0.110,3.424,9.342 sub,0.077,3.709,-9.303, ar,0, h_ic,1, s,3, ver,14, pedo,1,e,1,i,3
03-31 13:23:53.252  1540  4540 I vendor.qti.bluetooth@1.0-ibs_handler: ProcessIbsCmd: Received IBS_WAKE_IND: 0xFD
03-31 13:23:53.253  1540  4540 I vendor.qti.bluetooth@1.0-ibs_handler: ProcessIbsCmd: Writing IBS_WAKE_ACK
03-31 13:23:53.257  3826  4311 W bt_btm_pm: system/stack/acl/btm_pm.cc:729 btm_pm_proc_mode_change: Power mode switched from immediate:pending[5] to immediate:active[0]
03-31 13:23:53.266  4702  4839 I RequestManager_FLP: onOpChanged, op=0 / packageName=com.android.vending
03-31 13:23:53.288 26731 26731 I SB_Receiver: action : com.samsung.android.sm.security.service.ACTION_SERVICE_STATUS_CHANGED
03-31 13:23:53.288 26731 26731 W ContextImpl: Calling a method in the system process without a qualified user: android.app.ContextImpl.startService:2068 android.content.ContextWrapper.startService:872 android.content.ContextWrapper.startService:872 com.samsung.android.sm.security.model.trigger.SecurityBridgeReceiver.onReceive:77 android.app.ActivityThread.handleReceiver:5663 
03-31 13:23:53.292 26731 31737 I SecurityBridgeService: action : com.samsung.android.sm.security.ACTION_SECURITY_PROVIDER_CALL
03-31 13:23:53.293 26731 31737 W ContextImpl: Calling a method in the system process without a qualified user: android.app.ContextImpl.startService:2068 android.content.ContextWrapper.startService:872 com.samsung.android.sm.security.model.trigger.SecurityBridgeProvider.call:372 android.content.ContentProvider.call:2770 android.content.ContentProvider$Transport.call:644 
03-31 13:23:53.296 26731 31738 I SB_Processor: action : com.samsung.android.sm.security.service.ACTION_SERVICE_STATUS_CHANGED
03-31 13:23:53.296 26731 31738 I SB_BgScanServiceCompleted : name : app_verification, status  : completed
03-31 13:23:53.359 10487 10487 I Notification4Water_NB: WatchReceiver.onReceive-com.samsung.android.waterplugin.notifications.APPS_UPDATED
03-31 13:23:53.360 10487 31161 I Notification4Water_NB: WatchFactory.onWatchSettingsChanged-{nodeId: c6a699e3, action: com.samsung.android.waterplugin.notifications.APPS_UPDATED}
03-31 13:23:53.367 10487 31161 I Notification4Water_NB: AdvancedPhoneMuteAlertFeature.setWearableAppList-userId : 0 - updated
03-31 13:23:53.368  2349  2915 D NotificationService: NMS : setWearableAppList pkg=com.samsung.android.dialer / userid=0 / uid=10111
03-31 13:23:53.369  2349  2915 D NotificationService: NMS : setWearableAppList pkg=com.google.android.cellbroadcastreceiver / userid=0 / uid=10273
03-31 13:23:53.369  2349  2915 D NotificationService: NMS : setWearableAppList pkg=com.android.vending / userid=0 / uid=10240
03-31 13:23:53.369  2349  2915 D NotificationService: NMS : setWearableAppList pkg=com.google.android.apps.maps / userid=0 / uid=10254
03-31 13:23:53.369  2349  2915 D NotificationService: NMS : setWearableAppList pkg=com.samsung.android.bixby.agent / userid=0 / uid=10056
03-31 13:23:53.369  2349  2915 D NotificationService: NMS : setWearableAppList pkg=com.samsung.android.calendar / userid=0 / uid=10210
03-31 13:23:53.369  2349  2915 D NotificationService: NMS : setWearableAppList pkg=com.google.android.calendar / userid=0 / uid=10245
03-31 13:23:53.369 10487 31161 I Notification4Water_NB: AdvancedPhoneMuteAlertFeature.setWearableAppList-userId : 151 - updated
03-31 13:23:53.370  2349  2915 D NotificationService: NMS : setWearableAppList pkg=com.android.vending / userid=151 / uid=15110240
03-31 13:23:53.370  2349  2915 D NotificationService: NMS : setWearableAppList pkg=com.samsung.android.calendar / userid=151 / uid=15110210
03-31 13:23:53.370 10487 31161 I Notification4Water_NB: WatchFactory.updateWatch-isWatchMute : true
03-31 13:23:53.402 11664 31736 I Routine@Core[4.9.04.16]: RunningNotificationUpdater: update
03-31 13:23:53.411  2349  3068 D RingtoneManager: getActualDefaultRingtoneUri  type    :2
03-31 13:23:53.411  2349  3068 I RingtoneManager: Ringtone value : content://media/internal/audio/media/58?title=Coin&canonical=1
03-31 13:23:53.411  2349  3068 W Utils   : The vibration Uri is null.
03-31 13:23:53.412  2349  3068 D RingtoneManager: getActualDefaultRingtoneUri  type    :2
03-31 13:23:53.412  2349  3068 I RingtoneManager: Ringtone value : content://media/internal/audio/media/58?title=Coin&canonical=1
03-31 13:23:53.412  2349  3068 W Utils   : The vibration Uri is null.
03-31 13:23:53.415  2349  3068 D RingtoneManager: getActualDefaultRingtoneUri  type    :2
03-31 13:23:53.415  2349  3068 I RingtoneManager: Ringtone value : content://media/internal/audio/media/58?title=Coin&canonical=1
03-31 13:23:53.415  2349  3068 W Utils   : The vibration Uri is null.
03-31 13:23:53.416  2349  3068 D RingtoneManager: getActualDefaultRingtoneUri  type    :2
03-31 13:23:53.416  2349  3068 I RingtoneManager: Ringtone value : content://media/internal/audio/media/58?title=Coin&canonical=1
03-31 13:23:53.416  2349  3068 W Utils   : The vibration Uri is null.
03-31 13:23:53.416  2349  3068 D RingtoneManager: getActualDefaultRingtoneUri  type    :2
03-31 13:23:53.416  2349  3068 I RingtoneManager: Ringtone value : content://media/internal/audio/media/58?title=Coin&canonical=1
03-31 13:23:53.416  2349  3068 W Utils   : The vibration Uri is null.
03-31 13:23:53.417  2349  3068 D RingtoneManager: getActualDefaultRingtoneUri  type    :2
03-31 13:23:53.417  2349  3068 I RingtoneManager: Ringtone value : content://media/internal/audio/media/58?title=Coin&canonical=1
03-31 13:23:53.417  2349  3068 W Utils   : The vibration Uri is null.
03-31 13:23:53.420 11664 31736 I Routine@Core[4.9.04.16]: RunningNotificationUpdater: updateNotificationImpl: no running routines, then noti cancel
03-31 13:23:53.420 11664 31736 I Routine@Core[4.9.04.16]: NotificationUpdateService: Stop no more task
03-31 13:23:53.428  1665  1688 E HeatmapThread: ECT Thread time in milliseconds: 1774988633
03-31 13:23:53.429  1665  1688 D HeatmapThread: !@ batteryplugType : 0
03-31 13:23:53.429  1665  1688 D HeatmapThread: !@ batteryLevel : 0  batteryTemperature : 0 
03-31 13:23:53.429  1665  1688 D HeatmapThread: !@ Heatmap currtime: 29583143
03-31 13:23:53.429  1665  1688 D HeatmapThread: !@ Heatmap prevtime: 29583123
03-31 13:23:53.429  1665  1688 D HeatmapThread: !@ Heatmap plugstarttime: 35791394
03-31 13:23:53.429  1665  1688 D HeatmapThread: !@ Heatmap prevv_dsoh_update_time: 29571275
03-31 13:23:53.429  1665  1688 E HeatmapThread: !@Could not open '/efs/FactoryApp/bsoh', errno = 13
03-31 13:23:53.429  1665  1688 E HeatmapThread: !@ CAM Could not access BSOH EFS
03-31 13:23:53.429  1665  1688 E HeatmapThread: !@ CAM New BSOH: 0
03-31 13:23:53.471 24953 25490 I CategoryBloomFilter: BloomFilterSize:- 2778349
03-31 13:23:53.542 24953 25490 I AppClassifier: Category not present in BloomFilter, Checking in Manifest:- com.weejobs.app
03-31 13:23:53.543 24953 25490 I AppClassifier: Category not found in BF and Manifest for pkg :- com.weejobs.app
03-31 13:23:53.543 24953 25490 I AppCategoryExecutor: convertToParcel() executed
03-31 13:23:53.543 24953 25490 I AppCategoryExecutor: AppCategoryDetail is : AppCategoryDetail{mPackageName='com.weejobs.app', mCategoryString='', mCategoryId=-1}
03-31 13:23:53.543 24953 25490 I AppCategoryExecutor: Response is : [AppCategoryDetail{mPackageName='com.weejobs.app', mCategoryString='', mCategoryId=-1}]
03-31 13:23:53.547 23172 27140 I AiPrivacy::AiAppEventWorker: result : Success {mOutputData=Data {}}, ADDED
03-31 13:23:53.550  2349  9417 I ActivityManager: Changes in 10106 8 to 10, 128 to 0
03-31 13:23:53.551  3826  4561 I ScanController: onScanResult to scannerId: 5- eventType=0x10, addressType=0, address=XX:XX:XX:XX:5A:C5, primaryPhy=1, secondaryPhy=0, advertisingSid=0xff, txPower=127, rssi=-88, periodicAdvInt=0x0
03-31 13:23:53.552 24953 24953 I SCS@AiSearch user 0: (SearchProvider) onTrimMemory(): 40
03-31 13:23:53.552 27012 27120 I WM-WorkerWrapper: Worker result SUCCESS for Work [ id=a70c6945-426b-4127-b729-30070507c59e, tags={ com.samsung.android.kmxservice.ai.event.AiAppEventWorker } ]
03-31 13:23:53.554 16400 17189 I [-0700]oneconnect[1.8.41.23_01][CORE]: DataConvert.parseBleVd - deviceBle : |name:|deviceType:TV|discoverType:_BLE|services:None|connected:false[TvStatusString]POWER_OFF[TvStatus]-128[TvService]96[TvMirrorChannel]1[TvRegisteredDB][44, 0, 0, 0, 0, 0][TvYear]2016[TvOcfInfo]0[TvAcmStatus]0[ExTvStatus]0[ExtendedStatus]-1[ModuloSn]-1
03-31 13:23:53.555 10998 27111 I Notification4Water_AM: BroadcastUtils.sendBroadcast-nodeId: c6a699e3, action: PHONE_APP_INSTALLED
03-31 13:23:53.556  2349  9417 I ActivityManager: Changes in 10371 8 to 10, 128 to 0
03-31 13:23:53.567  3287  3426 D PhoneInterfaceManager: setDataEnabledForReason() Reason=1 Pid=2349 App=system
03-31 13:23:53.571  3287  3434 D PhoneInterfaceManager: setDataEnabledForReason() Reason=1 Pid=2349 App=system
03-31 13:23:53.639  1146  1146 D io_stats: !@   8,0 r 74016544 1488966588 w 31209778 397736372 d 8361333 660980716 f 0 3022877 iot 31290644 0 th 0 0 0 pt 0 inp 0 0 477936.045
03-31 13:23:53.640  1146  1146 D io_stats: !@ Read_top(KB): loop49(4822) 6400 system_server(2349) 560 m.android.phone(3287) 248
03-31 13:23:53.640  1146  1146 D io_stats: !@ Write_top(KB): kworker/u16:0(30756) 29804 dex2oat(31644) 26768 system_server(2349) 17736
03-31 13:23:53.649  3826  4561 I ScanController: onScanResult to scannerId: 7- eventType=0x1b, addressType=1, address=XX:XX:XX:XX:F8:1A, primaryPhy=1, secondaryPhy=0, advertisingSid=0xff, txPower=127, rssi=-56, periodicAdvInt=0x0
03-31 13:23:53.651  2349  2434 D ActivityManager: Received BROADCAST intent 0xdba6708 Key{broadcastIntent pkg=com.thetileapp.tile intent=xflg=0x4 cmp=com.thetileapp.tile/com.tile.android.ble.scan.scanner.BluetoothScanReceiver flags=0x2000000 u=0} requestCode=0 sent=0 from uid 1002
03-31 13:23:53.658  2349  2482 I ActivityManager: Changes in 10443 19 to 11, 0 to 128
03-31 13:23:53.659  2349  2482 I ActivityManager: Changes in 10240 19 to 11, 0 to 128
03-31 13:23:53.663  2349  2475 D KNOX_MDM_SettingsProvider: isChangeAllowed() : name = enabled_notification_listeners
03-31 13:23:53.663  4702  4839 I RequestManager_FLP: onOpChanged, op=0 / packageName=com.android.vending
03-31 13:23:53.663  2349  2475 D KNOX_MDM_SettingsProvider: isChangeAllowed() : name = enabled_notification_listeners
03-31 13:23:53.687  1540  4540 I vendor.qti.bluetooth@1.0-ibs_handler: ProcessIbsCmd: Received IBS_SLEEP_IND: 0xFE
03-31 13:23:53.690  1540  4540 I vendor.qti.bluetooth@1.0-ibs_handler: ProcessIbsCmd: Received IBS_WAKE_IND: 0xFD
03-31 13:23:53.690  1540  4540 I vendor.qti.bluetooth@1.0-ibs_handler: ProcessIbsCmd: Writing IBS_WAKE_ACK
03-31 13:23:53.705  3826  4561 I ScanController: onScanResult to scannerId: 9- eventType=0x1b, addressType=1, address=XX:XX:XX:XX:F5:D2, primaryPhy=1, secondaryPhy=0, advertisingSid=0xff, txPower=127, rssi=-94, periodicAdvInt=0x0
03-31 13:23:53.709 23739 24495 I NearbyDiscovery: (REDACTED) BloomFilterAdvManager: Detected bloom filter but too far away, ignoring. %sm, %s
03-31 13:23:53.711  3826  4561 I ScanController: onScanResult to scannerId: 5- eventType=0x10, addressType=0, address=XX:XX:XX:XX:5A:C5, primaryPhy=1, secondaryPhy=0, advertisingSid=0xff, txPower=127, rssi=-88, periodicAdvInt=0x0
03-31 13:23:53.714 16400 17189 I [-0700]oneconnect[1.8.41.23_01][CORE]: DataConvert.parseBleVd - deviceBle : |name:|deviceType:TV|discoverType:_BLE|services:None|connected:false[TvStatusString]POWER_OFF[TvStatus]-128[TvService]96[TvMirrorChannel]1[TvRegisteredDB][44, 0, 0, 0, 0, 0][TvYear]2016[TvOcfInfo]0[TvAcmStatus]0[ExTvStatus]0[ExtendedStatus]-1[ModuloSn]-1
03-31 13:23:53.750  1540  4540 I vendor.qti.bluetooth@1.0-ibs_handler: ProcessIbsCmd: Received IBS_SLEEP_IND: 0xFE
03-31 13:23:53.752  1540  4540 I vendor.qti.bluetooth@1.0-ibs_handler: ProcessIbsCmd: Received IBS_WAKE_IND: 0xFD
03-31 13:23:53.752  1540  4540 I vendor.qti.bluetooth@1.0-ibs_handler: ProcessIbsCmd: Writing IBS_WAKE_ACK
03-31 13:23:53.779 23739 23802 I CloudNode: Should smear, but an alarm is already scheduled. Doing nothing.
03-31 13:23:53.782  2349  3140 D BackgroundInstallControlService: Package event received: 0
03-31 13:23:53.793  1540  4540 I vendor.qti.bluetooth@1.0-ibs_handler: ProcessIbsCmd: Received IBS_SLEEP_IND: 0xFE
03-31 13:23:53.798 11664 31741 I Routine@Core[4.9.04.16]: WEAR/WearListenerService: onDataChanged
03-31 13:23:53.798 11664 31741 I Routine@Core[4.9.04.16]: GooglePlayServiceChecker: isPackageEnabled: com.google.android.gms - result(true)
03-31 13:23:53.798 11664 31741 I Routine@Core[4.9.04.16]: GooglePlayServiceChecker: isPackageEnabled: com.google.android.gms - result(true)
03-31 13:23:53.798 11664 31741 I Routine@Core[4.9.04.16]: WEAR/ModeManagerImpl: onDataChanged - Type Changed
03-31 13:23:53.798 11664 31741 I Routine@Core[4.9.04.16]: GooglePlayServiceChecker: isPackageEnabled: com.google.android.gms - result(true)
03-31 13:23:53.799 11664 31741 W Routine@Core[4.9.04.16]: WEAR/ModeManagerImpl: handleDataChanged: Unknown data path - /routine/condition-metas
03-31 13:23:53.800 11664 31741 I Routine@Core[4.9.04.16]: WEAR/WearRoutineHostListenerImpl: onDataChanged: hostId = bf2ffda2
03-31 13:23:53.800 11664 31741 I Routine@Core[4.9.04.16]: WEAR/WearRoutineHostListenerImpl: onDataChanged: wear://c6a699e3/routine/condition-metas
03-31 13:23:53.800 11664 19550 I Routine@Core[4.9.04.16]: WearRoutineDataRepository: setLastConnectedNodeIdSupportsWatchAction: nodeId(c6a699e3)
03-31 13:23:53.800 11664 31741 I Routine@Core[4.9.04.16]: WEAR/WearRoutineHostListenerImpl: onDataChanged: conditionMetas(0)
03-31 13:23:53.801 11664 11921 I Routine@Core[4.9.04.16]: WearNodeManagerImpl: updateCurrentNodeWithConnectedNode nodeId : c6a699e3
03-31 13:23:53.801 11664 12106 I Routine@Core[4.9.04.16]: WEAR/WearMetaDataGeneratorImpl: createConditionMetaData
03-31 13:23:53.806 11664 12106 I Routine@Core[4.9.04.16]: WearRoutineMetaRepositoryImpl: updateConditionMetas convertedConditionMetas size = 0
03-31 13:23:53.811 11664 12106 I Routine@Core[4.9.04.16]: WEAR/WearRoutineHostListenerImpl: sendRequestRoutineItemIcons - Not sendMessage because the request List is empty
03-31 13:23:53.811  1540  4540 I vendor.qti.bluetooth@1.0-ibs_handler: ProcessIbsCmd: Received IBS_WAKE_IND: 0xFD
03-31 13:23:53.811  1540  4540 I vendor.qti.bluetooth@1.0-ibs_handler: ProcessIbsCmd: Writing IBS_WAKE_ACK
03-31 13:23:53.843 23739 23802 I CloudNode: Should smear, but an alarm is already scheduled. Doing nothing.
03-31 13:23:53.844  3951  3951 I LockscreenNotificationIconsOnlyController: onNotificationInfoUpdated 0
03-31 13:23:53.844  3951  3951 I AODNotificationManager: updateNotification() 
03-31 13:23:53.845  1676  3514 D DisplayModeController: setDesiredMode 4630946213010294403 {mode={fps=120.00 Hz, modePtr={id=0, vsyncRate=120.00 Hz, peakRefreshRate=120.00 Hz}}, emitEvent=true, force=false}
03-31 13:23:53.851  2349  5690 I ActivityManager: Changes in 10443 11 to 19, 128 to 0
03-31 13:23:53.851  2349  5690 I ActivityManager: Changes in 10240 11 to 19, 128 to 0
03-31 13:23:53.852 15803 15803 I Finsky  : [2] Memory trim requested to level 40
03-31 13:23:53.852 15803 15803 I Finsky  : [2] Flushing in-memory image cache
03-31 13:23:53.852 11664 31741 I Routine@Core[4.9.04.16]: WEAR/WearListenerService: onDataChanged
03-31 13:23:53.852 11664 31741 I Routine@Core[4.9.04.16]: GooglePlayServiceChecker: isPackageEnabled: com.google.android.gms - result(true)
03-31 13:23:53.852 11664 31741 I Routine@Core[4.9.04.16]: GooglePlayServiceChecker: isPackageEnabled: com.google.android.gms - result(true)
03-31 13:23:53.852 11664 31741 I Routine@Core[4.9.04.16]: WEAR/ModeManagerImpl: onDataChanged - Type Changed
03-31 13:23:53.853 11664 31741 I Routine@Core[4.9.04.16]: GooglePlayServiceChecker: isPackageEnabled: com.google.android.gms - result(true)
03-31 13:23:53.854 11664 31741 W Routine@Core[4.9.04.16]: WEAR/ModeManagerImpl: handleDataChanged: Unknown data path - /routine/action-metas
03-31 13:23:53.855 11664 31741 I Routine@Core[4.9.04.16]: WEAR/WearRoutineHostListenerImpl: onDataChanged: hostId = bf2ffda2
03-31 13:23:53.856 11664 31741 I Routine@Core[4.9.04.16]: WEAR/WearRoutineHostListenerImpl: onDataChanged: wear://c6a699e3/routine/action-metas
03-31 13:23:53.856 11664 19550 I Routine@Core[4.9.04.16]: WearRoutineDataRepository: setLastConnectedNodeIdSupportsWatchAction: nodeId(c6a699e3)
03-31 13:23:53.856 11664 31741 I Routine@Core[4.9.04.16]: WEAR/WearRoutineHostListenerImpl: onDataChanged: DATA_PATH_ACTION_METAS)
03-31 13:23:53.856 11664 12106 I Routine@Core[4.9.04.16]: WearNodeManagerImpl: updateCurrentNodeWithConnectedNode nodeId : c6a699e3
03-31 13:23:53.859 11664 31741 I Routine@Core[4.9.04.16]: WEAR/WearRoutineHostListenerImpl: onDataChanged: actionMetas(9)
03-31 13:23:53.860 11664 19550 I Routine@Core[4.9.04.16]: WearRoutineDataRepository: saveTMActionMetas: nodeId(c6a699e3), tag(power_saving), value(TMActionMetaData(tag=power_saving, packageName=com.samsung.android.app.routines, componentType=v3, labelText=Power saving, iconImageHashCode=2131231598, defaultParameter=null, supportState=SUPPORTED, version=0, attributes=, configUiType=STATIC, templateType=TOGGLE, staticConfigContents={"contents":[{"name":"title","value":"Power saving"},{"name":"default_selection","value":"true"},{"name":"on_label","value":"On"},{"name":"off_label","value":"Off"}],"parameters":[]}, transmissionDataVersion=1))
03-31 13:23:53.861 11664 19550 I Routine@Core[4.9.04.16]: WearRoutineDataRepository: saveTMActionMetas: nodeId(c6a699e3), tag(aod), value(TMActionMetaData(tag=aod, packageName=com.samsung.android.app.routines, componentType=v3, labelText=Always On Display, iconImageHashCode=2131231594, defaultParameter=null, supportState=SUPPORTED, version=0, attributes=, configUiType=STATIC, templateType=TOGGLE, staticConfigContents={"contents":[{"name":"title","value":"Always On Display"},{"name":"default_selection","value":"true"},{"name":"on_label","value":"On"},{"name":"off_label","value":"Off"}],"parameters":[]}, transmissionDataVersion=1))
03-31 13:23:53.862 11664 19550 I Routine@Core[4.9.04.16]: WearRoutineDataRepository: saveTMActionMetas: nodeId(c6a699e3), tag(dnd), value(TMActionMetaData(tag=dnd, packageName=com.samsung.android.app.routines, componentType=v3, labelText=Do not disturb, iconImageHashCode=2131231597, defaultParameter=null, supportState=SUPPORTED, version=0, attributes=, configUiType=STATIC, templateType=TOGGLE, staticConfigContents={"contents":[{"name":"title","value":"Do not disturb"},{"name":"default_selection","value":"true"},{"name":"on_label","value":"On"},{"name":"off_label","value":"Off"}],"parameters":[]}, transmissionDataVersion=1))
03-31 13:23:53.862 11664 19550 I Routine@Core[4.9.04.16]: WearRoutineDataRepository: saveTMActionMetas: nodeId(c6a699e3), tag(wake_on_by_bezel), value(TMActionMetaData(tag=wake_on_by_bezel, packageName=com.samsung.android.app.routines, componentType=v3, labelText=Turn bezel to wake, iconImageHashCode=2131231601, defaultParameter=null, supportState=NOT_SUPPORTED, version=0, attributes=, configUiType=STATIC, templateType=TOGGLE, staticConfigContents={"contents":[{"name":"title","value":"Turn bezel to wake"},{"name":"default_selection","value":"true"},{"name":"on_label","value":"On"},{"name":"off_label","value":"Off"}],"parameters":[]}, transmissionDataVersion=1))
03-31 13:23:53.863 11664 19550 I Routine@Core[4.9.04.16]: WearRoutineDataRepository: saveTMActionMetas: nodeId(c6a699e3), tag(wake_on_touch_screen), value(TMActionMetaData(tag=wake_on_touch_screen, packageName=com.samsung.android.app.routines, componentType=v3, labelText=Touch screen to wake, iconImageHashCode=2131231602, defaultParameter=null, supportState=SUPPORTED, version=0, attributes=, configUiType=STATIC, templateType=TOGGLE, staticConfigContents={"contents":[{"name":"title","value":"Touch screen to wake"},{"name":"default_selection","value":"true"},{"name":"on_label","value":"On"},{"name":"off_label","value":"Off"}],"parameters":[]}, transmissionDataVersion=1))
03-31 13:23:53.865 11664 19550 I Routine@Core[4.9.04.16]: WearRoutineDataRepository: saveTMActionMetas: nodeId(c6a699e3), tag(wake_on_wrist_up), value(TMActionMetaData(tag=wake_on_wrist_up, packageName=com.samsung.android.app.routines, componentType=v3, labelText=Raise wrist to wake, iconImageHashCode=2131231599, defaultParameter=null, supportState=SUPPORTED, version=0, attributes=, configUiType=STATIC, templateType=TOGGLE, staticConfigContents={"contents":[{"name":"title","value":"Raise wrist to wake"},{"name":"default_selection","value":"true"},{"name":"on_label","value":"On"},{"name":"off_label","value":"Off"}],"parameters":[]}, transmissionDataVersion=1))
03-31 13:23:53.869 11664 19550 I Routine@Core[4.9.04.16]: WearRoutineDataRepository: saveTMActionMetas: nodeId(c6a699e3), tag(sound_mode), value(TMActionMetaData(tag=sound_mode, packageName=com.samsung.android.app.routines, componentType=v3, labelText=Sound mode, iconImageHashCode=2131231600, defaultParameter=null, supportState=SUPPORTED, version=0, attributes=, configUiType=STATIC, templateType=SOUND_MODE, staticConfigContents={"contents":[{"name":"title","value":"Sound mode"},{"name":"default_selection","value":"vibration"}],"parameters":[]}, transmissionDataVersion=1))
03-31 13:23:53.870  1676  1676 I LayerHistory: com.sec.android.app.launcher/com.sec.android.app.launcher.activities.LauncherActivity$_4276#27302 voted ExplicitCategory with category: HighHint
03-31 13:23:53.870  1676  1676 I SurfaceFlinger: Touch Boost [late] - choose 120.00 Hz
03-31 13:23:53.870 11664 27237 I Routine@Core[4.9.04.16]: WearRoutineDataRepository: saveTMActionMetas: nodeId(c6a699e3), tag(disconnection_alert), value(TMActionMetaData(tag=disconnection_alert, packageName=com.samsung.android.app.routines, componentType=v3, labelText=Disconnection alerts, iconImageHashCode=2131231596, defaultParameter=null, supportState=SUPPORTED, version=0, attributes=, configUiType=STATIC, templateType=RADIO_GROUP, staticConfigContents={"contents":[{"name":"title","value":"Disconnection alerts"},{"name":"default_selection","value":"1"}],"parameters":[{"id":"0","label":"None","type":"radio_item"},{"id":"1","label":"Sound and vibration","type":"radio_item"},{"id":"2","label":"Full screen alert with sound and vibration","type":"radio_item"}]}, transmissionDataVersion=1))
03-31 13:23:53.871  1676  1676 I HWComposer: [4630946213010294403] ActiveConfigToHWC, ID : 0
03-31 13:23:53.871  1676  1676 D SurfaceFlinger: GPIS:: requestGPISForClientComposition
03-31 13:23:53.871  1584  1806 I SDM     : HWCDisplay::SubmitDisplayConfig: [DispConfigs] config 8 => 0, hs_mode 1 => 1
03-31 13:23:53.872  1584  1806 I SDM     : HWDeviceDRM::SetDisplaySwitchMode: [DispConfigs] check hs_mode 1
03-31 13:23:53.872  1584  1806 I SDM     : HWDeviceDRM::SetDisplaySwitchMode: [DispConfigs] Set mode index:0 904x2316x120xcmdHS, hs_mode(1), found_mode(1)
03-31 13:23:53.872  1584  1806 I SDM     : HWDeviceDRM::UpdateMixerAttributes: Mixer WxH 904x2316-1 for Peripheral
03-31 13:23:53.872  1584  1806 I SDM     : HWCDisplay::SubmitDisplayConfig: Active configuration changed from config 8 to 0
03-31 13:23:53.872 11664 27237 I Routine@Core[4.9.04.16]: WearRoutineDataRepository: saveTMActionMetas: nodeId(c6a699e3), tag(brightness), value(TMActionMetaData(tag=brightness, packageName=com.samsung.android.app.routines, componentType=v3, labelText=Brightness, iconImageHashCode=2131231606, defaultParameter=null, supportState=SUPPORTED, version=0, attributes=, configUiType=DYNAMIC, templateType=SLIDER, staticConfigContents=null, transmissionDataVersion=1))
03-31 13:23:53.874 11664 27237 I Routine@Core[4.9.04.16]: WearRoutineDataRepository: updateTemplateContentsJsonStr: nodeId(c6a699e3), tag(power_saving), value({"contents":[{"name":"title","value":"Power saving"},{"name":"default_selection","value":"true"},{"name":"on_label","value":"On"},{"name":"off_label","value":"Off"}],"parameters":[]})
03-31 13:23:53.874 11664 27237 I Routine@Core[4.9.04.16]: WearRoutineDataRepository: updateTemplateContentsJsonStr: nodeId(c6a699e3), tag(aod), value({"contents":[{"name":"title","value":"Always On Display"},{"name":"default_selection","value":"true"},{"name":"on_label","value":"On"},{"name":"off_label","value":"Off"}],"parameters":[]})
03-31 13:23:53.875  1676  4606 D NativeSemDvfsManager: acquire:: timeout = 2000 mIsAcquired = 1  mTagName : SurfaceFlinger 
03-31 13:23:53.875 11664 19550 I Routine@Core[4.9.04.16]: WearRoutineDataRepository: updateTemplateContentsJsonStr: nodeId(c6a699e3), tag(dnd), value({"contents":[{"name":"title","value":"Do not disturb"},{"name":"default_selection","value":"true"},{"name":"on_label","value":"On"},{"name":"off_label","value":"Off"}],"parameters":[]})
03-31 13:23:53.875  1676  4606 E NativeCustomFrequencyManager: [NativeCFMS] BpCustomFrequencyManager::acquire()
03-31 13:23:53.875  1561  1603 I HYPER-HAL: [RequestManager.cpp]acquire(): Acquired ID : 3582826  [1676 / 1000]    HINT : SF_GPU_MINLOCK    list : [TIMEOUT / 2000] 
03-31 13:23:53.875 11664 19550 I Routine@Core[4.9.04.16]: WearRoutineDataRepository: updateTemplateContentsJsonStr: nodeId(c6a699e3), tag(wake_on_by_bezel), value({"contents":[{"name":"title","value":"Turn bezel to wake"},{"name":"default_selection","value":"true"},{"name":"on_label","value":"On"},{"name":"off_label","value":"Off"}],"parameters":[]})
03-31 13:23:53.876 11664 19550 I Routine@Core[4.9.04.16]: WearRoutineDataRepository: updateTemplateContentsJsonStr: nodeId(c6a699e3), tag(wake_on_touch_screen), value({"contents":[{"name":"title","value":"Touch screen to wake"},{"name":"default_selection","value":"true"},{"name":"on_label","value":"On"},{"name":"off_label","value":"Off"}],"parameters":[]})
03-31 13:23:53.876  1540  4540 I vendor.qti.bluetooth@1.0-ibs_handler: ProcessIbsCmd: Received IBS_SLEEP_IND: 0xFE
03-31 13:23:53.876 11664 19550 I Routine@Core[4.9.04.16]: WearRoutineDataRepository: updateTemplateContentsJsonStr: nodeId(c6a699e3), tag(wake_on_wrist_up), value({"contents":[{"name":"title","value":"Raise wrist to wake"},{"name":"default_selection","value":"true"},{"name":"on_label","value":"On"},{"name":"off_label","value":"Off"}],"parameters":[]})
03-31 13:23:53.877 11664 19550 I Routine@Core[4.9.04.16]: WearRoutineDataRepository: updateTemplateContentsJsonStr: nodeId(c6a699e3), tag(sound_mode), value({"contents":[{"name":"title","value":"Sound mode"},{"name":"default_selection","value":"vibration"}],"parameters":[]})
03-31 13:23:53.877 11664 19550 I Routine@Core[4.9.04.16]: WearRoutineDataRepository: updateTemplateContentsJsonStr: nodeId(c6a699e3), tag(disconnection_alert), value({"contents":[{"name":"title","value":"Disconnection alerts"},{"name":"default_selection","value":"1"}],"parameters":[{"id":"0","label":"None","type":"radio_item"},{"id":"1","label":"Sound and vibration","type":"radio_item"},{"id":"2","label":"Full screen alert with sound and vibration","type":"radio_item"}]})
03-31 13:23:53.878 11664 19550 I Routine@Core[4.9.04.16]: WEAR/WearMetaDataGeneratorImpl: createActionMetaData
03-31 13:23:53.878  1676  1885 I VSyncReactor: Current= 24, Period= 120, hwcPeriod= 120
03-31 13:23:53.886 11664 19550 I Routine@Core[4.9.04.16]: WearRoutineMetaRepositoryImpl: updateActionMetas convertedActionMetas size = 9
03-31 13:23:53.887 11664 19550 I Routine@Core[4.9.04.16]: WearRoutineMetaRepositoryImpl: Wear Meta updateMeta
03-31 13:23:53.887 11664 19550 I Routine@Core[4.9.04.16]: WearRoutineMetaRepositoryImpl: updateMeta: newMeta=wear|aod(id=-1)
03-31 13:23:53.888 11664 19550 I Routine@Core[4.9.04.16]: WearRoutineMetaRepositoryImpl: Wear Meta updateMeta
03-31 13:23:53.888 11664 19550 I Routine@Core[4.9.04.16]: WearRoutineMetaRepositoryImpl: updateMeta: newMeta=wear|brightness(id=-1)
03-31 13:23:53.888 11664 19550 I Routine@Core[4.9.04.16]: WearRoutineMetaRepositoryImpl: Wear Meta updateMeta
03-31 13:23:53.888 11664 19550 I Routine@Core[4.9.04.16]: WearRoutineMetaRepositoryImpl: updateMeta: newMeta=wear|disconnection_alert(id=-1)
03-31 13:23:53.889 11664 19550 I Routine@Core[4.9.04.16]: WearRoutineMetaRepositoryImpl: Wear Meta updateMeta
03-31 13:23:53.889 11664 19550 I Routine@Core[4.9.04.16]: WearRoutineMetaRepositoryImpl: updateMeta: newMeta=wear|dnd(id=-1)
03-31 13:23:53.889 11664 19550 I Routine@Core[4.9.04.16]: WearRoutineMetaRepositoryImpl: Wear Meta updateMeta
03-31 13:23:53.889 11664 19550 I Routine@Core[4.9.04.16]: WearRoutineMetaRepositoryImpl: updateMeta: newMeta=wear|power_saving(id=-1)
03-31 13:23:53.889 11664 19550 I Routine@Core[4.9.04.16]: WearRoutineMetaRepositoryImpl: Wear Meta updateMeta
03-31 13:23:53.889 11664 19550 I Routine@Core[4.9.04.16]: WearRoutineMetaRepositoryImpl: updateMeta: newMeta=wear|sound_mode(id=-1)
03-31 13:23:53.890 11664 19550 I Routine@Core[4.9.04.16]: WearRoutineMetaRepositoryImpl: Wear Meta updateMeta
03-31 13:23:53.890 11664 19550 I Routine@Core[4.9.04.16]: WearRoutineMetaRepositoryImpl: updateMeta: newMeta=wear|wake_on_by_bezel(id=-1)
03-31 13:23:53.890 11664 19550 I Routine@Core[4.9.04.16]: WearRoutineMetaRepositoryImpl: Wear Meta updateMeta
03-31 13:23:53.890 11664 19550 I Routine@Core[4.9.04.16]: WearRoutineMetaRepositoryImpl: updateMeta: newMeta=wear|wake_on_touch_screen(id=-1)
03-31 13:23:53.890 11664 19550 I Routine@Core[4.9.04.16]: WearRoutineMetaRepositoryImpl: Wear Meta updateMeta
03-31 13:23:53.890 11664 19550 I Routine@Core[4.9.04.16]: WearRoutineMetaRepositoryImpl: updateMeta: newMeta=wear|wake_on_wrist_up(id=-1)
03-31 13:23:53.894 11664 19550 I Routine@Core[4.9.04.16]: WearRoutineDataRepository: updateActionMetaLabel: nodeId(c6a699e3), tag(aod), value(Always On Display)
03-31 13:23:53.894 11664 19550 I Routine@Core[4.9.04.16]: WearRoutineDataRepository: updateActionMetaLabel: nodeId(c6a699e3), tag(brightness), value(Brightness)
03-31 13:23:53.896 11664 19550 I Routine@Core[4.9.04.16]: WearRoutineDataRepository: updateActionMetaLabel: nodeId(c6a699e3), tag(disconnection_alert), value(Disconnection alerts)
03-31 13:23:53.896 11664 19550 I Routine@Core[4.9.04.16]: WearRoutineDataRepository: updateActionMetaLabel: nodeId(c6a699e3), tag(dnd), value(Do not disturb)
03-31 13:23:53.897 11664 19550 I Routine@Core[4.9.04.16]: WearRoutineDataRepository: updateActionMetaLabel: nodeId(c6a699e3), tag(power_saving), value(Power saving)
