03-31 13:43:17.505 D/InsetsSourceProvider( 2349): updateControlForTarget: control=InsetsSourceControl: {fb6f0000 mType=statusBars initiallyVisible mSurfacePosition=Point(0, 0) mInsetsHint=Insets{left=0, top=87, right=0, bottom=0}}, target=Window{17ee2ee u0 Application Error: com.weejobs.app}, from=com.android.server.wm.InsetsStateController.onControlTargetChanged:83 com.android.server.wm.InsetsPolicy.updateBarControlTarget:212 com.android.server.wm.DisplayPolicy.updateSystemBarAttributes:262 com.android.server.wm.WindowManagerService.updateFocusedWindowLocked:372 com.android.server.wm.WindowManagerService.addWindowInner:565 
03-31 13:43:17.505 I/WindowManager( 2349): Cancelling animation restarting=true, leash=Surface(name=Surface(name=45abe9 NavigationBar0)/@0x6ac041c - animation-leash of insets_animation)/@0x75dbfcf
03-31 13:43:17.505 I/WindowManager( 2349): Reparenting to original parent: Surface(name=WindowToken{9f81ded type=2019 android.os.BinderProxy@4e9e817})/@0xa267825, destroy=false, surface=Surface(name=45abe9 NavigationBar0)/@0x6ac041c
03-31 13:43:17.505 I/WindowManager( 2349): Reparenting to leash, surface=Surface(name=45abe9 NavigationBar0)/@0x6ac041c, leashParent=Surface(name=WindowToken{9f81ded type=2019 android.os.BinderProxy@4e9e817})/@0xa267825
03-31 13:43:17.505 I/SurfaceFlinger( 1676): id=27780 createSurf, flag=24000, Surface(name=45abe9 NavigationBar0)/@0x6ac041c - animation-leash of insets_animation#27780
03-31 13:43:17.507 D/WindowManager( 2349): makeSurface duration=2 leash=Surface(name=Surface(name=45abe9 NavigationBar0)/@0x6ac041c - animation-leash of insets_animation)/@0x610b0dd
03-31 13:43:17.507 D/InsetsSourceProvider( 2349): updateControlForTarget: control=InsetsSourceControl: {a1630001 mType=navigationBars initiallyVisible mSurfacePosition=Point(0, 2190) mInsetsHint=Insets{left=0, top=0, right=0, bottom=126}}, target=Window{17ee2ee u0 Application Error: com.weejobs.app}, from=com.android.server.wm.InsetsStateController.onControlTargetChanged:83 com.android.server.wm.InsetsPolicy.updateBarControlTarget:225 com.android.server.wm.DisplayPolicy.updateSystemBarAttributes:262 com.android.server.wm.WindowManagerService.updateFocusedWindowLocked:372 com.android.server.wm.WindowManagerService.addWindowInner:565 
03-31 13:43:17.507 D/WindowManager( 2349): updateSystemBarAttributes: displayId=0, focusedCanBeNavColorWin=false, win=Window{17ee2ee u0 Application Error: com.weejobs.app}, navColorWin=Window{68ddaab u0 com.weejobs.app/com.weejobs.app.MainActivity}, caller=com.android.server.wm.WindowManagerService.updateFocusedWindowLocked:372 com.android.server.wm.WindowManagerService.addWindowInner:565 com.android.server.wm.WindowManagerService.addWindow:1842 
03-31 13:43:17.507 D/WindowManager( 2349): updateSystemBarAttributes, bhv=1, apr=16, statusBarAprRegions=[AppearanceRegion{ bounds=[0,0][904,2316]}], requestedVisibilities=-9
03-31 13:43:17.507 V/SystemKeyManager( 2349): updateFocusedWindow() is called, Application Error: com.weejobs.app
03-31 13:43:17.508 I/InsetsController( 2349): onStateChanged: host=Application Error: com.weejobs.app, from=android.view.ViewRootImpl.onInsetsStateChanged:3026, state=InsetsState: {mDisplayFrame=Rect(0, 0 - 904, 2316), mDisplayCutout=DisplayCutout{insets=Rect(0, 87 - 0, 0) waterfall=Insets{left=0, top=0, right=0, bottom=0} boundingRect={Bounds=[Rect(0, 0 - 0, 0), Rect(418, 0 - 486, 87), Rect(0, 0 - 0, 0), Rect(0, 0 - 0, 0)]} cutoutPathParserInfo={CutoutPathParserInfo{displayWidth=904 displayHeight=2316 physicalDisplayWidth=904 physicalDisplayHeight=2316 density={2.625} cutoutSpec={M 0,0 H -12.95238095238095 V 33.14285714285714 H 12.95238095238095 V 0 H 0 Z @dp} rotation={0} scale={1.0} physicalPixelDisplaySizeRatio={1.0}}} sideOverrides={}}, mRoundedCorners=RoundedCorners{[RoundedCorner{position=TopLeft, radius=68, center=Point(68, 68)}, RoundedCorner{position=TopRight, radius=68, center=Point(836, 68)}, RoundedCorner{position=BottomRight, radius=68, center=Point(836, 2248)}, RoundedCorner{position=BottomLeft, radius=68, center=Point(68, 2248)}]}  mRoundedCornerFrame=Rect(0, 0 - 0, 0), mPrivacyIndicatorBounds=PrivacyIndicatorBounds {static bounds=Rect(788, 0 - 904, 87) rotation=0}, mDisplayShape=DisplayShape{ spec=-311912193 displayWidth=904 displayHeight=2316 physicalPixelDisplaySizeRatio=1.0 rotation=0 offsetX=0 offsetY=0 scale=1.0}, mSources= { InsetsSource: {a1630001 mType=navigationBars mFrame=[0,2190][904,2316] mVisible=true mFlags= mSideHint=BOTTOM mBoundingRects=null}, InsetsSource: {a1630004 mType=systemGestures mFrame=[0,0][0,0] mVisible=true mFlags= mSideHint=NONE mBoundingRects=null}, InsetsSource: {a1630005 mType=mandatorySystemGestures mFrame=[0,2190][904,2316] mVisible=true mFlags= mSideHint=BOTTOM mBoundingRects=null}, InsetsSource: {a1630006 mType=tappableElement mFrame=[0,2190][904,2316] mVisible=true mFlags= mSideHint=BOTTOM mBoundingRects=null}, InsetsSource: {a1630024 mType=systemGestures mFrame=[0,0][0,0] mVisible=true mFlags= mSideHint=NONE mBoundingRects=null}, InsetsSource: {fb6f0000 mType=statusBars mFrame=[0,0][904,87] mVisible=true mFlags= mSideHint=TOP mBoundingRects=null}, InsetsSource: {fb6f0005 mType=mandatorySystemGestures mFrame=[0,0][904,119] mVisible=true mFlags= mSideHint=TOP mBoundingRects=null}, InsetsSource: {fb6f0006 mType=tappableElement mFrame=[0,0][904,87] mVisible=true mFlags= mSideHint=TOP mBoundingRects=null}, InsetsSource: {27 mType=displayCutout mFrame=[0,0][904,87] mVisible=true mFlags= mSideHint=TOP mBoundingRects=null}, InsetsSource: {244a0004 mType=systemGestures mFrame=[0,0][0,0] mVisible=false mFlags= mSideHint=NONE mBoundingRects=null}, InsetsSource: {244a0005 mType=mandatorySystemGestures mFrame=[0,0][0,0] mVisible=false mFlags= mSideHint=NONE mBoundingRects=null}, InsetsSource: {244a0006 mType=tappableElement mFrame=[0,0][0,0] mVisible=false mFlags= mSideHint=NONE mBoundingRects=null}, InsetsSource: {244a0024 mType=systemGestures mFrame=[0,0][0,0] mVisible=false mFlags= mSideHint=NONE mBoundingRects=null} }
03-31 13:43:17.508 I/VRI[app]@b9e7733( 2349): synced displayState. AttachInfo displayState=2
03-31 13:43:17.509 I/SehLight( 1562): sub_lcd : 90-
03-31 13:43:17.509 D/SurfaceComposerClient( 2349): setCornerRadius ## a4b6524 com.sec.android.app.launcher/com.sec.android.app.launcher.activities.LauncherActivity#191 cornerRadius=0.000000
03-31 13:43:17.509 I/SSC_DAEMON( 1654): physical_sensor_test_req_msg Sensor type :6, Msg type:11
03-31 13:43:17.509 D/BatteryDump( 1545): wait_for_battery_event : occurred : change@/devices/platform/soc/ae00000.qcom,mdss_mdp/backlight/panel1-backlight 
03-31 13:43:17.510 I/ReactNativeJS(10133): '[expo-router-inspector-debug] write to sdcard failed', 'Error: Call to function \'ExponentFileSystem.writeAsStringAsync\' has been rejected.\n→ Caused by: java.io.IOException: Location \'/sdcard/Android/data/com.weejobs.app/files/expo-router-inspect-all.json\' isn\'t writable.'
03-31 13:43:17.510 I/ReactNativeJS(10133): [expo-router-inspector-json]{"ts":1774989797510,"results":{"./_layout.tsx":{"ok":true,"hasDefault":true,"defaultType":"function"},"./index.tsx":{"ok":true,"hasDefault":true,"defaultType":"function"},"./tradie/_layout.tsx":{"ok":true,"hasDefault":true,"defaultType":"function"},"./tradie/review-customer.tsx":{"ok":true,"hasDefault":true,"defaultType":"function"},"./tradie/profile.tsx":{"ok":true,"hasDefault":true,"defaultType":"function"},"./tradie/pricing.tsx":{"ok":true,"hasDefault":true,"defaultType":"function"},"./tradie/payout.tsx":{"ok":true,"hasDefault":true,"defaultType":"function"},"./tradie/messages.tsx":{"ok":true,"hasDefault":true,"defaultType":"function"},"./tradie/index.tsx":{"ok":true,"hasDefault":true,"defaultType":"function"},"./tradie/home.tsx":{"ok":true,"hasDefault":true,"defaultType":"function"},"./tradie/dashboard.tsx":{"ok":true,"hasDefault":true,"defaultType":"function"},"./tradie/current-jobs.tsx":{"ok":true,"hasDefault":true,"defaultType":"function"},"./settings.tsx":{"ok":true,"hasDefault":true,"defaultType":"function"},"./public-profile.tsx":{"ok":true,"hasDefault":true,"defaultType":"function"},"./onboarding/signup.tsx":{"ok":true,"hasDefault":true,"defaultType":"function"},"./onboarding/role-select.tsx":{"ok":true,"hasDefault":true,"defaultType":"function"},"./onboarding/reset-password.tsx":{"ok":true,"hasDefault":true,"defaultType":"function"},"./onboarding/login.tsx":{"ok":true,"hasDefault":true,"defaultType":"function"},"./onboarding/intro.tsx":{"ok":true,"hasDefault":true,"defaultType":"function"},"./onboarding/checklist.tsx":{"ok":true,"hasDefault":true,"defaultType":"function"},"./chat/[jobId].tsx":{"ok":true,"hasDefault":true,"defaultType":"function"},"./job/_layout.tsx":{"ok":true,"hasDefault":true,"defaultType":"function"},"./job/tracking.tsx":{"ok":true,"hasDefault":true,"defaultType":"function"},"./job/send-quote.tsx":{"ok":true,"hasDefault":true,"defaultType":"function"},"./job/review.tsx":{"ok":true,"hasDefault":true,"defaultType":"function"},"./job/receipt.tsx":{"ok":true,"hasDefault":true,"defaultType":"function"},"./job/pay-final.tsx":{"ok":true,"hasDefault":true,"defaultType":"function"},"./job/pay-deposit.tsx":{"ok":true,"hasDefault":true,"defaultType":"function"},"./job/choose-tradesman.tsx":{"ok":true,"hasDefault":true,"defaultType":"function"},"./job/approve-quote.tsx":{"ok":true,"hasDefault":true,"defaultType":"function"},"./admin/_layout.tsx":{"ok":true,"hasDefault":true,"defaultType":"function"},"./admin/users.tsx":{"ok":true,"hasDefault":true,"defaultType":"function"},"./admin/index.tsx":{"ok":true,"hasDefault":true,"defaultType":"function"},"./admin/settings.tsx":{"ok":true,"hasDefault":true,"defaultType":"function"},"./admin/jobs.tsx":{"ok":true,"hasDefault":true,"defaultType":"function"},"./+not-found.tsx":{"ok":true,"hasDefault":true,"defaultType":"function"},"./customer/_layout.tsx":{"ok":true,"hasDefault":true,"defaultType":"function"},"./customer/profile.tsx":{"ok":true,"hasDefault":true,"defaultType":"function"},"./customer/post-job.tsx":{"ok":true,"hasDefault":true,"defaultType":"function"},"./customer/messages.tsx":{"ok":true,"hasDefault":true,"defaultType":"function"},"./customer/jobs.tsx":{"ok":true,"hasDefault":true,"defaultType":"function"},"./customer/jobs.helpers.ts":{"ok":true,"hasDefault":false,"defaultType":"object"},"./customer/index.tsx":{"ok":true,"hasDefault":true,"defaultType":"function"},"./customer/edit-job.tsx":{"ok":true,"hasDefault":true,"defaultType":"function"},"./customer/dashboard.tsx":{"ok":true,"hasDefault":true,"defaultType":"function"}}}
03-31 13:43:17.510 I/ReactNativeJS(10133): [expo-router-inspector-debug] emitted console chunks, totalChars=3563
03-31 13:43:17.510 I/ReactNativeJS(10133): [expo-router-inspector-debug] inspector promise resolved
03-31 13:43:17.510 D/HdrSolution_HdrDisplayNitMapper( 2349): updataTargetNit--------------mLightSensorData: 1.0, scaleRatio: 1.46, target: 137.35->200
03-31 13:43:17.511 I/SurfaceFlinger( 1676): [Surface(name=1bba892 StatusBar)/@0x77f5e69 - animation-leash of insets_animation#27779] attach to parent LayerHierarchy{RequestedLayerState{WindowToken{cc12e1d type=2000 android.os.BinderProxy@c0490c7}#114 parentId=18} 2 children}
03-31 13:43:17.511 I/SurfaceFlinger( 1676): [Surface(name=45abe9 NavigationBar0)/@0x6ac041c - animation-leash of insets_animation#27780] attach to parent LayerHierarchy{RequestedLayerState{WindowToken{9f81ded type=2019 android.os.BinderProxy@4e9e817}#110 parentId=35} 2 children}
03-31 13:43:17.511 I/SehLight( 1562): sub_lcd : 94+
03-31 13:43:17.512 D/SurfaceComposerClient( 2349): setCornerRadius ## a4b6524 com.sec.android.app.launcher/com.sec.android.app.launcher.activities.LauncherActivity#191 cornerRadius=0.000000
03-31 13:43:17.512 I/SurfaceFlinger( 1676): id=27769 Removed Surface(name=45abe9 NavigationBar0)/@0x6ac041c - animation-leash of insets_animation#27769 (196)
03-31 13:43:17.513 V/WindowManager( 2349): SyncGroup 1692: Finished!
03-31 13:43:17.513 I/SurfaceFlinger( 1676): id=27768 Removed Surface(name=1bba892 StatusBar)/@0x77f5e69 - animation-leash of insets_animation#27768 (196)
03-31 13:43:17.513 V/WindowManager( 2349): performShowLocked: mDrawState=HAS_DRAWN in Window{a4b6524 u0 com.sec.android.app.launcher/com.sec.android.app.launcher.activities.LauncherActivity}
03-31 13:43:17.513 I/InsetsSourceConsumer( 4276): applyRequestedVisibilityToControl: visible=true, type=statusBars, host=com.sec.android.app.launcher/com.sec.android.app.launcher.activities.LauncherActivity
03-31 13:43:17.513 D/ChangeTransitionController( 2349): onTransactionReady: TransitionRecord{b8de98a id=1692 type=CLOSE flags=0x10 c=[
03-31 13:43:17.513 D/ChangeTransitionController( 2349):    ChangeInfo{9623e7f container=Task{ad6ed3 #1407 type=home I=com.sec.android.app.launcher/.activities.LauncherActivity} flags=0x0}
03-31 13:43:17.513 D/ChangeTransitionController( 2349):    ChangeInfo{3197e4c container=WallpaperWindowToken{fb2395 showWhenLocked=false}_<system|non-primary> flags=0x0}
03-31 13:43:17.513 D/ChangeTransitionController( 2349):    ChangeInfo{11e1e95 container=Task{17917a5 #1 type=home} flags=0x0}
03-31 13:43:17.513 D/ChangeTransitionController( 2349):    ChangeInfo{3629baa container=Display{#0 state=ON size=904x2316 ROTATION_0} flags=0x0}
03-31 13:43:17.513 D/ChangeTransitionController( 2349):    ChangeInfo{be6439b container=DefaultTaskDisplayArea_d0@99508180 flags=0x0}
03-31 13:43:17.513 D/ChangeTransitionController( 2349):    ChangeInfo{e863338 container=ActivityRecord{102437058 u0 com.sec.android.app.launcher/.activities.LauncherActivity t1407} flags=0x0}
03-31 13:43:17.513 D/ChangeTransitionController( 2349):    ChangeInfo{80f0f11 container=ActivityRecord{137594220 u0 com.weejobs.app/.MainActivity t1631 f}} flags=0x0}
03-31 13:43:17.513 D/ChangeTransitionController( 2349):    ChangeInfo{d26c876 container=RemoteWallpaperAnim:1:1@212637009 flags=0x0}
03-31 13:43:17.513 D/ChangeTransitionController( 2349):    ChangeInfo{bdb7e77 container=Task{e1ee735 #1631 type=standard A=10789:com.weejobs.app} flags=0x0}
03-31 13:43:17.513 D/ChangeTransitionController( 2349): ]
03-31 13:43:17.513 D/ChangeTransitionController( 2349): }
03-31 13:43:17.513 I/InsetsSourceConsumer( 4276): applyRequestedVisibilityToControl: visible=true, type=navigationBars, host=com.sec.android.app.launcher/com.sec.android.app.launcher.activities.LauncherActivity
03-31 13:43:17.513 V/WindowManager( 2349): Start calculating TransitionInfo based on participants: {Task{ad6ed3 #1407 type=home I=com.sec.android.app.launcher/.activities.LauncherActivity}, WallpaperWindowToken{fb2395 showWhenLocked=false}_<system|non-primary>, Task{17917a5 #1 type=home}, ActivityRecord{102437058 u0 com.sec.android.app.launcher/.activities.LauncherActivity t1407}, ActivityRecord{137594220 u0 com.weejobs.app/.MainActivity t1631 f}}, Task{e1ee735 #1631 type=standard A=10789:com.weejobs.app}}
03-31 13:43:17.514 V/Configuration( 2349): Updating configuration, locales updated from [] to [en_CA]
03-31 13:43:17.514 V/WindowManager( 2349):   Final targets: [ChangeInfo{11e1e95 container=Task{17917a5 #1 type=home} flags=0x30}, ChangeInfo{bdb7e77 container=Task{e1ee735 #1631 type=standard A=10789:com.weejobs.app} flags=0x10}, ChangeInfo{3197e4c container=WallpaperWindowToken{fb2395 showWhenLocked=false}_<system|non-primary> flags=0x0}]
03-31 13:43:17.514 I/SurfaceFlinger( 1676): id=27781 createSurf, flag=84004, Transition Root: Task=1#27781
03-31 13:43:17.515 I/SSC_DAEMON( 1654): light_msg(6/11): br 90 (lux 199,idx 1) - 0,1,1
03-31 13:43:17.516 V/Configuration( 2349): Updating configuration, locales updated from [] to [en_CA]
03-31 13:43:17.517 I/SSC_DAEMON( 1654): physical_sensor_test_req_msg Sensor type :6, Msg type:11
03-31 13:43:17.518 I/SehLight( 1562): sub_lcd : 94-
03-31 13:43:17.518 D/BatteryDump( 1545): wait_for_battery_event : occurred : change@/devices/platform/soc/ae00000.qcom,mdss_mdp/backlight/panel1-backlight 
03-31 13:43:17.519 I/SurfaceControlRegistry( 2349): show, t=StartTransaction_SyncId<1692> sc=ActivityRecord{102437058 u0 com.sec.android.app.launcher/.activities.LauncherActivity t1407}, caller=android.view.SurfaceControl$Transaction.show:3557 com.android.server.wm.Transition.onTransactionReady:2048 com.android.server.wm.BLASTSyncEngine$SyncGroup.finishNow:245 com.android.server.wm.BLASTSyncEngine.onSurfacePlacement:263 com.android.server.wm.RootWindowContainer.performSurfacePlacementNoTrace:1110 com.android.server.wm.WindowSurfacePlacer.performSurfacePlacement:166 
03-31 13:43:17.519 I/SurfaceControlRegistry( 2349): show, t=StartTransaction_SyncId<1692> sc=Task=1407, caller=android.view.SurfaceControl$Transaction.show:3557 com.android.server.wm.Transition.onTransactionReady:2081 com.android.server.wm.BLASTSyncEngine$SyncGroup.finishNow:245 com.android.server.wm.BLASTSyncEngine.onSurfacePlacement:263 com.android.server.wm.RootWindowContainer.performSurfacePlacementNoTrace:1110 com.android.server.wm.WindowSurfacePlacer.performSurfacePlacement:166 
03-31 13:43:17.519 I/SurfaceFlinger( 1676): destroyed Surface(name=45abe9 NavigationBar0)/@0x6ac041c - animation-leash of insets_animation#27769 form LifecycleManager
03-31 13:43:17.519 I/SurfaceFlinger( 1676): destroyed Surface(name=1bba892 StatusBar)/@0x77f5e69 - animation-leash of insets_animation#27768 form LifecycleManager
03-31 13:43:17.519 I/SSC_DAEMON( 1654): light_msg(6/11): br 94 (lux 199,idx 1) - 0,1,1
03-31 13:43:17.519 D/SurfaceComposerClient( 2349): setCornerRadius ## WallpaperWindowToken{fb2395 showWhenLocked=false}#98 cornerRadius=0.000000
03-31 13:43:17.519 I/SurfaceFlinger( 1676): [Transition Root: Task=1#27781] attach to parent LayerHierarchy{RequestedLayerState{DefaultTaskDisplayArea_d0#11 parentId=10} 13 children}
03-31 13:43:17.519 I/SurfaceFlinger( 1676): id=27769 onLayerDestroyed from LayerHierarchyBuilder(RequestedLayerState{Surface(name=45abe9 NavigationBar0)/@0x6ac041c - animation-leash of insets_animation#27769 !handle})
03-31 13:43:17.519 I/SurfaceFlinger( 1676): id=27768 onLayerDestroyed from LayerHierarchyBuilder(RequestedLayerState{Surface(name=1bba892 StatusBar)/@0x77f5e69 - animation-leash of insets_animation#27768 !handle})
03-31 13:43:17.519 D/SurfaceComposerClient( 2349): setCornerRadius ## Task=1631#27756 cornerRadius=0.000000
03-31 13:43:17.519 D/SurfaceComposerClient( 2349): setCornerRadius ## Task=1#68 cornerRadius=0.000000
03-31 13:43:17.519 V/WindowManager( 2349): Calling onTransitionReady: {id=1692 t=CLOSE f=0x10 trk=0 r=[0@Point(0, 0)] c=[
03-31 13:43:17.519 V/WindowManager( 2349):         {WCT{RemoteToken{c64419a Task{17917a5 #1 type=home}}} m=TO_FRONT f=SHOW_WALLPAPER|MOVE_TO_TOP|EDGE_EXTENSION_RESTRICTION leash=Surface(name=Task=1)/@0xe8c1ecf sb=Rect(0, 0 - 904, 2316) eb=Rect(0, 0 - 904, 2316) epz=Point(904, 2316) d=0 taskParent=-1 inset=Rect(0, 87 - 0, 126)},
03-31 13:43:17.519 V/WindowManager( 2349):         {WCT{RemoteToken{87466c4 Task{e1ee735 #1631 type=standard A=10789:com.weejobs.app}}} m=CLOSE f=NONE leash=Surface(name=Task=1631)/@0x15cc956 sb=Rect(0, 0 - 904, 2316) eb=Rect(0, 0 - 904, 2316) epz=Point(904, 2316) d=0 taskParent=-1 inset=Rect(0, 87 - 0, 126) dim=true},
03-31 13:43:17.519 V/WindowManager( 2349):         {m=TO_FRONT f=IS_WALLPAPER p=WCT{RemoteToken{de9ecd1 RemoteWallpaperAnim:1:1@212637009}} leash=Surface(name=WallpaperWindowToken{fb2395 showWhenLocked=false})/@0xc53d6bc sb=Rect(0, 0 - 904, 2316) eb=Rect(0, 0 - 904, 2316) epz=Point(904, 2316) d=0 inset=Rect(0, 0 - 0, 0)}
03-31 13:43:17.519 V/WindowManager( 2349):     ]}
03-31 13:43:17.519 I/Layer   ( 1676): id=27769 Destroyed Surface(name=45abe9 NavigationBar0)/@0x6ac041c - animation-leash of insets_animation#27769
03-31 13:43:17.520 I/Layer   ( 1676): id=27768 Destroyed Surface(name=1bba892 StatusBar)/@0x77f5e69 - animation-leash of insets_animation#27768
03-31 13:43:17.520 D/RestrictionPolicy( 2349): isScreenCaptureEnabled : ret=true userId=0
03-31 13:43:17.520 D/ScreenCapture( 2349): [Capture_TEST] : setIsScreenShotBySystem false
03-31 13:43:17.520 I/SurfaceComposerClient( 2349): captureLayers:childrenOnly:1, sync:1
03-31 13:43:17.520 D/HdrSolution_HdrDisplayNitMapper( 2349): updataTargetNit--------------mLightSensorData: 1.0, scaleRatio: 1.36, target: 146.86->200
03-31 13:43:17.522 I/SurfaceFlinger( 1676): Capture layer list: 	 com.weejobs.app/com.weejobs.app.MainActivity$_10133#27766(seamlessTransition:0)
03-31 13:43:17.522 V/WindowManagerShell( 3951): onTransitionReady(transaction=10088878364321)
03-31 13:43:17.522 I/SehLight( 1562): sub_lcd : 99+
03-31 13:43:17.522 D/EnterpriseDeviceManagerService( 2349): isMdmAdminPresentInternal() : MDM Admin Found - com.samsung.knox.securefolder
03-31 13:43:17.522 D/RenderEngine( 1676): [SEC_SF_EFFECTS] drawLayersInternal,1483, Rendering layer ScreenCaptureFillLayer at index 0
03-31 13:43:17.522 D/RenderEngine( 1676): [SEC_SF_EFFECTS] drawLayersInternal,1483, Rendering layer com.weejobs.app/com.weejobs.app.MainActivity$_10133#27766 at index 1
03-31 13:43:17.523 I/SDHMS:k (10397): handleResumeComponent : put = com.sec.android.app.launcher, userid = 0 instanceid =198093328
03-31 13:43:17.523 I/CocktailBarManagerServiceContainer( 2349): handleMessage: entry what = 5
03-31 13:43:17.523 V/WindowManagerShell( 3951): onTransitionReady (#1692) android.os.BinderProxy@27ba76f: {id=1692 t=CLOSE f=0x10 trk=0 r=[0@Point(0, 0)] c=[
03-31 13:43:17.523 V/WindowManagerShell( 3951):         {m=TO_FRONT f=SHOW_WALLPAPER|MOVE_TO_TOP|EDGE_EXTENSION_RESTRICTION leash=Surface(name=Task=1)/@0x66da3d6 sb=Rect(0, 0 - 904, 2316) eb=Rect(0, 0 - 904, 2316) epz=Point(904, 2316) d=0 taskParent=-1 inset=Rect(0, 87 - 0, 126)},
03-31 13:43:17.523 V/WindowManagerShell( 3951):         {m=CLOSE f=NONE leash=Surface(name=Task=1631)/@0x21e2657 sb=Rect(0, 0 - 904, 2316) eb=Rect(0, 0 - 904, 2316) epz=Point(904, 2316) d=0 taskParent=-1 inset=Rect(0, 87 - 0, 126) dim=true},
03-31 13:43:17.523 V/WindowManagerShell( 3951):         {m=TO_FRONT f=IS_WALLPAPER p=WCT{android.window.IWindowContainerToken$Stub$Proxy@2f82762} leash=Surface(name=WallpaperWindowToken{fb2395 showWhenLocked=false})/@0x4cf0544 sb=Rect(0, 0 - 904, 2316) eb=Rect(0, 0 - 904, 2316) epz=Point(904, 2316) d=0 inset=Rect(0, 0 - 0, 0)}
03-31 13:43:17.523 V/WindowManagerShell( 3951):     ]}
03-31 13:43:17.523 D/BackgroundInstallControlService( 2349): Package event received: 0
03-31 13:43:17.523 V/ShellDesktopMode( 3951): DesktopModeLogger: taskInfo map after processing changes 0
03-31 13:43:17.523 I/HoneySpace.EdgePanel.CocktailHostRepositoryImpl( 4276): onNoteResume
03-31 13:43:17.523 I/HoneySpace.EdgePanel.EdgePanelContainerViewModel( 4276): cocktailHostRepository.edgePanelOperation NoteResumeComponent(componentName=ComponentInfo{com.sec.android.app.launcher/com.sec.android.app.launcher.Launcher})
03-31 13:43:17.524 D/ShellDesktopMode( 3951): DesktopTaskChangeListener: onTaskMovingToFront for taskId=1, displayId=0
03-31 13:43:17.524 I/HoneySpace.EdgePanel.ActivityUtils( 4276): HomePackage : com.sec.android.app.launcher, resumePackageName : com.sec.android.app.launcher, className : com.sec.android.app.launcher.Launcher
03-31 13:43:17.524 D/ShellDesktopMode( 3951): DesktopTaskChangeListener: onTaskClosing for taskId=1631, displayId=0
03-31 13:43:17.524 I/SurfaceControlRegistry( 3951): show, t=StartTransaction_SyncId<1692> sc=WallpaperWindowToken{fb2395 showWhenLocked=false}, caller=android.view.SurfaceControl$Transaction.show:3557 com.android.wm.shell.transition.Transitions.dispatchReady:907 com.android.wm.shell.transition.Transitions.onTransitionReady:251 com.android.wm.shell.transition.Transitions$TransitionPlayerImpl$$ExternalSyntheticLambda0.run:13 android.os.Handler.handleCallback:995 android.os.Handler.dispatchMessage:103 
03-31 13:43:17.524 I/SurfaceControlRegistry( 3951): hide, t=FinishTransaction_SyncId<1692> sc=Task=1631, caller=android.view.SurfaceControl$Transaction.hide:3583 com.android.wm.shell.transition.Transitions.dispatchReady:1263 com.android.wm.shell.transition.Transitions.onTransitionReady:251 com.android.wm.shell.transition.Transitions$TransitionPlayerImpl$$ExternalSyntheticLambda0.run:13 android.os.Handler.handleCallback:995 android.os.Handler.dispatchMessage:103 
03-31 13:43:17.524 I/SurfaceControlRegistry( 3951): show, t=StartTransaction_SyncId<1692> sc=Task=1, caller=android.view.SurfaceControl$Transaction.show:3557 com.android.wm.shell.transition.Transitions.dispatchReady:1279 com.android.wm.shell.transition.Transitions.onTransitionReady:251 com.android.wm.shell.transition.Transitions$TransitionPlayerImpl$$ExternalSyntheticLambda0.run:13 android.os.Handler.handleCallback:995 android.os.Handler.dispatchMessage:103 
03-31 13:43:17.524 I/SurfaceControlRegistry( 3951): show, t=FinishTransaction_SyncId<1692> sc=Task=1, caller=android.view.SurfaceControl$Transaction.show:3557 com.android.wm.shell.transition.Transitions.dispatchReady:1330 com.android.wm.shell.transition.Transitions.onTransitionReady:251 com.android.wm.shell.transition.Transitions$TransitionPlayerImpl$$ExternalSyntheticLambda0.run:13 android.os.Handler.handleCallback:995 android.os.Handler.dispatchMessage:103 
03-31 13:43:17.524 V/WindowManagerShell( 3951): Playing animation for (#1692) android.os.BinderProxy@27ba76f@0
03-31 13:43:17.524 I/SurfaceControlRegistry( 3951): show, t=StartTransaction_SyncId<1692> sc=Transition Root: Task=1, caller=android.view.SurfaceControl$Transaction.show:3557 com.android.wm.shell.transition.Transitions.playTransition:79 com.android.wm.shell.transition.Transitions.processReadyQueue:239 com.android.wm.shell.transition.Transitions.dispatchReady:1352 com.android.wm.shell.transition.Transitions.onTransitionReady:251 com.android.wm.shell.transition.Transitions$TransitionPlayerImpl$$ExternalSyntheticLambda0.run:13 
03-31 13:43:17.525 V/ShellRecents( 3951): RecentsTransitionHandler.startAnimation: no controller found
03-31 13:43:17.525 V/ShellDesktopMode( 3951): DesktopMixedTransitionHandler: No pending desktop transition
03-31 13:43:17.525 V/WindowManagerShell( 3951): Transition doesn't have explicit remote, search filters for match for {id=1692 t=CLOSE f=0x10 trk=0 r=[0@Point(0, 0)] c=[{m=TO_FRONT f=SHOW_WALLPAPER|MOVE_TO_TOP|EDGE_EXTENSION_RESTRICTION leash=Surface(name=Task=1)/@0x66da3d6 sb=Rect(0, 0 - 904, 2316) eb=Rect(0, 0 - 904, 2316) epz=Point(904, 2316) d=0 taskParent=-1 inset=Rect(0, 87 - 0, 126)},{m=CLOSE f=NONE leash=Surface(name=Task=1631)/@0x21e2657 sb=Rect(0, 0 - 904, 2316) eb=Rect(0, 0 - 904, 2316) epz=Point(904, 2316) d=0 taskParent=-1 inset=Rect(0, 87 - 0, 126) dim=true},{m=TO_FRONT f=IS_WALLPAPER p=WCT{android.window.IWindowContainerToken$Stub$Proxy@2f82762} leash=Surface(name=WallpaperWindowToken{fb2395 showWhenLocked=false})/@0x4cf0544 sb=Rect(0, 0 - 904, 2316) eb=Rect(0, 0 - 904, 2316) epz=Point(904, 2316) d=0 inset=Rect(0, 0 - 0, 0)}]}
03-31 13:43:17.525 V/WindowManagerShell( 3951):  Checking filter Pair{{types=[] flags=0x0] notFlags=0x100 checks=[{atype=home independent=true modes=[OPEN,TO_FRONT] flags=NONE mustBeTask=false order=TOP topActivity=ComponentInfo{com.sec.android.app.launcher/com.sec.android.app.launcher.Launcher} launchCookie=null windowingMode=undefined},{atype=recents independent=true modes=[CLOSE,TO_BACK] flags=NONE mustBeTask=false order=ANY topActivity=null launchCookie=null windowingMode=undefined}]} RemoteTransition { remoteTransition = android.window.IRemoteTransition$Stub$Proxy@a2d9588, appThread = android.app.IApplicationThread$Stub$Proxy@8284b21, debugName = QuickstepLaunchHomeFromRecentsflags =NONE }}
03-31 13:43:17.525 V/WindowManagerShell( 3951):  Checking filter Pair{{types=[] flags=0x0] notFlags=0x100 checks=[{atype=home independent=true modes=[OPEN,TO_FRONT] flags=NONE mustBeTask=false order=TOP topActivity=ComponentInfo{com.sec.android.app.launcher/com.sec.android.app.launcher.Launcher} launchCookie=null windowingMode=undefined},{atype=standard independent=true modes=[CLOSE,TO_BACK] flags=NONE mustBeTask=false order=ANY topActivity=null launchCookie=null windowingMode=undefined}]} RemoteTransition { remoteTransition = android.window.IRemoteTransition$Stub$Proxy@c923b46, appThread = android.app.IApplicationThread$Stub$Proxy@676c107, debugName = QuickstepLaunchHomeflags =NONE }}
03-31 13:43:17.525 D/RemoteTransitionHandler( 3951): Found filterPair{{types=[] flags=0x0] notFlags=0x100 checks=[{atype=home independent=true modes=[OPEN,TO_FRONT] flags=NONE mustBeTask=false order=TOP topActivity=ComponentInfo{com.sec.android.app.launcher/com.sec.android.app.launcher.Launcher} launchCookie=null windowingMode=undefined},{atype=standard independent=true modes=[CLOSE,TO_BACK] flags=NONE mustBeTask=false order=ANY topActivity=null launchCookie=null windowingMode=undefined}]} RemoteTransition { remoteTransition = android.window.IRemoteTransition$Stub$Proxy@c923b46, appThread = android.app.IApplicationThread$Stub$Proxy@676c107, debugName = QuickstepLaunchHomeflags =NONE }}
03-31 13:43:17.525 V/WindowManagerShell( 3951):  Delegate animation for (#1692) to RemoteTransition { remoteTransition = android.window.IRemoteTransition$Stub$Proxy@c923b46, appThread = android.app.IApplicationThread$Stub$Proxy@676c107, debugName = QuickstepLaunchHomeflags =NONE }
03-31 13:43:17.525 V/WindowManagerShell( 3951):  Excluded change from remote targets at (#1692), change={m=TO_FRONT f=IS_WALLPAPER p=WCT{android.window.IWindowContainerToken$Stub$Proxy@2f82762} leash=Surface(name=WallpaperWindowToken{fb2395 showWhenLocked=false})/@0x4cf0544 sb=Rect(0, 0 - 904, 2316) eb=Rect(0, 0 - 904, 2316) epz=Point(904, 2316) d=0 inset=Rect(0, 0 - 0, 0)}
03-31 13:43:17.526 I/SSC_DAEMON( 1654): physical_sensor_test_req_msg Sensor type :6, Msg type:11
03-31 13:43:17.526 I/SehLight( 1562): sub_lcd : 99-
03-31 13:43:17.526 D/BatteryDump( 1545): wait_for_battery_event : occurred : change@/devices/platform/soc/ae00000.qcom,mdss_mdp/backlight/panel1-backlight 
03-31 13:43:17.527 D/HdrSolution_HdrDisplayNitMapper( 2349): updataTargetNit--------------mLightSensorData: 1.0, scaleRatio: 1.29, target: 154.56->200
03-31 13:43:17.528 D/RestrictionPolicy( 2349): isScreenCaptureEnabled : ret=true userId=0
03-31 13:43:17.528 I/SSC_DAEMON( 1654): light_msg(6/11): br 99 (lux 199,idx 1) - 0,1,1
03-31 13:43:17.528 I/SehLight( 1562): sub_lcd : 103+
03-31 13:43:17.530 D/SurfaceComposerClient( 2349): setCornerRadius ## a4b6524 com.sec.android.app.launcher/com.sec.android.app.launcher.activities.LauncherActivity#191 cornerRadius=0.000000
03-31 13:43:17.530 D/WindowManager( 2349): updateSystemBarAttributes: displayId=0, focusedCanBeNavColorWin=false, win=Window{17ee2ee u0 Application Error: com.weejobs.app}, navColorWin=Window{a4b6524 u0 com.sec.android.app.launcher/com.sec.android.app.launcher.activities.LauncherActivity}, caller=com.android.server.wm.DisplayPolicy.finishPostLayoutPolicyLw:17 com.android.server.wm.RootWindowContainer.applySurfaceChangesTransaction$1:195 com.android.server.wm.RootWindowContainer.performSurfacePlacementNoTrace:86 
03-31 13:43:17.530 D/WindowManager( 2349): updateSystemBarAttributes, bhv=1, apr=0, statusBarAprRegions=[AppearanceRegion{ bounds=[0,0][904,2316]}], requestedVisibilities=-9
03-31 13:43:17.531 I/SurfaceFlinger( 1676): id=27782 createSurf, flag=84000, Surface(name=Task=1)/@0x2aa696d_transition-leash#27782
03-31 13:43:17.531 V/WindowManager( 2349): Sent Transition (#1692) createdAt=03-31 13:43:17.426 via request=TransitionRequestInfo { type = CLOSE, triggerTask = TaskInfo{userId=0 taskId=1631 effectiveUid=10789 displayId=0 isRunning=true baseIntent=Intent { act=android.intent.action.MAIN cat=[android.intent.category.LAUNCHER] flg=0x10200000 cmp=com.weejobs.app/.MainActivity } baseActivity=ComponentInfo{com.weejobs.app/com.weejobs.app.MainActivity} topActivity=ComponentInfo{com.weejobs.app/com.weejobs.app.MainActivity} origActivity=null realActivity=ComponentInfo{com.weejobs.app/com.weejobs.app.MainActivity} numActivities=1 lastActiveTime=713301996 supportsMultiWindow=true resizeMode=1 isResizeable=true minWidth=-1 minHeight=-1 maxWidth=-1 maxHeight=-1 defaultMinSize=220 desktopDefaultMinSize=304 token=WCT{RemoteToken{87466c4 Task{e1ee735 #1631 type=standard A=10789:com.weejobs.app}}} topActivityType=1 pictureInPictureParams=null shouldDockBigOverlays=false launchIntoPipHostTaskId=-1 lastParentTaskIdBeforePip=-1 displayCutoutSafeInsets=Rect(0, 0 - 0, 0) topActivityInfo=ActivityInfo{77a9ad com.weejobs.app.MainActivity} launchCookies=[] positionInParent=Point(0, 0) parentTaskId=-1 isFocused=true isVisible=true isVisibleRequested=true isTopActivityNoDisplay=false isSleeping=false locusId=null displayAreaFeatureId=1 isTopActivityTransparent=false isActivityStackTransparent=false lastNonFullscreenBounds=Rect(71, 681 - 833, 1596) capturedLink=null capturedLinkTimestamp=0 requestedVisibleTypes=-9 topActivityRequestOpenInBrowserEducationTimestamp=0 appCompatTaskInfo=AppCompatTaskInfo { topActivityInSizeCompat=false eligibleForLetterboxEducation= false isLetterboxEducationEnabled= false isLetterboxDoubleTapEnabled= false eligibleForUserAspectRatioButton= false topActivityBoundsLetterboxed= false isFromLetterboxDoubleTap= false topActivityLetterboxVerticalPosition= -1 topActivityLetterboxHorizontalPosition= -1 topActivityLetterboxWidth=-1 topActivityLetterboxHeight=-1 topActivityAppBounds=Rect(0, 0 - 904, 2316) isUserFullscreenOverrideEnabled=true isSystemFullscreenOverrideEnabled=false hasMinAspectRatioOverride=false topActivityLetterboxBounds=null cameraCompatTaskInfo=CameraCompatTaskInfo { freeformCameraCompatMode=inactive} topActivityBounds=null topActivityInDisplayCompat=false singleTapFromLetterbox=false} topActivityMainWindowFrame=null originallySupportedMultiWindow=true hasWallpaper=false rootAffinity=10789:com.weejobs.app isTopTaskInStage=false CoverLauncherWidgetTask=false LaunchedFromAppsCoverLauncherTask=false LaunchedFromMultistarCoverLauncherTask=false isAllowedSeamlessRotation=false isTopTransparentActivity=false isAliasManaged=false hasConfigChanged=false snappingGuideBounds=null isAiKeyRemoveAppTask=false lastDesktopWindowingBounds=null lastExternalDesktopWindowingBounds=null isTopFullScreenWindow=true isFullSizeWindow=true safeCutoutInsets=null}, pipChange = null, remoteTransition = null, displayChange = null, flags = 16, debugId = 1692 }
03-31 13:43:17.531 V/WindowManager( 2349):     startWCT=WindowContainerTransaction { changes= {} hops= [] errorCallbackToken=null taskFragmentOrganizer=null }
03-31 13:43:17.531 V/WindowManager( 2349):     info={id=1692 t=CLOSE f=0x10 trk=0 r=[0@Point(0, 0)] c=[
03-31 13:43:17.531 V/WindowManager( 2349):         {WCT{RemoteToken{c64419a Task{17917a5 #1 type=home}}} m=TO_FRONT f=SHOW_WALLPAPER|MOVE_TO_TOP|EDGE_EXTENSION_RESTRICTION leash=Surface(name=Task=1)/@0xe8c1ecf sb=Rect(0, 0 - 904, 2316) eb=Rect(0, 0 - 904, 2316) epz=Point(904, 2316) d=0 taskParent=-1 inset=Rect(0, 87 - 0, 126)},
03-31 13:43:17.531 V/WindowManager( 2349):         {WCT{RemoteToken{87466c4 Task{e1ee735 #1631 type=standard A=10789:com.weejobs.app}}} m=CLOSE f=NONE leash=Surface(name=Task=1631)/@0x15cc956 sb=Rect(0, 0 - 904, 2316) eb=Rect(0, 0 - 904, 2316) epz=Point(904, 2316) d=0 taskParent=-1 inset=Rect(0, 87 - 0, 126) dim=true},
03-31 13:43:17.531 V/WindowManager( 2349):         {m=TO_FRONT f=IS_WALLPAPER p=WCT{RemoteToken{de9ecd1 RemoteWallpaperAnim:1:1@212637009}} leash=Surface(name=WallpaperWindowToken{fb2395 showWhenLocked=false})/@0xc53d6bc sb=Rect(0, 0 - 904, 2316) eb=Rect(0, 0 - 904, 2316) epz=Point(904, 2316) d=0 inset=Rect(0, 0 - 0, 0)}
03-31 13:43:17.531 V/WindowManager( 2349):     ]}
03-31 13:43:17.531 I/SurfaceControlRegistry( 4276): show, t=StartTransaction_SyncId<1692> sc=Task=1, caller=android.view.SurfaceControl$Transaction.show:3557 S.j.a:152 S.j.u:0 S.j.t:0 com.android.systemui.animation.RemoteAnimationTargetCompat.wrap:48 com.android.systemui.animation.RemoteAnimationTargetCompat.wrapApps:10 
03-31 13:43:17.531 I/SurfaceFlinger( 1676): id=27783 createSurf, flag=84000, Surface(name=Task=1631)/@0x26e633_transition-leash#27783
03-31 13:43:17.531 I/SurfaceControlRegistry( 4276): show, t=StartTransaction_SyncId<1692> sc=Task=1631, caller=android.view.SurfaceControl$Transaction.show:3557 S.j.a:152 S.j.u:0 S.j.t:0 com.android.systemui.animation.RemoteAnimationTargetCompat.wrap:48 com.android.systemui.animation.RemoteAnimationTargetCompat.wrapApps:10 
03-31 13:43:17.531 I/SurfaceControlRegistry( 4276): apply, t=StartTransaction_SyncId<1692>, caller=android.view.SurfaceControl$Transaction.apply:3459 android.view.SurfaceControl$Transaction.apply:3447 android.view.SurfaceControl$Transaction.apply:3397 com.android.systemui.animation.RemoteAnimationRunnerCompat$1.startAnimation:645 android.window.IRemoteTransition$Stub.onTransact:162 android.os.Binder.execTransactInternal:1462 
03-31 13:43:17.532 I/HoneySpace.ShellAnimationRunner( 4276): [onAnimationStart] appTarget(0) : taskId-1, mode-0
03-31 13:43:17.532 I/HoneySpace.ShellAnimationRunner( 4276): cookie: -2147483648
03-31 13:43:17.532 I/HoneySpace.ShellAnimationRunner( 4276): [onAnimationStart] appTarget(1) : taskId-1631, mode-1
03-31 13:43:17.532 D/SurfaceComposerClient( 2349): setCornerRadius ## a4b6524 com.sec.android.app.launcher/com.sec.android.app.launcher.activities.LauncherActivity#191 cornerRadius=0.000000
03-31 13:43:17.532 I/HoneySpace.ShellAnimationRunner( 4276): this , com.honeyspace.transition.ShellAnimationRunner@f2810d3
03-31 13:43:17.532 I/HoneySpace.ShellAnimationRunner( 4276): finishExistingAnimation, null
03-31 13:43:17.532 I/HoneySpace.AppCloseAnimationDelegate( 4276): onAnimationStart
03-31 13:43:17.533 I/HoneySpace.AppCloseAnimationDelegate( 4276): findTargetView() called with: targets = com.honeyspace.transition.remote.RemoteAnimationTargets@a795dee, centerMostInfo = null
03-31 13:43:17.533 I/HoneySpace.AppCloseAnimationDelegate( 4276): findTargetValue [cookie--2147483648, pkgName-com.weejobs.app]
03-31 13:43:17.533 D/BoundBrokerSvc(23739): onRebind: Intent { act=com.google.android.gms.libs.gmscorelogger.service.START dat=chimera-action:/... xflg=0x4 cmp=com.google.android.gms/.chimera.PersistentDirectBootAwareApiService }
03-31 13:43:17.533 D/MdnieScenarioControlService( 2349):  packageName : com.sec.android.app.launcher    className : com.sec.android.app.launcher.Launcher
03-31 13:43:17.534 I/VRI[app]@b9e7733( 2349): setView = com.android.internal.policy.DecorView@7437ea2 IsHRR=false mFlingFrameRateChange=0 TM=true
03-31 13:43:17.534 I/HoneySpace.AppCloseAnimationDelegate( 4276): findTargetView found:Value(view=com.honeyspace.ui.common.iconview.IconViewImpl{daf201d VFED..CL. ........ 0,0-167,275 #7f0a02ed app:id/icon} - WeeJobs, visibility:0, alpha:1.0, badge:0, icon:144x144, iconAlpha:255, iconState:NONE, iconSize:131, forceHideBadge:false, isTransparent:false, component=ComponentInfo{com.weejobs.app/com.weejobs.app.MainActivity}, isTargetShortcut=false), com.honeyspace.ui.common.iconview.IconViewImpl{daf201d VFED..CL. ........ 0,0-167,275 #7f0a02ed app:id/icon} - WeeJobs, visibility:0, alpha:1.0, badge:0, icon:144x144, iconAlpha:255, iconState:NONE, iconSize:131, forceHideBadge:false, isTransparent:false
03-31 13:43:17.534 I/HoneySpace.AppCloseAnimationDelegate( 4276): getCloseAnimator : isGestureClosing-false, target-com.honeyspace.ui.common.iconview.IconViewImpl{daf201d VFED..CL. ........ 0,0-167,275 #7f0a02ed app:id/icon} - WeeJobs, visibility:0, alpha:1.0, badge:0, icon:144x144, iconAlpha:255, iconState:NONE, iconSize:131, forceHideBadge:false, isTransparent:false
03-31 13:43:17.534 I/HoneySpace.FloatingAnimator( 4276): playerCount : 1
03-31 13:43:17.534 I/HoneySpace.FloatingAnimator( 4276): [Player:A(17.534)] create
03-31 13:43:17.534 I/HoneySpace.AppCloseAnimationDelegate( 4276): playFloatingIconAnim, appPlayer: A(17.534)
03-31 13:43:17.534 D/SGM:GameManager( 2349): identifyForegroundApp. com.sec.android.app.launcher, mCurrentUserId: 0, callerUserId: 0
03-31 13:43:17.534 I/HoneySpace.TransitionUtils( 4276): [getRotationChange] home-0, app-0
03-31 13:43:17.534 D/SGM:SemGameManager( 2349): isForegroundGame(), ret=false
03-31 13:43:17.534 D/NetworkPolicy( 2349): already checked 10140
03-31 13:43:17.534 I/HoneySpace.TransitionUtils( 4276): getWindowTargetBounds: Rect(0, 0 - 904, 2316)
03-31 13:43:17.534 I/HoneySpace.FloatingAnimator( 4276): [Player:A(17.534)] setup. isLandscape:false, isTranslucent:false, screenSize[904, 2316], isMultiTargets:false, useCurrentDrawable:false
03-31 13:43:17.535 I/SSC_DAEMON( 1654): physical_sensor_test_req_msg Sensor type :6, Msg type:11
03-31 13:43:17.535 I/HoneySpace.FloatingAnimator( 4276): add containerView, com.honeyspace.transition.anim.floating.ContainerView{67bdf9a V.E...... ......ID 0,0-904,911}
03-31 13:43:17.535 I/SehLight( 1562): sub_lcd : 103-
03-31 13:43:17.535 D/BatteryDump( 1545): wait_for_battery_event : occurred : change@/devices/platform/soc/ae00000.qcom,mdss_mdp/backlight/panel1-backlight 
03-31 13:43:17.535 I/HoneySpace.FloatingAnimator( 4276): add positionListener - com.honeyspace.transition.anim.floating.c@d045925
03-31 13:43:17.535 I/SurfaceFlinger( 1676): RequestedLayer [com.sec.android.app.launcher/com.sec[...]ivities.LauncherActivity$_4276#27772] hidden!! flag  from(1) --> to(0)
03-31 13:43:17.536 I/SurfaceFlinger( 1676): RequestedLayer [Transition Root: Task=1#27781] hidden!! flag  from(1) --> to(0)
03-31 13:43:17.536 I/SurfaceFlinger( 1676): RequestedLayer [ActivityRecord{102437058 u0 com.sec.[...]tivities.LauncherActivity t1407}#190] hidden!! flag  from(1) --> to(0)
03-31 13:43:17.536 I/SurfaceFlinger( 1676): RequestedLayer [Task=1407#189] hidden!! flag  from(1) --> to(0)
03-31 13:43:17.536 I/SurfaceFlinger( 1676): RequestedLayer [WallpaperWindowToken{fb2395 showWhenLocked=false}#98] hidden!! flag  from(1) --> to(0)
03-31 13:43:17.536 I/SurfaceFlinger( 1676): RequestedLayer [Task=1#68] hidden!! flag  from(1) --> to(0)
03-31 13:43:17.536 E/SurfaceFlinger( 1676): alpha changed 1.000 -> 0.000 - Surface(name=Task=1)/@0x2aa696d_transition-leash#27782
03-31 13:43:17.536 I/SurfaceFlinger( 1676): [LayerHierarchy{RequestedLayerState{Task=1#68 parentId=27782} 2 children}] reparent to LayerHierarchy{RequestedLayerState{Surface(name=Task=1)/@0x2aa696d_transition-leash#27782 parentId=27781 z=2} 1 children}
03-31 13:43:17.536 I/SurfaceFlinger( 1676): [LayerHierarchy{RequestedLayerState{Task=1631#27756 parentId=27783} 1 children}] reparent to LayerHierarchy{RequestedLayerState{Surface(name=Task=1631)/@0x26e633_transition-leash#27783 parentId=27781 z=5} 1 children}
03-31 13:43:17.536 I/SurfaceFlinger( 1676): [Surface(name=Task=1)/@0x2aa696d_transition-leash#27782] attach to parent LayerHierarchy{RequestedLayerState{Transition Root: Task=1#27781 parentId=11} 1 children}
03-31 13:43:17.536 I/SurfaceFlinger( 1676): [Surface(name=Task=1631)/@0x26e633_transition-leash#27783] attach to parent LayerHierarchy{RequestedLayerState{Transition Root: Task=1#27781 parentId=11} 2 children}
03-31 13:43:17.536 I/HoneySpace.FloatingAnimator( 4276): [Player:A(17.534)] value animator:[134954182] started
03-31 13:43:17.536 I/HoneySpace.ContentsAnimator( 4276): from : 0.0
03-31 13:43:17.536 I/HoneySpace.ContentsAnimator( 4276): ContentsAnimator start [7431303]
03-31 13:43:17.536 I/HoneySpace.AnimationResult( 4276): setAnimation, animation: false
03-31 13:43:17.537 V/MdnieScenarioControlService( 2349): setUIMode from UI function(3)
03-31 13:43:17.537 I/HoneySpace.WallpaperAnimator( 4276): createWallpaperSurface
03-31 13:43:17.537 I/HoneySpace.AppTransitionAnimationAwait( 4276): proceed 0
03-31 13:43:17.537 I/HoneySpace.AppTransitionAnimationAwait( 4276): prepare refCnt:1 timeout:1500
03-31 13:43:17.537 I/SAMSUNGWALLET(19454): [Hint_ProcessStatusChange] fg Change, pid : 4276 , isNotify : true , isForeground : true , fg list : [4276, 10133]
03-31 13:43:17.537 I/SSC_DAEMON( 1654): light_msg(6/11): br 103 (lux 199,idx 1) - 0,1,1
03-31 13:43:17.538 I/SAMSUNGWALLET(19454): [Hint_ProcessStatusChange] fg Change, pid : 4276 , isNotify : false , isForeground : true , fg list : [4276, 10133]
03-31 13:43:17.538 I/HoneySpace.IconView( 4276): setIconVisible : visible-false, currentForceHideBadge-false
03-31 13:43:17.538 I/HoneySpace.IconView( 4276): updateInvisibleState false APP_CLOSING current:0 new:2
03-31 13:43:17.539 I/vendor.qti.bluetooth@1.0-ibs_handler( 1540): ProcessIbsCmd: Received IBS_WAKE_IND: 0xFD
03-31 13:43:17.539 D/vendor.qti.bluetooth@1.0-ibs_handler( 1540): SerialClockVote: vote for UART CLK ON
03-31 13:43:17.539 W/wificond( 1993): Failed to get NL80211_ATTR_MAX_NUM_AKM_SUITES
03-31 13:43:17.540 D/vendor.qti.bluetooth@1.0-wake_lock( 1540): Acquire wakelock is acquired 
03-31 13:43:17.540 I/vendor.qti.bluetooth@1.0-ibs_handler( 1540): ProcessIbsCmd: Writing IBS_WAKE_ACK
03-31 13:43:17.540 W/wificond( 1993): Failed to get NL80211_ATTR_MAX_NUM_AKM_SUITES
03-31 13:43:17.540 D/PkgPredictorService-SecIpmManagerServiceImpl( 2349): onForegroundActivitiesChanged pid:4276 uid:10140
03-31 13:43:17.540 W/wificond( 1993): Failed to get NL80211_ATTR_MAX_NUM_AKM_SUITES
03-31 13:43:17.542 V/PkgPredictorService-SecIpmManagerServiceImpl( 2349): discard foreground app:com.sec.android.app.launcher 1|true
03-31 13:43:17.542 D/HdrSolution_HdrDisplayNitMapper( 2349): updataTargetNit--------------mLightSensorData: 1.0, scaleRatio: 1.16, target: 172.23->200
03-31 13:43:17.542 W/wificond( 1993): Failed to get NL80211_ATTR_MAX_NUM_AKM_SUITES
03-31 13:43:17.542 D/QSClock ( 3951): onDarkChanged tint=WHITE
03-31 13:43:17.543 I/SehLight( 1562): sub_lcd : 112+
03-31 13:43:17.543 D/SGM:GameManager( 2349): identifyForegroundApp. com.sec.android.app.launcher, mCurrentUserId: 0, callerUserId: 0
03-31 13:43:17.543 D/SGM:SemGameManager( 2349): isForegroundGame(), ret=false
03-31 13:43:17.544 D/NetworkPolicy( 2349): already checked 10140
03-31 13:43:17.544 I/SSC_DAEMON( 1654): physical_sensor_test_req_msg Sensor type :6, Msg type:11
03-31 13:43:17.544 I/SurfaceFlinger( 1676): RequestedLayer [WindowToken{f3c7af0 type=2003 android.view.ViewRootImpl$W@b9e7733}#27776] hidden!! flag  from(1) --> to(0)
03-31 13:43:17.544 I/SurfaceFlinger( 1676): RequestedLayer [17ee2ee Application Error: com.weejobs.app#27777] hidden!! flag  from(1) --> to(0)
03-31 13:43:17.544 I/SurfaceFlinger( 1676): [LayerHierarchy{RequestedLayerState{45abe9 NavigationBar0#111 parentId=27780} 1 children}] reparent to LayerHierarchy{RequestedLayerState{Surface(name=45abe9 NavigationBar0)/@0x6ac041c - animation-leash of insets_animation#27780 parentId=110} 1 children}
03-31 13:43:17.544 I/SurfaceFlinger( 1676): [LayerHierarchy{RequestedLayerState{1bba892 StatusBar#115 parentId=27779} 1 children}] reparent to LayerHierarchy{RequestedLayerState{Surface(name=1bba892 StatusBar)/@0x77f5e69 - animation-leash of insets_animation#27779 parentId=114} 1 children}
03-31 13:43:17.544 I/SurfaceFlinger( 1676): [LayerHierarchy{RequestedLayerState{630de79 TaskbarWindow#3359 parentId=27778} 1 children}] reparent to LayerHierarchy{RequestedLayerState{Surface(name=630de79 TaskbarWindow)/@0xe72b262 - animation-leash of insets_animation#27778 parentId=3358} 1 children}
03-31 13:43:17.544 I/SurfaceFlinger( 1676): [LayerHierarchy{RequestedLayerState{Surface(name=45abe9 NavigationBar0)/@0x6ac041c - animation-leash of insets_animation#27775} no children}] reparent to OffscreenRoot
03-31 13:43:17.544 I/SurfaceFlinger( 1676): [LayerHierarchy{RequestedLayerState{Surface(name=45abe9 NavigationBar0)/@0x6ac041c - animation-leash of insets_animation#27775} no children}] RelativeParent to null
03-31 13:43:17.544 I/SurfaceFlinger( 1676): [LayerHierarchy{RequestedLayerState{Surface(name=630de79 TaskbarWindow)/@0xe72b262 - animation-leash of insets_animation#27773} no children}] reparent to OffscreenRoot
03-31 13:43:17.544 I/SurfaceFlinger( 1676): [LayerHierarchy{RequestedLayerState{Surface(name=630de79 TaskbarWindow)/@0xe72b262 - animation-leash of insets_animation#27773} no children}] RelativeParent to null
03-31 13:43:17.544 I/SurfaceFlinger( 1676): [LayerHierarchy{RequestedLayerState{Surface(name=1bba892 StatusBar)/@0x77f5e69 - animation-leash of insets_animation#27774} no children}] reparent to OffscreenRoot
03-31 13:43:17.544 I/SurfaceFlinger( 1676): [LayerHierarchy{RequestedLayerState{Surface(name=1bba892 StatusBar)/@0x77f5e69 - animation-leash of insets_animation#27774} no children}] RelativeParent to null
03-31 13:43:17.544 I/SehLight( 1562): sub_lcd : 112-
03-31 13:43:17.544 I/HoneySpace.FloatingAnimator( 4276): [Player:A(17.534)] container x: 1.2243209, y: 3.0786757, scale : 0.9980896
03-31 13:43:17.544 I/WALLPAPER_SVC:SemWallpaperManagerService( 2349): isHomeActivityVisible : true 
03-31 13:43:17.544 D/BatteryDump( 1545): wait_for_battery_event : occurred : change@/devices/platform/soc/ae00000.qcom,mdss_mdp/backlight/panel1-backlight 
03-31 13:43:17.544 D/WALLPAPER_SVC:WallpaperData( 2349): getWallpaperFile: file = /data/system/users/0/wallpaper_sub_display_orig 
03-31 13:43:17.544 D/WALLPAPER_SVC:WallpaperData( 2349): getWallpaperFile: file = /data/system/users/0/wallpaper_sub_display_orig 
03-31 13:43:17.544 D/WALLPAPER_SVC:WallpaperManagerService( 2349): dispatchHomeVisibilityChanged: visible = true, connection = com.android.server.wallpaper.WallpaperManagerService$WallpaperConnection@56040ef, systemWallpaper = WallpaperData@9da020d, id: 33, which: 17, file mod: 1771397633569, info: null, engine(s): Proxy@af9b8dc, type = 0, userId = 0, uri= null, allowBackup= true, wallpaperComponent = ComponentInfo{com.android.systemui/com.android.systemui.wallpapers.ImageWallpaper}, nextWallpaperComponent = ComponentInfo{com.android.systemui/com.android.systemui.wallpapers.ImageWallpaper} 
03-31 13:43:17.546 I/SurfaceFlinger( 1676): id=27773 Removed Surface(name=630de79 TaskbarWindow)/@0xe72b262 - animation-leash of insets_animation#27773 (197)
03-31 13:43:17.546 I/SurfaceFlinger( 1676): id=27774 Removed Surface(name=1bba892 StatusBar)/@0x77f5e69 - animation-leash of insets_animation#27774 (197)
