03-31 13:30:45.401 I/SurfaceFlinger( 1676): [LayerHierarchy{RequestedLayerState{Surface(name=630de79 TaskbarWindow)/@0xe72b262 - animation-leash of insets_animation#27645} no children}] reparent to OffscreenRoot
03-31 13:30:45.401 I/SurfaceFlinger( 1676): [LayerHierarchy{RequestedLayerState{Surface(name=630de79 TaskbarWindow)/@0xe72b262 - animation-leash of insets_animation#27645} no children}] RelativeParent to null
03-31 13:30:45.401 D/SurfaceComposerClient( 3951): setCornerRadius ## Task=1627#27640 cornerRadius=63.000000
03-31 13:30:45.402 I/SurfaceFlinger( 1676): id=27645 Removed Surface(name=630de79 TaskbarWindow)/@0xe72b262 - animation-leash of insets_animation#27645 (200)
03-31 13:30:45.402 D/SamsungLightBarControlHelper( 3951): updateStatusBar (WHITE icon) numStacks:1, StatusBarMode:MODE_TRANSPARENT, lightBarBounds:[], StatusBarState:SHADE, packageName:, isWhiteKeyguardStatusBar:false
03-31 13:30:45.402 D/SamsungLightBarControlHelper( 3951): onStatusBarAppearanceChanged() -  sbModeChanged:false, statusBarMode:0, barState:MODE_TRANSPARENT, isKeyguardShowing:false, navbarColorManagedByIme:false, (AppearanceRegion{ bounds=[0,0][904,2316]}, )
03-31 13:30:45.402 D/NavigationBar( 3951): onSystemBarAttributesChanged() -  displayId:0, appearance:0, packageName: com.sec.android.app.launcher, navbarColorManagedByIme:false
03-31 13:30:45.402 D/SamsungLightBarControlHelper( 3951): updateNavigationBar (WHITE button) isLightOpaque:false, hasLightNavigationBarFlag:false, packageName:com.sec.android.app.launcher, DirectReplying:false, NavBarColorMangedByIme:false, ForceDarkForScrim:false, ForceLightForScrim:false, QsCustomizing:false, QsExpanded:false
03-31 13:30:45.403 I/HoneySpace.SystemUiRepository( 4276): systemUiFlags: awake
03-31 13:30:45.404 I/WindowManager( 2349): notifyInsetsControlChanged, removed=false, win=Window{ad18b1b u0 Splash Screen com.weejobs.app}, caller=com.android.server.wm.InsetsStateController$$ExternalSyntheticLambda1.run:137 com.android.server.wm.WindowAnimator$$ExternalSyntheticLambda2.onTransactionCommitted:26 android.view.SurfaceControl$Transaction$$ExternalSyntheticLambda4.run:0 android.os.Handler.handleCallback:995 android.os.Handler.dispatchMessage:103 android.os.Looper.loopOnce:273 
03-31 13:30:45.405 D/InputDispatcher( 2349): Focus entered window (0): a4b6524 com.sec.android.app.launcher/com.sec.android.app.launcher.activities.LauncherActivity
03-31 13:30:45.406 I/HoneySpace.TaskbarEventTracker( 4276): invokeEvent() called with: event = SystemUiStateChanged(stateFlags=268435456)
03-31 13:30:45.406 I/InsetsSourceConsumer( 4276): applyRequestedVisibilityToControl: visible=true, type=statusBars, host=com.sec.android.app.launcher/com.sec.android.app.launcher.activities.LauncherActivity
03-31 13:30:45.406 I/InsetsSourceConsumer( 4276): applyRequestedVisibilityToControl: visible=true, type=navigationBars, host=com.sec.android.app.launcher/com.sec.android.app.launcher.activities.LauncherActivity
03-31 13:30:45.407 I/SDHMS:PowerAnomaly:Gatherer:AppError(10397): update AppError : uid=10789, pkg=com.weejobs.app, errorType=crash
03-31 13:30:45.408 I/InputMethodManager( 4276): startInputInner - IInputMethodManagerGlobalInvoker.startInputOrWindowGainedFocus
03-31 13:30:45.409 I/SurfaceFlinger( 1676): destroyed Surface(name=630de79 TaskbarWindow)/@0xe72b262 - animation-leash of insets_animation#27645 form LifecycleManager
03-31 13:30:45.409 I/SurfaceFlinger( 1676): id=27645 onLayerDestroyed from LayerHierarchyBuilder(RequestedLayerState{Surface(name=630de79 TaskbarWindow)/@0xe72b262 - animation-leash of insets_animation#27645 !handle})
03-31 13:30:45.409 D/SurfaceComposerClient( 3951): setCornerRadius ## Task=1627#27640 cornerRadius=63.000000
03-31 13:30:45.409 I/Layer   ( 1676): id=27645 Destroyed Surface(name=630de79 TaskbarWindow)/@0xe72b262 - animation-leash of insets_animation#27645
03-31 13:30:45.410 I/HoneySpace.TaskbarPot@85836121@OneUI( 4276): setDockedTaskBarBackground statFlags = 268435456
03-31 13:30:45.410 V/InputMethodManagerService( 2349): startInputOrWindowGainedFocusInternalLocked: reason=WINDOW_FOCUS_GAIN client=android.os.BinderProxy@c4663d7 inputContext=null editorInfo=android.view.inputmethod.EditorInfo@fdc0605 startInputFlags=VIEW_HAS_FOCUS|INITIAL_CONNECTION softInputMode=STATE_UNSPECIFIED|ADJUST_NOTHING windowFlags=#81910100 unverifiedTargetSdkVersion=36 bindingController=com.android.server.inputmethod.InputMethodBindingController@ef4770a imeDispatcher=android.window.ImeOnBackInvokedDispatcher@762465a cs=ClientState{ea9aee7 mUid=10140 mPid=4276 mSelfReportedDisplayId=0} imeRequestedVisible=false
03-31 13:30:45.410 V/InputMethodManagerService( 2349): setWindowStateInner, windowToken=android.os.BinderProxy@11299b7, state=ImeTargetWindowState{ imeToken null imeFocusChanged false hasEditorFocused false requestedImeVisible false imeDisplayId 0 softInputModeState STATE_UNSPECIFIED|ADJUST_NOTHING isStartInputByGainFocus true}
03-31 13:30:45.410 V/InputMethodManagerService( 2349): Same window without editor will hide input
03-31 13:30:45.410 I/ImeTracker( 2349): com.sec.android.app.launcher:a2074756: onRequestHide at ORIGIN_SERVER reason HIDE_SAME_WINDOW_FOCUSED_WITHOUT_EDITOR fromUser false
03-31 13:30:45.410 V/InputMethodManagerService( 2349): applyImeVisibility state=5
03-31 13:30:45.410 D/SemInputMethodManagerServiceUtil( 2349): restorePreviousUsedInputMethod : failed to return the previous ime becuase the stored info is null or do not need restore
03-31 13:30:45.410 V/InputMethodManagerService( 2349): semComputeImeDisplayIdForTarget: displayToShowIme=0
03-31 13:30:45.410 V/InputMethodManagerService( 2349): Creating new accessibility sessions for client ClientState{ea9aee7 mUid=10140 mPid=4276 mSelfReportedDisplayId=0}
03-31 13:30:45.411 D/InputMethodManagerService( 2349): isImeSwitcherDisabledPackage : false
03-31 13:30:45.411 D/InputMethodManagerService( 2349): shouldShowImeSwitcherLocked : checking vis : 3
03-31 13:30:45.411 D/InputMethodManagerService( 2349): checkDisplayOfStartInputAndUpdateKeyboard: displayId=0, mFocusedDisplayId=0
03-31 13:30:45.412 D/NavigationBarControllerImpl( 3951): setNavigationBarShortcut requestClass : com.android.wm.shell.controlpanel.activity.FlexPanelActivity, remoteViews : null, position : 0, priority : 11
03-31 13:30:45.412 I/InputMethodManager( 4276): handleMessage: setImeVisibility visible=false
03-31 13:30:45.412 I/ImeTracker( 4276): com.sec.android.app.launcher:a2074756: onCancelled at PHASE_CLIENT_ALREADY_HIDDEN
03-31 13:30:45.412 D/InputTransport( 2349): Input channel constructed: 'ClientS', fd=1250
03-31 13:30:45.412 D/RemoteViewPack( 3951): OnSetRemoteView RemoteViewShortcut(requestClass=com.android.wm.shell.controlpanel.activity.FlexPanelActivity, remoteViews=null, position=0, priority=11)
03-31 13:30:45.412 D/NavBarStateManager( 3951): NavBarStates(0) isGameMode: false
03-31 13:30:45.412 D/TaskBarPack( 3951): OnSetRemoteView Bundle[{remoteViews=null, priority=11, position=0, requestClass=com.android.wm.shell.controlpanel.activity.FlexPanelActivity}]
03-31 13:30:45.412 D/TaskbarDelegate( 3951): handleNavigationBarEvent() TaskbarDelegate is not initialized.
03-31 13:30:45.412 D/InputTransport( 2349): Input channel destroyed: 'ClientS', fd=1250
03-31 13:30:45.413 I/VRI[app]@292f151( 3951): onActiveControlsChanged, removed=false, mAdded=true, caller=android.view.ViewRootImpl.handleInsetsControlChanged:3002 android.view.ViewRootImpl$ViewRootHandler.handleMessageImpl:8352 android.view.ViewRootImpl$ViewRootHandler.handleMessage:8301 android.os.Handler.dispatchMessage:110 android.os.Looper.loopOnce:273 
03-31 13:30:45.413 I/SurfaceFlinger( 1676): id=27646 Removed Surface(name=1bba892 StatusBar)/@0x77f5e69 - animation-leash of insets_animation#27646 (199)
03-31 13:30:45.413 I/SurfaceFlinger( 1676): id=27647 Removed Surface(name=45abe9 NavigationBar0)/@0x6ac041c - animation-leash of insets_animation#27647 (199)
03-31 13:30:45.414 I/ActivityManager( 2349): Process com.weejobs.app (pid 2445) has died: fg  TOP (715,3886)
03-31 13:30:45.414 I/Zygote  ( 1479): Process 2445 exited due to signal 9 (Killed)
03-31 13:30:45.414 I/libprocessgroup( 2349): Removed cgroup /sys/fs/cgroup/apps/uid_10789/pid_2445
03-31 13:30:45.414 V/WindowManager( 2349): Collecting in transition 1684: Task{27fc988 #1627 type=standard A=10789:com.weejobs.app}, caller=com.android.server.wm.Transition.collectClose:12 com.android.server.wm.WindowProcessController.handleAppDied$1:465 com.android.server.am.ActivityManagerService.handleAppDiedLocked:248 com.android.server.am.ActivityManagerService.appDiedLocked:570 com.android.server.am.ActivityManagerService$AppDeathRecipient.binderDied:17 
03-31 13:30:45.415 V/WindowManager( 2349): Collecting in transition 1684: ActivityRecord{3118458 u0 com.weejobs.app/.MainActivity t1627 f}}, caller=com.android.server.wm.TransitionController.collect:7 com.android.server.wm.ActivityRecord.onRemovedFromDisplay:201 com.android.server.wm.ActivityRecord.removeFromHistory:173 com.android.server.wm.WindowProcessController.handleAppDied$1:507 com.android.server.am.ActivityManagerService.handleAppDiedLocked:248 
03-31 13:30:45.415 D/SGM:FgCheckThread( 2349): TaskStackListener.onTaskFocusChanged(), taskId=1627, focused=false
03-31 13:30:45.415 D/WindowManager( 2349): Changing focus from null to Window{a4b6524 u0 com.sec.android.app.launcher/com.sec.android.app.launcher.activities.LauncherActivity} displayId=0 Callers=com.android.server.wm.ActivityRecord.onRemovedFromDisplay:432 com.android.server.wm.ActivityRecord.removeFromHistory:173 com.android.server.wm.WindowProcessController.handleAppDied$1:507 com.android.server.am.ActivityManagerService.handleAppDiedLocked:248 
03-31 13:30:45.416 V/AutofillInlineSuggestionsRequestSession( 2349): onInputMethodFinishInput() received
03-31 13:30:45.416 I/HBD     (12719): HoneyBoardService onFinishInput 
03-31 13:30:45.416 V/AutofillInlineSuggestionsRequestSession( 2349): maybeUpdateResponseToImeLocked called
03-31 13:30:45.416 V/SystemKeyManager( 2349): updateFocusedWindow() is called, com.sec.android.app.launcher/com.sec.android.app.launcher.activities.LauncherActivity
03-31 13:30:45.416 I/HBD     (12719): a IC have been unbinding,  RemoteInputConnection{idHash=#c17cc7d}
03-31 13:30:45.416 I/HBD     (12719): HoneyBoardService [PF_CL][onFinishInput]  0 ms 
03-31 13:30:45.417 I/SemDvfsHyPerManager( 2349): acquire hyper - AMS_APP_HOME/2349@17, type = -999
03-31 13:30:45.417 I/HBD     (12719): HoneyBoardService [IMI] onStartInput - caller pid : 4276 , caller uid : 10140 
03-31 13:30:45.417 I/HBD     (12719): r updateConfigs 
03-31 13:30:45.417 I/HBD     (12719): r isEnabledNightMode : false 
03-31 13:30:45.417 I/HBD     (12719): a IC have been binding, RemoteInputConnection{idHash=#c17cc7d} 
03-31 13:30:45.417 I/HBD     (12719): h [EditorInputType]setPrivateImeOptionsToTable privateImeOptions ( null )
03-31 13:30:45.417 I/HBD     (12719): b incognitoMode : false 
03-31 13:30:45.417 I/HBD     (12719): f needOff = true , isForceOff = false, isNullInputClass : true 
03-31 13:30:45.417 I/HBD     (12719): h getDefaultInputRange : UNKNOWN 
03-31 13:30:45.417 I/HBD     (12719): h getDefaultInputRange : UNKNOWN 
03-31 13:30:45.417 I/HBD     (12719): h getDefaultInputRange : UNKNOWN 
03-31 13:30:45.417 I/HBD     (12719): i [AiWriter] isChildBlockCase:
03-31 13:30:45.418 I/SurfaceFlinger( 1676): destroyed Surface(name=45abe9 NavigationBar0)/@0x6ac041c - animation-leash of insets_animation#27647 form LifecycleManager
03-31 13:30:45.418 I/SurfaceFlinger( 1676): destroyed Surface(name=1bba892 StatusBar)/@0x77f5e69 - animation-leash of insets_animation#27646 form LifecycleManager
03-31 13:30:45.418 I/SurfaceFlinger( 1676): id=27647 onLayerDestroyed from LayerHierarchyBuilder(RequestedLayerState{Surface(name=45abe9 NavigationBar0)/@0x6ac041c - animation-leash of insets_animation#27647 !handle})
03-31 13:30:45.418 I/SurfaceFlinger( 1676): id=27646 onLayerDestroyed from LayerHierarchyBuilder(RequestedLayerState{Surface(name=1bba892 StatusBar)/@0x77f5e69 - animation-leash of insets_animation#27646 !handle})
03-31 13:30:45.418 D/SGM:FgCheckThread( 2349): getForegroundApp(), foregroundPkgName=com.weejobs.app
03-31 13:30:45.419 I/Layer   ( 1676): id=27647 Destroyed Surface(name=45abe9 NavigationBar0)/@0x6ac041c - animation-leash of insets_animation#27647
03-31 13:30:45.419 D/SurfaceComposerClient( 3951): setCornerRadius ## Task=1627#27640 cornerRadius=63.000000
03-31 13:30:45.419 I/Layer   ( 1676): id=27646 Destroyed Surface(name=1bba892 StatusBar)/@0x77f5e69 - animation-leash of insets_animation#27646
03-31 13:30:45.419 V/AutofillInlineSuggestionsRequestSession( 2349): onInputMethodStartInput() received on 0
03-31 13:30:45.419 V/AutofillInlineSuggestionsRequestSession( 2349): maybeUpdateResponseToImeLocked called
03-31 13:30:45.419 I/HYPER-HAL( 1561): [RequestManager.cpp]acquire(): Acquired ID : 2800178  [2349 / 17]    HINT : AMS_APP_HOME    list : 
03-31 13:30:45.419 D/BackgroundInstallControlService( 2349): Package event received: 0
03-31 13:30:45.420 D/SGM:FgCheckThread( 2349): pkgName: com.weejobs.app is not in foreground
03-31 13:30:45.420 I/SDHMS:PowerAnomaly:Analyzer:AppError(10397): analyze app error : uid=10789, pkg=com.weejobs.app, appErrorCount=4
03-31 13:30:45.421 I/SemDvfsHyPerManager(10397): acquire hyper - APP_START_HOME/10397@23, type = -999
03-31 13:30:45.421 D/NavBarStateManager( 3951): NavBarStates(0) canUseNavBarBackgroundFrame: false
03-31 13:30:45.421 I/HYPER-HAL( 1561): [RequestManager.cpp]acquire(): Acquired ID : 54293433  [10397 / 23]    HINT : APP_START    list : [KERNEL_APP_START_NOTIFY / 0] [TIMEOUT / 1500] 
03-31 13:30:45.421 I/HoneySpace.HistoryViewModel@56717545@OneUI( 4276): Block stack change
03-31 13:30:45.421 E/HYPER-HAL( 1561): [HandlerSysfs.cpp]doResourceHandling(): Couldn't Open Sysfs - /sys/devices/system/cpu/bus_dcvs/DDR/soc:qcom,memlat:ddr:prime-latfloor/max_freq
03-31 13:30:45.422 D/ActivityManagerPerformance( 2349): AMP_acquire() HOME
03-31 13:30:45.423 D/SGM:FgCheckThread( 2349): TaskStackListener.onTaskFocusChanged(), taskId=1407, focused=true
03-31 13:30:45.423 D/SGM:FgCheckThread( 2349):   sendRunningComponentFocus(), pkgName: com.sec.android.app.launcher, userId: 0
03-31 13:30:45.423 D/InputDispatcher( 2349): Focused application(0): ActivityRecord{102437058 u0 com.sec.android.app.launcher/.activities.LauncherActivity t1407}
03-31 13:30:45.423 D/AS.MultiSoundManager( 2349): mForegroundUid = 10140
03-31 13:30:45.423 D/SGM:FgCheckThread( 2349): onLooperPrepared(), msg: MSG_TASK_FOCUSED, pkgName: com.sec.android.app.launcher, userId: 0
03-31 13:30:45.423 D/SGM:FgCheckThread( 2349): handleTaskFocused().
03-31 13:30:45.423 D/SGM:FgCheckThread( 2349): sendFocusOutConditionally() - mPrevNotiPkg: KILL_YOURSELF, userId: 0
03-31 13:30:45.423 D/SGM:FgCheckThread( 2349):   handleTaskFocused(), pkgName: com.sec.android.app.launcher, userID:0 mResumedPkgMap does not containsKey.
03-31 13:30:45.423 V/WindowManager( 2349): rotationForOrientation(orient=SCREEN_ORIENTATION_UNSPECIFIED (-1), last=ROTATION_0 (0)); user=ROTATION_0 (0) 
03-31 13:30:45.423 D/WindowManager( 2349): rotationForOrientation, orientationSource=ActivityRecord{102437058 u0 com.sec.android.app.launcher/.activities.LauncherActivity t1407}
03-31 13:30:45.424 V/WindowManager( 2349): Computed rotation=ROTATION_0 (0) for display id=0 based on lastOrientation=SCREEN_ORIENTATION_UNSPECIFIED (-1) and oldRotation=ROTATION_0 (0), caller=com.android.server.wm.DisplayRotation.updateOrientation:79 com.android.server.wm.DisplayContent.updateOrientation:41 com.android.server.wm.DisplayContent.updateOrientationAndComputeConfig:48 com.android.server.wm.RootWindowContainer.ensureVisibilityAndConfig:7 com.android.server.wm.TaskFragment.resumeTopActivity:1737 com.android.server.wm.Task.resumeTopActivityInnerLocked:174 
03-31 13:30:45.424 D/BLASTSyncEngine( 2349): SyncGroup 1684: Set ready true, caller=com.android.server.wm.BLASTSyncEngine.setReady:32 com.android.server.wm.Transition.applyReady:54 com.android.server.wm.Transition.setReady:72 com.android.server.wm.TransitionController.setReady:6 com.android.server.wm.DisplayContent.executeAppTransition:4 com.android.server.wm.ActivityRecord.completeResumeLocked:115 
03-31 13:30:45.424 D/WindowManagerServiceExt( 2349): updateTaskbarTargetIfNeeded: reset
03-31 13:30:45.424 D/SurfaceComposerClient( 2349): setCornerRadius ## a4b6524 com.sec.android.app.launcher/com.sec.android.app.launcher.activities.LauncherActivity#191 cornerRadius=0.000000
03-31 13:30:45.425 D/SurfaceComposerClient( 2349): setCornerRadius ## a4b6524 com.sec.android.app.launcher/com.sec.android.app.launcher.activities.LauncherActivity#191 cornerRadius=0.000000
03-31 13:30:45.425 I/HoneySpace.Launcher( 4276): !@Boot_EBS_D: Launcher.onResume()
03-31 13:30:45.425 V/WindowManager( 2349): SyncGroup 1684: Finished!
03-31 13:30:45.425 D/ChangeTransitionController( 2349): onTransactionReady: TransitionRecord{480fcd9 id=1684 type=CLOSE flags=0x10 c=[
03-31 13:30:45.425 D/ChangeTransitionController( 2349):    ChangeInfo{6ee6e26 container=ActivityRecord{3118458 u0 com.weejobs.app/.MainActivity t1627 f} isExiting} flags=0x0}
03-31 13:30:45.425 D/ChangeTransitionController( 2349):    ChangeInfo{78aa67 container=Task{ad6ed3 #1407 type=home I=com.sec.android.app.launcher/.activities.LauncherActivity} flags=0x0}
03-31 13:30:45.425 D/ChangeTransitionController( 2349):    ChangeInfo{9f62014 container=WallpaperWindowToken{fb2395 showWhenLocked=false}_<system|non-primary> flags=0x0}
03-31 13:30:45.425 D/ChangeTransitionController( 2349):    ChangeInfo{f09f0bd container=Task{17917a5 #1 type=home} flags=0x0}
03-31 13:30:45.425 D/ChangeTransitionController( 2349):    ChangeInfo{dc346b2 container=Task{27fc988 #1627 type=standard A=10789:com.weejobs.app} flags=0x0}
03-31 13:30:45.425 D/ChangeTransitionController( 2349):    ChangeInfo{b5b8603 container=Display{#0 state=ON size=904x2316 ROTATION_0} flags=0x0}
03-31 13:30:45.425 D/ChangeTransitionController( 2349):    ChangeInfo{21f2980 container=DefaultTaskDisplayArea_d0@99508180 flags=0x0}
03-31 13:30:45.425 D/ChangeTransitionController( 2349):    ChangeInfo{ee9dbb9 container=ActivityRecord{102437058 u0 com.sec.android.app.launcher/.activities.LauncherActivity t1407} flags=0x0}
03-31 13:30:45.425 D/ChangeTransitionController( 2349):    ChangeInfo{49b1bfe container=RemoteWallpaperAnim:1:1@212637009 flags=0x0}
03-31 13:30:45.425 D/ChangeTransitionController( 2349): ]
03-31 13:30:45.425 D/ChangeTransitionController( 2349): }
03-31 13:30:45.426 I/HoneySpace.Launcher( 4276): updateLauncherShowing false -> true
03-31 13:30:45.426 I/HoneySpace.Memory-Monitor( 4276): cancelTrimIfNeeded
03-31 13:30:45.426 I/HoneySpace.PredictionDataSourceImpl( 4276): requestPredictionUpdate 0 true
03-31 13:30:45.426 I/HoneySpace.Memory-Monitor( 4276): updateMaxHeap isHighScreenSize=false
03-31 13:30:45.426 I/HoneySpace.Memory-Monitor( 4276): PROPERTY_HOME_MEMORY_CACHE_LEVEL: -1
03-31 13:30:45.426 I/HoneySpace.Memory-Monitor( 4276): updateGraphicResourceCache curMemoryCacheLevel=1
03-31 13:30:45.426 V/WindowManager( 2349): Start calculating TransitionInfo based on participants: {ActivityRecord{3118458 u0 com.weejobs.app/.MainActivity t1627 f} isExiting}, Task{ad6ed3 #1407 type=home I=com.sec.android.app.launcher/.activities.LauncherActivity}, WallpaperWindowToken{fb2395 showWhenLocked=false}_<system|non-primary>, Task{17917a5 #1 type=home}, Task{27fc988 #1627 type=standard A=10789:com.weejobs.app}, ActivityRecord{102437058 u0 com.sec.android.app.launcher/.activities.LauncherActivity t1407}}
03-31 13:30:45.426 V/WindowManager( 2349):   Final targets: [ChangeInfo{f09f0bd container=Task{17917a5 #1 type=home} flags=0x30}, ChangeInfo{dc346b2 container=Task{27fc988 #1627 type=standard A=10789:com.weejobs.app} flags=0x10}, ChangeInfo{9f62014 container=WallpaperWindowToken{fb2395 showWhenLocked=false}_<system|non-primary> flags=0x0}]
03-31 13:30:45.426 I/SurfaceFlinger( 1676): id=27652 createSurf, flag=84004, Transition Root: Task=1#27652
03-31 13:30:45.427 I/HoneySpace.ShellTransitionManager( 4276): myHomeResumed
03-31 13:30:45.427 I/HoneySpace.TaskbarVisibilityController@110361640@OneUI( 4276): launcher showing: true recent showing: false 
03-31 13:30:45.427 I/SearchHoneyPot( 4276): onViewCreated: onResume
03-31 13:30:45.427 I/HoneySpace.ResumeTimer( 4276): last resume updated : 478347834
03-31 13:30:45.427 I/HoneySpace.TaskbarVisibilityController@110361640@OneUI( 4276): updateVisibility(100) isDock:false occlude:true needToHide:true hideFlag:false forceMinusOnePage:false launcher:true recent:false dexRecent:falseminus:false homePackage:false AppPicker:false :: state 0 -> 0
03-31 13:30:45.428 E/HeatmapThread( 1665): ECT Thread time in milliseconds: 1774989045
03-31 13:30:45.429 D/HeatmapThread( 1665): !@ batteryplugType : 0
03-31 13:30:45.429 D/HeatmapThread( 1665): !@ batteryLevel : 0  batteryTemperature : 0 
03-31 13:30:45.429 D/HeatmapThread( 1665): !@ Heatmap currtime: 29583150
03-31 13:30:45.429 D/HeatmapThread( 1665): !@ Heatmap prevtime: 29583123
03-31 13:30:45.429 D/HeatmapThread( 1665): !@ Heatmap plugstarttime: 35791394
03-31 13:30:45.429 D/HeatmapThread( 1665): !@ Heatmap prevv_dsoh_update_time: 29571275
03-31 13:30:45.429 E/HeatmapThread( 1665): !@Could not open '/efs/FactoryApp/bsoh', errno = 13
03-31 13:30:45.429 E/HeatmapThread( 1665): !@ CAM Could not access BSOH EFS
03-31 13:30:45.429 D/SurfaceComposerClient( 3951): setCornerRadius ## Task=1627#27640 cornerRadius=63.000000
03-31 13:30:45.429 E/HeatmapThread( 1665): !@ CAM New BSOH: 0
03-31 13:30:45.430 I/HoneySpace.PredictionDataSourceImpl( 4276): requestPredictionUpdate 1 true
03-31 13:30:45.430 I/SurfaceControlRegistry( 2349): show, t=StartTransaction_SyncId<1684> sc=ActivityRecord{102437058 u0 com.sec.android.app.launcher/.activities.LauncherActivity t1407}, caller=android.view.SurfaceControl$Transaction.show:3557 com.android.server.wm.Transition.onTransactionReady:2048 com.android.server.wm.BLASTSyncEngine$SyncGroup.finishNow:245 com.android.server.wm.BLASTSyncEngine.onSurfacePlacement:263 com.android.server.wm.RootWindowContainer.performSurfacePlacementNoTrace:1110 com.android.server.wm.WindowSurfacePlacer.performSurfacePlacement:166 
03-31 13:30:45.430 I/SurfaceControlRegistry( 2349): show, t=StartTransaction_SyncId<1684> sc=Task=1407, caller=android.view.SurfaceControl$Transaction.show:3557 com.android.server.wm.Transition.onTransactionReady:2081 com.android.server.wm.BLASTSyncEngine$SyncGroup.finishNow:245 com.android.server.wm.BLASTSyncEngine.onSurfacePlacement:263 com.android.server.wm.RootWindowContainer.performSurfacePlacementNoTrace:1110 com.android.server.wm.WindowSurfacePlacer.performSurfacePlacement:166 
03-31 13:30:45.430 D/SurfaceComposerClient( 2349): setCornerRadius ## WallpaperWindowToken{fb2395 showWhenLocked=false}#98 cornerRadius=0.000000
03-31 13:30:45.430 D/SurfaceComposerClient( 2349): setCornerRadius ## Task=1627#27640 cornerRadius=0.000000
03-31 13:30:45.430 D/SurfaceComposerClient( 2349): setCornerRadius ## Task=1#68 cornerRadius=0.000000
03-31 13:30:45.430 V/WindowManager( 2349): Calling onTransitionReady: {id=1684 t=CLOSE f=0x10 trk=0 r=[0@Point(0, 0)] c=[
03-31 13:30:45.430 V/WindowManager( 2349):         {WCT{RemoteToken{c64419a Task{17917a5 #1 type=home}}} m=TO_FRONT f=SHOW_WALLPAPER|MOVE_TO_TOP|EDGE_EXTENSION_RESTRICTION leash=Surface(name=Task=1)/@0xe8c1ecf sb=Rect(0, 0 - 904, 2316) eb=Rect(0, 0 - 904, 2316) epz=Point(904, 2316) d=0 taskParent=-1 inset=Rect(0, 87 - 0, 126)},
03-31 13:30:45.430 V/WindowManager( 2349):         {WCT{RemoteToken{8358851 Task{27fc988 #1627 type=standard A=10789:com.weejobs.app}}} m=CLOSE f=NONE leash=Surface(name=Task=1627)/@0x8154adb sb=Rect(0, 0 - 904, 2316) eb=Rect(0, 0 - 904, 2316) epz=Point(904, 2316) d=0 taskParent=-1 inset=Rect(0, 0 - 0, 0) dim=true},
03-31 13:30:45.430 V/WindowManager( 2349):         {m=TO_FRONT f=IS_WALLPAPER p=WCT{RemoteToken{de9ecd1 RemoteWallpaperAnim:1:1@212637009}} leash=Surface(name=WallpaperWindowToken{fb2395 showWhenLocked=false})/@0xc53d6bc sb=Rect(0, 0 - 904, 2316) eb=Rect(0, 0 - 904, 2316) epz=Point(904, 2316) d=0 inset=Rect(0, 0 - 0, 0)}
03-31 13:30:45.430 V/WindowManager( 2349):     ]}
03-31 13:30:45.431 I/btyz    (18463): onResume
03-31 13:30:45.431 D/RestrictionPolicy( 2349): isScreenCaptureEnabled : ret=true userId=0
03-31 13:30:45.431 D/ScreenCapture( 2349): [Capture_TEST] : setIsScreenShotBySystem false
03-31 13:30:45.431 I/SurfaceComposerClient( 2349): captureLayers:childrenOnly:1, sync:1
03-31 13:30:45.431 V/WindowManagerShell( 3951): onTransitionReady(transaction=10088878363804)
03-31 13:30:45.432 V/WindowManagerShell( 3951): onTransitionReady (#1684) android.os.BinderProxy@9b2c3a1: {id=1684 t=CLOSE f=0x10 trk=0 r=[0@Point(0, 0)] c=[
03-31 13:30:45.432 V/WindowManagerShell( 3951):         {m=TO_FRONT f=SHOW_WALLPAPER|MOVE_TO_TOP|EDGE_EXTENSION_RESTRICTION leash=Surface(name=Task=1)/@0xc0c1b38 sb=Rect(0, 0 - 904, 2316) eb=Rect(0, 0 - 904, 2316) epz=Point(904, 2316) d=0 taskParent=-1 inset=Rect(0, 87 - 0, 126)},
03-31 13:30:45.432 V/WindowManagerShell( 3951):         {m=CLOSE f=NONE leash=Surface(name=Task=1627)/@0x6c2d711 sb=Rect(0, 0 - 904, 2316) eb=Rect(0, 0 - 904, 2316) epz=Point(904, 2316) d=0 taskParent=-1 inset=Rect(0, 0 - 0, 0) dim=true},
03-31 13:30:45.432 V/WindowManagerShell( 3951):         {m=TO_FRONT f=IS_WALLPAPER p=WCT{android.window.IWindowContainerToken$Stub$Proxy@803b2e4} leash=Surface(name=WallpaperWindowToken{fb2395 showWhenLocked=false})/@0x6a2f076 sb=Rect(0, 0 - 904, 2316) eb=Rect(0, 0 - 904, 2316) epz=Point(904, 2316) d=0 inset=Rect(0, 0 - 0, 0)}
03-31 13:30:45.432 V/WindowManagerShell( 3951):     ]}
03-31 13:30:45.432 V/ShellDesktopMode( 3951): DesktopModeLogger: taskInfo map after processing changes 0
03-31 13:30:45.432 D/ShellDesktopMode( 3951): DesktopTaskChangeListener: onTaskMovingToFront for taskId=1, displayId=0
03-31 13:30:45.432 D/ShellDesktopMode( 3951): DesktopTaskChangeListener: onTaskClosing for taskId=1627, displayId=0
03-31 13:30:45.432 I/SurfaceControlRegistry( 3951): show, t=StartTransaction_SyncId<1684> sc=WallpaperWindowToken{fb2395 showWhenLocked=false}, caller=android.view.SurfaceControl$Transaction.show:3557 com.android.wm.shell.transition.Transitions.dispatchReady:907 com.android.wm.shell.transition.Transitions.onTransitionReady:251 com.android.wm.shell.transition.Transitions$TransitionPlayerImpl$$ExternalSyntheticLambda0.run:13 android.os.Handler.handleCallback:995 android.os.Handler.dispatchMessage:103 
03-31 13:30:45.432 I/SurfaceControlRegistry( 3951): hide, t=FinishTransaction_SyncId<1684> sc=Task=1627, caller=android.view.SurfaceControl$Transaction.hide:3583 com.android.wm.shell.transition.Transitions.dispatchReady:1263 com.android.wm.shell.transition.Transitions.onTransitionReady:251 com.android.wm.shell.transition.Transitions$TransitionPlayerImpl$$ExternalSyntheticLambda0.run:13 android.os.Handler.handleCallback:995 android.os.Handler.dispatchMessage:103 
03-31 13:30:45.432 I/SurfaceControlRegistry( 3951): show, t=StartTransaction_SyncId<1684> sc=Task=1, caller=android.view.SurfaceControl$Transaction.show:3557 com.android.wm.shell.transition.Transitions.dispatchReady:1279 com.android.wm.shell.transition.Transitions.onTransitionReady:251 com.android.wm.shell.transition.Transitions$TransitionPlayerImpl$$ExternalSyntheticLambda0.run:13 android.os.Handler.handleCallback:995 android.os.Handler.dispatchMessage:103 
03-31 13:30:45.433 I/SurfaceControlRegistry( 3951): show, t=FinishTransaction_SyncId<1684> sc=Task=1, caller=android.view.SurfaceControl$Transaction.show:3557 com.android.wm.shell.transition.Transitions.dispatchReady:1330 com.android.wm.shell.transition.Transitions.onTransitionReady:251 com.android.wm.shell.transition.Transitions$TransitionPlayerImpl$$ExternalSyntheticLambda0.run:13 android.os.Handler.handleCallback:995 android.os.Handler.dispatchMessage:103 
03-31 13:30:45.433 I/SurfaceFlinger( 1676): Capture layer list: 	 Splash Screen com.weejobs.app$_3951#27643(seamlessTransition:0)
03-31 13:30:45.433 V/WindowManagerShell( 3951): Transition (#1684) android.os.BinderProxy@9b2c3a1@0 ready while (#1683) android.os.BinderProxy@15c5cd5@0 is still animating. Notify the animating transition in case they can be merged
03-31 13:30:45.433 D/SurfaceComposerClient( 3951): setCornerRadius ## Task=1627#27640 cornerRadius=63.000000
03-31 13:30:45.433 D/RenderEngine( 1676): [SEC_SF_EFFECTS] drawLayersInternal,1483, Rendering layer ScreenCaptureFillLayer at index 0
03-31 13:30:45.433 D/RenderEngine( 1676): [SEC_SF_EFFECTS] drawLayersInternal,1483, Rendering layer Splash Screen com.weejobs.app$_3951#27643 at index 1
03-31 13:30:45.433 V/WindowManagerShell( 3951): Transition animation finished (aborted=false), notifying core (#1683) android.os.BinderProxy@15c5cd5@0
03-31 13:30:45.434 I/SurfaceControlRegistry( 3951): apply, t=FinishTransaction_SyncId<1683>, caller=android.view.SurfaceControl$Transaction.apply:3459 android.view.SurfaceControl$Transaction.apply:3447 android.view.SurfaceControl$Transaction.apply:3397 com.android.wm.shell.transition.Transitions.onFinish:315 com.android.wm.shell.transition.Transitions$$ExternalSyntheticLambda7.onTransitionFinished:12 com.android.wm.shell.transition.DefaultTransitionHandler$$ExternalSyntheticLambda2.run:36 
03-31 13:30:45.434 I/SurfaceFlinger( 1676): [Transition Root: Task=1#27652] attach to parent LayerHierarchy{RequestedLayerState{DefaultTaskDisplayArea_d0#11 parentId=10} 12 children}
03-31 13:30:45.435 D/RestrictionPolicy( 2349): isScreenCaptureEnabled : ret=true userId=0
03-31 13:30:45.436 V/WindowManager( 2349): Sent Transition (#1684) createdAt=03-31 13:30:45.378 via request=TransitionRequestInfo { type = CLOSE, triggerTask = TaskInfo{userId=0 taskId=1627 effectiveUid=10789 displayId=0 isRunning=true baseIntent=Intent { act=android.intent.action.MAIN cat=[android.intent.category.LAUNCHER] flg=0x10200000 cmp=com.weejobs.app/.MainActivity } baseActivity=ComponentInfo{com.weejobs.app/com.weejobs.app.MainActivity} topActivity=ComponentInfo{com.weejobs.app/com.weejobs.app.MainActivity} origActivity=null realActivity=ComponentInfo{com.weejobs.app/com.weejobs.app.MainActivity} numActivities=1 lastActiveTime=712550331 supportsMultiWindow=true resizeMode=1 isResizeable=true minWidth=-1 minHeight=-1 maxWidth=-1 maxHeight=-1 defaultMinSize=220 desktopDefaultMinSize=304 token=WCT{RemoteToken{8358851 Task{27fc988 #1627 type=standard A=10789:com.weejobs.app}}} topActivityType=1 pictureInPictureParams=null shouldDockBigOverlays=false launchIntoPipHostTaskId=-1 lastParentTaskIdBeforePip=-1 displayCutoutSafeInsets=Rect(0, 0 - 0, 0) topActivityInfo=ActivityInfo{b13b9b7 com.weejobs.app.MainActivity} launchCookies=[] positionInParent=Point(0, 0) parentTaskId=-1 isFocused=true isVisible=true isVisibleRequested=true isTopActivityNoDisplay=false isSleeping=false locusId=null displayAreaFeatureId=1 isTopActivityTransparent=false isActivityStackTransparent=false lastNonFullscreenBounds=Rect(71, 681 - 833, 1596) capturedLink=null capturedLinkTimestamp=0 requestedVisibleTypes=-9 topActivityRequestOpenInBrowserEducationTimestamp=0 appCompatTaskInfo=AppCompatTaskInfo { topActivityInSizeCompat=false eligibleForLetterboxEducation= false isLetterboxEducationEnabled= false isLetterboxDoubleTapEnabled= false eligibleForUserAspectRatioButton= false topActivityBoundsLetterboxed= false isFromLetterboxDoubleTap= false topActivityLetterboxVerticalPosition= -1 topActivityLetterboxHorizontalPosition= -1 topActivityLetterboxWidth=-1 topActivityLetterboxHeight=-1 topActivityAppBounds=Rect(0, 0 - 904, 2316) isUserFullscreenOverrideEnabled=true isSystemFullscreenOverrideEnabled=false hasMinAspectRatioOverride=false topActivityLetterboxBounds=null cameraCompatTaskInfo=CameraCompatTaskInfo { freeformCameraCompatMode=inactive} topActivityBounds=null topActivityInDisplayCompat=false singleTapFromLetterbox=false} topActivityMainWindowFrame=null originallySupportedMultiWindow=true hasWallpaper=false rootAffinity=10789:com.weejobs.app isTopTaskInStage=false CoverLauncherWidgetTask=false LaunchedFromAppsCoverLauncherTask=false LaunchedFromMultistarCoverLauncherTask=false isAllowedSeamlessRotation=false isTopTransparentActivity=false isAliasManaged=false hasConfigChanged=false snappingGuideBounds=null isAiKeyRemoveAppTask=false lastDesktopWindowingBounds=null lastExternalDesktopWindowingBounds=null isTopFullScreenWindow=true isFullSizeWindow=true safeCutoutInsets=null}, pipChange = null, remoteTransition = null, displayChange = null, flags = 16, debugId = 1684 }
03-31 13:30:45.436 V/WindowManager( 2349):     startWCT=WindowContainerTransaction { changes= {} hops= [] errorCallbackToken=null taskFragmentOrganizer=null }
03-31 13:30:45.436 V/WindowManager( 2349):     info={id=1684 t=CLOSE f=0x10 trk=0 r=[0@Point(0, 0)] c=[
03-31 13:30:45.436 V/WindowManager( 2349):         {WCT{RemoteToken{c64419a Task{17917a5 #1 type=home}}} m=TO_FRONT f=SHOW_WALLPAPER|MOVE_TO_TOP|EDGE_EXTENSION_RESTRICTION leash=Surface(name=Task=1)/@0xe8c1ecf sb=Rect(0, 0 - 904, 2316) eb=Rect(0, 0 - 904, 2316) epz=Point(904, 2316) d=0 taskParent=-1 inset=Rect(0, 87 - 0, 126)},
03-31 13:30:45.436 V/WindowManager( 2349):         {WCT{RemoteToken{8358851 Task{27fc988 #1627 type=standard A=10789:com.weejobs.app}}} m=CLOSE f=NONE leash=Surface(name=Task=1627)/@0x8154adb sb=Rect(0, 0 - 904, 2316) eb=Rect(0, 0 - 904, 2316) epz=Point(904, 2316) d=0 taskParent=-1 inset=Rect(0, 0 - 0, 0) dim=true},
03-31 13:30:45.436 V/WindowManager( 2349):         {m=TO_FRONT f=IS_WALLPAPER p=WCT{RemoteToken{de9ecd1 RemoteWallpaperAnim:1:1@212637009}} leash=Surface(name=WallpaperWindowToken{fb2395 showWhenLocked=false})/@0xc53d6bc sb=Rect(0, 0 - 904, 2316) eb=Rect(0, 0 - 904, 2316) epz=Point(904, 2316) d=0 inset=Rect(0, 0 - 0, 0)}
03-31 13:30:45.436 V/WindowManager( 2349):     ]}
03-31 13:30:45.437 D/AnalyticsContainerHandler( 2349): handleMessage : { when=0 what=1 target=com.android.server.knox.KnoxAnalyticsContainer$AnalyticsHandler }
03-31 13:30:45.438 V/WindowManager( 2349): Finish Transition: TransitionRecord{e9e9da5 id=1683 type=OPEN flags=0x0 c=[
03-31 13:30:45.438 V/WindowManager( 2349):    ChangeInfo{d53dc5d container=ActivityRecord{3118458 u0 com.weejobs.app/.MainActivity t1627 f} isExiting} flags=0x0}
03-31 13:30:45.438 V/WindowManager( 2349):    ChangeInfo{51a0f19 container=Task{ad6ed3 #1407 type=home I=com.sec.android.app.launcher/.activities.LauncherActivity} flags=0x10}
03-31 13:30:45.438 V/WindowManager( 2349):    ChangeInfo{3083bde container=WallpaperWindowToken{fb2395 showWhenLocked=false}_<system|non-primary> flags=0x0}
03-31 13:30:45.438 V/WindowManager( 2349):    ChangeInfo{87351bf container=Task{17917a5 #1 type=home} flags=0x10}
03-31 13:30:45.438 V/WindowManager( 2349):    ChangeInfo{6c759d2 container=Task{27fc988 #1627 type=standard A=10789:com.weejobs.app} flags=0x10}
03-31 13:30:45.438 V/WindowManager( 2349):    ChangeInfo{aab6aa3 container=Display{#0 state=ON size=904x2316 ROTATION_0} flags=0x0}
03-31 13:30:45.438 V/WindowManager( 2349):    ChangeInfo{28c41a0 container=DefaultTaskDisplayArea_d0@99508180 flags=0x0}
03-31 13:30:45.438 V/WindowManager( 2349):    ChangeInfo{4bc308c container=ActivityRecord{102437058 u0 com.sec.android.app.launcher/.activities.LauncherActivity t1407} flags=0x0}
03-31 13:30:45.438 V/WindowManager( 2349):    ChangeInfo{33383d5 container=WallpaperWindowToken{7fd0108 showWhenLocked=true}_<lock|non-primary> flags=0x0}
03-31 13:30:45.438 V/WindowManager( 2349):    ChangeInfo{ad837ea container=RemoteWallpaperAnim:1:1@212637009 flags=0x0}
03-31 13:30:45.438 V/WindowManager( 2349): ]
03-31 13:30:45.438 V/WindowManager( 2349): }, caller=com.android.server.wm.WindowOrganizerController.finishTransitionInner:31 com.android.server.wm.WindowOrganizerController.finishAllTransitions:60 android.window.IWindowOrganizerController$Stub.onTransact:283 
03-31 13:30:45.438 D/AnalyticsContainerHandler( 2349): handleMessage : { when=0 what=2 target=com.android.server.knox.KnoxAnalyticsContainer$AnalyticsHandler }
03-31 13:30:45.438 D/PersonaActivityHelper( 2349): token.toString()  Token{7006f21 ActivityRecord{3118458 u0 com.weejobs.app/.MainActivity t1627 f} isExiting}}
03-31 13:30:45.438 D/PersonaActivityHelper( 2349): mLastResumedSFActivity getPackageName  com.android.settings
03-31 13:30:45.438 D/PersonaActivityHelper( 2349): mLastResumedSFActivity getShortClassName  .SubSettings
03-31 13:30:45.438 I/ActivityManager( 2349): Changes in 10105 19 to 7, 0 to 128
03-31 13:30:45.438 V/WindowManager( 2349): Finish Transition (#1683): created at 03-31 13:30:45.222 collect-started=0.219ms request-sent=13.616ms started=25.679ms ready=85.363ms sent=96.822ms commit=9.555ms finished=215.411ms
03-31 13:30:45.438 D/PersonaActivityHelper( 2349): token.toString()  Token{bceaa10 ActivityRecord{102437058 u0 com.sec.android.app.launcher/.activities.LauncherActivity t1407}}
03-31 13:30:45.438 D/PersonaActivityHelper( 2349): mLastResumedSFActivity getPackageName  com.android.settings
03-31 13:30:45.438 D/PersonaActivityHelper( 2349): mLastResumedSFActivity getShortClassName  .SubSettings
03-31 13:30:45.438 D/ChangeTransitionController( 2349): onTransitionFinished: TransitionRecord{e9e9da5 id=1683 type=OPEN flags=0x0 c=[
03-31 13:30:45.438 D/ChangeTransitionController( 2349):    ChangeInfo{d53dc5d container=ActivityRecord{3118458 u0 com.weejobs.app/.MainActivity t1627 f} isExiting} flags=0x0}
03-31 13:30:45.438 D/ChangeTransitionController( 2349):    ChangeInfo{51a0f19 container=Task{ad6ed3 #1407 type=home I=com.sec.android.app.launcher/.activities.LauncherActivity} flags=0x10}
03-31 13:30:45.438 D/ChangeTransitionController( 2349):    ChangeInfo{3083bde container=WallpaperWindowToken{fb2395 showWhenLocked=false}_<system|non-primary> flags=0x0}
03-31 13:30:45.438 D/ChangeTransitionController( 2349):    ChangeInfo{87351bf container=Task{17917a5 #1 type=home} flags=0x10}
03-31 13:30:45.438 D/ChangeTransitionController( 2349):    ChangeInfo{6c759d2 container=Task{27fc988 #1627 type=standard A=10789:com.weejobs.app} flags=0x10}
03-31 13:30:45.438 D/ChangeTransitionController( 2349):    ChangeInfo{aab6aa3 container=Display{#0 state=ON size=904x2316 ROTATION_0} flags=0x0}
03-31 13:30:45.438 D/ChangeTransitionController( 2349):    ChangeInfo{28c41a0 container=DefaultTaskDisplayArea_d0@99508180 flags=0x0}
03-31 13:30:45.438 D/ChangeTransitionController( 2349):    ChangeInfo{4bc308c container=ActivityRecord{102437058 u0 com.sec.android.app.launcher/.activities.LauncherActivity t1407} flags=0x0}
03-31 13:30:45.438 D/ChangeTransitionController( 2349):    ChangeInfo{33383d5 container=WallpaperWindowToken{7fd0108 showWhenLocked=true}_<lock|non-primary> flags=0x0}
03-31 13:30:45.438 D/ChangeTransitionController( 2349):    ChangeInfo{ad837ea container=RemoteWallpaperAnim:1:1@212637009 flags=0x0}
03-31 13:30:45.438 D/ChangeTransitionController( 2349): ]
03-31 13:30:45.438 D/ChangeTransitionController( 2349): }
03-31 13:30:45.438 V/WindowManagerShell( 3951): Playing animation for (#1684) android.os.BinderProxy@9b2c3a1@0
03-31 13:30:45.439 I/SurfaceControlRegistry( 3951): show, t=StartTransaction_SyncId<1684> sc=Transition Root: Task=1, caller=android.view.SurfaceControl$Transaction.show:3557 com.android.wm.shell.transition.Transitions.playTransition:79 com.android.wm.shell.transition.Transitions.processReadyQueue:239 com.android.wm.shell.transition.Transitions.onFinish:528 com.android.wm.shell.transition.Transitions$$ExternalSyntheticLambda7.onTransitionFinished:12 com.android.wm.shell.transition.DefaultTransitionHandler$$ExternalSyntheticLambda2.run:36 
03-31 13:30:45.439 D/MdnieScenarioControlService( 2349):  packageName : com.sec.android.app.launcher    className : com.sec.android.app.launcher.Launcher
03-31 13:30:45.439 V/ShellRecents( 3951): RecentsTransitionHandler.startAnimation: no controller found
03-31 13:30:45.439 V/ShellDesktopMode( 3951): DesktopMixedTransitionHandler: No pending desktop transition
03-31 13:30:45.439 V/WindowManagerShell( 3951): Transition doesn't have explicit remote, search filters for match for {id=1684 t=CLOSE f=0x10 trk=0 r=[0@Point(0, 0)] c=[{m=TO_FRONT f=SHOW_WALLPAPER|MOVE_TO_TOP|EDGE_EXTENSION_RESTRICTION leash=Surface(name=Task=1)/@0xc0c1b38 sb=Rect(0, 0 - 904, 2316) eb=Rect(0, 0 - 904, 2316) epz=Point(904, 2316) d=0 taskParent=-1 inset=Rect(0, 87 - 0, 126)},{m=CLOSE f=NONE leash=Surface(name=Task=1627)/@0x6c2d711 sb=Rect(0, 0 - 904, 2316) eb=Rect(0, 0 - 904, 2316) epz=Point(904, 2316) d=0 taskParent=-1 inset=Rect(0, 0 - 0, 0) dim=true},{m=TO_FRONT f=IS_WALLPAPER p=WCT{android.window.IWindowContainerToken$Stub$Proxy@803b2e4} leash=Surface(name=WallpaperWindowToken{fb2395 showWhenLocked=false})/@0x6a2f076 sb=Rect(0, 0 - 904, 2316) eb=Rect(0, 0 - 904, 2316) epz=Point(904, 2316) d=0 inset=Rect(0, 0 - 0, 0)}]}
03-31 13:30:45.439 V/MdnieScenarioControlService( 2349): setUIMode from UI function(3)
03-31 13:30:45.439 V/WindowManagerShell( 3951):  Checking filter Pair{{types=[] flags=0x0] notFlags=0x100 checks=[{atype=home independent=true modes=[OPEN,TO_FRONT] flags=NONE mustBeTask=false order=TOP topActivity=ComponentInfo{com.sec.android.app.launcher/com.sec.android.app.launcher.Launcher} launchCookie=null windowingMode=undefined},{atype=recents independent=true modes=[CLOSE,TO_BACK] flags=NONE mustBeTask=false order=ANY topActivity=null launchCookie=null windowingMode=undefined}]} RemoteTransition { remoteTransition = android.window.IRemoteTransition$Stub$Proxy@a2d9588, appThread = android.app.IApplicationThread$Stub$Proxy@8284b21, debugName = QuickstepLaunchHomeFromRecentsflags =NONE }}
03-31 13:30:45.439 V/WindowManagerShell( 3951):  Checking filter Pair{{types=[] flags=0x0] notFlags=0x100 checks=[{atype=home independent=true modes=[OPEN,TO_FRONT] flags=NONE mustBeTask=false order=TOP topActivity=ComponentInfo{com.sec.android.app.launcher/com.sec.android.app.launcher.Launcher} launchCookie=null windowingMode=undefined},{atype=standard independent=true modes=[CLOSE,TO_BACK] flags=NONE mustBeTask=false order=ANY topActivity=null launchCookie=null windowingMode=undefined}]} RemoteTransition { remoteTransition = android.window.IRemoteTransition$Stub$Proxy@c923b46, appThread = android.app.IApplicationThread$Stub$Proxy@676c107, debugName = QuickstepLaunchHomeflags =NONE }}
03-31 13:30:45.439 D/RemoteTransitionHandler( 3951): Found filterPair{{types=[] flags=0x0] notFlags=0x100 checks=[{atype=home independent=true modes=[OPEN,TO_FRONT] flags=NONE mustBeTask=false order=TOP topActivity=ComponentInfo{com.sec.android.app.launcher/com.sec.android.app.launcher.Launcher} launchCookie=null windowingMode=undefined},{atype=standard independent=true modes=[CLOSE,TO_BACK] flags=NONE mustBeTask=false order=ANY topActivity=null launchCookie=null windowingMode=undefined}]} RemoteTransition { remoteTransition = android.window.IRemoteTransition$Stub$Proxy@c923b46, appThread = android.app.IApplicationThread$Stub$Proxy@676c107, debugName = QuickstepLaunchHomeflags =NONE }}
03-31 13:30:45.439 V/WindowManagerShell( 3951):  Delegate animation for (#1684) to RemoteTransition { remoteTransition = android.window.IRemoteTransition$Stub$Proxy@c923b46, appThread = android.app.IApplicationThread$Stub$Proxy@676c107, debugName = QuickstepLaunchHomeflags =NONE }
03-31 13:30:45.439 V/WindowManagerShell( 3951):  Excluded change from remote targets at (#1684), change={m=TO_FRONT f=IS_WALLPAPER p=WCT{android.window.IWindowContainerToken$Stub$Proxy@803b2e4} leash=Surface(name=WallpaperWindowToken{fb2395 showWhenLocked=false})/@0x6a2f076 sb=Rect(0, 0 - 904, 2316) eb=Rect(0, 0 - 904, 2316) epz=Point(904, 2316) d=0 inset=Rect(0, 0 - 0, 0)}
03-31 13:30:45.439 I/SamsungAccount( 1167): [AccountManagerProvider] isChildAccount
03-31 13:30:45.440 I/SurfaceFlinger( 1676): id=27653 createSurf, flag=84000, Surface(name=Task=1)/@0x4248d28_transition-leash#27653
03-31 13:30:45.441 I/SurfaceControlRegistry( 4276): show, t=StartTransaction_SyncId<1684> sc=Task=1, caller=android.view.SurfaceControl$Transaction.show:3557 S.j.a:152 S.j.u:0 S.j.t:0 com.android.systemui.animation.RemoteAnimationTargetCompat.wrap:48 com.android.systemui.animation.RemoteAnimationTargetCompat.wrapApps:10 
03-31 13:30:45.441 I/SurfaceFlinger( 1676): id=27654 createSurf, flag=84000, Surface(name=Task=1627)/@0x7140be6_transition-leash#27654
03-31 13:30:45.441 V/OsAgent ( 5266): broadcastSystemEvent - 7
03-31 13:30:45.442 I/HoneySpace.TopTaskSource( 4276): onTaskFocusChanged(): taskId = 1407
03-31 13:30:45.442 I/SurfaceFlinger( 1676): RequestedLayer [Task=1#68] hidden!! flag  from(0) --> to(1)
03-31 13:30:45.442 I/SurfaceFlinger( 1676): [LayerHierarchy{RequestedLayerState{ImeContainer#16 parentId=190 relativeParentId=191 z=1} 1 children}] RelativeParent to LayerHierarchy{RequestedLayerState{a4b6524 com.sec.android.app.launcher/com.sec.android.app.launcher.activities.LauncherActivity#191 parentId=190} 2 children}
03-31 13:30:45.442 I/SurfaceFlinger( 1676): [LayerHierarchy{RequestedLayerState{Task=1#68 parentId=11} 2 children}] reparent to LayerHierarchy{RequestedLayerState{DefaultTaskDisplayArea_d0#11 parentId=10} 13 children}
03-31 13:30:45.442 I/SurfaceFlinger( 1676): [LayerHierarchy{RequestedLayerState{WallpaperWindowToken{fb2395 showWhenLocked=false}#98 parentId=9 z=3} 1 children}] reparent to LayerHierarchy{RequestedLayerState{Leaf:1:1#9 parentId=8} 4 children}
03-31 13:30:45.442 I/SurfaceFlinger( 1676): [LayerHierarchy{RequestedLayerState{Task=1627#27640 parentId=11 z=9} 1 children}] reparent to LayerHierarchy{RequestedLayerState{DefaultTaskDisplayArea_d0#11 parentId=10} 14 children}
03-31 13:30:45.442 I/SurfaceFlinger( 1676): [LayerHierarchy{RequestedLayerState{Transition Root: Task=1627#27644 z=9} no children}] reparent to OffscreenRoot
03-31 13:30:45.442 I/SurfaceFlinger( 1676): [LayerHierarchy{RequestedLayerState{Transition Root: Task=1627#27644 z=9} no children}] RelativeParent to null
03-31 13:30:45.442 I/SurfaceFlinger( 1676): [Surface(name=Task=1)/@0x4248d28_transition-leash#27653] attach to parent LayerHierarchy{RequestedLayerState{Transition Root: Task=1#27652 parentId=11} 1 children}
03-31 13:30:45.442 I/SurfaceFlinger( 1676): [Surface(name=Task=1627)/@0x7140be6_transition-leash#27654] attach to parent LayerHierarchy{RequestedLayerState{Transition Root: Task=1#27652 parentId=11} 2 children}
03-31 13:30:45.442 I/HoneySpace.HistoryViewModel@56717545@OneUI( 4276): task bar is not showing. skip load history items
03-31 13:30:45.443 I/HoneySpace.HistoryViewModel@56717545@OneUI( 4276): launcherShowing : true, recentShowing : false, isInteractive : true, state : 0, minusOne : false
03-31 13:30:45.443 I/SurfaceFlinger( 1676): id=27644 Removed Transition Root: Task=1627#27644 (200)
03-31 13:30:45.443 D/SurfaceComposerClient( 2349): setCornerRadius ## a4b6524 com.sec.android.app.launcher/com.sec.android.app.launcher.activities.LauncherActivity#191 cornerRadius=0.000000
03-31 13:30:45.444 D/SurfaceFlinger( 1676): Display 4630946213010294403 HWC layers:
03-31 13:30:45.444 D/SurfaceFlinger( 1676):        DEVICE |           16969415812112 | 00000100 | RGBA_8888    |    0.0    0.0  904.0 2316.0 |    0    0  904 2316 | Wallpaper BBQ wrapper 17_system#128 (34)
03-31 13:30:45.444 D/SurfaceFlinger( 1676):        DEVICE |           16969415813443 | 00002100 | RGBA_8888    |    0.0    0.0  904.0 2316.0 |    0    0  904 2316 | Splash Screen com.weejobs.app$_3951#27643 (1)
03-31 13:30:45.444 D/SurfaceFlinger( 1676):        DEVICE |           16969415813175 | 00002100 | RGBA_8888    |    0.0    0.0  904.0   87.0 |    0    0  904   87 | StatusBar$_3951#122 (97495)
03-31 13:30:45.444 D/SurfaceFlinger( 1676):        DEVICE |           18365280161808 | 00002100 | RGBA_8888    |    0.0    0.0   67.0  451.0 |    0  493   67  944 | com.sec.android.app.launcher/com.sam[...]l.app.CocktailBarService$_4276#27160 (1)
03-31 13:30:45.444 D/SurfaceFlinger( 1676):        DEVICE |           16969415813252 | 00002100 | RGBA_8888    |    0.0    0.0  904.0  126.0 |    0 2190  904 2316 | NavigationBar0$_3951#118 (28213)
03-31 13:30:45.444 D/SurfaceFlinger( 1676): 
03-31 13:30:45.445 D/SurfaceFlinger( 1676): [input] setFocusedWindow: a4b6524 com.sec.android.app.launcher/com.sec.android.app.launcher.activities.LauncherActivity
03-31 13:30:45.445 I/SamsungAccount( 1167): [AccountManagerProvider] Calling package : android.honeyboard.
03-31 13:30:45.445 V/WindowManagerShell( 3951):  animated by com.android.wm.shell.transition.RemoteTransitionHandler@b2ce064
03-31 13:30:45.446 I/HoneySpace.SPayHandler( 4276): updateSpayHandler, show = false, defaultPage = false
03-31 13:30:45.446 I/SamsungAccount( 1167): [SignatureInfoDbHelper] searchOnUser(fromDb) - [10/lfgff][android.honeyboard.][64/3291d] => matched
03-31 13:30:45.446 I/SamsungAccount( 1167): [AccountManagerProvider] This is the access of the allowed application
03-31 13:30:45.446 I/SamsungAccount( 1167): [AccountManagerUtil] isSamsungAccountSignedIn : true
03-31 13:30:45.446 D/InputDispatcher( 2349): Focus left window (0): a4b6524 com.sec.android.app.launcher/com.sec.android.app.launcher.activities.LauncherActivity
03-31 13:30:45.447 I/ImeFocusController( 4276): onPreWindowFocus: skipped hasWindowFocus=false mHasImeFocus=true
03-31 13:30:45.447 V/Configuration( 2349): Updating configuration, locales updated from [] to [en_CA]
03-31 13:30:45.447 I/{OngoingActivityController}( 3951): onTaskFocusChanged but OA data is empty
03-31 13:30:45.448 I/SamsungAccount( 1167): [TPMU]  SIMState     :SIM_STATE_READY
03-31 13:30:45.448 I/SamsungAccount( 1167): [CountryCodeUtil] isChinaCountryCode : false
03-31 13:30:45.448 I/ImeFocusController( 4276): onPostWindowFocus: skipped hasWindowFocus=false mHasImeFocus=true
03-31 13:30:45.449 I/SamsungAccount( 1167): [TPMU] getMccFromUsim
03-31 13:30:45.449 I/SamsungAccount( 1167): [MccManager] saveMccToPreference Start
