03-31 13:23:52.549 10998 10998 I Notification4Water_AM: ,{"isAllowed":false,"packageName":"com.whatsapp","realPackageName":"","users":[{"isAllowed":false,"isWatchApp":false,"userId":0}]},{"isAllowed":false,"packageName":"com.woocommerce.android","realPackageName":"","users":[{"isAllowed":false,"isWatchApp":false,"userId":0}]}
03-31 13:23:52.549 10998 10998 I Notification4Water_AM: ,{"isAllowed":false,"packageName":"com.wood.nut.and.bolts.puzzle","realPackageName":"","users":[{"isAllowed":false,"isWatchApp":false,"userId":0}]},{"isAllowed":false,"packageName":"com.xgamesgroup.puzzleisland","realPackageName":"","users":[{"isAllowed":false,"isWatchApp":false,"userId":0}]}
03-31 13:23:52.549 10998 10998 I Notification4Water_AM: ,{"isAllowed":false,"packageName":"com.yahoo.mobile.client.android.finance","realPackageName":"","users":[{"isAllowed":false,"isWatchApp":false,"userId":0}]},{"isAllowed":false,"packageName":"com.yousician.piano","realPackageName":"","users":[{"isAllowed":false,"isWatchApp":false,"userId":0}]}
03-31 13:23:52.549 10998 10998 I Notification4Water_AM: ,{"isAllowed":false,"packageName":"com.yousician.yousician","realPackageName":"","users":[{"isAllowed":false,"isWatchApp":false,"userId":0}]},{"isAllowed":false,"packageName":"com.zecosystems.greenlots","realPackageName":"","users":[{"isAllowed":false,"isWatchApp":false,"userId":0}]}
03-31 13:23:52.549 10998 10998 I Notification4Water_AM: ,{"isAllowed":false,"packageName":"com.zhiliaoapp.musically","realPackageName":"","users":[{"isAllowed":false,"isWatchApp":false,"userId":0}]},{"isAllowed":false,"packageName":"com.zm.nuts","realPackageName":"","users":[{"isAllowed":false,"isWatchApp":false,"userId":0}]}
03-31 13:23:52.549 10998 10998 I Notification4Water_AM: ,{"isAllowed":false,"packageName":"com.zulip.flutter","realPackageName":"","users":[{"isAllowed":false,"isWatchApp":false,"userId":0}]},{"isAllowed":false,"packageName":"de.empfohlen","realPackageName":"","users":[{"isAllowed":false,"isWatchApp":false,"userId":0}]}
03-31 13:23:52.549 10998 10998 I Notification4Water_AM: ,{"isAllowed":false,"packageName":"dev.misha98857.react_article","realPackageName":"","users":[{"isAllowed":false,"isWatchApp":false,"userId":0}]},{"isAllowed":false,"packageName":"digital.rbi.timhortons","realPackageName":"","users":[{"isAllowed":false,"isWatchApp":false,"userId":0}]}
03-31 13:23:52.549 10998 10998 I Notification4Water_AM: ,{"isAllowed":false,"packageName":"filerecovery.photosrecovery.allrecovery","realPackageName":"","users":[{"isAllowed":false,"isWatchApp":false,"userId":0}]},{"isAllowed":false,"packageName":"freeplay.crowdrun.com","realPackageName":"","users":[{"isAllowed":false,"isWatchApp":false,"userId":0}]}
03-31 13:23:52.549 10998 10998 I Notification4Water_AM: ,{"isAllowed":false,"packageName":"games.resourcer.hex","realPackageName":"","users":[{"isAllowed":false,"isWatchApp":false,"userId":0}]},{"isAllowed":false,"packageName":"games.vaveda.militaryoverturn","realPackageName":"","users":[{"isAllowed":false,"isWatchApp":false,"userId":0}]}
03-31 13:23:52.549 10998 10998 I Notification4Water_AM: ,{"isAllowed":false,"packageName":"games.war.regions","realPackageName":"","users":[{"isAllowed":false,"isWatchApp":false,"userId":0}]},{"isAllowed":false,"packageName":"group.flowbird.mpp","realPackageName":"","users":[{"isAllowed":false,"isWatchApp":false,"userId":0}]}
03-31 13:23:52.549 10998 10998 I Notification4Water_AM: ,{"isAllowed":false,"packageName":"image.canon","realPackageName":"","users":[{"isAllowed":false,"isWatchApp":false,"userId":0}]},{"isAllowed":false,"packageName":"io.invideo.ai","realPackageName":"","users":[{"isAllowed":false,"isWatchApp":false,"userId":0}]}
03-31 13:23:52.549 10998 10998 I Notification4Water_AM: ,{"isAllowed":false,"packageName":"io.supercent.burgeridle","realPackageName":"","users":[{"isAllowed":false,"isWatchApp":false,"userId":0}]},{"isAllowed":false,"packageName":"io.supercent.pizzaidle","realPackageName":"","users":[{"isAllowed":false,"isWatchApp":false,"userId":0}]}
03-31 13:23:52.549 10998 10998 I Notification4Water_AM: ,{"isAllowed":false,"packageName":"it.Ettore.raspcontroller","realPackageName":"","users":[{"isAllowed":false,"isWatchApp":false,"userId":0}]},{"isAllowed":false,"packageName":"it.ale32thebest.galaxysensors","realPackageName":"","users":[{"isAllowed":false,"isWatchApp":false,"userId":0}]}
03-31 13:23:52.549 10998 10998 I Notification4Water_AM: ,{"isAllowed":false,"packageName":"jp.co.canon.ic.cameraconnect","realPackageName":"","users":[{"isAllowed":false,"isWatchApp":false,"userId":0}]},{"isAllowed":false,"packageName":"jp.co.canon.ic.mft","realPackageName":"","users":[{"isAllowed":false,"isWatchApp":false,"userId":0}]}
03-31 13:23:52.549 10998 10998 I Notification4Water_AM: ,{"isAllowed":false,"packageName":"learn.reactnative.tutorial","realPackageName":"","users":[{"isAllowed":false,"isWatchApp":false,"userId":0}]},{"isAllowed":false,"packageName":"ly.kia","realPackageName":"","users":[{"isAllowed":false,"isWatchApp":false,"userId":0}]}
03-31 13:23:52.549 10998 10998 I Notification4Water_AM: ,{"isAllowed":false,"packageName":"ma.safe.bnca","realPackageName":"","users":[{"isAllowed":false,"isWatchApp":false,"userId":0}]},{"isAllowed":false,"packageName":"math.puzzle.games.crossmath.number.puzzles.free","realPackageName":"","users":[{"isAllowed":false,"isWatchApp":false,"userId":0}]}
03-31 13:23:52.549 10998 10998 I Notification4Water_AM: ,{"isAllowed":false,"packageName":"my.gov.onegovappstore.healthcertverifier","realPackageName":"","users":[{"isAllowed":false,"isWatchApp":false,"userId":0}]},{"isAllowed":false,"packageName":"net.wargaming.wot.blitz","realPackageName":"","users":[{"isAllowed":false,"isWatchApp":false,"userId":0}]}
03-31 13:23:52.549 10998 10998 I Notification4Water_AM: ,{"isAllowed":false,"packageName":"net.zedge.android","realPackageName":"","users":[{"isAllowed":false,"isWatchApp":false,"userId":0}]},{"isAllowed":false,"packageName":"notion.id","realPackageName":"","users":[{"isAllowed":false,"isWatchApp":false,"userId":0}]}
03-31 13:23:52.549 10998 10998 I Notification4Water_AM: ,{"isAllowed":false,"packageName":"org.chromium.webapk.a0396022db1ee797b_v2","realPackageName":"","users":[{"isAllowed":false,"isWatchApp":false,"userId":0}]}
03-31 13:23:52.549 10998 10998 I Notification4Water_AM: ,{"isAllowed":false,"packageName":"org.chromium.webapk.a0b19cb30817c817c_v2","realPackageName":"","users":[{"isAllowed":false,"isWatchApp":false,"userId":0}]}
03-31 13:23:52.549 10998 10998 I Notification4Water_AM: ,{"isAllowed":false,"packageName":"org.chromium.webapk.a18645508f013e28b_v2","realPackageName":"","users":[{"isAllowed":false,"isWatchApp":false,"userId":0}]}
03-31 13:23:52.549 10998 10998 I Notification4Water_AM: ,{"isAllowed":false,"packageName":"org.chromium.webapk.a1d7b2a9b4137bf9a_v2","realPackageName":"","users":[{"isAllowed":false,"isWatchApp":false,"userId":0}]}
03-31 13:23:52.549 10998 10998 I Notification4Water_AM: ,{"isAllowed":false,"packageName":"org.chromium.webapk.a212a6f135ab516f9_v2","realPackageName":"","users":[{"isAllowed":false,"isWatchApp":false,"userId":0}]}
03-31 13:23:52.549 10998 10998 I Notification4Water_AM: ,{"isAllowed":false,"packageName":"org.chromium.webapk.a222fe96b1fde214f_v2","realPackageName":"","users":[{"isAllowed":false,"isWatchApp":false,"userId":0}]}
03-31 13:23:52.549 10998 10998 I Notification4Water_AM: ,{"isAllowed":false,"packageName":"org.chromium.webapk.a2951e61e76d70f7d_v2","realPackageName":"","users":[{"isAllowed":false,"isWatchApp":false,"userId":0}]}
03-31 13:23:52.549 10998 10998 I Notification4Water_AM: ,{"isAllowed":false,"packageName":"org.chromium.webapk.a2b2180f4b5c6edb1_v2","realPackageName":"","users":[{"isAllowed":false,"isWatchApp":false,"userId":0}]}
03-31 13:23:52.549 10998 10998 I Notification4Water_AM: ,{"isAllowed":false,"packageName":"org.chromium.webapk.a2c9c7487ddfed42f_v2","realPackageName":"","users":[{"isAllowed":false,"isWatchApp":false,"userId":0}]}
03-31 13:23:52.549 10998 10998 I Notification4Water_AM: ,{"isAllowed":false,"packageName":"org.chromium.webapk.a3638b0f226a6ad9e_v2","realPackageName":"","users":[{"isAllowed":false,"isWatchApp":false,"userId":0}]}
03-31 13:23:52.549 10998 10998 I Notification4Water_AM: ,{"isAllowed":false,"packageName":"org.chromium.webapk.a3f6df082e18a6a02_v2","realPackageName":"","users":[{"isAllowed":false,"isWatchApp":false,"userId":0}]}
03-31 13:23:52.549 10998 10998 I Notification4Water_AM: ,{"isAllowed":false,"packageName":"org.chromium.webapk.a6301029d958406ff_v2","realPackageName":"","users":[{"isAllowed":false,"isWatchApp":false,"userId":0}]}
03-31 13:23:52.549 10998 10998 I Notification4Water_AM: ,{"isAllowed":false,"packageName":"org.chromium.webapk.a9170f781fa195a5f_v2","realPackageName":"","users":[{"isAllowed":false,"isWatchApp":false,"userId":0}]}
03-31 13:23:52.549 10998 10998 I Notification4Water_AM: ,{"isAllowed":false,"packageName":"org.chromium.webapk.a937d1635471ae692_v2","realPackageName":"","users":[{"isAllowed":false,"isWatchApp":false,"userId":0}]}
03-31 13:23:52.549 10998 10998 I Notification4Water_AM: ,{"isAllowed":false,"packageName":"org.chromium.webapk.aa43775f2e890a68c_v2","realPackageName":"","users":[{"isAllowed":false,"isWatchApp":false,"userId":0}]}
03-31 13:23:52.549 10998 10998 I Notification4Water_AM: ,{"isAllowed":false,"packageName":"org.chromium.webapk.aae401e41b54f3ad2_v2","realPackageName":"","users":[{"isAllowed":false,"isWatchApp":false,"userId":0}]}
03-31 13:23:52.549 10998 10998 I Notification4Water_AM: ,{"isAllowed":false,"packageName":"org.chromium.webapk.abafafe13520c2a12_v2","realPackageName":"","users":[{"isAllowed":false,"isWatchApp":false,"userId":0}]}
03-31 13:23:52.549 10998 10998 I Notification4Water_AM: ,{"isAllowed":false,"packageName":"org.chromium.webapk.abc48a3fd27e34c96_v2","realPackageName":"","users":[{"isAllowed":false,"isWatchApp":false,"userId":0}]}
03-31 13:23:52.549 10998 10998 I Notification4Water_AM: ,{"isAllowed":false,"packageName":"org.chromium.webapk.abf5655685fb92359_v2","realPackageName":"","users":[{"isAllowed":false,"isWatchApp":false,"userId":0}]}
03-31 13:23:52.549 10998 10998 I Notification4Water_AM: ,{"isAllowed":false,"packageName":"org.chromium.webapk.ac94bfa2a2c253a91_v2","realPackageName":"","users":[{"isAllowed":false,"isWatchApp":false,"userId":0}]}
03-31 13:23:52.549 10998 10998 I Notification4Water_AM: ,{"isAllowed":false,"packageName":"org.chromium.webapk.ac9c3ef6542a89860_v2","realPackageName":"","users":[{"isAllowed":false,"isWatchApp":false,"userId":0}]}
03-31 13:23:52.549 10998 10998 I Notification4Water_AM: ,{"isAllowed":false,"packageName":"org.chromium.webapk.af109960ccde79705_v2","realPackageName":"","users":[{"isAllowed":false,"isWatchApp":false,"userId":0}]}
03-31 13:23:52.549 10998 10998 I Notification4Water_AM: ,{"isAllowed":false,"packageName":"org.chromium.webapk.af4fa275ed6742c25_v2","realPackageName":"","users":[{"isAllowed":false,"isWatchApp":false,"userId":0}]}
03-31 13:23:52.549 10998 10998 I Notification4Water_AM: ,{"isAllowed":false,"packageName":"org.chromium.webapk.af51b3fe40dfd90bb_v2","realPackageName":"","users":[{"isAllowed":false,"isWatchApp":false,"userId":0}]}
03-31 13:23:52.549 10998 10998 I Notification4Water_AM: ,{"isAllowed":false,"packageName":"org.chromium.webapk.af882b95f1de5646a_v2","realPackageName":"","users":[{"isAllowed":false,"isWatchApp":false,"userId":0}]}
03-31 13:23:52.549 10998 10998 I Notification4Water_AM: ,{"isAllowed":false,"packageName":"org.craigslist.CraigslistMobile","realPackageName":"","users":[{"isAllowed":false,"isWatchApp":false,"userId":0}]},{"isAllowed":false,"packageName":"org.mozilla.firefox","realPackageName":"","users":[{"isAllowed":false,"isWatchApp":false,"userId":0}]}
03-31 13:23:52.549 10998 10998 I Notification4Water_AM: ,{"isAllowed":false,"packageName":"org.thingsboard.demo.app","realPackageName":"","users":[{"isAllowed":false,"isWatchApp":false,"userId":0}]},{"isAllowed":false,"packageName":"org.thoughtcrime.securesms","realPackageName":"","users":[{"isAllowed":false,"isWatchApp":false,"userId":0}]}
03-31 13:23:52.549 10998 10998 I Notification4Water_AM: ,{"isAllowed":false,"packageName":"org.torproject.torbrowser","realPackageName":"","users":[{"isAllowed":false,"isWatchApp":false,"userId":0},{"isAllowed":false,"isWatchApp":false,"userId":151}]}
03-31 13:23:52.549 10998 10998 I Notification4Water_AM: ,{"isAllowed":false,"packageName":"org.wordpress.android","realPackageName":"","users":[{"isAllowed":false,"isWatchApp":false,"userId":0}]},{"isAllowed":false,"packageName":"org.xbmc.kore","realPackageName":"","users":[{"isAllowed":false,"isWatchApp":false,"userId":0}]}
03-31 13:23:52.549 10998 10998 I Notification4Water_AM: ,{"isAllowed":false,"packageName":"ph.spacedesk.beta","realPackageName":"","users":[{"isAllowed":false,"isWatchApp":false,"userId":0}]},{"isAllowed":false,"packageName":"pl.acform.android.torch","realPackageName":"","users":[{"isAllowed":false,"isWatchApp":false,"userId":0}]}
03-31 13:23:52.549 10998 10998 I Notification4Water_AM: ,{"isAllowed":false,"packageName":"sadev.mobile.androidapps","realPackageName":"","users":[{"isAllowed":false,"isWatchApp":false,"userId":0}]},{"isAllowed":false,"packageName":"sg.bigo.live","realPackageName":"","users":[{"isAllowed":false,"isWatchApp":false,"userId":0}]}
03-31 13:23:52.549 10998 10998 I Notification4Water_AM: ,{"isAllowed":false,"packageName":"tej.wifithiefdetector","realPackageName":"","users":[{"isAllowed":false,"isWatchApp":false,"userId":0}]},{"isAllowed":false,"packageName":"to.tawk.android","realPackageName":"","users":[{"isAllowed":false,"isWatchApp":false,"userId":0}]}
03-31 13:23:52.549 10998 10998 I Notification4Water_AM: ,{"isAllowed":false,"packageName":"us.zoom.videomeetings","realPackageName":"","users":[{"isAllowed":false,"isWatchApp":false,"userId":0}]},{"isAllowed":false,"packageName":"voice.diary","realPackageName":"","users":[{"isAllowed":false,"isWatchApp":false,"userId":0}]}
03-31 13:23:52.549 10998 10998 I Notification4Water_AM: ,{"isAllowed":false,"packageName":"com.google.android.gms","realPackageName":"","users":[{"isAllowed":false,"isWatchApp":false,"userId":0}]},{"isAllowed":false,"packageName":"com.samsung.android.app.parentalcare","realPackageName":"","users":[{"isAllowed":false,"isWatchApp":false,"userId":0}]}
03-31 13:23:52.549 10998 10998 I Notification4Water_AM: ,{"isAllowed":false,"packageName":"com.samsung.android.gallery.watch","realPackageName":"","users":[{"isAllowed":false,"isWatchApp":true,"userId":0}]},{"isAllowed":false,"packageName":"com.samsung.android.wear.shealth","realPackageName":"","users":[{"isAllowed":false,"isWatchApp":true,"userId":0}]}
03-31 13:23:52.549 10998 10998 I Notification4Water_AM: ,{"isAllowed":true,"packageName":"com.samsung.android.wear.voicerecorder","realPackageName":"","users":[{"isAllowed":true,"isWatchApp":true,"userId":0}]}
03-31 13:23:52.549 10998 10998 I Notification4Water_AM: ,{"isAllowed":false,"packageName":"com.samsung.android.shealthmonitor","realPackageName":"","users":[{"isAllowed":false,"isWatchApp":false,"userId":0}]},{"isAllowed":false,"packageName":"ca.bellmedia.cravetv","realPackageName":"","users":[{"isAllowed":false,"isWatchApp":false,"userId":0}]}
03-31 13:23:52.549 10998 10998 I Notification4Water_AM: ,{"isAllowed":false,"packageName":"ca.ctv.ctvgo","realPackageName":"","users":[{"isAllowed":false,"isWatchApp":false,"userId":0}]},{"isAllowed":false,"packageName":"com.codverter.wearflashlight","realPackageName":"","users":[{"isAllowed":false,"isWatchApp":true,"userId":0}]}
03-31 13:23:52.549 10998 10998 I Notification4Water_AM: ,{"isAllowed":false,"packageName":"com.ginkage.wearmouse","realPackageName":"","users":[{"isAllowed":false,"isWatchApp":true,"userId":0}]},{"isAllowed":false,"packageName":"com.watchfacestudio.chronomarklpv7","realPackageName":"","users":[{"isAllowed":false,"isWatchApp":false,"userId":0}]}
03-31 13:23:52.549 10998 10998 I Notification4Water_AM: ,{"isAllowed":false,"packageName":"apps.r.speedometer","realPackageName":"","users":[{"isAllowed":false,"isWatchApp":false,"userId":0}]},{"isAllowed":false,"packageName":"com.leesolbrain.sleepisol.sleep","realPackageName":"","users":[{"isAllowed":false,"isWatchApp":false,"userId":0}]}
03-31 13:23:52.549 10998 10998 I Notification4Water_AM: ,{"isAllowed":false,"packageName":"com.avast.android.cleaner","realPackageName":"","users":[{"isAllowed":false,"isWatchApp":false,"userId":0}]},{"isAllowed":false,"packageName":"com.sony.songpal.mdr","realPackageName":"","users":[{"isAllowed":false,"isWatchApp":false,"userId":0}]}
03-31 13:23:52.549 10998 10998 I Notification4Water_AM: ,{"isAllowed":false,"packageName":"com.streamsoftinc.sony360ramobile","realPackageName":"","users":[{"isAllowed":false,"isWatchApp":false,"userId":0}]},{"isAllowed":false,"packageName":"com.picoai.languageapp.android","realPackageName":"","users":[{"isAllowed":false,"isWatchApp":false,"userId":0}]}
03-31 13:23:52.549 10998 10998 I Notification4Water_AM: ,{"isAllowed":false,"packageName":"com.google.android.apps.adm","realPackageName":"","users":[{"isAllowed":false,"isWatchApp":false,"userId":0}]},{"isAllowed":false,"packageName":"org.chromium.webapk.a8b006f580b20d181_v2","realPackageName":"","users":[{"isAllowed":false,"isWatchApp":false,"userId":0
03-31 13:23:52.549 10998 10998 I Notification4Water_AM: }]},{"isAllowed":false,"packageName":"com.valvesoftware.android.steam.community","realPackageName":"","users":[{"isAllowed":false,"isWatchApp":false,"userId":0}]}
03-31 13:23:52.549 10998 10998 I Notification4Water_AM: ,{"isAllowed":false,"packageName":"com.google.android.wearable.assistant","realPackageName":"","users":[{"isAllowed":false,"isWatchApp":true,"userId":0}]}
03-31 13:23:52.549 10998 10998 I Notification4Water_AM: ,{"isAllowed":false,"packageName":"org.chromium.webapk.abf62db244a826361_v2","realPackageName":"","users":[{"isAllowed":false,"isWatchApp":false,"userId":0}]}
03-31 13:23:52.549 10998 10998 I Notification4Water_AM: ,{"isAllowed":false,"packageName":"com.shopifyhostaway.companion.debug","realPackageName":"","users":[{"isAllowed":false,"isWatchApp":false,"userId":0}]},{"isAllowed":false,"packageName":"ridewithvia.bct.bctransit","realPackageName":"","users":[{"isAllowed":false,"isWatchApp":false,"userId":0}]}
03-31 13:23:52.549 10998 10998 I Notification4Water_AM: ,{"isAllowed":false,"packageName":"org.chromium.webapk.a2aa37e3d8646f0f4_v2","realPackageName":"","users":[{"isAllowed":false,"isWatchApp":false,"userId":0}]}
03-31 13:23:52.549 10998 10998 I Notification4Water_AM: ,{"isAllowed":false,"packageName":"org.chromium.webapk.a5182199374ca67b0_v2","realPackageName":"","users":[{"isAllowed":false,"isWatchApp":false,"userId":0}]}
03-31 13:23:52.549 10998 10998 I Notification4Water_AM: ,{"isAllowed":false,"packageName":"screen.mirroring.screenmirroring","realPackageName":"","users":[{"isAllowed":false,"isWatchApp":false,"userId":0}]},{"isAllowed":false,"packageName":"fitapp.fittofit","realPackageName":"","users":[{"isAllowed":false,"isWatchApp":false,"userId":0}]}
03-31 13:23:52.549 10998 10998 I Notification4Water_AM: ,{"isAllowed":false,"packageName":"com.cupidmedia.wrapper.ukrainedate","realPackageName":"","users":[{"isAllowed":false,"isWatchApp":false,"userId":0}]}
03-31 13:23:52.549 10998 10998 I Notification4Water_AM: ,{"isAllowed":false,"packageName":"cast.video.screenmirroring.casttotv","realPackageName":"","users":[{"isAllowed":false,"isWatchApp":false,"userId":0}]},{"isAllowed":false,"packageName":"com.tplink.tether","realPackageName":"","users":[{"isAllowed":false,"isWatchApp":false,"userId":0}]}
03-31 13:23:52.549 10998 10998 I Notification4Water_AM: ,{"isAllowed":false,"packageName":"com.instagram.barcelona","realPackageName":"","users":[{"isAllowed":false,"isWatchApp":false,"userId":0}]},{"isAllowed":false,"packageName":"com.sgiggle.production","realPackageName":"","users":[{"isAllowed":false,"isWatchApp":false,"userId":0}]}
03-31 13:23:52.549 10998 10998 I Notification4Water_AM: ,{"isAllowed":false,"packageName":"com.getpure.pure","realPackageName":"","users":[{"isAllowed":false,"isWatchApp":false,"userId":0}]},{"isAllowed":false,"packageName":"com.hualai","realPackageName":"","users":[{"isAllowed":false,"isWatchApp":false,"userId":0}]}
03-31 13:23:52.549 10998 10998 I Notification4Water_AM: ,{"isAllowed":false,"packageName":"genesis.nebula","realPackageName":"","users":[{"isAllowed":false,"isWatchApp":false,"userId":0}]},{"isAllowed":false,"packageName":"com.midea.ai.overseas","realPackageName":"","users":[{"isAllowed":false,"isWatchApp":false,"userId":0}]}
03-31 13:23:52.549 10998 10998 I Notification4Water_AM: ,{"isAllowed":false,"packageName":"com.midea.aircondition.obm","realPackageName":"","users":[{"isAllowed":false,"isWatchApp":false,"userId":0}]},{"isAllowed":false,"packageName":"com.tuya.smartlife","realPackageName":"","users":[{"isAllowed":false,"isWatchApp":false,"userId":0}]}
03-31 13:23:52.549 10998 10998 I Notification4Water_AM: ,{"isAllowed":false,"packageName":"com.transferwise.android","realPackageName":"","users":[{"isAllowed":false,"isWatchApp":false,"userId":0}]},{"isAllowed":false,"packageName":"com.checkitt","realPackageName":"","users":[{"isAllowed":false,"isWatchApp":false,"userId":0}]}
03-31 13:23:52.549 10998 10998 I Notification4Water_AM: ,{"isAllowed":false,"packageName":"com.dji.overSeaStore","realPackageName":"","users":[{"isAllowed":false,"isWatchApp":false,"userId":0}]},{"isAllowed":false,"packageName":"com.hitappsgames.wordsolitaire","realPackageName":"","users":[{"isAllowed":false,"isWatchApp":false,"userId":0}]}
03-31 13:23:52.549 10998 10998 I Notification4Water_AM: ,{"isAllowed":false,"packageName":"com.weejobs.app","realPackageName":"","users":[{"isAllowed":false,"isWatchApp":false,"userId":0}]}
03-31 13:23:52.549 10998 10998 I Notification4Water_AM: ]
03-31 13:23:52.549 10998 10998 I Notification4Water_AM: j / nodeId : c6a699e3
03-31 13:23:52.551 10998 10998 I WatchSettings_Water*: SettingsCompanion > put() : ##:##:##:##:60:BF, GW, /wcs_extension/sysui/notification/switch/app_settings, [{"channels":[{"isAllowed":true,"realPackageName":"com.samsung.android.dialer","virtualName":"missed_call"},{"isAllowed":true,"realPackageName":"com.samsung.android.dialer","virtualName":"Incoming_call"},{"isAllowed":true,"realPackageName":"com.samsung.android.clientconnection","virtualName":"voice_mail"}],"isAllowed":true,"packageName":"call","realPackageName":"com.samsung.android.dialer","users":[{"isAllowed":true,"isWatchApp":false,"userId":0}]},{"isAllowed":true,"packageName":"com.google.android.cellbroadcastreceiver","realPackageName":"","users":[{"isAllowed":true,"isWatchApp":false,"userId":0}]},{"isAllowed":false,"packageName":"com.android.chrome","realPackageName":"","users":[{"isAllowed":false,"isWatchApp":false,"userId":0},{"isAllowed":false,"isWatchApp":false,"userId":151}]},{"isAllowed":true,"packageName":"com.android.vending","realPackageName":"","users":[{"isAllowed":true,"isWatchApp":false,"userId":0},{"isAllowed":true,"isWatchApp":false,"userId":151}]},{"isAllowed":true,"packageName":"com.google.android.apps.maps","realPackageName":"","users":[{"isAllowed":true,"isWatchApp":false,"userId":0},{"isAllowed":false,"isWatchApp":false,"userId":151}]},{"isAllowed":false,"packageName":"com.google.android.apps.messaging","realPackageName":"","users":[{"isAllowed":false,"isWatchApp":false,"userId":0}]},{"isAllowed":false,"packageName":"com.google.android.apps.tachyon","realPackageName":"","users":[{"isAllowed":false,"isWatchApp":false,"userId":0}]},{"isAllowed":false,"packageName":"com.google.android.gm","realPackageName":"","users":[{"isAllowed":false,"isWatchApp":false,"userId":0}]},{"isAllowed":false,"packageName":"com.google.android.youtube","realPackageName":"","users":[{"isAllowed":false,"isWatchApp":false,"userId":0}]},{"isAllowed":false,"packageName":"com.samsung.android.app.contacts","realPackageName":"","users":[{"isAllowed":false,"isWatchApp":false,"userId":0},{"isAllowed":false,"isWatchApp":false,"userId":151}]},{"isAllowed":true,"packageName":"com.samsung.android.bixby.agent","realPackageName":"","users":[{"isAllowed":true,"isWatchApp":false,"userId":0}]},{"isAllowed":true,"packageName":"com.samsung.android.calendar","realPackageName":"","users":[{"isAllowed":true,"isWatchApp":false,"userId":0},{"isAllowed":true,"isWatchApp":false,"userId":151}]},{"isAllowed":false,"packageName":"com.samsung.android.messaging","realPackageName":"","users":[{"isAllowed":false,"isWatchApp":false,"userId":0}]},{"isAllowed":false,"packageName":"com.samsung.knox.securefolder","realPackageName":"","users":[{"isAllowed":false,"isWatchApp":false,"userId":0}]},{"isAllowed":false,"packageName":"com.sec.android.app.camera","realPackageName":"","users":[{"isAllowed":false,"isWatchApp":false,"userId":0},{"isAllowed":false,"isWatchApp":false,"userId":151}]},{"isAllowed":false,"packageName":"com.sec.android.app.sbrowser","realPackageName":"","users":[{"isAllowed":false,"isWatchApp":false,"userId":0},{"isAllowed":false,"isWatchApp":false,"userId":151}]},{"isAllowed":false,"packageName":"com.sec.android.gallery3d","realPackageName":"","users":[{"isAllowed":false,"isWatchApp":false,"userId":0},{"isAllowed":false,"isWatchApp":false,"userId":151}]},{"isAllowed":false,"packageName":"ca.radioplayer.android","realPackageName":"","users":[{"isAllowed":false,"isWatchApp":false,"userId":0}]},{"isAllowed":false,"packageName":"ca.walmart.ecommerceapp","realPackageName":"","users":[{"isAllowed":false,"isWatchApp":false,"userId":0}]},{"isAllowed":false,"packageName":"cc.diffusion.progression.android.intelcom","realPackageName":"","users":[{"isAllowed":false,"isWatchApp":false,"userId":0}]},{"isAllowed":false,"packageName":"com.Slack","realPackageName":"","users":[{"isAllowed":false,"isWatchApp":false,"userId":0}]},{"isAllowed":false,"packageName":"com.affirm.central","realPackageName":"","users":[{"isAllowed":false,"isWatchApp":false,"userId":0}]},{"isAllowed":false,"packageName":"com.amazon.mp
03-31 13:23:52.552 10998 10998 I WatchSettings_Water: SettingsCompanion > putPhoneDataItem() : SettingsDataItem(uri=/wcs_extension/sysui/notification/switch/app_settings, key=JSON_STRING, value=[{"channels":[{"isAllowed":true,"realPackageName":"com.samsung.android.dialer","virtualName":"missed_call"},{"isAllowed":true,"realPackageName":"com.samsung.android.dialer","virtualName":"Incoming_call"},{"isAllowed":true,"realPackageName":"com.samsung.android.clientconnection","virtualName":"voice_mail"}],"isAllowed":true,"packageName":"call","realPackageName":"com.samsung.android.dialer","users":[{"isAllowed":true,"isWatchApp":false,"userId":0}]},{"isAllowed":true,"packageName":"com.google.android.cellbroadcastreceiver","realPackageName":"","users":[{"isAllowed":true,"isWatchApp":false,"userId":0}]},{"isAllowed":false,"packageName":"com.android.chrome","realPackageName":"","users":[{"isAllowed":false,"isWatchApp":false,"userId":0},{"isAllowed":false,"isWatchApp":false,"userId":151}]},{"isAllowed":true,"packageName":"com.android.vending","realPackageName":"","users":[{"isAllowed":true,"isWatchApp":false,"userId":0},{"isAllowed":true,"isWatchApp":false,"userId":151}]},{"isAllowed":true,"packageName":"com.google.android.apps.maps","realPackageName":"","users":[{"isAllowed":true,"isWatchApp":false,"userId":0},{"isAllowed":false,"isWatchApp":false,"userId":151}]},{"isAllowed":false,"packageName":"com.google.android.apps.messaging","realPackageName":"","users":[{"isAllowed":false,"isWatchApp":false,"userId":0}]},{"isAllowed":false,"packageName":"com.google.android.apps.tachyon","realPackageName":"","users":[{"isAllowed":false,"isWatchApp":false,"userId":0}]},{"isAllowed":false,"packageName":"com.google.android.gm","realPackageName":"","users":[{"isAllowed":false,"isWatchApp":false,"userId":0}]},{"isAllowed":false,"packageName":"com.google.android.youtube","realPackageName":"","users":[{"isAllowed":false,"isWatchApp":false,"userId":0}]},{"isAllowed":false,"packageName":"com.samsung.android.app.contacts","realPackageName":"","users":[{"isAllowed":false,"isWatchApp":false,"userId":0},{"isAllowed":false,"isWatchApp":false,"userId":151}]},{"isAllowed":true,"packageName":"com.samsung.android.bixby.agent","realPackageName":"","users":[{"isAllowed":true,"isWatchApp":false,"userId":0}]},{"isAllowed":true,"packageName":"com.samsung.android.calendar","realPackageName":"","users":[{"isAllowed":true,"isWatchApp":false,"userId":0},{"isAllowed":true,"isWatchApp":false,"userId":151}]},{"isAllowed":false,"packageName":"com.samsung.android.messaging","realPackageName":"","users":[{"isAllowed":false,"isWatchApp":false,"userId":0}]},{"isAllowed":false,"packageName":"com.samsung.knox.securefolder","realPackageName":"","users":[{"isAllowed":false,"isWatchApp":false,"userId":0}]},{"isAllowed":false,"packageName":"com.sec.android.app.camera","realPackageName":"","users":[{"isAllowed":false,"isWatchApp":false,"userId":0},{"isAllowed":false,"isWatchApp":false,"userId":151}]},{"isAllowed":false,"packageName":"com.sec.android.app.sbrowser","realPackageName":"","users":[{"isAllowed":false,"isWatchApp":false,"userId":0},{"isAllowed":false,"isWatchApp":false,"userId":151}]},{"isAllowed":false,"packageName":"com.sec.android.gallery3d","realPackageName":"","users":[{"isAllowed":false,"isWatchApp":false,"userId":0},{"isAllowed":false,"isWatchApp":false,"userId":151}]},{"isAllowed":false,"packageName":"ca.radioplayer.android","realPackageName":"","users":[{"isAllowed":false,"isWatchApp":false,"userId":0}]},{"isAllowed":false,"packageName":"ca.walmart.ecommerceapp","realPackageName":"","users":[{"isAllowed":false,"isWatchApp":false,"userId":0}]},{"isAllowed":false,"packageName":"cc.diffusion.progression.android.intelcom","realPackageName":"","users":[{"isAllowed":false,"isWatchApp":false,"userId":0}]},{"isAllowed":false,"packageName":"com.Slack","realPackageName":"","users":[{"isAllowed":false,"isWatchApp":false,"userId":0}]},{"isAllowed":false,"packageName":"com.affirm.central","realPackageName":"","users":[{"isAllowed":false,"isWatchApp":false,"userId":0}]},{"isAllowed":f
03-31 13:23:52.553 11664 12096 W AppFunctions: Unknown schema [category=files, name=getFileContentUris, version=1]
03-31 13:23:52.553 10998 10998 I WatchSettings_Water*: SettingsCompanion > notifySettingsValueChangedToObserver() : /wcs_extension/sysui/notification/switch/app_settings
03-31 13:23:52.553 27012 27081 I WM-WorkerWrapper: Worker result SUCCESS for Work [ id=d6d40666-6a83-46a6-9306-ddcde1e5e632, tags={ com.samsung.android.kmxservice.ai.event.AiAppEventWorker } ]
03-31 13:23:52.554 27012 27081 I WM-WorkerWrapper: Setting status to enqueued for a70c6945-426b-4127-b729-30070507c59e
03-31 13:23:52.554 10998 10998 I BudsControllerService@af494f2: onReceive() : android.intent.action.PACKAGE_ADDED
03-31 13:23:52.554 10998 10998 I BudsControllerService@af494f2: onPackageChanged()
03-31 13:23:52.555  9280  9304 I SemPersonaManager: START getContainerName packageName = null, className = null, userId = 151
03-31 13:23:52.556 10998 10998 I BudsControllerService@af494f2: onReceive() : android.intent.action.PACKAGE_REPLACED
03-31 13:23:52.556 10998 10998 I BudsControllerService@af494f2: onPackageChanged()
03-31 13:23:52.557  2349 10629 I ActivityManager: Changes in 10371 8 to 10, 128 to 0
03-31 13:23:52.558  2349 10262 V Configuration: Updating configuration, locales updated from [en_CA] to [gd]
03-31 13:23:52.558  9280  9304 I SemPersonaManager: END getContainerName packageName
03-31 13:23:52.559  2349 10262 V Configuration: Updating configuration, locales updated from [en_CA] to [gl]
03-31 13:23:52.559  9280  9304 I CscFeatureUtil: [C] getOpStyleVariation mOpStyleVariation (CAN)
03-31 13:23:52.559  9280  9304 I CscFeatureUtil: [C] getOpStyleVariation mOpStyleVariation (CAN)
03-31 13:23:52.559  2349 10262 V Configuration: Updating configuration, locales updated from [en_CA] to [gu]
03-31 13:23:52.559  2349 10262 V Configuration: Updating configuration, locales updated from [en_CA] to [ha]
03-31 13:23:52.559  9280  9304 I CscFeatureUtil: [C] getOpStyleVariation mOpStyleVariation (CAN)
03-31 13:23:52.559  2349 10262 V Configuration: Updating configuration, locales updated from [en_CA] to [haw]
03-31 13:23:52.559  9280  9304 I CscFeatureUtil: [C] getOpStyleVariation mOpStyleVariation (CAN)
03-31 13:23:52.559  2349 10262 V Configuration: Updating configuration, locales updated from [en_CA] to [hi]
03-31 13:23:52.559  9280  9304 I CscFeatureUtil: [C] getOpStyleVariation mOpStyleVariation (CAN)
03-31 13:23:52.559  9280  9304 I CscFeatureUtil: [C] getOpStyleVariation mOpStyleVariation (CAN)
03-31 13:23:52.559  2349 10262 V Configuration: Updating configuration, locales updated from [en_CA] to [hmn]
03-31 13:23:52.560  9280  9304 I CscFeatureUtil: [C] getOpStyleVariation mOpStyleVariation (CAN)
03-31 13:23:52.560  2349 10262 V Configuration: Updating configuration, locales updated from [en_CA] to [hr]
03-31 13:23:52.560  9280  9304 I AccountTypeLoader: [C] add readonly account (readonly:false, table:false, att:false)
03-31 13:23:52.560  9280  9304 I TelephonyDataSource: [C] isMultiSimModel multiSimConfig : dsds
03-31 13:23:52.560  9280  9304 I SimModel: [C] isMultiSimModel : true
03-31 13:23:52.560  9280  9304 I AccountTypeLoader: [C] add sim1 account(support:true, multi:true)
03-31 13:23:52.560  9280  9304 I EsimUtil: [C] simslot : SIM_SLOT_1, esim :false
03-31 13:23:52.560  9280  9304 I CmcSettingManager: cmc activation : 0
03-31 13:23:52.560  9280  9304 I TelephonyDataSource: [C] isMultiSimModel multiSimConfig : dsds
03-31 13:23:52.560  9280  9304 I SimModel: [C] isMultiSimModel : true
03-31 13:23:52.560  2349 10262 V Configuration: Updating configuration, locales updated from [en_CA] to [hr_HR]
03-31 13:23:52.560  2349 10262 V Configuration: Updating configuration, locales updated from [en_CA] to [ht]
03-31 13:23:52.560 10998 13445 I BudsControllerService@af494f2: getSupportPackageList() : com.samsung.accessory.zenithmgr, bg_switching=true
03-31 13:23:52.560  2349 10262 V Configuration: Updating configuration, locales updated from [en_CA] to [hu]
03-31 13:23:52.561  2349 10262 V Configuration: Updating configuration, locales updated from [en_CA] to [hu_HU]
03-31 13:23:52.561 10998 10998 I BudsControllerService@af494f2: bindManagerConnections()
03-31 13:23:52.561  2349 10262 V Configuration: Updating configuration, locales updated from [en_CA] to [hy]
03-31 13:23:52.561  2349 10262 V Configuration: Updating configuration, locales updated from [en_CA] to [id]
03-31 13:23:52.561  2349 10262 V Configuration: Updating configuration, locales updated from [en_CA] to [ig]
03-31 13:23:52.561  2349 10262 V Configuration: Updating configuration, locales updated from [en_CA] to [id]
03-31 13:23:52.561  2349 10262 V Configuration: Updating configuration, locales updated from [en_CA] to [id_ID]
03-31 13:23:52.562  2349 10262 V Configuration: Updating configuration, locales updated from [en_CA] to [is]
03-31 13:23:52.562  2349 10262 V Configuration: Updating configuration, locales updated from [en_CA] to [it]
03-31 13:23:52.562  2349 10262 V Configuration: Updating configuration, locales updated from [en_CA] to [it_IT]
03-31 13:23:52.562  2349 10262 V Configuration: Updating configuration, locales updated from [en_CA] to [he]
03-31 13:23:52.562  2349 10262 V Configuration: Updating configuration, locales updated from [en_CA] to [ja]
03-31 13:23:52.562  2349 10262 V Configuration: Updating configuration, locales updated from [en_CA] to [yi]
03-31 13:23:52.563  2349 10262 V Configuration: Updating configuration, locales updated from [en_CA] to [jw]
03-31 13:23:52.563  2349 10262 V Configuration: Updating configuration, locales updated from [en_CA] to [ka]
03-31 13:23:52.563  2349 10262 V Configuration: Updating configuration, locales updated from [en_CA] to [kk]
03-31 13:23:52.563 10998 13445 I BudsControllerService@af494f2: getSupportPackageList() : com.samsung.accessory.zenithmgr, bg_switching=true
03-31 13:23:52.563  2349 10262 V Configuration: Updating configuration, locales updated from [en_CA] to [km]
03-31 13:23:52.563 10998 10998 I BudsControllerService@af494f2: bindManagerConnections()
03-31 13:23:52.563 10998 10998 I WatchSettings_Water: SettingsCompanion > putPhoneDataItem() : putDataItem() : Success : wear://bf2ffda2/wcs_extension/sysui/notification/switch/app_settings
03-31 13:23:52.563  2349 10262 V Configuration: Updating configuration, locales updated from [en_CA] to [kn]
03-31 13:23:52.564  2349 10262 V Configuration: Updating configuration, locales updated from [en_CA] to [ko]
03-31 13:23:52.564  2349 10262 V Configuration: Updating configuration, locales updated from [en_CA] to [ko_KR]
03-31 13:23:52.564  2349 10262 V Configuration: Updating configuration, locales updated from [en_CA] to [ku]
03-31 13:23:52.564  2349 10262 V Configuration: Updating configuration, locales updated from [en_CA] to [ky]
03-31 13:23:52.564  2349 10262 V Configuration: Updating configuration, locales updated from [en_CA] to [la]
03-31 13:23:52.564  2349 10262 V Configuration: Updating configuration, locales updated from [en_CA] to [lb]
03-31 13:23:52.565  2349 10262 V Configuration: Updating configuration, locales updated from [en_CA] to [lo]
03-31 13:23:52.565  2349 10262 V Configuration: Updating configuration, locales updated from [en_CA] to [lt]
03-31 13:23:52.565  2349 10262 V Configuration: Updating configuration, locales updated from [en_CA] to [lt_LT]
03-31 13:23:52.565  2349 10262 V Configuration: Updating configuration, locales updated from [en_CA] to [lv]
03-31 13:23:52.565  2349 10262 V Configuration: Updating configuration, locales updated from [en_CA] to [lv_LV]
03-31 13:23:52.566  2349 10262 V Configuration: Updating configuration, locales updated from [en_CA] to [mg]
03-31 13:23:52.568 27012 27113 W JobInfo : Requested important-while-foreground flag for job5510 is ignored and takes no effect
03-31 13:23:52.568  3826  4311 I bt_btm_pm: system/stack/acl/btm_pm.cc:272 BTM_SetPowerMode: Setting power mode for peer:xx:xx:xx:xx:60:bf current_mode:immediate:sniff[2] new_mode:forced:active[0]
03-31 13:23:52.568  3826  4311 I bt_btm_pm: system/stack/acl/btm_pm.cc:582 btm_pm_snd_md_req: Switching from immediate:sniff[0x02] to immediate:active[0x00]
03-31 13:23:52.568  1540  1540 D vendor.qti.bluetooth@1.0-ibs_handler: SerialClockVote: vote for UART CLK ON
03-31 13:23:52.569  1540  1540 D vendor.qti.bluetooth@1.0-wake_lock: Acquire wakelock is acquired 
03-31 13:23:52.569  1540  1540 I vendor.qti.bluetooth@1.0-ibs_handler: DeviceWakeUp: Writing IBS_WAKE_IND
03-31 13:23:52.573  2349  2976 I ActivityManager: Changes in 10371 10 to 8, 0 to 128
03-31 13:23:52.574  2349 10262 V Configuration: Updating configuration, locales updated from [en_CA] to [mi]
03-31 13:23:52.574  2349 10262 V Configuration: Updating configuration, locales updated from [en_CA] to [mk]
03-31 13:23:52.574  2349 10262 V Configuration: Updating configuration, locales updated from [en_CA] to [ml]
03-31 13:23:52.574  2349  3467 D ActivityManager: force stop from com.android.server.am.ActivityManagerService.forceStopPackage:4 com.android.server.am.ActivityManagerShellCommand.runForceStop:106 com.android.server.am.ActivityManagerShellCommand.onCommand:1868 
03-31 13:23:52.575  1540  4540 I vendor.qti.bluetooth@1.0-ibs_handler: ProcessIbsCmd: Received IBS_WAKE_ACK: 0xFC
03-31 13:23:52.575  1540  4540 I vendor.qti.bluetooth@1.0-ibs_handler: ProcessIbsCmd: Signal wack_cond_
03-31 13:23:52.575  1540  1540 D vendor.qti.bluetooth@1.0-ibs_handler: DeviceWakeUp: Unblocked from waiting for FC, pthread_cond_timedwait ret = 0
03-31 13:23:52.575  2349  3467 I ActivityManager: Force stopping com.weejobs.app appid=10789 user=0: from pid 31720
03-31 13:23:52.575  2349 10262 V Configuration: Updating configuration, locales updated from [en_CA] to [mn]
03-31 13:23:52.576  2349 10262 V Configuration: Updating configuration, locales updated from [en_CA] to [mr]
03-31 13:23:52.576  2349 10262 V Configuration: Updating configuration, locales updated from [en_CA] to [ms]
03-31 13:23:52.576  2349 10262 V Configuration: Updating configuration, locales updated from [en_CA] to [ms_MY]
03-31 13:23:52.577  1540  4540 I vendor.qti.bluetooth@1.0-ibs_handler: ProcessIbsCmd: Received IBS_WAKE_IND: 0xFD
03-31 13:23:52.577  2349 10262 V Configuration: Updating configuration, locales updated from [en_CA] to [mt]
03-31 13:23:52.577  1540  4540 I vendor.qti.bluetooth@1.0-ibs_handler: ProcessIbsCmd: Writing IBS_WAKE_ACK
03-31 13:23:52.577  2349 10262 V Configuration: Updating configuration, locales updated from [en_CA] to [mt_MT]
03-31 13:23:52.577  2349 10262 V Configuration: Updating configuration, locales updated from [en_CA] to [my]
03-31 13:23:52.577  2349 10262 V Configuration: Updating configuration, locales updated from [en_CA] to [nb]
03-31 13:23:52.577  2349 10262 V Configuration: Updating configuration, locales updated from [en_CA] to [nb_NO]
03-31 13:23:52.577  2349 10262 V Configuration: Updating configuration, locales updated from [en_CA] to [ne]
03-31 13:23:52.578  2349 10262 V Configuration: Updating configuration, locales updated from [en_CA] to [nl]
03-31 13:23:52.578  2349 10262 V Configuration: Updating configuration, locales updated from [en_CA] to [nl_NL]
03-31 13:23:52.578  2349 10262 V Configuration: Updating configuration, locales updated from [en_CA] to [nn]
03-31 13:23:52.578  2349 10262 V Configuration: Updating configuration, locales updated from [en_CA] to [nn_NO]
03-31 13:23:52.578  2349 10262 V Configuration: Updating configuration, locales updated from [en_CA] to [no]
03-31 13:23:52.579  2349 10262 V Configuration: Updating configuration, locales updated from [en_CA] to [ny]
03-31 13:23:52.579  2349 10262 V Configuration: Updating configuration, locales updated from [en_CA] to [or]
03-31 13:23:52.579  2349 10262 V Configuration: Updating configuration, locales updated from [en_CA] to [pa]
03-31 13:23:52.579  2349 10262 V Configuration: Updating configuration, locales updated from [en_CA] to [pl]
03-31 13:23:52.579  2349 10262 V Configuration: Updating configuration, locales updated from [en_CA] to [pl_PL]
03-31 13:23:52.580  2349 10262 V Configuration: Updating configuration, locales updated from [en_CA] to [ps]
03-31 13:23:52.580  2349 10262 V Configuration: Updating configuration, locales updated from [en_CA] to [pt]
03-31 13:23:52.580  9280  9304 I SimModel: [C] CompleteActiveSubscriptionInfoList : 1
03-31 13:23:52.580  9280  9304 I SimDataSource: [C] getSimIconIndex() iccTypeSlot : 0,2
03-31 13:23:52.580  9280  9304 I SimDataSource: [C] getSimIconIndex() [0] nIndex : 14
03-31 13:23:52.580  9280  9304 I SimDataSource: [C] getSimIcon(0) simIcon: 2131231693, iconIdx: 14
03-31 13:23:52.580  2349 10262 V Configuration: Updating configuration, locales updated from [en_CA] to [pt_BR]
03-31 13:23:52.580  2349 10262 V Configuration: Updating configuration, locales updated from [en_CA] to [pt_PT]
03-31 13:23:52.580  2349 10262 V Configuration: Updating configuration, locales updated from [en_CA] to [ro]
03-31 13:23:52.581  2349 10262 V Configuration: Updating configuration, locales updated from [en_CA] to [ro_RO]
03-31 13:23:52.581  2349 10262 V Configuration: Updating configuration, locales updated from [en_CA] to [ru]
03-31 13:23:52.581  2349 10262 V Configuration: Updating configuration, locales updated from [en_CA] to [ru_RU]
03-31 13:23:52.582  2349 10262 V Configuration: Updating configuration, locales updated from [en_CA] to [rw]
03-31 13:23:52.582  2349  5365 E oneway spamming:   #00 pc 00000000000625f8  /system/lib64/libbinder.so (android::BpBinder::transact(unsigned int, android::Parcel const&, android::Parcel*, unsigned int)+204) (BuildId: b20e50ea00d8b69e3f15acd74863a5d3)
03-31 13:23:52.582  2349  5365 E oneway spamming:   #01 pc 00000000001f6054  /system/lib64/libandroid_runtime.so (android_os_BinderProxy_transact(_JNIEnv*, _jobject*, int, _jobject*, _jobject*, int)+156) (BuildId: 944db32cb22f18e1d63569b27442604e)
03-31 13:23:52.582  2349  5365 E oneway spamming:   #02 pc 0000000000de4c1c  /data/misc/apexdata/com.android.art/dalvik-cache/arm64/boot.oat (art_jni_trampoline+140)
03-31 13:23:52.582  2349  5365 E oneway spamming:   #03 pc 0000000000950810  /data/misc/apexdata/com.android.art/dalvik-cache/arm64/boot.oat (android.os.BinderProxy.transact+3600)
03-31 13:23:52.582  2349  5365 E oneway spamming:   #04 pc 000000000066a79c  /apex/com.android.art/lib64/libart.so (nterp_helper+9292) (BuildId: a1fcb66a9fb3fa9071e8a42dcf9cd5ea)
03-31 13:23:52.582  2349  5365 E oneway spamming:   #05 pc 0000000000332a64  /system/framework/framework.jar (offset 0x7000) (android.app.usage.ICacheQuotaService$Stub$Proxy.computeCacheQuotaHints+48)
03-31 13:23:52.582  2349  5365 E oneway spamming:   #06 pc 000000000066a0c4  /apex/com.android.art/lib64/libart.so (nterp_helper+7540) (BuildId: a1fcb66a9fb3fa9071e8a42dcf9cd5ea)
03-31 13:23:52.582  2349  5365 E oneway spamming:   #07 pc 0000000000e43ac0  /system/framework/services.jar (com.android.server.storage.CacheQuotaStrategy$1$1.run+84)
03-31 13:23:52.582  2349  5365 E oneway spamming:   #08 pc 0000000000948130  /data/misc/apexdata/com.android.art/dalvik-cache/arm64/boot.oat (android.os.AsyncTask$SerialExecutor$1.run+64)
03-31 13:23:52.582  2349  5365 E oneway spamming:   #09 pc 00000000004c22cc  /data/misc/apexdata/com.android.art/dalvik-cache/arm64/boot.oat (java.util.concurrent.ThreadPoolExecutor.runWorker+956)
03-31 13:23:52.582  2349  5365 E oneway spamming:   #10 pc 00000000004c67e8  /data/misc/apexdata/com.android.art/dalvik-cache/arm64/boot.oat (java.util.concurrent.ThreadPoolExecutor$Worker.run+56)
03-31 13:23:52.582  2349  5365 E oneway spamming:   #11 pc 000000000034d5f0  /data/misc/apexdata/com.android.art/dalvik-cache/arm64/boot.oat (java.lang.Thread.run+64)
03-31 13:23:52.582  2349  5365 E oneway spamming:   #12 pc 00000000002aaf94  /apex/com.android.art/lib64/libart.so (art_quick_invoke_stub+612) (BuildId: a1fcb66a9fb3fa9071e8a42dcf9cd5ea)
03-31 13:23:52.582  2349  5365 E oneway spamming:   #13 pc 00000000002708ec  /apex/com.android.art/lib64/libart.so (art::ArtMethod::Invoke(art::Thread*, unsigned int*, unsigned int, art::JValue*, char const*)+220) (BuildId: a1fcb66a9fb3fa9071e8a42dcf9cd5ea)
03-31 13:23:52.582  2349  5365 E oneway spamming:   #14 pc 00000000004bdfe0  /apex/com.android.art/lib64/libart.so (art::Thread::CreateCallback(void*)+1184) (BuildId: a1fcb66a9fb3fa9071e8a42dcf9cd5ea)
03-31 13:23:52.582  2349  5365 E oneway spamming:   #15 pc 00000000004bdb30  /apex/com.android.art/lib64/libart.so (art::Thread::CreateCallbackWithUffdGc(void*)+8) (BuildId: a1fcb66a9fb3fa9071e8a42dcf9cd5ea)
03-31 13:23:52.582  2349  5365 E oneway spamming:   #16 pc 0000000000080fa4  /apex/com.android.runtime/lib64/bionic/libc.so (__pthread_start(void*)+184) (BuildId: 6e02b971ccb09fa5a1b478d2422decfa)
03-31 13:23:52.582  2349  5365 E oneway spamming:   #17 pc 0000000000073760  /apex/com.android.runtime/lib64/bionic/libc.so (__start_thread+68) (BuildId: 6e02b971ccb09fa5a1b478d2422decfa)
03-31 13:23:52.582  2349  5365 W BpBinder: Large outgoing transaction of 513532 bytes, interface descriptor , code 1 was sent
03-31 13:23:52.582  2349 10262 V Configuration: Updating configuration, locales updated from [en_CA] to [sd]
03-31 13:23:52.582  2349 10262 V Configuration: Updating configuration, locales updated from [en_CA] to [si]
03-31 13:23:52.582  2349 10262 V Configuration: Updating configuration, locales updated from [en_CA] to [sk]
03-31 13:23:52.583  2349 10262 V Configuration: Updating configuration, locales updated from [en_CA] to [sk_SK]
03-31 13:23:52.583  2349 10262 V Configuration: Updating configuration, locales updated from [en_CA] to [sl]
03-31 13:23:52.583  2349 10262 V Configuration: Updating configuration, locales updated from [en_CA] to [sl_SI]
03-31 13:23:52.583  2349 10262 V Configuration: Updating configuration, locales updated from [en_CA] to [sm]
03-31 13:23:52.583  2349 10262 V Configuration: Updating configuration, locales updated from [en_CA] to [sn]
03-31 13:23:52.584  2349 10262 V Configuration: Updating configuration, locales updated from [en_CA] to [so]
03-31 13:23:52.584  2349 10262 V Configuration: Updating configuration, locales updated from [en_CA] to [sq]
03-31 13:23:52.584  2349 10262 V Configuration: Updating configuration, locales updated from [en_CA] to [sr]
03-31 13:23:52.584  2349 10262 V Configuration: Updating configuration, locales updated from [en_CA] to [sr__#Latn]
03-31 13:23:52.584  2349 10262 V Configuration: Updating configuration, locales updated from [en_CA] to [st]
03-31 13:23:52.584  2349 10262 V Configuration: Updating configuration, locales updated from [en_CA] to [su]
03-31 13:23:52.585  2349 10262 V Configuration: Updating configuration, locales updated from [en_CA] to [sv]
03-31 13:23:52.585  2349 10262 V Configuration: Updating configuration, locales updated from [en_CA] to [sv_SE]
03-31 13:23:52.585  2349 10262 V Configuration: Updating configuration, locales updated from [en_CA] to [sw]
03-31 13:23:52.585  2349 10262 V Configuration: Updating configuration, locales updated from [en_CA] to [ta]
03-31 13:23:52.585  2349 10262 V Configuration: Updating configuration, locales updated from [en_CA] to [te]
03-31 13:23:52.585  2349 10696 D SecContentProvider2: query(), uri = 18 selection = isCopyContactToSimAllowed
03-31 13:23:52.585  2349 10262 V Configuration: Updating configuration, locales updated from [en_CA] to [tg]
03-31 13:23:52.586  2349 10696 D SecContentProvider2: isCopyContactToSimAllowed = true
03-31 13:23:52.586  2349 10262 V Configuration: Updating configuration, locales updated from [en_CA] to [th]
03-31 13:23:52.586  2349 10262 V Configuration: Updating configuration, locales updated from [en_CA] to [th_TH]
