03-31 13:33:05.930 D/ChangeTransitionController( 2349):    ChangeInfo{82999d4 container=Task{ad6ed3 #1407 type=home I=com.sec.android.app.launcher/.activities.LauncherActivity} flags=0x0}
03-31 13:33:05.930 D/ChangeTransitionController( 2349):    ChangeInfo{48d477d container=WallpaperWindowToken{fb2395 showWhenLocked=false}_<system|non-primary> flags=0x0}
03-31 13:33:05.930 D/ChangeTransitionController( 2349):    ChangeInfo{39db672 container=Task{17917a5 #1 type=home} flags=0x0}
03-31 13:33:05.930 D/ChangeTransitionController( 2349):    ChangeInfo{5e99ac3 container=Display{#0 state=ON size=904x2316 ROTATION_0} flags=0x0}
03-31 13:33:05.930 D/ChangeTransitionController( 2349):    ChangeInfo{7707f40 container=DefaultTaskDisplayArea_d0@99508180 flags=0x0}
03-31 13:33:05.930 D/ChangeTransitionController( 2349):    ChangeInfo{d2bde79 container=ActivityRecord{102437058 u0 com.sec.android.app.launcher/.activities.LauncherActivity t1407} flags=0x0}
03-31 13:33:05.930 D/ChangeTransitionController( 2349):    ChangeInfo{40cc7be container=Task{729b4e8 #1628 type=standard A=10789:com.weejobs.app} flags=0x0}
03-31 13:33:05.930 D/ChangeTransitionController( 2349):    ChangeInfo{941201f container=RemoteWallpaperAnim:1:1@212637009 flags=0x0}
03-31 13:33:05.930 D/ChangeTransitionController( 2349):    ChangeInfo{f7e4f6c container=ActivityRecord{212813052 u0 com.weejobs.app/.MainActivity t1628 f} isExiting} flags=0x0}
03-31 13:33:05.930 D/ChangeTransitionController( 2349): ]
03-31 13:33:05.930 D/ChangeTransitionController( 2349): }
03-31 13:33:05.930 V/WindowManager( 2349): Start calculating TransitionInfo based on participants: {Task{ad6ed3 #1407 type=home I=com.sec.android.app.launcher/.activities.LauncherActivity}, WallpaperWindowToken{fb2395 showWhenLocked=false}_<system|non-primary>, Task{17917a5 #1 type=home}, ActivityRecord{102437058 u0 com.sec.android.app.launcher/.activities.LauncherActivity t1407}, Task{729b4e8 #1628 type=standard A=10789:com.weejobs.app}, ActivityRecord{212813052 u0 com.weejobs.app/.MainActivity t1628 f} isExiting}}
03-31 13:33:05.931 V/WindowManager( 2349):   Final targets: [ChangeInfo{39db672 container=Task{17917a5 #1 type=home} flags=0x30}, ChangeInfo{40cc7be container=Task{729b4e8 #1628 type=standard A=10789:com.weejobs.app} flags=0x10}, ChangeInfo{48d477d container=WallpaperWindowToken{fb2395 showWhenLocked=false}_<system|non-primary> flags=0x0}]
03-31 13:33:05.931 I/SurfaceFlinger( 1676): id=27669 createSurf, flag=84004, Transition Root: Task=1#27669
03-31 13:33:05.931 I/{OngoingActivityController}( 3951): onTaskFocusChanged but OA data is empty
03-31 13:33:05.931 D/NavigationBarControllerImpl( 3951): setNavigationBarShortcut requestClass : com.android.wm.shell.controlpanel.activity.FlexPanelActivity, remoteViews : null, position : 0, priority : 11
03-31 13:33:05.931 D/RemoteViewPack( 3951): OnSetRemoteView RemoteViewShortcut(requestClass=com.android.wm.shell.controlpanel.activity.FlexPanelActivity, remoteViews=null, position=0, priority=11)
03-31 13:33:05.931 D/NavBarStateManager( 3951): NavBarStates(0) isGameMode: false
03-31 13:33:05.931 D/TaskBarPack( 3951): OnSetRemoteView Bundle[{remoteViews=null, priority=11, position=0, requestClass=com.android.wm.shell.controlpanel.activity.FlexPanelActivity}]
03-31 13:33:05.931 D/TaskbarDelegate( 3951): handleNavigationBarEvent() TaskbarDelegate is not initialized.
03-31 13:33:05.933 I/SurfaceFlinger( 1676): destroyed Surface(name=630de79 TaskbarWindow)/@0xe72b262 - animation-leash of insets_animation#27662 form LifecycleManager
03-31 13:33:05.933 I/SurfaceFlinger( 1676): [Transition Root: Task=1#27669] attach to parent LayerHierarchy{RequestedLayerState{DefaultTaskDisplayArea_d0#11 parentId=10} 12 children}
03-31 13:33:05.933 I/SurfaceFlinger( 1676): id=27662 onLayerDestroyed from LayerHierarchyBuilder(RequestedLayerState{Surface(name=630de79 TaskbarWindow)/@0xe72b262 - animation-leash of insets_animation#27662 !handle})
03-31 13:33:05.933 D/SurfaceComposerClient( 3951): setCornerRadius ## Task=1628#27657 cornerRadius=63.000000
03-31 13:33:05.933 D/ActivityManager( 2349): !@AM_BOOT_PROGRESS , ensureBootCompleted booting:false /enableScreen:false /caller:com.android.server.am.ActivityManagerService.ensureBootCompleted:47 com.android.server.am.ActivityManagerService$UiHandler.handleMessage$com$android$server$am$ActivityManagerService$UiHandler:614 
03-31 13:33:05.933 I/HqmInfo::c( 2349): checkAppError: list is null
03-31 13:33:05.933 I/Layer   ( 1676): id=27662 Destroyed Surface(name=630de79 TaskbarWindow)/@0xe72b262 - animation-leash of insets_animation#27662
03-31 13:33:05.934 I/SurfaceControlRegistry( 2349): show, t=StartTransaction_SyncId<1686> sc=ActivityRecord{102437058 u0 com.sec.android.app.launcher/.activities.LauncherActivity t1407}, caller=android.view.SurfaceControl$Transaction.show:3557 com.android.server.wm.Transition.onTransactionReady:2048 com.android.server.wm.BLASTSyncEngine$SyncGroup.finishNow:245 com.android.server.wm.BLASTSyncEngine.onSurfacePlacement:263 com.android.server.wm.RootWindowContainer.performSurfacePlacementNoTrace:1110 com.android.server.wm.WindowSurfacePlacer.performSurfacePlacement:166 
03-31 13:33:05.934 I/SurfaceControlRegistry( 2349): show, t=StartTransaction_SyncId<1686> sc=Task=1407, caller=android.view.SurfaceControl$Transaction.show:3557 com.android.server.wm.Transition.onTransactionReady:2081 com.android.server.wm.BLASTSyncEngine$SyncGroup.finishNow:245 com.android.server.wm.BLASTSyncEngine.onSurfacePlacement:263 com.android.server.wm.RootWindowContainer.performSurfacePlacementNoTrace:1110 com.android.server.wm.WindowSurfacePlacer.performSurfacePlacement:166 
03-31 13:33:05.934 D/SurfaceComposerClient( 2349): setCornerRadius ## WallpaperWindowToken{fb2395 showWhenLocked=false}#98 cornerRadius=0.000000
03-31 13:33:05.934 D/SurfaceComposerClient( 2349): setCornerRadius ## Task=1628#27657 cornerRadius=0.000000
03-31 13:33:05.934 D/SurfaceComposerClient( 2349): setCornerRadius ## Task=1#68 cornerRadius=0.000000
03-31 13:33:05.934 V/WindowManager( 2349): Calling onTransitionReady: {id=1686 t=CLOSE f=0x10 trk=0 r=[0@Point(0, 0)] c=[
03-31 13:33:05.934 V/WindowManager( 2349):         {WCT{RemoteToken{c64419a Task{17917a5 #1 type=home}}} m=TO_FRONT f=SHOW_WALLPAPER|MOVE_TO_TOP|EDGE_EXTENSION_RESTRICTION leash=Surface(name=Task=1)/@0xe8c1ecf sb=Rect(0, 0 - 904, 2316) eb=Rect(0, 0 - 904, 2316) epz=Point(904, 2316) d=0 taskParent=-1 inset=Rect(0, 87 - 0, 126)},
03-31 13:33:05.934 V/WindowManager( 2349):         {WCT{RemoteToken{f044420 Task{729b4e8 #1628 type=standard A=10789:com.weejobs.app}}} m=CLOSE f=NONE leash=Surface(name=Task=1628)/@0x2b7e4dd sb=Rect(0, 0 - 904, 2316) eb=Rect(0, 0 - 904, 2316) epz=Point(904, 2316) d=0 taskParent=-1 inset=Rect(0, 0 - 0, 0) dim=true},
03-31 13:33:05.934 V/WindowManager( 2349):         {m=TO_FRONT f=IS_WALLPAPER p=WCT{RemoteToken{de9ecd1 RemoteWallpaperAnim:1:1@212637009}} leash=Surface(name=WallpaperWindowToken{fb2395 showWhenLocked=false})/@0xc53d6bc sb=Rect(0, 0 - 904, 2316) eb=Rect(0, 0 - 904, 2316) epz=Point(904, 2316) d=0 inset=Rect(0, 0 - 0, 0)}
03-31 13:33:05.934 V/WindowManager( 2349):     ]}
03-31 13:33:05.935 W/ContextImpl(26731): Calling a method in the system process without a qualified user: android.app.ContextImpl.sendBroadcast:1335 android.content.ContextWrapper.sendBroadcast:515 qi.a.c:29 com.samsung.android.sm.iafd.IafdService.onStartCommand:43 android.app.ActivityThread.handleServiceArgs:6087 
03-31 13:33:05.935 D/RestrictionPolicy( 2349): isScreenCaptureEnabled : ret=true userId=0
03-31 13:33:05.935 D/ScreenCapture( 2349): [Capture_TEST] : setIsScreenShotBySystem false
03-31 13:33:05.935 I/SurfaceComposerClient( 2349): captureLayers:childrenOnly:1, sync:1
03-31 13:33:05.935 V/WindowManagerShell( 3951): onTransitionReady(transaction=10088878363838)
03-31 13:33:05.937 I/HoneySpace.HistoryViewModel@56717545@OneUI( 4276): Block stack change
03-31 13:33:05.937 V/WindowManagerShell( 3951): onTransitionReady (#1686) android.os.BinderProxy@b66bfdd: {id=1686 t=CLOSE f=0x10 trk=0 r=[0@Point(0, 0)] c=[
03-31 13:33:05.937 V/WindowManagerShell( 3951):         {m=TO_FRONT f=SHOW_WALLPAPER|MOVE_TO_TOP|EDGE_EXTENSION_RESTRICTION leash=Surface(name=Task=1)/@0x9a25eaa sb=Rect(0, 0 - 904, 2316) eb=Rect(0, 0 - 904, 2316) epz=Point(904, 2316) d=0 taskParent=-1 inset=Rect(0, 87 - 0, 126)},
03-31 13:33:05.937 V/WindowManagerShell( 3951):         {m=CLOSE f=NONE leash=Surface(name=Task=1628)/@0x4764a9b sb=Rect(0, 0 - 904, 2316) eb=Rect(0, 0 - 904, 2316) epz=Point(904, 2316) d=0 taskParent=-1 inset=Rect(0, 0 - 0, 0) dim=true},
03-31 13:33:05.937 V/WindowManagerShell( 3951):         {m=TO_FRONT f=IS_WALLPAPER p=WCT{android.window.IWindowContainerToken$Stub$Proxy@b1fbb76} leash=Surface(name=WallpaperWindowToken{fb2395 showWhenLocked=false})/@0xffb2e38 sb=Rect(0, 0 - 904, 2316) eb=Rect(0, 0 - 904, 2316) epz=Point(904, 2316) d=0 inset=Rect(0, 0 - 0, 0)}
03-31 13:33:05.937 V/WindowManagerShell( 3951):     ]}
03-31 13:33:05.937 I/libprocessgroup( 2349): Removed cgroup /sys/fs/cgroup/apps/uid_10789/pid_5184
03-31 13:33:05.937 V/OsAgent ( 5266): broadcastSystemEvent - 7
03-31 13:33:05.937 I/Zygote  ( 1479): Process 5184 exited due to signal 9 (Killed)
03-31 13:33:05.937 V/ShellDesktopMode( 3951): DesktopModeLogger: taskInfo map after processing changes 0
03-31 13:33:05.937 I/HoneySpace.Launcher( 4276): !@Boot_EBS_D: Launcher.onResume()
03-31 13:33:05.937 D/ShellDesktopMode( 3951): DesktopTaskChangeListener: onTaskMovingToFront for taskId=1, displayId=0
03-31 13:33:05.937 D/ShellDesktopMode( 3951): DesktopTaskChangeListener: onTaskClosing for taskId=1628, displayId=0
03-31 13:33:05.937 I/SurfaceFlinger( 1676): Capture layer list: 	 Splash Screen com.weejobs.app$_3951#27660(seamlessTransition:0)
03-31 13:33:05.938 I/SurfaceControlRegistry( 3951): show, t=StartTransaction_SyncId<1686> sc=WallpaperWindowToken{fb2395 showWhenLocked=false}, caller=android.view.SurfaceControl$Transaction.show:3557 com.android.wm.shell.transition.Transitions.dispatchReady:907 com.android.wm.shell.transition.Transitions.onTransitionReady:251 com.android.wm.shell.transition.Transitions$TransitionPlayerImpl$$ExternalSyntheticLambda0.run:13 android.os.Handler.handleCallback:995 android.os.Handler.dispatchMessage:103 
03-31 13:33:05.938 D/RenderEngine( 1676): [SEC_SF_EFFECTS] drawLayersInternal,1483, Rendering layer ScreenCaptureFillLayer at index 0
03-31 13:33:05.938 D/RenderEngine( 1676): [SEC_SF_EFFECTS] drawLayersInternal,1483, Rendering layer Splash Screen com.weejobs.app$_3951#27660 at index 1
03-31 13:33:05.938 I/SurfaceControlRegistry( 3951): hide, t=FinishTransaction_SyncId<1686> sc=Task=1628, caller=android.view.SurfaceControl$Transaction.hide:3583 com.android.wm.shell.transition.Transitions.dispatchReady:1263 com.android.wm.shell.transition.Transitions.onTransitionReady:251 com.android.wm.shell.transition.Transitions$TransitionPlayerImpl$$ExternalSyntheticLambda0.run:13 android.os.Handler.handleCallback:995 android.os.Handler.dispatchMessage:103 
03-31 13:33:05.938 I/SurfaceControlRegistry( 3951): show, t=StartTransaction_SyncId<1686> sc=Task=1, caller=android.view.SurfaceControl$Transaction.show:3557 com.android.wm.shell.transition.Transitions.dispatchReady:1279 com.android.wm.shell.transition.Transitions.onTransitionReady:251 com.android.wm.shell.transition.Transitions$TransitionPlayerImpl$$ExternalSyntheticLambda0.run:13 android.os.Handler.handleCallback:995 android.os.Handler.dispatchMessage:103 
03-31 13:33:05.938 I/SurfaceControlRegistry( 3951): show, t=FinishTransaction_SyncId<1686> sc=Task=1, caller=android.view.SurfaceControl$Transaction.show:3557 com.android.wm.shell.transition.Transitions.dispatchReady:1330 com.android.wm.shell.transition.Transitions.onTransitionReady:251 com.android.wm.shell.transition.Transitions$TransitionPlayerImpl$$ExternalSyntheticLambda0.run:13 android.os.Handler.handleCallback:995 android.os.Handler.dispatchMessage:103 
03-31 13:33:05.938 V/WindowManagerShell( 3951): Transition (#1686) android.os.BinderProxy@b66bfdd@0 ready while (#1685) android.os.BinderProxy@cd5bbde@0 is still animating. Notify the animating transition in case they can be merged
03-31 13:33:05.939 D/ActivityManager( 2349): freezing 26704 com.samsung.android.sm.devicesecurity
03-31 13:33:05.939 I/HoneySpace.HistoryViewModel@56717545@OneUI( 4276): task bar is not showing. skip load history items
03-31 13:33:05.939 I/HoneySpace.TopTaskSource( 4276): onTaskFocusChanged(): taskId = 1407
03-31 13:33:05.939 I/HoneySpace.Memory-Monitor( 4276): cancelTrimIfNeeded
03-31 13:33:05.939 I/HoneySpace.TaskbarEventTracker( 4276): invokeEvent() called with: event = SystemUiStateChanged(stateFlags=268435456)
03-31 13:33:05.939 I/HoneySpace.Launcher( 4276): updateLauncherShowing false -> true
03-31 13:33:05.939 D/SurfaceComposerClient( 3951): setCornerRadius ## Task=1628#27657 cornerRadius=63.000000
03-31 13:33:05.939 I/HoneySpace.TaskbarVisibilityController@110361640@OneUI( 4276): launcher showing: true recent showing: false 
03-31 13:33:05.940 I/HoneySpace.Memory-Monitor( 4276): updateMaxHeap isHighScreenSize=false
03-31 13:33:05.940 I/HoneySpace.Memory-Monitor( 4276): PROPERTY_HOME_MEMORY_CACHE_LEVEL: -1
03-31 13:33:05.940 I/HoneySpace.Memory-Monitor( 4276): updateGraphicResourceCache curMemoryCacheLevel=1
03-31 13:33:05.940 D/RestrictionPolicy( 2349): isScreenCaptureEnabled : ret=true userId=0
03-31 13:33:05.940 I/HoneySpace.PredictionDataSourceImpl( 4276): requestPredictionUpdate 0 true
03-31 13:33:05.940 I/HoneySpace.ShellTransitionManager( 4276): myHomeResumed
03-31 13:33:05.940 I/SearchHoneyPot( 4276): onViewCreated: onResume
03-31 13:33:05.940 I/HoneySpace.HistoryViewModel@56717545@OneUI( 4276): launcherShowing : false, recentShowing : false, isInteractive : true, state : 0, minusOne : false
03-31 13:33:05.940 I/HoneySpace.ResumeTimer( 4276): last resume updated : 478488347
03-31 13:33:05.940 I/HoneySpace.EdgePanel.CocktailHostRepositoryImpl( 4276): onNoteResume
03-31 13:33:05.940 I/HoneySpace.EdgePanel.EdgePanelContainerViewModel( 4276): cocktailHostRepository.edgePanelOperation NoteResumeComponent(componentName=ComponentInfo{com.sec.android.app.launcher/com.sec.android.app.launcher.Launcher})
03-31 13:33:05.941 I/HoneySpace.EdgePanel.ActivityUtils( 4276): HomePackage : com.sec.android.app.launcher, resumePackageName : com.sec.android.app.launcher, className : com.sec.android.app.launcher.Launcher
03-31 13:33:05.941 V/WindowManager( 2349): Sent Transition (#1686) createdAt=03-31 13:33:05.897 via request=TransitionRequestInfo { type = CLOSE, triggerTask = TaskInfo{userId=0 taskId=1628 effectiveUid=10789 displayId=0 isRunning=true baseIntent=Intent { act=android.intent.action.MAIN cat=[android.intent.category.LAUNCHER] flg=0x10200000 cmp=com.weejobs.app/.MainActivity } baseActivity=ComponentInfo{com.weejobs.app/com.weejobs.app.MainActivity} topActivity=ComponentInfo{com.weejobs.app/com.weejobs.app.MainActivity} origActivity=null realActivity=ComponentInfo{com.weejobs.app/com.weejobs.app.MainActivity} numActivities=1 lastActiveTime=712690848 supportsMultiWindow=true resizeMode=1 isResizeable=true minWidth=-1 minHeight=-1 maxWidth=-1 maxHeight=-1 defaultMinSize=220 desktopDefaultMinSize=304 token=WCT{RemoteToken{f044420 Task{729b4e8 #1628 type=standard A=10789:com.weejobs.app}}} topActivityType=1 pictureInPictureParams=null shouldDockBigOverlays=false launchIntoPipHostTaskId=-1 lastParentTaskIdBeforePip=-1 displayCutoutSafeInsets=Rect(0, 0 - 0, 0) topActivityInfo=ActivityInfo{9d7479e com.weejobs.app.MainActivity} launchCookies=[] positionInParent=Point(0, 0) parentTaskId=-1 isFocused=true isVisible=true isVisibleRequested=true isTopActivityNoDisplay=false isSleeping=false locusId=null displayAreaFeatureId=1 isTopActivityTransparent=false isActivityStackTransparent=false lastNonFullscreenBounds=Rect(71, 681 - 833, 1596) capturedLink=null capturedLinkTimestamp=0 requestedVisibleTypes=-9 topActivityRequestOpenInBrowserEducationTimestamp=0 appCompatTaskInfo=AppCompatTaskInfo { topActivityInSizeCompat=false eligibleForLetterboxEducation= false isLetterboxEducationEnabled= false isLetterboxDoubleTapEnabled= false eligibleForUserAspectRatioButton= false topActivityBoundsLetterboxed= false isFromLetterboxDoubleTap= false topActivityLetterboxVerticalPosition= -1 topActivityLetterboxHorizontalPosition= -1 topActivityLetterboxWidth=-1 topActivityLetterboxHeight=-1 topActivityAppBounds=Rect(0, 0 - 904, 2316) isUserFullscreenOverrideEnabled=true isSystemFullscreenOverrideEnabled=false hasMinAspectRatioOverride=false topActivityLetterboxBounds=null cameraCompatTaskInfo=CameraCompatTaskInfo { freeformCameraCompatMode=inactive} topActivityBounds=null topActivityInDisplayCompat=false singleTapFromLetterbox=false} topActivityMainWindowFrame=null originallySupportedMultiWindow=true hasWallpaper=false rootAffinity=10789:com.weejobs.app isTopTaskInStage=false CoverLauncherWidgetTask=false LaunchedFromAppsCoverLauncherTask=false LaunchedFromMultistarCoverLauncherTask=false isAllowedSeamlessRotation=false isTopTransparentActivity=false isAliasManaged=false hasConfigChanged=false snappingGuideBounds=null isAiKeyRemoveAppTask=false lastDesktopWindowingBounds=null lastExternalDesktopWindowingBounds=null isTopFullScreenWindow=true isFullSizeWindow=true safeCutoutInsets=null}, pipChange = null, remoteTransition = null, displayChange = null, flags = 16, debugId = 1686 }
03-31 13:33:05.941 V/WindowManager( 2349):     startWCT=WindowContainerTransaction { changes= {} hops= [] errorCallbackToken=null taskFragmentOrganizer=null }
03-31 13:33:05.941 I/HoneySpace.PredictionDataSourceImpl( 4276): requestPredictionUpdate 1 true
03-31 13:33:05.941 V/WindowManager( 2349):     info={id=1686 t=CLOSE f=0x10 trk=0 r=[0@Point(0, 0)] c=[
03-31 13:33:05.941 V/WindowManager( 2349):         {WCT{RemoteToken{c64419a Task{17917a5 #1 type=home}}} m=TO_FRONT f=SHOW_WALLPAPER|MOVE_TO_TOP|EDGE_EXTENSION_RESTRICTION leash=Surface(name=Task=1)/@0xe8c1ecf sb=Rect(0, 0 - 904, 2316) eb=Rect(0, 0 - 904, 2316) epz=Point(904, 2316) d=0 taskParent=-1 inset=Rect(0, 87 - 0, 126)},
03-31 13:33:05.941 V/WindowManager( 2349):         {WCT{RemoteToken{f044420 Task{729b4e8 #1628 type=standard A=10789:com.weejobs.app}}} m=CLOSE f=NONE leash=Surface(name=Task=1628)/@0x2b7e4dd sb=Rect(0, 0 - 904, 2316) eb=Rect(0, 0 - 904, 2316) epz=Point(904, 2316) d=0 taskParent=-1 inset=Rect(0, 0 - 0, 0) dim=true},
03-31 13:33:05.941 V/WindowManager( 2349):         {m=TO_FRONT f=IS_WALLPAPER p=WCT{RemoteToken{de9ecd1 RemoteWallpaperAnim:1:1@212637009}} leash=Surface(name=WallpaperWindowToken{fb2395 showWhenLocked=false})/@0xc53d6bc sb=Rect(0, 0 - 904, 2316) eb=Rect(0, 0 - 904, 2316) epz=Point(904, 2316) d=0 inset=Rect(0, 0 - 0, 0)}
03-31 13:33:05.941 V/WindowManager( 2349):     ]}
03-31 13:33:05.942 D/NavBarStateManager( 3951): NavBarStates(0) canUseNavBarBackgroundFrame: false
03-31 13:33:05.942 I/InputMethodManager( 4276): startInputInner - IInputMethodManagerGlobalInvoker.startInputOrWindowGainedFocus
03-31 13:33:05.942 I/HoneySpace.TaskbarVisibilityController@110361640@OneUI( 4276): updateVisibility(100) isDock:false occlude:true needToHide:true hideFlag:false forceMinusOnePage:false launcher:true recent:false dexRecent:falseminus:false homePackage:false AppPicker:false :: state 0 -> 0
03-31 13:33:05.943 I/WindowManager( 2349): notifyInsetsControlChanged, removed=false, win=Window{d22f856 u0 Splash Screen com.weejobs.app}, caller=com.android.server.wm.InsetsStateController$$ExternalSyntheticLambda1.run:137 com.android.server.wm.WindowAnimator$$ExternalSyntheticLambda2.onTransactionCommitted:26 android.view.SurfaceControl$Transaction$$ExternalSyntheticLambda4.run:0 android.os.Handler.handleCallback:995 android.os.Handler.dispatchMessage:103 android.os.Looper.loopOnce:273 
03-31 13:33:05.943 D/InetDiagMessage( 2349): Destroyed 0 sockets, proto=IPPROTO_TCP, family=AF_INET, states=14
03-31 13:33:05.943 D/BaseRestrictionMgr( 2349): Package: com.samsung.android.spay, userid: 0, hostingType: broadcast is allowed by freecess, caller is: com.sec.android.app.launcher
03-31 13:33:05.943 D/ActivityManager( 2349): unpendingScheduleServiceRestart: u=10339, drop=false
03-31 13:33:05.943 V/WindowManagerShell( 3951): Transition animation finished (aborted=false), notifying core (#1685) android.os.BinderProxy@cd5bbde@0
03-31 13:33:05.943 I/SurfaceControlRegistry( 3951): apply, t=FinishTransaction_SyncId<1685>, caller=android.view.SurfaceControl$Transaction.apply:3459 android.view.SurfaceControl$Transaction.apply:3447 android.view.SurfaceControl$Transaction.apply:3397 com.android.wm.shell.transition.Transitions.onFinish:315 com.android.wm.shell.transition.Transitions$$ExternalSyntheticLambda7.onTransitionFinished:12 com.android.wm.shell.transition.DefaultTransitionHandler$$ExternalSyntheticLambda2.run:36 
03-31 13:33:05.945 D/InetDiagMessage( 2349): Destroyed 0 sockets, proto=IPPROTO_TCP, family=AF_INET6, states=14
03-31 13:33:05.945 D/BackgroundInstallControlService( 2349): Package event received: 0
03-31 13:33:05.945 D/InetDiagMessage( 2349): Destroyed live tcp sockets for uids={10789} in 10ms
03-31 13:33:05.945 I/HoneySpace.SPayHandler( 4276): updateSpayHandler, show = false, defaultPage = false
03-31 13:33:05.945 V/ActivityManager( 2349): Got obituary of 5184:com.weejobs.app
03-31 13:33:05.946 D/AnalyticsContainerHandler( 2349): handleMessage : { when=0 what=1 target=com.android.server.knox.KnoxAnalyticsContainer$AnalyticsHandler }
03-31 13:33:05.946 I/SDHMS:PowerAnomaly:Analyzer:AppError(10397): analyze app error : uid=10789, pkg=com.weejobs.app, appErrorCount=5
03-31 13:33:05.946 D/AnalyticsContainerHandler( 2349): handleMessage : { when=0 what=2 target=com.android.server.knox.KnoxAnalyticsContainer$AnalyticsHandler }
03-31 13:33:05.946 I/SemDvfsHyPerManager(10397): acquire hyper - APP_START_HOME/10397@23, type = -999
03-31 13:33:05.946 I/HoneySpace.TaskbarPot@85836121@OneUI( 4276): setDockedTaskBarBackground statFlags = 268435456
03-31 13:33:05.946 V/InputMethodManagerService( 2349): startInputOrWindowGainedFocusInternalLocked: reason=WINDOW_FOCUS_GAIN client=android.os.BinderProxy@c4663d7 inputContext=null editorInfo=android.view.inputmethod.EditorInfo@c05e3b1 startInputFlags=VIEW_HAS_FOCUS|INITIAL_CONNECTION softInputMode=STATE_UNSPECIFIED|ADJUST_NOTHING windowFlags=#81910100 unverifiedTargetSdkVersion=36 bindingController=com.android.server.inputmethod.InputMethodBindingController@ef4770a imeDispatcher=android.window.ImeOnBackInvokedDispatcher@5c81096 cs=ClientState{ea9aee7 mUid=10140 mPid=4276 mSelfReportedDisplayId=0} imeRequestedVisible=false
03-31 13:33:05.946 V/InputMethodManagerService( 2349): setWindowStateInner, windowToken=android.os.BinderProxy@11299b7, state=ImeTargetWindowState{ imeToken null imeFocusChanged false hasEditorFocused false requestedImeVisible false imeDisplayId 0 softInputModeState STATE_UNSPECIFIED|ADJUST_NOTHING isStartInputByGainFocus true}
03-31 13:33:05.946 V/InputMethodManagerService( 2349): Same window without editor will hide input
03-31 13:33:05.947 I/btyz    (18463): onResume
03-31 13:33:05.947 I/ImeTracker( 2349): com.sec.android.app.launcher:e3918fec: onRequestHide at ORIGIN_SERVER reason HIDE_SAME_WINDOW_FOCUSED_WITHOUT_EDITOR fromUser false
03-31 13:33:05.947 V/InputMethodManagerService( 2349): applyImeVisibility state=5
03-31 13:33:05.947 D/SemInputMethodManagerServiceUtil( 2349): restorePreviousUsedInputMethod : failed to return the previous ime becuase the stored info is null or do not need restore
03-31 13:33:05.947 V/InputMethodManagerService( 2349): semComputeImeDisplayIdForTarget: displayToShowIme=0
03-31 13:33:05.947 V/InputMethodManagerService( 2349): Creating new accessibility sessions for client ClientState{ea9aee7 mUid=10140 mPid=4276 mSelfReportedDisplayId=0}
03-31 13:33:05.947 I/SDHMS:LOAD(10397): type: LoadsFreqs, value: 0:0:0:0:0:0:0:0:0:0:0:0
03-31 13:33:05.947 I/InputMethodManager( 4276): handleMessage: setImeVisibility visible=false
03-31 13:33:05.947 I/HYPER-HAL( 1561): [RequestManager.cpp]acquire(): Acquired ID : 54293433  [10397 / 23]    HINT : APP_START    list : [KERNEL_APP_START_NOTIFY / 0] [TIMEOUT / 1500] 
03-31 13:33:05.947 I/ImeTracker( 4276): com.sec.android.app.launcher:e3918fec: onCancelled at PHASE_CLIENT_ALREADY_HIDDEN
03-31 13:33:05.947 V/WindowManager( 2349): Finish Transition: TransitionRecord{40d31ef id=1685 type=OPEN flags=0x0 c=[
03-31 13:33:05.947 V/WindowManager( 2349):    ChangeInfo{1dd6dab container=Task{ad6ed3 #1407 type=home I=com.sec.android.app.launcher/.activities.LauncherActivity} flags=0x10}
03-31 13:33:05.947 V/WindowManager( 2349):    ChangeInfo{ff3fc08 container=WallpaperWindowToken{fb2395 showWhenLocked=false}_<system|non-primary> flags=0x0}
03-31 13:33:05.947 V/WindowManager( 2349):    ChangeInfo{7dcefa1 container=Task{17917a5 #1 type=home} flags=0x10}
03-31 13:33:05.947 V/WindowManager( 2349):    ChangeInfo{25c3900 container=Display{#0 state=ON size=904x2316 ROTATION_0} flags=0x0}
03-31 13:33:05.947 V/WindowManager( 2349):    ChangeInfo{a27539 container=DefaultTaskDisplayArea_d0@99508180 flags=0x0}
03-31 13:33:05.947 V/WindowManager( 2349):    ChangeInfo{19b45c6 container=ActivityRecord{102437058 u0 com.sec.android.app.launcher/.activities.LauncherActivity t1407} flags=0x0}
03-31 13:33:05.947 V/WindowManager( 2349):    ChangeInfo{7f9777e container=Task{729b4e8 #1628 type=standard A=10789:com.weejobs.app} flags=0x10}
03-31 13:33:05.947 V/WindowManager( 2349):    ChangeInfo{b833987 container=WallpaperWindowToken{7fd0108 showWhenLocked=true}_<lock|non-primary> flags=0x0}
03-31 13:33:05.947 V/WindowManager( 2349):    ChangeInfo{7d0d0b4 container=RemoteWallpaperAnim:1:1@212637009 flags=0x0}
03-31 13:33:05.947 V/WindowManager( 2349):    ChangeInfo{11474df container=ActivityRecord{212813052 u0 com.weejobs.app/.MainActivity t1628 f} isExiting} flags=0x0}
03-31 13:33:05.947 V/WindowManager( 2349): ]
03-31 13:33:05.947 V/WindowManager( 2349): }, caller=com.android.server.wm.WindowOrganizerController.finishTransitionInner:31 com.android.server.wm.WindowOrganizerController.finishAllTransitions:60 android.window.IWindowOrganizerController$Stub.onTransact:283 
03-31 13:33:05.947 E/HYPER-HAL( 1561): [HandlerSysfs.cpp]doResourceHandling(): Couldn't Open Sysfs - /sys/devices/system/cpu/bus_dcvs/DDR/soc:qcom,memlat:ddr:prime-latfloor/max_freq
03-31 13:33:05.947 D/PersonaActivityHelper( 2349): token.toString()  Token{bceaa10 ActivityRecord{102437058 u0 com.sec.android.app.launcher/.activities.LauncherActivity t1407}}
03-31 13:33:05.947 D/PersonaActivityHelper( 2349): mLastResumedSFActivity getPackageName  com.android.settings
03-31 13:33:05.947 D/PersonaActivityHelper( 2349): mLastResumedSFActivity getShortClassName  .SubSettings
03-31 13:33:05.947 D/InputMethodManagerService( 2349): isImeSwitcherDisabledPackage : false
03-31 13:33:05.947 D/PersonaActivityHelper( 2349): token.toString()  Token{59ad9a6 ActivityRecord{212813052 u0 com.weejobs.app/.MainActivity t1628 f} isExiting}}
03-31 13:33:05.948 D/PersonaActivityHelper( 2349): mLastResumedSFActivity getPackageName  com.android.settings
03-31 13:33:05.948 D/PersonaActivityHelper( 2349): mLastResumedSFActivity getShortClassName  .SubSettings
03-31 13:33:05.948 D/ChangeTransitionController( 2349): onTransitionFinished: TransitionRecord{40d31ef id=1685 type=OPEN flags=0x0 c=[
03-31 13:33:05.948 D/ChangeTransitionController( 2349):    ChangeInfo{1dd6dab container=Task{ad6ed3 #1407 type=home I=com.sec.android.app.launcher/.activities.LauncherActivity} flags=0x10}
03-31 13:33:05.948 D/ChangeTransitionController( 2349):    ChangeInfo{ff3fc08 container=WallpaperWindowToken{fb2395 showWhenLocked=false}_<system|non-primary> flags=0x0}
03-31 13:33:05.948 D/ChangeTransitionController( 2349):    ChangeInfo{7dcefa1 container=Task{17917a5 #1 type=home} flags=0x10}
03-31 13:33:05.948 D/ChangeTransitionController( 2349):    ChangeInfo{25c3900 container=Display{#0 state=ON size=904x2316 ROTATION_0} flags=0x0}
03-31 13:33:05.948 D/ChangeTransitionController( 2349):    ChangeInfo{a27539 container=DefaultTaskDisplayArea_d0@99508180 flags=0x0}
03-31 13:33:05.948 D/ChangeTransitionController( 2349):    ChangeInfo{19b45c6 container=ActivityRecord{102437058 u0 com.sec.android.app.launcher/.activities.LauncherActivity t1407} flags=0x0}
03-31 13:33:05.948 D/ChangeTransitionController( 2349):    ChangeInfo{7f9777e container=Task{729b4e8 #1628 type=standard A=10789:com.weejobs.app} flags=0x10}
03-31 13:33:05.948 D/ChangeTransitionController( 2349):    ChangeInfo{b833987 container=WallpaperWindowToken{7fd0108 showWhenLocked=true}_<lock|non-primary> flags=0x0}
03-31 13:33:05.948 D/ChangeTransitionController( 2349):    ChangeInfo{7d0d0b4 container=RemoteWallpaperAnim:1:1@212637009 flags=0x0}
03-31 13:33:05.948 D/ChangeTransitionController( 2349):    ChangeInfo{11474df container=ActivityRecord{212813052 u0 com.weejobs.app/.MainActivity t1628 f} isExiting} flags=0x0}
03-31 13:33:05.948 D/ChangeTransitionController( 2349): ]
03-31 13:33:05.948 D/ChangeTransitionController( 2349): }
03-31 13:33:05.948 V/WindowManagerShell( 3951): Playing animation for (#1686) android.os.BinderProxy@b66bfdd@0
03-31 13:33:05.948 I/SurfaceControlRegistry( 3951): show, t=StartTransaction_SyncId<1686> sc=Transition Root: Task=1, caller=android.view.SurfaceControl$Transaction.show:3557 com.android.wm.shell.transition.Transitions.playTransition:79 com.android.wm.shell.transition.Transitions.processReadyQueue:239 com.android.wm.shell.transition.Transitions.onFinish:528 com.android.wm.shell.transition.Transitions$$ExternalSyntheticLambda7.onTransitionFinished:12 com.android.wm.shell.transition.DefaultTransitionHandler$$ExternalSyntheticLambda2.run:36 
03-31 13:33:05.948 V/WindowManager( 2349): Finish Transition (#1685): created at 03-31 13:33:05.731 collect-started=0.286ms request-sent=8.999ms started=19.712ms ready=97.686ms sent=103.76ms commit=14.513ms finished=215.797ms
03-31 13:33:05.948 V/ShellRecents( 3951): RecentsTransitionHandler.startAnimation: no controller found
03-31 13:33:05.948 V/ShellDesktopMode( 3951): DesktopMixedTransitionHandler: No pending desktop transition
03-31 13:33:05.948 V/WindowManagerShell( 3951): Transition doesn't have explicit remote, search filters for match for {id=1686 t=CLOSE f=0x10 trk=0 r=[0@Point(0, 0)] c=[{m=TO_FRONT f=SHOW_WALLPAPER|MOVE_TO_TOP|EDGE_EXTENSION_RESTRICTION leash=Surface(name=Task=1)/@0x9a25eaa sb=Rect(0, 0 - 904, 2316) eb=Rect(0, 0 - 904, 2316) epz=Point(904, 2316) d=0 taskParent=-1 inset=Rect(0, 87 - 0, 126)},{m=CLOSE f=NONE leash=Surface(name=Task=1628)/@0x4764a9b sb=Rect(0, 0 - 904, 2316) eb=Rect(0, 0 - 904, 2316) epz=Point(904, 2316) d=0 taskParent=-1 inset=Rect(0, 0 - 0, 0) dim=true},{m=TO_FRONT f=IS_WALLPAPER p=WCT{android.window.IWindowContainerToken$Stub$Proxy@b1fbb76} leash=Surface(name=WallpaperWindowToken{fb2395 showWhenLocked=false})/@0xffb2e38 sb=Rect(0, 0 - 904, 2316) eb=Rect(0, 0 - 904, 2316) epz=Point(904, 2316) d=0 inset=Rect(0, 0 - 0, 0)}]}
03-31 13:33:05.948 I/SurfaceFlinger( 1676): RequestedLayer [Task=1#68] hidden!! flag  from(0) --> to(1)
03-31 13:33:05.948 V/WindowManagerShell( 3951):  Checking filter Pair{{types=[] flags=0x0] notFlags=0x100 checks=[{atype=home independent=true modes=[OPEN,TO_FRONT] flags=NONE mustBeTask=false order=TOP topActivity=ComponentInfo{com.sec.android.app.launcher/com.sec.android.app.launcher.Launcher} launchCookie=null windowingMode=undefined},{atype=recents independent=true modes=[CLOSE,TO_BACK] flags=NONE mustBeTask=false order=ANY topActivity=null launchCookie=null windowingMode=undefined}]} RemoteTransition { remoteTransition = android.window.IRemoteTransition$Stub$Proxy@a2d9588, appThread = android.app.IApplicationThread$Stub$Proxy@8284b21, debugName = QuickstepLaunchHomeFromRecentsflags =NONE }}
03-31 13:33:05.948 I/SurfaceFlinger( 1676): [LayerHierarchy{RequestedLayerState{Task=1#68 parentId=11} 2 children}] reparent to LayerHierarchy{RequestedLayerState{DefaultTaskDisplayArea_d0#11 parentId=10} 13 children}
03-31 13:33:05.948 I/SurfaceFlinger( 1676): [LayerHierarchy{RequestedLayerState{WallpaperWindowToken{fb2395 showWhenLocked=false}#98 parentId=9 z=3} 1 children}] reparent to LayerHierarchy{RequestedLayerState{Leaf:1:1#9 parentId=8} 4 children}
03-31 13:33:05.948 I/SurfaceFlinger( 1676): [LayerHierarchy{RequestedLayerState{Task=1628#27657 parentId=11 z=9} 1 children}] reparent to LayerHierarchy{RequestedLayerState{DefaultTaskDisplayArea_d0#11 parentId=10} 14 children}
03-31 13:33:05.948 I/SurfaceFlinger( 1676): [LayerHierarchy{RequestedLayerState{Transition Root: Task=1628#27661 z=9} no children}] reparent to OffscreenRoot
03-31 13:33:05.948 I/SurfaceFlinger( 1676): [LayerHierarchy{RequestedLayerState{Transition Root: Task=1628#27661 z=9} no children}] RelativeParent to null
03-31 13:33:05.948 V/WindowManagerShell( 3951):  Checking filter Pair{{types=[] flags=0x0] notFlags=0x100 checks=[{atype=home independent=true modes=[OPEN,TO_FRONT] flags=NONE mustBeTask=false order=TOP topActivity=ComponentInfo{com.sec.android.app.launcher/com.sec.android.app.launcher.Launcher} launchCookie=null windowingMode=undefined},{atype=standard independent=true modes=[CLOSE,TO_BACK] flags=NONE mustBeTask=false order=ANY topActivity=null launchCookie=null windowingMode=undefined}]} RemoteTransition { remoteTransition = android.window.IRemoteTransition$Stub$Proxy@c923b46, appThread = android.app.IApplicationThread$Stub$Proxy@676c107, debugName = QuickstepLaunchHomeflags =NONE }}
03-31 13:33:05.949 D/RemoteTransitionHandler( 3951): Found filterPair{{types=[] flags=0x0] notFlags=0x100 checks=[{atype=home independent=true modes=[OPEN,TO_FRONT] flags=NONE mustBeTask=false order=TOP topActivity=ComponentInfo{com.sec.android.app.launcher/com.sec.android.app.launcher.Launcher} launchCookie=null windowingMode=undefined},{atype=standard independent=true modes=[CLOSE,TO_BACK] flags=NONE mustBeTask=false order=ANY topActivity=null launchCookie=null windowingMode=undefined}]} RemoteTransition { remoteTransition = android.window.IRemoteTransition$Stub$Proxy@c923b46, appThread = android.app.IApplicationThread$Stub$Proxy@676c107, debugName = QuickstepLaunchHomeflags =NONE }}
03-31 13:33:05.949 V/WindowManagerShell( 3951):  Delegate animation for (#1686) to RemoteTransition { remoteTransition = android.window.IRemoteTransition$Stub$Proxy@c923b46, appThread = android.app.IApplicationThread$Stub$Proxy@676c107, debugName = QuickstepLaunchHomeflags =NONE }
03-31 13:33:05.949 V/WindowManagerShell( 3951):  Excluded change from remote targets at (#1686), change={m=TO_FRONT f=IS_WALLPAPER p=WCT{android.window.IWindowContainerToken$Stub$Proxy@b1fbb76} leash=Surface(name=WallpaperWindowToken{fb2395 showWhenLocked=false})/@0xffb2e38 sb=Rect(0, 0 - 904, 2316) eb=Rect(0, 0 - 904, 2316) epz=Point(904, 2316) d=0 inset=Rect(0, 0 - 0, 0)}
03-31 13:33:05.949 D/InetDiagMessage( 2349): Destroyed 0 sockets, proto=IPPROTO_TCP, family=AF_INET, states=14
03-31 13:33:05.949 I/InsetsSourceConsumer( 4276): applyRequestedVisibilityToControl: visible=true, type=statusBars, host=com.sec.android.app.launcher/com.sec.android.app.launcher.activities.LauncherActivity
03-31 13:33:05.949 I/SurfaceFlinger( 1676): id=27661 Removed Transition Root: Task=1628#27661 (199)
03-31 13:33:05.949 I/InsetsSourceConsumer( 4276): applyRequestedVisibilityToControl: visible=true, type=navigationBars, host=com.sec.android.app.launcher/com.sec.android.app.launcher.activities.LauncherActivity
03-31 13:33:05.949 I/Dc.IafdService(26731): handleAppError, pkgName : com.weejobs.app, userId : 0, errorType : 4, repeat : true component : com.weejobs.app.MainActivity.onCreate(MainActivity.kt:24)errorStack: Caused by: java.lang.IllegalStateException: You need to use a Theme.AppCompat theme (or descendant) with this activity.
03-31 13:33:05.949 I/Dc.IafdService(26731): 	at androidx.appcompat.app.AppCompatDelegateImpl.createSubDecor(AppCompatDelegateImpl.java:902)
03-31 13:33:05.949 I/Dc.IafdService(26731): 	at androidx.appcompat.app.AppCompatDelegateImpl.ensureSubDecor(AppCompatDelegateImpl.java:865)
03-31 13:33:05.949 I/Dc.IafdService(26731): 	at androidx.appcompat.app.AppCompatDelegateImpl.findViewById(AppCompatDelegateImpl.java:667)
03-31 13:33:05.949 I/Dc.IafdService(26731): 	at androidx.appcompat.app.AppCompatActivity.findViewById(AppCompatActivity.java:251)
03-31 13:33:05.949 I/Dc.IafdService(26731): 	at expo.modules.spl
03-31 13:33:05.950 I/SurfaceFlinger( 1676): id=27670 createSurf, flag=84000, Surface(name=Task=1)/@0xadac6ca_transition-leash#27670
03-31 13:33:05.950 I/Dc.IafdDbManager(26731): count 6
03-31 13:33:05.950 E/Dc.IafdService(26731): app error more than 5 times.  just return
03-31 13:33:05.950 I/SurfaceControlRegistry( 4276): show, t=StartTransaction_SyncId<1686> sc=Task=1, caller=android.view.SurfaceControl$Transaction.show:3557 S.j.a:152 S.j.u:0 S.j.t:0 com.android.systemui.animation.RemoteAnimationTargetCompat.wrap:48 com.android.systemui.animation.RemoteAnimationTargetCompat.wrapApps:10 
03-31 13:33:05.950 I/SurfaceFlinger( 1676): id=27671 createSurf, flag=84000, Surface(name=Task=1628)/@0x3012358_transition-leash#27671
03-31 13:33:05.951 D/SurfaceFlinger( 1676): Display 4630946213010294403 HWC layers:
03-31 13:33:05.951 D/SurfaceFlinger( 1676):        DEVICE |           16969415812112 | 00000100 | RGBA_8888    |    0.0    0.0  904.0 2316.0 |    0    0  904 2316 | Wallpaper BBQ wrapper 17_system#128 (34)
03-31 13:33:05.951 D/SurfaceFlinger( 1676):        DEVICE |           16969415813452 | 00002100 | RGBA_8888    |    0.0    0.0  904.0 2316.0 |    0    0  904 2316 | Splash Screen com.weejobs.app$_3951#27660 (1)
03-31 13:33:05.951 D/SurfaceFlinger( 1676):        DEVICE |           16969415813174 | 00002100 | RGBA_8888    |    0.0    0.0  904.0   87.0 |    0    0  904   87 | StatusBar$_3951#122 (97534)
03-31 13:33:05.951 D/SurfaceFlinger( 1676):        DEVICE |           18365280161808 | 00002100 | RGBA_8888    |    0.0    0.0   67.0  451.0 |    0  493   67  944 | com.sec.android.app.launcher/com.sam[...]l.app.CocktailBarService$_4276#27160 (1)
03-31 13:33:05.951 D/SurfaceFlinger( 1676):        DEVICE |           16969415813211 | 00002100 | RGBA_8888    |    0.0    0.0  904.0  126.0 |    0 2190  904 2316 | NavigationBar0$_3951#118 (28242)
03-31 13:33:05.951 D/SurfaceFlinger( 1676): 
03-31 13:33:05.951 D/MdnieScenarioControlService( 2349):  packageName : com.sec.android.app.launcher    className : com.sec.android.app.launcher.Launcher
03-31 13:33:05.951 I/SurfaceControlRegistry( 4276): show, t=StartTransaction_SyncId<1686> sc=Task=1628, caller=android.view.SurfaceControl$Transaction.show:3557 S.j.a:152 S.j.u:0 S.j.t:0 com.android.systemui.animation.RemoteAnimationTargetCompat.wrap:48 com.android.systemui.animation.RemoteAnimationTargetCompat.wrapApps:10 
03-31 13:33:05.951 V/MdnieScenarioControlService( 2349): setUIMode from UI function(3)
03-31 13:33:05.951 I/SurfaceControlRegistry( 4276): apply, t=StartTransaction_SyncId<1686>, caller=android.view.SurfaceControl$Transaction.apply:3459 android.view.SurfaceControl$Transaction.apply:3447 android.view.SurfaceControl$Transaction.apply:3397 com.android.systemui.animation.RemoteAnimationRunnerCompat$1.startAnimation:645 android.window.IRemoteTransition$Stub.onTransact:162 android.os.Binder.execTransactInternal:1462 
03-31 13:33:05.951 D/InetDiagMessage( 2349): Destroyed 0 sockets, proto=IPPROTO_TCP, family=AF_INET6, states=14
03-31 13:33:05.951 D/InetDiagMessage( 2349): Destroyed live tcp sockets for uids={20789} in 6ms
03-31 13:33:05.951 V/WindowManagerShell( 3951):  animated by com.android.wm.shell.transition.RemoteTransitionHandler@b2ce064
03-31 13:33:05.952 I/HoneySpace.ShellAnimationRunner( 4276): [onAnimationStart] appTarget(0) : taskId-1, mode-0
03-31 13:33:05.952 I/HoneySpace.ShellAnimationRunner( 4276): cookie: -2147483648
03-31 13:33:05.952 I/HoneySpace.ShellAnimationRunner( 4276): [onAnimationStart] appTarget(1) : taskId-1628, mode-1
03-31 13:33:05.952 I/HoneySpace.ShellAnimationRunner( 4276): this , com.honeyspace.transition.ShellAnimationRunner@f2810d3
03-31 13:33:05.952 I/HoneySpace.ShellAnimationRunner( 4276): finishExistingAnimation, null
03-31 13:33:05.952 I/HoneySpace.AppCloseAnimationDelegate( 4276): onAnimationStart
03-31 13:33:05.952 I/HoneySpace.AppCloseAnimationDelegate( 4276): findTargetView() called with: targets = com.honeyspace.transition.remote.RemoteAnimationTargets@ebec517, centerMostInfo = null
03-31 13:33:05.952 I/HoneySpace.AppCloseAnimationDelegate( 4276): findTargetValue [cookie--2147483648, pkgName-com.weejobs.app]
03-31 13:33:05.952 D/InputDispatcher( 2349): Focus left window (0): a4b6524 com.sec.android.app.launcher/com.sec.android.app.launcher.activities.LauncherActivity
03-31 13:33:05.953 I/HoneySpace.AppCloseAnimationDelegate( 4276): findTargetView found:Value(view=com.honeyspace.ui.common.iconview.IconViewImpl{daf201d VFED..CL. ........ 0,0-167,275 #7f0a02ed app:id/icon} - WeeJobs, visibility:0, alpha:1.0, badge:0, icon:144x144, iconAlpha:255, iconState:NONE, iconSize:131, forceHideBadge:false, isTransparent:false, component=ComponentInfo{com.weejobs.app/com.weejobs.app.MainActivity}, isTargetShortcut=false), com.honeyspace.ui.common.iconview.IconViewImpl{daf201d VFED..CL. ........ 0,0-167,275 #7f0a02ed app:id/icon} - WeeJobs, visibility:0, alpha:1.0, badge:0, icon:144x144, iconAlpha:255, iconState:NONE, iconSize:131, forceHideBadge:false, isTransparent:false
03-31 13:33:05.953 I/HoneySpace.AppCloseAnimationDelegate( 4276): getCloseAnimator : isGestureClosing-false, target-com.honeyspace.ui.common.iconview.IconViewImpl{daf201d VFED..CL. ........ 0,0-167,275 #7f0a02ed app:id/icon} - WeeJobs, visibility:0, alpha:1.0, badge:0, icon:144x144, iconAlpha:255, iconState:NONE, iconSize:131, forceHideBadge:false, isTransparent:false
03-31 13:33:05.953 I/HoneySpace.FloatingAnimator( 4276): playerCount : 1
03-31 13:33:05.953 I/HoneySpace.FloatingAnimator( 4276): [Player:A(5.953)] create
03-31 13:33:05.953 I/HoneySpace.AppCloseAnimationDelegate( 4276): playFloatingIconAnim, appPlayer: A(5.953)
03-31 13:33:05.953 I/HoneySpace.TransitionUtils( 4276): [getRotationChange] home-0, app-0
03-31 13:33:05.953 I/HoneySpace.TransitionUtils( 4276): getWindowTargetBounds: Rect(0, 0 - 904, 2316)
03-31 13:33:05.953 I/HoneySpace.FloatingAnimator( 4276): [Player:A(5.953)] setup. isLandscape:false, isTranslucent:false, screenSize[904, 2316], isMultiTargets:false, useCurrentDrawable:false
03-31 13:33:05.953 I/HoneySpace.FloatingAnimator( 4276): add containerView, com.honeyspace.transition.anim.floating.ContainerView{67bdf9a V.E...... ......ID 0,0-904,911}
03-31 13:33:05.954 I/HoneySpace.FloatingAnimator( 4276): add positionListener - com.honeyspace.transition.anim.floating.c@8dd6522
03-31 13:33:05.954 D/InetDiagMessage( 2349): Destroyed 0 sockets, proto=IPPROTO_TCP, family=AF_INET, states=14
03-31 13:33:05.954 I/HoneySpace.FloatingAnimator( 4276): [Player:A(5.953)] value animator:[255803407] started
03-31 13:33:05.954 I/HoneySpace.ContentsAnimator( 4276): from : 0.0
03-31 13:33:05.954 D/SurfaceComposerClient( 2349): setCornerRadius ## a4b6524 com.sec.android.app.launcher/com.sec.android.app.launcher.activities.LauncherActivity#191 cornerRadius=0.000000
03-31 13:33:05.954 I/HoneySpace.ContentsAnimator( 4276): ContentsAnimator start [235735196]
03-31 13:33:05.954 I/HoneySpace.AnimationResult( 4276): setAnimation, animation: false
03-31 13:33:05.954 I/HoneySpace.WallpaperAnimator( 4276): createWallpaperSurface
03-31 13:33:05.954 I/HoneySpace.AppTransitionAnimationAwait( 4276): proceed 0
03-31 13:33:05.954 I/HoneySpace.AppTransitionAnimationAwait( 4276): prepare refCnt:1 timeout:1500
03-31 13:33:05.955 D/InputMethodManagerService( 2349): shouldShowImeSwitcherLocked : checking vis : 3
03-31 13:33:05.956 D/InetDiagMessage( 2349): Destroyed 1 sockets, proto=IPPROTO_TCP, family=AF_INET6, states=14
03-31 13:33:05.956 D/InetDiagMessage( 2349): Destroyed live tcp sockets for uids={5012} in 4ms
03-31 13:33:05.957 I/SurfaceFlinger( 1676): RequestedLayer [Transition Root: Task=1#27669] hidden!! flag  from(1) --> to(0)
03-31 13:33:05.957 I/SurfaceFlinger( 1676): RequestedLayer [Task=1#68] hidden!! flag  from(1) --> to(0)
03-31 13:33:05.957 E/SurfaceFlinger( 1676): alpha changed 1.000 -> 0.000 - Surface(name=Task=1)/@0xadac6ca_transition-leash#27670
03-31 13:33:05.957 I/SurfaceFlinger( 1676): destroyed Transition Root: Task=1628#27661 form LifecycleManager
03-31 13:33:05.957 I/SurfaceFlinger( 1676): [LayerHierarchy{RequestedLayerState{Task=1#68 parentId=27670} 2 children}] reparent to LayerHierarchy{RequestedLayerState{Surface(name=Task=1)/@0xadac6ca_transition-leash#27670 parentId=27669 z=2} 1 children}
03-31 13:33:05.957 I/SurfaceFlinger( 1676): [LayerHierarchy{RequestedLayerState{Task=1628#27657 parentId=27671} 1 children}] reparent to LayerHierarchy{RequestedLayerState{Surface(name=Task=1628)/@0x3012358_transition-leash#27671 parentId=27669 z=5} 1 children}
03-31 13:33:05.957 I/SurfaceFlinger( 1676): [Surface(name=Task=1628)/@0x3012358_transition-leash#27671] attach to parent LayerHierarchy{RequestedLayerState{Transition Root: Task=1#27669 parentId=11} 1 children}
03-31 13:33:05.957 I/SurfaceFlinger( 1676): [Surface(name=Task=1)/@0xadac6ca_transition-leash#27670] attach to parent LayerHierarchy{RequestedLayerState{Transition Root: Task=1#27669 parentId=11} 2 children}
03-31 13:33:05.957 I/SurfaceFlinger( 1676): id=27661 onLayerDestroyed from LayerHierarchyBuilder(RequestedLayerState{Transition Root: Task=1628#27661 !handle z=9})
03-31 13:33:05.958 I/Layer   ( 1676): id=27661 Destroyed Transition Root: Task=1628#27661
03-31 13:33:05.958 I/HBD     (12719): HoneyBoardService onFinishInput 
03-31 13:33:05.958 I/ImeFocusController( 4276): onPreWindowFocus: skipped hasWindowFocus=false mHasImeFocus=true
03-31 13:33:05.958 I/HBD     (12719): a IC have been unbinding,  RemoteInputConnection{idHash=#c17cc7d}
03-31 13:33:05.958 I/HBD     (12719): HoneyBoardService [PF_CL][onFinishInput]  0 ms 
03-31 13:33:05.958 I/HBD     (12719): HoneyBoardService [IMI] onStartInput - caller pid : 4276 , caller uid : 10140 
03-31 13:33:05.958 I/HBD     (12719): r updateConfigs 
03-31 13:33:05.959 I/HBD     (12719): r isEnabledNightMode : false 
03-31 13:33:05.959 I/HBD     (12719): a IC have been binding, RemoteInputConnection{idHash=#c17cc7d} 
03-31 13:33:05.959 I/HBD     (12719): h [EditorInputType]setPrivateImeOptionsToTable privateImeOptions ( null )
03-31 13:33:05.959 I/HBD     (12719): b incognitoMode : false 
03-31 13:33:05.959 I/HBD     (12719): f needOff = true , isForceOff = false, isNullInputClass : true 
03-31 13:33:05.959 I/HBD     (12719): h getDefaultInputRange : UNKNOWN 
03-31 13:33:05.959 I/HBD     (12719): h getDefaultInputRange : UNKNOWN 
03-31 13:33:05.959 I/HBD     (12719): h getDefaultInputRange : UNKNOWN 
03-31 13:33:05.959 I/HBD     (12719): i [AiWriter] isChildBlockCase:
03-31 13:33:05.959 D/InputMethodManagerService( 2349): checkDisplayOfStartInputAndUpdateKeyboard: displayId=0, mFocusedDisplayId=0
03-31 13:33:05.959 D/InputTransport( 2349): Input channel constructed: 'ClientS', fd=1116
03-31 13:33:05.960 D/InputTransport( 2349): Input channel destroyed: 'ClientS', fd=1116
03-31 13:33:05.960 V/AutofillInlineSuggestionsRequestSession( 2349): onInputMethodFinishInput() received
03-31 13:33:05.960 V/AutofillInlineSuggestionsRequestSession( 2349): onInputMethodStartInput() received on 0
03-31 13:33:05.961 D/SurfaceFlinger( 1676): Display 4630946213010294403 HWC layers:
03-31 13:33:05.961 D/SurfaceFlinger( 1676):        CLIENT |           16969415812112 | 00000100 | RGBA_8888    |    0.0    0.0  904.0 2316.0 |    0    0  904 2316 | Wallpaper BBQ wrapper 17_system#128 (34)
03-31 13:33:05.961 D/SurfaceFlinger( 1676):        DEVICE |           18365280161822 | 00002100 | RGBA_8888    |    0.0    0.0  904.0 2316.0 |    0    0  904 2316 | com.sec.android.app.launcher/com.sec[...]ivities.LauncherActivity$_4276#27302 (blurRegions) (948)
03-31 13:33:05.961 D/SurfaceFlinger( 1676):        DEVICE |           16969415813452 | 00002100 | RGBA_8888    |    0.0    0.0  904.0 2316.0 |    0    0  904 2316 | Splash Screen com.weejobs.app$_3951#27660 (1)
03-31 13:33:05.961 D/SurfaceFlinger( 1676):        DEVICE |           16969415813174 | 00002100 | RGBA_8888    |    0.0    0.0  904.0   87.0 |    0    0  904   87 | StatusBar$_3951#122 (97534)
03-31 13:33:05.961 D/SurfaceFlinger( 1676):        DEVICE |           18365280161808 | 00002100 | RGBA_8888    |    0.0    0.0   67.0  451.0 |    0  493   67  944 | com.sec.android.app.launcher/com.sam[...]l.app.CocktailBarService$_4276#27160 (1)
03-31 13:33:05.961 D/SurfaceFlinger( 1676):        DEVICE |           16969415813211 | 00002100 | RGBA_8888    |    0.0    0.0 
03-31 13:33:05.961 D/SurfaceFlinger( 1676):  904.0  126.0 |    0 2190  904 2316 | NavigationBar0$_3951#118 (28242)
03-31 13:33:05.961 D/SurfaceFlinger( 1676): 
03-31 13:33:05.961 I/WindowManager( 2349): Reparenting to leash, surface=Surface(name=RemoteWallpaperAnim:1:1)/@0x53ab43a, leashParent=Surface(name=OneHanded:0:14)/@0xbc498eb
03-31 13:33:05.961 I/ImeFocusController( 4276): onPostWindowFocus: skipped hasWindowFocus=false mHasImeFocus=true
03-31 13:33:05.962 I/SurfaceFlinger( 1676): id=27672 createSurf, flag=24000, Surface(name=RemoteWallpaperAnim:1:1)/@0x53ab43a - animation-leash of remote_wallpaper#27672
03-31 13:33:05.962 I/HoneySpace.IconView( 4276): setIconVisible : visible-false, currentForceHideBadge-false
03-31 13:33:05.962 I/HoneySpace.IconView( 4276): updateInvisibleState false APP_CLOSING current:0 new:2
03-31 13:33:05.964 I/ActivityManager( 2349): Changes in 10105 19 to 7, 0 to 128
03-31 13:33:05.964 D/WindowManager( 2349): makeSurface duration=2 leash=Surface(name=Surface(name=RemoteWallpaperAnim:1:1)/@0x53ab43a - animation-leash of remote_wallpaper)/@0xff84f0f
