03-31 13:36:16.669 W/unknown:BridgelessReact( 6275): commitLayoutEffectOnFiber@1:700450
03-31 13:36:16.669 W/unknown:BridgelessReact( 6275): recursivelyTraverseLayoutEffects@1:702723
03-31 13:36:16.669 W/unknown:BridgelessReact( 6275): commitLayoutEffectOnFiber@1:700450
03-31 13:36:16.669 W/unknown:BridgelessReact( 6275): recursivelyTraverseLayoutEffects@1:702723
03-31 13:36:16.669 W/unknown:BridgelessReact( 6275): commitLayoutEffectOnFiber@1:700450
03-31 13:36:16.669 W/unknown:BridgelessReact( 6275): recursivelyTraverseLayoutEffects@1:702723
03-31 13:36:16.669 W/unknown:BridgelessReact( 6275): commitLayoutEffectOnFiber@1:700450
03-31 13:36:16.669 W/unknown:BridgelessReact( 6275): recursivelyTraverseLayoutEffects@1:702723
03-31 13:36:16.669 W/unknown:BridgelessReact( 6275): commitLayoutEffectOnFiber@1:700450
03-31 13:36:16.669 W/unknown:BridgelessReact( 6275): recursivelyTraverseLayoutEffects@1:702723
03-31 13:36:16.669 W/unknown:BridgelessReact( 6275): commitLayoutEffectOnFiber@1:700450
03-31 13:36:16.669 W/unknown:BridgelessReact( 6275): recursivelyTraverseLayoutEffects@1:702723
03-31 13:36:16.669 W/unknown:BridgelessReact( 6275): commitLayoutEffectOnFiber@1:700411
03-31 13:36:16.669 W/unknown:BridgelessReact( 6275): recursivelyTraverseLayoutEffects@1:702723
03-31 13:36:16.669 W/unknown:BridgelessReact( 6275): commitLayoutEffectOnFiber@1:700450
03-31 13:36:16.669 W/unknown:BridgelessReact( 6275): recursivelyTraverseLayoutEffects@1:702723
03-31 13:36:16.669 W/unknown:BridgelessReact( 6275): commitLayoutEffectOnFiber@1:700450
03-31 13:36:16.669 W/unknown:BridgelessReact( 6275): recursivelyTraverseLayoutEffects@1:702723
03-31 13:36:16.669 W/unknown:BridgelessReact( 6275): commitLayoutEffectOnFiber@1:700450
03-31 13:36:16.669 W/unknown:BridgelessReact( 6275): recursivelyTraverseLayoutEffects@1:702723
03-31 13:36:16.669 W/unknown:BridgelessReact( 6275): commitLayoutEffectOnFiber@1:700411
03-31 13:36:16.669 W/unknown:BridgelessReact( 6275): recursivelyTraverseLayoutEffects@1:702723
03-31 13:36:16.669 W/unknown:BridgelessReact( 6275): commitLayoutEffectOnFiber@1:700450
03-31 13:36:16.669 W/unknown:BridgelessReact( 6275): recursivelyTraverseLayoutEffects@1:702723
03-31 13:36:16.669 W/unknown:BridgelessReact( 6275): commitLayoutEffectOnFiber@1:700411
03-31 13:36:16.669 W/unknown:BridgelessReact( 6275): recursivelyTraverseLayoutEffects@1:702723
03-31 13:36:16.669 W/unknown:BridgelessReact( 6275): commitLayoutEffectOnFiber@1:700411
03-31 13:36:16.669 W/unknown:BridgelessReact( 6275): recursivelyTraverseLayoutEffects@1:702723
03-31 13:36:16.669 W/unknown:BridgelessReact( 6275): commitLayoutEffectOnFiber@1:700411
03-31 13:36:16.669 W/unknown:BridgelessReact( 6275): recursivelyTraverseLayoutEffects@1:702723
03-31 13:36:16.669 W/unknown:BridgelessReact( 6275): commitLayoutEffectOnFiber@1:699932
03-31 13:36:16.669 W/unknown:BridgelessReact( 6275): recursivelyTraverseLayoutEffects@1:702723
03-31 13:36:16.669 W/unknown:BridgelessReact( 6275): commitLayoutEffectOnFiber@1:700411
03-31 13:36:16.669 W/unknown:BridgelessReact( 6275): recursivelyTraverseLayoutEffects@1:702723
03-31 13:36:16.669 W/unknown:BridgelessReact( 6275): commitLayoutEffectOnFiber@1:700450
03-31 13:36:16.669 W/unknown:BridgelessReact( 6275): recursivelyTraverseLayoutEffects@1:702723
03-31 13:36:16.669 W/unknown:BridgelessReact( 6275): commitLayoutEffectOnFiber@1:700411
03-31 13:36:16.669 W/unknown:BridgelessReact( 6275): recursivelyTraverseLayoutEffects@1:702723
03-31 13:36:16.669 W/unknown:BridgelessReact( 6275): commitLayoutEffectOnFiber@1:700450
03-31 13:36:16.669 W/unknown:BridgelessReact( 6275): recursivelyTraverseLayoutEffects@1:702723
03-31 13:36:16.669 W/unknown:BridgelessReact( 6275): commitLayoutEffectOnFiber@1:700073
03-31 13:36:16.669 W/unknown:BridgelessReact( 6275): flushLayoutEffects@1:722160
03-31 13:36:16.669 W/unknown:BridgelessReact( 6275): commitRoot@1:721779
03-31 13:36:16.669 W/unknown:BridgelessReact( 6275): performWorkOnRoot@1:709570
03-31 13:36:16.669 W/unknown:BridgelessReact( 6275): performWorkOnRootViaSchedulerTask@1:659890
03-31 13:36:16.669 W/unknown:BridgelessReact( 6275): ")
--------- beginning of crash
03-31 13:36:16.670 E/AndroidRuntime( 6275): FATAL EXCEPTION: mqt_v_native
03-31 13:36:16.670 E/AndroidRuntime( 6275): Process: com.weejobs.app, PID: 6275
03-31 13:36:16.670 E/AndroidRuntime( 6275): com.facebook.react.common.JavascriptException: Error: Incompatible React versions: The "react" and "react-native-renderer" packages must have the exact same version. Instead got:
03-31 13:36:16.670 E/AndroidRuntime( 6275):   - react:                  19.2.4
03-31 13:36:16.670 E/AndroidRuntime( 6275):   - react-native-renderer:  19.2.3
03-31 13:36:16.670 E/AndroidRuntime( 6275): Learn more: https://react.dev/warnings/version-mismatch, stack:
03-31 13:36:16.670 E/AndroidRuntime( 6275): anonymous@1:108228
03-31 13:36:16.670 E/AndroidRuntime( 6275): loadModuleImplementation@1:592359
03-31 13:36:16.670 E/AndroidRuntime( 6275): guardedLoadModule@1:591974
03-31 13:36:16.670 E/AndroidRuntime( 6275): metroRequire@1:591413
03-31 13:36:16.670 E/AndroidRuntime( 6275): anonymous@1:102470
03-31 13:36:16.670 E/AndroidRuntime( 6275): loadModuleImplementation@1:592359
03-31 13:36:16.670 E/AndroidRuntime( 6275): guardedLoadModule@1:591933
03-31 13:36:16.670 E/AndroidRuntime( 6275): metroRequire@1:591413
03-31 13:36:16.670 E/AndroidRuntime( 6275): getPaperRenderer@1:598962
03-31 13:36:16.670 E/AndroidRuntime( 6275): anonymous@1:1475415
03-31 13:36:16.670 E/AndroidRuntime( 6275): componentDidMount@1:2056849
03-31 13:36:16.670 E/AndroidRuntime( 6275): commitLayoutEffectOnFiber@1:700328
03-31 13:36:16.670 E/AndroidRuntime( 6275): recursivelyTraverseLayoutEffects@1:702723
03-31 13:36:16.670 E/AndroidRuntime( 6275): commitLayoutEffectOnFiber@1:699932
03-31 13:36:16.670 E/AndroidRuntime( 6275): recursivelyTraverseLayoutEffects@1:702723
03-31 13:36:16.670 E/AndroidRuntime( 6275): commitLayoutEffectOnFiber@1:700411
03-31 13:36:16.670 E/AndroidRuntime( 6275): recursivelyTraverseLayoutEffects@1:702723
03-31 13:36:16.670 E/AndroidRuntime( 6275): commitLayoutEffectOnFiber@1:700411
03-31 13:36:16.670 E/AndroidRuntime( 6275): recursivelyTraverseLayoutEffects@1:702723
03-31 13:36:16.670 E/AndroidRuntime( 6275): commitLayoutEffectOnFiber@1:700228
03-31 13:36:16.670 E/AndroidRuntime( 6275): recursivelyTraverseLayoutEffects@1:702723
03-31 13:36:16.670 E/AndroidRuntime( 6275): commitLayoutEffectOnFiber@1:699932
03-31 13:36:16.670 E/AndroidRuntime( 6275): recursivelyTraverseLayoutEffects@1:702723
03-31 13:36:16.670 E/AndroidRuntime( 6275): commitLayoutEffectOnFiber@1:700411
03-31 13:36:16.670 E/AndroidRuntime( 6275): recursivelyTraverseLayoutEffects@1:702723
03-31 13:36:16.670 E/AndroidRuntime( 6275): commitLayoutEffectOnFiber@1:700411
03-31 13:36:16.670 E/AndroidRuntime( 6275): recursivelyTraverseLayoutEffects@1:702723
03-31 13:36:16.670 E/AndroidRuntime( 6275): commitLayoutEffectOnFiber@1:700411
03-31 13:36:16.670 E/AndroidRuntime( 6275): recursivelyTraverseLayoutEffects@1:702723
03-31 13:36:16.670 E/AndroidRuntime( 6275): commitLayoutEffectOnFiber@1:699787
03-31 13:36:16.670 E/AndroidRuntime( 6275): recursivelyTraverseLayoutEffects@1:702723
03-31 13:36:16.670 E/AndroidRuntime( 6275): commitLayoutEffectOnFiber@1:699815
03-31 13:36:16.670 E/AndroidRuntime( 6275): recursivelyTraverseLayoutEffects@1:702723
03-31 13:36:16.670 E/AndroidRuntime( 6275): commitLayoutEffectOnFiber@1:700411
03-31 13:36:16.670 E/AndroidRuntime( 6275): recursivelyTraverseLayoutEffects@1:702723
03-31 13:36:16.670 E/AndroidRuntime( 6275): commitLayoutEffectOnFiber@1:700450
03-31 13:36:16.670 E/AndroidRuntime( 6275): recursivelyTraverseLayoutEffects@1:702723
03-31 13:36:16.670 E/AndroidRuntime( 6275): commitLayoutEffectOnFiber@1:700450
03-31 13:36:16.670 E/AndroidRuntime( 6275): recursivelyTraverseLayoutEffects@1:702723
03-31 13:36:16.670 E/AndroidRuntime( 6275): commitLayoutEffectOnFiber@1:700411
03-31 13:36:16.670 E/AndroidRuntime( 6275): recursivelyTraverseLayoutEffects@1:702723
03-31 13:36:16.670 E/AndroidRuntime( 6275): commitLayoutEffectOnFiber@1:700411
03-31 13:36:16.670 E/AndroidRuntime( 6275): recursivelyTraverseLayoutEffects@1:702723
03-31 13:36:16.670 E/AndroidRuntime( 6275): commitLayoutEffectOnFiber@1:700411
03-31 13:36:16.670 E/AndroidRuntime( 6275): recursivelyTraverseLayoutEffects@1:702723
03-31 13:36:16.670 E/AndroidRuntime( 6275): commitLayoutEffectOnFiber@1:700450
03-31 13:36:16.670 E/AndroidRuntime( 6275): recursivelyTraverseLayoutEffects@1:702723
03-31 13:36:16.670 E/AndroidRuntime( 6275): commitLayoutEffectOnFiber@1:700450
03-31 13:36:16.670 E/AndroidRuntime( 6275): recursivelyTraverseLayoutEffects@1:702723
03-31 13:36:16.670 E/AndroidRuntime( 6275): commitLayoutEffectOnFiber@1:700411
03-31 13:36:16.670 E/AndroidRuntime( 6275): recursivelyTraverseLayoutEffects@1:702723
03-31 13:36:16.670 E/AndroidRuntime( 6275): commitLayoutEffectOnFiber@1:700450
03-31 13:36:16.670 E/AndroidRuntime( 6275): recursivelyTraverseLayoutEffects@1:702723
03-31 13:36:16.670 E/AndroidRuntime( 6275): commitLayoutEffectOnFiber@1:700411
03-31 13:36:16.670 E/AndroidRuntime( 6275): recursivelyTraverseLayoutEffects@1:702723
03-31 13:36:16.670 E/AndroidRuntime( 6275): commitLayoutEffectOnFiber@1:700450
03-31 13:36:16.670 E/AndroidRuntime( 6275): recursivelyTraverseLayoutEffects@1:702723
03-31 13:36:16.670 E/AndroidRuntime( 6275): commitLayoutEffectOnFiber@1:700450
03-31 13:36:16.670 E/AndroidRuntime( 6275): recursivelyTraverseLayoutEffects@1:702723
03-31 13:36:16.670 E/AndroidRuntime( 6275): commitLayoutEffectOnFiber@1:700450
03-31 13:36:16.670 E/AndroidRuntime( 6275): recursivelyTraverseLayoutEffects@1:702723
03-31 13:36:16.670 E/AndroidRuntime( 6275): commitLayoutEffectOnFiber@1:700450
03-31 13:36:16.670 E/AndroidRuntime( 6275): recursivelyTraverseLayoutEffects@1:702723
03-31 13:36:16.670 E/AndroidRuntime( 6275): commitLayoutEffectOnFiber@1:700450
03-31 13:36:16.670 E/AndroidRuntime( 6275): recursivelyTraverseLayoutEffects@1:702723
03-31 13:36:16.670 E/AndroidRuntime( 6275): commitLayoutEffectOnFiber@1:700450
03-31 13:36:16.670 E/AndroidRuntime( 6275): recursivelyTraverseLayoutEffects@1:702723
03-31 13:36:16.670 E/AndroidRuntime( 6275): commitLayoutEffectOnFiber@1:700411
03-31 13:36:16.670 E/AndroidRuntime( 6275): recursivelyTraverseLayoutEffects@1:702723
03-31 13:36:16.670 E/AndroidRuntime( 6275): commitLayoutEffectOnFiber@1:700450
03-31 13:36:16.670 E/AndroidRuntime( 6275): recursivelyTraverseLayoutEffects@1:702723
03-31 13:36:16.670 E/AndroidRuntime( 6275): commitLayoutEffectOnFiber@1:700450
03-31 13:36:16.670 E/AndroidRuntime( 6275): recursivelyTraverseLayoutEffects@1:702723
03-31 13:36:16.670 E/AndroidRuntime( 6275): commitLayoutEffectOnFiber@1:700450
03-31 13:36:16.670 E/AndroidRuntime( 6275): recursivelyTraverseLayoutEffects@1:702723
03-31 13:36:16.670 E/AndroidRuntime( 6275): commitLayoutEffectOnFiber@1:700411
03-31 13:36:16.670 E/AndroidRuntime( 6275): recursivelyTraverseLayoutEffects@1:702723
03-31 13:36:16.670 E/AndroidRuntime( 6275): commitLayoutEffectOnFiber@1:700450
03-31 13:36:16.670 E/AndroidRuntime( 6275): recursivelyTraverseLayoutEffects@1:702723
03-31 13:36:16.670 E/AndroidRuntime( 6275): commitLayoutEffectOnFiber@1:700411
03-31 13:36:16.670 E/AndroidRuntime( 6275): recursivelyTraverseLayoutEffects@1:702723
03-31 13:36:16.670 E/AndroidRuntime( 6275): commitLayoutEffectOnFiber@1:700411
03-31 13:36:16.670 E/AndroidRuntime( 6275): recursivelyTraverseLayoutEffects@1:702723
03-31 13:36:16.670 E/AndroidRuntime( 6275): commitLayoutEffectOnFiber@1:700411
03-31 13:36:16.670 E/AndroidRuntime( 6275): recursivelyTraverseLayoutEffects@1:702723
03-31 13:36:16.670 E/AndroidRuntime( 6275): commitLayoutEffectOnFiber@1:699932
03-31 13:36:16.670 E/AndroidRuntime( 6275): recursivelyTraverseLayoutEffects@1:702723
03-31 13:36:16.670 E/AndroidRuntime( 6275): commitLayoutEffectOnFiber@1:700411
03-31 13:36:16.670 E/AndroidRuntime( 6275): recursivelyTraverseLayoutEffects@1:702723
03-31 13:36:16.670 E/AndroidRuntime( 6275): commitLayoutEffectOnFiber@1:700450
03-31 13:36:16.670 E/AndroidRuntime( 6275): recursivelyTraverseLayoutEffects@1:702723
03-31 13:36:16.670 E/AndroidRuntime( 6275): commitLayoutEffectOnFiber@1:700411
03-31 13:36:16.670 E/AndroidRuntime( 6275): recursivelyTraverseLayoutEffects@1:702723
03-31 13:36:16.670 E/AndroidRuntime( 6275): commitLayoutEffectOnFiber@1:700450
03-31 13:36:16.670 E/AndroidRuntime( 6275): recursivelyTraverseLayoutEffects@1:702723
03-31 13:36:16.670 E/AndroidRuntime( 6275): commitLayoutEffectOnFiber@1:700073
03-31 13:36:16.670 E/AndroidRuntime( 6275): flushLayoutEffects@1:722160
03-31 13:36:16.670 E/AndroidRuntime( 6275): commitRoot@1:721779
03-31 13:36:16.670 E/AndroidRuntime( 6275): performWorkOnRoot@1:709570
03-31 13:36:16.670 E/AndroidRuntime( 6275): performWorkOnRootViaSchedulerTask@1:659890
03-31 13:36:16.670 E/AndroidRuntime( 6275): 
03-31 13:36:16.670 E/AndroidRuntime( 6275): 	at com.facebook.react.modules.core.ExceptionsManagerModule.reportException(ExceptionsManagerModule.kt:52)
03-31 13:36:16.670 E/AndroidRuntime( 6275): 	at com.facebook.jni.NativeRunnable.run(Native Method)
03-31 13:36:16.670 E/AndroidRuntime( 6275): 	at android.os.Handler.handleCallback(Handler.java:995)
03-31 13:36:16.670 E/AndroidRuntime( 6275): 	at android.os.Handler.dispatchMessage(Handler.java:103)
03-31 13:36:16.670 E/AndroidRuntime( 6275): 	at com.facebook.react.bridge.queue.MessageQueueThreadHandler.dispatchMessage(MessageQueueThreadHandler.kt:21)
03-31 13:36:16.670 E/AndroidRuntime( 6275): 	at android.os.Looper.loopOnce(Looper.java:273)
03-31 13:36:16.670 E/AndroidRuntime( 6275): 	at android.os.Looper.loop(Looper.java:363)
03-31 13:36:16.670 E/AndroidRuntime( 6275): 	at com.facebook.react.bridge.queue.MessageQueueThreadImpl$Companion.startNewBackgroundThread$lambda$0(MessageQueueThreadImpl.kt:152)
03-31 13:36:16.670 E/AndroidRuntime( 6275): 	at com.facebook.react.bridge.queue.MessageQueueThreadImpl$Companion.$r8$lambda$YYXYCFexeoKtAeDpeNYkxZZlpbA(Unknown Source:0)
03-31 13:36:16.670 E/AndroidRuntime( 6275): 	at com.facebook.react.bridge.queue.MessageQueueThreadImpl$Companion$$ExternalSyntheticLambda0.run(D8$$SyntheticClass:0)
03-31 13:36:16.670 E/AndroidRuntime( 6275): 	at java.lang.Thread.run(Thread.java:1564)
03-31 13:36:16.670 D/InputDispatcher( 2349): Focus entered window (0): ee9f3c4 com.weejobs.app/com.weejobs.app.MainActivity
03-31 13:36:16.671 I/WallpaperService( 3951): reportVisibility: visibility changed. visible=false
03-31 13:36:16.671 I/ImageWallpaper_17[Image]( 3951):  onVisibilityChanged: visible=false , displayId=0
03-31 13:36:16.671 D/DARUtil ( 2349): Device owner status not updated yet...
03-31 13:36:16.671 D/DARUtil ( 2349): Not an enterprise user : 0
03-31 13:36:16.671 D/VRI[MainActivity]@fe0cee2( 6275): mThreadedRenderer.initializeIfNeeded()#2 mSurface={isValid=true 0xb400006ee396b370}
03-31 13:36:16.671 D/InputMethodManagerUtils( 6275): startInputInner - Id : 0
03-31 13:36:16.671 I/InputMethodManager( 6275): startInputInner - IInputMethodManagerGlobalInvoker.startInputOrWindowGainedFocus
03-31 13:36:16.672 D/BBA2    ( 2349): updateWindowVisible for pid : 6275, visible : 1
03-31 13:36:16.675 I/SurfaceFlinger( 1676): RequestedLayer [com.sec.android.app.launcher/com.sec[...]ivities.LauncherActivity$_4276#27302] hidden!! flag  from(0) --> to(1)
03-31 13:36:16.675 V/InputMethodManagerService( 2349): startInputOrWindowGainedFocusInternalLocked: reason=WINDOW_FOCUS_GAIN client=android.os.BinderProxy@9960e18 inputContext=null editorInfo=android.view.inputmethod.EditorInfo@e29d389 startInputFlags=VIEW_HAS_FOCUS|INITIAL_CONNECTION softInputMode=STATE_UNSPECIFIED|ADJUST_RESIZE|IS_FORWARD_NAVIGATION windowFlags=#81810100 unverifiedTargetSdkVersion=36 bindingController=com.android.server.inputmethod.InputMethodBindingController@ef4770a imeDispatcher=android.window.ImeOnBackInvokedDispatcher@b38ff8e cs=ClientState{af643af mUid=10789 mPid=6275 mSelfReportedDisplayId=0} imeRequestedVisible=false
03-31 13:36:16.675 I/SurfaceFlinger( 1676): RequestedLayer [com.android.systemui.wallpapers.ImageWallpaper$_3951#127] hidden!! flag  from(0) --> to(1)
03-31 13:36:16.675 I/SurfaceFlinger( 1676): RequestedLayer [WallpaperWindowToken{fb2395 showWhenLocked=false}#98] hidden!! flag  from(0) --> to(1)
03-31 13:36:16.675 I/SurfaceFlinger( 1676): RequestedLayer [ActivityRecord{102437058 u0 com.sec.[...]tivities.LauncherActivity t1407}#190] hidden!! flag  from(0) --> to(1)
03-31 13:36:16.675 I/SurfaceFlinger( 1676): RequestedLayer [Task=1407#189] hidden!! flag  from(0) --> to(1)
03-31 13:36:16.675 I/SurfaceFlinger( 1676): destroyed Transition Root: Task=1629#27678 form LifecycleManager
03-31 13:36:16.675 I/SurfaceFlinger( 1676): id=27678 onLayerDestroyed from LayerHierarchyBuilder(RequestedLayerState{Transition Root: Task=1629#27678 !handle z=9})
03-31 13:36:16.675 V/InputMethodManagerService( 2349): setWindowStateInner, windowToken=android.os.BinderProxy@22dbed7, state=ImeTargetWindowState{ imeToken null imeFocusChanged true hasEditorFocused false requestedImeVisible false imeDisplayId 0 softInputModeState STATE_UNSPECIFIED|ADJUST_RESIZE|IS_FORWARD_NAVIGATION isStartInputByGainFocus true}
03-31 13:36:16.675 V/InputMethodManagerService( 2349): Unspecified window will hide input
03-31 13:36:16.675 I/ImeTracker( 2349): com.weejobs.app:95942e05: onRequestHide at ORIGIN_SERVER reason HIDE_UNSPECIFIED_WINDOW fromUser false
03-31 13:36:16.675 V/InputMethodManagerService( 2349): applyImeVisibility state=6
03-31 13:36:16.676 D/SemInputMethodManagerServiceUtil( 2349): restorePreviousUsedInputMethod : failed to return the previous ime becuase the stored info is null or do not need restore
03-31 13:36:16.676 V/InputMethodManagerService( 2349): semComputeImeDisplayIdForTarget: displayToShowIme=0
03-31 13:36:16.676 I/Layer   ( 1676): id=27678 Destroyed Transition Root: Task=1629#27678
03-31 13:36:16.676 V/InputMethodManagerService( 2349): unbindCurrentInputLocked: client=android.os.BinderProxy@c4663d7
03-31 13:36:16.676 V/InputMethodManagerService( 2349): Creating new session for client ClientState{af643af mUid=10789 mPid=6275 mSelfReportedDisplayId=0}
03-31 13:36:16.676 V/InputMethodManagerService( 2349): Creating new session for client ClientState{af643af mUid=10789 mPid=6275 mSelfReportedDisplayId=0}
03-31 13:36:16.677 I/InputMethodManager( 6275): handleMessage: setImeVisibility visible=false
03-31 13:36:16.677 D/InsetsController( 6275): hide(ime(), fromIme=false)
03-31 13:36:16.677 D/InputTransport( 2349): Input channel constructed: 'ClientS', fd=1257
03-31 13:36:16.677 D/InputTransport( 2349): Input channel constructed: 'ClientS', fd=1340
03-31 13:36:16.677 I/ImeTracker( 6275): com.weejobs.app:95942e05: onCancelled at PHASE_CLIENT_ALREADY_HIDDEN
03-31 13:36:16.677 D/InputTransport( 2349): Input channel destroyed: 'ClientS', fd=1340
03-31 13:36:16.677 V/InputMethodManagerService( 2349): Creating new accessibility sessions for client ClientState{af643af mUid=10789 mPid=6275 mSelfReportedDisplayId=0}
03-31 13:36:16.678 D/DARUtil ( 2349): Device owner status not updated yet...
03-31 13:36:16.678 D/DARUtil ( 2349): Not an enterprise user : 0
03-31 13:36:16.678 D/SyntheticPasswordManager.SDP( 2349): Inside fromBytes() - result.pinLength : -1
03-31 13:36:16.678 D/SyntheticPasswordManager.SDP( 2349): 1. result.secureMode : 0
03-31 13:36:16.678 I/WindowManager( 2349): Relayout Window{a4b6524 u0 com.sec.android.app.launcher/com.sec.android.app.launcher.activities.LauncherActivity}: viewVisibility=8 req=904x2316 ty=1 d0
03-31 13:36:16.678 I/DisplayDeviceRepository( 2349): Display device changed render timings: "Built-in Screen", renderFrameRate=120.00001, presentationDeadlineNanos=9233333, appVsyncOffsetNanos=8333333, frameRateOverrides=[]
03-31 13:36:16.679 D/SurfaceComposerClient( 2349): setCornerRadius ## f241244 Splash Screen com.weejobs.app#27676 cornerRadius=0.000000
03-31 13:36:16.679 D/SurfaceComposerClient( 2349): setCornerRadius ## ee9f3c4 com.weejobs.app/com.weejobs.app.MainActivity#27683 cornerRadius=0.000000
03-31 13:36:16.680 D/SurfaceComposerClient( 2349): setCornerRadius ## f241244 Splash Screen com.weejobs.app#27676 cornerRadius=0.000000
03-31 13:36:16.680 D/SurfaceComposerClient( 2349): setCornerRadius ## ee9f3c4 com.weejobs.app/com.weejobs.app.MainActivity#27683 cornerRadius=0.000000
03-31 13:36:16.680 W/LocalDisplayAdapter( 2349): Ignoring request for invalid base mode id 10
03-31 13:36:16.681 I/WindowManager( 2349): Relayout hash=a4b6524, pid=4276, syncId=-1: mAttrs={(0,0)(fillxfill) sim={adjust=nothing forwardNavigation} layoutInDisplayCutoutMode=always ty=BASE_APPLICATION fmt=TRANSPARENT wanim=0x1030306
03-31 13:36:16.681 I/WindowManager( 2349):   fl=81910100
03-31 13:36:16.681 I/WindowManager( 2349):   pfl=10008840
03-31 13:36:16.681 I/WindowManager( 2349):   bhv=2
03-31 13:36:16.681 I/WindowManager( 2349):   fitSides=0
03-31 13:36:16.681 I/WindowManager( 2349):   frameRateBoostOnTouch=true
03-31 13:36:16.681 I/WindowManager( 2349):   dvrrWindowFrameRateHint=true screenDimDuration=200000 naviIconColor=0}
03-31 13:36:16.681 D/TaskOrganizerController( 2349): applyStartingWindowAnimation, window=Window{f241244 u0 Splash Screen com.weejobs.app}, caller=com.android.server.wm.ActivityRecord.onCopySplashScreenFinish:40 com.android.server.wm.ActivityTaskManagerService.onSplashScreenViewCopyFinished:41 android.app.IActivityTaskManager$Stub.onTransact:2644 
03-31 13:36:16.681 I/WindowManager( 2349): Reparenting to leash, surface=Surface(name=f241244 Splash Screen com.weejobs.app)/@0x5a97266, leashParent=Surface(name=ActivityRecord{56147790 u0 com.weejobs.app/.MainActivity t1629})/@0xae4f9a7
03-31 13:36:16.681 I/SurfaceFlinger( 1676): id=27688 createSurf, flag=24000, Surface(name=f241244 Splash Screen com.weejobs.app)/@0x5a97266 - animation-leash of starting_reveal#27688
03-31 13:36:16.682 D/WindowManager( 2349): makeSurface duration=2 leash=Surface(name=Surface(name=f241244 Splash Screen com.weejobs.app)/@0x5a97266 - animation-leash of starting_reveal)/@0xb780bc0
03-31 13:36:16.683 I/VRI[LauncherActivity]@db31459( 4276): Relayout returned: old=(0,0,904,2316) new=(0,0,904,2316) relayoutAsync=false req=(904,2316)8 dur=7 res=0x2 s={false 0x0} ch=true seqId=0
03-31 13:36:16.683 I/SurfaceFlinger( 1676): [Surface(name=f241244 Splash Screen com.weejobs.app)/@0x5a97266 - animation-leash of starting_reveal#27688] attach to parent LayerHierarchy{RequestedLayerState{ActivityRecord{56147790 u0 com.weejobs.app/.MainActivity t1629}#27675 parentId=27674} 4 children}
03-31 13:36:16.684 D/InputMethodManagerService( 2349): isImeSwitcherDisabledPackage : false
03-31 13:36:16.684 D/InputMethodManagerService( 2349): shouldShowImeSwitcherLocked : checking vis : 3
03-31 13:36:16.685 I/ActivityManager( 2349): Changes in 10140 2 to 5, 255 to 184
03-31 13:36:16.685 I/SearchHoneyPot( 4276): onViewCreated: onStop
03-31 13:36:16.686 I/HoneySpace.ContentsAnimator( 4276): end call
03-31 13:36:16.686 I/HoneySpace.BlurAnimator( 4276): end
03-31 13:36:16.686 I/HoneySpace.BlurAnimator( 4276): reset
03-31 13:36:16.687 I/HoneySpace.HoneyAppWidgetHost( 4276): stopListening, host: @bdaec3b, hostId: 1025
03-31 13:36:16.687 I/AppWidgetServiceImpl( 2349): stopListening callbacks : null
03-31 13:36:16.687 V/OsAgent ( 5266): broadcastSystemEvent - 7
03-31 13:36:16.688 V/OsAgent ( 5266): broadcastSystemEvent - 7
03-31 13:36:16.688 I/VRI[LauncherActivity]@db31459( 4276): stopped(true) old = false
03-31 13:36:16.689 V/InputMethodManagerService( 2349): Disabling: SessionState{uid=10140 pid=4276 method=1884182 session=f993d64 channel=ClientState{ea9aee7 mUid=10140 mPid=4276 mSelfReportedDisplayId=0} userId=0}
03-31 13:36:16.689 V/InputMethodManagerService( 2349): Enabling: SessionState{uid=10789 pid=6275 method=1884182 session=8a99a97 channel=ClientState{af643af mUid=10789 mPid=6275 mSelfReportedDisplayId=0} userId=0}
03-31 13:36:16.689 I/HoneySpace.Launcher( 4276): !@Boot_EBS_D: Launcher.onStop()
03-31 13:36:16.690 D/InputMethodManagerService( 2349): checkDisplayOfStartInputAndUpdateKeyboard: displayId=0, mFocusedDisplayId=0
03-31 13:36:16.690 I/SAMSUNGWALLET(19454): [Hint_ProcessStatusChange] fg Change, pid : 6275 , isNotify : true , isForeground : true , fg list : [6275, 4276]
03-31 13:36:16.690 E/ReactNativeJS( 6275): [Error: Incompatible React versions: The "react" and "react-native-renderer" packages must have the exact same version. Instead got:
03-31 13:36:16.690 E/ReactNativeJS( 6275):   - react:                  19.2.4
03-31 13:36:16.690 E/ReactNativeJS( 6275):   - react-native-renderer:  19.2.3
03-31 13:36:16.690 E/ReactNativeJS( 6275): Learn more: https://react.dev/warnings/version-mismatch]
03-31 13:36:16.690 D/InputTransport( 2349): Input channel constructed: 'ClientS', fd=1395
03-31 13:36:16.690 I/SAMSUNGWALLET(19454): [Hint_ProcessStatusChange] fg Change, pid : 6275 , isNotify : false , isForeground : true , fg list : [6275, 4276]
03-31 13:36:16.690 I/HoneySpace.Memory-Monitor( 4276): scheduleTrim delayTime=30000
03-31 13:36:16.691 I/AutofillManager( 4276): onInvisibleForAutofill(): expiringResponse
03-31 13:36:16.692 D/InputTransport( 2349): Input channel destroyed: 'ClientS', fd=1395
03-31 13:36:16.693 I/HBD     (12719): HoneyBoardService onFinishInput 
03-31 13:36:16.693 D/InputTransport( 6275): Input channel constructed: 'ClientS', fd=149
03-31 13:36:16.693 I/HBD     (12719): a IC have been unbinding,  RemoteInputConnection{idHash=#c17cc7d}
03-31 13:36:16.693 D/DisplayLifecycle( 3951): updateDisplay id = 0
03-31 13:36:16.693 I/HBD     (12719): HoneyBoardService [PF_CL][onFinishInput]  0 ms 
03-31 13:36:16.693 I/HBD     (12719): HoneyBoardService [IMI] onStartInput - caller pid : 6275 , caller uid : 10789 
03-31 13:36:16.693 I/HBD     (12719): r updateConfigs 
03-31 13:36:16.693 I/HoneySpace.OneUiSpace( 4276): onSaveInstanceState honeyScreen=d3.M@9001ed5
03-31 13:36:16.693 I/HBD     (12719): r isEnabledNightMode : false 
03-31 13:36:16.693 I/HBD     (12719): a IC have been binding, RemoteInputConnection{idHash=#dd6449c} 
03-31 13:36:16.693 D/StackScroller( 3951): onDisplayChanged for predraw skip to 2
03-31 13:36:16.693 I/HBD     (12719): h [EditorInputType]setPrivateImeOptionsToTable privateImeOptions ( null )
03-31 13:36:16.694 I/HBD     (12719): b incognitoMode : false 
03-31 13:36:16.694 I/HBD     (12719): f needOff = true , isForceOff = false, isNullInputClass : true 
03-31 13:36:16.694 I/HBD     (12719): h getDefaultInputRange : UNKNOWN 
03-31 13:36:16.694 I/HBD     (12719): h getDefaultInputRange : UNKNOWN 
03-31 13:36:16.694 I/HBD     (12719): h getDefaultInputRange : UNKNOWN 
03-31 13:36:16.694 I/HBD     (12719): i [AiWriter] isChildBlockCase:
03-31 13:36:16.694 V/AutofillInlineSuggestionsRequestSession( 2349): onInputMethodFinishInput() received
03-31 13:36:16.694 V/AutofillInlineSuggestionsRequestSession( 2349): onInputMethodStartInput() received on 0
03-31 13:36:16.694 V/AutofillInlineSuggestionsRequestSession( 2349): maybeUpdateResponseToImeLocked called
03-31 13:36:16.694 V/AutofillInlineSuggestionsRequestSession( 2349): maybeUpdateResponseToImeLocked called
03-31 13:36:16.695 D/SurfaceComposerClient( 2349): setCornerRadius ## f241244 Splash Screen com.weejobs.app#27676 cornerRadius=0.000000
03-31 13:36:16.695 D/SurfaceComposerClient( 2349): setCornerRadius ## ee9f3c4 com.weejobs.app/com.weejobs.app.MainActivity#27683 cornerRadius=0.000000
03-31 13:36:16.696 D/WifiDisplayAdapter( 2349): isFitToActiveDisplayLocked : false
03-31 13:36:16.696 D/RestrictionPolicy( 2349): isScreenCaptureEnabled : ret=true userId=0
03-31 13:36:16.696 I/WindowManager( 2349): Cancelling animation restarting=true, leash=Surface(name=Surface(name=c42dbff InputMethod)/@0x8fdb815 - animation-leash of insets_animation)/@0xd8ddc9e
03-31 13:36:16.696 I/WindowManager( 2349): Reparenting to original parent: Surface(name=WindowToken{862ec10 type=2011 android.os.Binder@1c178d3})/@0x75bf72a, destroy=false, surface=Surface(name=c42dbff InputMethod)/@0x8fdb815
03-31 13:36:16.696 I/WindowManager( 2349): Reparenting to leash, surface=Surface(name=c42dbff InputMethod)/@0x8fdb815, leashParent=Surface(name=WindowToken{862ec10 type=2011 android.os.Binder@1c178d3})/@0x75bf72a
03-31 13:36:16.696 I/SurfaceFlinger( 1676): id=27689 createSurf, flag=24004, Surface(name=c42dbff InputMethod)/@0x8fdb815 - animation-leash of insets_animation#27689
03-31 13:36:16.696 I/ActivityManager( 2349): Changes in 10105 19 to 7, 0 to 128
03-31 13:36:16.695 I/HoneySpace.Memory-Monitor( 4276): current state = 2, didTrim = false
03-31 13:36:16.697 I/btyz    (18463): onStop
03-31 13:36:16.698 D/WindowManager( 2349): makeSurface duration=2 leash=Surface(name=Surface(name=c42dbff InputMethod)/@0x8fdb815 - animation-leash of insets_animation)/@0x55f5cee
03-31 13:36:16.699 D/InsetsSourceProvider( 2349): updateControlForTarget: control=InsetsSourceControl: {3 mType=ime mSurfacePosition=Point(0, 87) mInsetsHint=Insets{left=0, top=0, right=0, bottom=863}}, target=Window{ee9f3c4 u0 com.weejobs.app/com.weejobs.app.MainActivity}, from=com.android.server.wm.ImeInsetsSourceProvider.updateControlForTarget:17 com.android.server.wm.InsetsStateController.onControlTargetChanged:83 com.android.server.wm.DisplayContent.updateImeControlTarget:21 com.android.server.wm.DisplayContent.updateImeInputAndControlTarget:156 com.android.server.wm.WindowManagerService$LocalService.updateInputMethodTargetWindow:64 
03-31 13:36:16.699 I/ImeTracker( 2349): system_server:d4d353b6: onRequestHide at ORIGIN_SERVER reason IME_REQUESTED_CHANGED_LISTENER fromUser false
03-31 13:36:16.699 I/CameraService( 1946): onUidStateChanged: uid=10241, procState is changed. (3 -> 5)
03-31 13:36:16.699 D/Debug   ( 2349): low && ship && 3rdparty app crash, do not dump
03-31 13:36:16.700 W/ActivityTaskManager( 2349):   Force finishing activity com.weejobs.app/.MainActivity
03-31 13:36:16.700 V/InputMethodManagerService( 2349): Client requesting input be hidden
03-31 13:36:16.700 V/InputMethodManagerService( 2349): setWindowStateInner, windowToken=android.os.BinderProxy@22dbed7, state=ImeTargetWindowState{ imeToken android.os.Binder@be5a425 imeFocusChanged true hasEditorFocused false requestedImeVisible false imeDisplayId 0 softInputModeState STATE_UNSPECIFIED|ADJUST_RESIZE|IS_FORWARD_NAVIGATION isStartInputByGainFocus true}
03-31 13:36:16.700 I/ImeTracker( 2349): system_server:d4d353b6: onCancelled at PHASE_SERVER_SHOULD_HIDE
03-31 13:36:16.700 V/InputMethodManagerService( 2349): hideCurrentInputLocked : canceled, shouldHideSoftInput=false, mInputShown=false, mImeWindowVis=0
03-31 13:36:16.700 D/WindowManager( 2349): Transition is created, t=TransitionRecord{7c601c id=-1 type=CLOSE flags=0x10}, caller=com.android.server.wm.Transition.<init>:182 com.android.server.wm.TransitionController.createTransition:17 com.android.server.wm.TransitionController.requestTransitionIfNeeded:48 com.android.server.wm.RootWindowContainer$$ExternalSyntheticLambda34.accept:176 com.android.server.wm.Task.forAllLeafTasks:6 
03-31 13:36:16.700 I/SurfaceFlinger( 1676): [Display 0 name="Built-in Screen"#50] setFrameRateCategory: High
03-31 13:36:16.700 D/BLASTSyncEngine( 2349): SyncGroup is created, id=1688, name=Transition-CLOSE, caller=com.android.server.wm.BLASTSyncEngine$SyncGroup.<init>:52 com.android.server.wm.TransitionController.moveToCollecting:79 com.android.server.wm.TransitionController.createTransition:46 com.android.server.wm.TransitionController.requestTransitionIfNeeded:48 com.android.server.wm.RootWindowContainer$$ExternalSyntheticLambda34.accept:176 com.android.server.wm.Task.forAllLeafTasks:6 com.android.server.wm.WindowContainer.forAllLeafTasks:4 
03-31 13:36:16.700 I/SurfaceFlinger( 1676): [LayerHierarchy{RequestedLayerState{f241244 Splash Screen com.weejobs.app#27676 parentId=27688 z=2147483647} 1 children}] reparent to LayerHierarchy{RequestedLayerState{Surface(name=f241244 Splash Screen com.weejobs.app)/@0x5a97266 - animation-leash of starting_reveal#27688 parentId=27675} 1 children}
03-31 13:36:16.700 I/SurfaceFlinger( 1676): [Surface(name=c42dbff InputMethod)/@0x8fdb815 - animation-leash of insets_animation#27689] attach to parent LayerHierarchy{RequestedLayerState{WindowToken{862ec10 type=2011 android.os.Binder@1c178d3}#6689 parentId=16} 2 children}
03-31 13:36:16.700 W/BLASTSyncEngine( 2349): setSyncMethod, id=1688, method=0, caller=com.android.server.wm.TransitionController.moveToCollecting:91 com.android.server.wm.TransitionController.createTransition:46 com.android.server.wm.TransitionController.requestTransitionIfNeeded:48 
03-31 13:36:16.700 V/WindowManager( 2349): Start collecting in Transition: TransitionRecord{7c601c id=1688 type=CLOSE flags=0x10}, caller=com.android.server.wm.TransitionController.createTransition:46 com.android.server.wm.TransitionController.requestTransitionIfNeeded:48 com.android.server.wm.RootWindowContainer$$ExternalSyntheticLambda34.accept:176 com.android.server.wm.Task.forAllLeafTasks:6 com.android.server.wm.WindowContainer.forAllLeafTasks:4 
03-31 13:36:16.700 V/WindowManager( 2349): Requesting StartTransition: TransitionRecord{7c601c id=1688 type=CLOSE flags=0x10}, caller=com.android.server.wm.TransitionController.requestTransitionIfNeeded:56 com.android.server.wm.RootWindowContainer$$ExternalSyntheticLambda34.accept:176 com.android.server.wm.Task.forAllLeafTasks:6 com.android.server.wm.WindowContainer.forAllLeafTasks:4 com.android.server.wm.DisplayArea.forAllLeafTasks:4 
03-31 13:36:16.701 V/WindowManager( 2349): Collecting in transition 1688: Task{b67686f #1629 type=standard A=10789:com.weejobs.app}, caller=com.android.server.wm.Transition.collectExistenceChange:40 com.android.server.wm.Transition.collectClose:7 com.android.server.wm.ActivityRecord.finishIfPossible:72 com.android.server.wm.ActivityRecord.finishIfPossible:1 com.android.server.wm.RootWindowContainer$$ExternalSyntheticLambda34.accept:179 
03-31 13:36:16.701 D/WindowManager( 2349): prepareSync <SYNC_STATE_WAITING_FOR_DRAW>, mPrepareSyncSeqId=0, win=Window{f241244 u0 Splash Screen com.weejobs.app}
03-31 13:36:16.701 D/WindowManager( 2349): prepareSync <SYNC_STATE_WAITING_FOR_DRAW>, mPrepareSyncSeqId=0, win=Window{ee9f3c4 u0 com.weejobs.app/com.weejobs.app.MainActivity}
03-31 13:36:16.701 V/WindowManagerShell( 3951): Transition requested (#1688): android.os.BinderProxy@6e8bab4 TransitionRequestInfo { type = CLOSE, triggerTask = TaskInfo{userId=0 taskId=1629 effectiveUid=10789 displayId=0 isRunning=true baseIntent=Intent { act=android.intent.action.MAIN cat=[android.intent.category.LAUNCHER] flg=0x10200000 cmp=com.weejobs.app/.MainActivity } baseActivity=ComponentInfo{com.weejobs.app/com.weejobs.app.MainActivity} topActivity=ComponentInfo{com.weejobs.app/com.weejobs.app.MainActivity} origActivity=null realActivity=ComponentInfo{com.weejobs.app/com.weejobs.app.MainActivity} numActivities=1 lastActiveTime=712881299 supportsMultiWindow=true resizeMode=1 isResizeable=true minWidth=-1 minHeight=-1 maxWidth=-1 maxHeight=-1 defaultMinSize=220 desktopDefaultMinSize=304 token=WCT{android.window.IWindowContainerToken$Stub$Proxy@53286dd} topActivityType=1 pictureInPictureParams=null shouldDockBigOverlays=false launchIntoPipHostTaskId=-1 lastParentTaskIdBeforePip=-1 displayCutoutSafeInsets=Rect(0, 0 - 0, 0) topActivityInfo=ActivityInfo{788f252 com.weejobs.app.MainActivity} launchCookies=[] positionInParent=Point(0, 0) parentTaskId=-1 isFocused=true isVisible=true isVisibleRequested=true isTopActivityNoDisplay=false isSleeping=false locusId=null displayAreaFeatureId=1 isTopActivityTransparent=false isActivityStackTransparent=false lastNonFullscreenBounds=Rect(71, 681 - 833, 1596) capturedLink=null capturedLinkTimestamp=0 requestedVisibleTypes=-9 topActivityRequestOpenInBrowserEducationTimestamp=0 appCompatTaskInfo=AppCompatTaskInfo { topActivityInSizeCompat=false eligibleForLetterboxEducation= false isLetterboxEducationEnabled= false isLetterboxDoubleTapEnabled= false eligibleForUserAspectRatioButton= false topActivityBoundsLetterboxed= false isFromLetterboxDoubleTap= false topActivityLetterboxVerticalPosition= -1 topActivityLetterboxHorizontalPosition= -1 topActivityLetterboxWidth=-1 topActivityLetterboxHeight=-1 topActivityAppBounds=Rect(0, 0 - 904, 2316) isUserFullscreenOverrideEnabled=true isSystemFullscreenOverrideEnabled=false hasMinAspectRatioOverride=false topActivityLetterboxBounds=null cameraCompatTaskInfo=CameraCompatTaskInfo { freeformCameraCompatMode=inactive} topActivityBounds=null topActivityInDisplayCompat=false singleTapFromLetterbox=false} topActivityMainWindowFrame=null originallySupportedMultiWindow=true hasWallpaper=false rootAffinity=10789:com.weejobs.app isTopTaskInStage=false CoverLauncherWidgetTask=false LaunchedFromAppsCoverLauncherTask=false LaunchedFromMultistarCoverLauncherTask=false isAllowedSeamlessRotation=false isTopTransparentActivity=false isAliasManaged=false hasConfigChanged=false snappingGuideBounds=null isAiKeyRemoveAppTask=false lastDesktopWindowingBounds=null lastExternalDesktopWindowingBounds=null isTopFullScreenWindow=true isFullSizeWindow=true safeCutoutInsets=null}, pipChange = null, remoteTransition = null, displayChange = null, flags = 16, debugId = 1688 }
03-31 13:36:16.702 V/ShellDesktopMode( 3951): DesktopTasksController: isDesktopModeShowing: hasVisibleTasks=false hasTopTransparentFullscreenTask=false
03-31 13:36:16.702 V/ShellDesktopMode( 3951): DesktopTasksController: isDesktopModeShowing: hasVisibleTasks=false hasTopTransparentFullscreenTask=false
03-31 13:36:16.702 D/ShellDesktopMode( 3951): handleRequest: TransitionRequestInfo {type=2, tid=1629, f=16, debugId=1688}
03-31 13:36:16.702 V/ShellDesktopMode( 3951): DesktopTasksController: skipping handleRequest reason=transition type not handled (2)
03-31 13:36:16.702 I/SAMSUNGWALLET(19454): [Hint_PayHintService] Hint Status - already invisible, skip hide : [4000000] - Disable on home
03-31 13:36:16.702 D/ActivityTaskManager( 2349): scheduleTopResumedActivityChanged, onTop=false, r=ActivityRecord{56147790 u0 com.weejobs.app/.MainActivity t1629 f}}, caller=com.android.server.wm.ActivityTaskSupervisor.scheduleTopResumedActivityStateLossIfNeeded:19 com.android.server.wm.ActivityTaskSupervisor.updateTopResumedActivityIfNeeded:20 com.android.server.wm.TaskDisplayArea.positionChildAt:252 com.android.server.wm.WindowContainer.positionChildAt:84 com.android.server.wm.Task.positionChildAt:19 com.android.server.wm.Task.moveToFront:40 
03-31 13:36:16.703 V/WindowManager( 2349): Collecting in transition 1688: ActivityRecord{56147790 u0 com.weejobs.app/.MainActivity t1629 f}}, caller=com.android.server.wm.TransitionController.collect:7 com.android.server.wm.ActivityRecord.setVisibility:132 com.android.server.wm.ActivityRecord.finishIfPossible:130 com.android.server.wm.ActivityRecord.finishIfPossible:1 com.android.server.wm.RootWindowContainer$$ExternalSyntheticLambda34.accept:179 
03-31 13:36:16.703 I/SamsungAccount( 1167): [AccountManagerProvider] isChildAccount
03-31 13:36:16.703 I/SamsungAccount( 1167): [AccountManagerProvider] Calling package : android.honeyboard.
03-31 13:36:16.706 V/WindowManager( 2349): Collecting in transition 1688: ActivityRecord{102437058 u0 com.sec.android.app.launcher/.activities.LauncherActivity t1407}, caller=com.android.server.wm.TransitionController.collect:7 com.android.server.wm.ActivityRecord.setVisibility:132 com.android.server.wm.ActivityRecord.makeVisibleIfNeeded:36 com.android.server.wm.EnsureActivitiesVisibleHelper.setActivityVisibilityState:298 com.android.server.wm.EnsureActivitiesVisibleHelper.process:281 
03-31 13:36:16.706 D/WindowManager( 2349): prepareSync <SYNC_STATE_WAITING_FOR_DRAW>, mPrepareSyncSeqId=0, win=Window{a4b6524 u0 com.sec.android.app.launcher/com.sec.android.app.launcher.activities.LauncherActivity}
03-31 13:36:16.706 V/WindowManager( 2349): Setting visibility of Window{a4b6524 u0 com.sec.android.app.launcher/com.sec.android.app.launcher.activities.LauncherActivity}: true, caller=com.android.server.wm.WindowContainer.sendAppVisibilityToClients:19 com.android.server.wm.WindowToken.setClientVisible:48 com.android.server.wm.ActivityRecord.setVisibility:486 com.android.server.wm.ActivityRecord.makeVisibleIfNeeded:36 com.android.server.wm.EnsureActivitiesVisibleHelper.setActivityVisibilityState:298 
03-31 13:36:16.706 I/VRI[LauncherActivity]@db31459( 4276): handleAppVisibility mAppVisible = false visible = true
03-31 13:36:16.707 D/SurfaceComposerClient( 2349): setCornerRadius ## a4b6524 com.sec.android.app.launcher/com.sec.android.app.launcher.activities.LauncherActivity#191 cornerRadius=0.000000
03-31 13:36:16.707 D/SurfaceComposerClient( 2349): setCornerRadius ## a4b6524 com.sec.android.app.launcher/com.sec.android.app.launcher.activities.LauncherActivity#191 cornerRadius=0.000000
03-31 13:36:16.708 D/FreecessController( 2349): BG freezed, skip OLAF unfreeze for (com.snapchat.android, 10555)
03-31 13:36:16.708 D/FreecessController( 2349): BG freezed, skip OLAF unfreeze for (com.samsung.android.shealthmonitor, 10612)
03-31 13:36:16.708 D/FreecessController( 2349): BG freezed, skip OLAF unfreeze for (com.hualai, 10626)
03-31 13:36:16.708 W/unknown:BridgelessReact( 6275): ReactHost{0}.onHostPause(activity)
03-31 13:36:16.709 W/unknown:BridgelessReact( 6275): ReactHost{0}.ReactContext.onHostPause()
03-31 13:36:16.709 W/ActivityManager( 2349): crash : com.weejobs.app,10789
03-31 13:36:16.709 I/SamsungAccount( 1167): [SignatureInfoDbHelper] searchOnUser(fromDb) - [10/lfgff][android.honeyboard.][64/3291d] => matched
03-31 13:36:16.709 I/SamsungAccount( 1167): [AccountManagerProvider] This is the access of the allowed application
03-31 13:36:16.709 I/SamsungAccount( 1167): [AccountManagerUtil] isSamsungAccountSignedIn : true
03-31 13:36:16.710 D/AutofillSession( 2349): updateLocked(null): Set the response has expired.
03-31 13:36:16.710 D/FreecessController( 2349): restrictJobsByOlaf: restrict=false, uid=-1
03-31 13:36:16.710 W/PresentationStatsEventLogger( 2349): Shouldn't be logging AutofillPresentationEventReported again for same event
03-31 13:36:16.711 V/WindowManager( 2349): Starting Transition 1688, caller=com.android.server.wm.WindowOrganizerController.startTransition:47 com.android.server.wm.WindowOrganizerController.startTransition:1 android.window.IWindowOrganizerController$Stub.onTransact:259 
03-31 13:36:16.712 I/ActivityManager( 2349): Showing crash dialog for package com.weejobs.app u0
03-31 13:36:16.712 D/IAFDDiagnosis( 2349): parseExpType start
03-31 13:36:16.712 D/IAFDDBManager( 2349): syncDBType(): mCurDBIndex=1, curDBVer=5
03-31 13:36:16.712 I/SemDvfsHyPerManager( 2349): acquire hyper - AMS_APP_HOME/2349@17, type = -999
03-31 13:36:16.713 I/ReactNativeJS( 6275): [expo-router-inspector-debug] inspector useEffect start
03-31 13:36:16.713 D/ActivityManagerPerformance( 2349): AMP_acquire() HOME
03-31 13:36:16.713 I/ReactNativeJS( 6275): '[expo-router-inspector-debug] keys present:', 45, 'modulesPresent:', true
03-31 13:36:16.713 D/IAFDDBManager( 2349): syncDBType(): mCurDBIndex=1, curDBVer=5
03-31 13:36:16.713 I/HYPER-HAL( 1561): [RequestManager.cpp]acquire(): Acquired ID : 2800178  [2349 / 17]    HINT : AMS_APP_HOME    list : 
03-31 13:36:16.713 I/ReactNativeJS( 6275): '[expo-router-inspector-debug] write target:', 'expo-router-inspect-all.json'
03-31 13:36:16.713 W/ReactNativeJS( 6275): Method writeAsStringAsync imported from "expo-file-system" is deprecated.
03-31 13:36:16.713 W/ReactNativeJS( 6275): You can migrate to the new filesystem API using "File" and "Directory" classes or import the legacy API from "expo-file-system/legacy".
03-31 13:36:16.713 W/ReactNativeJS( 6275): API reference and examples are available in the filesystem docs: https://docs.expo.dev/versions/v54.0.0/sdk/filesystem/
03-31 13:36:16.714 D/SGM:FgCheckThread( 2349): TaskStackListener.onTaskFocusChanged(), taskId=1629, focused=false
03-31 13:36:16.714 D/SGM:FgCheckThread( 2349): TaskStackListener.onTaskFocusChanged(), taskId=1407, focused=true
03-31 13:36:16.714 I/HoneySpace.TopTaskSource( 4276): onTaskMovedToFront : taskId = 1407, displayId = 0
03-31 13:36:16.714 I/SemDvfsHyPerManager(10397): acquire hyper - APP_START_HOME/10397@23, type = -999
03-31 13:36:16.715 I/HYPER-HAL( 1561): [RequestManager.cpp]acquire(): Acquired ID : 54293433  [10397 / 23]    HINT : APP_START    list : [KERNEL_APP_START_NOTIFY / 0] [TIMEOUT / 1500] 
03-31 13:36:16.715 E/HYPER-HAL( 1561): [HandlerSysfs.cpp]doResourceHandling(): Couldn't Open Sysfs - /sys/devices/system/cpu/bus_dcvs/DDR/soc:qcom,memlat:ddr:prime-latfloor/max_freq
03-31 13:36:16.715 D/SGM:FgCheckThread( 2349):   sendRunningComponentFocus(), pkgName: com.sec.android.app.launcher, userId: 0
03-31 13:36:16.715 E/ReactNativeJS( 6275): { [TypeError: Cannot read property 'default' of undefined]
03-31 13:36:16.715 E/ReactNativeJS( 6275):   componentStack: '\n    at ExpoLinearGradient (address at index.android.bundle:1:2056690)\n    at RCTView (<anonymous>)\n    at View (address at index.android.bundle:1:867585)\n    at NativeLinearGradient (address at index.android.bundle:1:1354881)\n    at LinearGradient (address at index.android.bundle:1:1989520)\n    at RCTView (<anonymous>)\n    at View (address at index.android.bundle:1:867585)\n    at SplashScreen (address at index.android.bundle:1:1159133)\n    at WrappedScreenComponent (address at index.android.bundle:1:1709245)\n    at Suspense (<anonymous>)\n    at ZoomTransitionTargetContextProvider (address at index.android.bundle:1:1016509)\n    at Route (address at index.android.bundle:1:987181)\n    at BaseRoute (address at index.android.bundle:1:1708649)\n    at StaticContainer (address at index.android.bundle:1:975936)\n    at EnsureSingleNavigator (address at index.android.bundle:1:953200)\n    at SceneView (address at index.android.bundle:1:975066)\n    at NavigationProvider (address at index.android.bundle:1:958323)\n    at RNSScreenContentWrapper (<anonymous>)\n    at ScreenContentWrapper (<anonymous>)\n    at DebugContainer (address at index.android.bundle:1:1058603)\n    at RNSScreen (<anonymous>)\n    at Animated(Anonymous) (address at index.android.bundle:1:1601603)\n    at Suspender (address at index.android.bundle:1:1054041)\n    at Suspense (<anonymous>)\n    at Freeze (address at index.android.bundle:1:1054103)\n    at DelayedFreeze (address at index.android.bundle:1:1053880)\n    at InnerScreen (address at index.android.bundle:1:1052233)\n    at anonymous (address at index.android.bundle:1:1053790)\n    at ScreenStackItem (address at index.android.bundle:1:1057777)\n    at NavigationProvider (address at index.android.bundle:1:958323)\n    at SceneView (address at index.android.bundle:1:1097102)\n    at RNSScreenStack (<anonymous>)\n    at anonymous (address at index.android.bundle:1:1057722)\n    at ScreenStack (address at index.android.bundle:1:1057164)\n    at RCTView (<anonymous>)\n    at View (address at index.android.bundle:1:867585)\n    at FrameSizeProvider (address at index.android.bundle:1:1041837)\n    at SafeAreaProviderCompat (address at index.android.bundle:1:1046124)\n    at NativeStackView (address at index.android.bundle:1:1096848)\n    at PreventRemoveProvider (address at index.android.bundle:1:970636)\n    at NavigationStateListenerProvider (address at index.android.bundle:1:976943)\n    at NavigationContent (address at index.android.bundle:1:974452)\n    at anonymous (address at index.android.bundle:1:1685346)\n    at NativeStackNavigator (address at index.android.bundle:1:1095654)\n    at anonymous (address at index.android.bundle:1:1699217)\n    at anonymous (address at index.android.bundle:1:989400)\n    at JobsProvider (address at index.android.bundle:1:1156197)\n    at AuthProvider (address at index.android.bundle:1:1133056)\n    at ThemeProvider (address at index.android.bundle:1:1155676)\n    at StripeProvider (address at index.android.bundle:1:1123022)\n    at RootLayout (address at index.android.bundle:1:1116438)\n    at WrappedScreenComponent (address at index.android.bundle:1:1709245)\n    at Suspense (<anonymous>)\n    at ZoomTransitionTargetContextProvider (address at index.android.bundle:1:1016509)\n    at Route (address at index.android.bundle:1:987181)\n    at BaseRoute (address at index.android.bundle:1:1708649)\n    at StaticContainer (address at index.android.bundle:1:975936)\n    at EnsureSingleNavigator (address at index.android.bundle:1:953200)\n    at SceneView (address at index.android.bundle:1:975066)\n    at NavigationProvider (address at index.android.bundle:1:958323)\n    at PreventRemoveProvider (address at index.android.bundle:1:970636)\n    at NavigationStateListenerProvider (address at index.android.bundle:1:976943)\n    at NavigationContent (address at index.android.bundle:1:974452)\n    at anonymous (address at index.android.bundle:1:1685346)\n    at Content (addre
03-31 13:36:16.715 E/ReactNativeJS( 6275):   isComponentError: true }
03-31 13:36:16.716 D/SGM:FgCheckThread( 2349): onLooperPrepared(), msg: MSG_TASK_FOCUSED, pkgName: com.sec.android.app.launcher, userId: 0
03-31 13:36:16.716 D/SGM:FgCheckThread( 2349): handleTaskFocused().
03-31 13:36:16.716 D/SGM:FgCheckThread( 2349): sendFocusOutConditionally() - mPrevNotiPkg: KILL_YOURSELF, userId: 0
03-31 13:36:16.716 D/SGM:FgCheckThread( 2349):   handleTaskFocused(), pkgName: com.sec.android.app.launcher, userID:0 mResumedPkgMap does not containsKey.
03-31 13:36:16.716 D/InputDispatcher( 2349): Focused application(0): ActivityRecord{102437058 u0 com.sec.android.app.launcher/.activities.LauncherActivity t1407}
03-31 13:36:16.716 D/AS.MultiSoundManager( 2349): mForegroundUid = 10140
03-31 13:36:16.716 I/HoneySpace.RecentTasks( 4276): onRecentTasksChanged
03-31 13:36:16.716 I/SamsungAccount( 1167): [TPMU]  SIMState     :SIM_STATE_READY
03-31 13:36:16.716 E/ReactNativeJS( 6275): { [TypeError: Cannot read property 'default' of undefined]
