03-30 21:28:00.619 15412 15419 I com.weejobs.app: Compiler allocated 5087KB to compile void android.view.ViewRootImpl.performTraversals()
03-30 21:28:00.822   815   925 W ProcessStats: Tracking association SourceState{2d634d com.google.android.gms.persistent/10155 BTop #23436} whose proc state 2 is better than process ProcessState{90e940a com.google.android.gms/10155 pkg=com.google.android.gms} proc state 14 (101 skipped)
03-30 21:28:01.748  1522  1586 D SatelliteController: iisInCarrierRoamingNbIotNtn: satellite is disabled
03-30 21:28:01.755  1522  1586 D SatelliteController: getCarrierRoamingNtnConnectType: Falling back to global carrier config connect type: 0
03-30 21:28:02.090   815  1239 I HalDevMgr: bestIfaceCreationProposal is null, requestIface=STA, existingIface=[name=wlan0 type=STA]
03-30 21:28:02.740   815   952 D ActivityManager: freezing 13696 com.android.vending:background
03-30 21:28:03.132   815   952 D ActivityManager: freezing 13979 com.android.vending
03-30 21:28:03.136   815  1247 D InetDiagMessage: Destroyed 0 sockets, proto=IPPROTO_TCP, family=AF_INET, states=14
03-30 21:28:03.142   815  1247 D InetDiagMessage: Destroyed 2 sockets, proto=IPPROTO_TCP, family=AF_INET6, states=14
03-30 21:28:03.142   815  1247 D InetDiagMessage: Destroyed live tcp sockets for uids={10153} in 8ms
03-30 21:28:04.006  1564  1564 I wpa_supplicant: wlan0: CTRL-EVENT-BEACON-LOSS 
03-30 21:28:04.486 15412 15451 D ProfileInstaller: Installing profile for com.weejobs.app
03-30 21:28:05.011 15412 15443 W unknown:ReactNative: The packager does not seem to be running as we got an IOException requesting its status: failed to connect to /10.0.2.2 (port 8081) from /10.0.2.16 (port 54882) after 5000ms
03-30 21:28:05.012 15412 15443 W unknown:BridgelessReact: ReactHost{0}.isMetroRunning(): Async result = false
03-30 21:28:05.016 15412 15442 W unknown:BridgelessReact: ReactHost{0}.getOrCreateReactInstanceTask(): Creating BridgelessReactContext
03-30 21:28:05.023 15412 15442 W unknown:BridgelessReact: ReactHost{0}.getOrCreateReactInstanceTask(): Creating ReactInstance
03-30 21:28:05.063 15412 15442 D nativeloader: Load /data/app/~~0CZF9ncyrSaNM0Se8Fgh7A==/com.weejobs.app-B6kuduTqf-oLZqHY-xqCdg==/base.apk!/lib/x86_64/libhermesvm.so using class loader ns clns-9 (caller=/data/app/~~0CZF9ncyrSaNM0Se8Fgh7A==/com.weejobs.app-B6kuduTqf-oLZqHY-xqCdg==/base.apk!classes21.dex): ok
03-30 21:28:05.067 15412 15442 D nativeloader: Load /data/app/~~0CZF9ncyrSaNM0Se8Fgh7A==/com.weejobs.app-B6kuduTqf-oLZqHY-xqCdg==/base.apk!/lib/x86_64/libhermestooling.so using class loader ns clns-9 (caller=/data/app/~~0CZF9ncyrSaNM0Se8Fgh7A==/com.weejobs.app-B6kuduTqf-oLZqHY-xqCdg==/base.apk!classes21.dex): ok
03-30 21:28:05.067 15412 15442 D jni_lib_merge: Entering merged library JNI_OnLoad.
03-30 21:28:05.067 15412 15442 D jni_lib_merge: Preparing 4 pre-merged libs (including stub)
03-30 21:28:05.067 15412 15442 D jni_lib_merge: Preparing to register libhermes_executor_so.  onload_func: 0x76f5477b9ad0
03-30 21:28:05.067 15412 15442 D jni_lib_merge: Preparing to register libhermesinstancejni_so.  onload_func: 0x76f5477e5330
03-30 21:28:05.067 15412 15442 D jni_lib_merge: Preparing to register libjsijniprofiler_so.  onload_func: 0x76f5477e70a0
03-30 21:28:05.067 15412 15442 D jni_lib_merge: About to register 3 actual methods.
03-30 21:28:05.096   815  1239 I HalDevMgr: bestIfaceCreationProposal is null, requestIface=STA, existingIface=[name=wlan0 type=STA]
03-30 21:28:05.241   815  1247 D InetDiagMessage: Destroyed 0 sockets, proto=IPPROTO_TCP, family=AF_INET, states=14
03-30 21:28:05.242   815  1247 D InetDiagMessage: Destroyed 0 sockets, proto=IPPROTO_TCP, family=AF_INET6, states=14
03-30 21:28:05.242   815  1247 D InetDiagMessage: Destroyed live tcp sockets for uids={10159} in 0ms
03-30 21:28:05.243   815  1247 D InetDiagMessage: Destroyed 0 sockets, proto=IPPROTO_TCP, family=AF_INET, states=14
03-30 21:28:05.243   815  1247 D InetDiagMessage: Destroyed 0 sockets, proto=IPPROTO_TCP, family=AF_INET6, states=14
03-30 21:28:05.243   815  1247 D InetDiagMessage: Destroyed live tcp sockets for uids={20159} in 1ms
03-30 21:28:05.295 15412 15442 I ExpoModulesCore: ✅ AppContext was initialized
03-30 21:28:05.358   815   838 W ActivityTaskManager: Launch timeout has expired, giving up wake lock!
03-30 21:28:05.368 15412 15442 W unknown:BridgelessReact: ReactHost{0}.getOrCreateReactInstanceTask(): Loading JS Bundle
03-30 21:28:05.373 15412 15442 W unknown:BridgelessReact: ReactHost{0}.getOrCreateReactInstanceTask(): DevSupportManager.onNewReactContextCreated()
03-30 21:28:05.380 15412 15442 W unknown:BridgelessReact: ReactHost{0}.startSurface(surfaceId = 0): Execute
03-30 21:28:05.392 15412 15412 W unknown:ReactNative: Packager connection already open, nooping.
03-30 21:28:05.392 15412 15412 W unknown:BridgelessReact: ReactHost{0}.ReactContext.onHostResume()
03-30 21:28:05.410 15412 15412 W unknown:BridgelessReact: ReactHost{0}.getOrCreateReactInstanceTask(): Executing ReactInstanceEventListeners
03-30 21:28:06.112 15412 15452 I ReactNativeJS: '[routes-manifest] __EXPO_ROUTER_KEYS length=', 46
03-30 21:28:06.144 15412 15452 D nativeloader: Load /data/app/~~0CZF9ncyrSaNM0Se8Fgh7A==/com.weejobs.app-B6kuduTqf-oLZqHY-xqCdg==/base.apk!/lib/x86_64/libworklets.so using class loader ns clns-9 (caller=/data/app/~~0CZF9ncyrSaNM0Se8Fgh7A==/com.weejobs.app-B6kuduTqf-oLZqHY-xqCdg==/base.apk!classes21.dex): ok
03-30 21:28:06.147 15412 15452 D nativeloader: Load /data/app/~~0CZF9ncyrSaNM0Se8Fgh7A==/com.weejobs.app-B6kuduTqf-oLZqHY-xqCdg==/base.apk!/lib/x86_64/libexpo-modules-core.so using class loader ns clns-9 (caller=/data/app/~~0CZF9ncyrSaNM0Se8Fgh7A==/com.weejobs.app-B6kuduTqf-oLZqHY-xqCdg==/base.apk!classes21.dex): ok
03-30 21:28:06.151 15412 15452 W BridgelessReactContext: [WARNING] Bridgeless doesn't support CatalystInstance. Accessing an API that's not part of the new architecture is not encouraged usage.
03-30 21:28:06.173 15412 15452 I ExpoModulesCore: ✅ JSI interop was installed
03-30 21:28:06.183 15412 15452 I ExpoModulesCore: ✅ Constants were exported
03-30 21:28:06.198 15412 15452 I ReactNativeJS: '[index] __EXPO_ROUTER_KEYS at entry:', 46
03-30 21:28:06.305 15412 15420 W com.weejobs.app: userfaultfd: MOVE ioctl seems unsupported: Try again
03-30 21:28:06.545 15412 15452 I ReactNativeJS: '[index] FileSystemLegacy available:', true, 'writeAsStringAsync:', 'function'
03-30 21:28:06.546 15412 15452 I ReactNativeJS: '[index] FileSystem details:', { fileSystemType: 'object',
03-30 21:28:06.546 15412 15452 I ReactNativeJS:   hasWrite: true,
03-30 21:28:06.546 15412 15452 I ReactNativeJS:   documentDirectory: 'file:///data/user/0/com.weejobs.app/files/' }
03-30 21:28:06.553 15412 15452 I ReactNativeJS: Running "main"
03-30 21:28:06.773 15412 15452 W unknown:ViewManagerPropertyUpdater: Could not find generated setter for class com.reactnativestripesdk.CardFormViewManager
03-30 21:28:06.785 15412 15452 W unknown:ViewManagerPropertyUpdater: Could not find generated setter for class com.facebook.react.uimanager.LayoutShadowNode
03-30 21:28:06.787 15412 15452 W unknown:ViewManagerPropertyUpdater: Could not find generated setter for class com.swmansion.rnscreens.ScreenFooterManager
03-30 21:28:06.790 15412 15452 W unknown:ViewManagerPropertyUpdater: Could not find generated setter for class com.reactnativestripesdk.EmbeddedPaymentElementViewManager
03-30 21:28:06.800 15412 15452 W unknown:ViewManagerPropertyUpdater: Could not find generated setter for class expo.modules.kotlin.views.GroupViewManagerWrapper
03-30 21:28:06.803 15412 15452 W unknown:ViewManagerPropertyUpdater: Could not find generated setter for class com.swmansion.rnscreens.ScreenContainerViewManager
03-30 21:28:06.807 15412 15452 W unknown:ViewManagerPropertyUpdater: Could not find generated setter for class com.reactnativestripesdk.StripeContainerManager
03-30 21:28:06.809 15412 15452 W unknown:ViewManagerPropertyUpdater: Could not find generated setter for class com.swmansion.rnscreens.ModalScreenViewManager
03-30 21:28:06.811 15412 15452 W unknown:ViewManagerPropertyUpdater: Could not find generated setter for class com.reactnativestripesdk.NavigationBarManager
03-30 21:28:06.813 15412 15452 W unknown:ViewManagerPropertyUpdater: Could not find generated setter for class com.th3rdwave.safeareacontext.SafeAreaViewManager
03-30 21:28:06.817 15412 15452 W unknown:ViewManagerPropertyUpdater: Could not find generated setter for class com.th3rdwave.safeareacontext.SafeAreaViewShadowNode
03-30 21:28:06.820 15412 15452 W unknown:ViewManagerPropertyUpdater: Could not find generated setter for class com.swmansion.rnscreens.safearea.SafeAreaViewManager
03-30 21:28:06.821 15412 15452 W unknown:ViewManagerPropertyUpdater: Could not find generated setter for class com.swmansion.rnscreens.safearea.paper.SafeAreaViewShadowNode
03-30 21:28:06.823 15412 15452 W unknown:ViewManagerPropertyUpdater: Could not find generated setter for class com.swmansion.rnscreens.ScreenViewManager
03-30 21:28:06.824 15412 15452 W unknown:ViewManagerPropertyUpdater: Could not find generated setter for class com.reactnativestripesdk.PaymentMethodMessagingElementViewManager
03-30 21:28:06.827 15412 15452 W unknown:ViewManagerPropertyUpdater: Could not find generated setter for class com.reactnativestripesdk.CardFieldViewManager
03-30 21:28:06.828 15412 15452 W unknown:ViewManagerPropertyUpdater: Could not find generated setter for class com.swmansion.rnscreens.ScreenStackViewManager
03-30 21:28:06.828 15412 15452 W unknown:ViewManagerPropertyUpdater: Could not find generated setter for class com.reactnativestripesdk.addresssheet.AddressSheetViewManager
03-30 21:28:06.835 15412 15452 W unknown:ViewManagerPropertyUpdater: Could not find generated setter for class com.swmansion.rnscreens.gamma.tabs.TabsHostViewManager
03-30 21:28:06.838 15412 15452 W unknown:ViewManagerPropertyUpdater: Could not find generated setter for class com.th3rdwave.safeareacontext.SafeAreaProviderManager
03-30 21:28:06.839 15412 15452 W unknown:ViewManagerPropertyUpdater: Could not find generated setter for class com.swmansion.rnscreens.SearchBarManager
03-30 21:28:06.842 15412 15452 W unknown:ViewManagerPropertyUpdater: Could not find generated setter for class com.swmansion.rnscreens.ScreenStackHeaderConfigViewManager
03-30 21:28:06.844 15412 15452 W unknown:ViewManagerPropertyUpdater: Could not find generated setter for class com.swmansion.rnscreens.ScreenContentWrapperManager
03-30 21:28:06.845 15412 15452 W unknown:ViewManagerPropertyUpdater: Could not find generated setter for class com.reactnativestripesdk.GooglePayButtonManager
03-30 21:28:06.851 15412 15452 W unknown:ViewManagerPropertyUpdater: Could not find generated setter for class com.swmansion.rnscreens.gamma.tabs.TabsScreenViewManager
03-30 21:28:06.856 15412 15452 W unknown:ViewManagerPropertyUpdater: Could not find generated setter for class com.swmansion.rnscreens.gamma.stack.host.StackHostViewManager
03-30 21:28:06.858 15412 15452 W unknown:ViewManagerPropertyUpdater: Could not find generated setter for class com.reactnativestripesdk.AuBECSDebitFormViewManager
03-30 21:28:06.859 15412 15452 W unknown:ViewManagerPropertyUpdater: Could not find generated setter for class com.swmansion.rnscreens.ScreenStackHeaderSubviewManager
03-30 21:28:06.863 15412 15452 W unknown:ViewManagerPropertyUpdater: Could not find generated setter for class com.swmansion.rnscreens.gamma.stack.screen.StackScreenViewManager
03-30 21:28:06.868 15412 15452 W unknown:ViewManagerPropertyUpdater: Could not find generated setter for class com.reactnativestripesdk.pushprovisioning.AddToWalletButtonManager
03-30 21:28:06.934 15412 15452 W unknown:ViewManagerPropertyUpdater: Could not find generated setter for class com.facebook.react.views.debuggingoverlay.DebuggingOverlayManager
03-30 21:28:06.939 15412 15452 W unknown:ViewManagerPropertyUpdater: Could not find generated setter for class com.facebook.react.views.safeareaview.ReactSafeAreaViewManager
03-30 21:28:06.945 15412 15452 W unknown:ViewManagerPropertyUpdater: Could not find generated setter for class com.facebook.react.views.modal.ReactModalHostManager
03-30 21:28:06.950 15412 15452 W unknown:ViewManagerPropertyUpdater: Could not find generated setter for class com.facebook.react.views.text.frescosupport.FrescoBasedReactTextInlineImageViewManager
03-30 21:28:06.950 15412 15452 W unknown:ViewManagerPropertyUpdater: Could not find generated setter for class com.facebook.react.views.text.frescosupport.FrescoBasedReactTextInlineImageShadowNode
03-30 21:28:06.960 15412 15452 W unknown:ViewManagerPropertyUpdater: Could not find generated setter for class com.facebook.react.views.progressbar.ReactProgressBarViewManager
03-30 21:28:06.961 15412 15452 W unknown:ViewManagerPropertyUpdater: Could not find generated setter for class com.facebook.react.views.progressbar.ProgressBarShadowNode
03-30 21:28:06.969 15412 15452 W unknown:ViewManagerPropertyUpdater: Could not find generated setter for class com.facebook.react.views.scroll.ReactHorizontalScrollViewManager
03-30 21:28:06.980 15412 15452 W unknown:ViewManagerPropertyUpdater: Could not find generated setter for class com.facebook.react.views.image.ReactImageManager
03-30 21:28:06.991 15412 15452 W unknown:ViewManagerPropertyUpdater: Could not find generated setter for class com.facebook.react.views.text.ReactTextViewManager
03-30 21:28:06.992 15412 15452 W unknown:ViewManagerPropertyUpdater: Could not find generated setter for class com.facebook.react.views.text.ReactTextShadowNode
03-30 21:28:06.998 15412 15452 W unknown:ViewManagerPropertyUpdater: Could not find generated setter for class com.facebook.react.views.scroll.ReactHorizontalScrollContainerViewManager
03-30 21:28:07.002 15412 15452 W unknown:ViewManagerPropertyUpdater: Could not find generated setter for class com.facebook.react.views.unimplementedview.ReactUnimplementedViewManager
03-30 21:28:07.009 15412 15452 W unknown:ViewManagerPropertyUpdater: Could not find generated setter for class com.facebook.react.views.scroll.ReactScrollViewManager
03-30 21:28:07.012 15412 15452 W unknown:ViewManagerPropertyUpdater: Could not find generated setter for class com.facebook.react.views.view.ReactViewManager
03-30 21:28:07.016 15412 15452 W unknown:ViewManagerPropertyUpdater: Could not find generated setter for class com.facebook.react.views.drawer.ReactDrawerLayoutManager
03-30 21:28:07.022 15412 15452 W unknown:ViewManagerPropertyUpdater: Could not find generated setter for class com.facebook.react.views.switchview.ReactSwitchManager
03-30 21:28:07.022 15412 15452 W unknown:ViewManagerPropertyUpdater: Could not find generated setter for class com.facebook.react.views.switchview.ReactSwitchShadowNode
03-30 21:28:07.027 15412 15452 W unknown:ViewManagerPropertyUpdater: Could not find generated setter for class com.facebook.react.views.swiperefresh.SwipeRefreshLayoutManager
03-30 21:28:07.035 15412 15452 W unknown:ViewManagerPropertyUpdater: Could not find generated setter for class com.facebook.react.views.textinput.ReactTextInputManager
03-30 21:28:07.038 15412 15452 W unknown:ViewManagerPropertyUpdater: Could not find generated setter for class com.facebook.react.views.textinput.ReactTextInputShadowNode
03-30 21:28:07.102 15412 15452 D nativeloader: Load /data/app/~~0CZF9ncyrSaNM0Se8Fgh7A==/com.weejobs.app-B6kuduTqf-oLZqHY-xqCdg==/base.apk!/lib/x86_64/librnscreens.so using class loader ns clns-9 (caller=/data/app/~~0CZF9ncyrSaNM0Se8Fgh7A==/com.weejobs.app-B6kuduTqf-oLZqHY-xqCdg==/base.apk!classes16.dex): ok
03-30 21:28:07.151 15412 15452 I ReactNativeJS: '[expo-router] getDirectoryTree: using fallback manifest, keys=', 46
03-30 21:28:07.153 15412 15452 I ReactNativeJS: '[expo-router] fallback manifest sample keys=', [ './_layout.tsx',
03-30 21:28:07.153 15412 15452 I ReactNativeJS:   './index.tsx',
03-30 21:28:07.153 15412 15452 I ReactNativeJS:   './tradie/_layout.tsx',
03-30 21:28:07.153 15412 15452 I ReactNativeJS:   './tradie/review-customer.tsx',
03-30 21:28:07.153 15412 15452 I ReactNativeJS:   './tradie/profile.tsx',
03-30 21:28:07.153 15412 15452 I ReactNativeJS:   './tradie/pricing.tsx',
03-30 21:28:07.153 15412 15452 I ReactNativeJS:   './tradie/payout.tsx',
03-30 21:28:07.153 15412 15452 I ReactNativeJS:   './tradie/messages.tsx',
03-30 21:28:07.153 15412 15452 I ReactNativeJS:   './tradie/index.tsx',
03-30 21:28:07.153 15412 15452 I ReactNativeJS:   './tradie/home.tsx',
03-30 21:28:07.153 15412 15452 I ReactNativeJS:   './tradie/dashboard.tsx',
03-30 21:28:07.153 15412 15452 I ReactNativeJS:   './tradie/current-jobs.tsx',
03-30 21:28:07.153 15412 15452 I ReactNativeJS:   './settings.tsx',
03-30 21:28:07.153 15412 15452 I ReactNativeJS:   './public-profile.tsx',
03-30 21:28:07.153 15412 15452 I ReactNativeJS:   './onboarding/signup.tsx',
03-30 21:28:07.153 15412 15452 I ReactNativeJS:   './onboarding/role-select.tsx',
03-30 21:28:07.153 15412 15452 I ReactNativeJS:   './onboarding/reset-password.tsx',
03-30 21:28:07.153 15412 15452 I ReactNativeJS:   './onboarding/login.tsx',
03-30 21:28:07.153 15412 15452 I ReactNativeJS:   './onboarding/intro.tsx',
03-30 21:28:07.153 15412 15452 I ReactNativeJS:   './onboarding/checklist.tsx',
03-30 21:28:07.153 15412 15452 I ReactNativeJS:   './chat/[jobId].tsx',
03-30 21:28:07.153 15412 15452 I ReactNativeJS:   './job/_layout.tsx',
03-30 21:28:07.153 15412 15452 I ReactNativeJS:   './job/tracking.tsx',
03-30 21:28:07.153 15412 15452 I ReactNativeJS:   './job/send-quote.tsx',
03-30 21:28:07.153 15412 15452 I ReactNativeJS:   './job/review.tsx',
03-30 21:28:07.153 15412 15452 I ReactNativeJS:   './job/receipt.tsx',
03-30 21:28:07.153 15412 15452 I ReactNativeJS:   './job/pay-final.tsx',
03-30 21:28:07.153 15412 15452 I ReactNativeJS:   './job/pay-deposit.tsx',
03-30 21:28:07.153 15412 15452 I ReactNativeJS:   './job/choose-tradesman.tsx',
03-30 21:28:07.153 15412 15452 I ReactNativeJS:   './job/approve-quote.tsx',
03-30 21:28:07.153 15412 15452 I ReactNativeJS:   './admin/_layout.tsx',
03-30 21:28:07.153 15412 15452 I ReactNativeJS:   './admin/jobs.helpers.ts',
03-30 21:28:07.153 15412 15452 I ReactNativeJS:   './admin/users.tsx',
03-30 21:28:07.153 15412 15452 I ReactNativeJS:   './admin/index.tsx',
03-30 21:28:07.153 15412 15452 I ReactNativeJS:   './admin/settings.tsx',
03-30 21:28:07.153 15412 15452 I ReactNativeJS:   './admin/jobs.tsx',
03-30 21:28:07.153 15412 15452 I ReactNativeJS:   './+not-found.tsx',
03-30 21:28:07.153 15412 15452 I ReactNativeJS:   './customer/_layout.tsx',
03-30 21:28:07.153 15412 15452 I ReactNativeJS:   './customer/profile.tsx',
03-30 21:28:07.153 15412 15452 I ReactNativeJS:   './customer/post-job.tsx',
03-30 21:28:07.153 15412 15452 I ReactNativeJS:   './customer/messages.tsx',
03-30 21:28:07.153 15412 15452 I ReactNativeJS:   './customer/jobs.tsx',
03-30 21:28:07.153 15412 15452 I ReactNativeJS:   './customer/jobs.helpers.ts',
03-30 21:28:07.153 15412 15452 I ReactNativeJS:   './customer/index.tsx',
03-30 21:28:07.153 15412 15452 I ReactNativeJS:   './customer/edit-job.tsx',
03-30 21:28:07.153 15412 15452 I ReactNativeJS:   './customer/dashboard.tsx' ]
03-30 21:28:07.203 15412 15452 W ReactNativeJS: Method writeAsStringAsync imported from "expo-file-system" is deprecated.
03-30 21:28:07.203 15412 15452 W ReactNativeJS: You can migrate to the new filesystem API using "File" and "Directory" classes or import the legacy API from "expo-file-system/legacy".
03-30 21:28:07.203 15412 15452 W ReactNativeJS: API reference and examples are available in the filesystem docs: https://docs.expo.dev/versions/v54.0.0/sdk/filesystem/
03-30 21:28:07.204 15412 15452 W ReactNativeJS: Method writeAsStringAsync imported from "expo-file-system" is deprecated.
03-30 21:28:07.204 15412 15452 W ReactNativeJS: You can migrate to the new filesystem API using "File" and "Directory" classes or import the legacy API from "expo-file-system/legacy".
03-30 21:28:07.204 15412 15452 W ReactNativeJS: API reference and examples are available in the filesystem docs: https://docs.expo.dev/versions/v54.0.0/sdk/filesystem/
03-30 21:28:07.490 15412 15452 I ReactNativeJS: '[expo-image] NativeExpoImage available=', true
03-30 21:28:07.490 15412 15452 I ReactNativeJS: '[expo-image] ImageModule available=', true
03-30 21:28:07.495 15412 15452 I ReactNativeJS: '[app] expo-image import:', 'function', 'present'
03-30 21:28:07.643 13430 13430 D BoundBrokerSvc: onUnbind: Intent { act=com.google.android.gms.measurement.START xflg=0x4 pkg=com.google.android.gms }
03-30 21:28:07.843 15466 15466 W libbinder.BackendUnifiedServiceManager: Thread Pool max thread count is 0. Cannot cache binder as linkToDeath cannot be implemented. serviceName: package
03-30 21:28:08.029 15412 15452 E StripePushProvisioning: PushProvisioning dependency not found
03-30 21:28:08.090   815   835 I ActivityTaskManager: Displayed com.weejobs.app/.MainActivity for user 0: +12s810ms
03-30 21:28:08.107   815  1239 I HalDevMgr: bestIfaceCreationProposal is null, requestIface=STA, existingIface=[name=wlan0 type=STA]
03-30 21:28:08.118 13430 13430 D BoundBrokerSvc: onUnbind: Intent { act=com.google.android.gms.feedback.internal.IFeedbackService dat=chimera-action:/... xflg=0x4 cmp=com.google.android.gms/.chimera.GmsBoundBrokerService }
03-30 21:28:08.128   815   972 I ImeTracker: com.weejobs.app:4637f6f8: onRequestHide at ORIGIN_SERVER reason HIDE_UNSPECIFIED_WINDOW fromUser false
03-30 21:28:08.133  3343  5937 I artd    : GetBestInfo: odex next to the dex file (/data/app/~~l86ooHn3z7zjJPmRwuVyKA==/com.google.android.gms-mjvtrlLEHAA3R1GV5L8qqg==/oat/x86_64/base.odex) is kOatUpToDate with filter 'speed-profile' executable 'false'
03-30 21:28:08.137 15412 15412 D InsetsController: hide(ime())
03-30 21:28:08.137 15412 15412 I ImeTracker: com.weejobs.app:4637f6f8: onCancelled at PHASE_CLIENT_ALREADY_HIDDEN
03-30 21:28:08.153  8754  8754 I GoogleInputMethodService: GoogleInputMethodService.onFinishInput():2057 
03-30 21:28:08.154  3343  5937 I artd    : GetBestInfo: odex next to the dex file (/data/app/~~l86ooHn3z7zjJPmRwuVyKA==/com.google.android.gms-mjvtrlLEHAA3R1GV5L8qqg==/oat/x86_64/split_AdsDynamite_installtime.odex) is kOatUpToDate with filter 'speed' executable 'false'
03-30 21:28:08.157   815  2208 I ImeTracker: system_server:aa09428f: onRequestHide at ORIGIN_SERVER reason IME_REQUESTED_CHANGED_LISTENER fromUser false
03-30 21:28:08.159  3343  8567 I artd    : GetBestInfo: odex next to the dex file (/data/app/~~l86ooHn3z7zjJPmRwuVyKA==/com.google.android.gms-mjvtrlLEHAA3R1GV5L8qqg==/oat/x86_64/split_CronetDynamite_installtime.odex) is kOatUpToDate with filter 'speed' executable 'false'
03-30 21:28:08.161  8754  8754 I Module  : DeviceLockedStatusModuleProvider$Module.updateDeviceLockedStatus():100 repeatCheckTimes = 0, locked = false
03-30 21:28:08.165   815   838 I ImeTracker: system_server:aa09428f: onCancelled at PHASE_SERVER_SHOULD_HIDE
03-30 21:28:08.169   815  1292 D BackgroundInstallControlService: Package event received: 0
03-30 21:28:08.170  8754  8754 I GoogleInputMethodService: GoogleInputMethodService.onStartInput():1318 onStartInput(EditorInfo{EditorInfo{packageName=com.weejobs.app, inputType=0, inputTypeString=NULL, enableLearning=false, autoCorrection=false, autoComplete=false, imeOptions=0, privateImeOptions=null, actionName=UNSPECIFIED, actionLabel=null, initialSelStart=-1, initialSelEnd=-1, initialCapsMode=0, label=null, fieldId=0, fieldName=null, extras=null, hintText=null, hintLocales=[]}}, false)
03-30 21:28:08.174  3343  8567 I artd    : GetBestInfo: odex next to the dex file (/data/app/~~l86ooHn3z7zjJPmRwuVyKA==/com.google.android.gms-mjvtrlLEHAA3R1GV5L8qqg==/oat/x86_64/split_DynamiteLoader_installtime.odex) is kOatUpToDate with filter 'speed' executable 'false'
03-30 21:28:08.181  8754  8754 I Module  : DeviceLockedStatusModuleProvider$Module.updateDeviceLockedStatus():100 repeatCheckTimes = 1, locked = false
03-30 21:28:08.194  3343  8567 I artd    : GetBestInfo: odex next to the dex file (/data/app/~~l86ooHn3z7zjJPmRwuVyKA==/com.google.android.gms-mjvtrlLEHAA3R1GV5L8qqg==/oat/x86_64/split_DynamiteModulesA_installtime.odex) is kOatUpToDate with filter 'speed' executable 'false'
03-30 21:28:08.195   815  2681 W PackageConfigPersister: App-specific configuration not found for packageName: com.weejobs.app and userId: 0
03-30 21:28:08.205  3343  8567 I artd    : GetBestInfo: odex next to the dex file (/data/app/~~l86ooHn3z7zjJPmRwuVyKA==/com.google.android.gms-mjvtrlLEHAA3R1GV5L8qqg==/oat/x86_64/split_DynamiteModulesC_installtime.odex) is kOatUpToDate with filter 'speed' executable 'false'
03-30 21:28:08.208  3343  8567 I artd    : GetBestInfo: odex next to the dex file (/data/app/~~l86ooHn3z7zjJPmRwuVyKA==/com.google.android.gms-mjvtrlLEHAA3R1GV5L8qqg==/oat/x86_64/split_GoogleCertificates_installtime.odex) is kOatUpToDate with filter 'speed' executable 'false'
03-30 21:28:08.213  3343  8567 I artd    : GetBestInfo: odex next to the dex file (/data/app/~~l86ooHn3z7zjJPmRwuVyKA==/com.google.android.gms-mjvtrlLEHAA3R1GV5L8qqg==/oat/x86_64/split_MapsDynamite_installtime.odex) is kOatUpToDate with filter 'speed' executable 'false'
03-30 21:28:08.222  3343  8567 I artd    : GetBestInfo: odex next to the dex file (/data/app/~~l86ooHn3z7zjJPmRwuVyKA==/com.google.android.gms-mjvtrlLEHAA3R1GV5L8qqg==/oat/x86_64/split_MeasurementDynamite_installtime.odex) is kOatUpToDate with filter 'speed' executable 'false'
03-30 21:28:08.226  3343  8567 I artd    : GetBestInfo: /data/user_de/0/com.google.android.gms/app_chimera/m/0000000d/dl-PlayCloudSearch.optional_253434100000.apk has no usable artifacts
03-30 21:28:08.228  3343  8567 I artd    : GetBestInfo: /data/user_de/0/com.google.android.gms/app_chimera/m/0000000c/dl-MlkitBarcodeUi.optional_253434100800.apk has no usable artifacts
03-30 21:28:08.229  3343  8567 I artd    : GetBestInfo: /data/user_de/0/com.google.android.gms/app_chimera/m/00000001/CronetDynamite.apk has no usable artifacts
03-30 21:28:08.233  3343  8567 I artd    : GetBestInfo: /data/user_de/0/com.google.android.gms/app_chimera/m/00000016/dl-MlkitOcrCommon.optional_261133100800.apk has no usable artifacts
03-30 21:28:08.236  3343  8567 I artd    : GetBestInfo: /data/user_de/0/com.google.android.gms/app_chimera/m/0000000e/dl-VisionOcr.optional_253434100000.apk has no usable artifacts
03-30 21:28:08.239  3343  8567 I artd    : GetBestInfo: /data/user_de/0/com.google.android.gms/app_chimera/m/00000002/DynamiteLoader.apk has no usable artifacts
03-30 21:28:08.240 15412 15475 I com.weejobs.app: hiddenapi: Accessing hidden method Landroid/database/sqlite/SQLiteDatabase;->getThreadSession()Landroid/database/sqlite/SQLiteSession; (runtime_flags=0, domain=platform, api=unsupported) from Landroidx/sqlite/db/framework/FrameworkSQLiteDatabase; (domain=app, TargetSdkVersion=36) using reflection: allowed
03-30 21:28:08.243 15412 15475 I com.weejobs.app: hiddenapi: Accessing hidden method Landroid/database/sqlite/SQLiteSession;->beginTransaction(ILandroid/database/sqlite/SQLiteTransactionListener;ILandroid/os/CancellationSignal;)V (runtime_flags=0, domain=platform, api=unsupported) from Landroidx/sqlite/db/framework/FrameworkSQLiteDatabase; (domain=app, TargetSdkVersion=36) using reflection: allowed
03-30 21:28:08.243  3343  8567 I artd    : GetBestInfo: /data/user_de/0/com.google.android.gms/app_chimera/m/00000005/GoogleCertificates.apk has no usable artifacts
03-30 21:28:08.247  3343  8567 I artd    : GetBestInfo: /data/user_de/0/com.google.android.gms/app_chimera/m/00000012/dl-Appsearch.optional_261133100800.apk has no usable artifacts
03-30 21:28:08.248  3343  8567 I artd    : GetBestInfo: /data/user_de/0/com.google.android.gms/app_chimera/m/00000011/dl-PlayCloudSearch.optional_261133100000.apk has no usable artifacts
03-30 21:28:08.255  3343  8567 I artd    : GetBestInfo: /data/user_de/0/com.google.android.gms/app_chimera/m/00000015/dl-MlkitBarcodeUi.optional_261133100800.apk has no usable artifacts
03-30 21:28:08.260  3343  8567 I artd    : GetBestInfo: /data/user_de/0/com.google.android.gms/app_chimera/m/0000000a/dl-Appsearch.optional_253434100800.apk has no usable artifacts
03-30 21:28:08.266  1337  1477 D WindowOnBackDispatcher: setTopOnBackInvokedCallback (unwrapped): null
03-30 21:28:08.266   815  2681 D CoreBackPreview: Window{b490136 u0 Splash Screen com.weejobs.app}: Setting back callback null
03-30 21:28:08.269  3343  8567 I artd    : GetBestInfo: /data/user_de/0/com.google.android.gms/app_chimera/m/00000008/dl-TfliteDynamiteDynamite.integ_252130102100800.apk has no usable artifacts
03-30 21:28:08.276  3343  8567 I artd    : GetBestInfo: /data/user_de/0/com.google.android.gms/app_chimera/m/0000000f/dl-MlkitOcrCommon.optional_253434100800.apk has no usable artifacts
03-30 21:28:08.279  3343  8567 I artd    : GetBestInfo: /data/user_de/0/com.google.android.gms/app_chimera/m/00000010/dl-VisionOcr.optional_261133100000.apk has no usable artifacts
03-30 21:28:08.288  3343  8567 I artd    : GetBestInfo: vdex next to the dex file (/data/user/0/com.google.android.gms/app_dg_cache/BB2AE5A47BB198AF36C19CFD2B6407061A1BAF30/oat/x86_64/the.vdex) is kOatUpToDate with filter 'verify' executable 'false'
03-30 21:28:08.291  3343  8567 I artd    : GetBestInfo: /data/user_de/0/com.google.android.gms/app_chimera/m/00000007/MeasurementDynamite.apk has no usable artifacts
03-30 21:28:08.320   815   944 D ActivityManager: sync unfroze 13979 com.android.vending for 6
03-30 21:28:08.347 13979 13979 I Finsky  : [2] SCH: job service start with id 9451.
03-30 21:28:08.381 13979 15378 I Finsky  : [167] SCH: Satisfied jobs for 9451 are: 12-1
03-30 21:28:08.385 13979 15476 I Finsky  : [174] SCH: Job 12-1 starting
03-30 21:28:08.388 13979 13979 I Finsky  : [2] WM::SCH: Logging work start for 12-1
03-30 21:28:08.406 13979 13979 I Finsky  : [2] [ContentSync] job started
03-30 21:28:08.573 13979 15477 I Finsky  : [175] App states replicator found 6 unowned apps
03-30 21:28:08.582 13979 14009 I Finsky  : [62] Completed 0 account content syncs with 0 successful.
03-30 21:28:08.582 13979 13979 I Finsky  : [2] [ContentSync] Installation state replication succeeded.
03-30 21:28:08.585 15412 15452 E ReactNativeJS: [Error: Incompatible React versions: The "react" and "react-native-renderer" packages must have the exact same version. Instead got:
03-30 21:28:08.585 15412 15452 E ReactNativeJS:   - react:                  19.2.4
03-30 21:28:08.585 15412 15452 E ReactNativeJS:   - react-native-renderer:  19.2.3
03-30 21:28:08.585 15412 15452 E ReactNativeJS: Learn more: https://react.dev/warnings/version-mismatch]
03-30 21:28:08.586 13979 13979 I Finsky  : [2] SCH: jobFinished: 12-1. TimeElapsed: 199ms.
03-30 21:28:08.589 13979 13979 I Finsky  : [2] WM::SCH: Logging work end for 12-1
03-30 21:28:08.637 13979 14007 I Finsky  : [60] SCH: Scheduling phonesky job Id: 1-1337, CT: 1774899334323, Constraints: [{ L: 35770701, D: 78970701, C: CHARGING_NONE, I: IDLE_NONE, N: NET_ANY, B: BATTERY_ANY }]
03-30 21:28:08.653 13979 14008 I Finsky  : [61] SCH: Scheduling 1 system job(s)
03-30 21:28:08.657 13979 14008 I Finsky  : [61] SCH: Scheduling system job Id: 9454, L: 3816371, D: 47016371, C: false, I: false, N: 1
03-30 21:28:08.660 15412 15452 E ReactNativeJS: [Error: Incompatible React versions: The "react" and "react-native-renderer" packages must have the exact same version. Instead got:
03-30 21:28:08.660 15412 15452 E ReactNativeJS:   - react:                  19.2.4
03-30 21:28:08.660 15412 15452 E ReactNativeJS:   - react-native-renderer:  19.2.3
03-30 21:28:08.660 15412 15452 E ReactNativeJS: Learn more: https://react.dev/warnings/version-mismatch]
03-30 21:28:08.690 13979 15476 I Finsky  : [174] SCH: job service finished with id 9451.
03-30 21:28:08.718 13979 13979 I Finsky  : [2] Memory trim requested to level 40
03-30 21:28:08.718 13979 13979 I Finsky  : [2] Flushing in-memory image cache
03-30 21:28:08.738 15412 15452 E ReactNativeJS: [Error: Incompatible React versions: The "react" and "react-native-renderer" packages must have the exact same version. Instead got:
03-30 21:28:08.738 15412 15452 E ReactNativeJS:   - react:                  19.2.4
03-30 21:28:08.738 15412 15452 E ReactNativeJS:   - react-native-renderer:  19.2.3
03-30 21:28:08.738 15412 15452 E ReactNativeJS: Learn more: https://react.dev/warnings/version-mismatch]
03-30 21:28:08.754 15412 15453 W unknown:BridgelessReact: ReactHost{0}.handleHostException(message = "Error: Incompatible React versions: The "react" and "react-native-renderer" packages must have the exact same version. Instead got:
03-30 21:28:08.754 15412 15453 W unknown:BridgelessReact:   - react:                  19.2.4
03-30 21:28:08.754 15412 15453 W unknown:BridgelessReact:   - react-native-renderer:  19.2.3
03-30 21:28:08.754 15412 15453 W unknown:BridgelessReact: Learn more: https://react.dev/warnings/version-mismatch, stack:
03-30 21:28:08.754 15412 15453 W unknown:BridgelessReact: anonymous@316:121510
03-30 21:28:08.754 15412 15453 W unknown:BridgelessReact: h@2:1856
03-30 21:28:08.754 15412 15453 W unknown:BridgelessReact: d@2:1309
03-30 21:28:08.754 15412 15453 W unknown:BridgelessReact: i@2:548
03-30 21:28:08.754 15412 15453 W unknown:BridgelessReact: anonymous@315:116
03-30 21:28:08.754 15412 15453 W unknown:BridgelessReact: h@2:1856
03-30 21:28:08.754 15412 15453 W unknown:BridgelessReact: d@2:1239
03-30 21:28:08.754 15412 15453 W unknown:BridgelessReact: i@2:548
03-30 21:28:08.754 15412 15453 W unknown:BridgelessReact: c@130:1120
03-30 21:28:08.754 15412 15453 W unknown:BridgelessReact: anonymous@130:1221
03-30 21:28:08.754 15412 15453 W unknown:BridgelessReact: value@555:492
03-30 21:28:08.754 15412 15453 W unknown:BridgelessReact: vu@132:90378
03-30 21:28:08.754 15412 15453 W unknown:BridgelessReact: Ru@132:94392
03-30 21:28:08.754 15412 15453 W unknown:BridgelessReact: vu@132:90319
03-30 21:28:08.754 15412 15453 W unknown:BridgelessReact: Ru@132:94392
03-30 21:28:08.754 15412 15453 W unknown:BridgelessReact: vu@132:90319
03-30 21:28:08.754 15412 15453 W unknown:BridgelessReact: Ru@132:94392
03-30 21:28:08.754 15412 15453 W unknown:BridgelessReact: vu@132:90838
03-30 21:28:08.754 15412 15453 W unknown:BridgelessReact: Ru@132:94392
03-30 21:28:08.754 15412 15453 W unknown:BridgelessReact: vu@132:90282
03-30 21:28:08.754 15412 15453 W unknown:BridgelessReact: Ru@132:94392
03-30 21:28:08.754 15412 15453 W unknown:BridgelessReact: vu@132:90282
03-30 21:28:08.754 15412 15453 W unknown:BridgelessReact: Ru@132:94392
03-30 21:28:08.754 15412 15453 W unknown:BridgelessReact: vu@132:90282
03-30 21:28:08.754 15412 15453 W unknown:BridgelessReact: Ru@132:94392
03-30 21:28:08.754 15412 15453 W unknown:BridgelessReact: vu@132:91285
03-30 21:28:08.754 15412 15453 W unknown:BridgelessReact: Ru@132:94392
03-30 21:28:08.754 15412 15453 W unknown:BridgelessReact: vu@132:91033
03-30 21:28:08.754 15412 15453 W unknown:BridgelessReact: Ru@132:94392
03-30 21:28:08.754 15412 15453 W unknown:BridgelessReact: vu@132:90282
03-30 21:28:08.754 15412 15453 W unknown:BridgelessReact: Ru@132:94392
03-30 21:28:08.754 15412 15453 W unknown:BridgelessReact: vu@132:91011
03-30 21:28:08.754 15412 15453 W unknown:BridgelessReact: Ru@132:94392
03-30 21:28:08.754 15412 15453 W unknown:BridgelessReact: vu@132:91011
03-30 21:28:08.754 15412 15453 W unknown:BridgelessReact: Ru@132:94392
03-30 21:28:08.754 15412 15453 W unknown:BridgelessReact: vu@132:90282
03-30 21:28:08.754 15412 15453 W unknown:BridgelessReact: Ru@132:94392
03-30 21:28:08.754 15412 15453 W unknown:BridgelessReact: vu@132:90282
03-30 21:28:08.754 15412 15453 W unknown:BridgelessReact: Ru@132:94392
03-30 21:28:08.754 15412 15453 W unknown:BridgelessReact: vu@132:90282
03-30 21:28:08.754 15412 15453 W unknown:BridgelessReact: Ru@132:94392
03-30 21:28:08.754 15412 15453 W unknown:BridgelessReact: vu@132:91011
03-30 21:28:08.754 15412 15453 W unknown:BridgelessReact: Ru@132:94392
03-30 21:28:08.754 15412 15453 W unknown:BridgelessReact: vu@132:91011
03-30 21:28:08.754 15412 15453 W unknown:BridgelessReact: Ru@132:94392
03-30 21:28:08.754 15412 15453 W unknown:BridgelessReact: vu@132:90282
03-30 21:28:08.754 15412 15453 W unknown:BridgelessReact: Ru@132:94392
03-30 21:28:08.754 15412 15453 W unknown:BridgelessReact: vu@132:91011
03-30 21:28:08.754 15412 15453 W unknown:BridgelessReact: Ru@132:94392
03-30 21:28:08.754 15412 15453 W unknown:BridgelessReact: vu@132:91011
03-30 21:28:08.754 15412 15453 W unknown:BridgelessReact: vu@132:91011
03-30 21:28:08.754 15412 15453 W unknown:BridgelessReact: Ru@132:94392
03-30 21:28:08.754 15412 15453 W unknown:BridgelessReact: vu@132:90282
03-30 21:28:08.754 15412 15453 W unknown:BridgelessReact: Ru@132:94392
03-30 21:28:08.754 15412 15453 W unknown:BridgelessReact: vu@132:91011
03-30 21:28:08.754 15412 15453 W unknown:BridgelessReact: Ru@132:94392
03-30 21:28:08.754 15412 15453 W unknown:BridgelessReact: vu@132:91011
03-30 21:28:08.754 15412 15453 W unknown:BridgelessReact: Ru@132:94392
03-30 21:28:08.754 15412 15453 W unknown:BridgelessReact: vu@132:91011
03-30 21:28:08.754 15412 15453 W unknown:BridgelessReact: Ru@132:94392
03-30 21:28:08.754 15412 15453 W unknown:BridgelessReact: vu@132:91011
03-30 21:28:08.754 15412 15453 W unknown:BridgelessReact: Ru@132:94392
03-30 21:28:08.754 15412 15453 W unknown:BridgelessReact: vu@132:91011
03-30 21:28:08.754 15412 15453 W unknown:BridgelessReact: Ru@132:94392
03-30 21:28:08.754 15412 15453 W unknown:BridgelessReact: vu@132:91011
03-30 21:28:08.754 15412 15453 W unknown:BridgelessReact: Ru@132:94392
03-30 21:28:08.754 15412 15453 W unknown:BridgelessReact: vu@132:90282
03-30 21:28:08.754 15412 15453 W unknown:BridgelessReact: Ru@132:94392
03-30 21:28:08.754 15412 15453 W unknown:BridgelessReact: vu@132:91011
03-30 21:28:08.754 15412 15453 W unknown:BridgelessReact: Ru@132:94392
03-30 21:28:08.754 15412 15453 W unknown:BridgelessReact: vu@132:91011
03-30 21:28:08.754 15412 15453 W unknown:BridgelessReact: Ru@132:94392
03-30 21:28:08.754 15412 15453 W unknown:BridgelessReact: vu@132:91011
03-30 21:28:08.754 15412 15453 W unknown:BridgelessReact: Ru@132:94392
03-30 21:28:08.754 15412 15453 W unknown:BridgelessReact: vu@132:90282
03-30 21:28:08.754 15412 15453 W unknown:BridgelessReact: Ru@132:94392
03-30 21:28:08.754 15412 15453 W unknown:BridgelessReact: vu@132:91011
03-30 21:28:08.754 15412 15453 W unknown:BridgelessReact: Ru@132:94392
03-30 21:28:08.754 15412 15453 W unknown:BridgelessReact: vu@132:90282
03-30 21:28:08.754 15412 15453 W unknown:BridgelessReact: Ru@132:94392
03-30 21:28:08.754 15412 15453 W unknown:BridgelessReact: vu@132:90282
03-30 21:28:08.754 15412 15453 W unknown:BridgelessReact: Ru@132:94392
03-30 21:28:08.754 15412 15453 W unknown:BridgelessReact: vu@132:90282
03-30 21:28:08.754 15412 15453 W unknown:BridgelessReact: Ru@132:94392
03-30 21:28:08.754 15412 15453 W unknown:BridgelessReact: vu@132:90838
03-30 21:28:08.754 15412 15453 W unknown:BridgelessReact: Ru@132:94392
03-30 21:28:08.754 15412 15453 W unknown:BridgelessReact: vu@132:90282
03-30 21:28:08.754 15412 15453 W unknown:BridgelessReact: Ru@132:94392
03-30 21:28:08.754 15412 15453 W unknown:BridgelessReact: vu@132:91011
03-30 21:28:08.754 15412 15453 W unknown:BridgelessReact: Ru@132:94392
03-30 21:28:08.754 15412 15453 W unknown:BridgelessReact: vu@132:90282
03-30 21:28:08.754 15412 15453 W unknown:BridgelessReact: Ru@132:94392
03-30 21:28:08.754 15412 15453 W unknown:BridgelessReact: vu@132:91011
03-30 21:28:08.754 15412 15453 W unknown:BridgelessReact: Ru@132:94392
03-30 21:28:08.754 15412 15453 W unknown:BridgelessReact: vu@132:90610
03-30 21:28:08.754 15412 15453 W unknown:BridgelessReact: qi@132:106823
03-30 21:28:08.754 15412 15453 W unknown:BridgelessReact: Vi@132:106476
03-30 21:28:08.754 15412 15453 W unknown:BridgelessReact: Ci@132:101416
03-30 21:28:08.754 15412 15453 W unknown:BridgelessReact: Ri@132:101195
03-30 21:28:08.754 15412 15453 W unknown:BridgelessReact: vt@132:27938
03-30 21:28:08.754 15412 15453 W unknown:BridgelessReact: ")
03-30 21:28:08.755 15412 15453 E unknown:ReactNative: Exception in native call from JS
03-30 21:28:08.755 15412 15453 E unknown:ReactNative: com.facebook.react.common.JavascriptException: Error: Incompatible React versions: The "react" and "react-native-renderer" packages must have the exact same version. Instead got:
03-30 21:28:08.755 15412 15453 E unknown:ReactNative:   - react:                  19.2.4
03-30 21:28:08.755 15412 15453 E unknown:ReactNative:   - react-native-renderer:  19.2.3
03-30 21:28:08.755 15412 15453 E unknown:ReactNative: Learn more: https://react.dev/warnings/version-mismatch, stack:
03-30 21:28:08.755 15412 15453 E unknown:ReactNative: anonymous@316:121510
03-30 21:28:08.755 15412 15453 E unknown:ReactNative: h@2:1856
03-30 21:28:08.755 15412 15453 E unknown:ReactNative: d@2:1309
03-30 21:28:08.755 15412 15453 E unknown:ReactNative: i@2:548
03-30 21:28:08.755 15412 15453 E unknown:ReactNative: anonymous@315:116
03-30 21:28:08.755 15412 15453 E unknown:ReactNative: h@2:1856
03-30 21:28:08.755 15412 15453 E unknown:ReactNative: d@2:1239
03-30 21:28:08.755 15412 15453 E unknown:ReactNative: i@2:548
03-30 21:28:08.755 15412 15453 E unknown:ReactNative: c@130:1120
03-30 21:28:08.755 15412 15453 E unknown:ReactNative: anonymous@130:1221
03-30 21:28:08.755 15412 15453 E unknown:ReactNative: value@555:492
03-30 21:28:08.755 15412 15453 E unknown:ReactNative: vu@132:90378
03-30 21:28:08.755 15412 15453 E unknown:ReactNative: Ru@132:94392
03-30 21:28:08.755 15412 15453 E unknown:ReactNative: vu@132:90319
03-30 21:28:08.755 15412 15453 E unknown:ReactNative: Ru@132:94392
03-30 21:28:08.755 15412 15453 E unknown:ReactNative: vu@132:90319
03-30 21:28:08.755 15412 15453 E unknown:ReactNative: Ru@132:94392
03-30 21:28:08.755 15412 15453 E unknown:ReactNative: vu@132:90838
03-30 21:28:08.755 15412 15453 E unknown:ReactNative: Ru@132:94392
03-30 21:28:08.755 15412 15453 E unknown:ReactNative: vu@132:90282
03-30 21:28:08.755 15412 15453 E unknown:ReactNative: Ru@132:94392
03-30 21:28:08.755 15412 15453 E unknown:ReactNative: vu@132:90282
03-30 21:28:08.755 15412 15453 E unknown:ReactNative: Ru@132:94392
03-30 21:28:08.755 15412 15453 E unknown:ReactNative: vu@132:90282
03-30 21:28:08.755 15412 15453 E unknown:ReactNative: Ru@132:94392
03-30 21:28:08.755 15412 15453 E unknown:ReactNative: vu@132:91285
03-30 21:28:08.755 15412 15453 E unknown:ReactNative: Ru@132:94392
03-30 21:28:08.755 15412 15453 E unknown:ReactNative: vu@132:91033
03-30 21:28:08.755 15412 15453 E unknown:ReactNative: Ru@132:94392
03-30 21:28:08.755 15412 15453 E unknown:ReactNative: vu@132:90282
03-30 21:28:08.755 15412 15453 E unknown:ReactNative: Ru@132:94392
03-30 21:28:08.755 15412 15453 E unknown:ReactNative: vu@132:91011
03-30 21:28:08.755 15412 15453 E unknown:ReactNative: Ru@132:94392
03-30 21:28:08.755 15412 15453 E unknown:ReactNative: vu@132:91011
03-30 21:28:08.755 15412 15453 E unknown:ReactNative: Ru@132:94392
03-30 21:28:08.755 15412 15453 E unknown:ReactNative: vu@132:90282
03-30 21:28:08.755 15412 15453 E unknown:ReactNative: Ru@132:94392
03-30 21:28:08.755 15412 15453 E unknown:ReactNative: vu@132:90282
03-30 21:28:08.755 15412 15453 E unknown:ReactNative: Ru@132:94392
03-30 21:28:08.755 15412 15453 E unknown:ReactNative: vu@132:90282
03-30 21:28:08.755 15412 15453 E unknown:ReactNative: Ru@132:94392
03-30 21:28:08.755 15412 15453 E unknown:ReactNative: vu@132:91011
03-30 21:28:08.755 15412 15453 E unknown:ReactNative: Ru@132:94392
03-30 21:28:08.755 15412 15453 E unknown:ReactNative: vu@132:91011
03-30 21:28:08.755 15412 15453 E unknown:ReactNative: Ru@132:94392
03-30 21:28:08.755 15412 15453 E unknown:ReactNative: vu@132:90282
03-30 21:28:08.755 15412 15453 E unknown:ReactNative: Ru@132:94392
03-30 21:28:08.755 15412 15453 E unknown:ReactNative: vu@132:91011
03-30 21:28:08.755 15412 15453 E unknown:ReactNative: Ru@132:94392
03-30 21:28:08.755 15412 15453 E unknown:ReactNative: vu@132:91011
03-30 21:28:08.755 15412 15453 E unknown:ReactNative: vu@132:91011
03-30 21:28:08.755 15412 15453 E unknown:ReactNative: Ru@132:94392
03-30 21:28:08.755 15412 15453 E unknown:ReactNative: vu@132:90282
03-30 21:28:08.755 15412 15453 E unknown:ReactNative: Ru@132:94392
03-30 21:28:08.755 15412 15453 E unknown:ReactNative: vu@132:91011
03-30 21:28:08.755 15412 15453 E unknown:ReactNative: Ru@132:94392
03-30 21:28:08.755 15412 15453 E unknown:ReactNative: vu@132:91011
03-30 21:28:08.755 15412 15453 E unknown:ReactNative: Ru@132:94392
03-30 21:28:08.755 15412 15453 E unknown:ReactNative: vu@132:91011
03-30 21:28:08.755 15412 15453 E unknown:ReactNative: Ru@132:94392
03-30 21:28:08.755 15412 15453 E unknown:ReactNative: vu@132:91011
03-30 21:28:08.755 15412 15453 E unknown:ReactNative: Ru@132:94392
03-30 21:28:08.755 15412 15453 E unknown:ReactNative: vu@132:91011
03-30 21:28:08.755 15412 15453 E unknown:ReactNative: Ru@132:94392
03-30 21:28:08.755 15412 15453 E unknown:ReactNative: vu@132:91011
03-30 21:28:08.755 15412 15453 E unknown:ReactNative: Ru@132:94392
03-30 21:28:08.755 15412 15453 E unknown:ReactNative: vu@132:90282
03-30 21:28:08.755 15412 15453 E unknown:ReactNative: Ru@132:94392
03-30 21:28:08.755 15412 15453 E unknown:ReactNative: vu@132:91011
03-30 21:28:08.755 15412 15453 E unknown:ReactNative: Ru@132:94392
03-30 21:28:08.755 15412 15453 E unknown:ReactNative: vu@132:91011
03-30 21:28:08.755 15412 15453 E unknown:ReactNative: Ru@132:94392
03-30 21:28:08.755 15412 15453 E unknown:ReactNative: vu@132:91011
03-30 21:28:08.755 15412 15453 E unknown:ReactNative: Ru@132:94392
03-30 21:28:08.755 15412 15453 E unknown:ReactNative: vu@132:90282
03-30 21:28:08.755 15412 15453 E unknown:ReactNative: Ru@132:94392
03-30 21:28:08.755 15412 15453 E unknown:ReactNative: vu@132:91011
03-30 21:28:08.755 15412 15453 E unknown:ReactNative: Ru@132:94392
03-30 21:28:08.755 15412 15453 E unknown:ReactNative: vu@132:90282
03-30 21:28:08.755 15412 15453 E unknown:ReactNative: Ru@132:94392
03-30 21:28:08.755 15412 15453 E unknown:ReactNative: vu@132:90282
03-30 21:28:08.755 15412 15453 E unknown:ReactNative: Ru@132:94392
03-30 21:28:08.755 15412 15453 E unknown:ReactNative: vu@132:90282
03-30 21:28:08.755 15412 15453 E unknown:ReactNative: Ru@132:94392
03-30 21:28:08.755 15412 15453 E unknown:ReactNative: vu@132:90838
03-30 21:28:08.755 15412 15453 E unknown:ReactNative: Ru@132:94392
03-30 21:28:08.755 15412 15453 E unknown:ReactNative: vu@132:90282
03-30 21:28:08.755 15412 15453 E unknown:ReactNative: Ru@132:94392
03-30 21:28:08.755 15412 15453 E unknown:ReactNative: vu@132:91011
03-30 21:28:08.755 15412 15453 E unknown:ReactNative: Ru@132:94392
03-30 21:28:08.755 15412 15453 E unknown:ReactNative: vu@132:90282
03-30 21:28:08.755 15412 15453 E unknown:ReactNative: Ru@132:94392
03-30 21:28:08.755 15412 15453 E unknown:ReactNative: vu@132:91011
03-30 21:28:08.755 15412 15453 E unknown:ReactNative: Ru@132:94392
03-30 21:28:08.755 15412 15453 E unknown:ReactNative: vu@132:90610
03-30 21:28:08.755 15412 15453 E unknown:ReactNative: qi@132:106823
03-30 21:28:08.755 15412 15453 E unknown:ReactNative: Vi@132:106476
03-30 21:28:08.755 15412 15453 E unknown:ReactNative: Ci@132:101416
03-30 21:28:08.755 15412 15453 E unknown:ReactNative: Ri@132:101195
03-30 21:28:08.755 15412 15453 E unknown:ReactNative: vt@132:27938
03-30 21:28:08.755 15412 15453 E unknown:ReactNative: 
03-30 21:28:08.755 15412 15453 E unknown:ReactNative: 	at com.facebook.react.modules.core.ExceptionsManagerModule.reportException(ExceptionsManagerModule.kt:52)
03-30 21:28:08.755 15412 15453 E unknown:ReactNative: 	at com.facebook.jni.NativeRunnable.run(Native Method)
03-30 21:28:08.755 15412 15453 E unknown:ReactNative: 	at android.os.Handler.handleCallback(Handler.java:1070)
03-30 21:28:08.755 15412 15453 E unknown:ReactNative: 	at android.os.Handler.dispatchMessage(Handler.java:125)
03-30 21:28:08.755 15412 15453 E unknown:ReactNative: 	at com.facebook.react.bridge.queue.MessageQueueThreadHandler.dispatchMessage(MessageQueueThreadHandler.kt:21)
03-30 21:28:08.755 15412 15453 E unknown:ReactNative: 	at android.os.Looper.dispatchMessage(Looper.java:333)
03-30 21:28:08.755 15412 15453 E unknown:ReactNative: 	at android.os.Looper.loopOnce(Looper.java:263)
03-30 21:28:08.755 15412 15453 E unknown:ReactNative: 	at android.os.Looper.loop(Looper.java:367)
03-30 21:28:08.755 15412 15453 E unknown:ReactNative: 	at com.facebook.react.bridge.queue.MessageQueueThreadImpl$Companion.startNewBackgroundThread$lambda$0(MessageQueueThreadImpl.kt:152)
03-30 21:28:08.755 15412 15453 E unknown:ReactNative: 	at com.facebook.react.bridge.queue.MessageQueueThreadImpl$Companion.$r8$lambda$YYXYCFexeoKtAeDpeNYkxZZlpbA(Unknown Source:0)
03-30 21:28:08.755 15412 15453 E unknown:ReactNative: 	at com.facebook.react.bridge.queue.MessageQueueThreadImpl$Companion$$ExternalSyntheticLambda0.run(D8$$SyntheticClass:0)
03-30 21:28:08.755 15412 15453 E unknown:ReactNative: 	at java.lang.Thread.run(Thread.java:1563)
03-30 21:28:08.759 15412 15442 W unknown:BridgelessReact: ReactHost{0}.getOrCreateDestroyTask()
03-30 21:28:08.759 15412 15442 W unknown:BridgelessReact: ReactHost{0}.getOrCreateDestroyTask(): Resetting createReactInstance task ref
03-30 21:28:08.797 15412 15452 E ReactNativeJS: { [TypeError: Cannot read property 'default' of undefined]
