03-30 21:28:08.797 15412 15452 E ReactNativeJS:   componentStack: '\n    at ExpoImage (index.android.bundle:555:201)\n    at c (index.android.bundle:1660:692)\n    at f (index.android.bundle:1659:657)\n    at RCTView (<anonymous>)\n    at x (index.android.bundle:84:548)\n    at anonymous (index.android.bundle:1229:124)\n    at s (index.android.bundle:968:3689)\n    at Suspense (<anonymous>)\n    at anonymous (index.android.bundle:929:218)\n    at anonymous (index.android.bundle:713:389)\n    at c (index.android.bundle:968:3743)\n    at anonymous (index.android.bundle:818:200)\n    at anonymous (index.android.bundle:752:156)\n    at anonymous (index.android.bundle:816:165)\n    at anonymous (index.android.bundle:759:191)\n    at RNSScreenContentWrapper (<anonymous>)\n    at anonymous (index.android.bundle:1079:263)\n    at RNSScreen (<anonymous>)\n    at Animated(Anonymous) (index.android.bundle:365:370)\n    at f (index.android.bundle:1064:341)\n    at Suspense (<anonymous>)\n    at anonymous (index.android.bundle:1064:128)\n    at anonymous (index.android.bundle:1063:186)\n    at anonymous (index.android.bundle:1061:695)\n    at anonymous (index.android.bundle:1061:5317)\n    at S (index.android.bundle:1078:459)\n    at anonymous (index.android.bundle:759:191)\n    at u (index.android.bundle:1168:2155)\n    at RNSScreenStack (<anonymous>)\n    at anonymous (index.android.bundle:1077:255)\n    at anonymous (index.android.bundle:1075:730)\n    at RCTView (<anonymous>)\n    at x (index.android.bundle:84:548)\n    at anonymous (index.android.bundle:1013:170)\n    at y (index.android.bundle:1035:422)\n    at anonymous (index.android.bundle:1168:171)\n    at anonymous (index.android.bundle:764:174)\n    at anonymous (index.android.bundle:821:184)\n    at c (index.android.bundle:820:479)\n    at anonymous (index.android.bundle:820:245)\n    at v (index.android.bundle:1158:1201)\n    at anonymous (index.android.bundle:716:1115)\n    at anonymous (index.android.bundle:1157:6121)\n    at anonymous (index.android.bundle:705:152)\n    at anonymous (index.android.bundle:660:155)\n    at anonymous (index.android.bundle:655:153)\n    at anonymous (index.android.bundle:618:154)\n    at anonymous (index.android.bundle:9:147)\n    at s (index.android.bundle:968:3689)\n    at Suspense (<anonymous>)\n    at anonymous (index.android.bundle:929:218)\n    at anonymous (index.android.bundle:713:389)\n    at c (index.android.bundle:968:3743)\n    at anonymous (index.android.bundle:818:200)\n    at anonymous (index.android.bundle:752:156)\n    at anonymous (index.android.bundle:816:165)\n    at anonymous (index.android.bundle:759:191)\n    at anonymous (index.android.bundle:764:174)\n    at anonymous (index.android.bundle:821:184)\n    at c (index.android.bundle:820:479)\n    at anonymous (index.android.bundle:820:245)\n    at x (index.android.bundle:1205:3035)\n    at RNCSafeAreaProvider (<anonymous>)\n    at anonymous (index.android.bundle:915:543)\n    at anonymous (index.android.bundle:1165:202)\n    at anonymous (index.android.bundle:1205:1100)\n    at anonymous (index.android.bundle:753:148)\n    at anonymous (index.android.bundle:752:156)\n    at anonymous (index.android.bundle:724:512)\n    at anonymous (index.android.bundle:1210:490)\n    at _ (index.android.bundle:1205:1753)\n    at anonymous (index.android.bundle:1205:961)\n    at RCTView (<anonymous>)\n    at x (index.android.bundle:84:548)\n    at anonymous (index.android.bundle:269:253)',
03-30 21:28:08.797 15412 15452 E ReactNativeJS:   isComponentError: true }
03-30 21:28:08.798 15412 15452 E ReactNativeJS: { [TypeError: Cannot read property 'default' of undefined]
03-30 21:28:08.798 15412 15452 E ReactNativeJS:   componentStack: '\n    at ExpoImage (index.android.bundle:555:201)\n    at c (index.android.bundle:1660:692)\n    at f (index.android.bundle:1659:657)\n    at RCTView (<anonymous>)\n    at x (index.android.bundle:84:548)\n    at RCTView (<anonymous>)\n    at x (index.android.bundle:84:548)\n    at anonymous (index.android.bundle:1229:124)\n    at s (index.android.bundle:968:3689)\n    at Suspense (<anonymous>)\n    at anonymous (index.android.bundle:929:218)\n    at anonymous (index.android.bundle:713:389)\n    at c (index.android.bundle:968:3743)\n    at anonymous (index.android.bundle:818:200)\n    at anonymous (index.android.bundle:752:156)\n    at anonymous (index.android.bundle:816:165)\n    at anonymous (index.android.bundle:759:191)\n    at RNSScreenContentWrapper (<anonymous>)\n    at anonymous (index.android.bundle:1079:263)\n    at RNSScreen (<anonymous>)\n    at Animated(Anonymous) (index.android.bundle:365:370)\n    at f (index.android.bundle:1064:341)\n    at Suspense (<anonymous>)\n    at anonymous (index.android.bundle:1064:128)\n    at anonymous (index.android.bundle:1063:186)\n    at anonymous (index.android.bundle:1061:695)\n    at anonymous (index.android.bundle:1061:5317)\n    at S (index.android.bundle:1078:459)\n    at anonymous (index.android.bundle:759:191)\n    at u (index.android.bundle:1168:2155)\n    at RNSScreenStack (<anonymous>)\n    at anonymous (index.android.bundle:1077:255)\n    at anonymous (index.android.bundle:1075:730)\n    at RCTView (<anonymous>)\n    at x (index.android.bundle:84:548)\n    at anonymous (index.android.bundle:1013:170)\n    at y (index.android.bundle:1035:422)\n    at anonymous (index.android.bundle:1168:171)\n    at anonymous (index.android.bundle:764:174)\n    at anonymous (index.android.bundle:821:184)\n    at c (index.android.bundle:820:479)\n    at anonymous (index.android.bundle:820:245)\n    at v (index.android.bundle:1158:1201)\n    at anonymous (index.android.bundle:716:1115)\n    at anonymous (index.android.bundle:1157:6121)\n    at anonymous (index.android.bundle:705:152)\n    at anonymous (index.android.bundle:660:155)\n    at anonymous (index.android.bundle:655:153)\n    at anonymous (index.android.bundle:618:154)\n    at anonymous (index.android.bundle:9:147)\n    at s (index.android.bundle:968:3689)\n    at Suspense (<anonymous>)\n    at anonymous (index.android.bundle:929:218)\n    at anonymous (index.android.bundle:713:389)\n    at c (index.android.bundle:968:3743)\n    at anonymous (index.android.bundle:818:200)\n    at anonymous (index.android.bundle:752:156)\n    at anonymous (index.android.bundle:816:165)\n    at anonymous (index.android.bundle:759:191)\n    at anonymous (index.android.bundle:764:174)\n    at anonymous (index.android.bundle:821:184)\n    at c (index.android.bundle:820:479)\n    at anonymous (index.android.bundle:820:245)\n    at x (index.android.bundle:1205:3035)\n    at RNCSafeAreaProvider (<anonymous>)\n    at anonymous (index.android.bundle:915:543)\n    at anonymous (index.android.bundle:1165:202)\n    at anonymous (index.android.bundle:1205:1100)\n    at anonymous (index.android.bundle:753:148)\n    at anonymous (index.android.bundle:752:156)\n    at anonymous (index.android.bundle:724:512)\n    at anonymous (index.android.bundle:1210:490)\n    at _ (index.android.bundle:1205:1753)\n    at anonymous (index.android.bundle:1205:961)\n    at RCTView (<anonymous>)\n    at x (index.android.bundle:84:548)\n    at anonymous (index.android.bundle:269:253)',
03-30 21:28:08.798 15412 15452 E ReactNativeJS:   isComponentError: true }
03-30 21:28:08.802 15412 15452 E ReactNativeJS: { [TypeError: Cannot read property 'default' of undefined]
03-30 21:28:08.802 15412 15452 E ReactNativeJS:   componentStack: '\n    at RNSScreen (<anonymous>)\n    at Animated(Anonymous) (index.android.bundle:365:370)\n    at f (index.android.bundle:1064:341)\n    at Suspense (<anonymous>)\n    at anonymous (index.android.bundle:1064:128)\n    at anonymous (index.android.bundle:1063:186)\n    at anonymous (index.android.bundle:1061:695)\n    at anonymous (index.android.bundle:1061:5317)\n    at S (index.android.bundle:1078:459)\n    at anonymous (index.android.bundle:759:191)\n    at u (index.android.bundle:1168:2155)\n    at RNSScreenStack (<anonymous>)\n    at anonymous (index.android.bundle:1077:255)\n    at anonymous (index.android.bundle:1075:730)\n    at RCTView (<anonymous>)\n    at x (index.android.bundle:84:548)\n    at anonymous (index.android.bundle:1013:170)\n    at y (index.android.bundle:1035:422)\n    at anonymous (index.android.bundle:1168:171)\n    at anonymous (index.android.bundle:764:174)\n    at anonymous (index.android.bundle:821:184)\n    at c (index.android.bundle:820:479)\n    at anonymous (index.android.bundle:820:245)\n    at v (index.android.bundle:1158:1201)\n    at anonymous (index.android.bundle:716:1115)\n    at anonymous (index.android.bundle:1157:6121)\n    at anonymous (index.android.bundle:705:152)\n    at anonymous (index.android.bundle:660:155)\n    at anonymous (index.android.bundle:655:153)\n    at anonymous (index.android.bundle:618:154)\n    at anonymous (index.android.bundle:9:147)\n    at s (index.android.bundle:968:3689)\n    at Suspense (<anonymous>)\n    at anonymous (index.android.bundle:929:218)\n    at anonymous (index.android.bundle:713:389)\n    at c (index.android.bundle:968:3743)\n    at anonymous (index.android.bundle:818:200)\n    at anonymous (index.android.bundle:752:156)\n    at anonymous (index.android.bundle:816:165)\n    at anonymous (index.android.bundle:759:191)\n    at anonymous (index.android.bundle:764:174)\n    at anonymous (index.android.bundle:821:184)\n    at c (index.android.bundle:820:479)\n    at anonymous (index.android.bundle:820:245)\n    at x (index.android.bundle:1205:3035)\n    at RNCSafeAreaProvider (<anonymous>)\n    at anonymous (index.android.bundle:915:543)\n    at anonymous (index.android.bundle:1165:202)\n    at anonymous (index.android.bundle:1205:1100)\n    at anonymous (index.android.bundle:753:148)\n    at anonymous (index.android.bundle:752:156)\n    at anonymous (index.android.bundle:724:512)\n    at anonymous (index.android.bundle:1210:490)\n    at _ (index.android.bundle:1205:1753)\n    at anonymous (index.android.bundle:1205:961)\n    at RCTView (<anonymous>)\n    at x (index.android.bundle:84:548)\n    at anonymous (index.android.bundle:269:253)',
03-30 21:28:08.802 15412 15452 E ReactNativeJS:   isComponentError: true }
03-30 21:28:08.806 15412 15453 W unknown:ReactNative: StatusBarModule: Ignored status bar change, current activity is edge-to-edge.
03-30 21:28:08.806 15412 15453 W unknown:ReactNative: StatusBarModule: Ignored status bar change, current activity is edge-to-edge.
03-30 21:28:08.818 15412 15452 I ReactNativeJS: '[index] skip write, path null', 'appTemp'
03-30 21:28:08.838 15412 15412 W unknown:BridgelessReact: ReactHost{0}.getOrCreateDestroyTask(): Starting React Native destruction
03-30 21:28:08.838 15412 15412 W unknown:BridgelessReact: ReactHost{0}.getOrCreateDestroyTask(): DevSupportManager cleanup
03-30 21:28:08.838 15412 15412 W unknown:BridgelessReact: ReactHost{0}.getOrCreateDestroyTask(): Move ReactHost to onHostDestroy()
03-30 21:28:08.839 15412 15412 W unknown:BridgelessReact: ReactHost{0}.ReactContext.onHostPause()
03-30 21:28:08.841 15412 15412 W unknown:BridgelessReact: ReactHost{0}.ReactContext.onHostDestroy()
03-30 21:28:08.853 15412 15412 E unknown:ReactNative: Tried to remove non-existent frame callback
03-30 21:28:08.854 15412 15442 W unknown:BridgelessReact: ReactHost{0}.getOrCreateDestroyTask(): Stopping all React Native surfaces
03-30 21:28:08.859 15412 15442 E unknown:SurfaceMountingManager: Stopping surface [1]
03-30 21:28:08.860 15412 15412 D WindowOnBackDispatcher: setTopOnBackInvokedCallback (unwrapped): android.view.ViewRootImpl$$ExternalSyntheticLambda12@9e10b0b
03-30 21:28:08.860   815  2681 D CoreBackPreview: Window{4145eec u0 com.weejobs.app/com.weejobs.app.MainActivity}: Setting back callback OnBackInvokedCallbackInfo{mCallback=android.window.IOnBackInvokedCallback$Stub$Proxy@d01a416, mPriority=0, mIsAnimationCallback=false, mOverrideBehavior=0}
03-30 21:28:08.932 15412 15452 I ReactNativeJS: '[index] wrote file:', 'appDocument', 'file:///data/user/0/com.weejobs.app/files/routes_manifest_seen.txt'
03-30 21:28:08.933 15412 15452 I ReactNativeJS: '[index] wrote file:', 'appCache', 'file:///data/user/0/com.weejobs.app/cache/routes_manifest_seen.txt'
03-30 21:28:08.936 15412 15452 I ReactNativeJS: '[index] write failed:', 'sdcardDownload', '/sdcard/Download/routes_manifest_seen.txt', 'Call to function \'ExponentFileSystem.writeAsStringAsync\' has been rejected.\n→ Caused by: java.io.IOException: Location \'/sdcard/Download/routes_manifest_seen.txt\' isn\'t writable.'
03-30 21:28:08.948 15412 15457 I com.weejobs.app: hiddenapi: Accessing hidden method Ljava/io/ObjectStreamClass;->getConstructorId(Ljava/lang/Class;)J (runtime_flags=0, domain=core-platform, api=unsupported) from Lexpo/modules/kotlin/allocators/UnsafeAllocator$Companion; (domain=app, TargetSdkVersion=36) using reflection: allowed
03-30 21:28:08.969 15412 15452 I ReactNativeJS: '[index] read file:', 'appDocument', 'file:///data/user/0/com.weejobs.app/files/routes_manifest_seen.txt', 'contents=', '{"keysCount":46,"ts":1774931288816}'
03-30 21:28:08.970 15412 15452 I ReactNativeJS: '[index] read file:', 'appCache', 'file:///data/user/0/com.weejobs.app/cache/routes_manifest_seen.txt', 'contents=', '{"keysCount":46,"ts":1774931288818}'
03-30 21:28:09.005 15412 15412 E unknown:SurfaceMountingManager: Surface [1] was stopped on SurfaceMountingManager.
03-30 21:28:09.007 15412 15412 W unknown:BridgelessReact: ReactHost{0}.getOrCreateDestroyTask(): Destroying MemoryPressureRouter
03-30 21:28:09.007 15412 15412 W unknown:BridgelessReact: ReactHost{0}.getOrCreateDestroyTask(): Resetting ReactContext ref
03-30 21:28:09.007 15412 15412 W unknown:BridgelessReact: ReactHost{0}.getOrCreateDestroyTask(): Destroying ReactContext
03-30 21:28:09.010 15412 15442 W unknown:BridgelessReact: ReactHost{0}.getOrCreateDestroyTask(): Resetting ReactInstance ptr
03-30 21:28:09.012 15412 15442 W unknown:BridgelessReact: ReactHost{0}.getOrCreateDestroyTask(): Destroying ReactInstance
03-30 21:28:09.015 15412 15412 W unknown:BridgelessReact: ReactHost{0}.raiseSoftException(onWindowFocusChange(hasFocus = "false")): Tried to access onWindowFocusChange while context is not ready
03-30 21:28:09.019 15412 15442 I ExpoModulesCore: ✅ ModuleRegistry was destroyed
03-30 21:28:09.020 15412 15412 E unknown:ReactHost: Unhandled SoftException
03-30 21:28:09.020 15412 15412 E unknown:ReactHost: com.facebook.react.bridge.ReactNoCrashSoftException: raiseSoftException(onWindowFocusChange(hasFocus = "false")): Tried to access onWindowFocusChange while context is not ready
03-30 21:28:09.020 15412 15412 E unknown:ReactHost: 	at com.facebook.react.runtime.ReactHostImpl.raiseSoftException(ReactHostImpl.kt:865)
03-30 21:28:09.020 15412 15412 E unknown:ReactHost: 	at com.facebook.react.runtime.ReactHostImpl.raiseSoftException$default(ReactHostImpl.kt:856)
03-30 21:28:09.020 15412 15412 E unknown:ReactHost: 	at com.facebook.react.runtime.ReactHostImpl.onWindowFocusChange(ReactHostImpl.kt:629)
03-30 21:28:09.020 15412 15412 E unknown:ReactHost: 	at com.facebook.react.ReactDelegate.onWindowFocusChanged(ReactDelegate.kt:229)
03-30 21:28:09.020 15412 15412 E unknown:ReactHost: 	at com.facebook.react.ReactActivityDelegate.onWindowFocusChanged(ReactActivityDelegate.java:237)
03-30 21:28:09.020 15412 15412 E unknown:ReactHost: 	at expo.modules.ReactActivityDelegateWrapper$onWindowFocusChanged$1.invokeSuspend(ReactActivityDelegateWrapper.kt:320)
03-30 21:28:09.020 15412 15412 E unknown:ReactHost: 	at expo.modules.ReactActivityDelegateWrapper$onWindowFocusChanged$1.invoke(Unknown Source:8)
03-30 21:28:09.020 15412 15412 E unknown:ReactHost: 	at expo.modules.ReactActivityDelegateWrapper$onWindowFocusChanged$1.invoke(Unknown Source:4)
03-30 21:28:09.020 15412 15412 E unknown:ReactHost: 	at expo.modules.ReactActivityDelegateWrapper$launchLifecycleScopeWithLock$1.invokeSuspend(ReactActivityDelegateWrapper.kt:452)
03-30 21:28:09.020 15412 15412 E unknown:ReactHost: 	at kotlin.coroutines.jvm.internal.BaseContinuationImpl.resumeWith(ContinuationImpl.kt:34)
03-30 21:28:09.020 15412 15412 E unknown:ReactHost: 	at kotlinx.coroutines.internal.DispatchedContinuationKt.resumeCancellableWith(DispatchedContinuation.kt:375)
03-30 21:28:09.020 15412 15412 E unknown:ReactHost: 	at kotlinx.coroutines.intrinsics.CancellableKt.startCoroutineCancellable(Cancellable.kt:26)
03-30 21:28:09.020 15412 15412 E unknown:ReactHost: 	at kotlinx.coroutines.CoroutineStart.invoke(CoroutineStart.kt:358)
03-30 21:28:09.020 15412 15412 E unknown:ReactHost: 	at kotlinx.coroutines.AbstractCoroutine.start(AbstractCoroutine.kt:134)
03-30 21:28:09.020 15412 15412 E unknown:ReactHost: 	at kotlinx.coroutines.BuildersKt__Builders_commonKt.launch(Builders.common.kt:53)
03-30 21:28:09.020 15412 15412 E unknown:ReactHost: 	at kotlinx.coroutines.BuildersKt.launch(Unknown Source:1)
03-30 21:28:09.020 15412 15412 E unknown:ReactHost: 	at kotlinx.coroutines.BuildersKt__Builders_commonKt.launch$default(Builders.common.kt:44)
03-30 21:28:09.020 15412 15412 E unknown:ReactHost: 	at kotlinx.coroutines.BuildersKt.launch$default(Unknown Source:1)
03-30 21:28:09.020 15412 15412 E unknown:ReactHost: 	at expo.modules.ReactActivityDelegateWrapper.launchLifecycleScopeWithLock(ReactActivityDelegateWrapper.kt:450)
03-30 21:28:09.020 15412 15412 E unknown:ReactHost: 	at expo.modules.ReactActivityDelegateWrapper.launchLifecycleScopeWithLock$default(ReactActivityDelegateWrapper.kt:446)
03-30 21:28:09.020 15412 15412 E unknown:ReactHost: 	at expo.modules.ReactActivityDelegateWrapper.onWindowFocusChanged(ReactActivityDelegateWrapper.kt:318)
03-30 21:28:09.020 15412 15412 E unknown:ReactHost: 	at com.facebook.react.ReactActivity.onWindowFocusChanged(ReactActivity.java:161)
03-30 21:28:09.020 15412 15412 E unknown:ReactHost: 	at androidx.appcompat.view.WindowCallbackWrapper.onWindowFocusChanged(WindowCallbackWrapper.java:124)
03-30 21:28:09.020 15412 15412 E unknown:ReactHost: 	at com.android.internal.policy.DecorView.onWindowFocusChanged(DecorView.java:1797)
03-30 21:28:09.020 15412 15412 E unknown:ReactHost: 	at android.view.View.dispatchWindowFocusChanged(View.java:17124)
03-30 21:28:09.020 15412 15412 E unknown:ReactHost: 	at android.view.ViewGroup.dispatchWindowFocusChanged(ViewGroup.java:1529)
03-30 21:28:09.020 15412 15412 E unknown:ReactHost: 	at android.view.ViewRootImpl.dispatchFocusEvent(ViewRootImpl.java:4962)
03-30 21:28:09.020 15412 15412 E unknown:ReactHost: 	at android.view.ViewRootImpl.handleWindowFocusChanged(ViewRootImpl.java:4866)
03-30 21:28:09.020 15412 15412 E unknown:ReactHost: 	at android.view.ViewRootImpl.-$$Nest$mhandleWindowFocusChanged(Unknown Source:0)
03-30 21:28:09.020 15412 15412 E unknown:ReactHost: 	at android.view.ViewRootImpl$ViewRootHandler.handleMessageImpl(ViewRootImpl.java:7118)
03-30 21:28:09.020 15412 15412 E unknown:ReactHost: 	at android.view.ViewRootImpl$ViewRootHandler.handleMessage(ViewRootImpl.java:7026)
03-30 21:28:09.020 15412 15412 E unknown:ReactHost: 	at android.os.Handler.dispatchMessage(Handler.java:132)
03-30 21:28:09.020 15412 15412 E unknown:ReactHost: 	at android.os.Looper.dispatchMessage(Looper.java:333)
03-30 21:28:09.020 15412 15412 E unknown:ReactHost: 	at android.os.Looper.loopOnce(Looper.java:263)
03-30 21:28:09.020 15412 15412 E unknown:ReactHost: 	at android.os.Looper.loop(Looper.java:367)
03-30 21:28:09.020 15412 15412 E unknown:ReactHost: 	at android.app.ActivityThread.main(ActivityThread.java:9287)
03-30 21:28:09.020 15412 15412 E unknown:ReactHost: 	at java.lang.reflect.Method.invoke(Native Method)
03-30 21:28:09.020 15412 15412 E unknown:ReactHost: 	at com.android.internal.os.RuntimeInit$MethodAndArgsCaller.run(RuntimeInit.java:566)
03-30 21:28:09.020 15412 15412 E unknown:ReactHost: 	at com.android.internal.os.ZygoteInit.main(ZygoteInit.java:929)
03-30 21:28:09.023 15412 15442 I ExpoModulesCore: ✅ AppContext was destroyed
03-30 21:28:09.023 15412 15442 I ExpoModulesCore: ✅ KotlinInteropModuleRegistry was destroyed
03-30 21:28:09.030 15412 15442 W unknown:ReactNative: Tried to enqueue runnable on already finished thread: 'v_native... dropping Runnable.
03-30 21:28:09.034 15412 15442 E unknown:ReactNative: Tried to remove non-existent frame callback
03-30 21:28:09.038 15412 15442 W unknown:ReactNative: Tried to enqueue runnable on already finished thread: 'v_native... dropping Runnable.
03-30 21:28:09.039 15412 15442 W unknown:ReactNative: Tried to enqueue runnable on already finished thread: 'v_native... dropping Runnable.
03-30 21:28:09.041 15412 15442 W unknown:ReactNative: Tried to enqueue runnable on already finished thread: 'v_native... dropping Runnable.
03-30 21:28:09.041 15412 15442 W unknown:ReactNative: Tried to enqueue runnable on already finished thread: 'v_native... dropping Runnable.
03-30 21:28:09.043 15412 15442 W unknown:ReactNative: Tried to enqueue runnable on already finished thread: 'v_native... dropping Runnable.
03-30 21:28:09.044 15412 15442 W unknown:ReactNative: Tried to enqueue runnable on already finished thread: 'v_native... dropping Runnable.
03-30 21:28:09.046 15412 15442 W unknown:ReactNative: Tried to enqueue runnable on already finished thread: 'v_native... dropping Runnable.
03-30 21:28:09.047 15412 15442 W unknown:ReactNative: Tried to enqueue runnable on already finished thread: 'v_native... dropping Runnable.
03-30 21:28:09.049 15412 15442 W unknown:ReactNative: Tried to enqueue runnable on already finished thread: 'v_native... dropping Runnable.
03-30 21:28:09.050 15412 15442 W unknown:ReactNative: Tried to enqueue runnable on already finished thread: 'v_native... dropping Runnable.
03-30 21:28:09.051 15412 15442 W unknown:ReactNative: Tried to enqueue runnable on already finished thread: 'v_native... dropping Runnable.
03-30 21:28:09.052 15412 15442 W unknown:ReactNative: Tried to enqueue runnable on already finished thread: 'v_native... dropping Runnable.
03-30 21:28:09.053 15412 15442 W unknown:ReactNative: Tried to enqueue runnable on already finished thread: 'v_native... dropping Runnable.
03-30 21:28:09.053 15412 15442 W unknown:ReactNative: Tried to enqueue runnable on already finished thread: 'v_native... dropping Runnable.
03-30 21:28:09.055 15412 15442 W unknown:ReactNative: Tried to enqueue runnable on already finished thread: 'v_native... dropping Runnable.
03-30 21:28:09.056 15412 15442 W unknown:ReactNative: Tried to enqueue runnable on already finished thread: 'v_native... dropping Runnable.
03-30 21:28:09.057 15412 15442 W unknown:ReactNative: Tried to enqueue runnable on already finished thread: 'v_native... dropping Runnable.
03-30 21:28:09.061   815   972 I ImeTracker: com.weejobs.app:92903405: onRequestHide at ORIGIN_SERVER reason HIDE_UNSPECIFIED_WINDOW fromUser false
03-30 21:28:09.066 15412 15412 D InsetsController: hide(ime())
03-30 21:28:09.072  8754  8754 I GoogleInputMethodService: GoogleInputMethodService.onFinishInput():2057 
03-30 21:28:09.073  8754  8754 I Module  : DeviceLockedStatusModuleProvider$Module.updateDeviceLockedStatus():100 repeatCheckTimes = 0, locked = false
03-30 21:28:09.076   815   924 I ImeTracker: system_server:e480ec1c: onRequestHide at ORIGIN_SERVER reason IME_REQUESTED_CHANGED_LISTENER fromUser false
03-30 21:28:09.076 15412 15412 I ImeTracker: com.weejobs.app:92903405: onCancelled at PHASE_CLIENT_ALREADY_HIDDEN
03-30 21:28:09.079   815   838 I ImeTracker: system_server:e480ec1c: onCancelled at PHASE_SERVER_SHOULD_HIDE
03-30 21:28:09.080  8754  8754 I GoogleInputMethodService: GoogleInputMethodService.onStartInput():1318 onStartInput(EditorInfo{EditorInfo{packageName=com.weejobs.app, inputType=0, inputTypeString=NULL, enableLearning=false, autoCorrection=false, autoComplete=false, imeOptions=0, privateImeOptions=null, actionName=UNSPECIFIED, actionLabel=null, initialSelStart=-1, initialSelEnd=-1, initialCapsMode=0, label=null, fieldId=0, fieldName=null, extras=null, hintText=null, hintLocales=[]}}, false)
03-30 21:28:09.083  8754  8754 I Module  : DeviceLockedStatusModuleProvider$Module.updateDeviceLockedStatus():100 repeatCheckTimes = 1, locked = false
03-30 21:28:09.086   815   924 W PackageConfigPersister: App-specific configuration not found for packageName: com.weejobs.app and userId: 0
03-30 21:28:09.133 15412 15442 W unknown:BridgelessReact: ReactHost{0}.getOrCreateDestroyTask(): Resetting start/destroy task ref
03-30 21:28:10.009 15412 15441 W unknown:ReconnectingWebSocket: Couldn't connect to "ws://10.0.2.2:8081/message?device=sdk_gphone64_x86_64%20-%2016%20-%20API%2036&app=com.weejobs.app&clientid=BridgelessDevSupportManager", will silently retry
03-30 21:28:10.684   815  2681 W NotificationService: Toast already killed. pkg=com.weejobs.app token=android.os.BinderProxy@cb88325
03-30 21:28:11.116   815  1239 I HalDevMgr: bestIfaceCreationProposal is null, requestIface=STA, existingIface=[name=wlan0 type=STA]
03-30 21:28:11.353   815   952 D ActivityManager: freezing 13383 com.google.android.permissioncontroller
03-30 21:28:11.357   815  1247 D InetDiagMessage: Destroyed 0 sockets, proto=IPPROTO_TCP, family=AF_INET, states=14
03-30 21:28:11.358   815  1247 D InetDiagMessage: Destroyed 0 sockets, proto=IPPROTO_TCP, family=AF_INET6, states=14
03-30 21:28:11.358   815  1247 D InetDiagMessage: Destroyed live tcp sockets for uids={10219} in 2ms
03-30 21:28:11.748  1522  1586 D SatelliteController: iisInCarrierRoamingNbIotNtn: satellite is disabled
03-30 21:28:11.753  1522  1586 D SatelliteController: getCarrierRoamingNtnConnectType: Falling back to global carrier config connect type: 0
03-30 21:28:11.940  1564  1564 I wpa_supplicant: wlan0: CTRL-EVENT-BEACON-LOSS 
03-30 21:28:12.522   815   857 D AppOpHistoryHelper: MetricHandler reporting 4 records.
03-30 21:28:12.538   815   926 D WifiNl80211Manager: Scan result ready event
03-30 21:28:12.539   815   926 D WifiNative: Scan result ready event
03-30 21:28:12.553  8555 28885 I WifiScanner: onFullResults
03-30 21:28:12.554  8555  8733 I WifiScanner: onFullResults
03-30 21:28:12.564   815  1239 I HalDevMgr: bestIfaceCreationProposal is null, requestIface=STA, existingIface=[name=wlan0 type=STA]
03-30 21:28:13.203   815  1247 D InetDiagMessage: Destroyed 0 sockets, proto=IPPROTO_TCP, family=AF_INET, states=14
03-30 21:28:13.205   815  1247 D InetDiagMessage: Destroyed 6 sockets, proto=IPPROTO_TCP, family=AF_INET6, states=14
03-30 21:28:13.206   815  1247 D InetDiagMessage: Destroyed live tcp sockets for uids={10228} in 3ms
03-30 21:28:13.206   815  1247 D InetDiagMessage: Destroyed 0 sockets, proto=IPPROTO_TCP, family=AF_INET, states=14
03-30 21:28:13.207   815  1247 D InetDiagMessage: Destroyed 0 sockets, proto=IPPROTO_TCP, family=AF_INET6, states=14
03-30 21:28:13.209   815  1247 D InetDiagMessage: Destroyed live tcp sockets for uids={20228} in 3ms
03-30 21:28:14.121   815  1239 I HalDevMgr: bestIfaceCreationProposal is null, requestIface=STA, existingIface=[name=wlan0 type=STA]
03-30 21:28:14.770   815   926 W NotificationService: Toast already killed. pkg=com.weejobs.app token=android.os.BinderProxy@2cc3c23
03-30 21:28:17.130   815  1239 I HalDevMgr: bestIfaceCreationProposal is null, requestIface=STA, existingIface=[name=wlan0 type=STA]
03-30 21:28:17.769 15491 15491 W libbinder.BackendUnifiedServiceManager: Thread Pool max thread count is 0. Cannot cache binder as linkToDeath cannot be implemented. serviceName: package
03-30 21:28:17.971  3343  8567 I artd    : GetBestInfo: odex next to the dex file (/data/app/~~l86ooHn3z7zjJPmRwuVyKA==/com.google.android.gms-mjvtrlLEHAA3R1GV5L8qqg==/oat/x86_64/base.odex) is kOatUpToDate with filter 'speed-profile' executable 'false'
03-30 21:28:17.976  3343  8567 I artd    : GetBestInfo: odex next to the dex file (/data/app/~~l86ooHn3z7zjJPmRwuVyKA==/com.google.android.gms-mjvtrlLEHAA3R1GV5L8qqg==/oat/x86_64/split_AdsDynamite_installtime.odex) is kOatUpToDate with filter 'speed' executable 'false'
03-30 21:28:17.978  3343  8567 I artd    : GetBestInfo: odex next to the dex file (/data/app/~~l86ooHn3z7zjJPmRwuVyKA==/com.google.android.gms-mjvtrlLEHAA3R1GV5L8qqg==/oat/x86_64/split_CronetDynamite_installtime.odex) is kOatUpToDate with filter 'speed' executable 'false'
03-30 21:28:17.980  3343  8567 I artd    : GetBestInfo: odex next to the dex file (/data/app/~~l86ooHn3z7zjJPmRwuVyKA==/com.google.android.gms-mjvtrlLEHAA3R1GV5L8qqg==/oat/x86_64/split_DynamiteLoader_installtime.odex) is kOatUpToDate with filter 'speed' executable 'false'
03-30 21:28:17.982  3343  8567 I artd    : GetBestInfo: odex next to the dex file (/data/app/~~l86ooHn3z7zjJPmRwuVyKA==/com.google.android.gms-mjvtrlLEHAA3R1GV5L8qqg==/oat/x86_64/split_DynamiteModulesA_installtime.odex) is kOatUpToDate with filter 'speed' executable 'false'
03-30 21:28:17.984  3343  8567 I artd    : GetBestInfo: odex next to the dex file (/data/app/~~l86ooHn3z7zjJPmRwuVyKA==/com.google.android.gms-mjvtrlLEHAA3R1GV5L8qqg==/oat/x86_64/split_DynamiteModulesC_installtime.odex) is kOatUpToDate with filter 'speed' executable 'false'
03-30 21:28:17.986  3343  8567 I artd    : GetBestInfo: odex next to the dex file (/data/app/~~l86ooHn3z7zjJPmRwuVyKA==/com.google.android.gms-mjvtrlLEHAA3R1GV5L8qqg==/oat/x86_64/split_GoogleCertificates_installtime.odex) is kOatUpToDate with filter 'speed' executable 'false'
03-30 21:28:17.988  3343  8567 I artd    : GetBestInfo: odex next to the dex file (/data/app/~~l86ooHn3z7zjJPmRwuVyKA==/com.google.android.gms-mjvtrlLEHAA3R1GV5L8qqg==/oat/x86_64/split_MapsDynamite_installtime.odex) is kOatUpToDate with filter 'speed' executable 'false'
03-30 21:28:17.990  3343  8567 I artd    : GetBestInfo: odex next to the dex file (/data/app/~~l86ooHn3z7zjJPmRwuVyKA==/com.google.android.gms-mjvtrlLEHAA3R1GV5L8qqg==/oat/x86_64/split_MeasurementDynamite_installtime.odex) is kOatUpToDate with filter 'speed' executable 'false'
03-30 21:28:17.992  3343  8567 I artd    : GetBestInfo: /data/user_de/0/com.google.android.gms/app_chimera/m/0000000d/dl-PlayCloudSearch.optional_253434100000.apk has no usable artifacts
03-30 21:28:17.994  3343  8567 I artd    : GetBestInfo: /data/user_de/0/com.google.android.gms/app_chimera/m/0000000c/dl-MlkitBarcodeUi.optional_253434100800.apk has no usable artifacts
03-30 21:28:17.995  3343  8567 I artd    : GetBestInfo: /data/user_de/0/com.google.android.gms/app_chimera/m/00000001/CronetDynamite.apk has no usable artifacts
03-30 21:28:17.998  3343  8567 I artd    : GetBestInfo: /data/user_de/0/com.google.android.gms/app_chimera/m/00000016/dl-MlkitOcrCommon.optional_261133100800.apk has no usable artifacts
03-30 21:28:18.001  3343  8567 I artd    : GetBestInfo: /data/user_de/0/com.google.android.gms/app_chimera/m/0000000e/dl-VisionOcr.optional_253434100000.apk has no usable artifacts
03-30 21:28:18.002  3343  8567 I artd    : GetBestInfo: /data/user_de/0/com.google.android.gms/app_chimera/m/00000002/DynamiteLoader.apk has no usable artifacts
03-30 21:28:18.004  3343  8567 I artd    : GetBestInfo: /data/user_de/0/com.google.android.gms/app_chimera/m/00000005/GoogleCertificates.apk has no usable artifacts
03-30 21:28:18.006  3343  8567 I artd    : GetBestInfo: /data/user_de/0/com.google.android.gms/app_chimera/m/00000012/dl-Appsearch.optional_261133100800.apk has no usable artifacts
03-30 21:28:18.010  3343  8567 I artd    : GetBestInfo: /data/user_de/0/com.google.android.gms/app_chimera/m/00000011/dl-PlayCloudSearch.optional_261133100000.apk has no usable artifacts
03-30 21:28:18.012  3343  8567 I artd    : GetBestInfo: /data/user_de/0/com.google.android.gms/app_chimera/m/00000015/dl-MlkitBarcodeUi.optional_261133100800.apk has no usable artifacts
03-30 21:28:18.016  3343  8567 I artd    : GetBestInfo: /data/user_de/0/com.google.android.gms/app_chimera/m/0000000a/dl-Appsearch.optional_253434100800.apk has no usable artifacts
03-30 21:28:18.018  3343  8567 I artd    : GetBestInfo: /data/user_de/0/com.google.android.gms/app_chimera/m/00000008/dl-TfliteDynamiteDynamite.integ_252130102100800.apk has no usable artifacts
03-30 21:28:18.022  3343  8567 I artd    : GetBestInfo: /data/user_de/0/com.google.android.gms/app_chimera/m/0000000f/dl-MlkitOcrCommon.optional_253434100800.apk has no usable artifacts
03-30 21:28:18.025  3343  8567 I artd    : GetBestInfo: /data/user_de/0/com.google.android.gms/app_chimera/m/00000010/dl-VisionOcr.optional_261133100000.apk has no usable artifacts
03-30 21:28:18.029  3343  8567 I artd    : GetBestInfo: vdex next to the dex file (/data/user/0/com.google.android.gms/app_dg_cache/BB2AE5A47BB198AF36C19CFD2B6407061A1BAF30/oat/x86_64/the.vdex) is kOatUpToDate with filter 'verify' executable 'false'
03-30 21:28:18.032  3343  8567 I artd    : GetBestInfo: /data/user_de/0/com.google.android.gms/app_chimera/m/00000007/MeasurementDynamite.apk has no usable artifacts
03-30 21:28:18.725   815   952 D ActivityManager: freezing 13979 com.android.vending
03-30 21:28:18.730   815  1247 D InetDiagMessage: Destroyed 0 sockets, proto=IPPROTO_TCP, family=AF_INET, states=14
03-30 21:28:18.731   815  1247 D InetDiagMessage: Destroyed 0 sockets, proto=IPPROTO_TCP, family=AF_INET6, states=14
03-30 21:28:18.731   815  1247 D InetDiagMessage: Destroyed live tcp sockets for uids={10153} in 1ms
03-30 21:28:18.911   815   952 D ActivityManager: freezing 13430 com.google.android.gms
03-30 21:28:20.134  1564  1564 I wpa_supplicant: wlan0: CTRL-EVENT-BEACON-LOSS 
03-30 21:28:20.148   815  1239 I HalDevMgr: bestIfaceCreationProposal is null, requestIface=STA, existingIface=[name=wlan0 type=STA]
03-30 21:28:21.750  1522  1586 D SatelliteController: iisInCarrierRoamingNbIotNtn: satellite is disabled
03-30 21:28:21.750  1522  1586 D SatelliteController: getCarrierRoamingNtnConnectType: Falling back to global carrier config connect type: 0
03-30 21:28:23.155   815  1239 I HalDevMgr: bestIfaceCreationProposal is null, requestIface=STA, existingIface=[name=wlan0 type=STA]
03-30 21:28:26.161   815  1239 I HalDevMgr: bestIfaceCreationProposal is null, requestIface=STA, existingIface=[name=wlan0 type=STA]
03-30 21:28:26.635   815  2681 W AppOps  : Noting op not finished: uid 10155 pkg com.google.android.gms code 113 startTime of in progress event=1774925196435
03-30 21:28:26.655   815  2208 W AppOps  : Noting op not finished: uid 10155 pkg com.google.android.gms code 79 startTime of in progress event=1774925278634
03-30 21:28:26.662  8555  8653 I ActivityScheduler: nextTriggerTime: 32674674, in 238100ms, detectorType: 39, FULL_TYPE alarmWindowMillis: 80000
03-30 21:28:27.636   815   924 W AppOps  : Noting op not finished: uid 10155 pkg com.google.android.gms code 113 startTime of in progress event=1774925196435
03-30 21:28:27.776 15501 15501 W libbinder.BackendUnifiedServiceManager: Thread Pool max thread count is 0. Cannot cache binder as linkToDeath cannot be implemented. serviceName: package
03-30 21:28:27.898  3343  8567 I artd    : GetBestInfo: odex next to the dex file (/data/app/~~l86ooHn3z7zjJPmRwuVyKA==/com.google.android.gms-mjvtrlLEHAA3R1GV5L8qqg==/oat/x86_64/base.odex) is kOatUpToDate with filter 'speed-profile' executable 'false'
03-30 21:28:27.903  3343  8567 I artd    : GetBestInfo: odex next to the dex file (/data/app/~~l86ooHn3z7zjJPmRwuVyKA==/com.google.android.gms-mjvtrlLEHAA3R1GV5L8qqg==/oat/x86_64/split_AdsDynamite_installtime.odex) is kOatUpToDate with filter 'speed' executable 'false'
03-30 21:28:27.906  3343  8567 I artd    : GetBestInfo: odex next to the dex file (/data/app/~~l86ooHn3z7zjJPmRwuVyKA==/com.google.android.gms-mjvtrlLEHAA3R1GV5L8qqg==/oat/x86_64/split_CronetDynamite_installtime.odex) is kOatUpToDate with filter 'speed' executable 'false'
03-30 21:28:27.911  3343  5937 I artd    : GetBestInfo: odex next to the dex file (/data/app/~~l86ooHn3z7zjJPmRwuVyKA==/com.google.android.gms-mjvtrlLEHAA3R1GV5L8qqg==/oat/x86_64/split_DynamiteLoader_installtime.odex) is kOatUpToDate with filter 'speed' executable 'false'
03-30 21:28:27.914  3343  5937 I artd    : GetBestInfo: odex next to the dex file (/data/app/~~l86ooHn3z7zjJPmRwuVyKA==/com.google.android.gms-mjvtrlLEHAA3R1GV5L8qqg==/oat/x86_64/split_DynamiteModulesA_installtime.odex) is kOatUpToDate with filter 'speed' executable 'false'
03-30 21:28:27.916  3343  5937 I artd    : GetBestInfo: odex next to the dex file (/data/app/~~l86ooHn3z7zjJPmRwuVyKA==/com.google.android.gms-mjvtrlLEHAA3R1GV5L8qqg==/oat/x86_64/split_DynamiteModulesC_installtime.odex) is kOatUpToDate with filter 'speed' executable 'false'
03-30 21:28:27.919  3343  5937 I artd    : GetBestInfo: odex next to the dex file (/data/app/~~l86ooHn3z7zjJPmRwuVyKA==/com.google.android.gms-mjvtrlLEHAA3R1GV5L8qqg==/oat/x86_64/split_GoogleCertificates_installtime.odex) is kOatUpToDate with filter 'speed' executable 'false'
03-30 21:28:27.922  3343  5937 I artd    : GetBestInfo: odex next to the dex file (/data/app/~~l86ooHn3z7zjJPmRwuVyKA==/com.google.android.gms-mjvtrlLEHAA3R1GV5L8qqg==/oat/x86_64/split_MapsDynamite_installtime.odex) is kOatUpToDate with filter 'speed' executable 'false'
03-30 21:28:27.925  3343  5937 I artd    : GetBestInfo: odex next to the dex file (/data/app/~~l86ooHn3z7zjJPmRwuVyKA==/com.google.android.gms-mjvtrlLEHAA3R1GV5L8qqg==/oat/x86_64/split_MeasurementDynamite_installtime.odex) is kOatUpToDate with filter 'speed' executable 'false'
03-30 21:28:27.927  3343  5937 I artd    : GetBestInfo: /data/user_de/0/com.google.android.gms/app_chimera/m/0000000d/dl-PlayCloudSearch.optional_253434100000.apk has no usable artifacts
03-30 21:28:27.931  3343  5937 I artd    : GetBestInfo: /data/user_de/0/com.google.android.gms/app_chimera/m/0000000c/dl-MlkitBarcodeUi.optional_253434100800.apk has no usable artifacts
03-30 21:28:27.933  3343  5937 I artd    : GetBestInfo: /data/user_de/0/com.google.android.gms/app_chimera/m/00000001/CronetDynamite.apk has no usable artifacts
03-30 21:28:27.934  3343  5937 I artd    : GetBestInfo: /data/user_de/0/com.google.android.gms/app_chimera/m/00000016/dl-MlkitOcrCommon.optional_261133100800.apk has no usable artifacts
03-30 21:28:27.938  3343  5937 I artd    : GetBestInfo: /data/user_de/0/com.google.android.gms/app_chimera/m/0000000e/dl-VisionOcr.optional_253434100000.apk has no usable artifacts
03-30 21:28:27.939  3343  5937 I artd    : GetBestInfo: /data/user_de/0/com.google.android.gms/app_chimera/m/00000002/DynamiteLoader.apk has no usable artifacts
03-30 21:28:27.941  3343  5937 I artd    : GetBestInfo: /data/user_de/0/com.google.android.gms/app_chimera/m/00000005/GoogleCertificates.apk has no usable artifacts
03-30 21:28:27.943  3343  5937 I artd    : GetBestInfo: /data/user_de/0/com.google.android.gms/app_chimera/m/00000012/dl-Appsearch.optional_261133100800.apk has no usable artifacts
03-30 21:28:27.946  3343  5937 I artd    : GetBestInfo: /data/user_de/0/com.google.android.gms/app_chimera/m/00000011/dl-PlayCloudSearch.optional_261133100000.apk has no usable artifacts
03-30 21:28:27.948  3343  5937 I artd    : GetBestInfo: /data/user_de/0/com.google.android.gms/app_chimera/m/00000015/dl-MlkitBarcodeUi.optional_261133100800.apk has no usable artifacts
03-30 21:28:27.951  3343  8567 I artd    : GetBestInfo: /data/user_de/0/com.google.android.gms/app_chimera/m/0000000a/dl-Appsearch.optional_253434100800.apk has no usable artifacts
03-30 21:28:27.954  3343  8567 I artd    : GetBestInfo: /data/user_de/0/com.google.android.gms/app_chimera/m/00000008/dl-TfliteDynamiteDynamite.integ_252130102100800.apk has no usable artifacts
03-30 21:28:27.957  3343  8567 I artd    : GetBestInfo: /data/user_de/0/com.google.android.gms/app_chimera/m/0000000f/dl-MlkitOcrCommon.optional_253434100800.apk has no usable artifacts
03-30 21:28:27.959  3343  5937 I artd    : GetBestInfo: /data/user_de/0/com.google.android.gms/app_chimera/m/00000010/dl-VisionOcr.optional_261133100000.apk has no usable artifacts
03-30 21:28:27.962  3343  5937 I artd    : GetBestInfo: vdex next to the dex file (/data/user/0/com.google.android.gms/app_dg_cache/BB2AE5A47BB198AF36C19CFD2B6407061A1BAF30/oat/x86_64/the.vdex) is kOatUpToDate with filter 'verify' executable 'false'
03-30 21:28:27.963  3343  5937 I artd    : GetBestInfo: /data/user_de/0/com.google.android.gms/app_chimera/m/00000007/MeasurementDynamite.apk has no usable artifacts
03-30 21:28:28.070  1564  1564 I wpa_supplicant: wlan0: CTRL-EVENT-BEACON-LOSS 
03-30 21:28:29.171   815  1239 I HalDevMgr: bestIfaceCreationProposal is null, requestIface=STA, existingIface=[name=wlan0 type=STA]
03-30 21:28:30.257   815   952 D ActivityManager: freezing 13401 com.google.android.apps.wellbeing
03-30 21:28:30.259   815  1247 D InetDiagMessage: Destroyed 0 sockets, proto=IPPROTO_TCP, family=AF_INET, states=14
03-30 21:28:30.260   815  1247 D InetDiagMessage: Destroyed 0 sockets, proto=IPPROTO_TCP, family=AF_INET6, states=14
03-30 21:28:30.260   815  1247 D InetDiagMessage: Destroyed live tcp sockets for uids={10159} in 2ms
03-30 21:28:30.599   815   952 D ActivityManager: freezing 14297 com.android.keychain
03-30 21:28:31.750  1522  1586 D SatelliteController: iisInCarrierRoamingNbIotNtn: satellite is disabled
03-30 21:28:31.750  1522  1586 D SatelliteController: getCarrierRoamingNtnConnectType: Falling back to global carrier config connect type: 0
03-30 21:28:32.180   815  1239 I HalDevMgr: bestIfaceCreationProposal is null, requestIface=STA, existingIface=[name=wlan0 type=STA]
03-30 21:28:35.188   815  1239 I HalDevMgr: bestIfaceCreationProposal is null, requestIface=STA, existingIface=[name=wlan0 type=STA]
03-30 21:28:36.005  1564  1564 I wpa_supplicant: wlan0: CTRL-EVENT-BEACON-LOSS 
03-30 21:28:36.071 15412 15422 W System  : A resource failed to call close. 
03-30 21:28:36.071 15412 15422 W System  : A resource failed to call close. 
03-30 21:28:37.779 15507 15507 W libbinder.BackendUnifiedServiceManager: Thread Pool max thread count is 0. Cannot cache binder as linkToDeath cannot be implemented. serviceName: package
03-30 21:28:37.888   815   826 I system_server: Background young concurrent mark compact GC freed 23MB AllocSpace bytes, 7(132KB) LOS objects, 39% free, 34MB/56MB, paused 6.721ms,3.800ms total 89.457ms
03-30 21:28:37.944  3343  5937 I artd    : GetBestInfo: odex next to the dex file (/data/app/~~l86ooHn3z7zjJPmRwuVyKA==/com.google.android.gms-mjvtrlLEHAA3R1GV5L8qqg==/oat/x86_64/base.odex) is kOatUpToDate with filter 'speed-profile' executable 'false'
03-30 21:28:37.950  3343  5937 I artd    : GetBestInfo: odex next to the dex file (/data/app/~~l86ooHn3z7zjJPmRwuVyKA==/com.google.android.gms-mjvtrlLEHAA3R1GV5L8qqg==/oat/x86_64/split_AdsDynamite_installtime.odex) is kOatUpToDate with filter 'speed' executable 'false'
03-30 21:28:37.954  3343  5937 I artd    : GetBestInfo: odex next to the dex file (/data/app/~~l86ooHn3z7zjJPmRwuVyKA==/com.google.android.gms-mjvtrlLEHAA3R1GV5L8qqg==/oat/x86_64/split_CronetDynamite_installtime.odex) is kOatUpToDate with filter 'speed' executable 'false'
03-30 21:28:37.957  3343  5937 I artd    : GetBestInfo: odex next to the dex file (/data/app/~~l86ooHn3z7zjJPmRwuVyKA==/com.google.android.gms-mjvtrlLEHAA3R1GV5L8qqg==/oat/x86_64/split_DynamiteLoader_installtime.odex) is kOatUpToDate with filter 'speed' executable 'false'
03-30 21:28:37.959  3343  5937 I artd    : GetBestInfo: odex next to the dex file (/data/app/~~l86ooHn3z7zjJPmRwuVyKA==/com.google.android.gms-mjvtrlLEHAA3R1GV5L8qqg==/oat/x86_64/split_DynamiteModulesA_installtime.odex) is kOatUpToDate with filter 'speed' executable 'false'
03-30 21:28:37.962  3343  5937 I artd    : GetBestInfo: odex next to the dex file (/data/app/~~l86ooHn3z7zjJPmRwuVyKA==/com.google.android.gms-mjvtrlLEHAA3R1GV5L8qqg==/oat/x86_64/split_DynamiteModulesC_installtime.odex) is kOatUpToDate with filter 'speed' executable 'false'
03-30 21:28:37.965  3343  5937 I artd    : GetBestInfo: odex next to the dex file (/data/app/~~l86ooHn3z7zjJPmRwuVyKA==/com.google.android.gms-mjvtrlLEHAA3R1GV5L8qqg==/oat/x86_64/split_GoogleCertificates_installtime.odex) is kOatUpToDate with filter 'speed' executable 'false'
03-30 21:28:37.967  3343  5937 I artd    : GetBestInfo: odex next to the dex file (/data/app/~~l86ooHn3z7zjJPmRwuVyKA==/com.google.android.gms-mjvtrlLEHAA3R1GV5L8qqg==/oat/x86_64/split_MapsDynamite_installtime.odex) is kOatUpToDate with filter 'speed' executable 'false'
03-30 21:28:37.970  3343  5937 I artd    : GetBestInfo: odex next to the dex file (/data/app/~~l86ooHn3z7zjJPmRwuVyKA==/com.google.android.gms-mjvtrlLEHAA3R1GV5L8qqg==/oat/x86_64/split_MeasurementDynamite_installtime.odex) is kOatUpToDate with filter 'speed' executable 'false'
03-30 21:28:37.974  3343  5937 I artd    : GetBestInfo: /data/user_de/0/com.google.android.gms/app_chimera/m/0000000d/dl-PlayCloudSearch.optional_253434100000.apk has no usable artifacts
03-30 21:28:37.977  3343  5937 I artd    : GetBestInfo: /data/user_de/0/com.google.android.gms/app_chimera/m/0000000c/dl-MlkitBarcodeUi.optional_253434100800.apk has no usable artifacts
03-30 21:28:37.978  3343  5937 I artd    : GetBestInfo: /data/user_de/0/com.google.android.gms/app_chimera/m/00000001/CronetDynamite.apk has no usable artifacts
03-30 21:28:37.981  3343  5937 I artd    : GetBestInfo: /data/user_de/0/com.google.android.gms/app_chimera/m/00000016/dl-MlkitOcrCommon.optional_261133100800.apk has no usable artifacts
03-30 21:28:37.984  3343  8567 I artd    : GetBestInfo: /data/user_de/0/com.google.android.gms/app_chimera/m/0000000e/dl-VisionOcr.optional_253434100000.apk has no usable artifacts
03-30 21:28:37.986  3343  8567 I artd    : GetBestInfo: /data/user_de/0/com.google.android.gms/app_chimera/m/00000002/DynamiteLoader.apk has no usable artifacts
03-30 21:28:37.986  3343  8567 I artd    : GetBestInfo: /data/user_de/0/com.google.android.gms/app_chimera/m/00000005/GoogleCertificates.apk has no usable artifacts
03-30 21:28:37.988  3343  8567 I artd    : GetBestInfo: /data/user_de/0/com.google.android.gms/app_chimera/m/00000012/dl-Appsearch.optional_261133100800.apk has no usable artifacts
03-30 21:28:37.990  3343  8567 I artd    : GetBestInfo: /data/user_de/0/com.google.android.gms/app_chimera/m/00000011/dl-PlayCloudSearch.optional_261133100000.apk has no usable artifacts
03-30 21:28:37.992  3343  8567 I artd    : GetBestInfo: /data/user_de/0/com.google.android.gms/app_chimera/m/00000015/dl-MlkitBarcodeUi.optional_261133100800.apk has no usable artifacts
03-30 21:28:37.994  3343  8567 I artd    : GetBestInfo: /data/user_de/0/com.google.android.gms/app_chimera/m/0000000a/dl-Appsearch.optional_253434100800.apk has no usable artifacts
03-30 21:28:37.996  3343  8567 I artd    : GetBestInfo: /data/user_de/0/com.google.android.gms/app_chimera/m/00000008/dl-TfliteDynamiteDynamite.integ_252130102100800.apk has no usable artifacts
03-30 21:28:37.999  3343  8567 I artd    : GetBestInfo: /data/user_de/0/com.google.android.gms/app_chimera/m/0000000f/dl-MlkitOcrCommon.optional_253434100800.apk has no usable artifacts
03-30 21:28:38.002  3343  8567 I artd    : GetBestInfo: /data/user_de/0/com.google.android.gms/app_chimera/m/00000010/dl-VisionOcr.optional_261133100000.apk has no usable artifacts
03-30 21:28:38.004  3343  8567 I artd    : GetBestInfo: vdex next to the dex file (/data/user/0/com.google.android.gms/app_dg_cache/BB2AE5A47BB198AF36C19CFD2B6407061A1BAF30/oat/x86_64/the.vdex) is kOatUpToDate with filter 'verify' executable 'false'
03-30 21:28:38.006  3343  8567 I artd    : GetBestInfo: /data/user_de/0/com.google.android.gms/app_chimera/m/00000007/MeasurementDynamite.apk has no usable artifacts
03-30 21:28:38.195   815  1239 I HalDevMgr: bestIfaceCreationProposal is null, requestIface=STA, existingIface=[name=wlan0 type=STA]
03-30 21:28:40.730   815   837 I EntropyMixer: Updated seed file
03-30 21:28:41.203   815  1239 I HalDevMgr: bestIfaceCreationProposal is null, requestIface=STA, existingIface=[name=wlan0 type=STA]
03-30 21:28:41.748  1522  1586 D SatelliteController: iisInCarrierRoamingNbIotNtn: satellite is disabled
03-30 21:28:41.748  1522  1586 D SatelliteController: getCarrierRoamingNtnConnectType: Falling back to global carrier config connect type: 0
03-30 21:28:43.940  1564  1564 I wpa_supplicant: wlan0: CTRL-EVENT-BEACON-LOSS 
03-30 21:28:44.213   815  1239 I HalDevMgr: bestIfaceCreationProposal is null, requestIface=STA, existingIface=[name=wlan0 type=STA]
03-30 21:28:47.219   815  1239 I HalDevMgr: bestIfaceCreationProposal is null, requestIface=STA, existingIface=[name=wlan0 type=STA]
03-30 21:28:47.523   815   943 I UsageStatsService: User[0] Flushing usage stats to disk
03-30 21:28:47.602   815  1292 D BackgroundInstallControlService: Package event received: 0
03-30 21:28:47.799 15516 15516 W libbinder.BackendUnifiedServiceManager: Thread Pool max thread count is 0. Cannot cache binder as linkToDeath cannot be implemented. serviceName: package
03-30 21:28:47.925  3343  8567 I artd    : GetBestInfo: odex next to the dex file (/data/app/~~l86ooHn3z7zjJPmRwuVyKA==/com.google.android.gms-mjvtrlLEHAA3R1GV5L8qqg==/oat/x86_64/base.odex) is kOatUpToDate with filter 'speed-profile' executable 'false'
03-30 21:28:47.931  3343  8567 I artd    : GetBestInfo: odex next to the dex file (/data/app/~~l86ooHn3z7zjJPmRwuVyKA==/com.google.android.gms-mjvtrlLEHAA3R1GV5L8qqg==/oat/x86_64/split_AdsDynamite_installtime.odex) is kOatUpToDate with filter 'speed' executable 'false'
03-30 21:28:47.934  3343  8567 I artd    : GetBestInfo: odex next to the dex file (/data/app/~~l86ooHn3z7zjJPmRwuVyKA==/com.google.android.gms-mjvtrlLEHAA3R1GV5L8qqg==/oat/x86_64/split_CronetDynamite_installtime.odex) is kOatUpToDate with filter 'speed' executable 'false'
03-30 21:28:47.936  3343  8567 I artd    : GetBestInfo: odex next to the dex file (/data/app/~~l86ooHn3z7zjJPmRwuVyKA==/com.google.android.gms-mjvtrlLEHAA3R1GV5L8qqg==/oat/x86_64/split_DynamiteLoader_installtime.odex) is kOatUpToDate with filter 'speed' executable 'false'
