03-30 21:27:54.873 15355 15355 I AconfigPackage: com.android.art.rw.flags is mapped to com.android.art
03-30 21:27:54.873 15355 15355 I AconfigPackage: com.android.libcore is mapped to com.android.art
03-30 21:27:54.875 15355 15355 I AconfigPackage: com.android.telephony.flags is mapped to com.android.telephonycore
03-30 21:27:54.876 15355 15355 I AconfigPackage: com.android.media.extractor.flags is mapped to com.android.media
03-30 21:27:54.876 15355 15355 I AconfigPackage: com.android.media.mainline.flags is mapped to com.android.media
03-30 21:27:54.878 15355 15355 I AconfigPackage: com.android.wifi.flags is mapped to com.android.wifi
03-30 21:27:54.881 15355 15355 I AconfigPackage: com.android.org.conscrypt.flags is mapped to com.android.conscrypt
03-30 21:27:54.881 15355 15355 I AconfigPackage: com.android.org.conscrypt.net.flags is mapped to com.android.conscrypt
03-30 21:27:54.882 15355 15355 I AconfigPackage: com.android.healthfitness.flags is mapped to com.android.healthfitness
03-30 21:27:54.885 15355 15355 I AconfigPackage: com.android.ipsec.flags is mapped to com.android.ipsec
03-30 21:27:54.887 15355 15355 I AconfigPackage: com.android.nfc.module.flags is mapped to com.android.nfcservices
03-30 21:27:54.889 15355 15355 I AconfigPackage: com.android.adservices.ondevicepersonalization.flags is mapped to com.android.ondevicepersonalization
03-30 21:27:54.891 15355 15355 I AconfigPackage: com.android.adbd.flags is mapped to com.android.adbd
03-30 21:27:54.894 15355 15355 I AconfigPackage: com.android.bluetooth.flags is mapped to com.android.bt
03-30 21:27:54.897 15355 15355 I AconfigPackage: com.android.devicelock.flags is mapped to com.android.devicelock
03-30 21:27:54.899 15355 15355 I AconfigPackage: android.os.profiling is mapped to com.android.profiling
03-30 21:27:54.900 15355 15355 I AconfigPackage: android.os.profiling.anomaly.flags is mapped to com.android.profiling
03-30 21:27:54.901 15355 15355 I AconfigPackage: com.android.os.statsd.flags is mapped to com.android.os.statsd
03-30 21:27:54.903 15355 15355 I AconfigPackage: com.android.rkpd.flags is mapped to com.android.rkpd
03-30 21:27:54.906 15355 15355 I AconfigPackage: com.android.cellbroadcastreceiver.flags is mapped to com.android.cellbroadcast
03-30 21:27:54.908 15355 15355 I AconfigPackage: com.android.adservices.flags is mapped to com.android.adservices
03-30 21:27:54.908 15355 15355 I AconfigPackage: com.android.sdksandbox.flags is mapped to com.android.adservices
03-30 21:27:54.910 15355 15355 I AconfigPackage: com.android.uwb.flags is mapped to com.android.uwb
03-30 21:27:54.910 15355 15355 I AconfigPackage: com.android.ranging.flags is mapped to com.android.uwb
03-30 21:27:54.912 15355 15355 I AconfigPackage: android.graphics.pdf.flags is mapped to com.android.mediaprovider
03-30 21:27:54.913 15355 15355 I AconfigPackage: com.android.providers.media.flags is mapped to com.android.mediaprovider
03-30 21:27:54.913 15355 15355 I AconfigPackage: android.graphics.pdf.flags.readonly is mapped to com.android.mediaprovider
03-30 21:27:54.914 15355 15355 I AconfigPackage: com.android.tethering.mainline.beta is mapped to com.android.tethering
03-30 21:27:54.915 15355 15355 I AconfigPackage: android.net.http is mapped to com.android.tethering
03-30 21:27:54.915 15355 15355 I AconfigPackage: com.android.tethering.readonly.flags is mapped to com.android.tethering
03-30 21:27:54.915 15355 15355 I AconfigPackage: android.net.vcn is mapped to com.android.tethering
03-30 21:27:54.915 15355 15355 I AconfigPackage: com.android.net.flags is mapped to com.android.tethering
03-30 21:27:54.915 15355 15355 I AconfigPackage: com.android.tethering.beta.test is mapped to com.android.tethering
03-30 21:27:54.915 15355 15355 I AconfigPackage: com.android.nearby.flags is mapped to com.android.tethering
03-30 21:27:54.915 15355 15355 I AconfigPackage: com.android.net.ct.flags is mapped to com.android.tethering
03-30 21:27:54.915 15355 15355 I AconfigPackage: com.android.net.thread.flags is mapped to com.android.tethering
03-30 21:27:54.918 15355 15355 I AconfigPackage: com.android.system.virtualmachine.flags is mapped to com.android.virt
03-30 21:27:54.918 15355 15355 E FeatureFlagsImplExport: android.os.flagging.AconfigStorageReadException: ERROR_PACKAGE_NOT_FOUND: package android.xr cannot be found on the device
03-30 21:27:54.965 15355 15355 W Monkey  :  arg: "-p"
03-30 21:27:54.965 15355 15355 W Monkey  :  arg: "com.weejobs.app"
03-30 21:27:54.965 15355 15355 W Monkey  :  arg: "-c"
03-30 21:27:54.966 15355 15355 W Monkey  :  arg: "android.intent.category.LAUNCHER"
03-30 21:27:54.966 15355 15355 W Monkey  :  arg: "1"
03-30 21:27:54.966 15355 15355 W Monkey  : data="com.weejobs.app"
03-30 21:27:54.966 15355 15355 W Monkey  : data="android.intent.category.LAUNCHER"
03-30 21:27:54.997   815   964 D EventHub: No input device configuration file found for device 'Monkey touch'.
03-30 21:27:55.012   815   964 I EventHub: usingClockIoctl=true
03-30 21:27:55.013   815   964 I EventHub: New device: id=46, fd=586, path='/dev/input/event14', name='Monkey touch', classes=TOUCH | TOUCH_MT, configuration='', keyLayout='', keyCharacterMap='', builtinKeyboard=false, 
03-30 21:27:55.106   815   964 I InputReader: Device reconfigured: id=46, name='Monkey touch', size 1080x2400, orientation Rotation0, mode DIRECT, display id 0
03-30 21:27:55.108   815   964 I InputReader: Device added: id=46, eventHubId=46, name='Monkey touch', descriptor='e1fe28b90f915c7d1febbd52c1ef84b3c4cbed9f',sources=TOUCHSCREEN
03-30 21:27:55.234   815   926 W ActivityManager: registerReceiverWithFeature: no app for null
03-30 21:27:55.278   815  2208 W ActivityTaskManager: callingPackage for (uid=2000, pid=15355) has no WPC
03-30 21:27:55.283   815  2208 V WindowManager: DesktopModeLaunchParamsModifier: phase= 0 task=null activity=null display-area-from-current-params=null display-area-from-default-fallback=DefaultTaskDisplayArea@146451114 display-id=0 task-display-area-windowing-mode=1 suggested-display-area=DefaultTaskDisplayArea@146451114 task null, skipping
03-30 21:27:55.283   815  2208 V WindowManager: TaskLaunchParamsModifier:phase=0 task=null activity=null display-area-from-current-params=null display-area-from-default-fallback=DefaultTaskDisplayArea@146451114 display-id=0 task-display-area-windowing-mode=1 suggested-display-area=DefaultTaskDisplayArea@146451114
03-30 21:27:55.297   815  2208 V GrammaticalInflectionUtils: AttributionSource: android.content.AttributionSource@a8b12c4b does not have READ_SYSTEM_GRAMMATICAL_GENDER permission.
03-30 21:27:55.309   815  2208 V WindowManager: DesktopModeLaunchParamsModifier: phase= 0 task=null activity=ActivityRecord{238031790 u0 com.weejobs.app/.MainActivity display-area-from-current-params=null display-area-from-default-fallback=DefaultTaskDisplayArea@146451114 display-id=0 task-display-area-windowing-mode=1 suggested-display-area=DefaultTaskDisplayArea@146451114 task null, skipping
03-30 21:27:55.311   815  2208 V WindowManager: TaskLaunchParamsModifier:phase=0 task=null activity=ActivityRecord{238031790 u0 com.weejobs.app/.MainActivity t-1} display-area-from-current-params=null display-area-from-default-fallback=DefaultTaskDisplayArea@146451114 display-id=0 task-display-area-windowing-mode=1 suggested-display-area=DefaultTaskDisplayArea@146451114
03-30 21:27:55.313   815  2208 V WindowManager: DesktopModeLaunchParamsModifier: phase= 3 task=null activity=ActivityRecord{238031790 u0 com.weejobs.app/.MainActivity t-1} display-area-from-current-params=null display-area-from-default-fallback=DefaultTaskDisplayArea@146451114 display-id=0 task-display-area-windowing-mode=1 suggested-display-area=DefaultTaskDisplayArea@146451114 task null, skipping
03-30 21:27:55.315   815  2208 V WindowManager: TaskLaunchParamsModifier:phase=3 task=null activity=ActivityRecord{238031790 u0 com.weejobs.app/.MainActivity t-1} display-area-from-current-params=null display-area-from-default-fallback=DefaultTaskDisplayArea@146451114 display-id=0 task-display-area-windowing-mode=1 suggested-display-area=DefaultTaskDisplayArea@146451114 non-freeform-task-display-area display-area=DefaultTaskDisplayArea@146451114 skip-bounds-fullscreen
03-30 21:27:55.328   815  2208 V WindowManager: DesktopModeLaunchParamsModifier: phase= 3 task=Task{70b954f #63 type=standard A=10227:com.weejobs.app} activity=ActivityRecord{238031790 u0 com.weejobs.app/.MainActivity t-1} display-from-task=0 display-id=0 task-display-area-windowing-mode=1 suggested-display-area=DefaultTaskDisplayArea@146451114 not entering desktop mode, skipping
03-30 21:27:55.330   815  2208 V WindowManager: TaskLaunchParamsModifier:phase=3 task=Task{70b954f #63 type=standard A=10227:com.weejobs.app} activity=ActivityRecord{238031790 u0 com.weejobs.app/.MainActivity t-1} display-from-task=0 display-id=0 task-display-area-windowing-mode=1 suggested-display-area=DefaultTaskDisplayArea@146451114 inherit-from-task=fullscreen non-freeform-task-display-area display-area=DefaultTaskDisplayArea@146451114 skip-bounds-fullscreen
03-30 21:27:55.357   815  2208 I ActivityTaskManager: START u0 {act=android.intent.action.MAIN cat=[android.intent.category.LAUNCHER] flg=0x10200000 cmp=com.weejobs.app/.MainActivity} with LAUNCH_SINGLE_TASK from uid 2000 (com.android.shell) (BAL_ALLOW_PERMISSION) result code=0
03-30 21:27:55.361 15355 15355 I Monkey  : Events injected: 1
03-30 21:27:55.366  1636  1636 D RecentsView: onTaskDisplayChanged: 63, new displayId = 0
03-30 21:27:55.371 13372 13458 D SessionLifecycleClient: Sending lifecycle 2 to service
03-30 21:27:55.371 13372 13589 D SessionLifecycleService: Activity backgrounding at 32405283
03-30 21:27:55.379   815   925 I AppsFilter: interaction: PackageSetting{324f4bb com.android.microdroid.empty_payload/10207} -> PackageSetting{f16376b com.weejobs.app/10227} BLOCKED
03-30 21:27:55.388   815   838 V GrammaticalInflectionUtils: AttributionSource: android.content.AttributionSource@a8b12c4b does not have READ_SYSTEM_GRAMMATICAL_GENDER permission.
03-30 21:27:55.397  1337  1429 V WindowManagerShell: Transition requested (#126): android.os.BinderProxy@201fe4c TransitionRequestInfo { type = OPEN, triggerTask = TaskInfo{userId=0 taskId=63 effectiveUid=10227 displayId=0 isRunning=true baseIntent=Intent { act=android.intent.action.MAIN cat=[android.intent.category.LAUNCHER] flg=0x10200000 cmp=com.weejobs.app/.MainActivity } baseActivity=ComponentInfo{com.weejobs.app/com.weejobs.app.MainActivity} topActivity=ComponentInfo{com.weejobs.app/com.weejobs.app.MainActivity} origActivity=null realActivity=ComponentInfo{com.weejobs.app/com.weejobs.app.MainActivity} numActivities=1 lastActiveTime=32405266 supportsMultiWindow=true resizeMode=1 isResizeable=true minWidth=-1 minHeight=-1 defaultMinSize=220 token=WCT{android.os.BinderProxy@11c9e95} topActivityType=1 pictureInPictureParams=null shouldDockBigOverlays=false launchIntoPipHostTaskId=-1 lastParentTaskIdBeforePip=-1 displayCutoutSafeInsets=Rect(0, 0 - 0, 0) topActivityInfo=ActivityInfo{dbf1baa com.weejobs.app.MainActivity} launchCookies=[] positionInParent=Point(0, 0) parentTaskId=-1 isFocused=false isVisible=false isVisibleRequested=false isTopActivityNoDisplay=false isSleeping=false locusId=null displayAreaFeatureId=1 isTopActivityTransparent=false isActivityStackTransparent=false lastNonFullscreenBounds=null capturedLink=null capturedLinkTimestamp=0 requestedVisibleTypes=503 topActivityRequestOpenInBrowserEducationTimestamp=0 appCompatTaskInfo=AppCompatTaskInfo { topActivityInSizeCompat=false isLeafTask= true eligibleForLetterboxEducation= false isLetterboxEducationEnabled= true isLetterboxDoubleTapEnabled= false eligibleForUserAspectRatioButton= false topActivityBoundsLetterboxed= false isFromLetterboxDoubleTap= false topActivityLetterboxVerticalPosition= -1 topActivityLetterboxHorizontalPosition= -1 topActivityLetterboxWidth=-1 topActivityLetterboxHeight=-1 topActivityAppBounds=Rect(0, 0 - 1080, 2400) isUserFullscreenOverrideEnabled=false isSystemFullscreenOverrideEnabled=false hasMinAspectRatioOverride=false topActivityLetterboxBounds=null cameraCompatTaskInfo=CameraCompatTaskInfo { cameraCompatMode=undefinedundefined} topNonResizableActivityAspectRatio=-1.0} topActivityMainWindowFrame=null isAppBubble=false}, pipChange = null, remoteTransition = null, displayChange = null, requestedLocation = null, userChange = null, windowingLayerChange = null, flags = 0, debugId = 126 }
03-30 21:27:55.409  1337  1429 D ShellSplitScreen: logExit: no-op, mLoggerSessionId is null
03-30 21:27:55.415   815   925 D CompatChangeReporter: Compat change id reported: 377864165; UID 10227; state: ENABLED
03-30 21:27:55.416 15355 15355 I Monkey  : ## Network stats: elapsed time=133ms (0ms mobile, 0ms wifi, 133ms not connected)
03-30 21:27:55.417  1337  1429 V ShellDesktopMode: DesktopTasksController: handleRequest request=TransitionRequestInfo { type = OPEN, triggerTask = TaskInfo{userId=0 taskId=63 effectiveUid=10227 displayId=0 isRunning=true baseIntent=Intent { act=android.intent.action.MAIN cat=[android.intent.category.LAUNCHER] flg=0x10200000 cmp=com.weejobs.app/.MainActivity } baseActivity=ComponentInfo{com.weejobs.app/com.weejobs.app.MainActivity} topActivity=ComponentInfo{com.weejobs.app/com.weejobs.app.MainActivity} origActivity=null realActivity=ComponentInfo{com.weejobs.app/com.weejobs.app.MainActivity} numActivities=1 lastActiveTime=32405266 supportsMultiWindow=true resizeMode=1 isResizeable=true minWidth=-1 minHeight=-1 defaultMinSize=220 token=WCT{android.os.BinderProxy@11c9e95} topActivityType=1 pictureInPictureParams=null shouldDockBigOverlays=false launchIntoPipHostTaskId=-1 lastParentTaskIdBeforePip=-1 displayCutoutSafeInsets=Rect(0, 0 - 0, 0) topActivityInfo=ActivityInfo{dbf1baa com.weejobs.app.MainActivity} launchCookies=[] positionInParent=Point(0, 0) parentTaskId=-1 isFocused=false isVisible=false isVisibleRequested=false isTopActivityNoDisplay=false isSleeping=false locusId=null displayAreaFeatureId=1 isTopActivityTransparent=false isActivityStackTransparent=false lastNonFullscreenBounds=null capturedLink=null capturedLinkTimestamp=0 requestedVisibleTypes=503 topActivityRequestOpenInBrowserEducationTimestamp=0 appCompatTaskInfo=AppCompatTaskInfo { topActivityInSizeCompat=false isLeafTask= true eligibleForLetterboxEducation= false isLetterboxEducationEnabled= true isLetterboxDoubleTapEnabled= false eligibleForUserAspectRatioButton= false topActivityBoundsLetterboxed= false isFromLetterboxDoubleTap= false topActivityLetterboxVerticalPosition= -1 topActivityLetterboxHorizontalPosition= -1 topActivityLetterboxWidth=-1 topActivityLetterboxHeight=-1 topActivityAppBounds=Rect(0, 0 - 1080, 2400) isUserFullscreenOverrideEnabled=false isSystemFullscreenOverrideEnabled=false hasMinAspectRatioOverride=false topActivityLetterboxBounds=null cameraCompatTaskInfo=CameraCompatTaskInfo { cameraCompatMode=undefinedundefined} topNonResizableActivityAspectRatio=-1.0} topActivityMainWindowFrame=null isAppBubble=false}, pipChange = null, remoteTransition = null, displayChange = null, requestedLocation = null, userChange = null, windowingLayerChange = null, flags = 0, debugId = 126 }
03-30 21:27:55.421 15355 15355 I app_process: System.exit called, status: 0
03-30 21:27:55.423 15355 15355 I AndroidRuntime: VM exiting with result code 0.
03-30 21:27:55.423  1337  1429 V ShellDesktopMode: DesktopTasksController: skipping handleRequest reason=triggerTask's display doesn't support desktop mode
03-30 21:27:55.438   815  1292 D BackgroundInstallControlService: Package event received: 0
03-30 21:27:55.452   815   964 I EventHub: Removing device Monkey touch due to epoll hang-up event.
03-30 21:27:55.452   815   964 I EventHub: Removed device: path=/dev/input/event14 name=Monkey touch id=46 fd=586 classes=TOUCH | TOUCH_MT
03-30 21:27:55.472  1337  1429 D ShellDesktopMode: DesktopRepository: Removes freeform task: taskId=62
03-30 21:27:55.472  1337  1429 W ShellDesktopMode: DesktopRepository: No display id found for task: taskId=62
03-30 21:27:55.472   651   662 I libbinder.BpBinder: onLastStrongRef automatically unlinking death recipients for descriptor: '(not cached)'
03-30 21:27:55.473   815   964 I InputReader: Device removed: id=46, eventHubId=46, name='Monkey touch', descriptor='e1fe28b90f915c7d1febbd52c1ef84b3c4cbed9f', sources=TOUCHSCREEN
03-30 21:27:55.480  1337  1429 V ShellDesktopMode: DesktopDisplayModeController: canDesktopFirstModeBeEnabledOnDefaultDisplay: isDefaultDisplayDesktopEligible=false
03-30 21:27:55.486  1636  1636 D b/417220811: invalidateLoadedTasks - previous requestLoadId: -1
03-30 21:27:55.486  1636  1636 D b/417220811: invalidateLoadedTasks - previous requestLoadId: -1
03-30 21:27:55.499  1337  1477 D WindowOnBackDispatcher: setTopOnBackInvokedCallback (unwrapped): android.view.ViewRootImpl$$ExternalSyntheticLambda12@28456f
03-30 21:27:55.499   815   924 D CoreBackPreview: Window{b490136 u0 Splash Screen com.weejobs.app}: Setting back callback OnBackInvokedCallbackInfo{mCallback=android.window.IOnBackInvokedCallback$Stub$Proxy@fb411a4, mPriority=0, mIsAnimationCallback=false, mOverrideBehavior=0}
03-30 21:27:55.518  8754  8754 I PkDeviceHelper: PkDeviceHelper.refreshDevices():93 refreshing devices
03-30 21:27:55.523   579   579 D Zygote  : Forked child process 15412
03-30 21:27:55.528  8754  8754 I PkDeviceHelper: PkDeviceHelper.addDevice():133 device qwerty2 added
03-30 21:27:55.534  8754  8754 I PkDeviceHelper: PkDeviceHelper.addDevice():133 device AT Translated Set 2 keyboard added
03-30 21:27:55.537   815   846 W ActivityManager: Slow operation: 148ms so far, now at startProcess: returned from zygote!
03-30 21:27:55.538   815   964 I EventHub: Removing device '/dev/input/event14' due to inotify event
03-30 21:27:55.547   815   846 W ActivityManager: Slow operation: 158ms so far, now at startProcess: done updating battery stats
03-30 21:27:55.547   815   846 W ActivityManager: Slow operation: 158ms so far, now at startProcess: building log message
03-30 21:27:55.547   815   846 I ActivityManager: Start proc 15412:com.weejobs.app/u0a227 for next-top-activity {com.weejobs.app/com.weejobs.app.MainActivity}
03-30 21:27:55.547   815   846 W ActivityManager: Slow operation: 158ms so far, now at startProcess: starting to update pids map
03-30 21:27:55.557   815   846 W ActivityManager: Slow operation: 169ms so far, now at startProcess: done updating pids map
03-30 21:27:55.563  1337  1429 V ShellDesktopMode: DesktopDisplayModeController: canDesktopFirstModeBeEnabledOnDefaultDisplay: isDefaultDisplayDesktopEligible=false
03-30 21:27:55.563  1636  1636 D b/417220811: invalidateLoadedTasks - previous requestLoadId: -1
03-30 21:27:55.567  8754  8754 I PkDeviceHelper: PkDeviceHelper.refreshDevices():93 refreshing devices
03-30 21:27:55.568  8754  8754 I PkDeviceHelper: PkDeviceHelper.addDevice():133 device qwerty2 added
03-30 21:27:55.568  8754  8754 I PkDeviceHelper: PkDeviceHelper.addDevice():133 device AT Translated Set 2 keyboard added
03-30 21:27:55.581  1337  1337 D NavigationModeController: getCurrentUserContext: contextUser=0 currentUser=0
03-30 21:27:55.606   815   838 W PermissionService: getPermissionFlags: Unknown user -1
03-30 21:27:55.606   815   838 W PermissionService: getPermissionFlags: Unknown user -1
03-30 21:27:55.645  1337  1617 V WindowManagerShell: onTransitionReady(transaction=3500398359068)
03-30 21:27:55.645 13430 15354 D AdvertisingIdClient: AdvertisingIdClient already created.
03-30 21:27:55.645 13430 15354 D AdvertisingIdClient: AdvertisingIdClient is not bounded. Starting to bind it...
03-30 21:27:55.647  1337  1429 V WindowManagerShell: onTransitionReady (#126) android.os.BinderProxy@201fe4c: {id=126 t=OPEN f=0x0 trk=0 r=[0@Point(0, 0)] c=[
03-30 21:27:55.647  1337  1429 V WindowManagerShell:         {m=OPEN f=NONE leash=Surface(name=Task=63#1873)/@0x2f4bb26 sb=Rect(0, 0 - 1080, 2400) eb=Rect(0, 0 - 1080, 2400) epz=Point(1080, 2400) d=0 taskParent=-1 winMode=1 userId=0},
03-30 21:27:55.647  1337  1429 V WindowManagerShell:         {m=TO_BACK f=NONE leash=Surface(name=Task=20#441)/@0x89d7367 sb=Rect(0, 0 - 1080, 2400) eb=Rect(0, 0 - 1080, 2400) epz=Point(1080, 2400) d=0 taskParent=-1 winMode=1 userId=0}
03-30 21:27:55.647  1337  1429 V WindowManagerShell:     ]}
03-30 21:27:55.654  1337  1429 V WindowManagerShell: Playing animation for (#126) android.os.BinderProxy@201fe4c@0
03-30 21:27:55.654  1337  1429 V ShellRecents: RecentsTransitionHandler.startAnimation: no controller found
03-30 21:27:55.654  1337  1429 V ShellDesktopMode: DesktopMixedTransitionHandler: No pending desktop transition
03-30 21:27:55.657  1337  1429 V WindowManagerShell: Transition doesn't have explicit remote, search filters for match for {id=126 t=OPEN f=0x0 trk=0 r=[0@Point(0, 0)] c=[{m=OPEN f=NONE leash=Surface(name=Task=63#1873)/@0x2f4bb26 sb=Rect(0, 0 - 1080, 2400) eb=Rect(0, 0 - 1080, 2400) epz=Point(1080, 2400) d=0 taskParent=-1 winMode=1 userId=0},{m=TO_BACK f=NONE leash=Surface(name=Task=20#441)/@0x89d7367 sb=Rect(0, 0 - 1080, 2400) eb=Rect(0, 0 - 1080, 2400) epz=Point(1080, 2400) d=0 taskParent=-1 winMode=1 userId=0}]}
03-30 21:27:55.657  1337  1429 V WindowManagerShell:  Checking filter Pair{{types=[] flags=0x0] notFlags=0x0 checks=[{atype=undefined independent=true modes=[CLOSE,TO_BACK] flags=IN_TASK_WITH_EMBEDDED_ACTIVITY mustBeTask=false order=ANY topActivity=null launchCookie=null taskFragmentToken=android.os.BinderProxy@c043bef windowingMode=undefined isCrossDisplayMove=false}]} RemoteTransition { remoteTransition = android.window.IRemoteTransition$Stub$Proxy@1ea86fc, appThread = android.app.IApplicationThread$Stub$Proxy@8e47185, debugName = overlayBackTransition }}
03-30 21:27:55.657  1337  1429 V WindowManagerShell:  Checking filter Pair{{types=[] flags=0x0] notFlags=0x0 checks=[{atype=dream independent=true modes=[OPEN,TO_FRONT] flags=NONE mustBeTask=false order=ANY topActivity=null launchCookie=null windowingMode=undefined isCrossDisplayMove=false},{atype=home independent=true modes=[CLOSE,TO_BACK] flags=NONE mustBeTask=false order=ANY topActivity=null launchCookie=null windowingMode=undefined isCrossDisplayMove=false}]} RemoteTransition { remoteTransition = android.window.IRemoteTransition$Stub$Proxy@5b90bda, appThread = android.app.IApplicationThread$Stub$Proxy@602a80b, debugName = LauncherToDream }}
03-30 21:27:55.658  1337  1429 V WindowManagerShell:  Checking filter Pair{{types=[] flags=0x0] notFlags=0x100 checks=[{atype=home independent=true modes=[OPEN,TO_FRONT] flags=NONE mustBeTask=false order=TOP topActivity=ComponentInfo{com.google.android.apps.nexuslauncher/com.google.android.apps.nexuslauncher.NexusLauncherActivity} launchCookie=null windowingMode=undefined isCrossDisplayMove=false},{atype=standard independent=true modes=[CLOSE,TO_BACK] flags=NONE mustBeTask=false order=ANY topActivity=null launchCookie=null windowingMode=undefined isCrossDisplayMove=false},{NOT atype=undefined independent=true modes=[] flags=NONE mustBeTask=true order=ANY topActivity=null launchCookie=null customAnim=true windowingMode=undefined isCrossDisplayMove=false}]} RemoteTransition { remoteTransition = android.window.IRemoteTransition$Stub$Proxy@1d716e8, appThread = android.app.IApplicationThread$Stub$Proxy@ffa101, debugName = QuickstepLaunchHome }}
03-30 21:27:55.658  1337  1429 V WindowManagerShell:  Checking filter Pair{{types=[OPEN,TO_FRONT] flags=0x0] notFlags=0x0 checks=[{atype=standard independent=true modes=[OPEN,TO_FRONT] flags=NONE mustBeTask=true order=ANY topActivity=null launchCookie=null windowingMode=freeform isCrossDisplayMove=false}]} RemoteTransition { remoteTransition = android.window.IRemoteTransition$Stub$Proxy@37a315c, appThread = null, debugName = DesktopWindowLimitUnminimize }}
03-30 21:27:55.658  1337  1429 V WindowManagerShell:  Delegate animation for (#126) to null
03-30 21:27:55.658  1337  1429 V WindowManagerShell: start default transition animation, info = {id=126 t=OPEN f=0x0 trk=0 r=[0@Point(0, 0)] c=[{m=OPEN f=NONE leash=Surface(name=Task=63#1873)/@0x2f4bb26 sb=Rect(0, 0 - 1080, 2400) eb=Rect(0, 0 - 1080, 2400) epz=Point(1080, 2400) d=0 taskParent=-1 winMode=1 userId=0},{m=TO_BACK f=NONE leash=Surface(name=Task=20#441)/@0x89d7367 sb=Rect(0, 0 - 1080, 2400) eb=Rect(0, 0 - 1080, 2400) epz=Point(1080, 2400) d=0 taskParent=-1 winMode=1 userId=0}]}
03-30 21:27:55.665  1337  1429 V WindowManagerShell: loadAnimation: anim=android.view.animation.AnimationSet@b83df03 animAttr=0x9 type=OPEN isEntrance=false
03-30 21:27:55.669   815   835 V WindowManager: Sent Transition (#126) createdAt=03-30 21:27:55.306 via request=TransitionRequestInfo { type = OPEN, triggerTask = TaskInfo{userId=0 taskId=63 effectiveUid=10227 displayId=0 isRunning=true baseIntent=Intent { act=android.intent.action.MAIN cat=[android.intent.category.LAUNCHER] flg=0x10200000 cmp=com.weejobs.app/.MainActivity } baseActivity=ComponentInfo{com.weejobs.app/com.weejobs.app.MainActivity} topActivity=ComponentInfo{com.weejobs.app/com.weejobs.app.MainActivity} origActivity=null realActivity=ComponentInfo{com.weejobs.app/com.weejobs.app.MainActivity} numActivities=1 lastActiveTime=32405266 supportsMultiWindow=true resizeMode=1 isResizeable=true minWidth=-1 minHeight=-1 defaultMinSize=220 token=WCT{RemoteToken{bb223e6 Task{70b954f #63 type=standard A=10227:com.weejobs.app}}} topActivityType=1 pictureInPictureParams=null shouldDockBigOverlays=false launchIntoPipHostTaskId=-1 lastParentTaskIdBeforePip=-1 displayCutoutSafeInsets=Rect(0, 0 - 0, 0) topActivityInfo=ActivityInfo{bad8d27 com.weejobs.app.MainActivity} launchCookies=[] positionInParent=Point(0, 0) parentTaskId=-1 isFocused=false isVisible=false isVisibleRequested=false isTopActivityNoDisplay=false isSleeping=false locusId=null displayAreaFeatureId=1 isTopActivityTransparent=false isActivityStackTransparent=false lastNonFullscreenBounds=null capturedLink=null capturedLinkTimestamp=0 requestedVisibleTypes=503 topActivityRequestOpenInBrowserEducationTimestamp=0 appCompatTaskInfo=AppCompatTaskInfo { topActivityInSizeCompat=false isLeafTask= true eligibleForLetterboxEducation= false isLetterboxEducationEnabled= true isLetterboxDoubleTapEnabled= false eligibleForUserAspectRatioButton= false topActivityBoundsLetterboxed= false isFromLetterboxDoubleTap= false topActivityLetterboxVerticalPosition= -1 topActivityLetterboxHorizontalPosition= -1 topActivityLetterboxWidth=-1 topActivityLetterboxHeight=-1 topActivityAppBounds=Rect(0, 0 - 1080, 2400) isUserFullscreenOverrideEnabled=false isSystemFullscreenOverrideEnabled=false hasMinAspectRatioOverride=false topActivityLetterboxBounds=null cameraCompatTaskInfo=CameraCompatTaskInfo { cameraCompatMode=undefinedundefined} topNonResizableActivityAspectRatio=-1.0} topActivityMainWindowFrame=null isAppBubble=false}, pipChange = null, remoteTransition = null, displayChange = null, requestedLocation = null, userChange = null, windowingLayerChange = null, flags = 0, debugId = 126 }
03-30 21:27:55.670   815   835 V WindowManager:     startWCT=WindowContainerTransaction { changes= {} hops= [] errorCallbackToken=null taskFragmentOrganizer=null }
03-30 21:27:55.672   815   835 V WindowManager:     info={id=126 t=OPEN f=0x0 trk=0 r=[0@Point(0, 0)] c=[
03-30 21:27:55.672   815   835 V WindowManager:         {WCT{RemoteToken{bb223e6 Task{70b954f #63 type=standard A=10227:com.weejobs.app}}} m=OPEN f=NONE leash=Surface(name=Task=63#1873)/@0xb5d10d3 sb=Rect(0, 0 - 1080, 2400) eb=Rect(0, 0 - 1080, 2400) epz=Point(1080, 2400) d=0 taskParent=-1 winMode=1 userId=0},
03-30 21:27:55.672   815   835 V WindowManager:         {WCT{RemoteToken{8664ec9 Task{b9036d6 #20 type=standard A=10228:host.exp.exponent}}} m=TO_BACK f=NONE leash=Surface(name=Task=20#441)/@0x9c3fd06 sb=Rect(0, 0 - 1080, 2400) eb=Rect(0, 0 - 1080, 2400) epz=Point(1080, 2400) d=0 taskParent=-1 winMode=1 userId=0}
03-30 21:27:55.672   815   835 V WindowManager:     ]}
03-30 21:27:55.689 13430 15354 D AdvertisingIdClient: AdvertisingIdClient is bounded
03-30 21:27:55.696  1337  1429 V WindowManagerShell: loadAnimation: anim=android.view.animation.AnimationSet@50c2d98 animAttr=0x8 type=OPEN isEntrance=true
03-30 21:27:55.706  1337  1429 V WindowManagerShell:  animated by com.android.wm.shell.transition.DefaultTransitionHandler@7009b89
03-30 21:27:55.706  1337  1429 V ShellTaskOrganizer: Task appeared taskId=63 listener=FullscreenTaskListener
03-30 21:27:55.706  1337  1429 V ShellTaskOrganizer: Fullscreen Task Appeared: #63
03-30 21:27:55.710  1636  1636 D b/417220811: invalidateLoadedTasks - previous requestLoadId: -1
03-30 21:27:55.714 13430 15354 I AdvertisingIdClient: shouldSendLog 31360042
03-30 21:27:55.714 13430 15354 I AdvertisingIdClient: GetInfoInternal elapse 68ms
03-30 21:27:55.722  1337  1351 I ndroid.systemui: Background concurrent mark compact GC freed 2531KB AllocSpace bytes, 0(0B) LOS objects, 43% free, 30MB/54MB, paused 1.228ms,16.744ms total 5.399s
03-30 21:27:55.722 15412 15412 I Zygote  : Process 15412 created for com.weejobs.app
03-30 21:27:55.735 15412 15412 I com.weejobs.app: Late-enabling -Xcheck:jni
03-30 21:27:55.782  8555 14840 I NetworkScheduler: (REDACTED) Error inserting %s
03-30 21:27:55.847  1337  1353 W System  : A resource failed to call release. 
03-30 21:27:55.870  2049  2662 W AiAiEcho: LyftNotificationParser Ridesharing ETA not enabled
03-30 21:27:55.871  2049  2662 I AiAiEcho: SmartspaceNotificationPredictor no parser can handle this notification or notification is invalid
03-30 21:27:56.070  1564  1564 I wpa_supplicant: wlan0: CTRL-EVENT-BEACON-LOSS 
03-30 21:27:56.075   815  1239 I HalDevMgr: bestIfaceCreationProposal is null, requestIface=STA, existingIface=[name=wlan0 type=STA]
03-30 21:27:56.226  1337  1429 V WindowManagerShell: Transition animation finished (aborted=false), notifying core (#126) android.os.BinderProxy@201fe4c@0
03-30 21:27:56.232   815   835 V WindowManager: Finish Transition (#126): created at 03-30 21:27:55.306 collect-started=0.038ms request-sent=48.199ms started=135.505ms ready=317.759ms sent=320.924ms commit=90.254ms finished=924.684ms
03-30 21:27:56.236  1337  1429 V WindowManagerShell: Track 0 became idle
03-30 21:27:56.236  1337  1429 V WindowManagerShell: All active transition animations finished
03-30 21:27:56.238 13372 13372 D VRI[HomeActivity]: visibilityChanged oldVisibility=true newVisibility=false
03-30 21:27:56.242   815  1315 W ImageReader_JNI: Unable to acquire a buffer item, very likely client tried to acquire more than maxImages buffers
03-30 21:27:56.247 15412 15412 I com.weejobs.app: Using CollectorTypeCMC GC.
03-30 21:27:56.261 15412 15412 W com.weejobs.app: Unexpected CPU variant for x86: x86_64.
03-30 21:27:56.261 15412 15412 W com.weejobs.app: Known variants: atom, sandybridge, silvermont, goldmont, goldmont-plus, goldmont-without-sha-xsaves, tremont, kabylake, alderlake, default
03-30 21:27:56.296  1634  1672 I adbd    : jdwp connection from 15412
03-30 21:27:56.333 15412 15412 D nativeloader: Load libframework-connectivity-tiramisu-jni.so using APEX ns com_android_tethering for caller /apex/com.android.tethering/javalib/framework-connectivity-t.jar: ok
03-30 21:27:56.425   815  1292 D BackgroundInstallControlService: Package event received: 0
03-30 21:27:56.491 15412 15412 D ApplicationLoaders: Returning zygote-cached class loader: /system/framework/org.apache.http.legacy.jar
03-30 21:27:56.491 15412 15412 D ApplicationLoaders: Returning zygote-cached class loader: /system_ext/framework/androidx.window.extensions.jar
03-30 21:27:56.491 15412 15412 D ApplicationLoaders: Returning zygote-cached class loader: /system_ext/framework/androidx.window.sidecar.jar
03-30 21:27:57.612 13372 15332 I FA      : Application backgrounded at: timestamp_millis: 1774931275610
03-30 21:27:57.800 15429 15429 W libbinder.BackendUnifiedServiceManager: Thread Pool max thread count is 0. Cannot cache binder as linkToDeath cannot be implemented. serviceName: package
03-30 21:27:58.055  3343  5937 I artd    : GetBestInfo: odex next to the dex file (/data/app/~~l86ooHn3z7zjJPmRwuVyKA==/com.google.android.gms-mjvtrlLEHAA3R1GV5L8qqg==/oat/x86_64/base.odex) is kOatUpToDate with filter 'speed-profile' executable 'false'
03-30 21:27:58.090  3343  5937 I artd    : GetBestInfo: odex next to the dex file (/data/app/~~l86ooHn3z7zjJPmRwuVyKA==/com.google.android.gms-mjvtrlLEHAA3R1GV5L8qqg==/oat/x86_64/split_AdsDynamite_installtime.odex) is kOatUpToDate with filter 'speed' executable 'false'
03-30 21:27:58.094  3343  5937 I artd    : GetBestInfo: odex next to the dex file (/data/app/~~l86ooHn3z7zjJPmRwuVyKA==/com.google.android.gms-mjvtrlLEHAA3R1GV5L8qqg==/oat/x86_64/split_CronetDynamite_installtime.odex) is kOatUpToDate with filter 'speed' executable 'false'
03-30 21:27:58.103  3343  5937 I artd    : GetBestInfo: odex next to the dex file (/data/app/~~l86ooHn3z7zjJPmRwuVyKA==/com.google.android.gms-mjvtrlLEHAA3R1GV5L8qqg==/oat/x86_64/split_DynamiteLoader_installtime.odex) is kOatUpToDate with filter 'speed' executable 'false'
03-30 21:27:58.110  3343  5937 I artd    : GetBestInfo: odex next to the dex file (/data/app/~~l86ooHn3z7zjJPmRwuVyKA==/com.google.android.gms-mjvtrlLEHAA3R1GV5L8qqg==/oat/x86_64/split_DynamiteModulesA_installtime.odex) is kOatUpToDate with filter 'speed' executable 'false'
03-30 21:27:58.118  3343  5937 I artd    : GetBestInfo: odex next to the dex file (/data/app/~~l86ooHn3z7zjJPmRwuVyKA==/com.google.android.gms-mjvtrlLEHAA3R1GV5L8qqg==/oat/x86_64/split_DynamiteModulesC_installtime.odex) is kOatUpToDate with filter 'speed' executable 'false'
03-30 21:27:58.122  3343  5937 I artd    : GetBestInfo: odex next to the dex file (/data/app/~~l86ooHn3z7zjJPmRwuVyKA==/com.google.android.gms-mjvtrlLEHAA3R1GV5L8qqg==/oat/x86_64/split_GoogleCertificates_installtime.odex) is kOatUpToDate with filter 'speed' executable 'false'
03-30 21:27:58.130  3343  8567 I artd    : GetBestInfo: odex next to the dex file (/data/app/~~l86ooHn3z7zjJPmRwuVyKA==/com.google.android.gms-mjvtrlLEHAA3R1GV5L8qqg==/oat/x86_64/split_MapsDynamite_installtime.odex) is kOatUpToDate with filter 'speed' executable 'false'
03-30 21:27:58.137  3343  8567 I artd    : GetBestInfo: odex next to the dex file (/data/app/~~l86ooHn3z7zjJPmRwuVyKA==/com.google.android.gms-mjvtrlLEHAA3R1GV5L8qqg==/oat/x86_64/split_MeasurementDynamite_installtime.odex) is kOatUpToDate with filter 'speed' executable 'false'
03-30 21:27:58.143  3343  8567 I artd    : GetBestInfo: /data/user_de/0/com.google.android.gms/app_chimera/m/0000000d/dl-PlayCloudSearch.optional_253434100000.apk has no usable artifacts
03-30 21:27:58.146  3343  8567 I artd    : GetBestInfo: /data/user_de/0/com.google.android.gms/app_chimera/m/0000000c/dl-MlkitBarcodeUi.optional_253434100800.apk has no usable artifacts
03-30 21:27:58.147  3343  8567 I artd    : GetBestInfo: /data/user_de/0/com.google.android.gms/app_chimera/m/00000001/CronetDynamite.apk has no usable artifacts
03-30 21:27:58.160  3343  5937 I artd    : GetBestInfo: /data/user_de/0/com.google.android.gms/app_chimera/m/00000016/dl-MlkitOcrCommon.optional_261133100800.apk has no usable artifacts
03-30 21:27:58.167  3343  5937 I artd    : GetBestInfo: /data/user_de/0/com.google.android.gms/app_chimera/m/0000000e/dl-VisionOcr.optional_253434100000.apk has no usable artifacts
03-30 21:27:58.172  3343  5937 I artd    : GetBestInfo: /data/user_de/0/com.google.android.gms/app_chimera/m/00000002/DynamiteLoader.apk has no usable artifacts
03-30 21:27:58.176  3343  5937 I artd    : GetBestInfo: /data/user_de/0/com.google.android.gms/app_chimera/m/00000005/GoogleCertificates.apk has no usable artifacts
03-30 21:27:58.193  3343  5937 I artd    : GetBestInfo: /data/user_de/0/com.google.android.gms/app_chimera/m/00000012/dl-Appsearch.optional_261133100800.apk has no usable artifacts
03-30 21:27:58.201  3343  5937 I artd    : GetBestInfo: /data/user_de/0/com.google.android.gms/app_chimera/m/00000011/dl-PlayCloudSearch.optional_261133100000.apk has no usable artifacts
03-30 21:27:58.207  3343  5937 I artd    : GetBestInfo: /data/user_de/0/com.google.android.gms/app_chimera/m/00000015/dl-MlkitBarcodeUi.optional_261133100800.apk has no usable artifacts
03-30 21:27:58.214  3343  5937 I artd    : GetBestInfo: /data/user_de/0/com.google.android.gms/app_chimera/m/0000000a/dl-Appsearch.optional_253434100800.apk has no usable artifacts
03-30 21:27:58.217  3343  5937 I artd    : GetBestInfo: /data/user_de/0/com.google.android.gms/app_chimera/m/00000008/dl-TfliteDynamiteDynamite.integ_252130102100800.apk has no usable artifacts
03-30 21:27:58.227  3343  5937 I artd    : GetBestInfo: /data/user_de/0/com.google.android.gms/app_chimera/m/0000000f/dl-MlkitOcrCommon.optional_253434100800.apk has no usable artifacts
03-30 21:27:58.230  3343  5937 I artd    : GetBestInfo: /data/user_de/0/com.google.android.gms/app_chimera/m/00000010/dl-VisionOcr.optional_261133100000.apk has no usable artifacts
03-30 21:27:58.234  3343  5937 I artd    : GetBestInfo: vdex next to the dex file (/data/user/0/com.google.android.gms/app_dg_cache/BB2AE5A47BB198AF36C19CFD2B6407061A1BAF30/oat/x86_64/the.vdex) is kOatUpToDate with filter 'verify' executable 'false'
03-30 21:27:58.238  3343  5937 I artd    : GetBestInfo: /data/user_de/0/com.google.android.gms/app_chimera/m/00000007/MeasurementDynamite.apk has no usable artifacts
03-30 21:27:58.390 15412 15412 D nativeloader: Configuring clns-9 for other apk /data/app/~~0CZF9ncyrSaNM0Se8Fgh7A==/com.weejobs.app-B6kuduTqf-oLZqHY-xqCdg==/base.apk. target_sdk_version=36, uses_libraries=, library_path=/data/app/~~0CZF9ncyrSaNM0Se8Fgh7A==/com.weejobs.app-B6kuduTqf-oLZqHY-xqCdg==/lib/x86_64:/data/app/~~0CZF9ncyrSaNM0Se8Fgh7A==/com.weejobs.app-B6kuduTqf-oLZqHY-xqCdg==/base.apk!/lib/x86_64, permitted_path=/data:/mnt/expand:/data/user/0/com.weejobs.app
03-30 21:27:58.469 15412 15412 V GraphicsEnvironment: Currently set values for:
03-30 21:27:58.469 15412 15412 V GraphicsEnvironment:   angle_gl_driver_selection_pkgs=[]
03-30 21:27:58.469 15412 15412 V GraphicsEnvironment:   angle_gl_driver_selection_values=[]
03-30 21:27:58.470 15412 15412 V GraphicsEnvironment: com.weejobs.app is not listed in per-application setting
03-30 21:27:58.470 15412 15412 V GraphicsEnvironment: ANGLE allowlist from config: com.dreamgames.royalmatch com.dts.freefiremax com.dxx.firenow com.gramgames.mergedragons com.ludo.king com.mojang.minecraftpe com.my.defense com.nintendo.zaka com.os.airforce com.playrix.fishdomdd.gplay io.teslatech.callbreak jp.konami.prospia net.peakgames.toonblast
03-30 21:27:58.471 15412 15412 V GraphicsEnvironment: No special selections for ANGLE, returning default driver choice
03-30 21:27:58.472 15412 15412 V GraphicsEnvironment: Neither updatable production driver nor prerelease driver is supported.
03-30 21:27:58.751 15412 15412 W SoLoader: Initializing SoLoader: 0
03-30 21:27:58.767 15412 15412 W SoLoader: Recording new base apk path: /data/app/~~0CZF9ncyrSaNM0Se8Fgh7A==/com.weejobs.app-B6kuduTqf-oLZqHY-xqCdg==/base.apk
03-30 21:27:58.767 15412 15412 W SoLoader: Previously recorded 0 base apk paths.
03-30 21:27:58.783 15412 15412 I SoLoader: Preparing SO source: DirectorySoSource[root = /vendor/lib64 flags = 2]
03-30 21:27:58.787 15412 15412 I SoLoader: Preparing SO source: DirectorySoSource[root = /system/lib64 flags = 2]
03-30 21:27:58.787 15412 15412 I SoLoader: Preparing SO source: DirectApkSoSource[root = [/data/app/~~0CZF9ncyrSaNM0Se8Fgh7A==/com.weejobs.app-B6kuduTqf-oLZqHY-xqCdg==/base.apk!/lib/x86_64]]
03-30 21:27:58.904 15412 15412 I SoLoader: Preparing SO source: ApplicationSoSource[DirectorySoSource[root = /data/app/~~0CZF9ncyrSaNM0Se8Fgh7A==/com.weejobs.app-B6kuduTqf-oLZqHY-xqCdg==/lib/x86_64 flags = 0]]
03-30 21:27:58.904 15412 15412 I SoLoader: init finish: 4 SO sources prepared
03-30 21:27:58.905 15412 15412 W SoLoader: SoLoader initialized: 8
03-30 21:27:58.957 15412 15412 D nativeloader: Load /data/app/~~0CZF9ncyrSaNM0Se8Fgh7A==/com.weejobs.app-B6kuduTqf-oLZqHY-xqCdg==/base.apk!/lib/x86_64/libc++_shared.so using class loader ns clns-9 (caller=/data/app/~~0CZF9ncyrSaNM0Se8Fgh7A==/com.weejobs.app-B6kuduTqf-oLZqHY-xqCdg==/base.apk!classes21.dex): ok
03-30 21:27:58.977 15412 15412 D nativeloader: Load /data/app/~~0CZF9ncyrSaNM0Se8Fgh7A==/com.weejobs.app-B6kuduTqf-oLZqHY-xqCdg==/base.apk!/lib/x86_64/libjsi.so using class loader ns clns-9 (caller=/data/app/~~0CZF9ncyrSaNM0Se8Fgh7A==/com.weejobs.app-B6kuduTqf-oLZqHY-xqCdg==/base.apk!classes21.dex): ok
03-30 21:27:58.985 15412 15412 D nativeloader: Load /data/app/~~0CZF9ncyrSaNM0Se8Fgh7A==/com.weejobs.app-B6kuduTqf-oLZqHY-xqCdg==/base.apk!/lib/x86_64/libfbjni.so using class loader ns clns-9 (caller=/data/app/~~0CZF9ncyrSaNM0Se8Fgh7A==/com.weejobs.app-B6kuduTqf-oLZqHY-xqCdg==/base.apk!classes21.dex): ok
03-30 21:27:58.991 15412 15412 D nativeloader: Load /data/app/~~0CZF9ncyrSaNM0Se8Fgh7A==/com.weejobs.app-B6kuduTqf-oLZqHY-xqCdg==/base.apk!/lib/x86_64/libreactnative.so using class loader ns clns-9 (caller=/data/app/~~0CZF9ncyrSaNM0Se8Fgh7A==/com.weejobs.app-B6kuduTqf-oLZqHY-xqCdg==/base.apk!classes21.dex): ok
03-30 21:27:58.991 15412 15412 D jni_lib_merge: Entering merged library JNI_OnLoad.
03-30 21:27:58.991 15412 15412 D jni_lib_merge: Preparing 12 pre-merged libs (including stub)
03-30 21:27:58.991 15412 15412 D jni_lib_merge: Preparing to register libfabricjni_so.  onload_func: 0x76f5519f85d0
03-30 21:27:58.991 15412 15412 D jni_lib_merge: Preparing to register libreact_devsupportjni_so.  onload_func: 0x76f551c11660
03-30 21:27:58.992 15412 15412 D jni_lib_merge: Preparing to register libreact_featureflagsjni_so.  onload_func: 0x76f551c23530
03-30 21:27:58.992 15412 15412 D jni_lib_merge: Preparing to register libreact_newarchdefaults_so.  onload_func: 0x76f551cbeb10
03-30 21:27:58.993 15412 15412 D jni_lib_merge: Preparing to register libreactnativeblob_so.  onload_func: 0x76f551ecb6c0
03-30 21:27:58.993 15412 15412 D jni_lib_merge: Preparing to register libreactnativejni_so.  onload_func: 0x76f551f072d0
03-30 21:27:58.993 15412 15412 D jni_lib_merge: Preparing to register libreactnativejni_common_so.  onload_func: 0x76f551f0ccd0
03-30 21:27:58.993 15412 15412 D jni_lib_merge: Preparing to register librninstance_so.  onload_func: 0x76f551f56fe0
03-30 21:27:58.993 15412 15412 D jni_lib_merge: Preparing to register libturbomodulejsijni_so.  onload_func: 0x76f5520b8f40
03-30 21:27:58.993 15412 15412 D jni_lib_merge: Preparing to register libuimanagerjni_so.  onload_func: 0x76f5520cfa30
03-30 21:27:58.993 15412 15412 D jni_lib_merge: Preparing to register libyoga_so.  onload_func: 0x76f5520de9c0
03-30 21:27:58.993 15412 15412 D jni_lib_merge: About to register 11 actual methods.
03-30 21:27:59.009 15412 15412 D nativeloader: Load /data/app/~~0CZF9ncyrSaNM0Se8Fgh7A==/com.weejobs.app-B6kuduTqf-oLZqHY-xqCdg==/base.apk!/lib/x86_64/libreact_codegen_rnscreens.so using class loader ns clns-9 (caller=/data/app/~~0CZF9ncyrSaNM0Se8Fgh7A==/com.weejobs.app-B6kuduTqf-oLZqHY-xqCdg==/base.apk!classes21.dex): ok
03-30 21:27:59.009 15412 15412 D jni_lib_merge: Entering merged library JNI_OnLoad.
03-30 21:27:59.009 15412 15412 D jni_lib_merge: Preparing 12 pre-merged libs (including stub)
03-30 21:27:59.009 15412 15412 D jni_lib_merge: Preparing to register libfabricjni_so.  onload_func: 0x76f5519f85d0
03-30 21:27:59.010 15412 15412 D jni_lib_merge: Preparing to register libreact_devsupportjni_so.  onload_func: 0x76f551c11660
03-30 21:27:59.011 15412 15412 D jni_lib_merge: Preparing to register libreact_featureflagsjni_so.  onload_func: 0x76f551c23530
03-30 21:27:59.011 15412 15412 D jni_lib_merge: Preparing to register libreact_newarchdefaults_so.  onload_func: 0x76f551cbeb10
03-30 21:27:59.011 15412 15412 D jni_lib_merge: Preparing to register libreactnativeblob_so.  onload_func: 0x76f551ecb6c0
03-30 21:27:59.011 15412 15412 D jni_lib_merge: Preparing to register libreactnativejni_so.  onload_func: 0x76f551f072d0
03-30 21:27:59.011 15412 15412 D jni_lib_merge: Preparing to register libreactnativejni_common_so.  onload_func: 0x76f551f0ccd0
03-30 21:27:59.011 15412 15412 D jni_lib_merge: Preparing to register librninstance_so.  onload_func: 0x76f551f56fe0
03-30 21:27:59.011 15412 15412 D jni_lib_merge: Preparing to register libturbomodulejsijni_so.  onload_func: 0x76f5520b8f40
03-30 21:27:59.011 15412 15412 D jni_lib_merge: Preparing to register libuimanagerjni_so.  onload_func: 0x76f5520cfa30
03-30 21:27:59.011 15412 15412 D jni_lib_merge: Preparing to register libyoga_so.  onload_func: 0x76f5520de9c0
03-30 21:27:59.011 15412 15412 D jni_lib_merge: About to register 11 actual methods.
03-30 21:27:59.020 15412 15412 D nativeloader: Load /data/app/~~0CZF9ncyrSaNM0Se8Fgh7A==/com.weejobs.app-B6kuduTqf-oLZqHY-xqCdg==/base.apk!/lib/x86_64/libreact_codegen_safeareacontext.so using class loader ns clns-9 (caller=/data/app/~~0CZF9ncyrSaNM0Se8Fgh7A==/com.weejobs.app-B6kuduTqf-oLZqHY-xqCdg==/base.apk!classes21.dex): ok
03-30 21:27:59.024 15412 15412 D nativeloader: Load /data/app/~~0CZF9ncyrSaNM0Se8Fgh7A==/com.weejobs.app-B6kuduTqf-oLZqHY-xqCdg==/base.apk!/lib/x86_64/libappmodules.so using class loader ns clns-9 (caller=/data/app/~~0CZF9ncyrSaNM0Se8Fgh7A==/com.weejobs.app-B6kuduTqf-oLZqHY-xqCdg==/base.apk!classes21.dex): ok
03-30 21:27:59.085   815  1239 I HalDevMgr: bestIfaceCreationProposal is null, requestIface=STA, existingIface=[name=wlan0 type=STA]
03-30 21:27:59.206   815  1292 D BackgroundInstallControlService: Package event received: 0
03-30 21:27:59.215 15412 15412 I Choreographer: Skipped 31 frames!  The application may be doing too much work on its main thread.
03-30 21:27:59.218   815  1292 D BackgroundInstallControlService: Package event received: 0
03-30 21:27:59.234 15412 15434 I DisplayManager: Choreographer implicitly registered for the refresh rate.
03-30 21:27:59.381   815  3550 E TaskPersister: File error accessing recents directory (directory doesn't exist?).
03-30 21:27:59.403 15412 15434 I GFXSTREAM: [eglDisplay.cpp(297)] Opening libGLESv1_CM_emulation.so
03-30 21:27:59.405 15412 15434 I GFXSTREAM: [eglDisplay.cpp(297)] Opening libGLESv2_emulation.so
03-30 21:27:59.414 15412 15412 D DesktopExperienceFlags: Toggle override initialized to: false
03-30 21:27:59.420 15412 15434 W HWUI    : Failed to choose config with EGL_SWAP_BEHAVIOR_PRESERVED, retrying without...
03-30 21:27:59.421 15412 15434 W HWUI    : Failed to initialize 101010-2 format, error = EGL_SUCCESS
03-30 21:27:59.452 15412 15412 D AppCompatDelegate: Checking for metadata for AppLocalesMetadataHolderService : Service not found
03-30 21:27:59.476 15412 15412 E ashmem  : Pinning is deprecated since Android Q. Please use trim or other methods.
03-30 21:27:59.539 15412 15412 D CompatChangeReporter: Compat change id reported: 377864165; UID 10227; state: ENABLED
03-30 21:27:59.539 15412 15412 D DesktopModeFlags: Toggle override initialized to: OVERRIDE_UNSET
03-30 21:27:59.574 15412 15412 I com.weejobs.app: hiddenapi: Accessing hidden method Landroid/view/ViewGroup;->makeOptionalFitsSystemWindows()V (runtime_flags=0, domain=platform, api=unsupported) from Landroidx/appcompat/widget/ViewUtils; (domain=app, TargetSdkVersion=36) using reflection: allowed
03-30 21:27:59.968 15412 15412 W unknown:BridgelessReact: ReactHost{0}.startSurface(surfaceId = 0): Schedule
03-30 21:27:59.969 15412 15412 W unknown:BridgelessReact: ReactHost{0}.attachSurface(surfaceId = 0)
03-30 21:27:59.978 15412 15442 W unknown:BridgelessReact: ReactHost{0}.getOrCreateReactInstanceTask()
03-30 21:27:59.978 15412 15442 W unknown:BridgelessReact: ReactHost{0}.getOrCreateReactInstanceTask(): Start
03-30 21:27:59.981 15412 15442 W unknown:BridgelessReact: ReactHost{0}.getJSBundleLoader()
03-30 21:27:59.982 15412 15442 W unknown:BridgelessReact: ReactHost{0}.isMetroRunning()
03-30 21:27:59.998 15412 15412 I expo-router-native: MainActivity.onCreate immediate: sdExists=false appExists=true
03-30 21:28:00.008 15412 15412 I expo-router-native: Wrote debug routes_manifest_seen in app files: {"nativeDebug":true,"ts":1774931279998}
03-30 21:28:00.017 15412 15444 I expo-router-native: Found routes_manifest_seen in app files: {"nativeDebug":true,"ts":1774931279998}
03-30 21:28:00.021 15412 15412 W WindowOnBackDispatcher: OnBackInvokedCallback is not enabled for the application.
03-30 21:28:00.021 15412 15412 W WindowOnBackDispatcher: Set 'android:enableOnBackInvokedCallback="true"' in the application manifest.
03-30 21:28:00.047 15412 15412 W unknown:BridgelessReact: ReactHost{0}.onHostResume(activity)
03-30 21:28:00.048 15412 15412 W unknown:ReactNative: Packager connection already open, nooping.
03-30 21:28:00.114 15412 15412 W HWUI    : Unknown dataspace 0
03-30 21:28:00.157 15412 15412 D VRI[MainActivity]: WindowInsets changed: 1080x2400 statusBars:[0,63,0,0] navigationBars:[0,0,0,63] mandatorySystemGestures:[0,63,0,84] 
03-30 21:28:00.178 15412 15412 D WindowOnBackDispatcher: setTopOnBackInvokedCallback (unwrapped): android.view.ViewRootImpl$$ExternalSyntheticLambda12@2deada0
03-30 21:28:00.179   815   926 D CoreBackPreview: Window{d006368 u0 com.weejobs.app/com.weejobs.app.MainActivity}: Setting back callback OnBackInvokedCallbackInfo{mCallback=android.window.IOnBackInvokedCallback$Stub$Proxy@b12d067, mPriority=0, mIsAnimationCallback=false, mOverrideBehavior=0}
03-30 21:28:00.571  8555  8733 I FontLog : (REDACTED) Received query %s, URI %s
03-30 21:28:00.571  8555  8733 I FontLog : (REDACTED) Query [%s] resolved to %s
03-30 21:28:00.581  8555  8733 I FontLog : (REDACTED) Fetch %s end status %s
03-30 21:28:00.590  8555  8733 I FontLog : (REDACTED) Pulling font file for id = %d, cache size = %d
03-30 21:28:00.594 15412 15450 I HWUI    : Using FreeType backend (prop=Auto)
03-30 21:28:00.619  8555  8733 I FontLog : (REDACTED) Pulling font file for id = %d, cache size = %d
