03-30 13:12:38.140 I/BugleRcsEngine( 5331): handleMessage processing message:[NOTIFY_UPTIME_IGNORE_STATE_CHANGED] with [non-null]:RcsEngineImpl reference [CONTEXT log_prefix="RcsEngineImpl[DUAL_REG]:[db20a24a-09a9]>Handler" thread_id=69 ]
03-30 13:12:38.141 D/NetworkTimeUpdateService(  815): New default network 101; checking time.
03-30 13:12:38.144 W/libbinder.IPCThreadState(  815): Sending oneway calls to frozen process.
03-30 13:12:38.144 I/BugleRcsEngine( 5331): Connected state: [1], networkType: [MOBILE] [CONTEXT thread_id=66 ]
03-30 13:12:38.144 D/UpstreamNetworkMonitor( 1447): New default Internet network: 101
03-30 13:12:38.146 I/NearbyMediums( 8555): WifiNetwork defaultNetworkCallback onAvailable netId:101
03-30 13:12:38.149 I/BugleRcsEngine( 5331): Connected state: [1], networkType: [MOBILE] [CONTEXT thread_id=66 ]
03-30 13:12:38.149 D/ONSProfileActivator( 1522): Internet connection lost
03-30 13:12:38.155 I/BugleRcsEngine( 5331): Connected state: [1], networkType: [MOBILE] [CONTEXT thread_id=66 ]
03-30 13:12:38.157 I/BugleRcsEngine( 5331): handleMessage processing message:[NOTIFY_UPTIME_IGNORE_STATE_CHANGED] with [non-null]:RcsEngineImpl reference [CONTEXT log_prefix="RcsEngineImpl[DUAL_REG]:[b458d8d3-bf03]>Handler" thread_id=63 ]
03-30 13:12:38.158 I/BugleRcsEngine( 5331): Connected state: [1], networkType: [MOBILE] [CONTEXT thread_id=66 ]
03-30 13:12:38.160 D/ActivityManager(  815): sync unfroze 9369 com.google.android.apps.messaging for 7
03-30 13:12:38.161 I/GnssNetworkConnectivityHandler(  815): Network connection lost. Available networks count: 1
03-30 13:12:38.161 I/GnssNetworkConnectivityHandler(  815): updateNetworkState, state=CLOSED, connected=false, network=100, capabilityFlags=3, availableNetworkCount: 1
03-30 13:12:38.163 D/BackgroundInstallControlService(  815): Package event received: 0
03-30 13:12:38.168 W/libbinder.IPCThreadState(  815): Sending oneway calls to frozen process.
03-30 13:12:38.168 W/libbinder.IPCThreadState(  815): Sending oneway calls to frozen process.
03-30 13:12:38.168 W/libbinder.IPCThreadState(  815): Sending oneway calls to frozen process.
03-30 13:12:38.168 W/libbinder.IPCThreadState(  815): Sending oneway calls to frozen process.
03-30 13:12:38.168 W/libbinder.IPCThreadState(  815): Sending oneway calls to frozen process.
03-30 13:12:38.170 W/libbinder.IPCThreadState(  815): Sending oneway calls to frozen process.
03-30 13:12:38.172 D/ConnectivityService(  815): Sending DISCONNECTED broadcast for type 1 [100 WIFI] isDefaultNetwork=true
03-30 13:12:38.172 W/ContextImpl(  815): Calling a method in the system process without a qualified user: android.app.ContextImpl.sendStickyBroadcast:1758 android.net.connectivity.com.android.server.ConnectivityService.sendStickyBroadcast:4373 android.net.connectivity.com.android.server.ConnectivityService.sendLegacyNetworkBroadcast:13237 android.net.connectivity.com.android.server.ConnectivityService$LegacyTypeTracker.remove:1406 android.net.connectivity.com.android.server.ConnectivityService.updateLegacyTypeTrackerAndVpnLockdownForRematch:12697 
03-30 13:12:38.173 D/ConnectivityService(  815): Sending CONNECTED broadcast for type 0 [101 CELLULAR] isDefaultNetwork=true
03-30 13:12:38.173 W/ContextImpl(  815): Calling a method in the system process without a qualified user: android.app.ContextImpl.sendStickyBroadcast:1758 android.net.connectivity.com.android.server.ConnectivityService.sendStickyBroadcast:4373 android.net.connectivity.com.android.server.ConnectivityService.sendGeneralBroadcast:4343 android.net.connectivity.com.android.server.ConnectivityService.sendConnectedBroadcast:4316 android.net.connectivity.com.android.server.ConnectivityService.sendLegacyNetworkBroadcast:13209 
03-30 13:12:38.176 D/ConnectivityService(  815): NetReassign [291 : 100 → 101, 235 : 100 → 101, 263 : 100 → 101, 246 : 100 → 101, 115 : 100 → 101, 26 : 100 → 101, 138 : 100 → 101, 233 : 100 → 101, 53 : 100 → 101, 286 : 100 → 101, 120 : 100 → 101, 122 : 100 → 101, 256 : 100 → 101, 57 : 100 → 101, 241 : 100 → 101, 248 : 100 → 101, 65 : 100 → 101, 33 : 100 → 101, 73 : 100 → 101, 86 : 100 → 101, 182 : 100 → 101, 126 : 100 → 101, 6 : 100 → 101, 270 : 100 → 101, 250 : 100 → 101, 203 : 100 → 101, 237 : 100 → 101, 84 : 100 → 101, 283 : 100 → 101, 90 : 100 → 101, 274 : 100 → 101, 243 : 100 → 101, 239 : 100 → 101, 113 : 100 → 101, 31 : 100 → 101, 260 : 100 → 101, 201 : 100 → 101, 48 : 100 → 101, 136 : 100 → 101, 188 : 100 → 101, 301 : 100 → 101, 20 : 100 → 101, 39 : 100 → 101, 44 : 100 → 101, 35 : 100 → 101, 278 : 100 → 101, 231 : 100 → 101, 41 : 100 → 101, 29 : 100 → 101, 206 : 100 → 101, 1 : 100 → 101, 46 : 100 → 101, 267 : 100 → 101, 30 : 100 → 101] [c 0] [a 66] [i 2]
03-30 13:12:38.176 I/BugleRcsEngine( 5331): Connected state: [1], networkType: [MOBILE] [CONTEXT thread_id=66 ]
03-30 13:12:38.177 W/libbinder.IPCThreadState(  815): Sending oneway calls to frozen process.
03-30 13:12:38.177 W/libbinder.IPCThreadState(  815): Sending oneway calls to frozen process.
03-30 13:12:38.177 D/ConnectivityService(  815): handleNetworkUnvalidated [100 WIFI] cap=[ Transports: WIFI Capabilities: NOT_METERED&INTERNET&NOT_RESTRICTED&TRUSTED&NOT_VPN&NOT_ROAMING&FOREGROUND&NOT_CONGESTED&NOT_SUSPENDED&PARTIAL_CONNECTIVITY&NOT_VCN_MANAGED&NOT_BANDWIDTH_CONSTRAINED LinkUpBandwidth>=12000Kbps LinkDnBandwidth>=30000Kbps Specifier: <WifiNetworkAgentSpecifier [WifiConfiguration=, SSID="AndroidWifi", BSSID=00:13:10:85:fe:01, band=1, mMatchLocalOnlySpecifiers=false]> TransportInfo: <SSID: "AndroidWifi", BSSID: 00:13:10:85:fe:01, MAC: 02:15:b2:00:00:00, IP: /10.0.2.16, Security type: 0, Supplicant state: COMPLETED, Wi-Fi standard: legacy, RSSI: -50, Link speed: 1Mbps, Tx Link speed: 1Mbps, Max Supported Tx Link speed: 11Mbps, Rx Link speed: 2Mbps, Max Supported Rx Link speed: 11Mbps, Frequency: 2447MHz, Net ID: 0, Metered hint: false, score: 83, isUsable: true, CarrierMerged: false, SubscriptionId: -1, IsPrimary: 1, Trusted: true, Restricted: false, Ephemeral: false, OEM paid: false, OEM private: false, OSU AP: false, FQDN: <none>, Provider friendly name: <none>, Requesting package name: <none>"AndroidWifi"openMLO Information: , Is TID-To-Link negotiation supported by the AP: false, AP MLD Address: <none>, AP MLO Link Id: <none>, AP MLO Affiliated links: <none>, Vendor Data: <none>> SignalStrength: -50 OwnerUid: 10189 AdminUids: [10189] SSID: "AndroidWifi" UnderlyingNetworks: Null]
03-30 13:12:38.179 D/WifiClientModeImpl[57386:wlan0](  815): NETWORK_STATUS_UNWANTED_VALIDATION_FAILED
03-30 13:12:38.180 I/BugleRcsEngine( 5331): Connected state: [1], networkType: [MOBILE] [CONTEXT thread_id=66 ]
03-30 13:12:38.181 I/WifiClientModeImpl[57386:wlan0](  815): Temporarily disabling network because of no-internet access
03-30 13:12:38.182 W/LastMileLogger(  815): Failed to read event trace: /sys/kernel/debug/tracing/instances/wifi/trace
03-30 13:12:38.185 D/SatelliteController( 1522): EVENT_WIFI_CONNECTIVITY_STATE_CHANGED: mIsWifiConnected=false
03-30 13:12:38.185 E/SatelliteController( 1522): registerForSatelliteCommunicationAccessStateChanged: SatelliteManager is null
03-30 13:12:38.185 D/SatelliteController( 1522): isCarrierRoamingNtnEligible: satellite access is not allowed
03-30 13:12:38.185 D/SatelliteController( 1522): evaluateCarrierRoamingNtnEligibilityChange: isCarrierRoamingNtnEligible=false
03-30 13:12:38.185 D/SatelliteController( 1522): getSelectedSatelliteSubId: subId=-1
03-30 13:12:38.185 D/SatelliteController( 1522): notifyNtnEligibility: phoneId=0 currentNtnEligibility=false
03-30 13:12:38.188 I/TrafficStats( 8555): tagSocketFd(-1, 1031, -1) failed with errno-9
03-30 13:12:38.190 W/ScanResultUtil(  815): Empty or null ScanResult list
03-30 13:12:38.192 W/WifiService(  815): Attempt to retrieve WifiConfiguration with invalid scanResult List
03-30 13:12:38.192 W/ScanResultUtil(  815): Empty or null ScanResult list
03-30 13:12:38.192 E/WifiService(  815): Attempt to retrieve passpoint with invalid scanResult List
03-30 13:12:38.193 W/ScanResultUtil(  815): Empty or null ScanResult list
03-30 13:12:38.193 W/WifiService(  815): Attempt to retrieve OsuProviders with invalid scanResult List
03-30 13:12:38.193 I/NullBinder( 8555): NullBinder for android.net.action.RECOMMEND_NETWORKS triggering remote TransactionTooLargeException due to Service without Chimera impl, calling uid: 1000, calling pid: 0
03-30 13:12:38.193 W/libbinder.Binder( 8555): Large reply transaction of 1056768 bytes, interface descriptor , code 1, flags 17
03-30 13:12:38.202 I/BugleRcsEngine( 5331): No RCS Configuration was found in Bugle for simID: redacted-pii:sim_id[chars:20,last3:897] [CONTEXT log_prefix="ProvisioningEngineDataRetriever" thread_id=63 ]
03-30 13:12:38.202 I/BugleRcsEngine( 5331): handleMessage processing message:[NOTIFY_UPTIME_IGNORE_STATE_CHANGED] with [non-null]:RcsEngineImpl reference [CONTEXT log_prefix="RcsEngineImpl[DUAL_REG]:[b458d8d3-bf03]>Handler" thread_id=63 ]
03-30 13:12:38.208 I/BugleRcsEngine( 5331): No RCS Configuration was found in Bugle for simID: redacted-pii:sim_id[chars:20,last3:897] [CONTEXT log_prefix="ProvisioningEngineDataRetriever" thread_id=69 ]
03-30 13:12:38.209 I/BugleRcsEngine( 5331): handleMessage processing message:[NOTIFY_UPTIME_IGNORE_STATE_CHANGED] with [non-null]:RcsEngineImpl reference [CONTEXT log_prefix="RcsEngineImpl[DUAL_REG]:[db20a24a-09a9]>Handler" thread_id=69 ]
03-30 13:12:38.211 I/BugleRcsEngine( 5331): No RCS Configuration was found in Bugle for simID: redacted-pii:sim_id[chars:20,last3:897] [CONTEXT log_prefix="ProvisioningEngineDataRetriever" thread_id=63 ]
03-30 13:12:38.212 I/BugleRcsEngine( 5331): handleMessage processing message:[NOTIFY_UPTIME_IGNORE_STATE_CHANGED] with [non-null]:RcsEngineImpl reference [CONTEXT log_prefix="RcsEngineImpl[DUAL_REG]:[b458d8d3-bf03]>Handler" thread_id=63 ]
03-30 13:12:38.217 I/BugleRcsEngine( 5331): No RCS Configuration was found in Bugle for simID: redacted-pii:sim_id[chars:20,last3:897] [CONTEXT log_prefix="ProvisioningEngineDataRetriever" thread_id=69 ]
03-30 13:12:38.217 I/BugleRcsEngine( 5331): No RCS Configuration was found in Bugle for simID: redacted-pii:sim_id[chars:20,last3:897] [CONTEXT log_prefix="ProvisioningEngineDataRetriever" thread_id=63 ]
03-30 13:12:38.218 I/BugleRcsEngine( 5331): handleMessage processing message:[NOTIFY_UPTIME_IGNORE_STATE_CHANGED] with [non-null]:RcsEngineImpl reference [CONTEXT log_prefix="RcsEngineImpl[DUAL_REG]:[db20a24a-09a9]>Handler" thread_id=69 ]
03-30 13:12:38.227 I/BugleRcsEngine( 5331): No RCS Configuration was found in Bugle for simID: redacted-pii:sim_id[chars:20,last3:897] [CONTEXT log_prefix="ProvisioningEngineDataRetriever" thread_id=69 ]
03-30 13:12:38.289 W/WakeLock( 8555): GCM_HB_ALARM release without a matched acquire! [CONTEXT service_id=259 ]
03-30 13:12:38.289 W/WakeLock( 8555): GCM_HB_ALARM counter does not exist
03-30 13:12:38.292 I/AlarmManager( 8555): setExactAndAllowWhileIdle [name: GCM_HB_ALARM type: 2 triggerAtMillis: 4541781]
03-30 13:12:38.331 I/AlarmManager( 8555): setExactAndAllowWhileIdle [name: GCM_HB_ALARM type: 2 triggerAtMillis: 4541820]
03-30 13:12:38.333 W/WakeLock( 8555): GCM_CONN_ALARM release without a matched acquire! [CONTEXT service_id=259 ]
03-30 13:12:38.333 W/WakeLock( 8555): GCM_CONN_ALARM counter does not exist
03-30 13:12:38.338 I/AlarmManager( 8555): setExactAndAllowWhileIdle [name: GCM_HB_ALARM type: 2 triggerAtMillis: 4541827]
03-30 13:12:38.447 W/s.messaging:rcs( 5331): Reducing the number of considered missed Gc histogram windows from 159 to 100
03-30 13:12:38.682 I/DeviceStatusMonitor( 8754): DeviceStatusMonitor.handleBroadcast():123 onReceive() : Action = android.net.conn.CONNECTIVITY_CHANGE
03-30 13:12:38.686 I/DeviceStatusMonitor( 8754): DeviceStatusMonitor.notifyIfNetworkChanged():180 notifyIfNetworkChanged: newState = METERED, airplaneModeOn = false, notifyAnyway = false
03-30 13:12:38.686 I/NetworkInfoNotification( 8754): NetworkInfoNotification$Listener.onReceive():107 onNetworkAvailable: networkState = METERED, isAirplaneModeOn = false
03-30 13:12:38.686 I/NetworkInfoNotification( 8754): NetworkInfoNotification$Listener.onReceive():107 onNetworkAvailable: networkState = METERED, isAirplaneModeOn = false
03-30 13:12:38.686 I/HandwritingOnlineSuperpacks( 8754): HandwritingOnlineSuperpacks$1.onNetworkAvailable():70 onNetworkAvailable
03-30 13:12:38.686 I/NetworkInfoNotification( 8754): NetworkInfoNotification$Listener.onReceive():107 onNetworkAvailable: networkState = METERED, isAirplaneModeOn = false
03-30 13:12:38.686 E/NotificationCenter( 8754): NotificationCenter.registerListenerInternal():378 Listener lpm@aea4d33 is already registered for notification class lpc
03-30 13:12:38.687 I/HandwritingSuperpacks( 8754): HandwritingSuperpacks.register():265 register(): version '86', url 'https://dl.google.com/handwriting/models/handwriting_release.superpack_manifest.20231127.json' [ONLINE]
03-30 13:12:38.687 I/DeviceStatusMonitor( 8754): DeviceStatusMonitor.handleBroadcast():123 onReceive() : Action = android.net.conn.CONNECTIVITY_CHANGE
03-30 13:12:38.687 I/NetworkInfoNotification( 8754): NetworkInfoNotification$Listener.onReceive():107 onNetworkAvailable: networkState = METERED, isAirplaneModeOn = false
03-30 13:12:38.687 I/SP      ( 8754): Registering handwriting_recognition.86, url: https://dl.google.com/handwriting/models/handwriting_release.superpack_manifest.20231127.json, constraints: m:*:*:*, flags: *, requested: 86, current: 86
03-30 13:12:38.688 W/ctxmgr  ( 8555): [NetworkStateProducer] No state change for network connection context [CONTEXT service_id=47 ]
03-30 13:12:38.688 I/HandwritingOnlineSuperpacks( 8754): HandwritingOnlineSuperpacks.syncInternal():168 syncPackMapping()
03-30 13:12:38.689 I/DeviceStatusMonitor( 8754): DeviceStatusMonitor.notifyIfNetworkChanged():180 notifyIfNetworkChanged: newState = METERED, airplaneModeOn = false, notifyAnyway = false
03-30 13:12:38.689 I/HandwritingSlicingStrategy( 8754): HandwritingSlicingStrategy.getSlices():44 getSlices(): handwriting_recognition.86 useForeground=true
03-30 13:12:38.690 I/HandwritingSlicingStrategy( 8754): HandwritingSlicingStrategy.getSlices():103 getSlices(): result {slices=[{handwriting_recognition:pack_mapping_v1_lstm_20231127, m:*:*:*}, {handwriting_recognition:transformer_latin_tflite_20231010_zip, m:*:*:*}, {handwriting_recognition:qrnn_en_us_reco_20231010_fst_20230613_recospec_zip, m:*:*:*}, {handwriting_recognition:transformer_latin_conf_tflite_20231010_zip, m:*:*:*}, {handwriting_recognition:transformer_latin_seg_tflite_20231010_zip, m:*:*:*}, {handwriting_recognition:en_us_20230613_compact_fst_zip, m:*:*:*}, {handwriting_recognition:scribe_latin_20231123_tflite_zip, m:*:*:*}, {handwriting_recognition:scribe_latin_20231123_recospec_zip, m:*:*:*}], last batch=true, sync metadata=false}
03-30 13:12:38.690 I/SP      ( 8754): Syncing handwriting_recognition (86) with slices: [{pack_mapping_v1_lstm_20231127, m:*:*:*}, {transformer_latin_tflite_20231010_zip, m:*:*:*}, {qrnn_en_us_reco_20231010_fst_20230613_recospec_zip, m:*:*:*}, {transformer_latin_conf_tflite_20231010_zip, m:*:*:*}, {transformer_latin_seg_tflite_20231010_zip, m:*:*:*}, {en_us_20230613_compact_fst_zip, m:*:*:*}, {scribe_latin_20231123_tflite_zip, m:*:*:*}, {scribe_latin_20231123_recospec_zip, m:*:*:*}], metadata: false
03-30 13:12:38.697 D/ActivityManager(  815): sync unfroze 8342 com.google.android.settings.intelligence for 3
03-30 13:12:38.713 W/JobInfo (  815): Job 'com.google.android.settings.intelligence/.modules.routines.impl.RoutinesJobIntentService#1728' has a deadline with no functional constraints. The deadline won't improve job execution latency. Consider removing the deadline.
03-30 13:12:38.923 I/SP      ( 8754): Sync for handwriting_recognition succeeded in 234 ms: no changes
03-30 13:12:38.923 I/SP      ( 8754): GC for 'handwriting_recognition' (10) with ttl of 0 ms took 0 ms (0/0/0)
03-30 13:12:38.923 I/HandwritingOnlineSuperpacks( 8754): HandwritingOnlineSuperpacks.syncInternal():187 syncInternal(): syncing packs
03-30 13:12:38.924 I/HandwritingOnlineSuperpacks( 8754): HandwritingOnlineSuperpacks$2.onSyncSuccess():225 syncInternal(): complete {old=[en_us_20230613_compact_fst_zip, pack_mapping_v1_lstm_20231127, qrnn_en_us_reco_20231010_fst_20230613_recospec_zip, scribe_latin_20231123_recospec_zip, scribe_latin_20231123_tflite_zip, transformer_latin_conf_tflite_20231010_zip, transformer_latin_seg_tflite_20231010_zip, transformer_latin_tflite_20231010_zip], new=[en_us_20230613_compact_fst_zip, pack_mapping_v1_lstm_20231127, qrnn_en_us_reco_20231010_fst_20230613_recospec_zip, scribe_latin_20231123_recospec_zip, scribe_latin_20231123_tflite_zip, transformer_latin_conf_tflite_20231010_zip, transformer_latin_seg_tflite_20231010_zip, transformer_latin_tflite_20231010_zip], metadata=false, last batch=true}
03-30 13:12:38.926 E/HandwritingSuperpacksUtil( 8754): HandwritingSuperpacksUtil.getPackMappingPackName():42 No pack mapping pack found in []
03-30 13:12:38.926 I/HandwritingSuperpacks( 8754): HandwritingSuperpacks.reloadCache():229 updatePackMappingsCache(): pack mapping pack unavailable [OFFLINE]
03-30 13:12:39.162 D/NetworkMonitor/100( 1447): PROBE_DNS www.google.com 49ms OK 142.251.155.119,142.251.156.119,142.251.151.119,142.251.154.119,142.251.157.119,142.251.150.119,142.251.152.119,142.251.153.119,2001:4860:4826:7700::,2001:4860:4827:7700::,2001:4860:4828:7700::,2001:4860:482c:7700::,2001:4860:482b:7700::,2001:4860:482d:7700::,2001:4860:4829:7700::,2001:4860:482a:7700::
03-30 13:12:39.165 D/NetworkMonitor/100( 1447): PROBE_DNS connectivitycheck.gstatic.com 51ms OK 142.250.73.99,2607:f8b0:400a:80c::2003
03-30 13:12:39.269 D/NetworkMonitor/100( 1447): PROBE_HTTP http://connectivitycheck.gstatic.com/generate_204 Probe failed with exception java.io.IOException: unexpected end of stream on com.android.okhttp.Address@53b7ec5c
03-30 13:12:39.314 D/NetworkMonitor/100( 1447): PROBE_HTTPS https://www.google.com/generate_204 time=151ms ret=204 request={Connection=[close], User-Agent=[Mozilla/5.0 (X11; Linux x86_64) AppleWebKit/537.36 (KHTML, like Gecko) Chrome/60.0.3112.32 Safari/537.36]} headers={null=[HTTP/1.1 204 No Content], Alt-Svc=[h3=":443"; ma=2592000,h3-29=":443"; ma=2592000], Connection=[close], Content-Length=[0], Cross-Origin-Resource-Policy=[cross-origin], Date=[Mon, 30 Mar 2026 20:12:40 GMT], X-Android-Received-Millis=[1774901559313], X-Android-Response-Source=[NETWORK 204], X-Android-Selected-Protocol=[http/1.1], X-Android-Sent-Millis=[1774901559272]}
03-30 13:12:39.315 D/NetworkMonitor/100( 1447): isCaptivePortal: isSuccessful()=true isPortal()=false RedirectUrl=null isPartialConnectivity()=false Time=204ms
03-30 13:12:39.317 D/ConnectivityService(  815): [100 WIFI] validation passed
03-30 13:12:39.317 I/ConnectivityService(  815): Update capabilities for net 100 : -PARTIAL_CONNECTIVITY+VALIDATED
03-30 13:12:39.317 I/ConnectivityService(  815): Update score for net 100 : +IS_VALIDATED
03-30 13:12:39.319 D/ConnectivityService(  815): Switching to new default network for: uid/pid:1000/815 activeRequest: 1 callbackRequest: 1 [NetworkRequest [ REQUEST id=1, [ Capabilities: INTERNET&NOT_RESTRICTED&TRUSTED&NOT_VPN&NOT_VCN_MANAGED&NOT_BANDWIDTH_CONSTRAINED RequestorUid: 1000 RequestorPkg: android UnderlyingNetworks: Null] ]] callback flags: 0 order: 2147483647 isUidTracked: false declaredMethods: NONE using NetworkAgentInfo{network{100}  handle{432902426637}  ni{WIFI CONNECTED extra: } created=2026-03-30T19:27:11.148Z Score(Policies : TRANSPORT_PRIMARY&EVER_EVALUATED&IS_UNMETERED&EVER_VALIDATED&IS_VALIDATED ; KeepConnected : 0)  created 64867 firstValidated 66715 lastValidated 2792807  lp{{InterfaceName: wlan0 LinkAddresses: [ fe80::f856:77ed:7571:2e8/64,10.0.2.16/24,fec0::e21b:61c0:e07a:b679/64,fec0::9886:19a9:56e0:ed19/64 ] DnsAddresses: [ /10.0.2.3 ] Domains: null MTU: 0 ServerAddress: /10.0.2.2 TcpBufferSizes: 524288,1048576,2097152,262144,524288,1048576 Routes: [ fe80::/64 -> :: wlan0 mtu 0,::/0 -> fe80::2 wlan0 mtu 0,fec0::/64 -> :: wlan0 mtu 0,10.0.2.0/24 -> 0.0.0.0 wlan0 mtu 0,0.0.0.0/0 -> 10.0.2.2 wlan0 mtu 0 ]}}  nc{[ Transports: WIFI Capabilities: NOT_METERED&INTERNET&NOT_RESTRICTED&TRUSTED&NOT_VPN&VALIDATED&NOT_ROAMING&FOREGROUND&NOT_CONGESTED&NOT_SUSPENDED&NOT_VCN_MANAGED&NOT_BANDWIDTH_CONSTRAINED LinkUpBandwidth>=12000Kbps LinkDnBandwidth>=30000Kbps Specifier: <WifiNetworkAgentSpecifier [WifiConfiguration=, SSID="AndroidWifi", BSSID=00:13:10:85:fe:01, band=1, mMatchLocalOnlySpecifiers=false]> TransportInfo: <SSID: "AndroidWifi", BSSID: 00:13:10:85:fe:01, MAC: 02:15:b2:00:00:00, IP: /10.0.2.16, Security type: 0, Supplicant state: COMPLETED, Wi-Fi standard: legacy, RSSI: -50, Link speed: 1Mbps, Tx Link speed: 1Mbps, Max Supported Tx Link speed: 11Mbps, Rx Link speed: 2Mbps, Max Supported Rx Link speed: 11Mbps, Frequency: 2447MHz, Net ID: 0, Metered hint: false, score: 83, isUsable: true, CarrierMerged: false, SubscriptionId: -1, IsPrimary: 1, Trusted: true, Restricted: false, Ephemeral: false, OEM paid: false, OEM private: false, OSU AP: false, FQDN: <none>, Provider friendly name: <none>, Requesting package name: <none>"AndroidWifi"openMLO Information: , Is TID-To-Link negotiation supported by the AP: false, AP MLD Address: <none>, AP MLO Link Id: <none>, AP MLO Affiliated links: <none>, Vendor Data: <none>> SignalStrength: -50 OwnerUid: 10189 AdminUids: [10189] SSID: "AndroidWifi" UnderlyingNetworks: Null]}  factorySerialNumber=6}
03-30 13:12:39.342 D/ConnectivityService(  815): Switching to new default network for: uid/pid:1000/815 activeRequest: 231 callbackRequest: 231 [NetworkRequest [ TRACK_DEFAULT id=231, [ Capabilities: INTERNET&NOT_RESTRICTED&TRUSTED&NOT_VPN&NOT_VCN_MANAGED&NOT_BANDWIDTH_CONSTRAINED Uid: 10154 RequestorUid: 1000 RequestorPkg: android UnderlyingNetworks: Null] ], NetworkRequest [ REQUEST id=232, [ Transports: SATELLITE Capabilities: INTERNET&TRUSTED&NOT_VPN&NOT_VCN_MANAGED Uid: 10154 UnderlyingNetworks: Null] ]] callback flags: 0 order: 40 isUidTracked: false declaredMethods: NONE using NetworkAgentInfo{network{100}  handle{432902426637}  ni{WIFI CONNECTED extra: } created=2026-03-30T19:27:11.148Z Score(Policies : TRANSPORT_PRIMARY&EVER_EVALUATED&IS_UNMETERED&EVER_VALIDATED&IS_VALIDATED ; KeepConnected : 0)  created 64867 firstValidated 66715 lastValidated 2792807  lp{{InterfaceName: wlan0 LinkAddresses: [ fe80::f856:77ed:7571:2e8/64,10.0.2.16/24,fec0::e21b:61c0:e07a:b679/64,fec0::9886:19a9:56e0:ed19/64 ] DnsAddresses: [ /10.0.2.3 ] Domains: null MTU: 0 ServerAddress: /10.0.2.2 TcpBufferSizes: 524288,1048576,2097152,262144,524288,1048576 Routes: [ fe80::/64 -> :: wlan0 mtu 0,::/0 -> fe80::2 wlan0 mtu 0,fec0::/64 -> :: wlan0 mtu 0,10.0.2.0/24 -> 0.0.0.0 wlan0 mtu 0,0.0.0.0/0 -> 10.0.2.2 wlan0 mtu 0 ]}}  nc{[ Transports: WIFI Capabilities: NOT_METERED&INTERNET&NOT_RESTRICTED&TRUSTED&NOT_VPN&VALIDATED&NOT_ROAMING&FOREGROUND&NOT_CONGESTED&NOT_SUSPENDED&NOT_VCN_MANAGED&NOT_BANDWIDTH_CONSTRAINED LinkUpBandwidth>=12000Kbps LinkDnBandwidth>=30000Kbps Specifier: <WifiNetworkAgentSpecifier [WifiConfiguration=, SSID="AndroidWifi", BSSID=00:13:10:85:fe:01, band=1, mMatchLocalOnlySpecifiers=false]> TransportInfo: <SSID: "AndroidWifi", BSSID: 00:13:10:85:fe:01, MAC: 02:15:b2:00:00:00, IP: /10.0.2.16, Security type: 0, Supplicant state: COMPLETED, Wi-Fi standard: legacy, RSSI: -50, Link speed: 1Mbps, Tx Link speed: 1Mbps, Max Supported Tx Link speed: 11Mbps, Rx Link speed: 2Mbps, Max Supported Rx Link speed: 11Mbps, Frequency: 2447MHz, Net ID: 0, Metered hint: false, score: 83, isUsable: true, CarrierMerged: false, SubscriptionId: -1, IsPrimary: 1, Trusted: true, Restricted: false, Ephemeral: false, OEM paid: false, OEM private: false, OSU AP: false, FQDN: <none>, Provider friendly name: <none>, Requesting package name: <none>"AndroidWifi"openMLO Information: , Is TID-To-Link negotiation supported by the AP: false, AP MLD Address: <none>, AP MLO Link Id: <none>, AP MLO Affiliated links: <none>, Vendor Data: <none>> SignalStrength: -50 OwnerUid: 10189 AdminUids: [10189] SSID: "AndroidWifi" UnderlyingNetworks: Null]}  factorySerialNumber=6}
03-30 13:12:39.343 D/ConnectivityService(  815): Switching to new default network for: uid/pid:1000/815 activeRequest: 233 callbackRequest: 233 [NetworkRequest [ TRACK_DEFAULT id=233, [ Capabilities: INTERNET&NOT_RESTRICTED&TRUSTED&NOT_VPN&NOT_VCN_MANAGED&NOT_BANDWIDTH_CONSTRAINED Uids: <{10155-10155, 10156-10156, 10167-10167}> RequestorUid: 1000 RequestorPkg: android UnderlyingNetworks: Null] ], NetworkRequest [ REQUEST id=234, [ Transports: SATELLITE Capabilities: INTERNET&NOT_RESTRICTED&TRUSTED&NOT_VPN&NOT_VCN_MANAGED Uids: <{10155-10155, 10156-10156, 10167-10167}> UnderlyingNetworks: Null] ]] callback flags: 0 order: 40 isUidTracked: false declaredMethods: NONE using NetworkAgentInfo{network{100}  handle{432902426637}  ni{WIFI CONNECTED extra: } created=2026-03-30T19:27:11.148Z Score(Policies : TRANSPORT_PRIMARY&EVER_EVALUATED&IS_UNMETERED&EVER_VALIDATED&IS_VALIDATED ; KeepConnected : 0)  created 64867 firstValidated 66715 lastValidated 2792807  lp{{InterfaceName: wlan0 LinkAddresses: [ fe80::f856:77ed:7571:2e8/64,10.0.2.16/24,fec0::e21b:61c0:e07a:b679/64,fec0::9886:19a9:56e0:ed19/64 ] DnsAddresses: [ /10.0.2.3 ] Domains: null MTU: 0 ServerAddress: /10.0.2.2 TcpBufferSizes: 524288,1048576,2097152,262144,524288,1048576 Routes: [ fe80::/64 -> :: wlan0 mtu 0,::/0 -> fe80::2 wlan0 mtu 0,fec0::/64 -> :: wlan0 mtu 0,10.0.2.0/24 -> 0.0.0.0 wlan0 mtu 0,0.0.0.0/0 -> 10.0.2.2 wlan0 mtu 0 ]}}  nc{[ Transports: WIFI Capabilities: NOT_METERED&INTERNET&NOT_RESTRICTED&TRUSTED&NOT_VPN&VALIDATED&NOT_ROAMING&FOREGROUND&NOT_CONGESTED&NOT_SUSPENDED&NOT_VCN_MANAGED&NOT_BANDWIDTH_CONSTRAINED LinkUpBandwidth>=12000Kbps LinkDnBandwidth>=30000Kbps Specifier: <WifiNetworkAgentSpecifier [WifiConfiguration=, SSID="AndroidWifi", BSSID=00:13:10:85:fe:01, band=1, mMatchLocalOnlySpecifiers=false]> TransportInfo: <SSID: "AndroidWifi", BSSID: 00:13:10:85:fe:01, MAC: 02:15:b2:00:00:00, IP: /10.0.2.16, Security type: 0, Supplicant state: COMPLETED, Wi-Fi standard: legacy, RSSI: -50, Link speed: 1Mbps, Tx Link speed: 1Mbps, Max Supported Tx Link speed: 11Mbps, Rx Link speed: 2Mbps, Max Supported Rx Link speed: 11Mbps, Frequency: 2447MHz, Net ID: 0, Metered hint: false, score: 83, isUsable: true, CarrierMerged: false, SubscriptionId: -1, IsPrimary: 1, Trusted: true, Restricted: false, Ephemeral: false, OEM paid: false, OEM private: false, OSU AP: false, FQDN: <none>, Provider friendly name: <none>, Requesting package name: <none>"AndroidWifi"openMLO Information: , Is TID-To-Link negotiation supported by the AP: false, AP MLD Address: <none>, AP MLO Link Id: <none>, AP MLO Affiliated links: <none>, Vendor Data: <none>> SignalStrength: -50 OwnerUid: 10189 AdminUids: [10189] SSID: "AndroidWifi" UnderlyingNetworks: Null]}  factorySerialNumber=6}
03-30 13:12:39.344 W/libbinder.IPCThreadState(  815): Sending oneway calls to frozen process.
03-30 13:12:39.345 W/libbinder.IPCThreadState(  815): Sending oneway calls to frozen process.
03-30 13:12:39.346 I/NearbyMediums( 8555): WifiNetwork defaultNetworkCallback onAvailable netId:100
03-30 13:12:39.346 I/BugleRcsEngine( 5331): handleMessage processing message:[NOTIFY_UPTIME_IGNORE_STATE_CHANGED] with [non-null]:RcsEngineImpl reference [CONTEXT log_prefix="RcsEngineImpl[DUAL_REG]:[db20a24a-09a9]>Handler" thread_id=69 ]
03-30 13:12:39.347 I/BugleRcsEngine( 5331): Connected state: [1], networkType: [WIFI] [CONTEXT thread_id=66 ]
03-30 13:12:39.348 W/libbinder.IPCThreadState(  815): Sending oneway calls to frozen process.
03-30 13:12:39.348 I/BugleRcsEngine( 5331): Connected state: [1], networkType: [WIFI] [CONTEXT thread_id=66 ]
03-30 13:12:39.348 W/libbinder.IPCThreadState(  815): Sending oneway calls to frozen process.
03-30 13:12:39.350 D/NetworkTimeUpdateService(  815): New default network 100; checking time.
03-30 13:12:39.352 W/libbinder.IPCThreadState(  815): Sending oneway calls to frozen process.
03-30 13:12:39.353 D/ConnectivityService(  815): Setting inactive [101 CELLULAR] for 30000ms
03-30 13:12:39.354 I/BugleRcsEngine( 5331): No RCS Configuration was found in Bugle for simID: redacted-pii:sim_id[chars:20,last3:897] [CONTEXT log_prefix="ProvisioningEngineDataRetriever" thread_id=69 ]
03-30 13:12:39.354 I/BugleRcsEngine( 5331): handleMessage processing message:[NOTIFY_UPTIME_IGNORE_STATE_CHANGED] with [non-null]:RcsEngineImpl reference [CONTEXT log_prefix="RcsEngineImpl[DUAL_REG]:[db20a24a-09a9]>Handler" thread_id=69 ]
03-30 13:12:39.355 I/BugleRcsEngine( 5331): handleMessage processing message:[NOTIFY_UPTIME_IGNORE_STATE_CHANGED] with [non-null]:RcsEngineImpl reference [CONTEXT log_prefix="RcsEngineImpl[DUAL_REG]:[b458d8d3-bf03]>Handler" thread_id=63 ]
03-30 13:12:39.356 I/BugleRcsEngine( 5331): Connected state: [1], networkType: [WIFI] [CONTEXT thread_id=66 ]
03-30 13:12:39.356 W/libbinder.IPCThreadState(  815): Sending oneway calls to frozen process.
03-30 13:12:39.356 W/libbinder.IPCThreadState(  815): Sending oneway calls to frozen process.
03-30 13:12:39.356 D/ONSProfileActivator( 1522): Internet connection available
03-30 13:12:39.357 D/UpstreamNetworkMonitor( 1447): New default Internet network: 100
03-30 13:12:39.357 D/ConnectivityService(  815): Sending DISCONNECTED broadcast for type 0 [101 CELLULAR] isDefaultNetwork=true
03-30 13:12:39.358 W/ContextImpl(  815): Calling a method in the system process without a qualified user: android.app.ContextImpl.sendStickyBroadcast:1758 android.net.connectivity.com.android.server.ConnectivityService.sendStickyBroadcast:4373 android.net.connectivity.com.android.server.ConnectivityService.sendLegacyNetworkBroadcast:13237 android.net.connectivity.com.android.server.ConnectivityService$LegacyTypeTracker.remove:1406 android.net.connectivity.com.android.server.ConnectivityService.updateLegacyTypeTrackerAndVpnLockdownForRematch:12697 
03-30 13:12:39.358 I/BugleRcsEngine( 5331): Connected state: [1], networkType: [WIFI] [CONTEXT thread_id=66 ]
03-30 13:12:39.359 I/BugleRcsEngine( 5331): No RCS Configuration was found in Bugle for simID: redacted-pii:sim_id[chars:20,last3:897] [CONTEXT log_prefix="ProvisioningEngineDataRetriever" thread_id=69 ]
03-30 13:12:39.359 D/ConnectivityService(  815): Sending CONNECTED broadcast for type 1 [100 WIFI] isDefaultNetwork=true
03-30 13:12:39.359 W/ContextImpl(  815): Calling a method in the system process without a qualified user: android.app.ContextImpl.sendStickyBroadcast:1758 android.net.connectivity.com.android.server.ConnectivityService.sendStickyBroadcast:4373 android.net.connectivity.com.android.server.ConnectivityService.sendGeneralBroadcast:4343 android.net.connectivity.com.android.server.ConnectivityService.sendConnectedBroadcast:4316 android.net.connectivity.com.android.server.ConnectivityService.sendLegacyNetworkBroadcast:13209 
03-30 13:12:39.361 I/GnssNetworkConnectivityHandler(  815): updateNetworkState, state=CLOSED, connected=true, network=100, capabilityFlags=3, availableNetworkCount: 2
03-30 13:12:39.361 I/BugleRcsEngine( 5331): No RCS Configuration was found in Bugle for simID: redacted-pii:sim_id[chars:20,last3:897] [CONTEXT log_prefix="ProvisioningEngineDataRetriever" thread_id=63 ]
03-30 13:12:39.362 I/BugleRcsEngine( 5331): handleMessage processing message:[NOTIFY_UPTIME_IGNORE_STATE_CHANGED] with [non-null]:RcsEngineImpl reference [CONTEXT log_prefix="RcsEngineImpl[DUAL_REG]:[b458d8d3-bf03]>Handler" thread_id=63 ]
03-30 13:12:39.362 D/ConnectivityService(  815): NetReassign [291 : 101 → 100, 235 : 101 → 100, 263 : 101 → 100, 246 : 101 → 100, 115 : 101 → 100, 26 : 101 → 100, 138 : 101 → 100, 233 : 101 → 100, 53 : 101 → 100, 286 : 101 → 100, 120 : 101 → 100, 122 : 101 → 100, 256 : 101 → 100, 57 : 101 → 100, 241 : 101 → 100, 248 : 101 → 100, 65 : 101 → 100, 33 : 101 → 100, 73 : 101 → 100, 86 : 101 → 100, 182 : 101 → 100, 126 : 101 → 100, 6 : 101 → 100, 270 : 101 → 100, 250 : 101 → 100, 203 : 101 → 100, 237 : 101 → 100, 84 : 101 → 100, 283 : 101 → 100, 90 : 101 → 100, 274 : 101 → 100, 243 : 101 → 100, 239 : 101 → 100, 113 : 101 → 100, 31 : 101 → 100, 260 : 101 → 100, 201 : 101 → 100, 48 : 101 → 100, 136 : 101 → 100, 188 : 101 → 100, 301 : 101 → 100, 20 : 101 → 100, 39 : 101 → 100, 44 : 101 → 100, 35 : 101 → 100, 278 : 101 → 100, 231 : 101 → 100, 41 : 101 → 100, 29 : 101 → 100, 206 : 101 → 100, 1 : 101 → 100, 46 : 101 → 100, 267 : 101 → 100, 30 : 101 → 100] [c 0] [a 44] [i 0]
03-30 13:12:39.363 I/TrafficStats( 8555): tagSocketFd(-1, 1031, -1) failed with errno-9
03-30 13:12:39.366 D/SatelliteController( 1522): EVENT_WIFI_CONNECTIVITY_STATE_CHANGED: mIsWifiConnected=true
03-30 13:12:39.366 W/libbinder.IPCThreadState(  815): Sending oneway calls to frozen process.
03-30 13:12:39.367 E/SatelliteController( 1522): registerForSatelliteCommunicationAccessStateChanged: SatelliteManager is null
03-30 13:12:39.367 D/SatelliteController( 1522): isCarrierRoamingNtnEligible: satellite access is not allowed
03-30 13:12:39.367 W/libbinder.IPCThreadState(  815): Sending oneway calls to frozen process.
03-30 13:12:39.367 D/SatelliteController( 1522): evaluateCarrierRoamingNtnEligibilityChange: isCarrierRoamingNtnEligible=false
03-30 13:12:39.367 D/SatelliteController( 1522): getSelectedSatelliteSubId: subId=-1
03-30 13:12:39.367 D/SatelliteController( 1522): notifyNtnEligibility: phoneId=0 currentNtnEligibility=false
03-30 13:12:39.369 W/libbinder.IPCThreadState(  815): Sending oneway calls to frozen process.
03-30 13:12:39.369 W/libbinder.IPCThreadState(  815): Sending oneway calls to frozen process.
03-30 13:12:39.369 W/libbinder.IPCThreadState(  815): Sending oneway calls to frozen process.
03-30 13:12:39.369 W/libbinder.IPCThreadState(  815): Sending oneway calls to frozen process.
03-30 13:12:39.369 I/BugleRcsEngine( 5331): handleMessage processing message:[NOTIFY_UPTIME_IGNORE_STATE_CHANGED] with [non-null]:RcsEngineImpl reference [CONTEXT log_prefix="RcsEngineImpl[DUAL_REG]:[db20a24a-09a9]>Handler" thread_id=69 ]
03-30 13:12:39.370 D/ConnectivityService(  815): Setting DNS servers for network 100 to [/10.0.2.3]
03-30 13:12:39.370 D/DnsManager(  815): sendDnsConfigurationForNetwork(ResolverParamsParcel{netId: 100, sampleValiditySeconds: 1800, successThreshold: 25, minSamples: 8, maxSamples: 64, baseTimeoutMsec: 0, retryCount: 0, servers: [10.0.2.3], domains: [], tlsName: , tlsServers: [10.0.2.3], tlsFingerprints: [], caCertificate: , tlsConnectTimeoutMs: 0, resolverOptions: null, transportTypes: [1], meteredNetwork: false, dohParams: null, interfaceNames: [wlan0]})
03-30 13:12:39.371 I/NullBinder( 8555): NullBinder for android.net.action.RECOMMEND_NETWORKS triggering remote TransactionTooLargeException due to Service without Chimera impl, calling uid: 1000, calling pid: 0
03-30 13:12:39.371 W/libbinder.Binder( 8555): Large reply transaction of 1056768 bytes, interface descriptor , code 1, flags 17
03-30 13:12:39.371 I/BugleRcsEngine( 5331): Connected state: [1], networkType: [WIFI] [CONTEXT thread_id=66 ]
03-30 13:12:39.372 I/BugleRcsEngine( 5331): No RCS Configuration was found in Bugle for simID: redacted-pii:sim_id[chars:20,last3:897] [CONTEXT log_prefix="ProvisioningEngineDataRetriever" thread_id=63 ]
03-30 13:12:39.372 I/BugleRcsEngine( 5331): Connected state: [1], networkType: [WIFI] [CONTEXT thread_id=66 ]
03-30 13:12:39.372 I/BugleRcsEngine( 5331): handleMessage processing message:[NOTIFY_UPTIME_IGNORE_STATE_CHANGED] with [non-null]:RcsEngineImpl reference [CONTEXT log_prefix="RcsEngineImpl[DUAL_REG]:[b458d8d3-bf03]>Handler" thread_id=63 ]
03-30 13:12:39.377 I/BugleRcsEngine( 5331): No RCS Configuration was found in Bugle for simID: redacted-pii:sim_id[chars:20,last3:897] [CONTEXT log_prefix="ProvisioningEngineDataRetriever" thread_id=69 ]
03-30 13:12:39.378 I/BugleRcsEngine( 5331): No RCS Configuration was found in Bugle for simID: redacted-pii:sim_id[chars:20,last3:897] [CONTEXT log_prefix="ProvisioningEngineDataRetriever" thread_id=63 ]
03-30 13:12:39.381 W/ScanResultUtil(  815): Empty or null ScanResult list
03-30 13:12:39.381 W/WifiService(  815): Attempt to retrieve WifiConfiguration with invalid scanResult List
03-30 13:12:39.381 W/ScanResultUtil(  815): Empty or null ScanResult list
03-30 13:12:39.381 E/WifiService(  815): Attempt to retrieve passpoint with invalid scanResult List
03-30 13:12:39.381 W/ScanResultUtil(  815): Empty or null ScanResult list
03-30 13:12:39.381 W/WifiService(  815): Attempt to retrieve OsuProviders with invalid scanResult List
03-30 13:12:39.451 W/WakeLock( 8555): GCM_HB_ALARM release without a matched acquire! [CONTEXT service_id=259 ]
03-30 13:12:39.451 W/WakeLock( 8555): GCM_HB_ALARM counter does not exist
03-30 13:12:39.457 I/AlarmManager( 8555): setExactAndAllowWhileIdle [name: GCM_HB_ALARM type: 2 triggerAtMillis: 3392946]
03-30 13:12:39.507 I/AlarmManager( 8555): setExactAndAllowWhileIdle [name: GCM_HB_ALARM type: 2 triggerAtMillis: 3392996]
03-30 13:12:39.511 W/WakeLock( 8555): GCM_CONN_ALARM release without a matched acquire! [CONTEXT service_id=259 ]
03-30 13:12:39.511 W/WakeLock( 8555): GCM_CONN_ALARM counter does not exist
03-30 13:12:39.520 I/AlarmManager( 8555): setExactAndAllowWhileIdle [name: GCM_HB_ALARM type: 2 triggerAtMillis: 3393009]
03-30 13:12:39.568 I/HalDevMgr(  815): bestIfaceCreationProposal is null, requestIface=STA, existingIface=[name=wlan0 type=STA]
03-30 13:12:39.861 I/DeviceStatusMonitor( 8754): DeviceStatusMonitor.handleBroadcast():123 onReceive() : Action = android.net.conn.CONNECTIVITY_CHANGE
03-30 13:12:39.863 I/DeviceStatusMonitor( 8754): DeviceStatusMonitor.notifyIfNetworkChanged():180 notifyIfNetworkChanged: newState = NON_METERED, airplaneModeOn = false, notifyAnyway = false
03-30 13:12:39.864 I/NetworkInfoNotification( 8754): NetworkInfoNotification$Listener.onReceive():107 onNetworkAvailable: networkState = NON_METERED, isAirplaneModeOn = false
03-30 13:12:39.864 I/NetworkInfoNotification( 8754): NetworkInfoNotification$Listener.onReceive():107 onNetworkAvailable: networkState = NON_METERED, isAirplaneModeOn = false
03-30 13:12:39.864 I/HandwritingOnlineSuperpacks( 8754): HandwritingOnlineSuperpacks$1.onNetworkAvailable():70 onNetworkAvailable
03-30 13:12:39.864 I/DeviceStatusMonitor( 8754): DeviceStatusMonitor.handleBroadcast():123 onReceive() : Action = android.net.conn.CONNECTIVITY_CHANGE
03-30 13:12:39.864 I/HandwritingSuperpacks( 8754): HandwritingSuperpacks.register():265 register(): version '86', url 'https://dl.google.com/handwriting/models/handwriting_release.superpack_manifest.20231127.json' [ONLINE]
03-30 13:12:39.865 I/NetworkInfoNotification( 8754): NetworkInfoNotification$Listener.onReceive():107 onNetworkAvailable: networkState = NON_METERED, isAirplaneModeOn = false
03-30 13:12:39.865 I/NetworkInfoNotification( 8754): NetworkInfoNotification$Listener.onReceive():107 onNetworkAvailable: networkState = NON_METERED, isAirplaneModeOn = false
03-30 13:12:39.865 E/NotificationCenter( 8754): NotificationCenter.registerListenerInternal():378 Listener lpm@aea4d33 is already registered for notification class lpc
03-30 13:12:39.867 I/SP      ( 8754): Registering handwriting_recognition.86, url: https://dl.google.com/handwriting/models/handwriting_release.superpack_manifest.20231127.json, constraints: m:*:*:*, flags: *, requested: 86, current: 86
03-30 13:12:39.868 I/HandwritingOnlineSuperpacks( 8754): HandwritingOnlineSuperpacks.syncInternal():168 syncPackMapping()
03-30 13:12:39.869 I/DeviceStatusMonitor( 8754): DeviceStatusMonitor.notifyIfNetworkChanged():180 notifyIfNetworkChanged: newState = NON_METERED, airplaneModeOn = false, notifyAnyway = false
03-30 13:12:39.870 I/HandwritingSlicingStrategy( 8754): HandwritingSlicingStrategy.getSlices():44 getSlices(): handwriting_recognition.86 useForeground=true
03-30 13:12:39.871 W/ctxmgr  ( 8555): [NetworkStateProducer] No state change for network connection context [CONTEXT service_id=47 ]
03-30 13:12:39.872 I/HandwritingSlicingStrategy( 8754): HandwritingSlicingStrategy.getSlices():103 getSlices(): result {slices=[{handwriting_recognition:pack_mapping_v1_lstm_20231127, m:*:*:*}, {handwriting_recognition:transformer_latin_tflite_20231010_zip, m:*:*:*}, {handwriting_recognition:qrnn_en_us_reco_20231010_fst_20230613_recospec_zip, m:*:*:*}, {handwriting_recognition:transformer_latin_conf_tflite_20231010_zip, m:*:*:*}, {handwriting_recognition:transformer_latin_seg_tflite_20231010_zip, m:*:*:*}, {handwriting_recognition:en_us_20230613_compact_fst_zip, m:*:*:*}, {handwriting_recognition:scribe_latin_20231123_tflite_zip, m:*:*:*}, {handwriting_recognition:scribe_latin_20231123_recospec_zip, m:*:*:*}], last batch=true, sync metadata=false}
03-30 13:12:39.872 I/SP      ( 8754): Syncing handwriting_recognition (86) with slices: [{pack_mapping_v1_lstm_20231127, m:*:*:*}, {transformer_latin_tflite_20231010_zip, m:*:*:*}, {qrnn_en_us_reco_20231010_fst_20230613_recospec_zip, m:*:*:*}, {transformer_latin_conf_tflite_20231010_zip, m:*:*:*}, {transformer_latin_seg_tflite_20231010_zip, m:*:*:*}, {en_us_20230613_compact_fst_zip, m:*:*:*}, {scribe_latin_20231123_tflite_zip, m:*:*:*}, {scribe_latin_20231123_recospec_zip, m:*:*:*}], metadata: false
03-30 13:12:39.924 W/JobInfo (  815): Job 'com.google.android.settings.intelligence/.modules.routines.impl.RoutinesJobIntentService#1728' has a deadline with no functional constraints. The deadline won't improve job execution latency. Consider removing the deadline.
03-30 13:12:39.938 W/rules.WifiRx( 8342): FenceState currentState is not true
03-30 13:12:40.084 W/putmethod.latin( 8754): Reducing the number of considered missed Gc histogram windows from 159 to 100
03-30 13:12:40.087 W/SP      ( 8754): File ref is being finalized but wasn't closed, file: en_us_20230613_compact_fst_zip[53]
03-30 13:12:40.087 W/SP      ( 8754): File ref is being finalized but wasn't closed, file: transformer_latin_tflite_20231010_zip[53]
03-30 13:12:40.087 W/SP      ( 8754): File ref is being finalized but wasn't closed, file: transformer_latin_seg_tflite_20231010_zip[53]
03-30 13:12:40.088 W/SP      ( 8754): File ref is being finalized but wasn't closed, file: transformer_latin_conf_tflite_20231010_zip[53]
03-30 13:12:40.088 W/SP      ( 8754): File ref is being finalized but wasn't closed, file: qrnn_en_us_reco_20231010_fst_20230613_recospec_zip[53]
03-30 13:12:40.088 W/SP      ( 8754): File ref is being finalized but wasn't closed, file: scribe_latin_20231123_tflite_zip[53]
03-30 13:12:40.088 W/SP      ( 8754): File ref is being finalized but wasn't closed, file: scribe_latin_20231123_recospec_zip[53]
03-30 13:12:40.088 W/SP      ( 8754): File ref is being finalized but wasn't closed, file: en_us_20230613_compact_fst_zip[53]
03-30 13:12:40.088 W/SP      ( 8754): File ref is being finalized but wasn't closed, file: scribe_latin_20231123_recospec_zip[53]
03-30 13:12:40.088 W/SP      ( 8754): File ref is being finalized but wasn't closed, file: transformer_latin_seg_tflite_20231010_zip[53]
03-30 13:12:40.088 W/SP      ( 8754): File ref is being finalized but wasn't closed, file: pack_mapping_v1_lstm_20231127[42]
03-30 13:12:40.088 W/SP      ( 8754): File ref is being finalized but wasn't closed, file: transformer_latin_conf_tflite_20231010_zip[53]
03-30 13:12:40.088 W/SP      ( 8754): File ref is being finalized but wasn't closed, file: qrnn_en_us_reco_20231010_fst_20230613_recospec_zip[53]
03-30 13:12:40.088 W/SP      ( 8754): File ref is being finalized but wasn't closed, file: scribe_latin_20231123_tflite_zip[53]
03-30 13:12:40.088 W/SP      ( 8754): File ref is being finalized but wasn't closed, file: transformer_latin_tflite_20231010_zip[53]
03-30 13:12:40.088 W/SP      ( 8754): File ref is being finalized but wasn't closed, file: en_us_20230613_compact_fst_zip[53]
03-30 13:12:40.089 W/SP      ( 8754): File ref is being finalized but wasn't closed, file: scribe_latin_20231123_recospec_zip[53]
03-30 13:12:40.089 W/SP      ( 8754): File ref is being finalized but wasn't closed, file: transformer_latin_seg_tflite_20231010_zip[53]
03-30 13:12:40.089 W/SP      ( 8754): File ref is being finalized but wasn't closed, file: pack_mapping_v1_lstm_20231127[42]
03-30 13:12:40.089 W/SP      ( 8754): File ref is being finalized but wasn't closed, file: transformer_latin_conf_tflite_20231010_zip[53]
03-30 13:12:40.089 W/SP      ( 8754): File ref is being finalized but wasn't closed, file: qrnn_en_us_reco_20231010_fst_20230613_recospec_zip[53]
03-30 13:12:40.089 W/SP      ( 8754): File ref is being finalized but wasn't closed, file: scribe_latin_20231123_tflite_zip[53]
03-30 13:12:40.089 W/SP      ( 8754): File ref is being finalized but wasn't closed, file: transformer_latin_tflite_20231010_zip[53]
03-30 13:12:40.089 W/SP      ( 8754): File ref is being finalized but wasn't closed, file: en_us_20230613_compact_fst_zip[53]
03-30 13:12:40.090 W/SP      ( 8754): File ref is being finalized but wasn't closed, file: scribe_latin_20231123_recospec_zip[53]
03-30 13:12:40.090 W/SP      ( 8754): File ref is being finalized but wasn't closed, file: transformer_latin_seg_tflite_20231010_zip[53]
03-30 13:12:40.090 W/SP      ( 8754): File ref is being finalized but wasn't closed, file: pack_mapping_v1_lstm_20231127[42]
03-30 13:12:40.090 W/SP      ( 8754): File ref is being finalized but wasn't closed, file: transformer_latin_conf_tflite_20231010_zip[53]
03-30 13:12:40.090 W/SP      ( 8754): File ref is being finalized but wasn't closed, file: qrnn_en_us_reco_20231010_fst_20230613_recospec_zip[53]
03-30 13:12:40.090 W/SP      ( 8754): File ref is being finalized but wasn't closed, file: scribe_latin_20231123_tflite_zip[53]
03-30 13:12:40.090 W/SP      ( 8754): File ref is being finalized but wasn't closed, file: transformer_latin_tflite_20231010_zip[53]
03-30 13:12:40.090 W/SP      ( 8754): File ref is being finalized but wasn't closed, file: en_us_20230613_compact_fst_zip[53]
03-30 13:12:40.090 W/SP      ( 8754): File ref is being finalized but wasn't closed, file: scribe_latin_20231123_recospec_zip[53]
03-30 13:12:40.090 W/SP      ( 8754): File ref is being finalized but wasn't closed, file: transformer_latin_seg_tflite_20231010_zip[53]
03-30 13:12:40.090 W/SP      ( 8754): File ref is being finalized but wasn't closed, file: pack_mapping_v1_lstm_20231127[42]
03-30 13:12:40.090 W/SP      ( 8754): File ref is being finalized but wasn't closed, file: transformer_latin_conf_tflite_20231010_zip[53]
03-30 13:12:40.090 W/SP      ( 8754): File ref is being finalized but wasn't closed, file: qrnn_en_us_reco_20231010_fst_20230613_recospec_zip[53]
03-30 13:12:40.090 W/SP      ( 8754): File ref is being finalized but wasn't closed, file: scribe_latin_20231123_tflite_zip[53]
03-30 13:12:40.090 W/SP      ( 8754): File ref is being finalized but wasn't closed, file: transformer_latin_tflite_20231010_zip[53]
03-30 13:12:40.090 W/SP      ( 8754): File ref is being finalized but wasn't closed, file: en_us_20230613_compact_fst_zip[53]
03-30 13:12:40.090 W/SP      ( 8754): File ref is being finalized but wasn't closed, file: transformer_latin_tflite_20231010_zip[53]
03-30 13:12:40.090 W/SP      ( 8754): File ref is being finalized but wasn't closed, file: transformer_latin_seg_tflite_20231010_zip[53]
03-30 13:12:40.090 W/SP      ( 8754): File ref is being finalized but wasn't closed, file: transformer_latin_conf_tflite_20231010_zip[53]
03-30 13:12:40.090 W/SP      ( 8754): File ref is being finalized but wasn't closed, file: qrnn_en_us_reco_20231010_fst_20230613_recospec_zip[53]
03-30 13:12:40.091 W/SP      ( 8754): File ref is being finalized but wasn't closed, file: scribe_latin_20231123_tflite_zip[53]
03-30 13:12:40.091 W/SP      ( 8754): File ref is being finalized but wasn't closed, file: scribe_latin_20231123_recospec_zip[53]
03-30 13:12:40.091 W/SP      ( 8754): File ref is being finalized but wasn't closed, file: en_us_20230613_compact_fst_zip[53]
03-30 13:12:40.091 W/SP      ( 8754): File ref is being finalized but wasn't closed, file: scribe_latin_20231123_recospec_zip[53]
03-30 13:12:40.091 W/SP      ( 8754): File ref is being finalized but wasn't closed, file: transformer_latin_seg_tflite_20231010_zip[53]
03-30 13:12:40.091 W/SP      ( 8754): File ref is being finalized but wasn't closed, file: pack_mapping_v1_lstm_20231127[42]
03-30 13:12:40.091 W/SP      ( 8754): File ref is being finalized but wasn't closed, file: transformer_latin_conf_tflite_20231010_zip[53]
03-30 13:12:40.091 W/SP      ( 8754): File ref is being finalized but wasn't closed, file: qrnn_en_us_reco_20231010_fst_20230613_recospec_zip[53]
03-30 13:12:40.091 W/SP      ( 8754): File ref is being finalized but wasn't closed, file: scribe_latin_20231123_tflite_zip[53]
03-30 13:12:40.091 W/SP      ( 8754): File ref is being finalized but wasn't closed, file: transformer_latin_tflite_20231010_zip[53]
03-30 13:12:40.091 W/SP      ( 8754): File ref is being finalized but wasn't closed, file: en_us_20230613_compact_fst_zip[53]
03-30 13:12:40.091 W/SP      ( 8754): File ref is being finalized but wasn't closed, file: scribe_latin_20231123_recospec_zip[53]
03-30 13:12:40.091 W/SP      ( 8754): File ref is being finalized but wasn't closed, file: transformer_latin_seg_tflite_20231010_zip[53]
03-30 13:12:40.091 W/SP      ( 8754): File ref is being finalized but wasn't closed, file: pack_mapping_v1_lstm_20231127[42]
03-30 13:12:40.091 W/SP      ( 8754): File ref is being finalized but wasn't closed, file: transformer_latin_conf_tflite_20231010_zip[53]
03-30 13:12:40.092 W/SP      ( 8754): File ref is being finalized but wasn't closed, file: qrnn_en_us_reco_20231010_fst_20230613_recospec_zip[53]
03-30 13:12:40.092 W/SP      ( 8754): File ref is being finalized but wasn't closed, file: scribe_latin_20231123_tflite_zip[53]
