03-30 13:11:40.586 I/artd    ( 3343): GetBestInfo: odex next to the dex file (/data/app/~~l86ooHn3z7zjJPmRwuVyKA==/com.google.android.gms-mjvtrlLEHAA3R1GV5L8qqg==/oat/x86_64/split_DynamiteModulesA_installtime.odex) is kOatUpToDate with filter 'speed' executable 'false'
03-30 13:11:40.588 I/artd    ( 3343): GetBestInfo: odex next to the dex file (/data/app/~~l86ooHn3z7zjJPmRwuVyKA==/com.google.android.gms-mjvtrlLEHAA3R1GV5L8qqg==/oat/x86_64/split_DynamiteModulesC_installtime.odex) is kOatUpToDate with filter 'speed' executable 'false'
03-30 13:11:40.589 I/artd    ( 3343): GetBestInfo: odex next to the dex file (/data/app/~~l86ooHn3z7zjJPmRwuVyKA==/com.google.android.gms-mjvtrlLEHAA3R1GV5L8qqg==/oat/x86_64/split_GoogleCertificates_installtime.odex) is kOatUpToDate with filter 'speed' executable 'false'
03-30 13:11:40.591 I/artd    ( 3343): GetBestInfo: odex next to the dex file (/data/app/~~l86ooHn3z7zjJPmRwuVyKA==/com.google.android.gms-mjvtrlLEHAA3R1GV5L8qqg==/oat/x86_64/split_MapsDynamite_installtime.odex) is kOatUpToDate with filter 'speed' executable 'false'
03-30 13:11:40.592 I/artd    ( 3343): GetBestInfo: odex next to the dex file (/data/app/~~l86ooHn3z7zjJPmRwuVyKA==/com.google.android.gms-mjvtrlLEHAA3R1GV5L8qqg==/oat/x86_64/split_MeasurementDynamite_installtime.odex) is kOatUpToDate with filter 'speed' executable 'false'
03-30 13:11:40.594 I/artd    ( 3343): GetBestInfo: /data/user_de/0/com.google.android.gms/app_chimera/m/0000000d/dl-PlayCloudSearch.optional_253434100000.apk has no usable artifacts
03-30 13:11:40.595 I/artd    ( 3343): GetBestInfo: /data/user_de/0/com.google.android.gms/app_chimera/m/0000000c/dl-MlkitBarcodeUi.optional_253434100800.apk has no usable artifacts
03-30 13:11:40.596 I/artd    ( 3343): GetBestInfo: /data/user_de/0/com.google.android.gms/app_chimera/m/00000001/CronetDynamite.apk has no usable artifacts
03-30 13:11:40.597 I/artd    ( 3343): GetBestInfo: /data/user_de/0/com.google.android.gms/app_chimera/m/00000016/dl-MlkitOcrCommon.optional_261133100800.apk has no usable artifacts
03-30 13:11:40.598 I/artd    ( 3343): GetBestInfo: /data/user_de/0/com.google.android.gms/app_chimera/m/0000000e/dl-VisionOcr.optional_253434100000.apk has no usable artifacts
03-30 13:11:40.599 I/artd    ( 3343): GetBestInfo: /data/user_de/0/com.google.android.gms/app_chimera/m/00000002/DynamiteLoader.apk has no usable artifacts
03-30 13:11:40.599 I/artd    ( 3343): GetBestInfo: /data/user_de/0/com.google.android.gms/app_chimera/m/00000005/GoogleCertificates.apk has no usable artifacts
03-30 13:11:40.600 I/artd    ( 3343): GetBestInfo: /data/user_de/0/com.google.android.gms/app_chimera/m/00000012/dl-Appsearch.optional_261133100800.apk has no usable artifacts
03-30 13:11:40.602 I/artd    ( 3343): GetBestInfo: /data/user_de/0/com.google.android.gms/app_chimera/m/00000011/dl-PlayCloudSearch.optional_261133100000.apk has no usable artifacts
03-30 13:11:40.603 I/artd    ( 3343): GetBestInfo: /data/user_de/0/com.google.android.gms/app_chimera/m/00000015/dl-MlkitBarcodeUi.optional_261133100800.apk has no usable artifacts
03-30 13:11:40.605 I/artd    ( 3343): GetBestInfo: /data/user_de/0/com.google.android.gms/app_chimera/m/0000000a/dl-Appsearch.optional_253434100800.apk has no usable artifacts
03-30 13:11:40.607 I/artd    ( 3343): GetBestInfo: /data/user_de/0/com.google.android.gms/app_chimera/m/00000008/dl-TfliteDynamiteDynamite.integ_252130102100800.apk has no usable artifacts
03-30 13:11:40.609 I/artd    ( 3343): GetBestInfo: /data/user_de/0/com.google.android.gms/app_chimera/m/0000000f/dl-MlkitOcrCommon.optional_253434100800.apk has no usable artifacts
03-30 13:11:40.610 I/artd    ( 3343): GetBestInfo: /data/user_de/0/com.google.android.gms/app_chimera/m/00000010/dl-VisionOcr.optional_261133100000.apk has no usable artifacts
03-30 13:11:40.611 I/artd    ( 3343): GetBestInfo: vdex next to the dex file (/data/user/0/com.google.android.gms/app_dg_cache/BB2AE5A47BB198AF36C19CFD2B6407061A1BAF30/oat/x86_64/the.vdex) is kOatUpToDate with filter 'verify' executable 'false'
03-30 13:11:40.612 I/artd    ( 3343): GetBestInfo: /data/user_de/0/com.google.android.gms/app_chimera/m/00000007/MeasurementDynamite.apk has no usable artifacts
03-30 13:11:42.386 I/HalDevMgr(  815): bestIfaceCreationProposal is null, requestIface=STA, existingIface=[name=wlan0 type=STA]
03-30 13:11:42.675 D/SatelliteController( 1522): iisInCarrierRoamingNbIotNtn: satellite is disabled
03-30 13:11:42.678 D/SatelliteController( 1522): getCarrierRoamingNtnConnectType: Falling back to global carrier config connect type: 0
03-30 13:11:45.393 I/HalDevMgr(  815): bestIfaceCreationProposal is null, requestIface=STA, existingIface=[name=wlan0 type=STA]
03-30 13:11:46.930 D/ConnectivityService(  815): handleLingerComplete for [101 CELLULAR]
03-30 13:11:46.931 I/ConnectivityService(  815): Update capabilities for net 101 : -FOREGROUND
03-30 13:11:46.932 D/InetDiagMessage(  815): Destroyed 0 sockets, proto=IPPROTO_TCP, family=AF_INET, states=14
03-30 13:11:46.933 D/InetDiagMessage(  815): Destroyed 0 sockets, proto=IPPROTO_TCP, family=AF_INET6, states=14
03-30 13:11:46.933 D/InetDiagMessage(  815): Destroyed live tcp sockets for lacking permission for netId:101 and permission:1 in 2ms
03-30 13:11:46.939 D/InetDiagMessage(  815): Destroyed 0 sockets, proto=IPPROTO_TCP, family=AF_INET, states=14
03-30 13:11:46.940 D/InetDiagMessage(  815): Destroyed 0 sockets, proto=IPPROTO_TCP, family=AF_INET6, states=14
03-30 13:11:46.940 D/InetDiagMessage(  815): Destroyed live tcp sockets for lacking permission for netId:101 and permission:1 in 1ms
03-30 13:11:46.941 W/libbinder.IPCThreadState(  815): Sending oneway calls to frozen process.
03-30 13:11:46.942 W/libbinder.IPCThreadState(  815): Sending oneway calls to frozen process.
03-30 13:11:48.400 I/HalDevMgr(  815): bestIfaceCreationProposal is null, requestIface=STA, existingIface=[name=wlan0 type=STA]
03-30 13:11:49.944 D/ActivityManager(  815): freezing 9369 com.google.android.apps.messaging
03-30 13:11:50.474 W/libbinder.BackendUnifiedServiceManager(11938): Thread Pool max thread count is 0. Cannot cache binder as linkToDeath cannot be implemented. serviceName: package
03-30 13:11:50.532 D/ActivityManager(  815): freezing 8342 com.google.android.settings.intelligence
03-30 13:11:50.536 D/InetDiagMessage(  815): Destroyed 0 sockets, proto=IPPROTO_TCP, family=AF_INET, states=14
03-30 13:11:50.537 D/InetDiagMessage(  815): Destroyed 0 sockets, proto=IPPROTO_TCP, family=AF_INET6, states=14
03-30 13:11:50.537 D/InetDiagMessage(  815): Destroyed live tcp sockets for uids={10157} in 3ms
03-30 13:11:50.575 I/artd    ( 3343): GetBestInfo: odex next to the dex file (/data/app/~~l86ooHn3z7zjJPmRwuVyKA==/com.google.android.gms-mjvtrlLEHAA3R1GV5L8qqg==/oat/x86_64/base.odex) is kOatUpToDate with filter 'speed-profile' executable 'false'
03-30 13:11:50.577 I/artd    ( 3343): GetBestInfo: odex next to the dex file (/data/app/~~l86ooHn3z7zjJPmRwuVyKA==/com.google.android.gms-mjvtrlLEHAA3R1GV5L8qqg==/oat/x86_64/split_AdsDynamite_installtime.odex) is kOatUpToDate with filter 'speed' executable 'false'
03-30 13:11:50.579 I/artd    ( 3343): GetBestInfo: odex next to the dex file (/data/app/~~l86ooHn3z7zjJPmRwuVyKA==/com.google.android.gms-mjvtrlLEHAA3R1GV5L8qqg==/oat/x86_64/split_CronetDynamite_installtime.odex) is kOatUpToDate with filter 'speed' executable 'false'
03-30 13:11:50.580 I/artd    ( 3343): GetBestInfo: odex next to the dex file (/data/app/~~l86ooHn3z7zjJPmRwuVyKA==/com.google.android.gms-mjvtrlLEHAA3R1GV5L8qqg==/oat/x86_64/split_DynamiteLoader_installtime.odex) is kOatUpToDate with filter 'speed' executable 'false'
03-30 13:11:50.582 I/artd    ( 3343): GetBestInfo: odex next to the dex file (/data/app/~~l86ooHn3z7zjJPmRwuVyKA==/com.google.android.gms-mjvtrlLEHAA3R1GV5L8qqg==/oat/x86_64/split_DynamiteModulesA_installtime.odex) is kOatUpToDate with filter 'speed' executable 'false'
03-30 13:11:50.583 I/artd    ( 3343): GetBestInfo: odex next to the dex file (/data/app/~~l86ooHn3z7zjJPmRwuVyKA==/com.google.android.gms-mjvtrlLEHAA3R1GV5L8qqg==/oat/x86_64/split_DynamiteModulesC_installtime.odex) is kOatUpToDate with filter 'speed' executable 'false'
03-30 13:11:50.585 I/artd    ( 3343): GetBestInfo: odex next to the dex file (/data/app/~~l86ooHn3z7zjJPmRwuVyKA==/com.google.android.gms-mjvtrlLEHAA3R1GV5L8qqg==/oat/x86_64/split_GoogleCertificates_installtime.odex) is kOatUpToDate with filter 'speed' executable 'false'
03-30 13:11:50.586 I/artd    ( 3343): GetBestInfo: odex next to the dex file (/data/app/~~l86ooHn3z7zjJPmRwuVyKA==/com.google.android.gms-mjvtrlLEHAA3R1GV5L8qqg==/oat/x86_64/split_MapsDynamite_installtime.odex) is kOatUpToDate with filter 'speed' executable 'false'
03-30 13:11:50.587 I/artd    ( 3343): GetBestInfo: odex next to the dex file (/data/app/~~l86ooHn3z7zjJPmRwuVyKA==/com.google.android.gms-mjvtrlLEHAA3R1GV5L8qqg==/oat/x86_64/split_MeasurementDynamite_installtime.odex) is kOatUpToDate with filter 'speed' executable 'false'
03-30 13:11:50.589 I/artd    ( 3343): GetBestInfo: /data/user_de/0/com.google.android.gms/app_chimera/m/0000000d/dl-PlayCloudSearch.optional_253434100000.apk has no usable artifacts
03-30 13:11:50.591 I/artd    ( 3343): GetBestInfo: /data/user_de/0/com.google.android.gms/app_chimera/m/0000000c/dl-MlkitBarcodeUi.optional_253434100800.apk has no usable artifacts
03-30 13:11:50.592 I/artd    ( 3343): GetBestInfo: /data/user_de/0/com.google.android.gms/app_chimera/m/00000001/CronetDynamite.apk has no usable artifacts
03-30 13:11:50.593 I/artd    ( 3343): GetBestInfo: /data/user_de/0/com.google.android.gms/app_chimera/m/00000016/dl-MlkitOcrCommon.optional_261133100800.apk has no usable artifacts
03-30 13:11:50.595 I/artd    ( 3343): GetBestInfo: /data/user_de/0/com.google.android.gms/app_chimera/m/0000000e/dl-VisionOcr.optional_253434100000.apk has no usable artifacts
03-30 13:11:50.595 I/artd    ( 3343): GetBestInfo: /data/user_de/0/com.google.android.gms/app_chimera/m/00000002/DynamiteLoader.apk has no usable artifacts
03-30 13:11:50.596 I/artd    ( 3343): GetBestInfo: /data/user_de/0/com.google.android.gms/app_chimera/m/00000005/GoogleCertificates.apk has no usable artifacts
03-30 13:11:50.597 I/artd    ( 3343): GetBestInfo: /data/user_de/0/com.google.android.gms/app_chimera/m/00000012/dl-Appsearch.optional_261133100800.apk has no usable artifacts
03-30 13:11:50.598 I/artd    ( 3343): GetBestInfo: /data/user_de/0/com.google.android.gms/app_chimera/m/00000011/dl-PlayCloudSearch.optional_261133100000.apk has no usable artifacts
03-30 13:11:50.599 I/artd    ( 3343): GetBestInfo: /data/user_de/0/com.google.android.gms/app_chimera/m/00000015/dl-MlkitBarcodeUi.optional_261133100800.apk has no usable artifacts
03-30 13:11:50.601 I/artd    ( 3343): GetBestInfo: /data/user_de/0/com.google.android.gms/app_chimera/m/0000000a/dl-Appsearch.optional_253434100800.apk has no usable artifacts
03-30 13:11:50.603 I/artd    ( 3343): GetBestInfo: /data/user_de/0/com.google.android.gms/app_chimera/m/00000008/dl-TfliteDynamiteDynamite.integ_252130102100800.apk has no usable artifacts
03-30 13:11:50.605 I/artd    ( 3343): GetBestInfo: /data/user_de/0/com.google.android.gms/app_chimera/m/0000000f/dl-MlkitOcrCommon.optional_253434100800.apk has no usable artifacts
03-30 13:11:50.608 I/artd    ( 3343): GetBestInfo: /data/user_de/0/com.google.android.gms/app_chimera/m/00000010/dl-VisionOcr.optional_261133100000.apk has no usable artifacts
03-30 13:11:50.610 I/artd    ( 3343): GetBestInfo: vdex next to the dex file (/data/user/0/com.google.android.gms/app_dg_cache/BB2AE5A47BB198AF36C19CFD2B6407061A1BAF30/oat/x86_64/the.vdex) is kOatUpToDate with filter 'verify' executable 'false'
03-30 13:11:50.612 I/artd    ( 3343): GetBestInfo: /data/user_de/0/com.google.android.gms/app_chimera/m/00000007/MeasurementDynamite.apk has no usable artifacts
03-30 13:11:51.406 I/HalDevMgr(  815): bestIfaceCreationProposal is null, requestIface=STA, existingIface=[name=wlan0 type=STA]
03-30 13:11:52.675 D/SatelliteController( 1522): iisInCarrierRoamingNbIotNtn: satellite is disabled
03-30 13:11:52.675 D/SatelliteController( 1522): getCarrierRoamingNtnConnectType: Falling back to global carrier config connect type: 0
03-30 13:11:54.418 I/HalDevMgr(  815): bestIfaceCreationProposal is null, requestIface=STA, existingIface=[name=wlan0 type=STA]
03-30 13:11:57.426 I/HalDevMgr(  815): bestIfaceCreationProposal is null, requestIface=STA, existingIface=[name=wlan0 type=STA]
03-30 13:12:00.433 I/HalDevMgr(  815): bestIfaceCreationProposal is null, requestIface=STA, existingIface=[name=wlan0 type=STA]
03-30 13:12:00.612 W/libbinder.BackendUnifiedServiceManager(11941): Thread Pool max thread count is 0. Cannot cache binder as linkToDeath cannot be implemented. serviceName: package
03-30 13:12:00.690 I/artd    ( 3343): GetBestInfo: odex next to the dex file (/data/app/~~l86ooHn3z7zjJPmRwuVyKA==/com.google.android.gms-mjvtrlLEHAA3R1GV5L8qqg==/oat/x86_64/base.odex) is kOatUpToDate with filter 'speed-profile' executable 'false'
03-30 13:12:00.694 I/artd    ( 3343): GetBestInfo: odex next to the dex file (/data/app/~~l86ooHn3z7zjJPmRwuVyKA==/com.google.android.gms-mjvtrlLEHAA3R1GV5L8qqg==/oat/x86_64/split_AdsDynamite_installtime.odex) is kOatUpToDate with filter 'speed' executable 'false'
03-30 13:12:00.696 I/artd    ( 3343): GetBestInfo: odex next to the dex file (/data/app/~~l86ooHn3z7zjJPmRwuVyKA==/com.google.android.gms-mjvtrlLEHAA3R1GV5L8qqg==/oat/x86_64/split_CronetDynamite_installtime.odex) is kOatUpToDate with filter 'speed' executable 'false'
03-30 13:12:00.697 I/artd    ( 3343): GetBestInfo: odex next to the dex file (/data/app/~~l86ooHn3z7zjJPmRwuVyKA==/com.google.android.gms-mjvtrlLEHAA3R1GV5L8qqg==/oat/x86_64/split_DynamiteLoader_installtime.odex) is kOatUpToDate with filter 'speed' executable 'false'
03-30 13:12:00.698 I/artd    ( 3343): GetBestInfo: odex next to the dex file (/data/app/~~l86ooHn3z7zjJPmRwuVyKA==/com.google.android.gms-mjvtrlLEHAA3R1GV5L8qqg==/oat/x86_64/split_DynamiteModulesA_installtime.odex) is kOatUpToDate with filter 'speed' executable 'false'
03-30 13:12:00.700 I/artd    ( 3343): GetBestInfo: odex next to the dex file (/data/app/~~l86ooHn3z7zjJPmRwuVyKA==/com.google.android.gms-mjvtrlLEHAA3R1GV5L8qqg==/oat/x86_64/split_DynamiteModulesC_installtime.odex) is kOatUpToDate with filter 'speed' executable 'false'
03-30 13:12:00.701 I/artd    ( 3343): GetBestInfo: odex next to the dex file (/data/app/~~l86ooHn3z7zjJPmRwuVyKA==/com.google.android.gms-mjvtrlLEHAA3R1GV5L8qqg==/oat/x86_64/split_GoogleCertificates_installtime.odex) is kOatUpToDate with filter 'speed' executable 'false'
03-30 13:12:00.703 I/artd    ( 3343): GetBestInfo: odex next to the dex file (/data/app/~~l86ooHn3z7zjJPmRwuVyKA==/com.google.android.gms-mjvtrlLEHAA3R1GV5L8qqg==/oat/x86_64/split_MapsDynamite_installtime.odex) is kOatUpToDate with filter 'speed' executable 'false'
03-30 13:12:00.705 I/artd    ( 3343): GetBestInfo: odex next to the dex file (/data/app/~~l86ooHn3z7zjJPmRwuVyKA==/com.google.android.gms-mjvtrlLEHAA3R1GV5L8qqg==/oat/x86_64/split_MeasurementDynamite_installtime.odex) is kOatUpToDate with filter 'speed' executable 'false'
03-30 13:12:00.706 I/artd    ( 3343): GetBestInfo: /data/user_de/0/com.google.android.gms/app_chimera/m/0000000d/dl-PlayCloudSearch.optional_253434100000.apk has no usable artifacts
03-30 13:12:00.708 I/artd    ( 3343): GetBestInfo: /data/user_de/0/com.google.android.gms/app_chimera/m/0000000c/dl-MlkitBarcodeUi.optional_253434100800.apk has no usable artifacts
03-30 13:12:00.709 I/artd    ( 3343): GetBestInfo: /data/user_de/0/com.google.android.gms/app_chimera/m/00000001/CronetDynamite.apk has no usable artifacts
03-30 13:12:00.710 I/artd    ( 3343): GetBestInfo: /data/user_de/0/com.google.android.gms/app_chimera/m/00000016/dl-MlkitOcrCommon.optional_261133100800.apk has no usable artifacts
03-30 13:12:00.711 I/artd    ( 3343): GetBestInfo: /data/user_de/0/com.google.android.gms/app_chimera/m/0000000e/dl-VisionOcr.optional_253434100000.apk has no usable artifacts
03-30 13:12:00.712 I/artd    ( 3343): GetBestInfo: /data/user_de/0/com.google.android.gms/app_chimera/m/00000002/DynamiteLoader.apk has no usable artifacts
03-30 13:12:00.712 I/artd    ( 3343): GetBestInfo: /data/user_de/0/com.google.android.gms/app_chimera/m/00000005/GoogleCertificates.apk has no usable artifacts
03-30 13:12:00.713 I/artd    ( 3343): GetBestInfo: /data/user_de/0/com.google.android.gms/app_chimera/m/00000012/dl-Appsearch.optional_261133100800.apk has no usable artifacts
03-30 13:12:00.714 I/artd    ( 3343): GetBestInfo: /data/user_de/0/com.google.android.gms/app_chimera/m/00000011/dl-PlayCloudSearch.optional_261133100000.apk has no usable artifacts
03-30 13:12:00.715 I/artd    ( 3343): GetBestInfo: /data/user_de/0/com.google.android.gms/app_chimera/m/00000015/dl-MlkitBarcodeUi.optional_261133100800.apk has no usable artifacts
03-30 13:12:00.717 I/artd    ( 3343): GetBestInfo: /data/user_de/0/com.google.android.gms/app_chimera/m/0000000a/dl-Appsearch.optional_253434100800.apk has no usable artifacts
03-30 13:12:00.719 I/artd    ( 3343): GetBestInfo: /data/user_de/0/com.google.android.gms/app_chimera/m/00000008/dl-TfliteDynamiteDynamite.integ_252130102100800.apk has no usable artifacts
03-30 13:12:00.721 I/artd    ( 3343): GetBestInfo: /data/user_de/0/com.google.android.gms/app_chimera/m/0000000f/dl-MlkitOcrCommon.optional_253434100800.apk has no usable artifacts
03-30 13:12:00.723 I/artd    ( 3343): GetBestInfo: /data/user_de/0/com.google.android.gms/app_chimera/m/00000010/dl-VisionOcr.optional_261133100000.apk has no usable artifacts
03-30 13:12:00.725 I/artd    ( 3343): GetBestInfo: vdex next to the dex file (/data/user/0/com.google.android.gms/app_dg_cache/BB2AE5A47BB198AF36C19CFD2B6407061A1BAF30/oat/x86_64/the.vdex) is kOatUpToDate with filter 'verify' executable 'false'
03-30 13:12:00.726 I/artd    ( 3343): GetBestInfo: /data/user_de/0/com.google.android.gms/app_chimera/m/00000007/MeasurementDynamite.apk has no usable artifacts
03-30 13:12:02.675 D/SatelliteController( 1522): iisInCarrierRoamingNbIotNtn: satellite is disabled
03-30 13:12:02.676 D/SatelliteController( 1522): getCarrierRoamingNtnConnectType: Falling back to global carrier config connect type: 0
03-30 13:12:03.439 I/HalDevMgr(  815): bestIfaceCreationProposal is null, requestIface=STA, existingIface=[name=wlan0 type=STA]
03-30 13:12:06.460 I/HalDevMgr(  815): bestIfaceCreationProposal is null, requestIface=STA, existingIface=[name=wlan0 type=STA]
03-30 13:12:09.470 I/HalDevMgr(  815): bestIfaceCreationProposal is null, requestIface=STA, existingIface=[name=wlan0 type=STA]
03-30 13:12:10.446 W/libbinder.BackendUnifiedServiceManager(11944): Thread Pool max thread count is 0. Cannot cache binder as linkToDeath cannot be implemented. serviceName: package
03-30 13:12:10.558 I/artd    ( 3343): GetBestInfo: odex next to the dex file (/data/app/~~l86ooHn3z7zjJPmRwuVyKA==/com.google.android.gms-mjvtrlLEHAA3R1GV5L8qqg==/oat/x86_64/base.odex) is kOatUpToDate with filter 'speed-profile' executable 'false'
03-30 13:12:10.560 I/artd    ( 3343): GetBestInfo: odex next to the dex file (/data/app/~~l86ooHn3z7zjJPmRwuVyKA==/com.google.android.gms-mjvtrlLEHAA3R1GV5L8qqg==/oat/x86_64/split_AdsDynamite_installtime.odex) is kOatUpToDate with filter 'speed' executable 'false'
03-30 13:12:10.562 I/artd    ( 3343): GetBestInfo: odex next to the dex file (/data/app/~~l86ooHn3z7zjJPmRwuVyKA==/com.google.android.gms-mjvtrlLEHAA3R1GV5L8qqg==/oat/x86_64/split_CronetDynamite_installtime.odex) is kOatUpToDate with filter 'speed' executable 'false'
03-30 13:12:10.563 I/artd    ( 3343): GetBestInfo: odex next to the dex file (/data/app/~~l86ooHn3z7zjJPmRwuVyKA==/com.google.android.gms-mjvtrlLEHAA3R1GV5L8qqg==/oat/x86_64/split_DynamiteLoader_installtime.odex) is kOatUpToDate with filter 'speed' executable 'false'
03-30 13:12:10.565 I/artd    ( 3343): GetBestInfo: odex next to the dex file (/data/app/~~l86ooHn3z7zjJPmRwuVyKA==/com.google.android.gms-mjvtrlLEHAA3R1GV5L8qqg==/oat/x86_64/split_DynamiteModulesA_installtime.odex) is kOatUpToDate with filter 'speed' executable 'false'
03-30 13:12:10.566 I/artd    ( 3343): GetBestInfo: odex next to the dex file (/data/app/~~l86ooHn3z7zjJPmRwuVyKA==/com.google.android.gms-mjvtrlLEHAA3R1GV5L8qqg==/oat/x86_64/split_DynamiteModulesC_installtime.odex) is kOatUpToDate with filter 'speed' executable 'false'
03-30 13:12:10.569 I/artd    ( 3343): GetBestInfo: odex next to the dex file (/data/app/~~l86ooHn3z7zjJPmRwuVyKA==/com.google.android.gms-mjvtrlLEHAA3R1GV5L8qqg==/oat/x86_64/split_GoogleCertificates_installtime.odex) is kOatUpToDate with filter 'speed' executable 'false'
03-30 13:12:10.570 I/artd    ( 3343): GetBestInfo: odex next to the dex file (/data/app/~~l86ooHn3z7zjJPmRwuVyKA==/com.google.android.gms-mjvtrlLEHAA3R1GV5L8qqg==/oat/x86_64/split_MapsDynamite_installtime.odex) is kOatUpToDate with filter 'speed' executable 'false'
03-30 13:12:10.572 I/artd    ( 3343): GetBestInfo: odex next to the dex file (/data/app/~~l86ooHn3z7zjJPmRwuVyKA==/com.google.android.gms-mjvtrlLEHAA3R1GV5L8qqg==/oat/x86_64/split_MeasurementDynamite_installtime.odex) is kOatUpToDate with filter 'speed' executable 'false'
03-30 13:12:10.574 I/artd    ( 3343): GetBestInfo: /data/user_de/0/com.google.android.gms/app_chimera/m/0000000d/dl-PlayCloudSearch.optional_253434100000.apk has no usable artifacts
03-30 13:12:10.576 I/artd    ( 3343): GetBestInfo: /data/user_de/0/com.google.android.gms/app_chimera/m/0000000c/dl-MlkitBarcodeUi.optional_253434100800.apk has no usable artifacts
03-30 13:12:10.577 I/artd    ( 3343): GetBestInfo: /data/user_de/0/com.google.android.gms/app_chimera/m/00000001/CronetDynamite.apk has no usable artifacts
03-30 13:12:10.578 I/artd    ( 3343): GetBestInfo: /data/user_de/0/com.google.android.gms/app_chimera/m/00000016/dl-MlkitOcrCommon.optional_261133100800.apk has no usable artifacts
03-30 13:12:10.579 I/artd    ( 3343): GetBestInfo: /data/user_de/0/com.google.android.gms/app_chimera/m/0000000e/dl-VisionOcr.optional_253434100000.apk has no usable artifacts
03-30 13:12:10.580 I/artd    ( 3343): GetBestInfo: /data/user_de/0/com.google.android.gms/app_chimera/m/00000002/DynamiteLoader.apk has no usable artifacts
03-30 13:12:10.580 I/artd    ( 3343): GetBestInfo: /data/user_de/0/com.google.android.gms/app_chimera/m/00000005/GoogleCertificates.apk has no usable artifacts
03-30 13:12:10.581 I/artd    ( 3343): GetBestInfo: /data/user_de/0/com.google.android.gms/app_chimera/m/00000012/dl-Appsearch.optional_261133100800.apk has no usable artifacts
03-30 13:12:10.582 I/artd    ( 3343): GetBestInfo: /data/user_de/0/com.google.android.gms/app_chimera/m/00000011/dl-PlayCloudSearch.optional_261133100000.apk has no usable artifacts
03-30 13:12:10.584 I/artd    ( 3343): GetBestInfo: /data/user_de/0/com.google.android.gms/app_chimera/m/00000015/dl-MlkitBarcodeUi.optional_261133100800.apk has no usable artifacts
03-30 13:12:10.586 I/artd    ( 3343): GetBestInfo: /data/user_de/0/com.google.android.gms/app_chimera/m/0000000a/dl-Appsearch.optional_253434100800.apk has no usable artifacts
03-30 13:12:10.587 I/artd    ( 3343): GetBestInfo: /data/user_de/0/com.google.android.gms/app_chimera/m/00000008/dl-TfliteDynamiteDynamite.integ_252130102100800.apk has no usable artifacts
03-30 13:12:10.589 I/artd    ( 3343): GetBestInfo: /data/user_de/0/com.google.android.gms/app_chimera/m/0000000f/dl-MlkitOcrCommon.optional_253434100800.apk has no usable artifacts
03-30 13:12:10.590 I/artd    ( 3343): GetBestInfo: /data/user_de/0/com.google.android.gms/app_chimera/m/00000010/dl-VisionOcr.optional_261133100000.apk has no usable artifacts
03-30 13:12:10.592 I/artd    ( 3343): GetBestInfo: vdex next to the dex file (/data/user/0/com.google.android.gms/app_dg_cache/BB2AE5A47BB198AF36C19CFD2B6407061A1BAF30/oat/x86_64/the.vdex) is kOatUpToDate with filter 'verify' executable 'false'
03-30 13:12:10.594 I/artd    ( 3343): GetBestInfo: /data/user_de/0/com.google.android.gms/app_chimera/m/00000007/MeasurementDynamite.apk has no usable artifacts
03-30 13:12:12.488 I/HalDevMgr(  815): bestIfaceCreationProposal is null, requestIface=STA, existingIface=[name=wlan0 type=STA]
03-30 13:12:12.678 D/SatelliteController( 1522): iisInCarrierRoamingNbIotNtn: satellite is disabled
03-30 13:12:12.680 D/SatelliteController( 1522): getCarrierRoamingNtnConnectType: Falling back to global carrier config connect type: 0
03-30 13:12:15.498 I/HalDevMgr(  815): bestIfaceCreationProposal is null, requestIface=STA, existingIface=[name=wlan0 type=STA]
03-30 13:12:17.128 D/WifiNl80211Manager(  815): Scan result ready event
03-30 13:12:17.129 D/WifiNative(  815): Scan result ready event
03-30 13:12:17.132 I/WifiScanner( 8555): onFullResults
03-30 13:12:17.132 I/WifiScanner( 8555): onFullResults
03-30 13:12:17.140 I/HalDevMgr(  815): bestIfaceCreationProposal is null, requestIface=STA, existingIface=[name=wlan0 type=STA]
03-30 13:12:17.318 D/TcpSocketTracker/100( 1447): data stall suspected, uids: {10155, 10227}
03-30 13:12:17.319 D/ConnectivityService(  815): Data stall detected with methods: 2
03-30 13:12:17.319 D/NetworkMonitor/100( 1447): isDataStall: result=2, tcp packets received=0, latest tcp fail rate=85, consecutive dns timeout count=0
03-30 13:12:17.319 D/NetworkMonitor/100( 1447): Suspecting data stall, reevaluate
03-30 13:12:17.380 D/NetworkMonitor/100( 1447): PROBE_DNS www.google.com 59ms OK 142.251.155.119,142.251.156.119,142.251.151.119,142.251.154.119,142.251.157.119,142.251.150.119,142.251.152.119,142.251.153.119,2001:4860:4827:7700::,2001:4860:482c:7700::,2001:4860:4829:7700::,2001:4860:482b:7700::,2001:4860:4828:7700::,2001:4860:482d:7700::,2001:4860:482a:7700::,2001:4860:4826:7700::
03-30 13:12:17.410 D/NetworkMonitor/100( 1447): PROBE_DNS connectivitycheck.gstatic.com 88ms OK 142.250.73.99,2607:f8b0:400a:80c::2003
03-30 13:12:17.612 D/NetworkMonitor/100( 1447): PROBE_HTTP http://connectivitycheck.gstatic.com/generate_204 time=201ms ret=204 request={Connection=[close], User-Agent=[Mozilla/5.0 (X11; Linux x86_64) AppleWebKit/537.36 (KHTML, like Gecko) Chrome/60.0.3112.32 Safari/537.36]} headers={null=[HTTP/1.1 204 No Content], Connection=[close], Content-Length=[0], Cross-Origin-Resource-Policy=[cross-origin], Date=[Mon, 30 Mar 2026 20:12:18 GMT], X-Android-Received-Millis=[1774901537609], X-Android-Response-Source=[NETWORK 204], X-Android-Selected-Protocol=[http/1.1], X-Android-Sent-Millis=[1774901537533]}
03-30 13:12:17.692 D/NetworkMonitor/100( 1447): PROBE_HTTPS https://www.google.com/generate_204 time=310ms ret=204 request={Connection=[close], User-Agent=[Mozilla/5.0 (X11; Linux x86_64) AppleWebKit/537.36 (KHTML, like Gecko) Chrome/60.0.3112.32 Safari/537.36]} headers={null=[HTTP/1.1 204 No Content], Alt-Svc=[h3=":443"; ma=2592000,h3-29=":443"; ma=2592000], Connection=[close], Content-Length=[0], Cross-Origin-Resource-Policy=[cross-origin], Date=[Mon, 30 Mar 2026 20:12:18 GMT], X-Android-Received-Millis=[1774901537690], X-Android-Response-Source=[NETWORK 204], X-Android-Selected-Protocol=[http/1.1], X-Android-Sent-Millis=[1774901537617]}
03-30 13:12:17.695 D/NetworkMonitor/100( 1447): isCaptivePortal: isSuccessful()=true isPortal()=false RedirectUrl=null isPartialConnectivity()=false Time=375ms
03-30 13:12:17.704 D/ConnectivityService(  815): [100 WIFI] validation passed
03-30 13:12:18.504 I/HalDevMgr(  815): bestIfaceCreationProposal is null, requestIface=STA, existingIface=[name=wlan0 type=STA]
03-30 13:12:20.462 W/libbinder.BackendUnifiedServiceManager(11960): Thread Pool max thread count is 0. Cannot cache binder as linkToDeath cannot be implemented. serviceName: package
03-30 13:12:20.591 I/artd    ( 3343): GetBestInfo: odex next to the dex file (/data/app/~~l86ooHn3z7zjJPmRwuVyKA==/com.google.android.gms-mjvtrlLEHAA3R1GV5L8qqg==/oat/x86_64/base.odex) is kOatUpToDate with filter 'speed-profile' executable 'false'
03-30 13:12:20.593 I/artd    ( 3343): GetBestInfo: odex next to the dex file (/data/app/~~l86ooHn3z7zjJPmRwuVyKA==/com.google.android.gms-mjvtrlLEHAA3R1GV5L8qqg==/oat/x86_64/split_AdsDynamite_installtime.odex) is kOatUpToDate with filter 'speed' executable 'false'
03-30 13:12:20.595 I/artd    ( 3343): GetBestInfo: odex next to the dex file (/data/app/~~l86ooHn3z7zjJPmRwuVyKA==/com.google.android.gms-mjvtrlLEHAA3R1GV5L8qqg==/oat/x86_64/split_CronetDynamite_installtime.odex) is kOatUpToDate with filter 'speed' executable 'false'
03-30 13:12:20.596 I/artd    ( 3343): GetBestInfo: odex next to the dex file (/data/app/~~l86ooHn3z7zjJPmRwuVyKA==/com.google.android.gms-mjvtrlLEHAA3R1GV5L8qqg==/oat/x86_64/split_DynamiteLoader_installtime.odex) is kOatUpToDate with filter 'speed' executable 'false'
03-30 13:12:20.597 I/artd    ( 3343): GetBestInfo: odex next to the dex file (/data/app/~~l86ooHn3z7zjJPmRwuVyKA==/com.google.android.gms-mjvtrlLEHAA3R1GV5L8qqg==/oat/x86_64/split_DynamiteModulesA_installtime.odex) is kOatUpToDate with filter 'speed' executable 'false'
03-30 13:12:20.599 I/artd    ( 3343): GetBestInfo: odex next to the dex file (/data/app/~~l86ooHn3z7zjJPmRwuVyKA==/com.google.android.gms-mjvtrlLEHAA3R1GV5L8qqg==/oat/x86_64/split_DynamiteModulesC_installtime.odex) is kOatUpToDate with filter 'speed' executable 'false'
03-30 13:12:20.600 I/artd    ( 3343): GetBestInfo: odex next to the dex file (/data/app/~~l86ooHn3z7zjJPmRwuVyKA==/com.google.android.gms-mjvtrlLEHAA3R1GV5L8qqg==/oat/x86_64/split_GoogleCertificates_installtime.odex) is kOatUpToDate with filter 'speed' executable 'false'
03-30 13:12:20.601 I/artd    ( 3343): GetBestInfo: odex next to the dex file (/data/app/~~l86ooHn3z7zjJPmRwuVyKA==/com.google.android.gms-mjvtrlLEHAA3R1GV5L8qqg==/oat/x86_64/split_MapsDynamite_installtime.odex) is kOatUpToDate with filter 'speed' executable 'false'
03-30 13:12:20.602 I/artd    ( 3343): GetBestInfo: odex next to the dex file (/data/app/~~l86ooHn3z7zjJPmRwuVyKA==/com.google.android.gms-mjvtrlLEHAA3R1GV5L8qqg==/oat/x86_64/split_MeasurementDynamite_installtime.odex) is kOatUpToDate with filter 'speed' executable 'false'
03-30 13:12:20.604 I/artd    ( 3343): GetBestInfo: /data/user_de/0/com.google.android.gms/app_chimera/m/0000000d/dl-PlayCloudSearch.optional_253434100000.apk has no usable artifacts
03-30 13:12:20.605 I/artd    ( 3343): GetBestInfo: /data/user_de/0/com.google.android.gms/app_chimera/m/0000000c/dl-MlkitBarcodeUi.optional_253434100800.apk has no usable artifacts
03-30 13:12:20.606 I/artd    ( 3343): GetBestInfo: /data/user_de/0/com.google.android.gms/app_chimera/m/00000001/CronetDynamite.apk has no usable artifacts
03-30 13:12:20.607 I/artd    ( 3343): GetBestInfo: /data/user_de/0/com.google.android.gms/app_chimera/m/00000016/dl-MlkitOcrCommon.optional_261133100800.apk has no usable artifacts
03-30 13:12:20.608 I/artd    ( 3343): GetBestInfo: /data/user_de/0/com.google.android.gms/app_chimera/m/0000000e/dl-VisionOcr.optional_253434100000.apk has no usable artifacts
03-30 13:12:20.609 I/artd    ( 3343): GetBestInfo: /data/user_de/0/com.google.android.gms/app_chimera/m/00000002/DynamiteLoader.apk has no usable artifacts
03-30 13:12:20.609 I/artd    ( 3343): GetBestInfo: /data/user_de/0/com.google.android.gms/app_chimera/m/00000005/GoogleCertificates.apk has no usable artifacts
03-30 13:12:20.610 I/artd    ( 3343): GetBestInfo: /data/user_de/0/com.google.android.gms/app_chimera/m/00000012/dl-Appsearch.optional_261133100800.apk has no usable artifacts
03-30 13:12:20.611 I/artd    ( 3343): GetBestInfo: /data/user_de/0/com.google.android.gms/app_chimera/m/00000011/dl-PlayCloudSearch.optional_261133100000.apk has no usable artifacts
03-30 13:12:20.612 I/artd    ( 3343): GetBestInfo: /data/user_de/0/com.google.android.gms/app_chimera/m/00000015/dl-MlkitBarcodeUi.optional_261133100800.apk has no usable artifacts
03-30 13:12:20.613 I/artd    ( 3343): GetBestInfo: /data/user_de/0/com.google.android.gms/app_chimera/m/0000000a/dl-Appsearch.optional_253434100800.apk has no usable artifacts
03-30 13:12:20.614 I/artd    ( 3343): GetBestInfo: /data/user_de/0/com.google.android.gms/app_chimera/m/00000008/dl-TfliteDynamiteDynamite.integ_252130102100800.apk has no usable artifacts
03-30 13:12:20.615 I/artd    ( 3343): GetBestInfo: /data/user_de/0/com.google.android.gms/app_chimera/m/0000000f/dl-MlkitOcrCommon.optional_253434100800.apk has no usable artifacts
03-30 13:12:20.616 I/artd    ( 3343): GetBestInfo: /data/user_de/0/com.google.android.gms/app_chimera/m/00000010/dl-VisionOcr.optional_261133100000.apk has no usable artifacts
03-30 13:12:20.618 I/artd    ( 3343): GetBestInfo: vdex next to the dex file (/data/user/0/com.google.android.gms/app_dg_cache/BB2AE5A47BB198AF36C19CFD2B6407061A1BAF30/oat/x86_64/the.vdex) is kOatUpToDate with filter 'verify' executable 'false'
03-30 13:12:20.618 I/artd    ( 3343): GetBestInfo: /data/user_de/0/com.google.android.gms/app_chimera/m/00000007/MeasurementDynamite.apk has no usable artifacts
03-30 13:12:21.513 I/HalDevMgr(  815): bestIfaceCreationProposal is null, requestIface=STA, existingIface=[name=wlan0 type=STA]
03-30 13:12:22.675 D/SatelliteController( 1522): iisInCarrierRoamingNbIotNtn: satellite is disabled
03-30 13:12:22.675 D/SatelliteController( 1522): getCarrierRoamingNtnConnectType: Falling back to global carrier config connect type: 0
03-30 13:12:24.522 I/HalDevMgr(  815): bestIfaceCreationProposal is null, requestIface=STA, existingIface=[name=wlan0 type=STA]
03-30 13:12:27.532 I/HalDevMgr(  815): bestIfaceCreationProposal is null, requestIface=STA, existingIface=[name=wlan0 type=STA]
03-30 13:12:30.392 W/libbinder.BackendUnifiedServiceManager(11963): Thread Pool max thread count is 0. Cannot cache binder as linkToDeath cannot be implemented. serviceName: package
03-30 13:12:30.478 I/artd    ( 3343): GetBestInfo: odex next to the dex file (/data/app/~~l86ooHn3z7zjJPmRwuVyKA==/com.google.android.gms-mjvtrlLEHAA3R1GV5L8qqg==/oat/x86_64/base.odex) is kOatUpToDate with filter 'speed-profile' executable 'false'
03-30 13:12:30.481 I/artd    ( 3343): GetBestInfo: odex next to the dex file (/data/app/~~l86ooHn3z7zjJPmRwuVyKA==/com.google.android.gms-mjvtrlLEHAA3R1GV5L8qqg==/oat/x86_64/split_AdsDynamite_installtime.odex) is kOatUpToDate with filter 'speed' executable 'false'
03-30 13:12:30.482 I/artd    ( 3343): GetBestInfo: odex next to the dex file (/data/app/~~l86ooHn3z7zjJPmRwuVyKA==/com.google.android.gms-mjvtrlLEHAA3R1GV5L8qqg==/oat/x86_64/split_CronetDynamite_installtime.odex) is kOatUpToDate with filter 'speed' executable 'false'
03-30 13:12:30.484 I/artd    ( 3343): GetBestInfo: odex next to the dex file (/data/app/~~l86ooHn3z7zjJPmRwuVyKA==/com.google.android.gms-mjvtrlLEHAA3R1GV5L8qqg==/oat/x86_64/split_DynamiteLoader_installtime.odex) is kOatUpToDate with filter 'speed' executable 'false'
03-30 13:12:30.485 I/artd    ( 3343): GetBestInfo: odex next to the dex file (/data/app/~~l86ooHn3z7zjJPmRwuVyKA==/com.google.android.gms-mjvtrlLEHAA3R1GV5L8qqg==/oat/x86_64/split_DynamiteModulesA_installtime.odex) is kOatUpToDate with filter 'speed' executable 'false'
03-30 13:12:30.486 I/artd    ( 3343): GetBestInfo: odex next to the dex file (/data/app/~~l86ooHn3z7zjJPmRwuVyKA==/com.google.android.gms-mjvtrlLEHAA3R1GV5L8qqg==/oat/x86_64/split_DynamiteModulesC_installtime.odex) is kOatUpToDate with filter 'speed' executable 'false'
03-30 13:12:30.488 I/artd    ( 3343): GetBestInfo: odex next to the dex file (/data/app/~~l86ooHn3z7zjJPmRwuVyKA==/com.google.android.gms-mjvtrlLEHAA3R1GV5L8qqg==/oat/x86_64/split_GoogleCertificates_installtime.odex) is kOatUpToDate with filter 'speed' executable 'false'
03-30 13:12:30.489 I/artd    ( 3343): GetBestInfo: odex next to the dex file (/data/app/~~l86ooHn3z7zjJPmRwuVyKA==/com.google.android.gms-mjvtrlLEHAA3R1GV5L8qqg==/oat/x86_64/split_MapsDynamite_installtime.odex) is kOatUpToDate with filter 'speed' executable 'false'
03-30 13:12:30.490 I/artd    ( 3343): GetBestInfo: odex next to the dex file (/data/app/~~l86ooHn3z7zjJPmRwuVyKA==/com.google.android.gms-mjvtrlLEHAA3R1GV5L8qqg==/oat/x86_64/split_MeasurementDynamite_installtime.odex) is kOatUpToDate with filter 'speed' executable 'false'
03-30 13:12:30.491 I/artd    ( 3343): GetBestInfo: /data/user_de/0/com.google.android.gms/app_chimera/m/0000000d/dl-PlayCloudSearch.optional_253434100000.apk has no usable artifacts
03-30 13:12:30.493 I/artd    ( 3343): GetBestInfo: /data/user_de/0/com.google.android.gms/app_chimera/m/0000000c/dl-MlkitBarcodeUi.optional_253434100800.apk has no usable artifacts
03-30 13:12:30.493 I/artd    ( 3343): GetBestInfo: /data/user_de/0/com.google.android.gms/app_chimera/m/00000001/CronetDynamite.apk has no usable artifacts
03-30 13:12:30.494 I/artd    ( 3343): GetBestInfo: /data/user_de/0/com.google.android.gms/app_chimera/m/00000016/dl-MlkitOcrCommon.optional_261133100800.apk has no usable artifacts
03-30 13:12:30.495 I/artd    ( 3343): GetBestInfo: /data/user_de/0/com.google.android.gms/app_chimera/m/0000000e/dl-VisionOcr.optional_253434100000.apk has no usable artifacts
03-30 13:12:30.496 I/artd    ( 3343): GetBestInfo: /data/user_de/0/com.google.android.gms/app_chimera/m/00000002/DynamiteLoader.apk has no usable artifacts
03-30 13:12:30.496 I/artd    ( 3343): GetBestInfo: /data/user_de/0/com.google.android.gms/app_chimera/m/00000005/GoogleCertificates.apk has no usable artifacts
03-30 13:12:30.497 I/artd    ( 3343): GetBestInfo: /data/user_de/0/com.google.android.gms/app_chimera/m/00000012/dl-Appsearch.optional_261133100800.apk has no usable artifacts
03-30 13:12:30.498 I/artd    ( 3343): GetBestInfo: /data/user_de/0/com.google.android.gms/app_chimera/m/00000011/dl-PlayCloudSearch.optional_261133100000.apk has no usable artifacts
03-30 13:12:30.499 I/artd    ( 3343): GetBestInfo: /data/user_de/0/com.google.android.gms/app_chimera/m/00000015/dl-MlkitBarcodeUi.optional_261133100800.apk has no usable artifacts
03-30 13:12:30.500 I/artd    ( 3343): GetBestInfo: /data/user_de/0/com.google.android.gms/app_chimera/m/0000000a/dl-Appsearch.optional_253434100800.apk has no usable artifacts
03-30 13:12:30.501 I/artd    ( 3343): GetBestInfo: /data/user_de/0/com.google.android.gms/app_chimera/m/00000008/dl-TfliteDynamiteDynamite.integ_252130102100800.apk has no usable artifacts
03-30 13:12:30.502 I/artd    ( 3343): GetBestInfo: /data/user_de/0/com.google.android.gms/app_chimera/m/0000000f/dl-MlkitOcrCommon.optional_253434100800.apk has no usable artifacts
03-30 13:12:30.503 I/artd    ( 3343): GetBestInfo: /data/user_de/0/com.google.android.gms/app_chimera/m/00000010/dl-VisionOcr.optional_261133100000.apk has no usable artifacts
03-30 13:12:30.504 I/artd    ( 3343): GetBestInfo: vdex next to the dex file (/data/user/0/com.google.android.gms/app_dg_cache/BB2AE5A47BB198AF36C19CFD2B6407061A1BAF30/oat/x86_64/the.vdex) is kOatUpToDate with filter 'verify' executable 'false'
03-30 13:12:30.505 I/artd    ( 3343): GetBestInfo: /data/user_de/0/com.google.android.gms/app_chimera/m/00000007/MeasurementDynamite.apk has no usable artifacts
03-30 13:12:30.541 I/HalDevMgr(  815): bestIfaceCreationProposal is null, requestIface=STA, existingIface=[name=wlan0 type=STA]
03-30 13:12:32.676 D/SatelliteController( 1522): iisInCarrierRoamingNbIotNtn: satellite is disabled
03-30 13:12:32.676 D/SatelliteController( 1522): getCarrierRoamingNtnConnectType: Falling back to global carrier config connect type: 0
03-30 13:12:33.555 I/HalDevMgr(  815): bestIfaceCreationProposal is null, requestIface=STA, existingIface=[name=wlan0 type=STA]
03-30 13:12:36.563 I/HalDevMgr(  815): bestIfaceCreationProposal is null, requestIface=STA, existingIface=[name=wlan0 type=STA]
03-30 13:12:37.730 D/TcpSocketTracker/100( 1447): data stall suspected, uids: {10155, 10227}
03-30 13:12:37.730 D/ConnectivityService(  815): Data stall detected with methods: 2
03-30 13:12:37.731 D/NetworkMonitor/100( 1447): isDataStall: result=2, tcp packets received=0, latest tcp fail rate=80, consecutive dns timeout count=0
03-30 13:12:37.731 D/NetworkMonitor/100( 1447): Suspecting data stall, reevaluate
03-30 13:12:37.750 D/NetworkMonitor/100( 1447): PROBE_DNS connectivitycheck.gstatic.com 16ms OK 142.250.73.99,2607:f8b0:400a:80c::2003
03-30 13:12:37.802 D/NetworkMonitor/100( 1447): PROBE_DNS www.google.com 69ms OK 142.251.155.119,142.251.156.119,142.251.151.119,142.251.154.119,142.251.157.119,142.251.150.119,142.251.152.119,142.251.153.119,2001:4860:4826:7700::,2001:4860:4827:7700::,2001:4860:4828:7700::,2001:4860:482c:7700::,2001:4860:482b:7700::,2001:4860:482d:7700::,2001:4860:4829:7700::,2001:4860:482a:7700::
03-30 13:12:37.835 D/NetworkMonitor/100( 1447): PROBE_HTTP http://connectivitycheck.gstatic.com/generate_204 time=82ms ret=204 request={Connection=[close], User-Agent=[Mozilla/5.0 (X11; Linux x86_64) AppleWebKit/537.36 (KHTML, like Gecko) Chrome/60.0.3112.32 Safari/537.36]} headers={null=[HTTP/1.1 204 No Content], Connection=[close], Content-Length=[0], Cross-Origin-Resource-Policy=[cross-origin], Date=[Mon, 30 Mar 2026 20:12:39 GMT], X-Android-Received-Millis=[1774901557834], X-Android-Response-Source=[NETWORK 204], X-Android-Selected-Protocol=[http/1.1], X-Android-Sent-Millis=[1774901557792]}
03-30 13:12:38.026 D/NetworkMonitor/100( 1447): PROBE_HTTPS https://www.google.com/generate_204 Probe failed with exception java.io.IOException: unexpected end of stream on com.android.okhttp.Address@ab577d5
03-30 13:12:38.101 D/NetworkMonitor/100( 1447): PROBE_FALLBACK http://www.google.com/gen_204 time=72ms ret=204 request={Connection=[close], User-Agent=[Mozilla/5.0 (X11; Linux x86_64) AppleWebKit/537.36 (KHTML, like Gecko) Chrome/60.0.3112.32 Safari/537.36]} headers={null=[HTTP/1.1 204 No Content], Connection=[close], Content-Length=[0], Content-Security-Policy=[object-src 'none';base-uri 'self';script-src 'nonce-5WG_UQg8HPM3iScHCDbT5Q' 'strict-dynamic' 'report-sample' 'unsafe-eval' 'unsafe-inline' https: http:;report-uri https://csp.withgoogle.com/csp/gws/other], Content-Type=[text/html; charset=UTF-8], Date=[Mon, 30 Mar 2026 20:12:39 GMT], Permissions-Policy=[unload=()], Reporting-Endpoints=[default="//www.google.com/httpservice/retry/jserror?ei=N9nKabznGIqg0PEP3eKd6Qo&cad=crash&error=Page%20Crash&jsel=1&bver=2410&dpf=8S4Ri-AyTziypHD-YlluXhXHW-rmwm6UlFLXbg3bmqM"], Server=[gws], X-Android-Received-Millis=[1774901558100], X-Android-Response-Source=[NETWORK 204], X-Android-Selected-Protocol=[http/1.1], X-Android-Sent-Millis=[1774901558064], X-Frame-Options=[SAMEORIGIN], X-XSS-Protection=[0]}
03-30 13:12:38.104 D/NetworkMonitor/100( 1447): isCaptivePortal: isSuccessful()=false isPortal()=false RedirectUrl=null isPartialConnectivity()=true Time=373ms
03-30 13:12:38.107 D/ConnectivityService(  815): [100 WIFI] validation failed
03-30 13:12:38.107 I/ConnectivityService(  815): Update capabilities for net 100 : -VALIDATED+PARTIAL_CONNECTIVITY
03-30 13:12:38.107 I/ConnectivityService(  815): Update score for net 100 : -IS_VALIDATED
03-30 13:12:38.109 D/ConnectivityService(  815): Switching to new default network for: uid/pid:1000/815 activeRequest: 1 callbackRequest: 1 [NetworkRequest [ REQUEST id=1, [ Capabilities: INTERNET&NOT_RESTRICTED&TRUSTED&NOT_VPN&NOT_VCN_MANAGED&NOT_BANDWIDTH_CONSTRAINED RequestorUid: 1000 RequestorPkg: android UnderlyingNetworks: Null] ]] callback flags: 0 order: 2147483647 isUidTracked: false declaredMethods: NONE using NetworkAgentInfo{network{101}  handle{437197393933}  ni{MOBILE[LTE] CONNECTED extra: epc.tmobile.com} created=2026-03-30T19:27:28.974Z Score(Policies : TRANSPORT_PRIMARY&EVER_EVALUATED&EVER_VALIDATED&IS_VALIDATED ; KeepConnected : 0)  created 82726 firstValidated 88387 lastValidated 88387  lp{{InterfaceName: eth0 LinkAddresses: [ 10.0.2.15/24 ] DnsAddresses: [ /10.0.2.3 ] Domains: null MTU: 1500 TcpBufferSizes: 2097152,6291456,16777216,512000,2097152,8388608 Routes: [ 0.0.0.0/0 -> 10.0.2.2 eth0 mtu 1500,10.0.2.0/24 -> 0.0.0.0 eth0 mtu 0 ]}}  nc{[ Transports: CELLULAR Capabilities: MMS&SUPL&DUN&FOTA&IMS&CBS&INTERNET&NOT_RESTRICTED&TRUSTED&NOT_VPN&VALIDATED&NOT_ROAMING&NOT_CONGESTED&NOT_SUSPENDED&NOT_VCN_MANAGED&MMTEL&NOT_BANDWIDTH_CONSTRAINED LinkUpBandwidth>=60000Kbps LinkDnBandwidth>=145000Kbps Specifier: <TelephonyNetworkSpecifier [mSubId = 1]> SubscriptionIds: {1} UnderlyingNetworks: Null]}  factorySerialNumber=5}
03-30 13:12:38.124 D/ConnectivityService(  815): Switching to new default network for: uid/pid:1000/815 activeRequest: 231 callbackRequest: 231 [NetworkRequest [ TRACK_DEFAULT id=231, [ Capabilities: INTERNET&NOT_RESTRICTED&TRUSTED&NOT_VPN&NOT_VCN_MANAGED&NOT_BANDWIDTH_CONSTRAINED Uid: 10154 RequestorUid: 1000 RequestorPkg: android UnderlyingNetworks: Null] ], NetworkRequest [ REQUEST id=232, [ Transports: SATELLITE Capabilities: INTERNET&TRUSTED&NOT_VPN&NOT_VCN_MANAGED Uid: 10154 UnderlyingNetworks: Null] ]] callback flags: 0 order: 40 isUidTracked: false declaredMethods: NONE using NetworkAgentInfo{network{101}  handle{437197393933}  ni{MOBILE[LTE] CONNECTED extra: epc.tmobile.com} created=2026-03-30T19:27:28.974Z Score(Policies : TRANSPORT_PRIMARY&EVER_EVALUATED&EVER_VALIDATED&IS_VALIDATED ; KeepConnected : 0)  created 82726 firstValidated 88387 lastValidated 88387  lp{{InterfaceName: eth0 LinkAddresses: [ 10.0.2.15/24 ] DnsAddresses: [ /10.0.2.3 ] Domains: null MTU: 1500 TcpBufferSizes: 2097152,6291456,16777216,512000,2097152,8388608 Routes: [ 0.0.0.0/0 -> 10.0.2.2 eth0 mtu 1500,10.0.2.0/24 -> 0.0.0.0 eth0 mtu 0 ]}}  nc{[ Transports: CELLULAR Capabilities: MMS&SUPL&DUN&FOTA&IMS&CBS&INTERNET&NOT_RESTRICTED&TRUSTED&NOT_VPN&VALIDATED&NOT_ROAMING&NOT_CONGESTED&NOT_SUSPENDED&NOT_VCN_MANAGED&MMTEL&NOT_BANDWIDTH_CONSTRAINED LinkUpBandwidth>=60000Kbps LinkDnBandwidth>=145000Kbps Specifier: <TelephonyNetworkSpecifier [mSubId = 1]> SubscriptionIds: {1} UnderlyingNetworks: Null]}  factorySerialNumber=5}
03-30 13:12:38.128 D/ConnectivityService(  815): Switching to new default network for: uid/pid:1000/815 activeRequest: 233 callbackRequest: 233 [NetworkRequest [ TRACK_DEFAULT id=233, [ Capabilities: INTERNET&NOT_RESTRICTED&TRUSTED&NOT_VPN&NOT_VCN_MANAGED&NOT_BANDWIDTH_CONSTRAINED Uids: <{10155-10155, 10156-10156, 10167-10167}> RequestorUid: 1000 RequestorPkg: android UnderlyingNetworks: Null] ], NetworkRequest [ REQUEST id=234, [ Transports: SATELLITE Capabilities: INTERNET&NOT_RESTRICTED&TRUSTED&NOT_VPN&NOT_VCN_MANAGED Uids: <{10155-10155, 10156-10156, 10167-10167}> UnderlyingNetworks: Null] ]] callback flags: 0 order: 40 isUidTracked: false declaredMethods: NONE using NetworkAgentInfo{network{101}  handle{437197393933}  ni{MOBILE[LTE] CONNECTED extra: epc.tmobile.com} created=2026-03-30T19:27:28.974Z Score(Policies : TRANSPORT_PRIMARY&EVER_EVALUATED&EVER_VALIDATED&IS_VALIDATED ; KeepConnected : 0)  created 82726 firstValidated 88387 lastValidated 88387  lp{{InterfaceName: eth0 LinkAddresses: [ 10.0.2.15/24 ] DnsAddresses: [ /10.0.2.3 ] Domains: null MTU: 1500 TcpBufferSizes: 2097152,6291456,16777216,512000,2097152,8388608 Routes: [ 0.0.0.0/0 -> 10.0.2.2 eth0 mtu 1500,10.0.2.0/24 -> 0.0.0.0 eth0 mtu 0 ]}}  nc{[ Transports: CELLULAR Capabilities: MMS&SUPL&DUN&FOTA&IMS&CBS&INTERNET&NOT_RESTRICTED&TRUSTED&NOT_VPN&VALIDATED&NOT_ROAMING&NOT_CONGESTED&NOT_SUSPENDED&NOT_VCN_MANAGED&MMTEL&NOT_BANDWIDTH_CONSTRAINED LinkUpBandwidth>=60000Kbps LinkDnBandwidth>=145000Kbps Specifier: <TelephonyNetworkSpecifier [mSubId = 1]> SubscriptionIds: {1} UnderlyingNetworks: Null]}  factorySerialNumber=5}
03-30 13:12:38.131 W/libbinder.IPCThreadState(  815): Sending oneway calls to frozen process.
03-30 13:12:38.132 W/libbinder.IPCThreadState(  815): Sending oneway calls to frozen process.
03-30 13:12:38.136 W/libbinder.IPCThreadState(  815): Sending oneway calls to frozen process.
03-30 13:12:38.136 E/AppOps  (  815): Bad call made by uid 1001. Package "com.android.phone" does not belong to uid 10155.
03-30 13:12:38.137 W/libbinder.IPCThreadState(  815): Sending oneway calls to frozen process.
03-30 13:12:38.138 E/AppOps  (  815): Cannot noteOperation
03-30 13:12:38.138 E/AppOps  (  815): java.lang.SecurityException: Specified package "com.android.phone" under uid 10155 but it is not
03-30 13:12:38.138 E/AppOps  (  815): 	at com.android.server.appop.AppOpsService.verifyAndGetBypass(AppOpsService.java:5033)
03-30 13:12:38.138 E/AppOps  (  815): 	at com.android.server.appop.AppOpsService.verifyAndGetBypass(AppOpsService.java:4894)
03-30 13:12:38.138 E/AppOps  (  815): 	at com.android.server.appop.AppOpsService.noteOperationUnchecked(AppOpsService.java:3409)
03-30 13:12:38.138 E/AppOps  (  815): 	at com.android.server.appop.AppOpsService.noteOperationImpl(AppOpsService.java:3396)
03-30 13:12:38.138 E/AppOps  (  815): 	at com.android.server.appop.AppOpsService.-$$Nest$mnoteOperationImpl(AppOpsService.java:0)
03-30 13:12:38.138 E/AppOps  (  815): 	at com.android.server.appop.AppOpsService$CheckOpsDelegateDispatcher.$r8$lambda$eTKLGbByFLiOzK62QHhpSvtx4do(AppOpsService.java:0)
03-30 13:12:38.138 E/AppOps  (  815): 	at com.android.server.appop.AppOpsService$CheckOpsDelegateDispatcher$$ExternalSyntheticLambda5.apply(R8$$SyntheticClass:0)
03-30 13:12:38.138 E/AppOps  (  815): 	at com.android.server.policy.AppOpsPolicy.noteOperation(AppOpsPolicy.java:254)
03-30 13:12:38.138 E/AppOps  (  815): 	at com.android.server.appop.AppOpsService$CheckOpsDelegateDispatcher.noteOperation(AppOpsService.java:7918)
03-30 13:12:38.138 E/AppOps  (  815): 	at com.android.server.appop.AppOpsService.noteOperation(AppOpsService.java:3343)
03-30 13:12:38.138 E/AppOps  (  815): 	at com.android.internal.app.IAppOpsService$Stub.onTransact(IAppOpsService.java:585)
03-30 13:12:38.138 E/AppOps  (  815): 	at android.os.Binder.execTransactInternal(Binder.java:1473)
03-30 13:12:38.138 E/AppOps  (  815): 	at android.os.Binder.execTransact(Binder.java:1418)
03-30 13:12:38.138 W/libbinder.IPCThreadState(  815): Sending oneway calls to frozen process.
