03-30 13:09:19.857 I/ActivityManager(  815): Process com.google.android.as.oss (pid 5972) has died: cch  +55 CEM 
03-30 13:09:19.896 I/Zygote  (  579): Process 5972 exited due to signal 9 (Killed)
03-30 13:09:19.915 I/libprocessgroup(  815): Removed cgroup /sys/fs/cgroup/apps/uid_10144/pid_5972
03-30 13:09:19.950 I/Finsky  ( 8717): [59] AIM: AppInfoManager-Perf > ItemModel > CacheSize=0, cacheHitCount=0, cacheMissCount=1, total appsWithNoServerDataCount=0. Missed  in cache (limit 10) : [com.weejobs.app]
03-30 13:09:19.952 I/DisplayManager(11646): Choreographer implicitly registered for the refresh rate.
03-30 13:09:19.967 I/Finsky  ( 8717): [59] AIM: AppInfoManager-Perf > ItemModel > ItemStore Called 1 apps cacheOptions = USE_CACHE
03-30 13:09:19.979 I/Finsky  ( 8717): [2] aiky - Received: android.intent.action.PACKAGE_ADDED, [Gqk4ewQyzs5K3YXFVstm8EkH33a-0A8vDs_YEc4mwgs]
03-30 13:09:19.996 I/Finsky  ( 8717): [62] AIM: AppInfoManager-Perf > OnDeviceAppInfo > cacheHitCount=0, cacheMissCount=1. Missed  in cache (limit 10) : [com.weejobs.app]
03-30 13:09:19.998 I/Finsky  ( 8717): [62] AIM: Got app ownership map. App counts: . Unique apps: 0
03-30 13:09:19.998 E/Finsky  ( 8717): [62] [Counters] attempted to use a non-positive increment for: 4752
03-30 13:09:20.008 E/Finsky  ( 8717): [62] [Counters] attempted to use a non-positive increment for: 4753
03-30 13:09:20.021 W/ding:background( 7677): Reducing the number of considered missed Gc histogram windows from 195 to 100
03-30 13:09:20.033 I/Finsky  ( 8717): [150] SCH: Received scheduling request: Id: 12-1, Constraints: [{ L: 15000, D: 86400000, C: CHARGING_NONE, I: IDLE_NONE, N: NET_ANY, B: BATTERY_ANY }]
03-30 13:09:20.045 I/Finsky  ( 8717): [59] AIM: ItemModel fetch - unauth(1), auth()
03-30 13:09:20.048 D/DesktopExperienceFlags(11646): Toggle override initialized to: false
03-30 13:09:20.059 I/Finsky  ( 8717): [60] ItemStore: Not cached: com.weejobs.app
03-30 13:09:20.065 D/AppCompatDelegate(11646): Checking for metadata for AppLocalesMetadataHolderService : Service not found
03-30 13:09:20.089 E/ashmem  (11646): Pinning is deprecated since Android Q. Please use trim or other methods.
03-30 13:09:20.190 D/CompatChangeReporter(11646): Compat change id reported: 377864165; UID 10227; state: ENABLED
03-30 13:09:20.190 D/DesktopModeFlags(11646): Toggle override initialized to: OVERRIDE_UNSET
03-30 13:09:20.210 I/GFXSTREAM(11646): [eglDisplay.cpp(297)] Opening libGLESv1_CM_emulation.so
03-30 13:09:20.216 I/GFXSTREAM(11646): [eglDisplay.cpp(297)] Opening libGLESv2_emulation.so
03-30 13:09:20.221 I/Finsky  ( 8717): [61] AIM: AppInfoManager-Perf > ItemModel > CacheSize=0, cacheHitCount=0, cacheMissCount=1, total appsWithNoServerDataCount=0. Missed  in cache (limit 10) : [com.weejobs.app]
03-30 13:09:20.222 I/Finsky  ( 8717): [61] AIM: AppInfoManager-Perf > ItemModel > ItemStore Called 1 apps cacheOptions = USE_CACHE
03-30 13:09:20.222 I/Finsky  ( 8717): [2] DTU: Received onPackageAdded, replacing: true
03-30 13:09:20.222 I/Finsky  ( 8717): [61] AIM: ItemModel fetch - unauth(1), auth()
03-30 13:09:20.225 I/Finsky  ( 8717): [61] ItemStore: Not cached: com.weejobs.app
03-30 13:09:20.230 I/Finsky  ( 8717): [150] SCH: Received scheduling request: Id: 12-1, Constraints: [{ L: 15000, D: 86400000, C: CHARGING_NONE, I: IDLE_NONE, N: NET_ANY, B: BATTERY_ANY }]
03-30 13:09:20.248 I/com.weejobs.app(11646): hiddenapi: Accessing hidden method Landroid/view/ViewGroup;->makeOptionalFitsSystemWindows()V (runtime_flags=0, domain=platform, api=unsupported) from Landroidx/appcompat/widget/ViewUtils; (domain=app, TargetSdkVersion=36) using reflection: allowed
03-30 13:09:20.249 I/Finsky  ( 8717): [2] aiky - Received: android.intent.action.PACKAGE_ADDED, [Gqk4ewQyzs5K3YXFVstm8EkH33a-0A8vDs_YEc4mwgs]
03-30 13:09:20.270 I/Finsky  ( 8717): [2] aiky - Deduping intent android.intent.action.PACKAGE_ADDED
03-30 13:09:20.311 I/Finsky  ( 8717): [2] aiky - Received: android.intent.action.PACKAGE_ADDED, [Gqk4ewQyzs5K3YXFVstm8EkH33a-0A8vDs_YEc4mwgs]
03-30 13:09:20.319 I/Finsky  ( 8717): [2] aiky - Deduping intent android.intent.action.PACKAGE_ADDED
03-30 13:09:20.322 I/Finsky  ( 8717): [2] Memory trim requested to level 40
03-30 13:09:20.322 I/Finsky  ( 8717): [48] RECEIVER_PACKAGE_MONITOR#logWorkEndAndFinishGoAsync: SUCCESS
03-30 13:09:20.327 I/Finsky  ( 8717): [2] Flushing in-memory image cache
03-30 13:09:20.327 I/Finsky  ( 8717): [2] Memory trim requested to level 40
03-30 13:09:20.327 I/Finsky  ( 8717): [2] Flushing in-memory image cache
03-30 13:09:20.345 W/HWUI    (11646): Failed to choose config with EGL_SWAP_BEHAVIOR_PRESERVED, retrying without...
03-30 13:09:20.345 W/HWUI    (11646): Failed to initialize 101010-2 format, error = EGL_SUCCESS
03-30 13:09:20.381 W/libbinder.BackendUnifiedServiceManager(11715): Thread Pool max thread count is 0. Cannot cache binder as linkToDeath cannot be implemented. serviceName: package
03-30 13:09:20.392 E/TaskPersister(  815): File error accessing recents directory (directory doesn't exist?).
03-30 13:09:20.404 V/SafetySourceDataValidat(  815): Package: com.android.vending has expected signature
03-30 13:09:20.404 V/SafetySourceDataValidat(  815): Package: com.android.vending has expected signature
03-30 13:09:20.439 I/Finsky  ( 8717): [2] Memory trim requested to level 40
03-30 13:09:20.439 I/Finsky  ( 8717): [2] Flushing in-memory image cache
03-30 13:09:20.598 I/Finsky  ( 8717): [53] WM::SCH: Logging work initialize for 12-1
03-30 13:09:20.645 I/Finsky  ( 8717): [53] WM::SCH: Logging work initialize for 12-1
03-30 13:09:20.668 I/Finsky  ( 8717): [61] SCH: Scheduling phonesky job Id: 12-1, CT: 1774901360230, Constraints: [{ L: 15000, D: 86400000, C: CHARGING_NONE, I: IDLE_NONE, N: NET_ANY, B: BATTERY_ANY }]
03-30 13:09:20.678 I/artd    ( 3343): GetBestInfo: odex next to the dex file (/data/app/~~l86ooHn3z7zjJPmRwuVyKA==/com.google.android.gms-mjvtrlLEHAA3R1GV5L8qqg==/oat/x86_64/base.odex) is kOatUpToDate with filter 'speed-profile' executable 'false'
03-30 13:09:20.686 I/Finsky  ( 8717): [62] SCH: Scheduling 1 system job(s)
03-30 13:09:20.690 I/Finsky  ( 8717): [62] SCH: Scheduling system job Id: 9234, L: 14543, D: 76944337, C: false, I: false, N: 1
03-30 13:09:20.713 I/artd    ( 3343): GetBestInfo: odex next to the dex file (/data/app/~~l86ooHn3z7zjJPmRwuVyKA==/com.google.android.gms-mjvtrlLEHAA3R1GV5L8qqg==/oat/x86_64/split_AdsDynamite_installtime.odex) is kOatUpToDate with filter 'speed' executable 'false'
03-30 13:09:20.720 I/Finsky  ( 8717): [61] SCH: Scheduling phonesky job Id: 12-1, CT: 1774901360035, Constraints: [{ L: 15000, D: 86400000, C: CHARGING_NONE, I: IDLE_NONE, N: NET_ANY, B: BATTERY_ANY }]
03-30 13:09:20.721 I/Finsky  ( 8717): [54] [ContentSync] finished, scheduled=true
03-30 13:09:20.724 I/Finsky  ( 8717): [62] SCH: Scheduling 1 system job(s)
03-30 13:09:20.724 I/Finsky  ( 8717): [62] SCH: Scheduling system job Id: 9234, L: 14311, D: 76944300, C: false, I: false, N: 1
03-30 13:09:20.734 I/artd    ( 3343): GetBestInfo: odex next to the dex file (/data/app/~~l86ooHn3z7zjJPmRwuVyKA==/com.google.android.gms-mjvtrlLEHAA3R1GV5L8qqg==/oat/x86_64/split_CronetDynamite_installtime.odex) is kOatUpToDate with filter 'speed' executable 'false'
03-30 13:09:20.745 I/Finsky  ( 8717): [56] [ContentSync] finished, scheduled=true
03-30 13:09:20.746 I/artd    ( 3343): GetBestInfo: odex next to the dex file (/data/app/~~l86ooHn3z7zjJPmRwuVyKA==/com.google.android.gms-mjvtrlLEHAA3R1GV5L8qqg==/oat/x86_64/split_DynamiteLoader_installtime.odex) is kOatUpToDate with filter 'speed' executable 'false'
03-30 13:09:20.750 I/artd    ( 3343): GetBestInfo: odex next to the dex file (/data/app/~~l86ooHn3z7zjJPmRwuVyKA==/com.google.android.gms-mjvtrlLEHAA3R1GV5L8qqg==/oat/x86_64/split_DynamiteModulesA_installtime.odex) is kOatUpToDate with filter 'speed' executable 'false'
03-30 13:09:20.760 I/artd    ( 3343): GetBestInfo: odex next to the dex file (/data/app/~~l86ooHn3z7zjJPmRwuVyKA==/com.google.android.gms-mjvtrlLEHAA3R1GV5L8qqg==/oat/x86_64/split_DynamiteModulesC_installtime.odex) is kOatUpToDate with filter 'speed' executable 'false'
03-30 13:09:20.769 I/artd    ( 3343): GetBestInfo: odex next to the dex file (/data/app/~~l86ooHn3z7zjJPmRwuVyKA==/com.google.android.gms-mjvtrlLEHAA3R1GV5L8qqg==/oat/x86_64/split_GoogleCertificates_installtime.odex) is kOatUpToDate with filter 'speed' executable 'false'
03-30 13:09:20.780 I/artd    ( 3343): GetBestInfo: odex next to the dex file (/data/app/~~l86ooHn3z7zjJPmRwuVyKA==/com.google.android.gms-mjvtrlLEHAA3R1GV5L8qqg==/oat/x86_64/split_MapsDynamite_installtime.odex) is kOatUpToDate with filter 'speed' executable 'false'
03-30 13:09:20.792 I/artd    ( 3343): GetBestInfo: odex next to the dex file (/data/app/~~l86ooHn3z7zjJPmRwuVyKA==/com.google.android.gms-mjvtrlLEHAA3R1GV5L8qqg==/oat/x86_64/split_MeasurementDynamite_installtime.odex) is kOatUpToDate with filter 'speed' executable 'false'
03-30 13:09:20.795 I/artd    ( 3343): GetBestInfo: /data/user_de/0/com.google.android.gms/app_chimera/m/0000000d/dl-PlayCloudSearch.optional_253434100000.apk has no usable artifacts
03-30 13:09:20.800 I/artd    ( 3343): GetBestInfo: /data/user_de/0/com.google.android.gms/app_chimera/m/0000000c/dl-MlkitBarcodeUi.optional_253434100800.apk has no usable artifacts
03-30 13:09:20.805 W/gle.android.gms( 8573): Reducing the number of considered missed Gc histogram windows from 161 to 100
03-30 13:09:20.810 I/artd    ( 3343): GetBestInfo: /data/user_de/0/com.google.android.gms/app_chimera/m/00000001/CronetDynamite.apk has no usable artifacts
03-30 13:09:20.844 I/artd    ( 3343): GetBestInfo: /data/user_de/0/com.google.android.gms/app_chimera/m/00000016/dl-MlkitOcrCommon.optional_261133100800.apk has no usable artifacts
03-30 13:09:20.847 W/unknown:BridgelessReact(11646): ReactHost{0}.startSurface(surfaceId = 0): Schedule
03-30 13:09:20.848 W/unknown:BridgelessReact(11646): ReactHost{0}.attachSurface(surfaceId = 0)
03-30 13:09:20.851 W/unknown:BridgelessReact(11646): ReactHost{0}.getOrCreateReactInstanceTask()
03-30 13:09:20.855 W/unknown:BridgelessReact(11646): ReactHost{0}.getOrCreateReactInstanceTask(): Start
03-30 13:09:20.855 W/unknown:BridgelessReact(11646): ReactHost{0}.getJSBundleLoader()
03-30 13:09:20.856 W/unknown:BridgelessReact(11646): ReactHost{0}.isMetroRunning()
03-30 13:09:20.868 I/artd    ( 3343): GetBestInfo: /data/user_de/0/com.google.android.gms/app_chimera/m/0000000e/dl-VisionOcr.optional_253434100000.apk has no usable artifacts
03-30 13:09:20.869 I/artd    ( 3343): GetBestInfo: /data/user_de/0/com.google.android.gms/app_chimera/m/00000002/DynamiteLoader.apk has no usable artifacts
03-30 13:09:20.870 I/artd    ( 3343): GetBestInfo: /data/user_de/0/com.google.android.gms/app_chimera/m/00000005/GoogleCertificates.apk has no usable artifacts
03-30 13:09:20.872 I/artd    ( 3343): GetBestInfo: /data/user_de/0/com.google.android.gms/app_chimera/m/00000012/dl-Appsearch.optional_261133100800.apk has no usable artifacts
03-30 13:09:20.876 I/artd    ( 3343): GetBestInfo: /data/user_de/0/com.google.android.gms/app_chimera/m/00000011/dl-PlayCloudSearch.optional_261133100000.apk has no usable artifacts
03-30 13:09:20.879 I/artd    ( 3343): GetBestInfo: /data/user_de/0/com.google.android.gms/app_chimera/m/00000015/dl-MlkitBarcodeUi.optional_261133100800.apk has no usable artifacts
03-30 13:09:20.885 I/artd    ( 3343): GetBestInfo: /data/user_de/0/com.google.android.gms/app_chimera/m/0000000a/dl-Appsearch.optional_253434100800.apk has no usable artifacts
03-30 13:09:20.888 I/artd    ( 3343): GetBestInfo: /data/user_de/0/com.google.android.gms/app_chimera/m/00000008/dl-TfliteDynamiteDynamite.integ_252130102100800.apk has no usable artifacts
03-30 13:09:20.900 W/WindowOnBackDispatcher(11646): OnBackInvokedCallback is not enabled for the application.
03-30 13:09:20.900 W/WindowOnBackDispatcher(11646): Set 'android:enableOnBackInvokedCallback="true"' in the application manifest.
03-30 13:09:20.906 I/artd    ( 3343): GetBestInfo: /data/user_de/0/com.google.android.gms/app_chimera/m/0000000f/dl-MlkitOcrCommon.optional_253434100800.apk has no usable artifacts
03-30 13:09:20.913 I/artd    ( 3343): GetBestInfo: /data/user_de/0/com.google.android.gms/app_chimera/m/00000010/dl-VisionOcr.optional_261133100000.apk has no usable artifacts
03-30 13:09:20.915 I/HalDevMgr(  815): bestIfaceCreationProposal is null, requestIface=STA, existingIface=[name=wlan0 type=STA]
03-30 13:09:20.940 W/unknown:BridgelessReact(11646): ReactHost{0}.onHostResume(activity)
03-30 13:09:20.940 W/unknown:ReactNative(11646): Packager connection already open, nooping.
03-30 13:09:20.947 I/artd    ( 3343): GetBestInfo: vdex next to the dex file (/data/user/0/com.google.android.gms/app_dg_cache/BB2AE5A47BB198AF36C19CFD2B6407061A1BAF30/oat/x86_64/the.vdex) is kOatUpToDate with filter 'verify' executable 'false'
03-30 13:09:20.960 I/artd    ( 3343): GetBestInfo: /data/user_de/0/com.google.android.gms/app_chimera/m/00000007/MeasurementDynamite.apk has no usable artifacts
03-30 13:09:20.967 W/HWUI    (11646): Unknown dataspace 0
03-30 13:09:21.012 I/Choreographer(11646): Skipped 157 frames!  The application may be doing too much work on its main thread.
03-30 13:09:21.015 D/VRI[MainActivity](11646): WindowInsets changed: 1080x2400 statusBars:[0,63,0,0] navigationBars:[0,0,0,63] mandatorySystemGestures:[0,63,0,84] 
03-30 13:09:21.033 D/WindowOnBackDispatcher(11646): setTopOnBackInvokedCallback (unwrapped): android.view.ViewRootImpl$$ExternalSyntheticLambda12@580e5d2
03-30 13:09:21.035 D/CoreBackPreview(  815): Window{f10c2b0 u0 com.weejobs.app/com.weejobs.app.MainActivity}: Setting back callback OnBackInvokedCallbackInfo{mCallback=android.window.IOnBackInvokedCallback$Stub$Proxy@73759dc, mPriority=0, mIsAnimationCallback=false, mOverrideBehavior=0}
03-30 13:09:21.082 W/libbinder.Binder( 9179): Binder transaction to android.content.IContentProvider code 21 took 4966ms. Data bytes: 472 Reply bytes: 424 Flags: 18
03-30 13:09:21.082 D/WellbeingModel( 1636): ....actionId: pause, packages: com.weejobs.app
03-30 13:09:21.082 I/WellbeingModel( 1636): retrieveActions(): finished
03-30 13:09:21.305 W/android.vending( 8717): Suspending all threads took: 9.528ms
03-30 13:09:21.341 E/Finsky  ( 8717): [59] ItemStore: getItems RPC failed for item com.weejobs.app
03-30 13:09:21.341 E/Finsky  ( 8717): [62] ItemStore: getItems RPC failed for item com.weejobs.app
03-30 13:09:21.472 I/FontLog ( 8555): (REDACTED) Received query %s, URI %s
03-30 13:09:21.476 I/FontLog ( 8555): (REDACTED) Query [%s] resolved to %s
03-30 13:09:21.497 I/FontLog ( 8555): (REDACTED) Fetch %s end status %s
03-30 13:09:21.504 I/FontLog ( 8555): (REDACTED) Pulling font file for id = %d, cache size = %d
03-30 13:09:21.505 I/HWUI    (11646): Using FreeType backend (prop=Auto)
03-30 13:09:21.529 I/FontLog ( 8555): (REDACTED) Pulling font file for id = %d, cache size = %d
03-30 13:09:21.757 I/com.weejobs.app(11646): Compiler allocated 5087KB to compile void android.view.ViewRootImpl.performTraversals()
03-30 13:09:22.677 D/SatelliteController( 1522): iisInCarrierRoamingNbIotNtn: satellite is disabled
03-30 13:09:22.683 D/SatelliteController( 1522): getCarrierRoamingNtnConnectType: Falling back to global carrier config connect type: 0
03-30 13:09:23.924 I/HalDevMgr(  815): bestIfaceCreationProposal is null, requestIface=STA, existingIface=[name=wlan0 type=STA]
03-30 13:09:25.918 W/unknown:ReactNative(11646): The packager does not seem to be running as we got an IOException requesting its status: failed to connect to /10.0.2.2 (port 8081) from /10.0.2.16 (port 39408) after 5000ms
03-30 13:09:25.918 W/unknown:BridgelessReact(11646): ReactHost{0}.isMetroRunning(): Async result = false
03-30 13:09:25.929 W/unknown:BridgelessReact(11646): ReactHost{0}.getOrCreateReactInstanceTask(): Creating BridgelessReactContext
03-30 13:09:25.945 W/unknown:BridgelessReact(11646): ReactHost{0}.getOrCreateReactInstanceTask(): Creating ReactInstance
03-30 13:09:26.030 D/nativeloader(11646): Load /data/app/~~V-iP7AW__uU8B_CVVmOX2Q==/com.weejobs.app-Axf87Q1AMZiGpFqpZReoQw==/base.apk!/lib/x86_64/libhermesvm.so using class loader ns clns-9 (caller=/data/app/~~V-iP7AW__uU8B_CVVmOX2Q==/com.weejobs.app-Axf87Q1AMZiGpFqpZReoQw==/base.apk!classes21.dex): ok
03-30 13:09:26.046 D/nativeloader(11646): Load /data/app/~~V-iP7AW__uU8B_CVVmOX2Q==/com.weejobs.app-Axf87Q1AMZiGpFqpZReoQw==/base.apk!/lib/x86_64/libhermestooling.so using class loader ns clns-9 (caller=/data/app/~~V-iP7AW__uU8B_CVVmOX2Q==/com.weejobs.app-Axf87Q1AMZiGpFqpZReoQw==/base.apk!classes21.dex): ok
03-30 13:09:26.046 D/jni_lib_merge(11646): Entering merged library JNI_OnLoad.
03-30 13:09:26.046 D/jni_lib_merge(11646): Preparing 4 pre-merged libs (including stub)
03-30 13:09:26.046 D/jni_lib_merge(11646): Preparing to register libhermes_executor_so.  onload_func: 0x76f543bbdad0
03-30 13:09:26.046 D/jni_lib_merge(11646): Preparing to register libhermesinstancejni_so.  onload_func: 0x76f543be9330
03-30 13:09:26.046 D/jni_lib_merge(11646): Preparing to register libjsijniprofiler_so.  onload_func: 0x76f543beb0a0
03-30 13:09:26.046 D/jni_lib_merge(11646): About to register 3 actual methods.
03-30 13:09:26.261 D/ProfileInstaller(11646): Installing profile for com.weejobs.app
03-30 13:09:26.355 I/ExpoModulesCore(11646): ✅ AppContext was initialized
03-30 13:09:26.484 W/unknown:BridgelessReact(11646): ReactHost{0}.getOrCreateReactInstanceTask(): Loading JS Bundle
03-30 13:09:26.505 W/unknown:BridgelessReact(11646): ReactHost{0}.getOrCreateReactInstanceTask(): DevSupportManager.onNewReactContextCreated()
03-30 13:09:26.513 W/unknown:BridgelessReact(11646): ReactHost{0}.startSurface(surfaceId = 0): Execute
03-30 13:09:26.518 W/unknown:ReactNative(11646): Packager connection already open, nooping.
03-30 13:09:26.519 W/unknown:BridgelessReact(11646): ReactHost{0}.ReactContext.onHostResume()
03-30 13:09:26.539 W/unknown:BridgelessReact(11646): ReactHost{0}.getOrCreateReactInstanceTask(): Executing ReactInstanceEventListeners
03-30 13:09:26.765 D/nativeloader(11646): Load /data/app/~~V-iP7AW__uU8B_CVVmOX2Q==/com.weejobs.app-Axf87Q1AMZiGpFqpZReoQw==/base.apk!/lib/x86_64/libworklets.so using class loader ns clns-9 (caller=/data/app/~~V-iP7AW__uU8B_CVVmOX2Q==/com.weejobs.app-Axf87Q1AMZiGpFqpZReoQw==/base.apk!classes21.dex): ok
03-30 13:09:26.781 D/nativeloader(11646): Load /data/app/~~V-iP7AW__uU8B_CVVmOX2Q==/com.weejobs.app-Axf87Q1AMZiGpFqpZReoQw==/base.apk!/lib/x86_64/libexpo-modules-core.so using class loader ns clns-9 (caller=/data/app/~~V-iP7AW__uU8B_CVVmOX2Q==/com.weejobs.app-Axf87Q1AMZiGpFqpZReoQw==/base.apk!classes21.dex): ok
03-30 13:09:26.790 W/BridgelessReactContext(11646): [WARNING] Bridgeless doesn't support CatalystInstance. Accessing an API that's not part of the new architecture is not encouraged usage.
03-30 13:09:26.822 I/ExpoModulesCore(11646): ✅ JSI interop was installed
03-30 13:09:26.828 I/ExpoModulesCore(11646): ✅ Constants were exported
03-30 13:09:26.846 I/ReactNativeJS(11646): Running "main"
03-30 13:09:26.862 I/com.weejobs.app(11646): Waiting for a blocking GC ClassLinker
03-30 13:09:26.874 W/com.weejobs.app(11646): userfaultfd: MOVE ioctl seems unsupported: Connection timed out
03-30 13:09:26.888 I/com.weejobs.app(11646): WaitForGcToComplete blocked ClassLinker on Background for 25.427ms
03-30 13:09:26.930 I/HalDevMgr(  815): bestIfaceCreationProposal is null, requestIface=STA, existingIface=[name=wlan0 type=STA]
03-30 13:09:27.006 W/unknown:ViewManagerPropertyUpdater(11646): Could not find generated setter for class com.reactnativestripesdk.CardFormViewManager
03-30 13:09:27.014 W/unknown:ViewManagerPropertyUpdater(11646): Could not find generated setter for class com.facebook.react.uimanager.LayoutShadowNode
03-30 13:09:27.015 W/unknown:ViewManagerPropertyUpdater(11646): Could not find generated setter for class com.swmansion.rnscreens.ScreenFooterManager
03-30 13:09:27.016 W/unknown:ViewManagerPropertyUpdater(11646): Could not find generated setter for class com.reactnativestripesdk.EmbeddedPaymentElementViewManager
03-30 13:09:27.019 W/unknown:ViewManagerPropertyUpdater(11646): Could not find generated setter for class expo.modules.kotlin.views.GroupViewManagerWrapper
03-30 13:09:27.020 W/unknown:ViewManagerPropertyUpdater(11646): Could not find generated setter for class com.swmansion.rnscreens.ScreenContainerViewManager
03-30 13:09:27.021 W/unknown:ViewManagerPropertyUpdater(11646): Could not find generated setter for class com.reactnativestripesdk.StripeContainerManager
03-30 13:09:27.022 W/unknown:ViewManagerPropertyUpdater(11646): Could not find generated setter for class com.swmansion.rnscreens.ModalScreenViewManager
03-30 13:09:27.025 W/unknown:ViewManagerPropertyUpdater(11646): Could not find generated setter for class com.reactnativestripesdk.NavigationBarManager
03-30 13:09:27.028 W/unknown:ViewManagerPropertyUpdater(11646): Could not find generated setter for class com.th3rdwave.safeareacontext.SafeAreaViewManager
03-30 13:09:27.031 W/unknown:ViewManagerPropertyUpdater(11646): Could not find generated setter for class com.th3rdwave.safeareacontext.SafeAreaViewShadowNode
03-30 13:09:27.033 W/unknown:ViewManagerPropertyUpdater(11646): Could not find generated setter for class com.swmansion.rnscreens.safearea.SafeAreaViewManager
03-30 13:09:27.035 W/unknown:ViewManagerPropertyUpdater(11646): Could not find generated setter for class com.swmansion.rnscreens.safearea.paper.SafeAreaViewShadowNode
03-30 13:09:27.035 W/unknown:ViewManagerPropertyUpdater(11646): Could not find generated setter for class com.swmansion.rnscreens.ScreenViewManager
03-30 13:09:27.036 W/unknown:ViewManagerPropertyUpdater(11646): Could not find generated setter for class com.reactnativestripesdk.PaymentMethodMessagingElementViewManager
03-30 13:09:27.036 W/unknown:ViewManagerPropertyUpdater(11646): Could not find generated setter for class com.reactnativestripesdk.CardFieldViewManager
03-30 13:09:27.037 W/unknown:ViewManagerPropertyUpdater(11646): Could not find generated setter for class com.swmansion.rnscreens.ScreenStackViewManager
03-30 13:09:27.037 W/unknown:ViewManagerPropertyUpdater(11646): Could not find generated setter for class com.reactnativestripesdk.addresssheet.AddressSheetViewManager
03-30 13:09:27.041 W/unknown:ViewManagerPropertyUpdater(11646): Could not find generated setter for class com.swmansion.rnscreens.gamma.tabs.TabsHostViewManager
03-30 13:09:27.046 W/unknown:ViewManagerPropertyUpdater(11646): Could not find generated setter for class com.th3rdwave.safeareacontext.SafeAreaProviderManager
03-30 13:09:27.050 W/unknown:ViewManagerPropertyUpdater(11646): Could not find generated setter for class com.swmansion.rnscreens.SearchBarManager
03-30 13:09:27.058 W/unknown:ViewManagerPropertyUpdater(11646): Could not find generated setter for class com.swmansion.rnscreens.ScreenStackHeaderConfigViewManager
03-30 13:09:27.062 W/unknown:ViewManagerPropertyUpdater(11646): Could not find generated setter for class com.swmansion.rnscreens.ScreenContentWrapperManager
03-30 13:09:27.065 W/unknown:ViewManagerPropertyUpdater(11646): Could not find generated setter for class com.reactnativestripesdk.GooglePayButtonManager
03-30 13:09:27.069 W/unknown:ViewManagerPropertyUpdater(11646): Could not find generated setter for class com.swmansion.rnscreens.gamma.tabs.TabsScreenViewManager
03-30 13:09:27.073 W/unknown:ViewManagerPropertyUpdater(11646): Could not find generated setter for class com.swmansion.rnscreens.gamma.stack.host.StackHostViewManager
03-30 13:09:27.075 W/unknown:ViewManagerPropertyUpdater(11646): Could not find generated setter for class com.reactnativestripesdk.AuBECSDebitFormViewManager
03-30 13:09:27.079 W/unknown:ViewManagerPropertyUpdater(11646): Could not find generated setter for class com.swmansion.rnscreens.ScreenStackHeaderSubviewManager
03-30 13:09:27.083 W/unknown:ViewManagerPropertyUpdater(11646): Could not find generated setter for class com.swmansion.rnscreens.gamma.stack.screen.StackScreenViewManager
03-30 13:09:27.084 W/unknown:ViewManagerPropertyUpdater(11646): Could not find generated setter for class com.reactnativestripesdk.pushprovisioning.AddToWalletButtonManager
03-30 13:09:27.151 W/unknown:ViewManagerPropertyUpdater(11646): Could not find generated setter for class com.facebook.react.views.debuggingoverlay.DebuggingOverlayManager
03-30 13:09:27.154 W/unknown:ViewManagerPropertyUpdater(11646): Could not find generated setter for class com.facebook.react.views.safeareaview.ReactSafeAreaViewManager
03-30 13:09:27.157 W/unknown:ViewManagerPropertyUpdater(11646): Could not find generated setter for class com.facebook.react.views.modal.ReactModalHostManager
03-30 13:09:27.159 W/unknown:ViewManagerPropertyUpdater(11646): Could not find generated setter for class com.facebook.react.views.text.frescosupport.FrescoBasedReactTextInlineImageViewManager
03-30 13:09:27.160 W/unknown:ViewManagerPropertyUpdater(11646): Could not find generated setter for class com.facebook.react.views.text.frescosupport.FrescoBasedReactTextInlineImageShadowNode
03-30 13:09:27.163 W/unknown:ViewManagerPropertyUpdater(11646): Could not find generated setter for class com.facebook.react.views.progressbar.ReactProgressBarViewManager
03-30 13:09:27.164 W/unknown:ViewManagerPropertyUpdater(11646): Could not find generated setter for class com.facebook.react.views.progressbar.ProgressBarShadowNode
03-30 13:09:27.169 W/unknown:ViewManagerPropertyUpdater(11646): Could not find generated setter for class com.facebook.react.views.scroll.ReactHorizontalScrollViewManager
03-30 13:09:27.173 W/unknown:ViewManagerPropertyUpdater(11646): Could not find generated setter for class com.facebook.react.views.image.ReactImageManager
03-30 13:09:27.178 W/unknown:ViewManagerPropertyUpdater(11646): Could not find generated setter for class com.facebook.react.views.text.ReactTextViewManager
03-30 13:09:27.178 W/unknown:ViewManagerPropertyUpdater(11646): Could not find generated setter for class com.facebook.react.views.text.ReactTextShadowNode
03-30 13:09:27.185 W/unknown:ViewManagerPropertyUpdater(11646): Could not find generated setter for class com.facebook.react.views.scroll.ReactHorizontalScrollContainerViewManager
03-30 13:09:27.198 W/unknown:ViewManagerPropertyUpdater(11646): Could not find generated setter for class com.facebook.react.views.unimplementedview.ReactUnimplementedViewManager
03-30 13:09:27.209 D/BaseActivity( 1636): Launcher flags updated: [] -[state_started]
03-30 13:09:27.210 D/BaseDepthController( 1636): setSurface:
03-30 13:09:27.210 D/BaseDepthController( 1636): 	mWaitingOnSurfaceValidity: true
03-30 13:09:27.210 D/BaseDepthController( 1636): 	mBaseSurface: null
03-30 13:09:27.210 D/BackgroundInstallControlService(  815): Package event received: 0
03-30 13:09:27.211 D/BaseDepthController( 1636): mSurface is null and mCurrentBlur is: 0
03-30 13:09:27.211 D/BaseDepthController( 1636): setEarlyWakeup: false
03-30 13:09:27.214 W/unknown:ViewManagerPropertyUpdater(11646): Could not find generated setter for class com.facebook.react.views.scroll.ReactScrollViewManager
03-30 13:09:27.218 W/libbinder.Binder(  815): Binder transaction to android.app.IActivityManager code 1598246212 took 10997ms. Data bytes: 236 Reply bytes: 4 Flags: 16
03-30 13:09:27.221 W/unknown:ViewManagerPropertyUpdater(11646): Could not find generated setter for class com.facebook.react.views.view.ReactViewManager
03-30 13:09:27.226 W/unknown:ViewManagerPropertyUpdater(11646): Could not find generated setter for class com.facebook.react.views.drawer.ReactDrawerLayoutManager
03-30 13:09:27.229 D/LauncherStateManager( 1636): StateManager.goToState: fromState: Normal, toState: Normal, partial trace:
03-30 13:09:27.229 D/LauncherStateManager( 1636): 	at com.android.launcher3.statemanager.StateManager.moveToRestState(go/retraceme f3a19d912c87c27267cfbc05ba0bc7b202ab72a6648bd76225f5f7e128d94583:6)
03-30 13:09:27.229 D/LauncherStateManager( 1636): 	at com.android.launcher3.statemanager.StateManager.moveToRestState(go/retraceme f3a19d912c87c27267cfbc05ba0bc7b202ab72a6648bd76225f5f7e128d94583:2)
03-30 13:09:27.229 D/LauncherStateManager( 1636): 	at com.android.launcher3.statemanager.StatefulActivity.onStop(go/retraceme f3a19d912c87c27267cfbc05ba0bc7b202ab72a6648bd76225f5f7e128d94583:32)
03-30 13:09:27.229 D/LauncherStateManager( 1636): StateManager.onRepeatStateSetAborted: state: Normal
03-30 13:09:27.229 D/ActivityContext( 1636): hideKeyboard
03-30 13:09:27.229 D/ActivityContext( 1636): isImeShown: false
03-30 13:09:27.230 D/StatsLog( 1636): LAUNCHER_ONSTOP
03-30 13:09:27.231 D/StatsLog( 1636): LAUNCHER_GOOGLE_SEARCH_RESTORE_LIST_SIZE_AFTER_ACTIVITY_RESTART
03-30 13:09:27.232 W/unknown:ViewManagerPropertyUpdater(11646): Could not find generated setter for class com.facebook.react.views.switchview.ReactSwitchManager
03-30 13:09:27.233 W/unknown:ViewManagerPropertyUpdater(11646): Could not find generated setter for class com.facebook.react.views.switchview.ReactSwitchShadowNode
03-30 13:09:27.238 W/unknown:ViewManagerPropertyUpdater(11646): Could not find generated setter for class com.facebook.react.views.swiperefresh.SwipeRefreshLayoutManager
03-30 13:09:27.245 D/BackgroundInstallControlService(  815): Package event received: 0
03-30 13:09:27.250 W/unknown:ViewManagerPropertyUpdater(11646): Could not find generated setter for class com.facebook.react.views.textinput.ReactTextInputManager
03-30 13:09:27.252 W/unknown:ViewManagerPropertyUpdater(11646): Could not find generated setter for class com.facebook.react.views.textinput.ReactTextInputShadowNode
03-30 13:09:27.384 D/nativeloader(11646): Load /data/app/~~V-iP7AW__uU8B_CVVmOX2Q==/com.weejobs.app-Axf87Q1AMZiGpFqpZReoQw==/base.apk!/lib/x86_64/librnscreens.so using class loader ns clns-9 (caller=/data/app/~~V-iP7AW__uU8B_CVVmOX2Q==/com.weejobs.app-Axf87Q1AMZiGpFqpZReoQw==/base.apk!classes16.dex): ok
03-30 13:09:27.442 E/ReactNativeJS(11646): { [Error: No modules in context]
03-30 13:09:27.442 E/ReactNativeJS(11646):   code: 'MODULE_NOT_FOUND',
03-30 13:09:27.442 E/ReactNativeJS(11646):   componentStack: '\n    at _ (index.android.bundle:622:1753)\n    at anonymous (index.android.bundle:622:961)\n    at RCTView (<anonymous>)\n    at x (index.android.bundle:287:548)\n    at anonymous (index.android.bundle:286:253)',
03-30 13:09:27.442 E/ReactNativeJS(11646):   isComponentError: true }
03-30 13:09:27.552 W/unknown:BridgelessReact(11646): ReactHost{0}.handleHostException(message = "Error: No modules in context
03-30 13:09:27.552 W/unknown:BridgelessReact(11646): 
03-30 13:09:27.552 W/unknown:BridgelessReact(11646): This error is located at:
03-30 13:09:27.552 W/unknown:BridgelessReact(11646):     at _ (index.android.bundle:622:1753)
03-30 13:09:27.552 W/unknown:BridgelessReact(11646):     at anonymous (index.android.bundle:622:961)
03-30 13:09:27.552 W/unknown:BridgelessReact(11646):     at RCTView (<anonymous>)
03-30 13:09:27.552 W/unknown:BridgelessReact(11646):     at x (index.android.bundle:287:548)
03-30 13:09:27.552 W/unknown:BridgelessReact(11646):     at anonymous (index.android.bundle:286:253), stack:
03-30 13:09:27.552 W/unknown:BridgelessReact(11646): n@1098:58
03-30 13:09:27.552 W/unknown:BridgelessReact(11646): loadRoute@834:3305
03-30 13:09:27.552 W/unknown:BridgelessReact(11646): x@834:7553
03-30 13:09:27.552 W/unknown:BridgelessReact(11646): M@834:4272
03-30 13:09:27.552 W/unknown:BridgelessReact(11646): s@834:4519
03-30 13:09:27.552 W/unknown:BridgelessReact(11646): anonymous@834:172
03-30 13:09:27.552 W/unknown:BridgelessReact(11646): t@833:146
03-30 13:09:27.552 W/unknown:BridgelessReact(11646): anonymous@686:1166
03-30 13:09:27.552 W/unknown:BridgelessReact(11646): _@622:2178
03-30 13:09:27.552 W/unknown:BridgelessReact(11646): Bl@76:43885
03-30 13:09:27.552 W/unknown:BridgelessReact(11646): xa@76:67314
03-30 13:09:27.552 W/unknown:BridgelessReact(11646): qa@76:76742
03-30 13:09:27.552 W/unknown:BridgelessReact(11646): Mi@76:104550
03-30 13:09:27.552 W/unknown:BridgelessReact(11646): Di@76:103531
03-30 13:09:27.552 W/unknown:BridgelessReact(11646): Ai@76:103373
03-30 13:09:27.552 W/unknown:BridgelessReact(11646): Ri@76:100557
03-30 13:09:27.552 W/unknown:BridgelessReact(11646): vt@76:27938
03-30 13:09:27.552 W/unknown:BridgelessReact(11646): ")
03-30 13:09:27.552 E/unknown:ReactNative(11646): Exception in native call from JS
03-30 13:09:27.552 E/unknown:ReactNative(11646): com.facebook.react.common.JavascriptException: Error: No modules in context
03-30 13:09:27.552 E/unknown:ReactNative(11646): 
03-30 13:09:27.552 E/unknown:ReactNative(11646): This error is located at:
03-30 13:09:27.552 E/unknown:ReactNative(11646):     at _ (index.android.bundle:622:1753)
03-30 13:09:27.552 E/unknown:ReactNative(11646):     at anonymous (index.android.bundle:622:961)
03-30 13:09:27.552 E/unknown:ReactNative(11646):     at RCTView (<anonymous>)
03-30 13:09:27.552 E/unknown:ReactNative(11646):     at x (index.android.bundle:287:548)
03-30 13:09:27.552 E/unknown:ReactNative(11646):     at anonymous (index.android.bundle:286:253), stack:
03-30 13:09:27.552 E/unknown:ReactNative(11646): n@1098:58
03-30 13:09:27.552 E/unknown:ReactNative(11646): loadRoute@834:3305
03-30 13:09:27.552 E/unknown:ReactNative(11646): x@834:7553
03-30 13:09:27.552 E/unknown:ReactNative(11646): M@834:4272
03-30 13:09:27.552 E/unknown:ReactNative(11646): s@834:4519
03-30 13:09:27.552 E/unknown:ReactNative(11646): anonymous@834:172
03-30 13:09:27.552 E/unknown:ReactNative(11646): t@833:146
03-30 13:09:27.552 E/unknown:ReactNative(11646): anonymous@686:1166
03-30 13:09:27.552 E/unknown:ReactNative(11646): _@622:2178
03-30 13:09:27.552 E/unknown:ReactNative(11646): Bl@76:43885
03-30 13:09:27.552 E/unknown:ReactNative(11646): xa@76:67314
03-30 13:09:27.552 E/unknown:ReactNative(11646): qa@76:76742
03-30 13:09:27.552 E/unknown:ReactNative(11646): Mi@76:104550
03-30 13:09:27.552 E/unknown:ReactNative(11646): Di@76:103531
03-30 13:09:27.552 E/unknown:ReactNative(11646): Ai@76:103373
03-30 13:09:27.552 E/unknown:ReactNative(11646): Ri@76:100557
03-30 13:09:27.552 E/unknown:ReactNative(11646): vt@76:27938
03-30 13:09:27.552 E/unknown:ReactNative(11646): 
03-30 13:09:27.552 E/unknown:ReactNative(11646): 	at com.facebook.react.modules.core.ExceptionsManagerModule.reportException(ExceptionsManagerModule.kt:52)
03-30 13:09:27.552 E/unknown:ReactNative(11646): 	at com.facebook.jni.NativeRunnable.run(Native Method)
03-30 13:09:27.552 E/unknown:ReactNative(11646): 	at android.os.Handler.handleCallback(Handler.java:1070)
03-30 13:09:27.552 E/unknown:ReactNative(11646): 	at android.os.Handler.dispatchMessage(Handler.java:125)
03-30 13:09:27.552 E/unknown:ReactNative(11646): 	at com.facebook.react.bridge.queue.MessageQueueThreadHandler.dispatchMessage(MessageQueueThreadHandler.kt:21)
03-30 13:09:27.552 E/unknown:ReactNative(11646): 	at android.os.Looper.dispatchMessage(Looper.java:333)
03-30 13:09:27.552 E/unknown:ReactNative(11646): 	at android.os.Looper.loopOnce(Looper.java:263)
03-30 13:09:27.552 E/unknown:ReactNative(11646): 	at android.os.Looper.loop(Looper.java:367)
03-30 13:09:27.552 E/unknown:ReactNative(11646): 	at com.facebook.react.bridge.queue.MessageQueueThreadImpl$Companion.startNewBackgroundThread$lambda$0(MessageQueueThreadImpl.kt:152)
03-30 13:09:27.552 E/unknown:ReactNative(11646): 	at com.facebook.react.bridge.queue.MessageQueueThreadImpl$Companion.$r8$lambda$YYXYCFexeoKtAeDpeNYkxZZlpbA(Unknown Source:0)
03-30 13:09:27.552 E/unknown:ReactNative(11646): 	at com.facebook.react.bridge.queue.MessageQueueThreadImpl$Companion$$ExternalSyntheticLambda0.run(D8$$SyntheticClass:0)
03-30 13:09:27.552 E/unknown:ReactNative(11646): 	at java.lang.Thread.run(Thread.java:1563)
03-30 13:09:27.553 W/unknown:BridgelessReact(11646): ReactHost{0}.getOrCreateDestroyTask()
03-30 13:09:27.553 W/unknown:BridgelessReact(11646): ReactHost{0}.getOrCreateDestroyTask(): Resetting createReactInstance task ref
03-30 13:09:27.651 W/unknown:BridgelessReact(11646): ReactHost{0}.getOrCreateDestroyTask(): Starting React Native destruction
03-30 13:09:27.651 W/unknown:BridgelessReact(11646): ReactHost{0}.getOrCreateDestroyTask(): DevSupportManager cleanup
03-30 13:09:27.651 W/unknown:BridgelessReact(11646): ReactHost{0}.getOrCreateDestroyTask(): Move ReactHost to onHostDestroy()
03-30 13:09:27.651 W/unknown:BridgelessReact(11646): ReactHost{0}.ReactContext.onHostPause()
03-30 13:09:27.652 W/unknown:BridgelessReact(11646): ReactHost{0}.ReactContext.onHostDestroy()
03-30 13:09:27.665 E/unknown:ReactNative(11646): Tried to remove non-existent frame callback
03-30 13:09:27.666 W/unknown:BridgelessReact(11646): ReactHost{0}.getOrCreateDestroyTask(): Stopping all React Native surfaces
03-30 13:09:27.666 E/unknown:SurfaceMountingManager(11646): Stopping surface [1]
03-30 13:09:27.672 D/WindowOnBackDispatcher(11646): setTopOnBackInvokedCallback (unwrapped): android.view.ViewRootImpl$$ExternalSyntheticLambda12@af91116
03-30 13:09:27.673 D/CoreBackPreview(  815): Window{62376a4 u0 com.weejobs.app/com.weejobs.app.MainActivity}: Setting back callback OnBackInvokedCallbackInfo{mCallback=android.window.IOnBackInvokedCallback$Stub$Proxy@8df3e0e, mPriority=0, mIsAnimationCallback=false, mOverrideBehavior=0}
03-30 13:09:27.844 E/unknown:SurfaceMountingManager(11646): Surface [1] was stopped on SurfaceMountingManager.
03-30 13:09:27.844 W/unknown:BridgelessReact(11646): ReactHost{0}.getOrCreateDestroyTask(): Destroying MemoryPressureRouter
03-30 13:09:27.844 W/unknown:BridgelessReact(11646): ReactHost{0}.getOrCreateDestroyTask(): Resetting ReactContext ref
03-30 13:09:27.845 W/unknown:BridgelessReact(11646): ReactHost{0}.getOrCreateDestroyTask(): Destroying ReactContext
03-30 13:09:27.848 W/unknown:BridgelessReact(11646): ReactHost{0}.getOrCreateDestroyTask(): Resetting ReactInstance ptr
03-30 13:09:27.848 W/unknown:BridgelessReact(11646): ReactHost{0}.getOrCreateDestroyTask(): Destroying ReactInstance
03-30 13:09:27.858 I/ExpoModulesCore(11646): ✅ ModuleRegistry was destroyed
03-30 13:09:27.858 I/ExpoModulesCore(11646): ✅ AppContext was destroyed
03-30 13:09:27.858 I/ExpoModulesCore(11646): ✅ KotlinInteropModuleRegistry was destroyed
03-30 13:09:27.861 E/unknown:ReactNative(11646): Tried to remove non-existent frame callback
03-30 13:09:27.862 W/unknown:ReactNative(11646): Tried to enqueue runnable on already finished thread: 'v_native... dropping Runnable.
03-30 13:09:27.862 W/unknown:ReactNative(11646): Tried to enqueue runnable on already finished thread: 'v_native... dropping Runnable.
03-30 13:09:27.862 W/unknown:ReactNative(11646): Tried to enqueue runnable on already finished thread: 'v_native... dropping Runnable.
03-30 13:09:27.862 W/unknown:ReactNative(11646): Tried to enqueue runnable on already finished thread: 'v_native... dropping Runnable.
03-30 13:09:27.862 W/unknown:ReactNative(11646): Tried to enqueue runnable on already finished thread: 'v_native... dropping Runnable.
03-30 13:09:27.862 W/unknown:ReactNative(11646): Tried to enqueue runnable on already finished thread: 'v_native... dropping Runnable.
03-30 13:09:27.862 W/unknown:ReactNative(11646): Tried to enqueue runnable on already finished thread: 'v_native... dropping Runnable.
03-30 13:09:27.862 W/unknown:ReactNative(11646): Tried to enqueue runnable on already finished thread: 'v_native... dropping Runnable.
03-30 13:09:27.881 W/unknown:BridgelessReact(11646): ReactHost{0}.getOrCreateDestroyTask(): Resetting start/destroy task ref
03-30 13:09:27.906 I/ImeTracker(  815): com.weejobs.app:4f77afef: onRequestHide at ORIGIN_SERVER reason HIDE_UNSPECIFIED_WINDOW fromUser false
03-30 13:09:27.914 D/InsetsController(11646): hide(ime())
03-30 13:09:27.914 I/ImeTracker(11646): com.weejobs.app:4f77afef: onCancelled at PHASE_CLIENT_ALREADY_HIDDEN
03-30 13:09:27.932 I/ImeTracker(  815): system_server:d2b0ffc8: onRequestHide at ORIGIN_SERVER reason IME_REQUESTED_CHANGED_LISTENER fromUser false
03-30 13:09:27.937 I/ImeTracker(  815): system_server:d2b0ffc8: onCancelled at PHASE_SERVER_SHOULD_HIDE
03-30 13:09:27.951 I/GoogleInputMethodService( 8754): GoogleInputMethodService.onFinishInput():2057 
03-30 13:09:27.976 I/Module  ( 8754): DeviceLockedStatusModuleProvider$Module.updateDeviceLockedStatus():100 repeatCheckTimes = 0, locked = false
03-30 13:09:27.997 I/GoogleInputMethodService( 8754): GoogleInputMethodService.onStartInput():1318 onStartInput(EditorInfo{EditorInfo{packageName=com.weejobs.app, inputType=0, inputTypeString=NULL, enableLearning=false, autoCorrection=false, autoComplete=false, imeOptions=0, privateImeOptions=null, actionName=UNSPECIFIED, actionLabel=null, initialSelStart=-1, initialSelEnd=-1, initialCapsMode=0, label=null, fieldId=0, fieldName=null, extras=null, hintText=null, hintLocales=[]}}, false)
03-30 13:09:28.005 I/Module  ( 8754): DeviceLockedStatusModuleProvider$Module.updateDeviceLockedStatus():100 repeatCheckTimes = 1, locked = false
03-30 13:09:28.009 W/PackageConfigPersister(  815): App-specific configuration not found for packageName: com.weejobs.app and userId: 0
03-30 13:09:28.998 D/ActivityManager(  815): freezing 7677 com.android.vending:background
03-30 13:09:29.858 W/ActivityTaskManager(  815): Activity transferring splash screen timeout for ActivityRecord{80997695 u0 com.weejobs.app/.MainActivity t18} state 2
03-30 13:09:29.941 I/HalDevMgr(  815): bestIfaceCreationProposal is null, requestIface=STA, existingIface=[name=wlan0 type=STA]
03-30 13:09:30.265 D/WindowOnBackDispatcher( 1337): setTopOnBackInvokedCallback (unwrapped): null
03-30 13:09:30.265 D/CoreBackPreview(  815): Window{87c4537 u0 Splash Screen com.weejobs.app EXITING}: Setting back callback null
03-30 13:09:30.357 W/libbinder.BackendUnifiedServiceManager(11767): Thread Pool max thread count is 0. Cannot cache binder as linkToDeath cannot be implemented. serviceName: package
03-30 13:09:30.439 D/ActivityManager(  815): freezing 8717 com.android.vending
03-30 13:09:30.451 D/InetDiagMessage(  815): Destroyed 0 sockets, proto=IPPROTO_TCP, family=AF_INET, states=14
03-30 13:09:30.459 D/InetDiagMessage(  815): Destroyed 2 sockets, proto=IPPROTO_TCP, family=AF_INET6, states=14
03-30 13:09:30.463 D/InetDiagMessage(  815): Destroyed live tcp sockets for uids={10153} in 17ms
03-30 13:09:30.470 I/artd    ( 3343): GetBestInfo: odex next to the dex file (/data/app/~~l86ooHn3z7zjJPmRwuVyKA==/com.google.android.gms-mjvtrlLEHAA3R1GV5L8qqg==/oat/x86_64/base.odex) is kOatUpToDate with filter 'speed-profile' executable 'false'
03-30 13:09:30.480 I/artd    ( 3343): GetBestInfo: odex next to the dex file (/data/app/~~l86ooHn3z7zjJPmRwuVyKA==/com.google.android.gms-mjvtrlLEHAA3R1GV5L8qqg==/oat/x86_64/split_AdsDynamite_installtime.odex) is kOatUpToDate with filter 'speed' executable 'false'
03-30 13:09:30.487 I/artd    ( 3343): GetBestInfo: odex next to the dex file (/data/app/~~l86ooHn3z7zjJPmRwuVyKA==/com.google.android.gms-mjvtrlLEHAA3R1GV5L8qqg==/oat/x86_64/split_CronetDynamite_installtime.odex) is kOatUpToDate with filter 'speed' executable 'false'
03-30 13:09:30.492 I/artd    ( 3343): GetBestInfo: odex next to the dex file (/data/app/~~l86ooHn3z7zjJPmRwuVyKA==/com.google.android.gms-mjvtrlLEHAA3R1GV5L8qqg==/oat/x86_64/split_DynamiteLoader_installtime.odex) is kOatUpToDate with filter 'speed' executable 'false'
03-30 13:09:30.505 I/artd    ( 3343): GetBestInfo: odex next to the dex file (/data/app/~~l86ooHn3z7zjJPmRwuVyKA==/com.google.android.gms-mjvtrlLEHAA3R1GV5L8qqg==/oat/x86_64/split_DynamiteModulesA_installtime.odex) is kOatUpToDate with filter 'speed' executable 'false'
03-30 13:09:30.512 I/system_server(  815): Background young concurrent mark compact GC freed 14MB AllocSpace bytes, 11(532KB) LOS objects, 30% free, 39MB/57MB, paused 1.507ms,5.632ms total 60.871ms
03-30 13:09:30.519 I/artd    ( 3343): GetBestInfo: odex next to the dex file (/data/app/~~l86ooHn3z7zjJPmRwuVyKA==/com.google.android.gms-mjvtrlLEHAA3R1GV5L8qqg==/oat/x86_64/split_DynamiteModulesC_installtime.odex) is kOatUpToDate with filter 'speed' executable 'false'
03-30 13:09:30.523 I/artd    ( 3343): GetBestInfo: odex next to the dex file (/data/app/~~l86ooHn3z7zjJPmRwuVyKA==/com.google.android.gms-mjvtrlLEHAA3R1GV5L8qqg==/oat/x86_64/split_GoogleCertificates_installtime.odex) is kOatUpToDate with filter 'speed' executable 'false'
03-30 13:09:30.534 I/artd    ( 3343): GetBestInfo: odex next to the dex file (/data/app/~~l86ooHn3z7zjJPmRwuVyKA==/com.google.android.gms-mjvtrlLEHAA3R1GV5L8qqg==/oat/x86_64/split_MapsDynamite_installtime.odex) is kOatUpToDate with filter 'speed' executable 'false'
03-30 13:09:30.545 I/artd    ( 3343): GetBestInfo: odex next to the dex file (/data/app/~~l86ooHn3z7zjJPmRwuVyKA==/com.google.android.gms-mjvtrlLEHAA3R1GV5L8qqg==/oat/x86_64/split_MeasurementDynamite_installtime.odex) is kOatUpToDate with filter 'speed' executable 'false'
03-30 13:09:30.568 I/artd    ( 3343): GetBestInfo: /data/user_de/0/com.google.android.gms/app_chimera/m/0000000d/dl-PlayCloudSearch.optional_253434100000.apk has no usable artifacts
03-30 13:09:30.574 I/artd    ( 3343): GetBestInfo: /data/user_de/0/com.google.android.gms/app_chimera/m/0000000c/dl-MlkitBarcodeUi.optional_253434100800.apk has no usable artifacts
03-30 13:09:30.579 I/artd    ( 3343): GetBestInfo: /data/user_de/0/com.google.android.gms/app_chimera/m/00000001/CronetDynamite.apk has no usable artifacts
03-30 13:09:30.580 I/artd    ( 3343): GetBestInfo: /data/user_de/0/com.google.android.gms/app_chimera/m/00000016/dl-MlkitOcrCommon.optional_261133100800.apk has no usable artifacts
03-30 13:09:30.585 I/artd    ( 3343): GetBestInfo: /data/user_de/0/com.google.android.gms/app_chimera/m/0000000e/dl-VisionOcr.optional_253434100000.apk has no usable artifacts
03-30 13:09:30.589 I/artd    ( 3343): GetBestInfo: /data/user_de/0/com.google.android.gms/app_chimera/m/00000002/DynamiteLoader.apk has no usable artifacts
03-30 13:09:30.589 I/artd    ( 3343): GetBestInfo: /data/user_de/0/com.google.android.gms/app_chimera/m/00000005/GoogleCertificates.apk has no usable artifacts
03-30 13:09:30.591 I/artd    ( 3343): GetBestInfo: /data/user_de/0/com.google.android.gms/app_chimera/m/00000012/dl-Appsearch.optional_261133100800.apk has no usable artifacts
03-30 13:09:30.593 I/artd    ( 3343): GetBestInfo: /data/user_de/0/com.google.android.gms/app_chimera/m/00000011/dl-PlayCloudSearch.optional_261133100000.apk has no usable artifacts
03-30 13:09:30.596 I/artd    ( 3343): GetBestInfo: /data/user_de/0/com.google.android.gms/app_chimera/m/00000015/dl-MlkitBarcodeUi.optional_261133100800.apk has no usable artifacts
03-30 13:09:30.602 I/artd    ( 3343): GetBestInfo: /data/user_de/0/com.google.android.gms/app_chimera/m/0000000a/dl-Appsearch.optional_253434100800.apk has no usable artifacts
03-30 13:09:30.606 I/artd    ( 3343): GetBestInfo: /data/user_de/0/com.google.android.gms/app_chimera/m/00000008/dl-TfliteDynamiteDynamite.integ_252130102100800.apk has no usable artifacts
03-30 13:09:30.610 I/artd    ( 3343): GetBestInfo: /data/user_de/0/com.google.android.gms/app_chimera/m/0000000f/dl-MlkitOcrCommon.optional_253434100800.apk has no usable artifacts
03-30 13:09:30.614 I/artd    ( 3343): GetBestInfo: /data/user_de/0/com.google.android.gms/app_chimera/m/00000010/dl-VisionOcr.optional_261133100000.apk has no usable artifacts
03-30 13:09:30.623 I/artd    ( 3343): GetBestInfo: vdex next to the dex file (/data/user/0/com.google.android.gms/app_dg_cache/BB2AE5A47BB198AF36C19CFD2B6407061A1BAF30/oat/x86_64/the.vdex) is kOatUpToDate with filter 'verify' executable 'false'
03-30 13:09:30.624 I/artd    ( 3343): GetBestInfo: /data/user_de/0/com.google.android.gms/app_chimera/m/00000007/MeasurementDynamite.apk has no usable artifacts
03-30 13:09:30.914 W/unknown:ReconnectingWebSocket(11646): Couldn't connect to "ws://10.0.2.2:8081/message?device=sdk_gphone64_x86_64%20-%2016%20-%20API%2036&app=com.weejobs.app&clientid=BridgelessDevSupportManager", will silently retry
03-30 13:09:32.120 D/InetDiagMessage(  815): Destroyed 0 sockets, proto=IPPROTO_TCP, family=AF_INET, states=14
03-30 13:09:32.121 D/InetDiagMessage(  815): Destroyed 0 sockets, proto=IPPROTO_TCP, family=AF_INET6, states=14
03-30 13:09:32.121 D/InetDiagMessage(  815): Destroyed live tcp sockets for uids={10159} in 2ms
03-30 13:09:32.121 D/InetDiagMessage(  815): Destroyed 0 sockets, proto=IPPROTO_TCP, family=AF_INET, states=14
03-30 13:09:32.121 D/InetDiagMessage(  815): Destroyed 0 sockets, proto=IPPROTO_TCP, family=AF_INET6, states=14
03-30 13:09:32.121 D/InetDiagMessage(  815): Destroyed live tcp sockets for uids={20159} in 0ms
03-30 13:09:32.650 D/TcpSocketTracker/100( 1447): data stall suspected, uids: {10155, 10227}
03-30 13:09:32.650 D/ConnectivityService(  815): Data stall detected with methods: 2
03-30 13:09:32.651 D/NetworkMonitor/100( 1447): isDataStall: result=2, tcp packets received=0, latest tcp fail rate=83, consecutive dns timeout count=0
03-30 13:09:32.651 D/NetworkMonitor/100( 1447): Suspecting data stall, reevaluate
03-30 13:09:32.665 D/NetworkMonitor/100( 1447): PROBE_DNS connectivitycheck.gstatic.com 11ms OK 142.250.73.99,2607:f8b0:400a:802::2003
03-30 13:09:32.671 D/SatelliteController( 1522): iisInCarrierRoamingNbIotNtn: satellite is disabled
03-30 13:09:32.675 D/SatelliteController( 1522): getCarrierRoamingNtnConnectType: Falling back to global carrier config connect type: 0
03-30 13:09:32.689 D/NetworkMonitor/100( 1447): PROBE_DNS www.google.com 35ms OK 142.251.157.119,142.251.156.119,142.251.151.119,142.251.153.119,142.251.155.119,142.251.152.119,142.251.154.119,142.251.150.119,2001:4860:4827:7700::,2001:4860:482c:7700::,2001:4860:4829:7700::,2001:4860:482b:7700::,2001:4860:4828:7700::,2001:4860:482d:7700::,2001:4860:482a:7700::,2001:4860:4826:7700::
