03-30 18:57:32.527  3483  3530 W unknown:ViewManagerPropertyUpdater: Could not find generated setter for class com.swmansion.rnscreens.gamma.stack.host.StackHostViewManager
03-30 18:57:32.534  3483  3530 W unknown:ViewManagerPropertyUpdater: Could not find generated setter for class com.reactnativestripesdk.AuBECSDebitFormViewManager
03-30 18:57:32.538  3483  3530 W unknown:ViewManagerPropertyUpdater: Could not find generated setter for class com.swmansion.rnscreens.ScreenStackHeaderSubviewManager
03-30 18:57:32.552  3483  3530 W unknown:ViewManagerPropertyUpdater: Could not find generated setter for class com.swmansion.rnscreens.gamma.stack.screen.StackScreenViewManager
03-30 18:57:32.560  3483  3530 W unknown:ViewManagerPropertyUpdater: Could not find generated setter for class com.reactnativestripesdk.pushprovisioning.AddToWalletButtonManager
03-30 18:57:32.862  3483  3530 W unknown:ViewManagerPropertyUpdater: Could not find generated setter for class com.facebook.react.views.debuggingoverlay.DebuggingOverlayManager
03-30 18:57:32.870   815   952 D ActivityManager: freezing 2734 com.google.android.gms
03-30 18:57:32.886  3483  3530 W unknown:ViewManagerPropertyUpdater: Could not find generated setter for class com.facebook.react.views.safeareaview.ReactSafeAreaViewManager
03-30 18:57:32.906  3552  3552 W libbinder.BackendUnifiedServiceManager: Thread Pool max thread count is 0. Cannot cache binder as linkToDeath cannot be implemented. serviceName: package
03-30 18:57:32.922  3483  3530 W unknown:ViewManagerPropertyUpdater: Could not find generated setter for class com.facebook.react.views.modal.ReactModalHostManager
03-30 18:57:32.948  3483  3530 W unknown:ViewManagerPropertyUpdater: Could not find generated setter for class com.facebook.react.views.text.frescosupport.FrescoBasedReactTextInlineImageViewManager
03-30 18:57:32.950  3483  3530 W unknown:ViewManagerPropertyUpdater: Could not find generated setter for class com.facebook.react.views.text.frescosupport.FrescoBasedReactTextInlineImageShadowNode
03-30 18:57:32.978  3483  3530 W unknown:ViewManagerPropertyUpdater: Could not find generated setter for class com.facebook.react.views.progressbar.ReactProgressBarViewManager
03-30 18:57:32.990  3483  3530 W unknown:ViewManagerPropertyUpdater: Could not find generated setter for class com.facebook.react.views.progressbar.ProgressBarShadowNode
03-30 18:57:33.068  3483  3530 W unknown:ViewManagerPropertyUpdater: Could not find generated setter for class com.facebook.react.views.scroll.ReactHorizontalScrollViewManager
03-30 18:57:33.102  3483  3530 W unknown:ViewManagerPropertyUpdater: Could not find generated setter for class com.facebook.react.views.image.ReactImageManager
03-30 18:57:33.135  3483  3530 W unknown:ViewManagerPropertyUpdater: Could not find generated setter for class com.facebook.react.views.text.ReactTextViewManager
03-30 18:57:33.148  3483  3530 W unknown:ViewManagerPropertyUpdater: Could not find generated setter for class com.facebook.react.views.text.ReactTextShadowNode
03-30 18:57:33.227  3483  3530 W unknown:ViewManagerPropertyUpdater: Could not find generated setter for class com.facebook.react.views.scroll.ReactHorizontalScrollContainerViewManager
03-30 18:57:33.257   815  1239 I HalDevMgr: bestIfaceCreationProposal is null, requestIface=STA, existingIface=[name=wlan0 type=STA]
03-30 18:57:33.279  3483  3530 W unknown:ViewManagerPropertyUpdater: Could not find generated setter for class com.facebook.react.views.unimplementedview.ReactUnimplementedViewManager
03-30 18:57:33.342  3483  3530 W unknown:ViewManagerPropertyUpdater: Could not find generated setter for class com.facebook.react.views.scroll.ReactScrollViewManager
03-30 18:57:33.369  3483  3530 W unknown:ViewManagerPropertyUpdater: Could not find generated setter for class com.facebook.react.views.view.ReactViewManager
03-30 18:57:33.402  3483  3530 W unknown:ViewManagerPropertyUpdater: Could not find generated setter for class com.facebook.react.views.drawer.ReactDrawerLayoutManager
03-30 18:57:33.470  3483  3530 W unknown:ViewManagerPropertyUpdater: Could not find generated setter for class com.facebook.react.views.switchview.ReactSwitchManager
03-30 18:57:33.474  3483  3530 W unknown:ViewManagerPropertyUpdater: Could not find generated setter for class com.facebook.react.views.switchview.ReactSwitchShadowNode
03-30 18:57:33.480  1490  1711 I bluetooth: system/gd/hci/le_address_manager.cc:581 GetNextPrivateAddressIntervalRange: client=LeAddressManager, nonwake=8m11s, wake=13m24s
03-30 18:57:33.515  3483  3530 W unknown:ViewManagerPropertyUpdater: Could not find generated setter for class com.facebook.react.views.swiperefresh.SwipeRefreshLayoutManager
03-30 18:57:33.582  3483  3530 W unknown:ViewManagerPropertyUpdater: Could not find generated setter for class com.facebook.react.views.textinput.ReactTextInputManager
03-30 18:57:33.623  3483  3530 W unknown:ViewManagerPropertyUpdater: Could not find generated setter for class com.facebook.react.views.textinput.ReactTextInputShadowNode
03-30 18:57:33.631  1490  1711 I bluetooth: system/gd/hci/le_address_manager.cc:782 OnCommandComplete: Received command complete with op_code LE_SET_RANDOM_ADDRESS(0x2005)
03-30 18:57:33.636  1490  1711 I bluetooth: system/gd/hci/le_address_manager.cc:802 OnCommandComplete: update random address : xx:xx:xx:xx:da:6c
03-30 18:57:33.637  1490  1711 I bluetooth: system/gd/hci/le_address_manager.cc:397 resume_registered_clients: Resuming registered clients
03-30 18:57:33.640  1490  1711 I bluetooth: system/gd/hci/le_scanning_manager_impl.cc:623 stop_scan: Scanning already stopped, return!
03-30 18:57:33.740  3343 13310 I artd    : GetBestInfo: odex next to the dex file (/data/app/~~l86ooHn3z7zjJPmRwuVyKA==/com.google.android.gms-mjvtrlLEHAA3R1GV5L8qqg==/oat/x86_64/base.odex) is kOatUpToDate with filter 'speed-profile' executable 'false'
03-30 18:57:33.747  3343  3343 I artd    : GetBestInfo: odex next to the dex file (/data/app/~~l86ooHn3z7zjJPmRwuVyKA==/com.google.android.gms-mjvtrlLEHAA3R1GV5L8qqg==/oat/x86_64/split_AdsDynamite_installtime.odex) is kOatUpToDate with filter 'speed' executable 'false'
03-30 18:57:33.810  3343  3343 I artd    : GetBestInfo: odex next to the dex file (/data/app/~~l86ooHn3z7zjJPmRwuVyKA==/com.google.android.gms-mjvtrlLEHAA3R1GV5L8qqg==/oat/x86_64/split_CronetDynamite_installtime.odex) is kOatUpToDate with filter 'speed' executable 'false'
03-30 18:57:33.827  3343  3343 I artd    : GetBestInfo: odex next to the dex file (/data/app/~~l86ooHn3z7zjJPmRwuVyKA==/com.google.android.gms-mjvtrlLEHAA3R1GV5L8qqg==/oat/x86_64/split_DynamiteLoader_installtime.odex) is kOatUpToDate with filter 'speed' executable 'false'
03-30 18:57:33.864  3343  3343 I artd    : GetBestInfo: odex next to the dex file (/data/app/~~l86ooHn3z7zjJPmRwuVyKA==/com.google.android.gms-mjvtrlLEHAA3R1GV5L8qqg==/oat/x86_64/split_DynamiteModulesA_installtime.odex) is kOatUpToDate with filter 'speed' executable 'false'
03-30 18:57:33.915  3343  3343 I artd    : GetBestInfo: odex next to the dex file (/data/app/~~l86ooHn3z7zjJPmRwuVyKA==/com.google.android.gms-mjvtrlLEHAA3R1GV5L8qqg==/oat/x86_64/split_DynamiteModulesC_installtime.odex) is kOatUpToDate with filter 'speed' executable 'false'
03-30 18:57:33.921  3343  3343 I artd    : GetBestInfo: odex next to the dex file (/data/app/~~l86ooHn3z7zjJPmRwuVyKA==/com.google.android.gms-mjvtrlLEHAA3R1GV5L8qqg==/oat/x86_64/split_GoogleCertificates_installtime.odex) is kOatUpToDate with filter 'speed' executable 'false'
03-30 18:57:33.928  3343  3343 I artd    : GetBestInfo: odex next to the dex file (/data/app/~~l86ooHn3z7zjJPmRwuVyKA==/com.google.android.gms-mjvtrlLEHAA3R1GV5L8qqg==/oat/x86_64/split_MapsDynamite_installtime.odex) is kOatUpToDate with filter 'speed' executable 'false'
03-30 18:57:33.934  3343  3343 I artd    : GetBestInfo: odex next to the dex file (/data/app/~~l86ooHn3z7zjJPmRwuVyKA==/com.google.android.gms-mjvtrlLEHAA3R1GV5L8qqg==/oat/x86_64/split_MeasurementDynamite_installtime.odex) is kOatUpToDate with filter 'speed' executable 'false'
03-30 18:57:33.948  3343  3343 I artd    : GetBestInfo: /data/user_de/0/com.google.android.gms/app_chimera/m/0000000d/dl-PlayCloudSearch.optional_253434100000.apk has no usable artifacts
03-30 18:57:33.957  3343  3343 I artd    : GetBestInfo: /data/user_de/0/com.google.android.gms/app_chimera/m/0000000c/dl-MlkitBarcodeUi.optional_253434100800.apk has no usable artifacts
03-30 18:57:33.961  3343  3343 I artd    : GetBestInfo: /data/user_de/0/com.google.android.gms/app_chimera/m/00000001/CronetDynamite.apk has no usable artifacts
03-30 18:57:33.965  3343  3343 I artd    : GetBestInfo: /data/user_de/0/com.google.android.gms/app_chimera/m/00000016/dl-MlkitOcrCommon.optional_261133100800.apk has no usable artifacts
03-30 18:57:33.969  3343  3343 I artd    : GetBestInfo: /data/user_de/0/com.google.android.gms/app_chimera/m/0000000e/dl-VisionOcr.optional_253434100000.apk has no usable artifacts
03-30 18:57:33.973  3343  3343 I artd    : GetBestInfo: /data/user_de/0/com.google.android.gms/app_chimera/m/00000002/DynamiteLoader.apk has no usable artifacts
03-30 18:57:33.977  3343  3343 I artd    : GetBestInfo: /data/user_de/0/com.google.android.gms/app_chimera/m/00000005/GoogleCertificates.apk has no usable artifacts
03-30 18:57:33.990  3343  3343 I artd    : GetBestInfo: /data/user_de/0/com.google.android.gms/app_chimera/m/00000012/dl-Appsearch.optional_261133100800.apk has no usable artifacts
03-30 18:57:34.008  3483  3530 W ReactNativeJS: Method writeAsStringAsync imported from "expo-file-system" is deprecated.
03-30 18:57:34.008  3483  3530 W ReactNativeJS: You can migrate to the new filesystem API using "File" and "Directory" classes or import the legacy API from "expo-file-system/legacy".
03-30 18:57:34.008  3483  3530 W ReactNativeJS: API reference and examples are available in the filesystem docs: https://docs.expo.dev/versions/v54.0.0/sdk/filesystem/
03-30 18:57:34.009  3483  3530 W ReactNativeJS: Method writeAsStringAsync imported from "expo-file-system" is deprecated.
03-30 18:57:34.009  3483  3530 W ReactNativeJS: You can migrate to the new filesystem API using "File" and "Directory" classes or import the legacy API from "expo-file-system/legacy".
03-30 18:57:34.009  3483  3530 W ReactNativeJS: API reference and examples are available in the filesystem docs: https://docs.expo.dev/versions/v54.0.0/sdk/filesystem/
03-30 18:57:34.014  3483  3530 I ReactNativeJS: '[index] write app failed:', 'Method writeAsStringAsync imported from "expo-file-system" is deprecated.\nYou can migrate to the new filesystem API using "File" and "Directory" classes or import the legacy API from "expo-file-system/legacy".\nAPI reference and examples are available in the filesystem docs: https://docs.expo.dev/versions/v54.0.0/sdk/filesystem/'
03-30 18:57:34.015  3483  3530 I ReactNativeJS: '[index] write sd failed:', 'Method writeAsStringAsync imported from "expo-file-system" is deprecated.\nYou can migrate to the new filesystem API using "File" and "Directory" classes or import the legacy API from "expo-file-system/legacy".\nAPI reference and examples are available in the filesystem docs: https://docs.expo.dev/versions/v54.0.0/sdk/filesystem/'
03-30 18:57:34.041  3343  3343 I artd    : GetBestInfo: /data/user_de/0/com.google.android.gms/app_chimera/m/00000011/dl-PlayCloudSearch.optional_261133100000.apk has no usable artifacts
03-30 18:57:34.080  3343  3343 I artd    : GetBestInfo: /data/user_de/0/com.google.android.gms/app_chimera/m/00000015/dl-MlkitBarcodeUi.optional_261133100800.apk has no usable artifacts
03-30 18:57:34.131  3483  3530 D nativeloader: Load /data/app/~~5Q9G8MlZOHXtTZkZpfjUtQ==/com.weejobs.app-kunq0ESkV8yZIoTw9VMhAA==/base.apk!/lib/x86_64/librnscreens.so using class loader ns clns-9 (caller=/data/app/~~5Q9G8MlZOHXtTZkZpfjUtQ==/com.weejobs.app-kunq0ESkV8yZIoTw9VMhAA==/base.apk!classes16.dex): ok
03-30 18:57:34.190  3343  3343 I artd    : GetBestInfo: /data/user_de/0/com.google.android.gms/app_chimera/m/0000000a/dl-Appsearch.optional_253434100800.apk has no usable artifacts
03-30 18:57:34.217  3343  3343 I artd    : GetBestInfo: /data/user_de/0/com.google.android.gms/app_chimera/m/00000008/dl-TfliteDynamiteDynamite.integ_252130102100800.apk has no usable artifacts
03-30 18:57:34.279  3343  3343 I artd    : GetBestInfo: /data/user_de/0/com.google.android.gms/app_chimera/m/0000000f/dl-MlkitOcrCommon.optional_253434100800.apk has no usable artifacts
03-30 18:57:34.286  3343  3343 I artd    : GetBestInfo: /data/user_de/0/com.google.android.gms/app_chimera/m/00000010/dl-VisionOcr.optional_261133100000.apk has no usable artifacts
03-30 18:57:34.293  3343  3343 I artd    : GetBestInfo: vdex next to the dex file (/data/user/0/com.google.android.gms/app_dg_cache/BB2AE5A47BB198AF36C19CFD2B6407061A1BAF30/oat/x86_64/the.vdex) is kOatUpToDate with filter 'verify' executable 'false'
03-30 18:57:34.297  3343  3343 I artd    : GetBestInfo: /data/user_de/0/com.google.android.gms/app_chimera/m/00000007/MeasurementDynamite.apk has no usable artifacts
03-30 18:57:34.323   815  1590 W libbinder.Binder: Binder transaction to android.content.pm.IPackageManager code 1598311760 took 1409ms. Data bytes: 80 Reply bytes: 4 Flags: 16
03-30 18:57:34.413  3483  3530 I ReactNativeJS: '[expo-router] getDirectoryTree: using fallback manifest, keys=', 46
03-30 18:57:34.551  3483  3530 W ReactNativeJS: Method writeAsStringAsync imported from "expo-file-system" is deprecated.
03-30 18:57:34.551  3483  3530 W ReactNativeJS: You can migrate to the new filesystem API using "File" and "Directory" classes or import the legacy API from "expo-file-system/legacy".
03-30 18:57:34.551  3483  3530 W ReactNativeJS: API reference and examples are available in the filesystem docs: https://docs.expo.dev/versions/v54.0.0/sdk/filesystem/
03-30 18:57:34.551  3483  3530 W ReactNativeJS: Method writeAsStringAsync imported from "expo-file-system" is deprecated.
03-30 18:57:34.551  3483  3530 W ReactNativeJS: You can migrate to the new filesystem API using "File" and "Directory" classes or import the legacy API from "expo-file-system/legacy".
03-30 18:57:34.551  3483  3530 W ReactNativeJS: API reference and examples are available in the filesystem docs: https://docs.expo.dev/versions/v54.0.0/sdk/filesystem/
03-30 18:57:34.601  3483  3530 I ReactNativeJS: '[expo-router] getDirectoryTree: using fallback manifest, keys=', 46
03-30 18:57:34.603  3483  3530 W ReactNativeJS: Method writeAsStringAsync imported from "expo-file-system" is deprecated.
03-30 18:57:34.603  3483  3530 W ReactNativeJS: You can migrate to the new filesystem API using "File" and "Directory" classes or import the legacy API from "expo-file-system/legacy".
03-30 18:57:34.603  3483  3530 W ReactNativeJS: API reference and examples are available in the filesystem docs: https://docs.expo.dev/versions/v54.0.0/sdk/filesystem/
03-30 18:57:34.605  3483  3530 W ReactNativeJS: Method writeAsStringAsync imported from "expo-file-system" is deprecated.
03-30 18:57:34.605  3483  3530 W ReactNativeJS: You can migrate to the new filesystem API using "File" and "Directory" classes or import the legacy API from "expo-file-system/legacy".
03-30 18:57:34.605  3483  3530 W ReactNativeJS: API reference and examples are available in the filesystem docs: https://docs.expo.dev/versions/v54.0.0/sdk/filesystem/
03-30 18:57:34.646  3483  3530 E ReactNativeJS: { [Error: No modules in context]
03-30 18:57:34.646  3483  3530 E ReactNativeJS:   code: 'MODULE_NOT_FOUND',
03-30 18:57:34.646  3483  3530 E ReactNativeJS:   componentStack: '\n    at _ (index.android.bundle:622:1753)\n    at anonymous (index.android.bundle:622:961)\n    at RCTView (<anonymous>)\n    at x (index.android.bundle:287:548)\n    at anonymous (index.android.bundle:286:253)',
03-30 18:57:34.646  3483  3530 E ReactNativeJS:   isComponentError: true }
03-30 18:57:34.751  3483  3531 W unknown:BridgelessReact: ReactHost{0}.handleHostException(message = "Error: No modules in context
03-30 18:57:34.751  3483  3531 W unknown:BridgelessReact: 
03-30 18:57:34.751  3483  3531 W unknown:BridgelessReact: This error is located at:
03-30 18:57:34.751  3483  3531 W unknown:BridgelessReact:     at _ (index.android.bundle:622:1753)
03-30 18:57:34.751  3483  3531 W unknown:BridgelessReact:     at anonymous (index.android.bundle:622:961)
03-30 18:57:34.751  3483  3531 W unknown:BridgelessReact:     at RCTView (<anonymous>)
03-30 18:57:34.751  3483  3531 W unknown:BridgelessReact:     at x (index.android.bundle:287:548)
03-30 18:57:34.751  3483  3531 W unknown:BridgelessReact:     at anonymous (index.android.bundle:286:253), stack:
03-30 18:57:34.751  3483  3531 W unknown:BridgelessReact: n@1110:58
03-30 18:57:34.751  3483  3531 W unknown:BridgelessReact: loadRoute@834:4370
03-30 18:57:34.751  3483  3531 W unknown:BridgelessReact: x@834:8618
03-30 18:57:34.751  3483  3531 W unknown:BridgelessReact: W@834:5337
03-30 18:57:34.751  3483  3531 W unknown:BridgelessReact: u@834:5584
03-30 18:57:34.751  3483  3531 W unknown:BridgelessReact: anonymous@834:175
03-30 18:57:34.751  3483  3531 W unknown:BridgelessReact: t@833:146
03-30 18:57:34.751  3483  3531 W unknown:BridgelessReact: anonymous@686:1166
03-30 18:57:34.751  3483  3531 W unknown:BridgelessReact: _@622:2178
03-30 18:57:34.751  3483  3531 W unknown:BridgelessReact: Bl@76:43885
03-30 18:57:34.751  3483  3531 W unknown:BridgelessReact: xa@76:67314
03-30 18:57:34.751  3483  3531 W unknown:BridgelessReact: qa@76:76742
03-30 18:57:34.751  3483  3531 W unknown:BridgelessReact: Mi@76:104550
03-30 18:57:34.751  3483  3531 W unknown:BridgelessReact: Di@76:103531
03-30 18:57:34.751  3483  3531 W unknown:BridgelessReact: Ai@76:103373
03-30 18:57:34.751  3483  3531 W unknown:BridgelessReact: Ri@76:100557
03-30 18:57:34.751  3483  3531 W unknown:BridgelessReact: vt@76:27938
03-30 18:57:34.751  3483  3531 W unknown:BridgelessReact: ")
03-30 18:57:34.758  3483  3531 E unknown:ReactNative: Exception in native call from JS
03-30 18:57:34.758  3483  3531 E unknown:ReactNative: com.facebook.react.common.JavascriptException: Error: No modules in context
03-30 18:57:34.758  3483  3531 E unknown:ReactNative: 
03-30 18:57:34.758  3483  3531 E unknown:ReactNative: This error is located at:
03-30 18:57:34.758  3483  3531 E unknown:ReactNative:     at _ (index.android.bundle:622:1753)
03-30 18:57:34.758  3483  3531 E unknown:ReactNative:     at anonymous (index.android.bundle:622:961)
03-30 18:57:34.758  3483  3531 E unknown:ReactNative:     at RCTView (<anonymous>)
03-30 18:57:34.758  3483  3531 E unknown:ReactNative:     at x (index.android.bundle:287:548)
03-30 18:57:34.758  3483  3531 E unknown:ReactNative:     at anonymous (index.android.bundle:286:253), stack:
03-30 18:57:34.758  3483  3531 E unknown:ReactNative: n@1110:58
03-30 18:57:34.758  3483  3531 E unknown:ReactNative: loadRoute@834:4370
03-30 18:57:34.758  3483  3531 E unknown:ReactNative: x@834:8618
03-30 18:57:34.758  3483  3531 E unknown:ReactNative: W@834:5337
03-30 18:57:34.758  3483  3531 E unknown:ReactNative: u@834:5584
03-30 18:57:34.758  3483  3531 E unknown:ReactNative: anonymous@834:175
03-30 18:57:34.758  3483  3531 E unknown:ReactNative: t@833:146
03-30 18:57:34.758  3483  3531 E unknown:ReactNative: anonymous@686:1166
03-30 18:57:34.758  3483  3531 E unknown:ReactNative: _@622:2178
03-30 18:57:34.758  3483  3531 E unknown:ReactNative: Bl@76:43885
03-30 18:57:34.758  3483  3531 E unknown:ReactNative: xa@76:67314
03-30 18:57:34.758  3483  3531 E unknown:ReactNative: qa@76:76742
03-30 18:57:34.758  3483  3531 E unknown:ReactNative: Mi@76:104550
03-30 18:57:34.758  3483  3531 E unknown:ReactNative: Di@76:103531
03-30 18:57:34.758  3483  3531 E unknown:ReactNative: Ai@76:103373
03-30 18:57:34.758  3483  3531 E unknown:ReactNative: Ri@76:100557
03-30 18:57:34.758  3483  3531 E unknown:ReactNative: vt@76:27938
03-30 18:57:34.758  3483  3531 E unknown:ReactNative: 
03-30 18:57:34.758  3483  3531 E unknown:ReactNative: 	at com.facebook.react.modules.core.ExceptionsManagerModule.reportException(ExceptionsManagerModule.kt:52)
03-30 18:57:34.758  3483  3531 E unknown:ReactNative: 	at com.facebook.jni.NativeRunnable.run(Native Method)
03-30 18:57:34.758  3483  3531 E unknown:ReactNative: 	at android.os.Handler.handleCallback(Handler.java:1070)
03-30 18:57:34.758  3483  3531 E unknown:ReactNative: 	at android.os.Handler.dispatchMessage(Handler.java:125)
03-30 18:57:34.758  3483  3531 E unknown:ReactNative: 	at com.facebook.react.bridge.queue.MessageQueueThreadHandler.dispatchMessage(MessageQueueThreadHandler.kt:21)
03-30 18:57:34.758  3483  3531 E unknown:ReactNative: 	at android.os.Looper.dispatchMessage(Looper.java:333)
03-30 18:57:34.758  3483  3531 E unknown:ReactNative: 	at android.os.Looper.loopOnce(Looper.java:263)
03-30 18:57:34.758  3483  3531 E unknown:ReactNative: 	at android.os.Looper.loop(Looper.java:367)
03-30 18:57:34.758  3483  3531 E unknown:ReactNative: 	at com.facebook.react.bridge.queue.MessageQueueThreadImpl$Companion.startNewBackgroundThread$lambda$0(MessageQueueThreadImpl.kt:152)
03-30 18:57:34.758  3483  3531 E unknown:ReactNative: 	at com.facebook.react.bridge.queue.MessageQueueThreadImpl$Companion.$r8$lambda$YYXYCFexeoKtAeDpeNYkxZZlpbA(Unknown Source:0)
03-30 18:57:34.758  3483  3531 E unknown:ReactNative: 	at com.facebook.react.bridge.queue.MessageQueueThreadImpl$Companion$$ExternalSyntheticLambda0.run(D8$$SyntheticClass:0)
03-30 18:57:34.758  3483  3531 E unknown:ReactNative: 	at java.lang.Thread.run(Thread.java:1563)
03-30 18:57:34.764  3483  3517 W unknown:BridgelessReact: ReactHost{0}.getOrCreateDestroyTask()
03-30 18:57:34.769  3483  3517 W unknown:BridgelessReact: ReactHost{0}.getOrCreateDestroyTask(): Resetting createReactInstance task ref
03-30 18:57:34.867  3483  3494 I com.weejobs.app: Background young concurrent mark compact GC freed 3872KB AllocSpace bytes, 0(0B) LOS objects, 39% free, 7990KB/12MB, paused 5.058ms,3.837ms total 132.720ms
03-30 18:57:34.970  3483  3483 W unknown:BridgelessReact: ReactHost{0}.getOrCreateDestroyTask(): Starting React Native destruction
03-30 18:57:34.970  3483  3483 W unknown:BridgelessReact: ReactHost{0}.getOrCreateDestroyTask(): DevSupportManager cleanup
03-30 18:57:34.971  3483  3483 W unknown:BridgelessReact: ReactHost{0}.getOrCreateDestroyTask(): Move ReactHost to onHostDestroy()
03-30 18:57:34.971  3483  3483 W unknown:BridgelessReact: ReactHost{0}.ReactContext.onHostPause()
03-30 18:57:34.973  3483  3483 W unknown:BridgelessReact: ReactHost{0}.ReactContext.onHostDestroy()
03-30 18:57:35.040  3483  3483 E unknown:ReactNative: Tried to remove non-existent frame callback
03-30 18:57:35.041  3483  3517 W unknown:BridgelessReact: ReactHost{0}.getOrCreateDestroyTask(): Stopping all React Native surfaces
03-30 18:57:35.041  3483  3517 E unknown:SurfaceMountingManager: Stopping surface [1]
03-30 18:57:35.054  3483  3483 D WindowOnBackDispatcher: setTopOnBackInvokedCallback (unwrapped): android.view.ViewRootImpl$$ExternalSyntheticLambda12@fae043f
03-30 18:57:35.056   815  1590 D CoreBackPreview: Window{e2de9ef u0 com.weejobs.app/com.weejobs.app.MainActivity}: Setting back callback OnBackInvokedCallbackInfo{mCallback=android.window.IOnBackInvokedCallback$Stub$Proxy@dabdf01, mPriority=0, mIsAnimationCallback=false, mOverrideBehavior=0}
03-30 18:57:35.390  1522  1586 D SatelliteController: iisInCarrierRoamingNbIotNtn: satellite is disabled
03-30 18:57:35.390  1522  1586 D SatelliteController: getCarrierRoamingNtnConnectType: Falling back to global carrier config connect type: 0
03-30 18:57:35.746  3483  3483 I Choreographer: Skipped 41 frames!  The application may be doing too much work on its main thread.
03-30 18:57:35.761  3483  3483 E unknown:SurfaceMountingManager: Surface [1] was stopped on SurfaceMountingManager.
03-30 18:57:35.761  3483  3483 W unknown:BridgelessReact: ReactHost{0}.getOrCreateDestroyTask(): Destroying MemoryPressureRouter
03-30 18:57:35.761  3483  3483 W unknown:BridgelessReact: ReactHost{0}.getOrCreateDestroyTask(): Resetting ReactContext ref
03-30 18:57:35.761  3483  3483 W unknown:BridgelessReact: ReactHost{0}.getOrCreateDestroyTask(): Destroying ReactContext
03-30 18:57:35.773  3483  3517 W unknown:BridgelessReact: ReactHost{0}.getOrCreateDestroyTask(): Resetting ReactInstance ptr
03-30 18:57:35.773  3483  3517 W unknown:BridgelessReact: ReactHost{0}.getOrCreateDestroyTask(): Destroying ReactInstance
03-30 18:57:35.792  3483  3498 I HWUI    : Davey! duration=941ms; Flags=1, FrameTimelineVsyncId=3547385, IntendedVsync=23488270681362, Vsync=23488520681352, InputEventId=0, HandleInputStart=23488531047914, AnimationStart=23488531097714, PerformTraversalsStart=23488531191714, DrawStart=23488696213214, FrameDeadline=23488287348028, FrameStartTime=23488530358714, FrameInterval=16666666, WorkloadTarget=16666666, SyncQueued=23488703198814, SyncStart=23488741916914, IssueDrawCommandsStart=23488742304714, SwapBuffers=23489143040514, FrameCompleted=23489250628814, DequeueBufferDuration=88100, QueueBufferDuration=310300, GpuCompleted=23489250628814, SwapBuffersCompleted=23489226656114, DisplayPresentTime=30064773050, CommandSubmissionCompleted=23489143040514, 
03-30 18:57:35.811  3483  3517 I ExpoModulesCore: ✅ ModuleRegistry was destroyed
03-30 18:57:35.821  3483  3517 I ExpoModulesCore: ✅ AppContext was destroyed
03-30 18:57:35.821  3483  3517 I ExpoModulesCore: ✅ KotlinInteropModuleRegistry was destroyed
03-30 18:57:35.825  3483  3517 E unknown:ReactNative: Tried to remove non-existent frame callback
03-30 18:57:35.829  3483  3517 W unknown:ReactNative: Tried to enqueue runnable on already finished thread: 'v_native... dropping Runnable.
03-30 18:57:35.831  3483  3517 W unknown:ReactNative: Tried to enqueue runnable on already finished thread: 'v_native... dropping Runnable.
03-30 18:57:35.832  3483  3517 W unknown:ReactNative: Tried to enqueue runnable on already finished thread: 'v_native... dropping Runnable.
03-30 18:57:35.834  3483  3517 W unknown:ReactNative: Tried to enqueue runnable on already finished thread: 'v_native... dropping Runnable.
03-30 18:57:35.835  3483  3517 W unknown:ReactNative: Tried to enqueue runnable on already finished thread: 'v_native... dropping Runnable.
03-30 18:57:35.835  3483  3517 W unknown:ReactNative: Tried to enqueue runnable on already finished thread: 'v_native... dropping Runnable.
03-30 18:57:35.839  3483  3517 W unknown:ReactNative: Tried to enqueue runnable on already finished thread: 'v_native... dropping Runnable.
03-30 18:57:35.840  3483  3517 W unknown:ReactNative: Tried to enqueue runnable on already finished thread: 'v_native... dropping Runnable.
03-30 18:57:35.840  3483  3517 W unknown:ReactNative: Tried to enqueue runnable on already finished thread: 'v_native... dropping Runnable.
03-30 18:57:35.840  3483  3517 W unknown:ReactNative: Tried to enqueue runnable on already finished thread: 'v_native... dropping Runnable.
03-30 18:57:35.861   815  1482 W NotificationService: Toast already killed. pkg=com.weejobs.app token=android.os.BinderProxy@a766a3d
03-30 18:57:35.898   815   972 I ImeTracker: com.weejobs.app:4ee3fa6a: onRequestHide at ORIGIN_SERVER reason HIDE_UNSPECIFIED_WINDOW fromUser false
03-30 18:57:35.926  3483  3517 W unknown:BridgelessReact: ReactHost{0}.getOrCreateDestroyTask(): Resetting start/destroy task ref
03-30 18:57:35.941  8754  8754 I GoogleInputMethodService: GoogleInputMethodService.onFinishInput():2057 
03-30 18:57:35.945  3483  3483 D InsetsController: hide(ime())
03-30 18:57:35.945  3483  3483 I ImeTracker: com.weejobs.app:4ee3fa6a: onCancelled at PHASE_CLIENT_ALREADY_HIDDEN
03-30 18:57:35.947   815  1590 I ImeTracker: system_server:9e4e3e7f: onRequestHide at ORIGIN_SERVER reason IME_REQUESTED_CHANGED_LISTENER fromUser false
03-30 18:57:35.956   815   838 I ImeTracker: system_server:9e4e3e7f: onCancelled at PHASE_SERVER_SHOULD_HIDE
03-30 18:57:35.973  8754  8754 I Module  : DeviceLockedStatusModuleProvider$Module.updateDeviceLockedStatus():100 repeatCheckTimes = 0, locked = false
03-30 18:57:35.974  8754  8754 W NotificationCenter: NotificationCenter$NotificationQueue.notifyPendingNotificationsOnExecutor():877 Heavy notify work detected on UI thread: [ltj->jtc, ltj->jup, ltj->lsn, ltj->jqp, ltj->hlv, ltj->jtc, ltj->jtc, ltj->fum, ltj->jtc, ltj->jtc, ltj->jtc, ltj->jtc, ltj->jtc, ltj->lse, ltj->jtc, ltj->jtc, ltj->jtc, ltj->nuz, ltj->fwu, ltj->guu, ltj->kya, ltj->ngp, ltj->jtc, ltj->jtc] takes 27ms
03-30 18:57:35.994  8754  8754 I GoogleInputMethodService: GoogleInputMethodService.onStartInput():1318 onStartInput(EditorInfo{EditorInfo{packageName=com.weejobs.app, inputType=0, inputTypeString=NULL, enableLearning=false, autoCorrection=false, autoComplete=false, imeOptions=0, privateImeOptions=null, actionName=UNSPECIFIED, actionLabel=null, initialSelStart=-1, initialSelEnd=-1, initialCapsMode=0, label=null, fieldId=0, fieldName=null, extras=null, hintText=null, hintLocales=[]}}, false)
03-30 18:57:36.021  8754  8754 I Module  : DeviceLockedStatusModuleProvider$Module.updateDeviceLockedStatus():100 repeatCheckTimes = 1, locked = false
03-30 18:57:36.028  8754  8754 W NotificationCenter: NotificationCenter$NotificationQueue.notifyPendingNotificationsOnExecutor():877 Heavy notify work detected on UI thread: [ltj->jtc, ltj->jup, ltj->lsn, ltj->jqp, ltj->hlv, ltj->jtc, ltj->jtc, ltj->fum, ltj->jtc, ltj->jtc, ltj->jtc, ltj->jtc, ltj->jtc, ltj->lse, ltj->jtc, ltj->jtc, ltj->jtc, ltj->nuz, ltj->fwu, ltj->guu, ltj->kya, ltj->ngp, ltj->jtc, ltj->jtc] takes 21ms
03-30 18:57:36.034   815  1482 W PackageConfigPersister: App-specific configuration not found for packageName: com.weejobs.app and userId: 0
03-30 18:57:36.280   815  1239 I HalDevMgr: bestIfaceCreationProposal is null, requestIface=STA, existingIface=[name=wlan0 type=STA]
03-30 18:57:37.999   815   838 W ActivityTaskManager: Activity transferring splash screen timeout for ActivityRecord{223052280 u0 com.weejobs.app/.MainActivity t47} state 2
03-30 18:57:38.481  1337  1477 D WindowOnBackDispatcher: setTopOnBackInvokedCallback (unwrapped): null
03-30 18:57:38.481   815  1482 D CoreBackPreview: Window{2af9127 u0 Splash Screen com.weejobs.app EXITING}: Setting back callback null
03-30 18:57:38.780   815   952 D ActivityManager: freezing 2682 com.android.keychain
03-30 18:57:39.300   815  1239 I HalDevMgr: bestIfaceCreationProposal is null, requestIface=STA, existingIface=[name=wlan0 type=STA]
03-30 18:57:39.772   815  1482 W NotificationService: Toast already killed. pkg=com.weejobs.app token=android.os.BinderProxy@d04ba30
03-30 18:57:40.336   815   952 D ActivityManager: freezing 2772 com.android.vending
03-30 18:57:40.344   815  1247 D InetDiagMessage: Destroyed 0 sockets, proto=IPPROTO_TCP, family=AF_INET, states=14
03-30 18:57:40.346   815  1247 D InetDiagMessage: Destroyed 0 sockets, proto=IPPROTO_TCP, family=AF_INET6, states=14
03-30 18:57:40.349   815  1247 D InetDiagMessage: Destroyed live tcp sockets for uids={10153} in 7ms
