03-30 18:57:12.318  1337  1429 V ShellDesktopMode: DesktopMixedTransitionHandler: No pending desktop transition
03-30 18:57:12.322  1337  1429 V WindowManagerShell: Transition doesn't have explicit remote, search filters for match for {id=93 t=OPEN f=0x0 trk=0 r=[0@Point(0, 0)] c=[{m=OPEN f=NONE leash=Surface(name=Task=47#1291)/@0x8b221ea sb=Rect(0, 0 - 1080, 2400) eb=Rect(0, 0 - 1080, 2400) epz=Point(1080, 2400) d=0 taskParent=-1 winMode=1 userId=0},{m=TO_BACK f=SHOW_WALLPAPER leash=Surface(name=Task=1#44)/@0xf29ecdb sb=Rect(0, 0 - 1080, 2400) eb=Rect(0, 0 - 1080, 2400) epz=Point(1080, 2400) d=0 taskParent=-1 winMode=1 userId=0},{m=TO_BACK f=IS_WALLPAPER leash=Surface(name=WallpaperWindowToken{4959bac}#56)/@0x766c378 sb=Rect(0, 0 - 1080, 2400) eb=Rect(0, 0 - 1080, 2400) epz=Point(1080, 2400) d=0}]}
03-30 18:57:12.323  1337  1429 V WindowManagerShell:  Checking filter Pair{{types=[] flags=0x0] notFlags=0x0 checks=[{atype=undefined independent=true modes=[CLOSE,TO_BACK] flags=IN_TASK_WITH_EMBEDDED_ACTIVITY mustBeTask=false order=ANY topActivity=null launchCookie=null taskFragmentToken=android.os.BinderProxy@c043bef windowingMode=undefined isCrossDisplayMove=false}]} RemoteTransition { remoteTransition = android.window.IRemoteTransition$Stub$Proxy@1ea86fc, appThread = android.app.IApplicationThread$Stub$Proxy@8e47185, debugName = overlayBackTransition }}
03-30 18:57:12.323  1337  1429 V WindowManagerShell:  Checking filter Pair{{types=[] flags=0x0] notFlags=0x0 checks=[{atype=dream independent=true modes=[OPEN,TO_FRONT] flags=NONE mustBeTask=false order=ANY topActivity=null launchCookie=null windowingMode=undefined isCrossDisplayMove=false},{atype=home independent=true modes=[CLOSE,TO_BACK] flags=NONE mustBeTask=false order=ANY topActivity=null launchCookie=null windowingMode=undefined isCrossDisplayMove=false}]} RemoteTransition { remoteTransition = android.window.IRemoteTransition$Stub$Proxy@5b90bda, appThread = android.app.IApplicationThread$Stub$Proxy@602a80b, debugName = LauncherToDream }}
03-30 18:57:12.324  1337  1429 V WindowManagerShell:  Checking filter Pair{{types=[] flags=0x0] notFlags=0x100 checks=[{atype=home independent=true modes=[OPEN,TO_FRONT] flags=NONE mustBeTask=false order=TOP topActivity=ComponentInfo{com.google.android.apps.nexuslauncher/com.google.android.apps.nexuslauncher.NexusLauncherActivity} launchCookie=null windowingMode=undefined isCrossDisplayMove=false},{atype=standard independent=true modes=[CLOSE,TO_BACK] flags=NONE mustBeTask=false order=ANY topActivity=null launchCookie=null windowingMode=undefined isCrossDisplayMove=false},{NOT atype=undefined independent=true modes=[] flags=NONE mustBeTask=true order=ANY topActivity=null launchCookie=null customAnim=true windowingMode=undefined isCrossDisplayMove=false}]} RemoteTransition { remoteTransition = android.window.IRemoteTransition$Stub$Proxy@1d716e8, appThread = android.app.IApplicationThread$Stub$Proxy@ffa101, debugName = QuickstepLaunchHome }}
03-30 18:57:12.325  1337  1429 V WindowManagerShell:  Checking filter Pair{{types=[OPEN,TO_FRONT] flags=0x0] notFlags=0x0 checks=[{atype=standard independent=true modes=[OPEN,TO_FRONT] flags=NONE mustBeTask=true order=ANY topActivity=null launchCookie=null windowingMode=freeform isCrossDisplayMove=false}]} RemoteTransition { remoteTransition = android.window.IRemoteTransition$Stub$Proxy@37a315c, appThread = null, debugName = DesktopWindowLimitUnminimize }}
03-30 18:57:12.325  1337  1429 V WindowManagerShell:  Delegate animation for (#93) to null
03-30 18:57:12.326  1337  1429 V WindowManagerShell: start default transition animation, info = {id=93 t=OPEN f=0x0 trk=0 r=[0@Point(0, 0)] c=[{m=OPEN f=NONE leash=Surface(name=Task=47#1291)/@0x8b221ea sb=Rect(0, 0 - 1080, 2400) eb=Rect(0, 0 - 1080, 2400) epz=Point(1080, 2400) d=0 taskParent=-1 winMode=1 userId=0},{m=TO_BACK f=SHOW_WALLPAPER leash=Surface(name=Task=1#44)/@0xf29ecdb sb=Rect(0, 0 - 1080, 2400) eb=Rect(0, 0 - 1080, 2400) epz=Point(1080, 2400) d=0 taskParent=-1 winMode=1 userId=0},{m=TO_BACK f=IS_WALLPAPER leash=Surface(name=WallpaperWindowToken{4959bac}#56)/@0x766c378 sb=Rect(0, 0 - 1080, 2400) eb=Rect(0, 0 - 1080, 2400) epz=Point(1080, 2400) d=0}]}
03-30 18:57:12.349  1337  1429 V WindowManagerShell: loadAnimation: anim=android.view.animation.AnimationSet@4a10442 animAttr=0x13 type=OPEN isEntrance=false
03-30 18:57:12.447  1337  1429 V WindowManagerShell: loadAnimation: anim=android.view.animation.AnimationSet@4bd2aaf animAttr=0x12 type=OPEN isEntrance=true
03-30 18:57:12.461  1337  1429 V WindowManagerShell:  animated by com.android.wm.shell.transition.DefaultTransitionHandler@7009b89
03-30 18:57:12.535  3486  3486 W libbinder.BackendUnifiedServiceManager: Thread Pool max thread count is 0. Cannot cache binder as linkToDeath cannot be implemented. serviceName: package
03-30 18:57:13.081  1337  1429 V WindowManagerShell: Transition animation finished (aborted=false), notifying core (#93) android.os.BinderProxy@895b330@0
03-30 18:57:13.139  1337  1627 D WallpaperService: onVisibilityChanged(false): com.android.systemui.wallpapers.ImageWallpaper$CanvasEngine@b85e592
03-30 18:57:13.154   815   835 V WindowManager: Finish Transition (#93): created at 03-30 18:57:10.991 collect-started=2.453ms request-sent=83.326ms started=278.086ms ready=1133.204ms sent=1159.233ms commit=325.099ms finished=2141.424ms
03-30 18:57:13.155  1636  1636 D VRI[NexusLauncherActivity]: visibilityChanged oldVisibility=true newVisibility=false
03-30 18:57:13.165  1337  1429 V WindowManagerShell: Track 0 became idle
03-30 18:57:13.165  1337  1429 V WindowManagerShell: All active transition animations finished
03-30 18:57:13.167  1636  1636 D NexusLauncherModelDelegate: notifySmartspaceEvent: SmartspaceTargetEvent{mSmartspaceTarget=null, mSmartspaceActionId='null', mEventType=7}
03-30 18:57:13.205  3343 13310 I artd    : GetBestInfo: odex next to the dex file (/data/app/~~l86ooHn3z7zjJPmRwuVyKA==/com.google.android.gms-mjvtrlLEHAA3R1GV5L8qqg==/oat/x86_64/base.odex) is kOatUpToDate with filter 'speed-profile' executable 'false'
03-30 18:57:13.209  1337  1429 D Bubbles : onLocusVisibilityChanged=Overview|DISABLED visible=false taskId=1
03-30 18:57:13.230  3343  3343 I artd    : GetBestInfo: odex next to the dex file (/data/app/~~l86ooHn3z7zjJPmRwuVyKA==/com.google.android.gms-mjvtrlLEHAA3R1GV5L8qqg==/oat/x86_64/split_AdsDynamite_installtime.odex) is kOatUpToDate with filter 'speed' executable 'false'
03-30 18:57:13.247  3343  3343 I artd    : GetBestInfo: odex next to the dex file (/data/app/~~l86ooHn3z7zjJPmRwuVyKA==/com.google.android.gms-mjvtrlLEHAA3R1GV5L8qqg==/oat/x86_64/split_CronetDynamite_installtime.odex) is kOatUpToDate with filter 'speed' executable 'false'
03-30 18:57:13.261  3343  3343 I artd    : GetBestInfo: odex next to the dex file (/data/app/~~l86ooHn3z7zjJPmRwuVyKA==/com.google.android.gms-mjvtrlLEHAA3R1GV5L8qqg==/oat/x86_64/split_DynamiteLoader_installtime.odex) is kOatUpToDate with filter 'speed' executable 'false'
03-30 18:57:13.295   815   836 W Looper  : Slow dispatch took 146ms android.ui app=system_server main=false group=TOP_APP h=com.android.server.wm.DisplayPolicy$PolicyHandler c=com.android.server.wm.DisplayPolicy$2$$ExternalSyntheticLambda3@d42d6d9 m=0
03-30 18:57:13.297  1337  1395 I ndroid.systemui: Waiting for a blocking GC ProfileSaver
03-30 18:57:13.321  3343  3343 I artd    : GetBestInfo: odex next to the dex file (/data/app/~~l86ooHn3z7zjJPmRwuVyKA==/com.google.android.gms-mjvtrlLEHAA3R1GV5L8qqg==/oat/x86_64/split_DynamiteModulesA_installtime.odex) is kOatUpToDate with filter 'speed' executable 'false'
03-30 18:57:13.340  3343  3343 I artd    : GetBestInfo: odex next to the dex file (/data/app/~~l86ooHn3z7zjJPmRwuVyKA==/com.google.android.gms-mjvtrlLEHAA3R1GV5L8qqg==/oat/x86_64/split_DynamiteModulesC_installtime.odex) is kOatUpToDate with filter 'speed' executable 'false'
03-30 18:57:13.346  3343  3343 I artd    : GetBestInfo: odex next to the dex file (/data/app/~~l86ooHn3z7zjJPmRwuVyKA==/com.google.android.gms-mjvtrlLEHAA3R1GV5L8qqg==/oat/x86_64/split_GoogleCertificates_installtime.odex) is kOatUpToDate with filter 'speed' executable 'false'
03-30 18:57:13.348  3343  3343 I artd    : GetBestInfo: odex next to the dex file (/data/app/~~l86ooHn3z7zjJPmRwuVyKA==/com.google.android.gms-mjvtrlLEHAA3R1GV5L8qqg==/oat/x86_64/split_MapsDynamite_installtime.odex) is kOatUpToDate with filter 'speed' executable 'false'
03-30 18:57:13.354  3343  3343 I artd    : GetBestInfo: odex next to the dex file (/data/app/~~l86ooHn3z7zjJPmRwuVyKA==/com.google.android.gms-mjvtrlLEHAA3R1GV5L8qqg==/oat/x86_64/split_MeasurementDynamite_installtime.odex) is kOatUpToDate with filter 'speed' executable 'false'
03-30 18:57:13.357  3343  3343 I artd    : GetBestInfo: /data/user_de/0/com.google.android.gms/app_chimera/m/0000000d/dl-PlayCloudSearch.optional_253434100000.apk has no usable artifacts
03-30 18:57:13.362  3343  3343 I artd    : GetBestInfo: /data/user_de/0/com.google.android.gms/app_chimera/m/0000000c/dl-MlkitBarcodeUi.optional_253434100800.apk has no usable artifacts
03-30 18:57:13.367  3343  3343 I artd    : GetBestInfo: /data/user_de/0/com.google.android.gms/app_chimera/m/00000001/CronetDynamite.apk has no usable artifacts
03-30 18:57:13.373  3343  3343 I artd    : GetBestInfo: /data/user_de/0/com.google.android.gms/app_chimera/m/00000016/dl-MlkitOcrCommon.optional_261133100800.apk has no usable artifacts
03-30 18:57:13.379  3343  3343 I artd    : GetBestInfo: /data/user_de/0/com.google.android.gms/app_chimera/m/0000000e/dl-VisionOcr.optional_253434100000.apk has no usable artifacts
03-30 18:57:13.384  3343 13310 I artd    : GetBestInfo: /data/user_de/0/com.google.android.gms/app_chimera/m/00000002/DynamiteLoader.apk has no usable artifacts
03-30 18:57:13.385  3343 13310 I artd    : GetBestInfo: /data/user_de/0/com.google.android.gms/app_chimera/m/00000005/GoogleCertificates.apk has no usable artifacts
03-30 18:57:13.403  3343 13310 I artd    : GetBestInfo: /data/user_de/0/com.google.android.gms/app_chimera/m/00000012/dl-Appsearch.optional_261133100800.apk has no usable artifacts
03-30 18:57:13.408  3343 13310 I artd    : GetBestInfo: /data/user_de/0/com.google.android.gms/app_chimera/m/00000011/dl-PlayCloudSearch.optional_261133100000.apk has no usable artifacts
03-30 18:57:13.416  3343 13310 I artd    : GetBestInfo: /data/user_de/0/com.google.android.gms/app_chimera/m/00000015/dl-MlkitBarcodeUi.optional_261133100800.apk has no usable artifacts
03-30 18:57:13.422  3343  3343 I artd    : GetBestInfo: /data/user_de/0/com.google.android.gms/app_chimera/m/0000000a/dl-Appsearch.optional_253434100800.apk has no usable artifacts
03-30 18:57:13.432  3343  3343 I artd    : GetBestInfo: /data/user_de/0/com.google.android.gms/app_chimera/m/00000008/dl-TfliteDynamiteDynamite.integ_252130102100800.apk has no usable artifacts
03-30 18:57:13.437  3343  3343 I artd    : GetBestInfo: /data/user_de/0/com.google.android.gms/app_chimera/m/0000000f/dl-MlkitOcrCommon.optional_253434100800.apk has no usable artifacts
03-30 18:57:13.445  3343  3343 I artd    : GetBestInfo: /data/user_de/0/com.google.android.gms/app_chimera/m/00000010/dl-VisionOcr.optional_261133100000.apk has no usable artifacts
03-30 18:57:13.452  3343  3343 I artd    : GetBestInfo: vdex next to the dex file (/data/user/0/com.google.android.gms/app_dg_cache/BB2AE5A47BB198AF36C19CFD2B6407061A1BAF30/oat/x86_64/the.vdex) is kOatUpToDate with filter 'verify' executable 'false'
03-30 18:57:13.456  3343  3343 I artd    : GetBestInfo: /data/user_de/0/com.google.android.gms/app_chimera/m/00000007/MeasurementDynamite.apk has no usable artifacts
03-30 18:57:13.756  3483  3483 I com.weejobs.app: Using CollectorTypeCMC GC.
03-30 18:57:13.778  3483  3483 W com.weejobs.app: Unexpected CPU variant for x86: x86_64.
03-30 18:57:13.778  3483  3483 W com.weejobs.app: Known variants: atom, sandybridge, silvermont, goldmont, goldmont-plus, goldmont-without-sha-xsaves, tremont, kabylake, alderlake, default
03-30 18:57:13.825  1634  1672 I adbd    : jdwp connection from 3483
03-30 18:57:13.934  3483  3483 D nativeloader: Load libframework-connectivity-tiramisu-jni.so using APEX ns com_android_tethering for caller /apex/com.android.tethering/javalib/framework-connectivity-t.jar: ok
03-30 18:57:14.149   815  1292 D BackgroundInstallControlService: Package event received: 0
03-30 18:57:14.615   815  3550 E TaskPersister: File error accessing recents directory (directory doesn't exist?).
03-30 18:57:14.637  1337  1351 I ndroid.systemui: Background concurrent mark compact GC freed 5078KB AllocSpace bytes, 0(0B) LOS objects, 45% free, 28MB/52MB, paused 2.153ms,13.807ms total 16.200s
03-30 18:57:14.642  1337  1395 I ndroid.systemui: WaitForGcToComplete blocked ProfileSaver on Background for 1.346s
03-30 18:57:14.651  3483  3483 D ApplicationLoaders: Returning zygote-cached class loader: /system/framework/org.apache.http.legacy.jar
03-30 18:57:14.654  3483  3483 D ApplicationLoaders: Returning zygote-cached class loader: /system_ext/framework/androidx.window.extensions.jar
03-30 18:57:14.654  3483  3483 D ApplicationLoaders: Returning zygote-cached class loader: /system_ext/framework/androidx.window.sidecar.jar
03-30 18:57:14.814  1337  1353 W System  : A resource failed to call release. 
03-30 18:57:14.814  1337  1353 W System  : A resource failed to call release. 
03-30 18:57:14.814  1337  1353 W System  : A resource failed to call release. 
03-30 18:57:14.814  1337  1353 W System  : A resource failed to call release. 
03-30 18:57:15.057   815  1239 I HalDevMgr: bestIfaceCreationProposal is null, requestIface=STA, existingIface=[name=wlan0 type=STA]
03-30 18:57:15.379  1522  1586 D SatelliteController: iisInCarrierRoamingNbIotNtn: satellite is disabled
03-30 18:57:15.401  1522  1586 D SatelliteController: getCarrierRoamingNtnConnectType: Falling back to global carrier config connect type: 0
03-30 18:57:16.252  3483  3483 D nativeloader: Configuring clns-9 for other apk /data/app/~~5Q9G8MlZOHXtTZkZpfjUtQ==/com.weejobs.app-kunq0ESkV8yZIoTw9VMhAA==/base.apk. target_sdk_version=36, uses_libraries=, library_path=/data/app/~~5Q9G8MlZOHXtTZkZpfjUtQ==/com.weejobs.app-kunq0ESkV8yZIoTw9VMhAA==/lib/x86_64:/data/app/~~5Q9G8MlZOHXtTZkZpfjUtQ==/com.weejobs.app-kunq0ESkV8yZIoTw9VMhAA==/base.apk!/lib/x86_64, permitted_path=/data:/mnt/expand:/data/user/0/com.weejobs.app
03-30 18:57:16.369  3483  3483 V GraphicsEnvironment: Currently set values for:
03-30 18:57:16.369  3483  3483 V GraphicsEnvironment:   angle_gl_driver_selection_pkgs=[]
03-30 18:57:16.370  3483  3483 V GraphicsEnvironment:   angle_gl_driver_selection_values=[]
03-30 18:57:16.373  3483  3483 V GraphicsEnvironment: com.weejobs.app is not listed in per-application setting
03-30 18:57:16.381  3483  3483 V GraphicsEnvironment: ANGLE allowlist from config: com.dreamgames.royalmatch com.dts.freefiremax com.dxx.firenow com.gramgames.mergedragons com.ludo.king com.mojang.minecraftpe com.my.defense com.nintendo.zaka com.os.airforce com.playrix.fishdomdd.gplay io.teslatech.callbreak jp.konami.prospia net.peakgames.toonblast
03-30 18:57:16.382  3483  3483 V GraphicsEnvironment: No special selections for ANGLE, returning default driver choice
03-30 18:57:16.388  3483  3483 V GraphicsEnvironment: Neither updatable production driver nor prerelease driver is supported.
03-30 18:57:16.827  3483  3483 W SoLoader: Initializing SoLoader: 0
03-30 18:57:16.853  3483  3483 W SoLoader: Recording new base apk path: /data/app/~~5Q9G8MlZOHXtTZkZpfjUtQ==/com.weejobs.app-kunq0ESkV8yZIoTw9VMhAA==/base.apk
03-30 18:57:16.853  3483  3483 W SoLoader: Previously recorded 0 base apk paths.
03-30 18:57:16.891  3483  3483 I SoLoader: Preparing SO source: DirectorySoSource[root = /vendor/lib64 flags = 2]
03-30 18:57:16.893  3483  3483 I SoLoader: Preparing SO source: DirectorySoSource[root = /system/lib64 flags = 2]
03-30 18:57:16.893  3483  3483 I SoLoader: Preparing SO source: DirectApkSoSource[root = [/data/app/~~5Q9G8MlZOHXtTZkZpfjUtQ==/com.weejobs.app-kunq0ESkV8yZIoTw9VMhAA==/base.apk!/lib/x86_64]]
03-30 18:57:16.995  3483  3483 I SoLoader: Preparing SO source: ApplicationSoSource[DirectorySoSource[root = /data/app/~~5Q9G8MlZOHXtTZkZpfjUtQ==/com.weejobs.app-kunq0ESkV8yZIoTw9VMhAA==/lib/x86_64 flags = 0]]
03-30 18:57:16.996  3483  3483 I SoLoader: init finish: 4 SO sources prepared
03-30 18:57:17.000  3483  3483 W SoLoader: SoLoader initialized: 8
03-30 18:57:17.234  3483  3483 D nativeloader: Load /data/app/~~5Q9G8MlZOHXtTZkZpfjUtQ==/com.weejobs.app-kunq0ESkV8yZIoTw9VMhAA==/base.apk!/lib/x86_64/libc++_shared.so using class loader ns clns-9 (caller=/data/app/~~5Q9G8MlZOHXtTZkZpfjUtQ==/com.weejobs.app-kunq0ESkV8yZIoTw9VMhAA==/base.apk!classes21.dex): ok
03-30 18:57:17.295  3483  3483 D nativeloader: Load /data/app/~~5Q9G8MlZOHXtTZkZpfjUtQ==/com.weejobs.app-kunq0ESkV8yZIoTw9VMhAA==/base.apk!/lib/x86_64/libjsi.so using class loader ns clns-9 (caller=/data/app/~~5Q9G8MlZOHXtTZkZpfjUtQ==/com.weejobs.app-kunq0ESkV8yZIoTw9VMhAA==/base.apk!classes21.dex): ok
03-30 18:57:17.321  3483  3483 D nativeloader: Load /data/app/~~5Q9G8MlZOHXtTZkZpfjUtQ==/com.weejobs.app-kunq0ESkV8yZIoTw9VMhAA==/base.apk!/lib/x86_64/libfbjni.so using class loader ns clns-9 (caller=/data/app/~~5Q9G8MlZOHXtTZkZpfjUtQ==/com.weejobs.app-kunq0ESkV8yZIoTw9VMhAA==/base.apk!classes21.dex): ok
03-30 18:57:17.435  3483  3483 D nativeloader: Load /data/app/~~5Q9G8MlZOHXtTZkZpfjUtQ==/com.weejobs.app-kunq0ESkV8yZIoTw9VMhAA==/base.apk!/lib/x86_64/libreactnative.so using class loader ns clns-9 (caller=/data/app/~~5Q9G8MlZOHXtTZkZpfjUtQ==/com.weejobs.app-kunq0ESkV8yZIoTw9VMhAA==/base.apk!classes21.dex): ok
03-30 18:57:17.438  3483  3483 D jni_lib_merge: Entering merged library JNI_OnLoad.
03-30 18:57:17.438  3483  3483 D jni_lib_merge: Preparing 12 pre-merged libs (including stub)
03-30 18:57:17.440  3483  3483 D jni_lib_merge: Preparing to register libfabricjni_so.  onload_func: 0x76f54fad65d0
03-30 18:57:17.440  3483  3483 D jni_lib_merge: Preparing to register libreact_devsupportjni_so.  onload_func: 0x76f54fcef660
03-30 18:57:17.440  3483  3483 D jni_lib_merge: Preparing to register libreact_featureflagsjni_so.  onload_func: 0x76f54fd01530
03-30 18:57:17.440  3483  3483 D jni_lib_merge: Preparing to register libreact_newarchdefaults_so.  onload_func: 0x76f54fd9cb10
03-30 18:57:17.440  3483  3483 D jni_lib_merge: Preparing to register libreactnativeblob_so.  onload_func: 0x76f54ffa96c0
03-30 18:57:17.440  3483  3483 D jni_lib_merge: Preparing to register libreactnativejni_so.  onload_func: 0x76f54ffe52d0
03-30 18:57:17.440  3483  3483 D jni_lib_merge: Preparing to register libreactnativejni_common_so.  onload_func: 0x76f54ffeacd0
03-30 18:57:17.440  3483  3483 D jni_lib_merge: Preparing to register librninstance_so.  onload_func: 0x76f550034fe0
03-30 18:57:17.440  3483  3483 D jni_lib_merge: Preparing to register libturbomodulejsijni_so.  onload_func: 0x76f550196f40
03-30 18:57:17.440  3483  3483 D jni_lib_merge: Preparing to register libuimanagerjni_so.  onload_func: 0x76f5501ada30
03-30 18:57:17.440  3483  3483 D jni_lib_merge: Preparing to register libyoga_so.  onload_func: 0x76f5501bc9c0
03-30 18:57:17.440  3483  3483 D jni_lib_merge: About to register 11 actual methods.
03-30 18:57:17.502  3483  3483 D nativeloader: Load /data/app/~~5Q9G8MlZOHXtTZkZpfjUtQ==/com.weejobs.app-kunq0ESkV8yZIoTw9VMhAA==/base.apk!/lib/x86_64/libreact_codegen_rnscreens.so using class loader ns clns-9 (caller=/data/app/~~5Q9G8MlZOHXtTZkZpfjUtQ==/com.weejobs.app-kunq0ESkV8yZIoTw9VMhAA==/base.apk!classes21.dex): ok
03-30 18:57:17.503  3483  3483 D jni_lib_merge: Entering merged library JNI_OnLoad.
03-30 18:57:17.504  3483  3483 D jni_lib_merge: Preparing 12 pre-merged libs (including stub)
03-30 18:57:17.504  3483  3483 D jni_lib_merge: Preparing to register libfabricjni_so.  onload_func: 0x76f54fad65d0
03-30 18:57:17.504  3483  3483 D jni_lib_merge: Preparing to register libreact_devsupportjni_so.  onload_func: 0x76f54fcef660
03-30 18:57:17.504  3483  3483 D jni_lib_merge: Preparing to register libreact_featureflagsjni_so.  onload_func: 0x76f54fd01530
03-30 18:57:17.504  3483  3483 D jni_lib_merge: Preparing to register libreact_newarchdefaults_so.  onload_func: 0x76f54fd9cb10
03-30 18:57:17.504  3483  3483 D jni_lib_merge: Preparing to register libreactnativeblob_so.  onload_func: 0x76f54ffa96c0
03-30 18:57:17.504  3483  3483 D jni_lib_merge: Preparing to register libreactnativejni_so.  onload_func: 0x76f54ffe52d0
03-30 18:57:17.504  3483  3483 D jni_lib_merge: Preparing to register libreactnativejni_common_so.  onload_func: 0x76f54ffeacd0
03-30 18:57:17.506  3483  3483 D jni_lib_merge: Preparing to register librninstance_so.  onload_func: 0x76f550034fe0
03-30 18:57:17.506  3483  3483 D jni_lib_merge: Preparing to register libturbomodulejsijni_so.  onload_func: 0x76f550196f40
03-30 18:57:17.506  3483  3483 D jni_lib_merge: Preparing to register libuimanagerjni_so.  onload_func: 0x76f5501ada30
03-30 18:57:17.506  3483  3483 D jni_lib_merge: Preparing to register libyoga_so.  onload_func: 0x76f5501bc9c0
03-30 18:57:17.506  3483  3483 D jni_lib_merge: About to register 11 actual methods.
03-30 18:57:17.522  3483  3483 D nativeloader: Load /data/app/~~5Q9G8MlZOHXtTZkZpfjUtQ==/com.weejobs.app-kunq0ESkV8yZIoTw9VMhAA==/base.apk!/lib/x86_64/libreact_codegen_safeareacontext.so using class loader ns clns-9 (caller=/data/app/~~5Q9G8MlZOHXtTZkZpfjUtQ==/com.weejobs.app-kunq0ESkV8yZIoTw9VMhAA==/base.apk!classes21.dex): ok
03-30 18:57:17.569  3483  3483 D nativeloader: Load /data/app/~~5Q9G8MlZOHXtTZkZpfjUtQ==/com.weejobs.app-kunq0ESkV8yZIoTw9VMhAA==/base.apk!/lib/x86_64/libappmodules.so using class loader ns clns-9 (caller=/data/app/~~5Q9G8MlZOHXtTZkZpfjUtQ==/com.weejobs.app-kunq0ESkV8yZIoTw9VMhAA==/base.apk!classes21.dex): ok
03-30 18:57:17.711   815   952 D ActivityManager: freezing 2879 com.android.vending:background
03-30 18:57:17.933   815   952 D ActivityManager: freezing 2772 com.android.vending
03-30 18:57:17.955   815  1247 D InetDiagMessage: Destroyed 0 sockets, proto=IPPROTO_TCP, family=AF_INET, states=14
03-30 18:57:17.964   815  1247 D InetDiagMessage: Destroyed 2 sockets, proto=IPPROTO_TCP, family=AF_INET6, states=14
03-30 18:57:17.968   815  1247 D InetDiagMessage: Destroyed live tcp sockets for uids={10153} in 19ms
03-30 18:57:18.076   815  1239 I HalDevMgr: bestIfaceCreationProposal is null, requestIface=STA, existingIface=[name=wlan0 type=STA]
03-30 18:57:18.154   815  1292 D BackgroundInstallControlService: Package event received: 0
03-30 18:57:18.158   815  1292 D BackgroundInstallControlService: Package event received: 0
03-30 18:57:18.161  3483  3483 I Choreographer: Skipped 88 frames!  The application may be doing too much work on its main thread.
03-30 18:57:18.180  3483  3504 I DisplayManager: Choreographer implicitly registered for the refresh rate.
03-30 18:57:18.407  3483  3504 I GFXSTREAM: [eglDisplay.cpp(297)] Opening libGLESv1_CM_emulation.so
03-30 18:57:18.410  3483  3504 I GFXSTREAM: [eglDisplay.cpp(297)] Opening libGLESv2_emulation.so
03-30 18:57:18.502  3483  3504 W HWUI    : Failed to choose config with EGL_SWAP_BEHAVIOR_PRESERVED, retrying without...
03-30 18:57:18.506  3483  3504 W HWUI    : Failed to initialize 101010-2 format, error = EGL_SUCCESS
03-30 18:57:18.623  3483  3483 D DesktopExperienceFlags: Toggle override initialized to: false
03-30 18:57:18.711  3483  3483 D AppCompatDelegate: Checking for metadata for AppLocalesMetadataHolderService : Service not found
03-30 18:57:18.764  3483  3483 E ashmem  : Pinning is deprecated since Android Q. Please use trim or other methods.
03-30 18:57:18.898  3483  3483 D CompatChangeReporter: Compat change id reported: 377864165; UID 10227; state: ENABLED
03-30 18:57:18.910  3483  3483 D DesktopModeFlags: Toggle override initialized to: OVERRIDE_UNSET
03-30 18:57:18.946   815   826 I system_server: Background young concurrent mark compact GC freed 23MB AllocSpace bytes, 25(1052KB) LOS objects, 42% free, 32MB/56MB, paused 5.245ms,5.006ms total 121.089ms
03-30 18:57:19.027  3483  3483 I com.weejobs.app: hiddenapi: Accessing hidden method Landroid/view/ViewGroup;->makeOptionalFitsSystemWindows()V (runtime_flags=0, domain=platform, api=unsupported) from Landroidx/appcompat/widget/ViewUtils; (domain=app, TargetSdkVersion=36) using reflection: allowed
03-30 18:57:20.519  3483  3483 W unknown:BridgelessReact: ReactHost{0}.startSurface(surfaceId = 0): Schedule
03-30 18:57:20.520  3483  3483 W unknown:BridgelessReact: ReactHost{0}.attachSurface(surfaceId = 0)
03-30 18:57:20.529  3483  3517 W unknown:BridgelessReact: ReactHost{0}.getOrCreateReactInstanceTask()
03-30 18:57:20.530  3483  3517 W unknown:BridgelessReact: ReactHost{0}.getOrCreateReactInstanceTask(): Start
03-30 18:57:20.534  3483  3517 W unknown:BridgelessReact: ReactHost{0}.getJSBundleLoader()
03-30 18:57:20.536  3483  3517 W unknown:BridgelessReact: ReactHost{0}.isMetroRunning()
03-30 18:57:20.625  3483  3483 I expo-router-native: MainActivity.onCreate immediate: sdExists=false appExists=true
03-30 18:57:20.645  3483  3483 I expo-router-native: Wrote debug routes_manifest_seen in app files: {"nativeDebug":true,"ts":1774922240627}
03-30 18:57:20.663  3483  3519 I expo-router-native: Found routes_manifest_seen in app files: {"nativeDebug":true,"ts":1774922240627}
03-30 18:57:20.686  3483  3483 W WindowOnBackDispatcher: OnBackInvokedCallback is not enabled for the application.
03-30 18:57:20.686  3483  3483 W WindowOnBackDispatcher: Set 'android:enableOnBackInvokedCallback="true"' in the application manifest.
03-30 18:57:20.729  3483  3483 W unknown:BridgelessReact: ReactHost{0}.onHostResume(activity)
03-30 18:57:20.729  3483  3483 W unknown:ReactNative: Packager connection already open, nooping.
03-30 18:57:20.834  3483  3483 W HWUI    : Unknown dataspace 0
03-30 18:57:20.919  3483  3483 D VRI[MainActivity]: WindowInsets changed: 1080x2400 statusBars:[0,63,0,0] navigationBars:[0,0,0,63] mandatorySystemGestures:[0,63,0,84] 
03-30 18:57:20.978  3483  3483 D WindowOnBackDispatcher: setTopOnBackInvokedCallback (unwrapped): android.view.ViewRootImpl$$ExternalSyntheticLambda12@2deada0
03-30 18:57:20.981   815  1590 D CoreBackPreview: Window{9a0b5b9 u0 com.weejobs.app/com.weejobs.app.MainActivity}: Setting back callback OnBackInvokedCallbackInfo{mCallback=android.window.IOnBackInvokedCallback$Stub$Proxy@66d7fac, mPriority=0, mIsAnimationCallback=false, mOverrideBehavior=0}
03-30 18:57:21.073   815   838 W ActivityTaskManager: Launch timeout has expired, giving up wake lock!
03-30 18:57:21.100   815  1239 I HalDevMgr: bestIfaceCreationProposal is null, requestIface=STA, existingIface=[name=wlan0 type=STA]
03-30 18:57:21.318  8555  1018 I FontLog : (REDACTED) Received query %s, URI %s
03-30 18:57:21.322  8555  1018 I FontLog : (REDACTED) Query [%s] resolved to %s
03-30 18:57:21.362  8555  1018 I FontLog : (REDACTED) Fetch %s end status %s
03-30 18:57:21.392  8555  1018 I FontLog : (REDACTED) Pulling font file for id = %d, cache size = %d
03-30 18:57:21.405  3483  3525 I HWUI    : Using FreeType backend (prop=Auto)
03-30 18:57:21.470  8555  1018 I FontLog : (REDACTED) Pulling font file for id = %d, cache size = %d
03-30 18:57:21.872  3483  3493 I com.weejobs.app: Compiler allocated 5087KB to compile void android.view.ViewRootImpl.performTraversals()
03-30 18:57:22.075   815  1247 D InetDiagMessage: Destroyed 0 sockets, proto=IPPROTO_TCP, family=AF_INET, states=14
03-30 18:57:22.076   815  1247 D InetDiagMessage: Destroyed 0 sockets, proto=IPPROTO_TCP, family=AF_INET6, states=14
03-30 18:57:22.076   815  1247 D InetDiagMessage: Destroyed live tcp sockets for uids={10159} in 2ms
03-30 18:57:22.077   815  1247 D InetDiagMessage: Destroyed 0 sockets, proto=IPPROTO_TCP, family=AF_INET, states=14
03-30 18:57:22.078   815  1247 D InetDiagMessage: Destroyed 0 sockets, proto=IPPROTO_TCP, family=AF_INET6, states=14
03-30 18:57:22.078   815  1247 D InetDiagMessage: Destroyed live tcp sockets for uids={20159} in 1ms
03-30 18:57:22.430  3526  3526 W libbinder.BackendUnifiedServiceManager: Thread Pool max thread count is 0. Cannot cache binder as linkToDeath cannot be implemented. serviceName: package
03-30 18:57:22.690  3343  3343 I artd    : GetBestInfo: odex next to the dex file (/data/app/~~l86ooHn3z7zjJPmRwuVyKA==/com.google.android.gms-mjvtrlLEHAA3R1GV5L8qqg==/oat/x86_64/base.odex) is kOatUpToDate with filter 'speed-profile' executable 'false'
03-30 18:57:22.697  3343  3343 I artd    : GetBestInfo: odex next to the dex file (/data/app/~~l86ooHn3z7zjJPmRwuVyKA==/com.google.android.gms-mjvtrlLEHAA3R1GV5L8qqg==/oat/x86_64/split_AdsDynamite_installtime.odex) is kOatUpToDate with filter 'speed' executable 'false'
03-30 18:57:22.706  3343  3343 I artd    : GetBestInfo: odex next to the dex file (/data/app/~~l86ooHn3z7zjJPmRwuVyKA==/com.google.android.gms-mjvtrlLEHAA3R1GV5L8qqg==/oat/x86_64/split_CronetDynamite_installtime.odex) is kOatUpToDate with filter 'speed' executable 'false'
03-30 18:57:22.710  3343  3343 I artd    : GetBestInfo: odex next to the dex file (/data/app/~~l86ooHn3z7zjJPmRwuVyKA==/com.google.android.gms-mjvtrlLEHAA3R1GV5L8qqg==/oat/x86_64/split_DynamiteLoader_installtime.odex) is kOatUpToDate with filter 'speed' executable 'false'
03-30 18:57:22.718  3343  3343 I artd    : GetBestInfo: odex next to the dex file (/data/app/~~l86ooHn3z7zjJPmRwuVyKA==/com.google.android.gms-mjvtrlLEHAA3R1GV5L8qqg==/oat/x86_64/split_DynamiteModulesA_installtime.odex) is kOatUpToDate with filter 'speed' executable 'false'
03-30 18:57:22.722  3343  3343 I artd    : GetBestInfo: odex next to the dex file (/data/app/~~l86ooHn3z7zjJPmRwuVyKA==/com.google.android.gms-mjvtrlLEHAA3R1GV5L8qqg==/oat/x86_64/split_DynamiteModulesC_installtime.odex) is kOatUpToDate with filter 'speed' executable 'false'
03-30 18:57:22.728  3343  3343 I artd    : GetBestInfo: odex next to the dex file (/data/app/~~l86ooHn3z7zjJPmRwuVyKA==/com.google.android.gms-mjvtrlLEHAA3R1GV5L8qqg==/oat/x86_64/split_GoogleCertificates_installtime.odex) is kOatUpToDate with filter 'speed' executable 'false'
03-30 18:57:22.735  3343  3343 I artd    : GetBestInfo: odex next to the dex file (/data/app/~~l86ooHn3z7zjJPmRwuVyKA==/com.google.android.gms-mjvtrlLEHAA3R1GV5L8qqg==/oat/x86_64/split_MapsDynamite_installtime.odex) is kOatUpToDate with filter 'speed' executable 'false'
03-30 18:57:22.740  3343  3343 I artd    : GetBestInfo: odex next to the dex file (/data/app/~~l86ooHn3z7zjJPmRwuVyKA==/com.google.android.gms-mjvtrlLEHAA3R1GV5L8qqg==/oat/x86_64/split_MeasurementDynamite_installtime.odex) is kOatUpToDate with filter 'speed' executable 'false'
03-30 18:57:22.747  3343  3343 I artd    : GetBestInfo: /data/user_de/0/com.google.android.gms/app_chimera/m/0000000d/dl-PlayCloudSearch.optional_253434100000.apk has no usable artifacts
03-30 18:57:22.750  3343  3343 I artd    : GetBestInfo: /data/user_de/0/com.google.android.gms/app_chimera/m/0000000c/dl-MlkitBarcodeUi.optional_253434100800.apk has no usable artifacts
03-30 18:57:22.754  3343  3343 I artd    : GetBestInfo: /data/user_de/0/com.google.android.gms/app_chimera/m/00000001/CronetDynamite.apk has no usable artifacts
03-30 18:57:22.760  3343  3343 I artd    : GetBestInfo: /data/user_de/0/com.google.android.gms/app_chimera/m/00000016/dl-MlkitOcrCommon.optional_261133100800.apk has no usable artifacts
03-30 18:57:22.763  3343  3343 I artd    : GetBestInfo: /data/user_de/0/com.google.android.gms/app_chimera/m/0000000e/dl-VisionOcr.optional_253434100000.apk has no usable artifacts
03-30 18:57:22.765  3343 13310 I artd    : GetBestInfo: /data/user_de/0/com.google.android.gms/app_chimera/m/00000002/DynamiteLoader.apk has no usable artifacts
03-30 18:57:22.768  3343  3343 I artd    : GetBestInfo: /data/user_de/0/com.google.android.gms/app_chimera/m/00000005/GoogleCertificates.apk has no usable artifacts
03-30 18:57:22.770  3343 13310 I artd    : GetBestInfo: /data/user_de/0/com.google.android.gms/app_chimera/m/00000012/dl-Appsearch.optional_261133100800.apk has no usable artifacts
03-30 18:57:22.773  3343 13310 I artd    : GetBestInfo: /data/user_de/0/com.google.android.gms/app_chimera/m/00000011/dl-PlayCloudSearch.optional_261133100000.apk has no usable artifacts
03-30 18:57:22.778  3343 13310 I artd    : GetBestInfo: /data/user_de/0/com.google.android.gms/app_chimera/m/00000015/dl-MlkitBarcodeUi.optional_261133100800.apk has no usable artifacts
03-30 18:57:22.787  3343 13310 I artd    : GetBestInfo: /data/user_de/0/com.google.android.gms/app_chimera/m/0000000a/dl-Appsearch.optional_253434100800.apk has no usable artifacts
03-30 18:57:22.790  3343 13310 I artd    : GetBestInfo: /data/user_de/0/com.google.android.gms/app_chimera/m/00000008/dl-TfliteDynamiteDynamite.integ_252130102100800.apk has no usable artifacts
03-30 18:57:22.794  3343 13310 I artd    : GetBestInfo: /data/user_de/0/com.google.android.gms/app_chimera/m/0000000f/dl-MlkitOcrCommon.optional_253434100800.apk has no usable artifacts
03-30 18:57:22.803  3343 13310 I artd    : GetBestInfo: /data/user_de/0/com.google.android.gms/app_chimera/m/00000010/dl-VisionOcr.optional_261133100000.apk has no usable artifacts
03-30 18:57:22.807  3343 13310 I artd    : GetBestInfo: vdex next to the dex file (/data/user/0/com.google.android.gms/app_dg_cache/BB2AE5A47BB198AF36C19CFD2B6407061A1BAF30/oat/x86_64/the.vdex) is kOatUpToDate with filter 'verify' executable 'false'
03-30 18:57:22.810  3343 13310 I artd    : GetBestInfo: /data/user_de/0/com.google.android.gms/app_chimera/m/00000007/MeasurementDynamite.apk has no usable artifacts
03-30 18:57:22.829  2734  2734 D BoundBrokerSvc: onUnbind: Intent { act=com.google.android.gms.feedback.internal.IFeedbackService dat=chimera-action:/... xflg=0x4 cmp=com.google.android.gms/.chimera.GmsBoundBrokerService }
03-30 18:57:23.375  3483  3529 D ProfileInstaller: Installing profile for com.weejobs.app
03-30 18:57:24.126   815  1239 I HalDevMgr: bestIfaceCreationProposal is null, requestIface=STA, existingIface=[name=wlan0 type=STA]
03-30 18:57:24.143   815   952 D ActivityManager: freezing 2684 com.google.android.permissioncontroller
03-30 18:57:24.156   815  1247 D InetDiagMessage: Destroyed 0 sockets, proto=IPPROTO_TCP, family=AF_INET, states=14
03-30 18:57:24.157   815  1247 D InetDiagMessage: Destroyed 0 sockets, proto=IPPROTO_TCP, family=AF_INET6, states=14
03-30 18:57:24.157   815  1247 D InetDiagMessage: Destroyed live tcp sockets for uids={10219} in 1ms
03-30 18:57:24.826  3483  3494 W com.weejobs.app: userfaultfd: MOVE ioctl seems unsupported: Connection timed out
03-30 18:57:24.846  3483  3494 I com.weejobs.app: Background concurrent mark compact GC freed 5823KB AllocSpace bytes, 18(1512KB) LOS objects, 49% free, 3820KB/7640KB, paused 6.169ms,7.381ms total 76.445ms
03-30 18:57:25.381  1522  1586 D SatelliteController: iisInCarrierRoamingNbIotNtn: satellite is disabled
03-30 18:57:25.394  1522  1586 D SatelliteController: getCarrierRoamingNtnConnectType: Falling back to global carrier config connect type: 0
03-30 18:57:25.570  3483  3518 W unknown:ReactNative: The packager does not seem to be running as we got an IOException requesting its status: failed to connect to /10.0.2.2 (port 8081) from /10.0.2.16 (port 51074) after 5000ms
03-30 18:57:25.573  3483  3518 W unknown:BridgelessReact: ReactHost{0}.isMetroRunning(): Async result = false
03-30 18:57:25.587  3483  3517 W unknown:BridgelessReact: ReactHost{0}.getOrCreateReactInstanceTask(): Creating BridgelessReactContext
03-30 18:57:25.602  3483  3517 W unknown:BridgelessReact: ReactHost{0}.getOrCreateReactInstanceTask(): Creating ReactInstance
03-30 18:57:25.801  3483  3517 D nativeloader: Load /data/app/~~5Q9G8MlZOHXtTZkZpfjUtQ==/com.weejobs.app-kunq0ESkV8yZIoTw9VMhAA==/base.apk!/lib/x86_64/libhermesvm.so using class loader ns clns-9 (caller=/data/app/~~5Q9G8MlZOHXtTZkZpfjUtQ==/com.weejobs.app-kunq0ESkV8yZIoTw9VMhAA==/base.apk!classes21.dex): ok
03-30 18:57:25.821  3483  3517 D nativeloader: Load /data/app/~~5Q9G8MlZOHXtTZkZpfjUtQ==/com.weejobs.app-kunq0ESkV8yZIoTw9VMhAA==/base.apk!/lib/x86_64/libhermestooling.so using class loader ns clns-9 (caller=/data/app/~~5Q9G8MlZOHXtTZkZpfjUtQ==/com.weejobs.app-kunq0ESkV8yZIoTw9VMhAA==/base.apk!classes21.dex): ok
03-30 18:57:25.824  3483  3517 D jni_lib_merge: Entering merged library JNI_OnLoad.
03-30 18:57:25.825  3483  3517 D jni_lib_merge: Preparing 4 pre-merged libs (including stub)
03-30 18:57:25.825  3483  3517 D jni_lib_merge: Preparing to register libhermes_executor_so.  onload_func: 0x76f5d948fad0
03-30 18:57:25.825  3483  3517 D jni_lib_merge: Preparing to register libhermesinstancejni_so.  onload_func: 0x76f5d94bb330
03-30 18:57:25.825  3483  3517 D jni_lib_merge: Preparing to register libjsijniprofiler_so.  onload_func: 0x76f5d94bd0a0
03-30 18:57:25.825  3483  3517 D jni_lib_merge: About to register 3 actual methods.
03-30 18:57:26.633  3483  3517 I ExpoModulesCore: ✅ AppContext was initialized
03-30 18:57:26.810  1337  1511 D ControlsListingControllerImpl: Subscribing callback, service count: 0
03-30 18:57:26.827  1337  1511 D ControlsListingControllerImpl: Unsubscribing callback
03-30 18:57:26.894  3483  3517 W unknown:BridgelessReact: ReactHost{0}.getOrCreateReactInstanceTask(): Loading JS Bundle
03-30 18:57:26.938  3483  3517 W unknown:BridgelessReact: ReactHost{0}.getOrCreateReactInstanceTask(): DevSupportManager.onNewReactContextCreated()
03-30 18:57:26.971  3483  3517 W unknown:BridgelessReact: ReactHost{0}.startSurface(surfaceId = 0): Execute
03-30 18:57:26.973  3483  3483 W unknown:ReactNative: Packager connection already open, nooping.
03-30 18:57:26.990  3483  3483 W unknown:BridgelessReact: ReactHost{0}.ReactContext.onHostResume()
03-30 18:57:27.080  3483  3483 W unknown:BridgelessReact: ReactHost{0}.getOrCreateReactInstanceTask(): Executing ReactInstanceEventListeners
03-30 18:57:27.146   815  1239 I HalDevMgr: bestIfaceCreationProposal is null, requestIface=STA, existingIface=[name=wlan0 type=STA]
03-30 18:57:27.989  1337  1511 I QuickAccessWalletTile: QAW service is unavailable, recreating the wallet client.
03-30 18:57:28.131   815   944 D ActivityManager: sync unfroze 2772 com.android.vending for 6
03-30 18:57:28.190  1636  1636 D BaseActivity: Launcher flags updated: [] -[state_started]
03-30 18:57:28.190  1636  1636 D BaseDepthController: setSurface:
03-30 18:57:28.190  1636  1636 D BaseDepthController: 	mWaitingOnSurfaceValidity: false
03-30 18:57:28.190  1636  1636 D BaseDepthController: 	mBaseSurface: null
03-30 18:57:28.192  1636  1636 D BaseDepthController: mSurface is null and mCurrentBlur is: 0
03-30 18:57:28.229   815   838 W ProcessStats: Tracking association SourceState{303c5b6 system/1000 ImpBg #19020} whose proc state 6 is better than process ProcessState{2117a88 com.android.vending/10153 pkg=com.android.vending} proc state 14 (8 skipped)
03-30 18:57:28.305  1636  1636 D LauncherStateManager: StateManager.goToState: fromState: Normal, toState: Normal, partial trace:
03-30 18:57:28.305  1636  1636 D LauncherStateManager: 	at com.android.launcher3.statemanager.StateManager.moveToRestState(go/retraceme f3a19d912c87c27267cfbc05ba0bc7b202ab72a6648bd76225f5f7e128d94583:6)
03-30 18:57:28.305  1636  1636 D LauncherStateManager: 	at com.android.launcher3.statemanager.StateManager.moveToRestState(go/retraceme f3a19d912c87c27267cfbc05ba0bc7b202ab72a6648bd76225f5f7e128d94583:2)
03-30 18:57:28.305  1636  1636 D LauncherStateManager: 	at com.android.launcher3.statemanager.StatefulActivity.onStop(go/retraceme f3a19d912c87c27267cfbc05ba0bc7b202ab72a6648bd76225f5f7e128d94583:32)
03-30 18:57:28.306  1636  1636 D LauncherStateManager: StateManager.onRepeatStateSetAborted: state: Normal
03-30 18:57:28.313  1636  1636 D ActivityContext: hideKeyboard
03-30 18:57:28.313  1636  1636 D ActivityContext: isImeShown: false
03-30 18:57:28.318  1636  1636 D StatsLog: LAUNCHER_ONSTOP
03-30 18:57:28.367  1636  8447 D GmsPlayProvider: Shutdown the binder channel gracefully.
03-30 18:57:28.384  1636  8447 D GmsPlayProvider: Binder channel is terminated gracefully.
03-30 18:57:28.397  1636  1636 D StatsLog: LAUNCHER_GOOGLE_SEARCH_RESTORE_LIST_SIZE_AFTER_ACTIVITY_RESTART
03-30 18:57:28.644  2772  2772 I Finsky  : [2] SCH: job service start with id 9364.
03-30 18:57:28.791   815  1292 D BackgroundInstallControlService: Package event received: 0
03-30 18:57:29.030  2772  3435 I Finsky  : [116] SCH: Satisfied jobs for 9364 are: 12-1
03-30 18:57:29.109  3483  3530 I ReactNativeJS: '[routes-manifest] __EXPO_ROUTER_KEYS length=', 46
03-30 18:57:29.141  2772  3539 I Finsky  : [122] SCH: Job 12-1 starting
03-30 18:57:29.155  2772  2772 I Finsky  : [2] WM::SCH: Logging work start for 12-1
03-30 18:57:29.181  2772  2772 I Finsky  : [2] [ContentSync] job started
03-30 18:57:29.463  3483  3530 D nativeloader: Load /data/app/~~5Q9G8MlZOHXtTZkZpfjUtQ==/com.weejobs.app-kunq0ESkV8yZIoTw9VMhAA==/base.apk!/lib/x86_64/libworklets.so using class loader ns clns-9 (caller=/data/app/~~5Q9G8MlZOHXtTZkZpfjUtQ==/com.weejobs.app-kunq0ESkV8yZIoTw9VMhAA==/base.apk!classes21.dex): ok
03-30 18:57:29.498  3483  3494 I com.weejobs.app: Background young concurrent mark compact GC freed 2240KB AllocSpace bytes, 12(880KB) LOS objects, 35% free, 4931KB/7640KB, paused 10.682ms,7.707ms total 197.223ms
03-30 18:57:29.560  3483  3530 D nativeloader: Load /data/app/~~5Q9G8MlZOHXtTZkZpfjUtQ==/com.weejobs.app-kunq0ESkV8yZIoTw9VMhAA==/base.apk!/lib/x86_64/libexpo-modules-core.so using class loader ns clns-9 (caller=/data/app/~~5Q9G8MlZOHXtTZkZpfjUtQ==/com.weejobs.app-kunq0ESkV8yZIoTw9VMhAA==/base.apk!classes21.dex): ok
03-30 18:57:29.600  3483  3530 W BridgelessReactContext: [WARNING] Bridgeless doesn't support CatalystInstance. Accessing an API that's not part of the new architecture is not encouraged usage.
03-30 18:57:29.799  3483  3530 I ExpoModulesCore: ✅ JSI interop was installed
03-30 18:57:29.829  3483  3530 I ExpoModulesCore: ✅ Constants were exported
03-30 18:57:29.873  2772  3540 I Finsky  : [123] App states replicator found 6 unowned apps
03-30 18:57:29.876  3483  3530 I ReactNativeJS: '[index] __EXPO_ROUTER_KEYS at entry:', 46
03-30 18:57:29.937  2772  2873 I Finsky  : [59] Completed 0 account content syncs with 0 successful.
03-30 18:57:29.944  2772  2772 I Finsky  : [2] [ContentSync] Installation state replication succeeded.
03-30 18:57:29.946  2772  2772 I Finsky  : [2] SCH: jobFinished: 12-1. TimeElapsed: 799ms.
03-30 18:57:29.968  2772  2772 I Finsky  : [2] WM::SCH: Logging work end for 12-1
03-30 18:57:30.170   815  1239 I HalDevMgr: bestIfaceCreationProposal is null, requestIface=STA, existingIface=[name=wlan0 type=STA]
03-30 18:57:30.206  2772  2876 I Finsky  : [61] SCH: Scheduling phonesky job Id: 1-1337, CT: 1774899334323, Constraints: [{ L: 35770701, D: 78970701, C: CHARGING_NONE, I: IDLE_NONE, N: NET_ANY, B: BATTERY_ANY }]
03-30 18:57:30.237  2772  2878 I Finsky  : [62] SCH: Scheduling 1 system job(s)
03-30 18:57:30.240  2772  2878 I Finsky  : [62] SCH: Scheduling system job Id: 9367, L: 12854787, D: 56054787, C: false, I: false, N: 1
03-30 18:57:30.285  2772  3539 I Finsky  : [122] SCH: job service finished with id 9364.
03-30 18:57:30.353  2772  2772 I Finsky  : [2] Memory trim requested to level 40
03-30 18:57:30.354  2772  2772 I Finsky  : [2] Flushing in-memory image cache
03-30 18:57:30.390   815   944 D ActivityManager: sync unfroze 3235 com.google.android.apps.messaging for 6
03-30 18:57:30.518  3235  3235 D ActivityThread: Package [com.weejobs.app] reported as REPLACED, but missing application info. Assuming REMOVED.
03-30 18:57:30.530  3235  3235 D ActivityThread: Package [com.weejobs.app] reported as REPLACED, but missing application info. Assuming REMOVED.
03-30 18:57:30.576  3483  3516 W unknown:ReconnectingWebSocket: Couldn't connect to "ws://10.0.2.2:8081/message?device=sdk_gphone64_x86_64%20-%2016%20-%20API%2036&app=com.weejobs.app&clientid=BridgelessDevSupportManager", will silently retry
03-30 18:57:30.955  3235  3276 I Bugle   : BroadcastReceiverAsyncWorkTracker: Acknowledging broadcast of crsu@3801367
03-30 18:57:30.955  3235  3235 I Bugle   : BroadcastReceiverAsyncWorkTracker: Acknowledging broadcast of crsu@3801367
03-30 18:57:31.083  3235  3286 I BugleDataModel: ActionExecutorImpl: ACTION_EXECUTE_QUEUED_CountryCodeDetectorAction
03-30 18:57:31.083  3235  3545 I BugleDataModel: ExecuteActionRunnable: running action CountryCodeDetectorAction
03-30 18:57:31.091  3235  3545 I BugleDataModel: ActionExecutorImpl: ACTION_BACKGROUND_QUEUED_CountryCodeDetectorAction
03-30 18:57:31.117  3483  3494 I com.weejobs.app: Background concurrent mark compact GC freed 1876KB AllocSpace bytes, 4(220KB) LOS objects, 49% free, 6558KB/12MB, paused 5.124ms,3.936ms total 187.625ms
03-30 18:57:31.185  3235  3546 I Bugle   : CountryCodeDetector: updateSmsNetworkCountry from default subscription network country. detected country: us
03-30 18:57:31.190  3235  3546 I BugleDataModel: ActionExecutorImpl: ACTION_RESPONSE_QUEUED_CountryCodeDetectorAction
03-30 18:57:31.312  3235  3274 I ForwardSyncCache: reclaimMemory: Clearing caches
03-30 18:57:31.346  3483  3530 I ReactNativeJS: '[index] FileSystem details:', { fileSystemType: 'object',
03-30 18:57:31.346  3483  3530 I ReactNativeJS:   hasWrite: true,
03-30 18:57:31.346  3483  3530 I ReactNativeJS:   documentDirectory: undefined }
03-30 18:57:31.355  3483  3530 I ReactNativeJS: Running "main"
03-30 18:57:31.397  3235  3274 W Bugle   : TextClassifierLibManagerImpl: Reclaiming memory at level: 40
03-30 18:57:32.114  3483  3530 W com.weejobs.app: Verification of void com.swmansion.rnscreens.ScreenStackHeaderConfigViewManager.setTitleFontSize(com.swmansion.rnscreens.ScreenStackHeaderConfig, int) took 145.903ms (68.54 bytecodes/s) (0B arena alloc)
03-30 18:57:32.288  3483  3530 W unknown:ViewManagerPropertyUpdater: Could not find generated setter for class com.reactnativestripesdk.CardFormViewManager
03-30 18:57:32.318  3483  3530 W unknown:ViewManagerPropertyUpdater: Could not find generated setter for class com.facebook.react.uimanager.LayoutShadowNode
03-30 18:57:32.328  3483  3530 W unknown:ViewManagerPropertyUpdater: Could not find generated setter for class com.swmansion.rnscreens.ScreenFooterManager
03-30 18:57:32.337  3483  3530 W unknown:ViewManagerPropertyUpdater: Could not find generated setter for class com.reactnativestripesdk.EmbeddedPaymentElementViewManager
03-30 18:57:32.353  3483  3530 W unknown:ViewManagerPropertyUpdater: Could not find generated setter for class expo.modules.kotlin.views.GroupViewManagerWrapper
03-30 18:57:32.361  3483  3530 W unknown:ViewManagerPropertyUpdater: Could not find generated setter for class com.swmansion.rnscreens.ScreenContainerViewManager
03-30 18:57:32.372  3483  3530 W unknown:ViewManagerPropertyUpdater: Could not find generated setter for class com.reactnativestripesdk.StripeContainerManager
03-30 18:57:32.388  3483  3530 W unknown:ViewManagerPropertyUpdater: Could not find generated setter for class com.swmansion.rnscreens.ModalScreenViewManager
03-30 18:57:32.405  3483  3530 W unknown:ViewManagerPropertyUpdater: Could not find generated setter for class com.reactnativestripesdk.NavigationBarManager
03-30 18:57:32.415  3483  3530 W unknown:ViewManagerPropertyUpdater: Could not find generated setter for class com.th3rdwave.safeareacontext.SafeAreaViewManager
03-30 18:57:32.426  3483  3530 W unknown:ViewManagerPropertyUpdater: Could not find generated setter for class com.th3rdwave.safeareacontext.SafeAreaViewShadowNode
03-30 18:57:32.434  3483  3530 W unknown:ViewManagerPropertyUpdater: Could not find generated setter for class com.swmansion.rnscreens.safearea.SafeAreaViewManager
03-30 18:57:32.439  3483  3530 W unknown:ViewManagerPropertyUpdater: Could not find generated setter for class com.swmansion.rnscreens.safearea.paper.SafeAreaViewShadowNode
03-30 18:57:32.445  3483  3530 W unknown:ViewManagerPropertyUpdater: Could not find generated setter for class com.swmansion.rnscreens.ScreenViewManager
03-30 18:57:32.453  3483  3530 W unknown:ViewManagerPropertyUpdater: Could not find generated setter for class com.reactnativestripesdk.PaymentMethodMessagingElementViewManager
03-30 18:57:32.460  3483  3530 W unknown:ViewManagerPropertyUpdater: Could not find generated setter for class com.reactnativestripesdk.CardFieldViewManager
03-30 18:57:32.464  3483  3530 W unknown:ViewManagerPropertyUpdater: Could not find generated setter for class com.swmansion.rnscreens.ScreenStackViewManager
03-30 18:57:32.468  3483  3530 W unknown:ViewManagerPropertyUpdater: Could not find generated setter for class com.reactnativestripesdk.addresssheet.AddressSheetViewManager
03-30 18:57:32.480  3483  3530 W unknown:ViewManagerPropertyUpdater: Could not find generated setter for class com.swmansion.rnscreens.gamma.tabs.TabsHostViewManager
03-30 18:57:32.485  3483  3530 W unknown:ViewManagerPropertyUpdater: Could not find generated setter for class com.th3rdwave.safeareacontext.SafeAreaProviderManager
03-30 18:57:32.490  3483  3530 W unknown:ViewManagerPropertyUpdater: Could not find generated setter for class com.swmansion.rnscreens.SearchBarManager
03-30 18:57:32.499  3483  3530 W unknown:ViewManagerPropertyUpdater: Could not find generated setter for class com.swmansion.rnscreens.ScreenStackHeaderConfigViewManager
03-30 18:57:32.504  3483  3530 W unknown:ViewManagerPropertyUpdater: Could not find generated setter for class com.swmansion.rnscreens.ScreenContentWrapperManager
03-30 18:57:32.510  3483  3530 W unknown:ViewManagerPropertyUpdater: Could not find generated setter for class com.reactnativestripesdk.GooglePayButtonManager
03-30 18:57:32.522  3483  3530 W unknown:ViewManagerPropertyUpdater: Could not find generated setter for class com.swmansion.rnscreens.gamma.tabs.TabsScreenViewManager
