03-30 18:49:33.505   815  2214 V WindowManager: TaskLaunchParamsModifier:phase=0 task=null activity=null display-area-from-current-params=null display-area-from-default-fallback=DefaultTaskDisplayArea@146451114 display-id=0 task-display-area-windowing-mode=1 suggested-display-area=DefaultTaskDisplayArea@146451114
03-30 18:49:33.531   815  2214 V GrammaticalInflectionUtils: AttributionSource: android.content.AttributionSource@a8b12c4b does not have READ_SYSTEM_GRAMMATICAL_GENDER permission.
03-30 18:49:33.538   815  2214 V WindowManager: DesktopModeLaunchParamsModifier: phase= 0 task=null activity=ActivityRecord{84252585 u0 com.weejobs.app/.MainActivity display-area-from-current-params=null display-area-from-default-fallback=DefaultTaskDisplayArea@146451114 display-id=0 task-display-area-windowing-mode=1 suggested-display-area=DefaultTaskDisplayArea@146451114 task null, skipping
03-30 18:49:33.538   815  2214 V WindowManager: TaskLaunchParamsModifier:phase=0 task=null activity=ActivityRecord{84252585 u0 com.weejobs.app/.MainActivity t-1} display-area-from-current-params=null display-area-from-default-fallback=DefaultTaskDisplayArea@146451114 display-id=0 task-display-area-windowing-mode=1 suggested-display-area=DefaultTaskDisplayArea@146451114
03-30 18:49:33.539   815  2214 V WindowManager: DesktopModeLaunchParamsModifier: phase= 3 task=null activity=ActivityRecord{84252585 u0 com.weejobs.app/.MainActivity t-1} display-area-from-current-params=null display-area-from-default-fallback=DefaultTaskDisplayArea@146451114 display-id=0 task-display-area-windowing-mode=1 suggested-display-area=DefaultTaskDisplayArea@146451114 task null, skipping
03-30 18:49:33.542   815  2214 V WindowManager: TaskLaunchParamsModifier:phase=3 task=null activity=ActivityRecord{84252585 u0 com.weejobs.app/.MainActivity t-1} display-area-from-current-params=null display-area-from-default-fallback=DefaultTaskDisplayArea@146451114 display-id=0 task-display-area-windowing-mode=1 suggested-display-area=DefaultTaskDisplayArea@146451114 non-freeform-task-display-area display-area=DefaultTaskDisplayArea@146451114 skip-bounds-fullscreen
03-30 18:49:33.551   815  2214 V WindowManager: DesktopModeLaunchParamsModifier: phase= 3 task=Task{d4d412e #45 type=standard A=10227:com.weejobs.app} activity=ActivityRecord{84252585 u0 com.weejobs.app/.MainActivity t-1} display-from-task=0 display-id=0 task-display-area-windowing-mode=1 suggested-display-area=DefaultTaskDisplayArea@146451114 not entering desktop mode, skipping
03-30 18:49:33.552   815  2214 V WindowManager: TaskLaunchParamsModifier:phase=3 task=Task{d4d412e #45 type=standard A=10227:com.weejobs.app} activity=ActivityRecord{84252585 u0 com.weejobs.app/.MainActivity t-1} display-from-task=0 display-id=0 task-display-area-windowing-mode=1 suggested-display-area=DefaultTaskDisplayArea@146451114 inherit-from-task=fullscreen non-freeform-task-display-area display-area=DefaultTaskDisplayArea@146451114 skip-bounds-fullscreen
03-30 18:49:33.558   651   794 I libbinder.BpBinder: onLastStrongRef automatically unlinking death recipients for descriptor: '(not cached)'
03-30 18:49:33.573   815  2214 I ActivityTaskManager: START u0 {act=android.intent.action.MAIN cat=[android.intent.category.LAUNCHER] flg=0x10200000 cmp=com.weejobs.app/.MainActivity} with LAUNCH_SINGLE_TASK from uid 2000 (com.android.shell) (BAL_ALLOW_PERMISSION) result code=0
03-30 18:49:33.580  1636  1636 D BaseActivity: Launcher flags updated: [state_started|state_resumed|state_deferred_resumed|state_window_focused] -[state_user_active]
03-30 18:49:33.583  2245  2245 I Monkey  : Events injected: 1
03-30 18:49:33.585  1636  1636 D BaseActivity: Launcher flags updated: [state_started|state_window_focused] -[state_resumed|state_deferred_resumed]
03-30 18:49:33.593  1636  1636 W SplitSelectStateCtor: Missing session instanceIds
03-30 18:49:33.593  1636  1636 D StatsLog: LAUNCHER_SPLIT_SELECTION_EXIT_INTERRUPTED
03-30 18:49:33.594  1337  1429 D WindowManagerShell: setLauncherKeepClearAreaHeight: visible=false, height=495
03-30 18:49:33.614  1337  1429 V WindowManagerShell: Transition requested (#89): android.os.BinderProxy@9e99c19 TransitionRequestInfo { type = OPEN, triggerTask = TaskInfo{userId=0 taskId=45 effectiveUid=10227 displayId=0 isRunning=true baseIntent=Intent { act=android.intent.action.MAIN cat=[android.intent.category.LAUNCHER] flg=0x10200000 cmp=com.weejobs.app/.MainActivity } baseActivity=ComponentInfo{com.weejobs.app/com.weejobs.app.MainActivity} topActivity=ComponentInfo{com.weejobs.app/com.weejobs.app.MainActivity} origActivity=null realActivity=ComponentInfo{com.weejobs.app/com.weejobs.app.MainActivity} numActivities=1 lastActiveTime=23007059 supportsMultiWindow=true resizeMode=1 isResizeable=true minWidth=-1 minHeight=-1 defaultMinSize=220 token=WCT{android.os.BinderProxy@a5d44de} topActivityType=1 pictureInPictureParams=null shouldDockBigOverlays=false launchIntoPipHostTaskId=-1 lastParentTaskIdBeforePip=-1 displayCutoutSafeInsets=Rect(0, 0 - 0, 0) topActivityInfo=ActivityInfo{66626bf com.weejobs.app.MainActivity} launchCookies=[] positionInParent=Point(0, 0) parentTaskId=-1 isFocused=false isVisible=false isVisibleRequested=false isTopActivityNoDisplay=false isSleeping=false locusId=null displayAreaFeatureId=1 isTopActivityTransparent=false isActivityStackTransparent=false lastNonFullscreenBounds=null capturedLink=null capturedLinkTimestamp=0 requestedVisibleTypes=503 topActivityRequestOpenInBrowserEducationTimestamp=0 appCompatTaskInfo=AppCompatTaskInfo { topActivityInSizeCompat=false isLeafTask= true eligibleForLetterboxEducation= false isLetterboxEducationEnabled= true isLetterboxDoubleTapEnabled= false eligibleForUserAspectRatioButton= false topActivityBoundsLetterboxed= false isFromLetterboxDoubleTap= false topActivityLetterboxVerticalPosition= -1 topActivityLetterboxHorizontalPosition= -1 topActivityLetterboxWidth=-1 topActivityLetterboxHeight=-1 topActivityAppBounds=Rect(0, 0 - 1080, 2400) isUserFullscreenOverrideEnabled=false isSystemFullscreenOverrideEnabled=false hasMinAspectRatioOverride=false topActivityLetterboxBounds=null cameraCompatTaskInfo=CameraCompatTaskInfo { cameraCompatMode=undefinedundefined} topNonResizableActivityAspectRatio=-1.0} topActivityMainWindowFrame=null isAppBubble=false}, pipChange = null, remoteTransition = null, displayChange = null, requestedLocation = null, userChange = null, windowingLayerChange = null, flags = 0, debugId = 89 }
03-30 18:49:33.616  1337  1429 D ShellSplitScreen: logExit: no-op, mLoggerSessionId is null
03-30 18:49:33.616  1337  1429 V ShellDesktopMode: DesktopTasksController: handleRequest request=TransitionRequestInfo { type = OPEN, triggerTask = TaskInfo{userId=0 taskId=45 effectiveUid=10227 displayId=0 isRunning=true baseIntent=Intent { act=android.intent.action.MAIN cat=[android.intent.category.LAUNCHER] flg=0x10200000 cmp=com.weejobs.app/.MainActivity } baseActivity=ComponentInfo{com.weejobs.app/com.weejobs.app.MainActivity} topActivity=ComponentInfo{com.weejobs.app/com.weejobs.app.MainActivity} origActivity=null realActivity=ComponentInfo{com.weejobs.app/com.weejobs.app.MainActivity} numActivities=1 lastActiveTime=23007059 supportsMultiWindow=true resizeMode=1 isResizeable=true minWidth=-1 minHeight=-1 defaultMinSize=220 token=WCT{android.os.BinderProxy@a5d44de} topActivityType=1 pictureInPictureParams=null shouldDockBigOverlays=false launchIntoPipHostTaskId=-1 lastParentTaskIdBeforePip=-1 displayCutoutSafeInsets=Rect(0, 0 - 0, 0) topActivityInfo=ActivityInfo{66626bf com.weejobs.app.MainActivity} launchCookies=[] positionInParent=Point(0, 0) parentTaskId=-1 isFocused=false isVisible=false isVisibleRequested=false isTopActivityNoDisplay=false isSleeping=false locusId=null displayAreaFeatureId=1 isTopActivityTransparent=false isActivityStackTransparent=false lastNonFullscreenBounds=null capturedLink=null capturedLinkTimestamp=0 requestedVisibleTypes=503 topActivityRequestOpenInBrowserEducationTimestamp=0 appCompatTaskInfo=AppCompatTaskInfo { topActivityInSizeCompat=false isLeafTask= true eligibleForLetterboxEducation= false isLetterboxEducationEnabled= true isLetterboxDoubleTapEnabled= false eligibleForUserAspectRatioButton= false topActivityBoundsLetterboxed= false isFromLetterboxDoubleTap= false topActivityLetterboxVerticalPosition= -1 topActivityLetterboxHorizontalPosition= -1 topActivityLetterboxWidth=-1 topActivityLetterboxHeight=-1 topActivityAppBounds=Rect(0, 0 - 1080, 2400) isUserFullscreenOverrideEnabled=false isSystemFullscreenOverrideEnabled=false hasMinAspectRatioOverride=false topActivityLetterboxBounds=null cameraCompatTaskInfo=CameraCompatTaskInfo { cameraCompatMode=undefinedundefined} topNonResizableActivityAspectRatio=-1.0} topActivityMainWindowFrame=null isAppBubble=false}, pipChange = null, remoteTransition = null, displayChange = null, requestedLocation = null, userChange = null, windowingLayerChange = null, flags = 0, debugId = 89 }
03-30 18:49:33.618  1337  1429 V ShellDesktopMode: DesktopTasksController: skipping handleRequest reason=triggerTask's display doesn't support desktop mode
03-30 18:49:33.618   815  2201 I AppsFilter: interaction: PackageSetting{324f4bb com.android.microdroid.empty_payload/10207} -> PackageSetting{b560eeb com.weejobs.app/10227} BLOCKED
03-30 18:49:33.625   815  2201 V WindowManager: Defer transition id=89 for TaskFragmentTransaction=android.os.Binder@5d792e1
03-30 18:49:33.625   276   276 I lowmemorykiller: Kill 'com.google.android.apps.safetyhub' (1054), uid 10156, oom_score_adj 955 to free 103356kB rss, 49996kB swap, 0kB dmabuf_pss, 0kB dmabuf_rss; reason: low watermark is breached
03-30 18:49:33.631   815  2201 V WindowManager: deferTransitionReady deferReadyDepth=1 stack=com.android.server.wm.TransitionController.deferTransitionReady:1061 com.android.server.wm.TaskFragmentOrganizerController$TaskFragmentOrganizerState.dispatchTransaction:517 com.android.server.wm.TaskFragmentOrganizerController.dispatchPendingEvents:1259 com.android.server.wm.TaskFragmentOrganizerController.dispatchPendingEvents:1228 com.android.server.wm.RootWindowContainer.performSurfacePlacement:777 
03-30 18:49:33.636  1636  1636 D RecentsView: onTaskDisplayChanged: 45, new displayId = 0
03-30 18:49:33.645   815   838 V GrammaticalInflectionUtils: AttributionSource: android.content.AttributionSource@a8b12c4b does not have READ_SYSTEM_GRAMMATICAL_GENDER permission.
03-30 18:49:33.660  2245  2245 I Monkey  : ## Network stats: elapsed time=151ms (0ms mobile, 0ms wifi, 151ms not connected)
03-30 18:49:33.665  2245  2245 I app_process: System.exit called, status: 0
03-30 18:49:33.665  2245  2245 I AndroidRuntime: VM exiting with result code 0.
03-30 18:49:33.668   815  1292 D BackgroundInstallControlService: Package event received: 0
03-30 18:49:33.674   815  1482 D CompatChangeReporter: Compat change id reported: 377864165; UID 10227; state: ENABLED
03-30 18:49:33.685   579   579 D Zygote  : Forked child process 2424
03-30 18:49:33.689   815   964 I EventHub: Removing device Monkey touch due to epoll hang-up event.
03-30 18:49:33.690   815   964 I EventHub: Removed device: path=/dev/input/event14 name=Monkey touch id=28 fd=688 classes=TOUCH | TOUCH_MT
03-30 18:49:33.694   815  1482 V WindowManager: Continue transition id=89 for TaskFragmentTransaction=android.os.Binder@5d792e1
03-30 18:49:33.694   815  1482 V WindowManager: continueTransitionReady deferReadyDepth=0 stack=com.android.server.wm.TransitionController.continueTransitionReady:1071 com.android.server.wm.TaskFragmentOrganizerController$TaskFragmentOrganizerState.onTransactionFinished:546 com.android.server.wm.TaskFragmentOrganizerController.onTransactionHandled:740 android.window.ITaskFragmentOrganizerController$Stub.onTransact:225 android.os.Binder.execTransactInternal:1473 
03-30 18:49:33.705   815   846 W ActivityManager: Slow operation: 60ms so far, now at startProcess: returned from zygote!
03-30 18:49:33.725  1636  1636 D BaseActivity: Launcher flags updated: [state_started] -[state_window_focused]
03-30 18:49:33.725  2424  2424 I Zygote  : Process 2424 created for com.weejobs.app
03-30 18:49:33.725  2424  2424 I com.weejobs.app: Late-enabling -Xcheck:jni
03-30 18:49:33.762   815   846 W ActivityManager: Slow operation: 117ms so far, now at startProcess: done updating battery stats
03-30 18:49:33.765   815   846 W ActivityManager: Slow operation: 120ms so far, now at startProcess: building log message
03-30 18:49:33.765   815   846 I ActivityManager: Start proc 2424:com.weejobs.app/u0a227 for next-top-activity {com.weejobs.app/com.weejobs.app.MainActivity}
03-30 18:49:33.766   815   846 W ActivityManager: Slow operation: 121ms so far, now at startProcess: starting to update pids map
03-30 18:49:33.766   815   846 W ActivityManager: Slow operation: 121ms so far, now at startProcess: done updating pids map
03-30 18:49:33.840  2377  2419 V ContactsProvider: 0 Dangling Contacts have been cleaned up.
03-30 18:49:33.856  1337  1429 D ShellDesktopMode: DesktopRepository: Removes freeform task: taskId=44
03-30 18:49:33.856  1337  1429 W ShellDesktopMode: DesktopRepository: No display id found for task: taskId=44
03-30 18:49:33.882   815   838 E EventHub: Invalid device id=28 provided to isDeviceEnabled
03-30 18:49:33.882   815   838 W InputReader: Ignoring disabled device Monkey touch
03-30 18:49:33.882   815   964 I InputReader: Device removed: id=28, eventHubId=28, name='Monkey touch', descriptor='e1fe28b90f915c7d1febbd52c1ef84b3c4cbed9f', sources=TOUCHSCREEN
03-30 18:49:33.903   815   964 I EventHub: Removing device '/dev/input/event14' due to inotify event
03-30 18:49:33.926  1636  1636 D b/417220811: invalidateLoadedTasks - previous requestLoadId: -1
03-30 18:49:33.927  1636  1636 D b/417220811: invalidateLoadedTasks - previous requestLoadId: -1
03-30 18:49:33.951  2049  2068 W ogle.android.as: Suspending all threads took: 230.254ms
03-30 18:49:33.993  1636  1636 D b/417220811: invalidateLoadedTasks - previous requestLoadId: -1
03-30 18:49:34.017  1337  1477 D WindowOnBackDispatcher: setTopOnBackInvokedCallback (unwrapped): android.view.ViewRootImpl$$ExternalSyntheticLambda12@6883031
03-30 18:49:34.026   815  2201 D CoreBackPreview: Window{e30d7b7 u0 Splash Screen com.weejobs.app}: Setting back callback OnBackInvokedCallbackInfo{mCallback=android.window.IOnBackInvokedCallback$Stub$Proxy@2521042, mPriority=0, mIsAnimationCallback=false, mOverrideBehavior=0}
03-30 18:49:34.145   815  2214 I ActivityManager: Process com.google.android.apps.safetyhub (pid 1054) has died: cch  +75 CEM 
03-30 18:49:34.170   579   579 I Zygote  : Process 1054 exited due to signal 9 (Killed)
03-30 18:49:34.187   815   835 V WindowManager: Sent Transition (#89) createdAt=03-30 18:49:33.536 via request=TransitionRequestInfo { type = OPEN, triggerTask = TaskInfo{userId=0 taskId=45 effectiveUid=10227 displayId=0 isRunning=true baseIntent=Intent { act=android.intent.action.MAIN cat=[android.intent.category.LAUNCHER] flg=0x10200000 cmp=com.weejobs.app/.MainActivity } baseActivity=ComponentInfo{com.weejobs.app/com.weejobs.app.MainActivity} topActivity=ComponentInfo{com.weejobs.app/com.weejobs.app.MainActivity} origActivity=null realActivity=ComponentInfo{com.weejobs.app/com.weejobs.app.MainActivity} numActivities=1 lastActiveTime=23007059 supportsMultiWindow=true resizeMode=1 isResizeable=true minWidth=-1 minHeight=-1 defaultMinSize=220 token=WCT{RemoteToken{62f5abc Task{d4d412e #45 type=standard A=10227:com.weejobs.app}}} topActivityType=1 pictureInPictureParams=null shouldDockBigOverlays=false launchIntoPipHostTaskId=-1 lastParentTaskIdBeforePip=-1 displayCutoutSafeInsets=Rect(0, 0 - 0, 0) topActivityInfo=ActivityInfo{9371a45 com.weejobs.app.MainActivity} launchCookies=[] positionInParent=Point(0, 0) parentTaskId=-1 isFocused=false isVisible=false isVisibleRequested=false isTopActivityNoDisplay=false isSleeping=false locusId=null displayAreaFeatureId=1 isTopActivityTransparent=false isActivityStackTransparent=false lastNonFullscreenBounds=null capturedLink=null capturedLinkTimestamp=0 requestedVisibleTypes=503 topActivityRequestOpenInBrowserEducationTimestamp=0 appCompatTaskInfo=AppCompatTaskInfo { topActivityInSizeCompat=false isLeafTask= true eligibleForLetterboxEducation= false isLetterboxEducationEnabled= true isLetterboxDoubleTapEnabled= false eligibleForUserAspectRatioButton= false topActivityBoundsLetterboxed= false isFromLetterboxDoubleTap= false topActivityLetterboxVerticalPosition= -1 topActivityLetterboxHorizontalPosition= -1 topActivityLetterboxWidth=-1 topActivityLetterboxHeight=-1 topActivityAppBounds=Rect(0, 0 - 1080, 2400) isUserFullscreenOverrideEnabled=false isSystemFullscreenOverrideEnabled=false hasMinAspectRatioOverride=false topActivityLetterboxBounds=null cameraCompatTaskInfo=CameraCompatTaskInfo { cameraCompatMode=undefinedundefined} topNonResizableActivityAspectRatio=-1.0} topActivityMainWindowFrame=null isAppBubble=false}, pipChange = null, remoteTransition = null, displayChange = null, requestedLocation = null, userChange = null, windowingLayerChange = null, flags = 0, debugId = 89 }
03-30 18:49:34.189   815   835 V WindowManager:     startWCT=WindowContainerTransaction { changes= {} hops= [] errorCallbackToken=null taskFragmentOrganizer=null }
03-30 18:49:34.193   815   835 V WindowManager:     info={id=89 t=OPEN f=0x0 trk=0 r=[0@Point(0, 0)] c=[
03-30 18:49:34.193   815   835 V WindowManager:         {WCT{RemoteToken{62f5abc Task{d4d412e #45 type=standard A=10227:com.weejobs.app}}} m=OPEN f=NONE leash=Surface(name=Task=45#1215)/@0x3107590 sb=Rect(0, 0 - 1080, 2400) eb=Rect(0, 0 - 1080, 2400) epz=Point(1080, 2400) d=0 taskParent=-1 winMode=1 userId=0},
03-30 18:49:34.193   815   835 V WindowManager:         {WCT{RemoteToken{2b288d7 Task{456e129 #1 type=home}}} m=TO_BACK f=SHOW_WALLPAPER leash=Surface(name=Task=1#44)/@0x377fbff sb=Rect(0, 0 - 1080, 2400) eb=Rect(0, 0 - 1080, 2400) epz=Point(1080, 2400) d=0 taskParent=-1 winMode=1 userId=0},
03-30 18:49:34.193   815   835 V WindowManager:         {m=TO_BACK f=IS_WALLPAPER leash=Surface(name=WallpaperWindowToken{4959bac}#56)/@0x6259f59 sb=Rect(0, 0 - 1080, 2400) eb=Rect(0, 0 - 1080, 2400) epz=Point(1080, 2400) d=0}
03-30 18:49:34.193   815   835 V WindowManager:     ]}
03-30 18:49:34.205  1337  1429 V ShellTaskOrganizer: Task appeared taskId=45 listener=FullscreenTaskListener
03-30 18:49:34.205  1337  1429 V ShellTaskOrganizer: Fullscreen Task Appeared: #45
03-30 18:49:34.224  1636  1636 D b/417220811: invalidateLoadedTasks - previous requestLoadId: -1
03-30 18:49:34.234   815   847 I libprocessgroup: Removed cgroup /sys/fs/cgroup/apps/uid_10156/pid_1054
03-30 18:49:34.248  1337  1631 V WindowManagerShell: onTransitionReady(transaction=3500398354964)
03-30 18:49:34.250  1337  1429 V WindowManagerShell: onTransitionReady (#89) android.os.BinderProxy@9e99c19: {id=89 t=OPEN f=0x0 trk=0 r=[0@Point(0, 0)] c=[
03-30 18:49:34.250  1337  1429 V WindowManagerShell:         {m=OPEN f=NONE leash=Surface(name=Task=45#1215)/@0xc1b36f0 sb=Rect(0, 0 - 1080, 2400) eb=Rect(0, 0 - 1080, 2400) epz=Point(1080, 2400) d=0 taskParent=-1 winMode=1 userId=0},
03-30 18:49:34.250  1337  1429 V WindowManagerShell:         {m=TO_BACK f=SHOW_WALLPAPER leash=Surface(name=Task=1#44)/@0xff3b469 sb=Rect(0, 0 - 1080, 2400) eb=Rect(0, 0 - 1080, 2400) epz=Point(1080, 2400) d=0 taskParent=-1 winMode=1 userId=0},
03-30 18:49:34.250  1337  1429 V WindowManagerShell:         {m=TO_BACK f=IS_WALLPAPER leash=Surface(name=WallpaperWindowToken{4959bac}#56)/@0xdf1feee sb=Rect(0, 0 - 1080, 2400) eb=Rect(0, 0 - 1080, 2400) epz=Point(1080, 2400) d=0}
03-30 18:49:34.250  1337  1429 V WindowManagerShell:     ]}
03-30 18:49:34.257  1337  1429 V WindowManagerShell: Playing animation for (#89) android.os.BinderProxy@9e99c19@0
03-30 18:49:34.257  1337  1429 V ShellRecents: RecentsTransitionHandler.startAnimation: no controller found
03-30 18:49:34.258  1337  1429 V ShellDesktopMode: DesktopMixedTransitionHandler: No pending desktop transition
03-30 18:49:34.265  1337  1429 V WindowManagerShell: Transition doesn't have explicit remote, search filters for match for {id=89 t=OPEN f=0x0 trk=0 r=[0@Point(0, 0)] c=[{m=OPEN f=NONE leash=Surface(name=Task=45#1215)/@0xc1b36f0 sb=Rect(0, 0 - 1080, 2400) eb=Rect(0, 0 - 1080, 2400) epz=Point(1080, 2400) d=0 taskParent=-1 winMode=1 userId=0},{m=TO_BACK f=SHOW_WALLPAPER leash=Surface(name=Task=1#44)/@0xff3b469 sb=Rect(0, 0 - 1080, 2400) eb=Rect(0, 0 - 1080, 2400) epz=Point(1080, 2400) d=0 taskParent=-1 winMode=1 userId=0},{m=TO_BACK f=IS_WALLPAPER leash=Surface(name=WallpaperWindowToken{4959bac}#56)/@0xdf1feee sb=Rect(0, 0 - 1080, 2400) eb=Rect(0, 0 - 1080, 2400) epz=Point(1080, 2400) d=0}]}
03-30 18:49:34.265  1337  1429 V WindowManagerShell:  Checking filter Pair{{types=[] flags=0x0] notFlags=0x0 checks=[{atype=undefined independent=true modes=[CLOSE,TO_BACK] flags=IN_TASK_WITH_EMBEDDED_ACTIVITY mustBeTask=false order=ANY topActivity=null launchCookie=null taskFragmentToken=android.os.BinderProxy@c043bef windowingMode=undefined isCrossDisplayMove=false}]} RemoteTransition { remoteTransition = android.window.IRemoteTransition$Stub$Proxy@1ea86fc, appThread = android.app.IApplicationThread$Stub$Proxy@8e47185, debugName = overlayBackTransition }}
03-30 18:49:34.276  1337  1429 V WindowManagerShell:  Checking filter Pair{{types=[] flags=0x0] notFlags=0x0 checks=[{atype=dream independent=true modes=[OPEN,TO_FRONT] flags=NONE mustBeTask=false order=ANY topActivity=null launchCookie=null windowingMode=undefined isCrossDisplayMove=false},{atype=home independent=true modes=[CLOSE,TO_BACK] flags=NONE mustBeTask=false order=ANY topActivity=null launchCookie=null windowingMode=undefined isCrossDisplayMove=false}]} RemoteTransition { remoteTransition = android.window.IRemoteTransition$Stub$Proxy@5b90bda, appThread = android.app.IApplicationThread$Stub$Proxy@602a80b, debugName = LauncherToDream }}
03-30 18:49:34.281  1337  1429 V WindowManagerShell:  Checking filter Pair{{types=[] flags=0x0] notFlags=0x100 checks=[{atype=home independent=true modes=[OPEN,TO_FRONT] flags=NONE mustBeTask=false order=TOP topActivity=ComponentInfo{com.google.android.apps.nexuslauncher/com.google.android.apps.nexuslauncher.NexusLauncherActivity} launchCookie=null windowingMode=undefined isCrossDisplayMove=false},{atype=standard independent=true modes=[CLOSE,TO_BACK] flags=NONE mustBeTask=false order=ANY topActivity=null launchCookie=null windowingMode=undefined isCrossDisplayMove=false},{NOT atype=undefined independent=true modes=[] flags=NONE mustBeTask=true order=ANY topActivity=null launchCookie=null customAnim=true windowingMode=undefined isCrossDisplayMove=false}]} RemoteTransition { remoteTransition = android.window.IRemoteTransition$Stub$Proxy@1d716e8, appThread = android.app.IApplicationThread$Stub$Proxy@ffa101, debugName = QuickstepLaunchHome }}
03-30 18:49:34.282  1337  1429 V WindowManagerShell:  Checking filter Pair{{types=[OPEN,TO_FRONT] flags=0x0] notFlags=0x0 checks=[{atype=standard independent=true modes=[OPEN,TO_FRONT] flags=NONE mustBeTask=true order=ANY topActivity=null launchCookie=null windowingMode=freeform isCrossDisplayMove=false}]} RemoteTransition { remoteTransition = android.window.IRemoteTransition$Stub$Proxy@37a315c, appThread = null, debugName = DesktopWindowLimitUnminimize }}
03-30 18:49:34.286  1337  1429 V WindowManagerShell:  Delegate animation for (#89) to null
03-30 18:49:34.295  1337  1429 V WindowManagerShell: start default transition animation, info = {id=89 t=OPEN f=0x0 trk=0 r=[0@Point(0, 0)] c=[{m=OPEN f=NONE leash=Surface(name=Task=45#1215)/@0xc1b36f0 sb=Rect(0, 0 - 1080, 2400) eb=Rect(0, 0 - 1080, 2400) epz=Point(1080, 2400) d=0 taskParent=-1 winMode=1 userId=0},{m=TO_BACK f=SHOW_WALLPAPER leash=Surface(name=Task=1#44)/@0xff3b469 sb=Rect(0, 0 - 1080, 2400) eb=Rect(0, 0 - 1080, 2400) epz=Point(1080, 2400) d=0 taskParent=-1 winMode=1 userId=0},{m=TO_BACK f=IS_WALLPAPER leash=Surface(name=WallpaperWindowToken{4959bac}#56)/@0xdf1feee sb=Rect(0, 0 - 1080, 2400) eb=Rect(0, 0 - 1080, 2400) epz=Point(1080, 2400) d=0}]}
03-30 18:49:34.306  1337  1429 V WindowManagerShell: loadAnimation: anim=android.view.animation.AnimationSet@eaaf408 animAttr=0x13 type=OPEN isEntrance=false
03-30 18:49:34.316  1337  1429 V WindowManagerShell: loadAnimation: anim=android.view.animation.AnimationSet@6ff48b4 animAttr=0x12 type=OPEN isEntrance=true
03-30 18:49:34.326  1337  1429 V WindowManagerShell:  animated by com.android.wm.shell.transition.DefaultTransitionHandler@7009b89
03-30 18:49:34.380   815   844 W ActivityManager: Rescheduling restart of crashed service com.android.settings/.SettingsDumpService in 418713027ms for mem-pressure-event
03-30 18:49:34.411  8555  2185 I NetworkScheduler.Stats: (REDACTED) Task %s/%s started execution. cause:%s exec_start_elapsed_seconds: %s
03-30 18:49:34.510  2424  2424 I com.weejobs.app: Using CollectorTypeCMC GC.
03-30 18:49:34.526  2424  2424 W com.weejobs.app: Unexpected CPU variant for x86: x86_64.
03-30 18:49:34.526  2424  2424 W com.weejobs.app: Known variants: atom, sandybridge, silvermont, goldmont, goldmont-plus, goldmont-without-sha-xsaves, tremont, kabylake, alderlake, default
03-30 18:49:34.630  1634  1672 I adbd    : jdwp connection from 2424
03-30 18:49:34.637   815   826 I system_server: Background young concurrent mark compact GC freed 24MB AllocSpace bytes, 18(624KB) LOS objects, 42% free, 32MB/56MB, paused 2.763ms,3.919ms total 115.350ms
03-30 18:49:34.670  1337  1429 V WindowManagerShell: Transition animation finished (aborted=false), notifying core (#89) android.os.BinderProxy@9e99c19@0
03-30 18:49:34.736   815  1239 I HalDevMgr: bestIfaceCreationProposal is null, requestIface=STA, existingIface=[name=wlan0 type=STA]
03-30 18:49:34.741  8555  1975 I NetworkScheduler.Stats: (REDACTED) Task %s/%s finished executing. cause:%s result: %s elapsed_millis: %s uptime_millis: %s exec_start_elapsed_seconds: %s
03-30 18:49:34.753  1337  1429 V WindowManagerShell: Track 0 became idle
03-30 18:49:34.753  1337  1429 V WindowManagerShell: All active transition animations finished
03-30 18:49:34.754  1337  1627 D WallpaperService: onVisibilityChanged(false): com.android.systemui.wallpapers.ImageWallpaper$CanvasEngine@b85e592
03-30 18:49:34.756  1636  1636 D VRI[NexusLauncherActivity]: visibilityChanged oldVisibility=true newVisibility=false
03-30 18:49:34.759   815   835 V WindowManager: Finish Transition (#89): created at 03-30 18:49:33.536 collect-started=0.681ms request-sent=34.196ms started=101.163ms ready=622.026ms sent=637.782ms commit=162.186ms finished=1209.959ms
03-30 18:49:34.772  1636  1636 D NexusLauncherModelDelegate: notifySmartspaceEvent: SmartspaceTargetEvent{mSmartspaceTarget=null, mSmartspaceActionId='null', mEventType=7}
03-30 18:49:34.774   815   952 D ActivityManager: freezing 31879 com.google.android.apps.messaging
03-30 18:49:34.788  8555   776 I TapAndPay: deviceSupportsHce has detected emulator [CONTEXT service_id=79 ]
03-30 18:49:34.800  1337  1429 D Bubbles : onLocusVisibilityChanged=Overview|DISABLED visible=false taskId=1
03-30 18:49:34.816  2424  2424 D nativeloader: Load libframework-connectivity-tiramisu-jni.so using APEX ns com_android_tethering for caller /apex/com.android.tethering/javalib/framework-connectivity-t.jar: ok
03-30 18:49:34.836  8555   776 I TapAndPay: NfcAdapter is null while obtaining CardEmulation instance. [CONTEXT service_id=79 ]
03-30 18:49:34.850  8555  1975 I NetworkScheduler.Stats: (REDACTED) Task %s/%s started execution. cause:%s exec_start_elapsed_seconds: %s
03-30 18:49:34.870  8555   776 I NetworkScheduler.Stats: (REDACTED) Task %s/%s finished executing. cause:%s result: %s elapsed_millis: %s uptime_millis: %s exec_start_elapsed_seconds: %s
03-30 18:49:34.941   815  1292 D BackgroundInstallControlService: Package event received: 0
03-30 18:49:35.046  2424  2424 D ApplicationLoaders: Returning zygote-cached class loader: /system/framework/org.apache.http.legacy.jar
03-30 18:49:35.046  2424  2424 D ApplicationLoaders: Returning zygote-cached class loader: /system_ext/framework/androidx.window.extensions.jar
03-30 18:49:35.046  2424  2424 D ApplicationLoaders: Returning zygote-cached class loader: /system_ext/framework/androidx.window.sidecar.jar
03-30 18:49:35.330  1522  1586 D SatelliteController: iisInCarrierRoamingNbIotNtn: satellite is disabled
03-30 18:49:35.346  1522  1586 D SatelliteController: getCarrierRoamingNtnConnectType: Falling back to global carrier config connect type: 0
03-30 18:49:36.428  8555  1609 W GetConfigSnapshotOp: Succeeded but not registered: com.google.android.libraries.performance.primes#com.android.vending [CONTEXT service_id=51 ]
03-30 18:49:36.456  2220  2444 I Finsky  : [98] playLoggingServerUrl: https://play.googleapis.com/play/log
03-30 18:49:36.456  2220  2444 I Finsky  : [98] playLoggingServerTimestampUrl: https://play.googleapis.com/play/log/timestamp
03-30 18:49:37.623   815  3550 E TaskPersister: File error accessing recents directory (directory doesn't exist?).
03-30 18:49:37.693   815  1482 W AppOps  : Noting op not finished: uid 10155 pkg com.google.android.gms code 113 startTime of in progress event=1774899386160
03-30 18:49:37.746   815  1239 I HalDevMgr: bestIfaceCreationProposal is null, requestIface=STA, existingIface=[name=wlan0 type=STA]
03-30 18:49:37.757   815  1705 W AppOps  : Noting op not finished: uid 10155 pkg com.google.android.gms code 79 startTime of in progress event=1774899391318
03-30 18:49:37.788  8555  8653 I ActivityScheduler: nextTriggerTime: 23249375, in 238100ms, detectorType: 39, FULL_TYPE alarmWindowMillis: 80000
03-30 18:49:37.970   276   276 I lowmemorykiller: Kill 'com.google.android.partnersetup' (1443), uid 10152, oom_score_adj 965 to free 80456kB rss, 41292kB swap, 0kB dmabuf_pss, 0kB dmabuf_rss; reason: low watermark is breached
03-30 18:49:37.988   276   280 E lowmemorykiller: process_mrelease 1443 failed: No such process
03-30 18:49:38.179   276   276 I lowmemorykiller: Kill 'com.android.chrome' (1572), uid 10162, oom_score_adj 955 to free 81500kB rss, 39740kB swap, 0kB dmabuf_pss, 0kB dmabuf_rss; reason: low watermark is breached
03-30 18:49:38.261  2424  2424 D nativeloader: Configuring clns-9 for other apk /data/app/~~3xWWlL6hPb_dgIWrx0ZONw==/com.weejobs.app-ASObV7q1ZuDZNXQ0iV-B_g==/base.apk. target_sdk_version=36, uses_libraries=, library_path=/data/app/~~3xWWlL6hPb_dgIWrx0ZONw==/com.weejobs.app-ASObV7q1ZuDZNXQ0iV-B_g==/lib/x86_64:/data/app/~~3xWWlL6hPb_dgIWrx0ZONw==/com.weejobs.app-ASObV7q1ZuDZNXQ0iV-B_g==/base.apk!/lib/x86_64, permitted_path=/data:/mnt/expand:/data/user/0/com.weejobs.app
03-30 18:49:38.277   276   276 I lowmemorykiller: Kill 'com.google.android.settings.intelligence' (962), uid 10157, oom_score_adj 945 to free 102780kB rss, 43340kB swap, 0kB dmabuf_pss, 0kB dmabuf_rss; reason: low watermark is breached
03-30 18:49:38.324   815   831 I ActivityManager: Process com.google.android.partnersetup (pid 1443) has died: cch  +65 CEM 
03-30 18:49:38.342  2424  2424 V GraphicsEnvironment: Currently set values for:
03-30 18:49:38.342  2424  2424 V GraphicsEnvironment:   angle_gl_driver_selection_pkgs=[]
03-30 18:49:38.342  2424  2424 V GraphicsEnvironment:   angle_gl_driver_selection_values=[]
03-30 18:49:38.342  2424  2424 V GraphicsEnvironment: com.weejobs.app is not listed in per-application setting
03-30 18:49:38.344  2424  2424 V GraphicsEnvironment: ANGLE allowlist from config: com.dreamgames.royalmatch com.dts.freefiremax com.dxx.firenow com.gramgames.mergedragons com.ludo.king com.mojang.minecraftpe com.my.defense com.nintendo.zaka com.os.airforce com.playrix.fishdomdd.gplay io.teslatech.callbreak jp.konami.prospia net.peakgames.toonblast
03-30 18:49:38.344  2424  2424 V GraphicsEnvironment: No special selections for ANGLE, returning default driver choice
03-30 18:49:38.344  2424  2424 V GraphicsEnvironment: Neither updatable production driver nor prerelease driver is supported.
03-30 18:49:38.350   815   847 I libprocessgroup: Removed cgroup /sys/fs/cgroup/apps/uid_10152/pid_1443
03-30 18:49:38.363   579   579 I Zygote  : Process 1443 exited due to signal 9 (Killed)
03-30 18:49:38.377   276   276 I lowmemorykiller: Kill 'com.google.android.apps.messaging' (31879), uid 10154, oom_score_adj 935 to free 109844kB rss, 62724kB swap, 0kB dmabuf_pss, 0kB dmabuf_rss; reason: low watermark is breached
03-30 18:49:38.425   815  1934 I ActivityManager: Process com.android.chrome (pid 1572) has died: cch  +55 CEM 
03-30 18:49:38.434   579   579 I Zygote  : Process 1572 exited due to signal 9 (Killed)
03-30 18:49:38.434   815   847 I libprocessgroup: Removed cgroup /sys/fs/cgroup/apps/uid_10162/pid_1572
03-30 18:49:38.607   815  1482 I ActivityManager: Process com.google.android.settings.intelligence (pid 962) has died: cch  +45 CEM 
03-30 18:49:38.626  2424  2424 W SoLoader: Initializing SoLoader: 0
03-30 18:49:38.641  2424  2424 W SoLoader: Recording new base apk path: /data/app/~~3xWWlL6hPb_dgIWrx0ZONw==/com.weejobs.app-ASObV7q1ZuDZNXQ0iV-B_g==/base.apk
03-30 18:49:38.641  2424  2424 W SoLoader: Previously recorded 0 base apk paths.
03-30 18:49:38.652  2424  2424 I SoLoader: Preparing SO source: DirectorySoSource[root = /vendor/lib64 flags = 2]
03-30 18:49:38.653  2424  2424 I SoLoader: Preparing SO source: DirectorySoSource[root = /system/lib64 flags = 2]
03-30 18:49:38.653  2424  2424 I SoLoader: Preparing SO source: DirectApkSoSource[root = [/data/app/~~3xWWlL6hPb_dgIWrx0ZONw==/com.weejobs.app-ASObV7q1ZuDZNXQ0iV-B_g==/base.apk!/lib/x86_64]]
03-30 18:49:38.665   579   579 I Zygote  : Process 962 exited due to signal 9 (Killed)
03-30 18:49:38.666   815   847 I libprocessgroup: Removed cgroup /sys/fs/cgroup/apps/uid_10157/pid_962
03-30 18:49:38.706   815  3815 W AppOps  : Noting op not finished: uid 10155 pkg com.google.android.gms code 113 startTime of in progress event=1774899386160
03-30 18:49:38.801  2424  2424 I SoLoader: Preparing SO source: ApplicationSoSource[DirectorySoSource[root = /data/app/~~3xWWlL6hPb_dgIWrx0ZONw==/com.weejobs.app-ASObV7q1ZuDZNXQ0iV-B_g==/lib/x86_64 flags = 0]]
03-30 18:49:38.801  2424  2424 I SoLoader: init finish: 4 SO sources prepared
03-30 18:49:38.801  2424  2424 W SoLoader: SoLoader initialized: 8
03-30 18:49:38.885   815  3564 I ActivityManager: Process com.google.android.apps.messaging (pid 31879) has died: cch  +35 CEM 
03-30 18:49:38.888  1634  1634 I adbd    : Remote process closed the socket (on MSG_PEEK)
03-30 18:49:38.893   579   579 I Zygote  : Process 31879 exited due to signal 9 (Killed)
03-30 18:49:38.902   815   847 I libprocessgroup: Removed cgroup /sys/fs/cgroup/apps/uid_10154/pid_31879
03-30 18:49:39.019  2424  2424 D nativeloader: Load /data/app/~~3xWWlL6hPb_dgIWrx0ZONw==/com.weejobs.app-ASObV7q1ZuDZNXQ0iV-B_g==/base.apk!/lib/x86_64/libc++_shared.so using class loader ns clns-9 (caller=/data/app/~~3xWWlL6hPb_dgIWrx0ZONw==/com.weejobs.app-ASObV7q1ZuDZNXQ0iV-B_g==/base.apk!classes21.dex): ok
03-30 18:49:39.059  2140  2146 W ssioncontroller: userfaultfd: MOVE ioctl seems unsupported: Connection timed out
03-30 18:49:39.092  2424  2424 D nativeloader: Load /data/app/~~3xWWlL6hPb_dgIWrx0ZONw==/com.weejobs.app-ASObV7q1ZuDZNXQ0iV-B_g==/base.apk!/lib/x86_64/libjsi.so using class loader ns clns-9 (caller=/data/app/~~3xWWlL6hPb_dgIWrx0ZONw==/com.weejobs.app-ASObV7q1ZuDZNXQ0iV-B_g==/base.apk!classes21.dex): ok
03-30 18:49:39.174  2424  2424 D nativeloader: Load /data/app/~~3xWWlL6hPb_dgIWrx0ZONw==/com.weejobs.app-ASObV7q1ZuDZNXQ0iV-B_g==/base.apk!/lib/x86_64/libfbjni.so using class loader ns clns-9 (caller=/data/app/~~3xWWlL6hPb_dgIWrx0ZONw==/com.weejobs.app-ASObV7q1ZuDZNXQ0iV-B_g==/base.apk!classes21.dex): ok
03-30 18:49:39.230  2424  2424 D nativeloader: Load /data/app/~~3xWWlL6hPb_dgIWrx0ZONw==/com.weejobs.app-ASObV7q1ZuDZNXQ0iV-B_g==/base.apk!/lib/x86_64/libreactnative.so using class loader ns clns-9 (caller=/data/app/~~3xWWlL6hPb_dgIWrx0ZONw==/com.weejobs.app-ASObV7q1ZuDZNXQ0iV-B_g==/base.apk!classes21.dex): ok
03-30 18:49:39.233  2424  2424 D jni_lib_merge: Entering merged library JNI_OnLoad.
03-30 18:49:39.233  2424  2424 D jni_lib_merge: Preparing 12 pre-merged libs (including stub)
03-30 18:49:39.233  2424  2424 D jni_lib_merge: Preparing to register libfabricjni_so.  onload_func: 0x76f54c1a45d0
03-30 18:49:39.233  2424  2424 D jni_lib_merge: Preparing to register libreact_devsupportjni_so.  onload_func: 0x76f54c3bd660
03-30 18:49:39.233  2424  2424 D jni_lib_merge: Preparing to register libreact_featureflagsjni_so.  onload_func: 0x76f54c3cf530
03-30 18:49:39.233  2424  2424 D jni_lib_merge: Preparing to register libreact_newarchdefaults_so.  onload_func: 0x76f54c46ab10
03-30 18:49:39.233  2424  2424 D jni_lib_merge: Preparing to register libreactnativeblob_so.  onload_func: 0x76f54c6776c0
03-30 18:49:39.233  2424  2424 D jni_lib_merge: Preparing to register libreactnativejni_so.  onload_func: 0x76f54c6b32d0
03-30 18:49:39.234  2424  2424 D jni_lib_merge: Preparing to register libreactnativejni_common_so.  onload_func: 0x76f54c6b8cd0
03-30 18:49:39.234  2424  2424 D jni_lib_merge: Preparing to register librninstance_so.  onload_func: 0x76f54c702fe0
03-30 18:49:39.234  2424  2424 D jni_lib_merge: Preparing to register libturbomodulejsijni_so.  onload_func: 0x76f54c864f40
03-30 18:49:39.234  2424  2424 D jni_lib_merge: Preparing to register libuimanagerjni_so.  onload_func: 0x76f54c87ba30
03-30 18:49:39.234  2424  2424 D jni_lib_merge: Preparing to register libyoga_so.  onload_func: 0x76f54c88a9c0
03-30 18:49:39.234  2424  2424 D jni_lib_merge: About to register 11 actual methods.
03-30 18:49:39.377  2424  2424 D nativeloader: Load /data/app/~~3xWWlL6hPb_dgIWrx0ZONw==/com.weejobs.app-ASObV7q1ZuDZNXQ0iV-B_g==/base.apk!/lib/x86_64/libreact_codegen_rnscreens.so using class loader ns clns-9 (caller=/data/app/~~3xWWlL6hPb_dgIWrx0ZONw==/com.weejobs.app-ASObV7q1ZuDZNXQ0iV-B_g==/base.apk!classes21.dex): ok
03-30 18:49:39.377  2424  2424 D jni_lib_merge: Entering merged library JNI_OnLoad.
03-30 18:49:39.377  2424  2424 D jni_lib_merge: Preparing 12 pre-merged libs (including stub)
03-30 18:49:39.377  2424  2424 D jni_lib_merge: Preparing to register libfabricjni_so.  onload_func: 0x76f54c1a45d0
03-30 18:49:39.377  2424  2424 D jni_lib_merge: Preparing to register libreact_devsupportjni_so.  onload_func: 0x76f54c3bd660
03-30 18:49:39.377  2424  2424 D jni_lib_merge: Preparing to register libreact_featureflagsjni_so.  onload_func: 0x76f54c3cf530
03-30 18:49:39.377  2424  2424 D jni_lib_merge: Preparing to register libreact_newarchdefaults_so.  onload_func: 0x76f54c46ab10
03-30 18:49:39.377  2424  2424 D jni_lib_merge: Preparing to register libreactnativeblob_so.  onload_func: 0x76f54c6776c0
03-30 18:49:39.377  2424  2424 D jni_lib_merge: Preparing to register libreactnativejni_so.  onload_func: 0x76f54c6b32d0
03-30 18:49:39.377  2424  2424 D jni_lib_merge: Preparing to register libreactnativejni_common_so.  onload_func: 0x76f54c6b8cd0
03-30 18:49:39.377  2424  2424 D jni_lib_merge: Preparing to register librninstance_so.  onload_func: 0x76f54c702fe0
03-30 18:49:39.377  2424  2424 D jni_lib_merge: Preparing to register libturbomodulejsijni_so.  onload_func: 0x76f54c864f40
03-30 18:49:39.377  2424  2424 D jni_lib_merge: Preparing to register libuimanagerjni_so.  onload_func: 0x76f54c87ba30
03-30 18:49:39.377  2424  2424 D jni_lib_merge: Preparing to register libyoga_so.  onload_func: 0x76f54c88a9c0
03-30 18:49:39.377  2424  2424 D jni_lib_merge: About to register 11 actual methods.
03-30 18:49:39.443  2424  2424 D nativeloader: Load /data/app/~~3xWWlL6hPb_dgIWrx0ZONw==/com.weejobs.app-ASObV7q1ZuDZNXQ0iV-B_g==/base.apk!/lib/x86_64/libreact_codegen_safeareacontext.so using class loader ns clns-9 (caller=/data/app/~~3xWWlL6hPb_dgIWrx0ZONw==/com.weejobs.app-ASObV7q1ZuDZNXQ0iV-B_g==/base.apk!classes21.dex): ok
03-30 18:49:39.460  2424  2424 D nativeloader: Load /data/app/~~3xWWlL6hPb_dgIWrx0ZONw==/com.weejobs.app-ASObV7q1ZuDZNXQ0iV-B_g==/base.apk!/lib/x86_64/libappmodules.so using class loader ns clns-9 (caller=/data/app/~~3xWWlL6hPb_dgIWrx0ZONw==/com.weejobs.app-ASObV7q1ZuDZNXQ0iV-B_g==/base.apk!classes21.dex): ok
03-30 18:49:39.761  2220  2258 I Finsky  : [47] registerListener
03-30 18:49:39.808  2220  2258 I Finsky  : [47] DFS: Listener added for rzy@4a882ee
03-30 18:49:39.831  2220  2233 W android.vending: Suspending all threads took: 13.128ms
03-30 18:49:39.844  2220  2258 I Finsky  : [47] registerListener
03-30 18:49:39.877  2220  2233 W android.vending: userfaultfd: MOVE ioctl seems unsupported: Connection timed out
03-30 18:49:39.922   815  1292 D BackgroundInstallControlService: Package event received: 0
03-30 18:49:39.961  2220  2273 I Finsky  : [60] Component class com.google.android.finsky.wearsupport.WearSupportService disabled via PackageManager.
03-30 18:49:39.968  2220  2273 I Finsky  : [60] Component class com.google.android.finsky.wearsupport.WearChangeListenerService disabled via PackageManager.
03-30 18:49:39.971  2220  2272 I Finsky  : [59] System was updated or GL extensions were already cached.
03-30 18:49:39.977  1070  1070 D BoundBrokerSvc: onBind: Intent { act=com.google.android.gms.potokens.service.START dat=chimera-action:/... xflg=0x4 cmp=com.google.android.gms/.chimera.GmsApiService }
03-30 18:49:39.977  1070  1070 D BoundBrokerSvc: Loading bound service for intent: Intent { act=com.google.android.gms.potokens.service.START dat=chimera-action:/... xflg=0x4 cmp=com.google.android.gms/.chimera.GmsApiService }
03-30 18:49:40.052  2220  2279 I Finsky  : [65] Triggered update for experiment package com.google.android.finsky.stable.
03-30 18:49:40.160  2220  2278 I Phlogger: Unable to retrieve flag snapshot for com.google.android.gms.phenotype, using defaults.
03-30 18:49:40.209   815  1292 D BackgroundInstallControlService: Package event received: 0
03-30 18:49:40.209   815  1292 D BackgroundInstallControlService: Package event received: 0
03-30 18:49:40.214  2424  2424 I Choreographer: Skipped 100 frames!  The application may be doing too much work on its main thread.
03-30 18:49:40.250  2424  2459 I DisplayManager: Choreographer implicitly registered for the refresh rate.
03-30 18:49:40.432  2220  2279 I Finsky  : [65] Already at the latest configurations for experiment package com.google.android.finsky.stable.
03-30 18:49:40.433  2220  2279 I Finsky  : [65] Triggered update for experiment package com.google.android.finsky.regular.
03-30 18:49:40.518  2424  2459 I GFXSTREAM: [eglDisplay.cpp(297)] Opening libGLESv1_CM_emulation.so
03-30 18:49:40.533  2424  2459 I GFXSTREAM: [eglDisplay.cpp(297)] Opening libGLESv2_emulation.so
03-30 18:49:40.591  8555  8555 D BoundBrokerSvc: onRebind: Intent { act=com.google.android.gms.common.telemetry.service.START dat=chimera-action:/... xflg=0x4 cmp=com.google.android.gms/.chimera.PersistentApiService }
03-30 18:49:40.639  1070  1084 W gle.android.gms: Suspending all threads took: 22.275ms
03-30 18:49:40.640  2220  2279 I Finsky  : [65] Already at the latest configurations for experiment package com.google.android.finsky.regular.
03-30 18:49:40.736  2424  2459 W HWUI    : Failed to choose config with EGL_SWAP_BEHAVIOR_PRESERVED, retrying without...
03-30 18:49:40.741  2424  2459 W HWUI    : Failed to initialize 101010-2 format, error = EGL_SUCCESS
03-30 18:49:40.765   815  1239 I HalDevMgr: bestIfaceCreationProposal is null, requestIface=STA, existingIface=[name=wlan0 type=STA]
03-30 18:49:40.789   815   952 D ActivityManager: freezing 2220 com.android.vending
03-30 18:49:40.816   815   952 D ActivityManager: Reschedule freeze for process 2220 com.android.vending (outstanding txns), timeout=2998
03-30 18:49:40.832  2220  2220 I Finsky  : [2] Memory trim requested to level 40
03-30 18:49:40.832  2220  2220 I Finsky  : [2] Flushing in-memory image cache
03-30 18:49:40.913  8555  8555 D BoundBrokerSvc: onRebind: Intent { act=com.google.android.gms.auth.aang.events.services.START dat=chimera-action:/... xflg=0x4 cmp=com.google.android.gms/.chimera.PersistentApiService }
03-30 18:49:40.916   815   844 W ActivityManager: Rescheduling restart of crashed service com.android.settings/.SettingsDumpService in 418706490ms for mem-pressure-event
03-30 18:49:41.078  2424  2424 D DesktopExperienceFlags: Toggle override initialized to: false
03-30 18:49:41.213  2424  2424 D AppCompatDelegate: Checking for metadata for AppLocalesMetadataHolderService : Service not found
03-30 18:49:41.214  2096  2112 W ndroid.keychain: userfaultfd: MOVE ioctl seems unsupported: Connection timed out
03-30 18:49:41.293  2424  2424 E ashmem  : Pinning is deprecated since Android Q. Please use trim or other methods.
03-30 18:49:41.374   815   952 D ActivityManager: freezing 1071 com.android.vending:background
03-30 18:49:41.506  2220  2220 I Finsky  : [2] setup::RES: shouldRecoverRestoredPackages: versionCodeSystem 84793030
03-30 18:49:41.518  2220  2220 I Finsky  : [2] Detected restoreservicev2://recovery not needed, will not run
03-30 18:49:41.559  2424  2424 D CompatChangeReporter: Compat change id reported: 377864165; UID 10227; state: ENABLED
03-30 18:49:41.559  2424  2424 D DesktopModeFlags: Toggle override initialized to: OVERRIDE_UNSET
03-30 18:49:41.646  2424  2424 I com.weejobs.app: hiddenapi: Accessing hidden method Landroid/view/ViewGroup;->makeOptionalFitsSystemWindows()V (runtime_flags=0, domain=platform, api=unsupported) from Landroidx/appcompat/widget/ViewUtils; (domain=app, TargetSdkVersion=36) using reflection: allowed
03-30 18:49:41.672  2220  2289 I Finsky  : [73] registerListener
03-30 18:49:41.672  2220  2289 I Finsky  : [73] DSC: reviveDownloads()
03-30 18:49:41.685  2220  2289 W libbinder.IPCThreadState: Sending oneway calls to frozen process.
03-30 18:49:41.686  2220  2289 I Finsky  : [73] Initialized AssetModuleDownloader.
03-30 18:49:42.341  2475  2475 W libbinder.BackendUnifiedServiceManager: Thread Pool max thread count is 0. Cannot cache binder as linkToDeath cannot be implemented. serviceName: package
03-30 18:49:42.766  3343 13310 I artd    : GetBestInfo: odex next to the dex file (/data/app/~~l86ooHn3z7zjJPmRwuVyKA==/com.google.android.gms-mjvtrlLEHAA3R1GV5L8qqg==/oat/x86_64/base.odex) is kOatUpToDate with filter 'speed-profile' executable 'false'
03-30 18:49:42.789  3343  3343 I artd    : GetBestInfo: odex next to the dex file (/data/app/~~l86ooHn3z7zjJPmRwuVyKA==/com.google.android.gms-mjvtrlLEHAA3R1GV5L8qqg==/oat/x86_64/split_AdsDynamite_installtime.odex) is kOatUpToDate with filter 'speed' executable 'false'
03-30 18:49:42.805  3343  3343 I artd    : GetBestInfo: odex next to the dex file (/data/app/~~l86ooHn3z7zjJPmRwuVyKA==/com.google.android.gms-mjvtrlLEHAA3R1GV5L8qqg==/oat/x86_64/split_CronetDynamite_installtime.odex) is kOatUpToDate with filter 'speed' executable 'false'
03-30 18:49:42.824  3343 13310 I artd    : GetBestInfo: odex next to the dex file (/data/app/~~l86ooHn3z7zjJPmRwuVyKA==/com.google.android.gms-mjvtrlLEHAA3R1GV5L8qqg==/oat/x86_64/split_DynamiteLoader_installtime.odex) is kOatUpToDate with filter 'speed' executable 'false'
03-30 18:49:42.872  3343 13310 I artd    : GetBestInfo: odex next to the dex file (/data/app/~~l86ooHn3z7zjJPmRwuVyKA==/com.google.android.gms-mjvtrlLEHAA3R1GV5L8qqg==/oat/x86_64/split_DynamiteModulesA_installtime.odex) is kOatUpToDate with filter 'speed' executable 'false'
03-30 18:49:42.907  3343 13310 I artd    : GetBestInfo: odex next to the dex file (/data/app/~~l86ooHn3z7zjJPmRwuVyKA==/com.google.android.gms-mjvtrlLEHAA3R1GV5L8qqg==/oat/x86_64/split_DynamiteModulesC_installtime.odex) is kOatUpToDate with filter 'speed' executable 'false'
03-30 18:49:42.941  3343 13310 I artd    : GetBestInfo: odex next to the dex file (/data/app/~~l86ooHn3z7zjJPmRwuVyKA==/com.google.android.gms-mjvtrlLEHAA3R1GV5L8qqg==/oat/x86_64/split_GoogleCertificates_installtime.odex) is kOatUpToDate with filter 'speed' executable 'false'
03-30 18:49:42.976  3343 13310 I artd    : GetBestInfo: odex next to the dex file (/data/app/~~l86ooHn3z7zjJPmRwuVyKA==/com.google.android.gms-mjvtrlLEHAA3R1GV5L8qqg==/oat/x86_64/split_MapsDynamite_installtime.odex) is kOatUpToDate with filter 'speed' executable 'false'
03-30 18:49:43.003  3343 13310 I artd    : GetBestInfo: odex next to the dex file (/data/app/~~l86ooHn3z7zjJPmRwuVyKA==/com.google.android.gms-mjvtrlLEHAA3R1GV5L8qqg==/oat/x86_64/split_MeasurementDynamite_installtime.odex) is kOatUpToDate with filter 'speed' executable 'false'
03-30 18:49:43.011  3343 13310 I artd    : GetBestInfo: /data/user_de/0/com.google.android.gms/app_chimera/m/0000000d/dl-PlayCloudSearch.optional_253434100000.apk has no usable artifacts
03-30 18:49:43.069  3343 13310 I artd    : GetBestInfo: /data/user_de/0/com.google.android.gms/app_chimera/m/0000000c/dl-MlkitBarcodeUi.optional_253434100800.apk has no usable artifacts
03-30 18:49:43.100  3343 13310 I artd    : GetBestInfo: /data/user_de/0/com.google.android.gms/app_chimera/m/00000001/CronetDynamite.apk has no usable artifacts
03-30 18:49:43.104  3343 13310 I artd    : GetBestInfo: /data/user_de/0/com.google.android.gms/app_chimera/m/00000016/dl-MlkitOcrCommon.optional_261133100800.apk has no usable artifacts
03-30 18:49:43.118  2424  2424 W unknown:BridgelessReact: ReactHost{0}.startSurface(surfaceId = 0): Schedule
03-30 18:49:43.119  2424  2424 W unknown:BridgelessReact: ReactHost{0}.attachSurface(surfaceId = 0)
03-30 18:49:43.129  3343 13310 I artd    : GetBestInfo: /data/user_de/0/com.google.android.gms/app_chimera/m/0000000e/dl-VisionOcr.optional_253434100000.apk has no usable artifacts
03-30 18:49:43.133  2424  2482 W unknown:BridgelessReact: ReactHost{0}.getOrCreateReactInstanceTask()
03-30 18:49:43.134  2424  2482 W unknown:BridgelessReact: ReactHost{0}.getOrCreateReactInstanceTask(): Start
03-30 18:49:43.135  2424  2482 W unknown:BridgelessReact: ReactHost{0}.getJSBundleLoader()
