03-30 18:49:43.136  2424  2482 W unknown:BridgelessReact: ReactHost{0}.isMetroRunning()
03-30 18:49:43.144  3343 13310 I artd    : GetBestInfo: /data/user_de/0/com.google.android.gms/app_chimera/m/00000002/DynamiteLoader.apk has no usable artifacts
03-30 18:49:43.148  3343 13310 I artd    : GetBestInfo: /data/user_de/0/com.google.android.gms/app_chimera/m/00000005/GoogleCertificates.apk has no usable artifacts
03-30 18:49:43.168  3343 13310 I artd    : GetBestInfo: /data/user_de/0/com.google.android.gms/app_chimera/m/00000012/dl-Appsearch.optional_261133100800.apk has no usable artifacts
03-30 18:49:43.181  3343 13310 I artd    : GetBestInfo: /data/user_de/0/com.google.android.gms/app_chimera/m/00000011/dl-PlayCloudSearch.optional_261133100000.apk has no usable artifacts
03-30 18:49:43.207  3343 13310 I artd    : GetBestInfo: /data/user_de/0/com.google.android.gms/app_chimera/m/00000015/dl-MlkitBarcodeUi.optional_261133100800.apk has no usable artifacts
03-30 18:49:43.224  2424  2424 I expo-router-native: MainActivity.onCreate immediate: sdExists=false appExists=true
03-30 18:49:43.242  3343 13310 I artd    : GetBestInfo: /data/user_de/0/com.google.android.gms/app_chimera/m/0000000a/dl-Appsearch.optional_253434100800.apk has no usable artifacts
03-30 18:49:43.258  2424  2424 I expo-router-native: Wrote debug routes_manifest_seen in app files: {"nativeDebug":true,"ts":1774921783225}
03-30 18:49:43.261  3343 13310 I artd    : GetBestInfo: /data/user_de/0/com.google.android.gms/app_chimera/m/00000008/dl-TfliteDynamiteDynamite.integ_252130102100800.apk has no usable artifacts
03-30 18:49:43.274  3343 13310 I artd    : GetBestInfo: /data/user_de/0/com.google.android.gms/app_chimera/m/0000000f/dl-MlkitOcrCommon.optional_253434100800.apk has no usable artifacts
03-30 18:49:43.276  2424  2485 I expo-router-native: Found routes_manifest_seen in app files: {"nativeDebug":true,"ts":1774921783225}
03-30 18:49:43.285  3343 13310 I artd    : GetBestInfo: /data/user_de/0/com.google.android.gms/app_chimera/m/00000010/dl-VisionOcr.optional_261133100000.apk has no usable artifacts
03-30 18:49:43.306  2424  2424 W WindowOnBackDispatcher: OnBackInvokedCallback is not enabled for the application.
03-30 18:49:43.306  2424  2424 W WindowOnBackDispatcher: Set 'android:enableOnBackInvokedCallback="true"' in the application manifest.
03-30 18:49:43.325  3343 13310 I artd    : GetBestInfo: vdex next to the dex file (/data/user/0/com.google.android.gms/app_dg_cache/BB2AE5A47BB198AF36C19CFD2B6407061A1BAF30/oat/x86_64/the.vdex) is kOatUpToDate with filter 'verify' executable 'false'
03-30 18:49:43.331  3343 13310 I artd    : GetBestInfo: /data/user_de/0/com.google.android.gms/app_chimera/m/00000007/MeasurementDynamite.apk has no usable artifacts
03-30 18:49:43.349   815  1312 W libbinder.Binder: Binder transaction to android.content.pm.IPackageManager code 1598311760 took 1004ms. Data bytes: 80 Reply bytes: 4 Flags: 16
03-30 18:49:43.372  2424  2424 W unknown:BridgelessReact: ReactHost{0}.onHostResume(activity)
03-30 18:49:43.373  2424  2424 W unknown:ReactNative: Packager connection already open, nooping.
03-30 18:49:43.480  2424  2424 W HWUI    : Unknown dataspace 0
03-30 18:49:43.549  2424  2424 D VRI[MainActivity]: WindowInsets changed: 1080x2400 statusBars:[0,63,0,0] navigationBars:[0,0,0,63] mandatorySystemGestures:[0,63,0,84] 
03-30 18:49:43.577   815   838 W ActivityTaskManager: Launch timeout has expired, giving up wake lock!
03-30 18:49:43.632  2424  2424 D WindowOnBackDispatcher: setTopOnBackInvokedCallback (unwrapped): android.view.ViewRootImpl$$ExternalSyntheticLambda12@2deada0
03-30 18:49:43.633   815  1312 D CoreBackPreview: Window{e57f420 u0 com.weejobs.app/com.weejobs.app.MainActivity}: Setting back callback OnBackInvokedCallbackInfo{mCallback=android.window.IOnBackInvokedCallback$Stub$Proxy@61b427f, mPriority=0, mIsAnimationCallback=false, mOverrideBehavior=0}
03-30 18:49:43.780   815  1239 I HalDevMgr: bestIfaceCreationProposal is null, requestIface=STA, existingIface=[name=wlan0 type=STA]
03-30 18:49:43.836   815   952 D ActivityManager: freezing 2220 com.android.vending
03-30 18:49:43.844   815  1247 D InetDiagMessage: Destroyed 0 sockets, proto=IPPROTO_TCP, family=AF_INET, states=14
03-30 18:49:43.848   815  1247 D InetDiagMessage: Destroyed 1 sockets, proto=IPPROTO_TCP, family=AF_INET6, states=14
03-30 18:49:43.848   815  1247 D InetDiagMessage: Destroyed live tcp sockets for uids={10153} in 5ms
03-30 18:49:43.920  8555  8732 I FontLog : (REDACTED) Received query %s, URI %s
03-30 18:49:43.920  8555  8732 I FontLog : (REDACTED) Query [%s] resolved to %s
03-30 18:49:43.943  8555  8732 I FontLog : (REDACTED) Fetch %s end status %s
03-30 18:49:43.961  8555 28885 I FontLog : (REDACTED) Pulling font file for id = %d, cache size = %d
03-30 18:49:43.969  2424  2499 I HWUI    : Using FreeType backend (prop=Auto)
03-30 18:49:44.027  8555 28885 I FontLog : (REDACTED) Pulling font file for id = %d, cache size = %d
03-30 18:49:44.139   815  1247 D InetDiagMessage: Destroyed 0 sockets, proto=IPPROTO_TCP, family=AF_INET, states=14
03-30 18:49:44.141   815  1247 D InetDiagMessage: Destroyed 0 sockets, proto=IPPROTO_TCP, family=AF_INET6, states=14
03-30 18:49:44.142   815  1247 D InetDiagMessage: Destroyed live tcp sockets for uids={10159} in 5ms
03-30 18:49:44.143   815  1247 D InetDiagMessage: Destroyed 0 sockets, proto=IPPROTO_TCP, family=AF_INET, states=14
03-30 18:49:44.143   815  1247 D InetDiagMessage: Destroyed 0 sockets, proto=IPPROTO_TCP, family=AF_INET6, states=14
03-30 18:49:44.143   815  1247 D InetDiagMessage: Destroyed live tcp sockets for uids={20159} in 1ms
03-30 18:49:44.211  1070  1070 D BoundBrokerSvc: onUnbind: Intent { act=com.google.android.gms.feedback.internal.IFeedbackService dat=chimera-action:/... xflg=0x4 cmp=com.google.android.gms/.chimera.GmsBoundBrokerService }
03-30 18:49:44.256  2424  2431 I com.weejobs.app: Compiler allocated 5087KB to compile void android.view.ViewRootImpl.performTraversals()
03-30 18:49:44.527   815  1312 D WifiNl80211Manager: Scan result ready event
03-30 18:49:44.527   815  1312 D WifiNative: Scan result ready event
03-30 18:49:44.539  8555  8732 I WifiScanner: onFullResults
03-30 18:49:44.540  8555 28885 I WifiScanner: onFullResults
03-30 18:49:44.541   815  1239 I HalDevMgr: bestIfaceCreationProposal is null, requestIface=STA, existingIface=[name=wlan0 type=STA]
03-30 18:49:45.216  2424  2432 W com.weejobs.app: userfaultfd: MOVE ioctl seems unsupported: Connection timed out
03-30 18:49:45.330  1522  1586 D SatelliteController: iisInCarrierRoamingNbIotNtn: satellite is disabled
03-30 18:49:45.341  1522  1586 D SatelliteController: getCarrierRoamingNtnConnectType: Falling back to global carrier config connect type: 0
03-30 18:49:45.688  8555  8555 D BoundBrokerSvc: onUnbind: Intent { act=com.google.android.gms.common.telemetry.service.START dat=chimera-action:/... xflg=0x4 cmp=com.google.android.gms/.chimera.PersistentApiService }
03-30 18:49:45.711  2424  2504 D ProfileInstaller: Installing profile for com.weejobs.app
03-30 18:49:46.788   815  1239 I HalDevMgr: bestIfaceCreationProposal is null, requestIface=STA, existingIface=[name=wlan0 type=STA]
03-30 18:49:46.798   815   844 W ActivityManager: Rescheduling restart of crashed service com.android.settings/.SettingsDumpService in 418700608ms for mem-pressure-event
03-30 18:49:48.248  2424  2483 W unknown:ReactNative: The packager does not seem to be running as we got an IOException requesting its status: failed to connect to /10.0.2.2 (port 8081) from /10.0.2.16 (port 60828) after 5000ms
03-30 18:49:48.248  2424  2483 W unknown:BridgelessReact: ReactHost{0}.isMetroRunning(): Async result = false
03-30 18:49:48.256  2424  2482 W unknown:BridgelessReact: ReactHost{0}.getOrCreateReactInstanceTask(): Creating BridgelessReactContext
03-30 18:49:48.268  2424  2482 W unknown:BridgelessReact: ReactHost{0}.getOrCreateReactInstanceTask(): Creating ReactInstance
03-30 18:49:48.317  2424  2482 D nativeloader: Load /data/app/~~3xWWlL6hPb_dgIWrx0ZONw==/com.weejobs.app-ASObV7q1ZuDZNXQ0iV-B_g==/base.apk!/lib/x86_64/libhermesvm.so using class loader ns clns-9 (caller=/data/app/~~3xWWlL6hPb_dgIWrx0ZONw==/com.weejobs.app-ASObV7q1ZuDZNXQ0iV-B_g==/base.apk!classes21.dex): ok
03-30 18:49:48.325  2424  2482 D nativeloader: Load /data/app/~~3xWWlL6hPb_dgIWrx0ZONw==/com.weejobs.app-ASObV7q1ZuDZNXQ0iV-B_g==/base.apk!/lib/x86_64/libhermestooling.so using class loader ns clns-9 (caller=/data/app/~~3xWWlL6hPb_dgIWrx0ZONw==/com.weejobs.app-ASObV7q1ZuDZNXQ0iV-B_g==/base.apk!classes21.dex): ok
03-30 18:49:48.326  2424  2482 D jni_lib_merge: Entering merged library JNI_OnLoad.
03-30 18:49:48.326  2424  2482 D jni_lib_merge: Preparing 4 pre-merged libs (including stub)
03-30 18:49:48.326  2424  2482 D jni_lib_merge: Preparing to register libhermes_executor_so.  onload_func: 0x76f5d94acad0
03-30 18:49:48.326  2424  2482 D jni_lib_merge: Preparing to register libhermesinstancejni_so.  onload_func: 0x76f5d94d8330
03-30 18:49:48.326  2424  2482 D jni_lib_merge: Preparing to register libjsijniprofiler_so.  onload_func: 0x76f5d94da0a0
03-30 18:49:48.326  2424  2482 D jni_lib_merge: About to register 3 actual methods.
03-30 18:49:48.646  2424  2482 I ExpoModulesCore: ✅ AppContext was initialized
03-30 18:49:48.725  2424  2482 W unknown:BridgelessReact: ReactHost{0}.getOrCreateReactInstanceTask(): Loading JS Bundle
03-30 18:49:48.728  2424  2482 W unknown:BridgelessReact: ReactHost{0}.getOrCreateReactInstanceTask(): DevSupportManager.onNewReactContextCreated()
03-30 18:49:48.749  2424  2482 W unknown:BridgelessReact: ReactHost{0}.startSurface(surfaceId = 0): Execute
03-30 18:49:48.754  2424  2424 W unknown:ReactNative: Packager connection already open, nooping.
03-30 18:49:48.756  2424  2424 W unknown:BridgelessReact: ReactHost{0}.ReactContext.onHostResume()
03-30 18:49:48.790  2424  2424 W unknown:BridgelessReact: ReactHost{0}.getOrCreateReactInstanceTask(): Executing ReactInstanceEventListeners
03-30 18:49:48.977  2424  2505 I ReactNativeJS: '[routes-manifest] __EXPO_ROUTER_KEYS length=', 46
03-30 18:49:49.032   815   952 D ActivityManager: freezing 2140 com.google.android.permissioncontroller
03-30 18:49:49.037   815  1247 D InetDiagMessage: Destroyed 0 sockets, proto=IPPROTO_TCP, family=AF_INET, states=14
03-30 18:49:49.038   815  1247 D InetDiagMessage: Destroyed 0 sockets, proto=IPPROTO_TCP, family=AF_INET6, states=14
03-30 18:49:49.038   815  1247 D InetDiagMessage: Destroyed live tcp sockets for uids={10219} in 2ms
03-30 18:49:49.054  2424  2505 D nativeloader: Load /data/app/~~3xWWlL6hPb_dgIWrx0ZONw==/com.weejobs.app-ASObV7q1ZuDZNXQ0iV-B_g==/base.apk!/lib/x86_64/libworklets.so using class loader ns clns-9 (caller=/data/app/~~3xWWlL6hPb_dgIWrx0ZONw==/com.weejobs.app-ASObV7q1ZuDZNXQ0iV-B_g==/base.apk!classes21.dex): ok
03-30 18:49:49.063  2424  2505 D nativeloader: Load /data/app/~~3xWWlL6hPb_dgIWrx0ZONw==/com.weejobs.app-ASObV7q1ZuDZNXQ0iV-B_g==/base.apk!/lib/x86_64/libexpo-modules-core.so using class loader ns clns-9 (caller=/data/app/~~3xWWlL6hPb_dgIWrx0ZONw==/com.weejobs.app-ASObV7q1ZuDZNXQ0iV-B_g==/base.apk!classes21.dex): ok
03-30 18:49:49.074  2424  2505 W BridgelessReactContext: [WARNING] Bridgeless doesn't support CatalystInstance. Accessing an API that's not part of the new architecture is not encouraged usage.
03-30 18:49:49.113  2424  2505 I ExpoModulesCore: ✅ JSI interop was installed
03-30 18:49:49.126  2424  2505 I ExpoModulesCore: ✅ Constants were exported
03-30 18:49:49.158  2424  2505 I ReactNativeJS: '[index] __EXPO_ROUTER_KEYS at entry:', 46
03-30 18:49:49.658  2424  2505 I ReactNativeJS: Running "main"
03-30 18:49:49.809   815  1239 I HalDevMgr: bestIfaceCreationProposal is null, requestIface=STA, existingIface=[name=wlan0 type=STA]
03-30 18:49:50.114  2424  2505 W unknown:ViewManagerPropertyUpdater: Could not find generated setter for class com.reactnativestripesdk.CardFormViewManager
03-30 18:49:50.130  2424  2505 W unknown:ViewManagerPropertyUpdater: Could not find generated setter for class com.facebook.react.uimanager.LayoutShadowNode
03-30 18:49:50.136  2424  2505 W unknown:ViewManagerPropertyUpdater: Could not find generated setter for class com.swmansion.rnscreens.ScreenFooterManager
03-30 18:49:50.140  2424  2505 W unknown:ViewManagerPropertyUpdater: Could not find generated setter for class com.reactnativestripesdk.EmbeddedPaymentElementViewManager
03-30 18:49:50.150  2424  2505 W unknown:ViewManagerPropertyUpdater: Could not find generated setter for class expo.modules.kotlin.views.GroupViewManagerWrapper
03-30 18:49:50.153  2424  2505 W unknown:ViewManagerPropertyUpdater: Could not find generated setter for class com.swmansion.rnscreens.ScreenContainerViewManager
03-30 18:49:50.157  2424  2505 W unknown:ViewManagerPropertyUpdater: Could not find generated setter for class com.reactnativestripesdk.StripeContainerManager
03-30 18:49:50.160  2424  2505 W unknown:ViewManagerPropertyUpdater: Could not find generated setter for class com.swmansion.rnscreens.ModalScreenViewManager
03-30 18:49:50.167  2424  2505 W unknown:ViewManagerPropertyUpdater: Could not find generated setter for class com.reactnativestripesdk.NavigationBarManager
03-30 18:49:50.169  2424  2505 W unknown:ViewManagerPropertyUpdater: Could not find generated setter for class com.th3rdwave.safeareacontext.SafeAreaViewManager
03-30 18:49:50.174  2424  2505 W unknown:ViewManagerPropertyUpdater: Could not find generated setter for class com.th3rdwave.safeareacontext.SafeAreaViewShadowNode
03-30 18:49:50.177  2424  2505 W unknown:ViewManagerPropertyUpdater: Could not find generated setter for class com.swmansion.rnscreens.safearea.SafeAreaViewManager
03-30 18:49:50.181  2424  2505 W unknown:ViewManagerPropertyUpdater: Could not find generated setter for class com.swmansion.rnscreens.safearea.paper.SafeAreaViewShadowNode
03-30 18:49:50.187  2424  2505 W unknown:ViewManagerPropertyUpdater: Could not find generated setter for class com.swmansion.rnscreens.ScreenViewManager
03-30 18:49:50.189  2424  2505 W unknown:ViewManagerPropertyUpdater: Could not find generated setter for class com.reactnativestripesdk.PaymentMethodMessagingElementViewManager
03-30 18:49:50.191  2424  2505 W unknown:ViewManagerPropertyUpdater: Could not find generated setter for class com.reactnativestripesdk.CardFieldViewManager
03-30 18:49:50.193  2424  2505 W unknown:ViewManagerPropertyUpdater: Could not find generated setter for class com.swmansion.rnscreens.ScreenStackViewManager
03-30 18:49:50.195  2424  2505 W unknown:ViewManagerPropertyUpdater: Could not find generated setter for class com.reactnativestripesdk.addresssheet.AddressSheetViewManager
03-30 18:49:50.200  2424  2505 W unknown:ViewManagerPropertyUpdater: Could not find generated setter for class com.swmansion.rnscreens.gamma.tabs.TabsHostViewManager
03-30 18:49:50.203  2424  2505 W unknown:ViewManagerPropertyUpdater: Could not find generated setter for class com.th3rdwave.safeareacontext.SafeAreaProviderManager
03-30 18:49:50.206  2424  2505 W unknown:ViewManagerPropertyUpdater: Could not find generated setter for class com.swmansion.rnscreens.SearchBarManager
03-30 18:49:50.211  2424  2505 W unknown:ViewManagerPropertyUpdater: Could not find generated setter for class com.swmansion.rnscreens.ScreenStackHeaderConfigViewManager
03-30 18:49:50.216  2424  2505 W unknown:ViewManagerPropertyUpdater: Could not find generated setter for class com.swmansion.rnscreens.ScreenContentWrapperManager
03-30 18:49:50.218  2424  2505 W unknown:ViewManagerPropertyUpdater: Could not find generated setter for class com.reactnativestripesdk.GooglePayButtonManager
03-30 18:49:50.225  1636  1636 D BaseActivity: Launcher flags updated: [] -[state_started]
03-30 18:49:50.225  1636  1636 D BaseDepthController: setSurface:
03-30 18:49:50.225  1636  1636 D BaseDepthController: 	mWaitingOnSurfaceValidity: false
03-30 18:49:50.225  1636  1636 D BaseDepthController: 	mBaseSurface: null
03-30 18:49:50.225  1636  1636 D BaseDepthController: mSurface is null and mCurrentBlur is: 0
03-30 18:49:50.228  2424  2505 W unknown:ViewManagerPropertyUpdater: Could not find generated setter for class com.swmansion.rnscreens.gamma.tabs.TabsScreenViewManager
03-30 18:49:50.230  2424  2505 W unknown:ViewManagerPropertyUpdater: Could not find generated setter for class com.swmansion.rnscreens.gamma.stack.host.StackHostViewManager
03-30 18:49:50.236  2424  2505 W unknown:ViewManagerPropertyUpdater: Could not find generated setter for class com.reactnativestripesdk.AuBECSDebitFormViewManager
03-30 18:49:50.237  2424  2505 W unknown:ViewManagerPropertyUpdater: Could not find generated setter for class com.swmansion.rnscreens.ScreenStackHeaderSubviewManager
03-30 18:49:50.242  2424  2505 W unknown:ViewManagerPropertyUpdater: Could not find generated setter for class com.swmansion.rnscreens.gamma.stack.screen.StackScreenViewManager
03-30 18:49:50.245  2424  2505 W unknown:ViewManagerPropertyUpdater: Could not find generated setter for class com.reactnativestripesdk.pushprovisioning.AddToWalletButtonManager
03-30 18:49:50.257  1636  1636 D LauncherStateManager: StateManager.goToState: fromState: Normal, toState: Normal, partial trace:
03-30 18:49:50.257  1636  1636 D LauncherStateManager: 	at com.android.launcher3.statemanager.StateManager.moveToRestState(go/retraceme f3a19d912c87c27267cfbc05ba0bc7b202ab72a6648bd76225f5f7e128d94583:6)
03-30 18:49:50.257  1636  1636 D LauncherStateManager: 	at com.android.launcher3.statemanager.StateManager.moveToRestState(go/retraceme f3a19d912c87c27267cfbc05ba0bc7b202ab72a6648bd76225f5f7e128d94583:2)
03-30 18:49:50.257  1636  1636 D LauncherStateManager: 	at com.android.launcher3.statemanager.StatefulActivity.onStop(go/retraceme f3a19d912c87c27267cfbc05ba0bc7b202ab72a6648bd76225f5f7e128d94583:32)
03-30 18:49:50.257  1636  1636 D LauncherStateManager: StateManager.onRepeatStateSetAborted: state: Normal
03-30 18:49:50.258  1636  1636 D ActivityContext: hideKeyboard
03-30 18:49:50.258  1636  1636 D ActivityContext: isImeShown: false
03-30 18:49:50.259  1636  1636 D StatsLog: LAUNCHER_ONSTOP
03-30 18:49:50.266  1636  8447 D GmsPlayProvider: Shutdown the binder channel gracefully.
03-30 18:49:50.269  1636  1636 D StatsLog: LAUNCHER_GOOGLE_SEARCH_RESTORE_LIST_SIZE_AFTER_ACTIVITY_RESTART
03-30 18:49:50.270  1636  8447 D GmsPlayProvider: Binder channel is terminated gracefully.
03-30 18:49:50.295   815  1292 D BackgroundInstallControlService: Package event received: 0
03-30 18:49:50.341  2424  2505 W unknown:ViewManagerPropertyUpdater: Could not find generated setter for class com.facebook.react.views.debuggingoverlay.DebuggingOverlayManager
03-30 18:49:50.350  2424  2505 W unknown:ViewManagerPropertyUpdater: Could not find generated setter for class com.facebook.react.views.safeareaview.ReactSafeAreaViewManager
03-30 18:49:50.359   815   944 D ActivityManager: sync unfroze 2220 com.android.vending for 6
03-30 18:49:50.367   815   944 D ActivityManager: sync unfroze 1071 com.android.vending:background for 6
03-30 18:49:50.371  2424  2505 W unknown:ViewManagerPropertyUpdater: Could not find generated setter for class com.facebook.react.views.modal.ReactModalHostManager
03-30 18:49:50.383  2424  2505 W unknown:ViewManagerPropertyUpdater: Could not find generated setter for class com.facebook.react.views.text.frescosupport.FrescoBasedReactTextInlineImageViewManager
03-30 18:49:50.384  2220  2233 W android.vending: Suspending all threads took: 16.881ms
03-30 18:49:50.384  2424  2505 W unknown:ViewManagerPropertyUpdater: Could not find generated setter for class com.facebook.react.views.text.frescosupport.FrescoBasedReactTextInlineImageShadowNode
03-30 18:49:50.398  2424  2505 W unknown:ViewManagerPropertyUpdater: Could not find generated setter for class com.facebook.react.views.progressbar.ReactProgressBarViewManager
03-30 18:49:50.401  2424  2505 W unknown:ViewManagerPropertyUpdater: Could not find generated setter for class com.facebook.react.views.progressbar.ProgressBarShadowNode
03-30 18:49:50.425  2424  2505 W unknown:ViewManagerPropertyUpdater: Could not find generated setter for class com.facebook.react.views.scroll.ReactHorizontalScrollViewManager
03-30 18:49:50.449  1070  1070 D BoundBrokerSvc: onUnbind: Intent { act=com.google.android.gms.safetynet.service.START xflg=0x4 pkg=com.google.android.gms }
03-30 18:49:50.461  2424  2505 W unknown:ViewManagerPropertyUpdater: Could not find generated setter for class com.facebook.react.views.image.ReactImageManager
03-30 18:49:50.474  1071  1155 I Finsky:background: [63] DS: reviveDownloads()
03-30 18:49:50.493  2424  2505 W unknown:ViewManagerPropertyUpdater: Could not find generated setter for class com.facebook.react.views.text.ReactTextViewManager
03-30 18:49:50.498  2424  2505 W unknown:ViewManagerPropertyUpdater: Could not find generated setter for class com.facebook.react.views.text.ReactTextShadowNode
03-30 18:49:50.498   815  2200 W ProcessStats: Tracking association SourceState{5ac973a com.android.vending/10153 ImpBg #18628} whose proc state 6 is better than process ProcessState{8cc0011 com.android.vending:background/10153 pkg=com.android.vending} proc state 14 (6 skipped)
03-30 18:49:50.520  2424  2505 W unknown:ViewManagerPropertyUpdater: Could not find generated setter for class com.facebook.react.views.scroll.ReactHorizontalScrollContainerViewManager
03-30 18:49:50.528  2424  2505 W unknown:ViewManagerPropertyUpdater: Could not find generated setter for class com.facebook.react.views.unimplementedview.ReactUnimplementedViewManager
03-30 18:49:50.534  2220  2220 I Finsky  : [2] SCH: job service start with id 9348.
03-30 18:49:50.544  2220  2274 I Finsky  : [61] Initializing the instant apps module.
03-30 18:49:50.564  2424  2505 W unknown:ViewManagerPropertyUpdater: Could not find generated setter for class com.facebook.react.views.scroll.ReactScrollViewManager
03-30 18:49:50.582  2424  2505 W unknown:ViewManagerPropertyUpdater: Could not find generated setter for class com.facebook.react.views.view.ReactViewManager
03-30 18:49:50.604  2220  2288 I Finsky  : [72] SCH: Satisfied jobs for 9348 are: 12-1
03-30 18:49:50.618  2424  2505 W unknown:ViewManagerPropertyUpdater: Could not find generated setter for class com.facebook.react.views.drawer.ReactDrawerLayoutManager
03-30 18:49:50.634  2424  2505 W unknown:ViewManagerPropertyUpdater: Could not find generated setter for class com.facebook.react.views.switchview.ReactSwitchManager
03-30 18:49:50.637  2424  2505 W unknown:ViewManagerPropertyUpdater: Could not find generated setter for class com.facebook.react.views.switchview.ReactSwitchShadowNode
03-30 18:49:50.654  2424  2505 W unknown:ViewManagerPropertyUpdater: Could not find generated setter for class com.facebook.react.views.swiperefresh.SwipeRefreshLayoutManager
03-30 18:49:50.686  2424  2505 W unknown:ViewManagerPropertyUpdater: Could not find generated setter for class com.facebook.react.views.textinput.ReactTextInputManager
03-30 18:49:50.688  2220  2521 I Finsky  : [108] SCH: Job 12-1 starting
03-30 18:49:50.690  2424  2505 W unknown:ViewManagerPropertyUpdater: Could not find generated setter for class com.facebook.react.views.textinput.ReactTextInputShadowNode
03-30 18:49:50.697  2220  2220 I Finsky  : [2] WM::SCH: Logging work start for 12-1
03-30 18:49:50.708  2220  2220 I Finsky  : [2] [ContentSync] job started
03-30 18:49:50.729  2220  2524 I Finsky  : [109] PSR: Package cache is empty, setup cache.
03-30 18:49:50.753   815  2649 D ConnectivityService: requestNetwork for uid/pid:10153/1071 activeRequest: null callbackRequest: 433 [NetworkRequest [ REQUEST id=434, [ Capabilities: INTERNET&NOT_RESTRICTED&TRUSTED&NOT_VCN_MANAGED&NOT_BANDWIDTH_CONSTRAINED Uid: 10153 RequestorUid: 10153 RequestorPkg: com.android.vending UnderlyingNetworks: Null] ]] callback flags: 0 order: 2147483647 isUidTracked: false declaredMethods: AVAIL|LOST
03-30 18:49:50.760   815  1239 D OemPaidWifiNetworkFactory: got request NetworkRequest [ REQUEST id=434, [ Capabilities: INTERNET&NOT_RESTRICTED&TRUSTED&NOT_VCN_MANAGED&NOT_BANDWIDTH_CONSTRAINED Uid: 10153 RequestorUid: 10153 RequestorPkg: com.android.vending UnderlyingNetworks: Null] ]
03-30 18:49:50.760   815  1239 D MultiInternetWifiNetworkFactory: got request NetworkRequest [ REQUEST id=434, [ Capabilities: INTERNET&NOT_RESTRICTED&TRUSTED&NOT_VCN_MANAGED&NOT_BANDWIDTH_CONSTRAINED Uid: 10153 RequestorUid: 10153 RequestorPkg: com.android.vending UnderlyingNetworks: Null] ]
03-30 18:49:50.760   815  1239 D WifiNetworkFactory: got request NetworkRequest [ REQUEST id=434, [ Capabilities: INTERNET&NOT_RESTRICTED&TRUSTED&NOT_VCN_MANAGED&NOT_BANDWIDTH_CONSTRAINED Uid: 10153 RequestorUid: 10153 RequestorPkg: com.android.vending UnderlyingNetworks: Null] ]
03-30 18:49:50.760   815  1239 D UntrustedWifiNetworkFactory: got request NetworkRequest [ REQUEST id=434, [ Capabilities: INTERNET&NOT_RESTRICTED&TRUSTED&NOT_VCN_MANAGED&NOT_BANDWIDTH_CONSTRAINED Uid: 10153 RequestorUid: 10153 RequestorPkg: com.android.vending UnderlyingNetworks: Null] ]
03-30 18:49:50.761   815  1247 D ConnectivityService: NetReassign [434 : null → 102] [c 0] [a 1] [i 1]
03-30 18:49:50.764  1071  2522 I Finsky:background: [98] DS::IDC: updateWith: <24:SUCCEEDED>
03-30 18:49:50.765  1071  2522 I Finsky:background: [98] DS::IDC: All invisible downloads are finished.
03-30 18:49:50.768  1071  2522 I Finsky:background: [98] DS::ISM: Stopping invisible download job
03-30 18:49:50.780  1071  1160 I Finsky:background: [68] DS: Network is available [NetworkState{connected=true, wifi=true, metered=false, roaming=false}].
03-30 18:49:50.780  1071  1160 I Finsky:background: [68] DS: Updating downloads for network change
03-30 18:49:50.823  1071  2522 I Finsky:background: [98] DS: downloadState filtering results: {24=false}
03-30 18:49:50.920  2424  2505 D nativeloader: Load /data/app/~~3xWWlL6hPb_dgIWrx0ZONw==/com.weejobs.app-ASObV7q1ZuDZNXQ0iV-B_g==/base.apk!/lib/x86_64/librnscreens.so using class loader ns clns-9 (caller=/data/app/~~3xWWlL6hPb_dgIWrx0ZONw==/com.weejobs.app-ASObV7q1ZuDZNXQ0iV-B_g==/base.apk!classes16.dex): ok
03-30 18:49:50.946  2220  2272 W Finsky  : [59] PreloadClasses: Unable to load [kotlinx.coroutines.internal.ThreadContextKt$countAll$1, kotlinx.coroutines.internal.ThreadContextKt$findOne$1, kotlinx.coroutines.internal.ThreadContextKt$updateState$1, androidx.compose.runtime.snapshots.SnapshotKt$emptyLambda$1, androidx.compose.runtime.Recomposer$broadcastFrameClock$1, androidx.compose.runtime.Recomposer$recompositionRunner$2$unregisterApplyObserver$1, androidx.compose.ui.platform.AndroidComposeView$keyInputModifier$1, androidx.compose.runtime.SlotTable, androidx.compose.runtime.ComposerImpl, androidx.compose.runtime.SlotReader, androidx.compose.runtime.SlotWriter, androidx.compose.runtime.SlotTableKt, androidx.compose.runtime.ComposableSingletons$CompositionKt$lambda-1$1, androidx.compose.runtime.ComposableSingletons$CompositionKt$lambda-2$1, androidx.compose.ui.platform.ComposableSingletons$Wrapper_androidKt$lambda-1$1, androidx.compose.ui.platform.WrappedComposition$setContent$1$1, androidx.compose.runtime.Recomposer$readObserverOf$1, androidx.compose.runtime.Recomposer$writeObserverOf$1, androidx.compose.runtime.KeyInfo, androidx.compose.runtime.GroupInfo, androidx.compose.ui.platform.AndroidCompositionLocals_androidKt$LocalSavedStateRegistryOwner$1, androidx.compose.ui.platform.AndroidCompositionLocals_androidKt$ProvideAndroidCompositionLocals$1$1, androidx.compose.runtime.saveable.SaveableStateRegistryKt$LocalSaveableStateRegistry$1, androidx.compose.material3.TypographyKt$LocalTypography$1, androidx.compose.material.ColorsKt$LocalColors$1, androidx.compose.material.ShapesKt$LocalShapes$1, androidx.compose.material.ContentAlphaKt$LocalContentAlpha$1, androidx.compose.foundation.IndicationKt$LocalIndication$1, androidx.compose.material.ripple.RippleThemeKt$LocalRippleTheme$1, androidx.compose.foundation.text.selection.TextSelectionColorsKt$LocalTextSelectionColors$1, androidx.compose.material.MaterialThemeKt$MaterialTheme$1, androidx.compose.material.TextKt$LocalTextStyle$1, androidx.compose.animation.core.InfiniteTransition$run$2, androidx.compose.animation.core.VectorConvertersKt$FloatToVector$1, androidx.compose.animation.core.VectorConvertersKt$FloatToVector$2, androidx.compose.animation.core.VectorConvertersKt$IntToVector$2, androidx.compose.animation.core.VectorConvertersKt$DpToVector$1, androidx.compose.animation.core.VectorConvertersKt$DpToVector$2, androidx.compose.material.ProgressIndicatorKt$CircularProgressIndicator$endAngle$2, androidx.compose.material.ProgressIndicatorKt$CircularProgressIndicator$startAngle$2, androidx.compose.foundation.ProgressSemanticsKt$progressSemantics$2, androidx.compose.material.MaterialThemeKt$MaterialTheme$2, androidx.compose.ui.platform.AndroidCompositionLocals_androidKt$ProvideAndroidCompositionLocals$4, androidx.compose.runtime.RememberManager, androidx.compose.foundation.IndicationKt$indication$2, androidx.compose.foundation.text.selection.SelectionRegistrarKt$LocalSelectionRegistrar$1, androidx.compose.runtime.saveable.SaverKt$AutoSaver$1, androidx.compose.runtime.saveable.SaverKt$AutoSaver$2, androidx.compose.runtime.snapshots.SnapshotStateList$StateListStateRecord, androidx.compose.material.ButtonKt$Button$2, androidx.compose.material.ElevationOverlayKt$LocalElevationOverlay$1, androidx.compose.material.ElevationOverlayKt$LocalAbsoluteElevation$1, androidx.compose.material.SurfaceKt$Surface$1, androidx.compose.material.TextKt$Text$4, androidx.compose.material.TextKt$ProvideTextStyle$1, androidx.compose.material.SurfaceKt$Surface$2, androidx.compose.material.ButtonKt$Button$3, androidx.compose.foundation.gestures.ScrollableStateKt$rememberScrollableState$1$1, androidx.compose.material.TextKt$Text$3, androidx.compose.material3.TextKt$Text$3, androidx.compose.foundation.layout.BoxWithConstraintsKt$BoxWithConstraints$1$1, androidx.compose.runtime.ComposerImpl$CompositionContextHolder, androidx.compose.runtime.ComposerImpl$CompositionContextImpl, androidx.compose.runtime.Updater$init$1, androidx.compose.runtime.internal.ComposableLambdaImpl$invoke$2, androidx.compose.ui.text.MultiP
03-30 18:49:50.954  2220  2524 W Finsky  : [109] SLM: no metadata property com.android.vending.derived.apk.id found for shared library com.google.android.trichromelibrary_699813538:
03-30 18:49:50.958  2220  2524 W Finsky  : [109] SLM: no metadata property com.android.vending.sdk.version.patch found for shared library com.google.android.trichromelibrary_699813538:
03-30 18:49:51.077  2424  2505 I ReactNativeJS: '[expo-router] getDirectoryTree: using fallback manifest, keys=', 46
03-30 18:49:51.197  2424  2505 W ReactNativeJS: Method writeAsStringAsync imported from "expo-file-system" is deprecated.
03-30 18:49:51.197  2424  2505 W ReactNativeJS: You can migrate to the new filesystem API using "File" and "Directory" classes or import the legacy API from "expo-file-system/legacy".
03-30 18:49:51.197  2424  2505 W ReactNativeJS: API reference and examples are available in the filesystem docs: https://docs.expo.dev/versions/v54.0.0/sdk/filesystem/
03-30 18:49:51.197  2424  2505 W ReactNativeJS: Method writeAsStringAsync imported from "expo-file-system" is deprecated.
03-30 18:49:51.197  2424  2505 W ReactNativeJS: You can migrate to the new filesystem API using "File" and "Directory" classes or import the legacy API from "expo-file-system/legacy".
03-30 18:49:51.197  2424  2505 W ReactNativeJS: API reference and examples are available in the filesystem docs: https://docs.expo.dev/versions/v54.0.0/sdk/filesystem/
03-30 18:49:51.238  2424  2505 I ReactNativeJS: '[expo-router] getDirectoryTree: using fallback manifest, keys=', 46
03-30 18:49:51.240  2424  2505 W ReactNativeJS: Method writeAsStringAsync imported from "expo-file-system" is deprecated.
03-30 18:49:51.240  2424  2505 W ReactNativeJS: You can migrate to the new filesystem API using "File" and "Directory" classes or import the legacy API from "expo-file-system/legacy".
03-30 18:49:51.240  2424  2505 W ReactNativeJS: API reference and examples are available in the filesystem docs: https://docs.expo.dev/versions/v54.0.0/sdk/filesystem/
03-30 18:49:51.241  2424  2505 W ReactNativeJS: Method writeAsStringAsync imported from "expo-file-system" is deprecated.
03-30 18:49:51.241  2424  2505 W ReactNativeJS: You can migrate to the new filesystem API using "File" and "Directory" classes or import the legacy API from "expo-file-system/legacy".
03-30 18:49:51.241  2424  2505 W ReactNativeJS: API reference and examples are available in the filesystem docs: https://docs.expo.dev/versions/v54.0.0/sdk/filesystem/
03-30 18:49:51.279  2424  2505 E ReactNativeJS: { [Error: No modules in context]
03-30 18:49:51.279  2424  2505 E ReactNativeJS:   code: 'MODULE_NOT_FOUND',
03-30 18:49:51.279  2424  2505 E ReactNativeJS:   componentStack: '\n    at _ (index.android.bundle:622:1753)\n    at anonymous (index.android.bundle:622:961)\n    at RCTView (<anonymous>)\n    at x (index.android.bundle:287:548)\n    at anonymous (index.android.bundle:286:253)',
03-30 18:49:51.279  2424  2505 E ReactNativeJS:   isComponentError: true }
03-30 18:49:51.384  2424  2432 I com.weejobs.app: Background young concurrent mark compact GC freed 4060KB AllocSpace bytes, 0(0B) LOS objects, 41% free, 7629KB/12MB, paused 8.161ms,8.413ms total 127.382ms
03-30 18:49:51.491  2424  2506 W unknown:BridgelessReact: ReactHost{0}.handleHostException(message = "Error: No modules in context
03-30 18:49:51.491  2424  2506 W unknown:BridgelessReact: 
03-30 18:49:51.491  2424  2506 W unknown:BridgelessReact: This error is located at:
03-30 18:49:51.491  2424  2506 W unknown:BridgelessReact:     at _ (index.android.bundle:622:1753)
03-30 18:49:51.491  2424  2506 W unknown:BridgelessReact:     at anonymous (index.android.bundle:622:961)
03-30 18:49:51.491  2424  2506 W unknown:BridgelessReact:     at RCTView (<anonymous>)
03-30 18:49:51.491  2424  2506 W unknown:BridgelessReact:     at x (index.android.bundle:287:548)
03-30 18:49:51.491  2424  2506 W unknown:BridgelessReact:     at anonymous (index.android.bundle:286:253), stack:
03-30 18:49:51.491  2424  2506 W unknown:BridgelessReact: n@1110:58
03-30 18:49:51.491  2424  2506 W unknown:BridgelessReact: loadRoute@834:4370
03-30 18:49:51.491  2424  2506 W unknown:BridgelessReact: x@834:8618
03-30 18:49:51.491  2424  2506 W unknown:BridgelessReact: W@834:5337
03-30 18:49:51.491  2424  2506 W unknown:BridgelessReact: u@834:5584
03-30 18:49:51.491  2424  2506 W unknown:BridgelessReact: anonymous@834:175
03-30 18:49:51.491  2424  2506 W unknown:BridgelessReact: t@833:146
03-30 18:49:51.491  2424  2506 W unknown:BridgelessReact: anonymous@686:1166
03-30 18:49:51.491  2424  2506 W unknown:BridgelessReact: _@622:2178
03-30 18:49:51.491  2424  2506 W unknown:BridgelessReact: Bl@76:43885
03-30 18:49:51.491  2424  2506 W unknown:BridgelessReact: xa@76:67314
03-30 18:49:51.491  2424  2506 W unknown:BridgelessReact: qa@76:76742
03-30 18:49:51.491  2424  2506 W unknown:BridgelessReact: Mi@76:104550
03-30 18:49:51.491  2424  2506 W unknown:BridgelessReact: Di@76:103531
03-30 18:49:51.491  2424  2506 W unknown:BridgelessReact: Ai@76:103373
03-30 18:49:51.491  2424  2506 W unknown:BridgelessReact: Ri@76:100557
03-30 18:49:51.491  2424  2506 W unknown:BridgelessReact: vt@76:27938
03-30 18:49:51.491  2424  2506 W unknown:BridgelessReact: ")
03-30 18:49:51.492  2424  2506 E unknown:ReactNative: Exception in native call from JS
03-30 18:49:51.492  2424  2506 E unknown:ReactNative: com.facebook.react.common.JavascriptException: Error: No modules in context
03-30 18:49:51.492  2424  2506 E unknown:ReactNative: 
03-30 18:49:51.492  2424  2506 E unknown:ReactNative: This error is located at:
03-30 18:49:51.492  2424  2506 E unknown:ReactNative:     at _ (index.android.bundle:622:1753)
03-30 18:49:51.492  2424  2506 E unknown:ReactNative:     at anonymous (index.android.bundle:622:961)
03-30 18:49:51.492  2424  2506 E unknown:ReactNative:     at RCTView (<anonymous>)
03-30 18:49:51.492  2424  2506 E unknown:ReactNative:     at x (index.android.bundle:287:548)
03-30 18:49:51.492  2424  2506 E unknown:ReactNative:     at anonymous (index.android.bundle:286:253), stack:
03-30 18:49:51.492  2424  2506 E unknown:ReactNative: n@1110:58
03-30 18:49:51.492  2424  2506 E unknown:ReactNative: loadRoute@834:4370
03-30 18:49:51.492  2424  2506 E unknown:ReactNative: x@834:8618
03-30 18:49:51.492  2424  2506 E unknown:ReactNative: W@834:5337
03-30 18:49:51.492  2424  2506 E unknown:ReactNative: u@834:5584
03-30 18:49:51.492  2424  2506 E unknown:ReactNative: anonymous@834:175
03-30 18:49:51.492  2424  2506 E unknown:ReactNative: t@833:146
03-30 18:49:51.492  2424  2506 E unknown:ReactNative: anonymous@686:1166
03-30 18:49:51.492  2424  2506 E unknown:ReactNative: _@622:2178
03-30 18:49:51.492  2424  2506 E unknown:ReactNative: Bl@76:43885
03-30 18:49:51.492  2424  2506 E unknown:ReactNative: xa@76:67314
03-30 18:49:51.492  2424  2506 E unknown:ReactNative: qa@76:76742
03-30 18:49:51.492  2424  2506 E unknown:ReactNative: Mi@76:104550
03-30 18:49:51.492  2424  2506 E unknown:ReactNative: Di@76:103531
03-30 18:49:51.492  2424  2506 E unknown:ReactNative: Ai@76:103373
03-30 18:49:51.492  2424  2506 E unknown:ReactNative: Ri@76:100557
03-30 18:49:51.492  2424  2506 E unknown:ReactNative: vt@76:27938
03-30 18:49:51.492  2424  2506 E unknown:ReactNative: 
03-30 18:49:51.492  2424  2506 E unknown:ReactNative: 	at com.facebook.react.modules.core.ExceptionsManagerModule.reportException(ExceptionsManagerModule.kt:52)
03-30 18:49:51.492  2424  2506 E unknown:ReactNative: 	at com.facebook.jni.NativeRunnable.run(Native Method)
03-30 18:49:51.492  2424  2506 E unknown:ReactNative: 	at android.os.Handler.handleCallback(Handler.java:1070)
03-30 18:49:51.492  2424  2506 E unknown:ReactNative: 	at android.os.Handler.dispatchMessage(Handler.java:125)
03-30 18:49:51.492  2424  2506 E unknown:ReactNative: 	at com.facebook.react.bridge.queue.MessageQueueThreadHandler.dispatchMessage(MessageQueueThreadHandler.kt:21)
03-30 18:49:51.492  2424  2506 E unknown:ReactNative: 	at android.os.Looper.dispatchMessage(Looper.java:333)
03-30 18:49:51.492  2424  2506 E unknown:ReactNative: 	at android.os.Looper.loopOnce(Looper.java:263)
03-30 18:49:51.492  2424  2506 E unknown:ReactNative: 	at android.os.Looper.loop(Looper.java:367)
03-30 18:49:51.492  2424  2506 E unknown:ReactNative: 	at com.facebook.react.bridge.queue.MessageQueueThreadImpl$Companion.startNewBackgroundThread$lambda$0(MessageQueueThreadImpl.kt:152)
03-30 18:49:51.492  2424  2506 E unknown:ReactNative: 	at com.facebook.react.bridge.queue.MessageQueueThreadImpl$Companion.$r8$lambda$YYXYCFexeoKtAeDpeNYkxZZlpbA(Unknown Source:0)
03-30 18:49:51.492  2424  2506 E unknown:ReactNative: 	at com.facebook.react.bridge.queue.MessageQueueThreadImpl$Companion$$ExternalSyntheticLambda0.run(D8$$SyntheticClass:0)
03-30 18:49:51.492  2424  2506 E unknown:ReactNative: 	at java.lang.Thread.run(Thread.java:1563)
03-30 18:49:51.497  2424  2482 W unknown:BridgelessReact: ReactHost{0}.getOrCreateDestroyTask()
03-30 18:49:51.502  2424  2482 W unknown:BridgelessReact: ReactHost{0}.getOrCreateDestroyTask(): Resetting createReactInstance task ref
03-30 18:49:51.668   307  2464 I keystore2: system/security/keystore2/watchdog/src/lib.rs:371 - Watchdog thread idle -> terminating. Have a great day.
03-30 18:49:51.698  2424  2505 W ReactNativeJS: Method writeAsStringAsync imported from "expo-file-system" is deprecated.
03-30 18:49:51.698  2424  2505 W ReactNativeJS: You can migrate to the new filesystem API using "File" and "Directory" classes or import the legacy API from "expo-file-system/legacy".
03-30 18:49:51.698  2424  2505 W ReactNativeJS: API reference and examples are available in the filesystem docs: https://docs.expo.dev/versions/v54.0.0/sdk/filesystem/
03-30 18:49:51.698  2424  2505 W ReactNativeJS: Method writeAsStringAsync imported from "expo-file-system" is deprecated.
03-30 18:49:51.698  2424  2505 W ReactNativeJS: You can migrate to the new filesystem API using "File" and "Directory" classes or import the legacy API from "expo-file-system/legacy".
03-30 18:49:51.698  2424  2505 W ReactNativeJS: API reference and examples are available in the filesystem docs: https://docs.expo.dev/versions/v54.0.0/sdk/filesystem/
03-30 18:49:51.699  2424  2505 I ReactNativeJS: '[index] write app failed:', 'Method writeAsStringAsync imported from "expo-file-system" is deprecated.\nYou can migrate to the new filesystem API using "File" and "Directory" classes or import the legacy API from "expo-file-system/legacy".\nAPI reference and examples are available in the filesystem docs: https://docs.expo.dev/versions/v54.0.0/sdk/filesystem/'
03-30 18:49:51.706  2424  2505 I ReactNativeJS: '[index] write sd failed:', 'Method writeAsStringAsync imported from "expo-file-system" is deprecated.\nYou can migrate to the new filesystem API using "File" and "Directory" classes or import the legacy API from "expo-file-system/legacy".\nAPI reference and examples are available in the filesystem docs: https://docs.expo.dev/versions/v54.0.0/sdk/filesystem/'
03-30 18:49:51.707  2424  2424 D WindowOnBackDispatcher: setTopOnBackInvokedCallback (unwrapped): android.view.ViewRootImpl$$ExternalSyntheticLambda12@bdfce86
03-30 18:49:51.710   815  1482 D CoreBackPreview: Window{1d89f1f u0 com.weejobs.app/com.weejobs.app.MainActivity}: Setting back callback OnBackInvokedCallbackInfo{mCallback=android.window.IOnBackInvokedCallback$Stub$Proxy@7896ab1, mPriority=0, mIsAnimationCallback=false, mOverrideBehavior=0}
03-30 18:49:51.998  2424  2424 W unknown:BridgelessReact: ReactHost{0}.getOrCreateDestroyTask(): Starting React Native destruction
03-30 18:49:51.999  2424  2424 W unknown:BridgelessReact: ReactHost{0}.getOrCreateDestroyTask(): DevSupportManager cleanup
03-30 18:49:52.000  2424  2424 W unknown:BridgelessReact: ReactHost{0}.getOrCreateDestroyTask(): Move ReactHost to onHostDestroy()
03-30 18:49:52.002  2424  2424 W unknown:BridgelessReact: ReactHost{0}.ReactContext.onHostPause()
03-30 18:49:52.002  2424  2424 W unknown:BridgelessReact: ReactHost{0}.ReactContext.onHostDestroy()
03-30 18:49:52.027  2424  2424 E unknown:ReactNative: Tried to remove non-existent frame callback
03-30 18:49:52.044  2424  2482 W unknown:BridgelessReact: ReactHost{0}.getOrCreateDestroyTask(): Stopping all React Native surfaces
03-30 18:49:52.044  2424  2482 E unknown:SurfaceMountingManager: Stopping surface [1]
03-30 18:49:52.058  2424  2424 E unknown:SurfaceMountingManager: Surface [1] was stopped on SurfaceMountingManager.
03-30 18:49:52.080  2424  2424 W unknown:BridgelessReact: ReactHost{0}.getOrCreateDestroyTask(): Destroying MemoryPressureRouter
03-30 18:49:52.080  2424  2424 W unknown:BridgelessReact: ReactHost{0}.getOrCreateDestroyTask(): Resetting ReactContext ref
03-30 18:49:52.080   815   972 I ImeTracker: com.weejobs.app:e22ed8e7: onRequestHide at ORIGIN_SERVER reason HIDE_UNSPECIFIED_WINDOW fromUser false
03-30 18:49:52.080  2424  2424 W unknown:BridgelessReact: ReactHost{0}.getOrCreateDestroyTask(): Destroying ReactContext
03-30 18:49:52.090  2424  2482 W unknown:BridgelessReact: ReactHost{0}.getOrCreateDestroyTask(): Resetting ReactInstance ptr
03-30 18:49:52.092  2424  2482 W unknown:BridgelessReact: ReactHost{0}.getOrCreateDestroyTask(): Destroying ReactInstance
03-30 18:49:52.109  2424  2482 I ExpoModulesCore: ✅ ModuleRegistry was destroyed
03-30 18:49:52.113  2424  2482 I ExpoModulesCore: ✅ AppContext was destroyed
03-30 18:49:52.117  2424  2482 I ExpoModulesCore: ✅ KotlinInteropModuleRegistry was destroyed
03-30 18:49:52.119  2424  2482 E unknown:ReactNative: Tried to remove non-existent frame callback
03-30 18:49:52.122  2424  2424 D InsetsController: hide(ime())
03-30 18:49:52.123  2424  2424 I ImeTracker: com.weejobs.app:e22ed8e7: onCancelled at PHASE_CLIENT_ALREADY_HIDDEN
03-30 18:49:52.127  2424  2482 W unknown:ReactNative: Tried to enqueue runnable on already finished thread: 'v_native... dropping Runnable.
03-30 18:49:52.128  2424  2482 W unknown:ReactNative: Tried to enqueue runnable on already finished thread: 'v_native... dropping Runnable.
03-30 18:49:52.128  2424  2482 W unknown:ReactNative: Tried to enqueue runnable on already finished thread: 'v_native... dropping Runnable.
03-30 18:49:52.128  2424  2482 W unknown:ReactNative: Tried to enqueue runnable on already finished thread: 'v_native... dropping Runnable.
03-30 18:49:52.128  2424  2482 W unknown:ReactNative: Tried to enqueue runnable on already finished thread: 'v_native... dropping Runnable.
03-30 18:49:52.128  2424  2482 W unknown:ReactNative: Tried to enqueue runnable on already finished thread: 'v_native... dropping Runnable.
03-30 18:49:52.128  2424  2482 W unknown:ReactNative: Tried to enqueue runnable on already finished thread: 'v_native... dropping Runnable.
03-30 18:49:52.128  2424  2482 W unknown:ReactNative: Tried to enqueue runnable on already finished thread: 'v_native... dropping Runnable.
03-30 18:49:52.128  2424  2482 W unknown:ReactNative: Tried to enqueue runnable on already finished thread: 'v_native... dropping Runnable.
03-30 18:49:52.128  2424  2482 W unknown:ReactNative: Tried to enqueue runnable on already finished thread: 'v_native... dropping Runnable.
03-30 18:49:52.136   815   831 I ImeTracker: system_server:9bd7137c: onRequestHide at ORIGIN_SERVER reason IME_REQUESTED_CHANGED_LISTENER fromUser false
03-30 18:49:52.137   815   838 I ImeTracker: system_server:9bd7137c: onCancelled at PHASE_SERVER_SHOULD_HIDE
03-30 18:49:52.150  8754  8754 I GoogleInputMethodService: GoogleInputMethodService.onFinishInput():2057 
03-30 18:49:52.161  2424  2482 W unknown:BridgelessReact: ReactHost{0}.getOrCreateDestroyTask(): Resetting start/destroy task ref
03-30 18:49:52.174  8754  8754 I Module  : DeviceLockedStatusModuleProvider$Module.updateDeviceLockedStatus():100 repeatCheckTimes = 0, locked = false
03-30 18:49:52.193  8754  8754 I GoogleInputMethodService: GoogleInputMethodService.onStartInput():1318 onStartInput(EditorInfo{EditorInfo{packageName=com.weejobs.app, inputType=0, inputTypeString=NULL, enableLearning=false, autoCorrection=false, autoComplete=false, imeOptions=0, privateImeOptions=null, actionName=UNSPECIFIED, actionLabel=null, initialSelStart=-1, initialSelEnd=-1, initialCapsMode=0, label=null, fieldId=0, fieldName=null, extras=null, hintText=null, hintLocales=[]}}, false)
03-30 18:49:52.212  8754  8754 I Module  : DeviceLockedStatusModuleProvider$Module.updateDeviceLockedStatus():100 repeatCheckTimes = 1, locked = false
03-30 18:49:52.226   815  1312 W PackageConfigPersister: App-specific configuration not found for packageName: com.weejobs.app and userId: 0
03-30 18:49:52.365  2538  2538 W libbinder.BackendUnifiedServiceManager: Thread Pool max thread count is 0. Cannot cache binder as linkToDeath cannot be implemented. serviceName: package
03-30 18:49:52.657  3343 13310 I artd    : GetBestInfo: odex next to the dex file (/data/app/~~l86ooHn3z7zjJPmRwuVyKA==/com.google.android.gms-mjvtrlLEHAA3R1GV5L8qqg==/oat/x86_64/base.odex) is kOatUpToDate with filter 'speed-profile' executable 'false'
03-30 18:49:52.668  3343 13310 I artd    : GetBestInfo: odex next to the dex file (/data/app/~~l86ooHn3z7zjJPmRwuVyKA==/com.google.android.gms-mjvtrlLEHAA3R1GV5L8qqg==/oat/x86_64/split_AdsDynamite_installtime.odex) is kOatUpToDate with filter 'speed' executable 'false'
03-30 18:49:52.686  3343 13310 I artd    : GetBestInfo: odex next to the dex file (/data/app/~~l86ooHn3z7zjJPmRwuVyKA==/com.google.android.gms-mjvtrlLEHAA3R1GV5L8qqg==/oat/x86_64/split_CronetDynamite_installtime.odex) is kOatUpToDate with filter 'speed' executable 'false'
03-30 18:49:52.696  3343 13310 I artd    : GetBestInfo: odex next to the dex file (/data/app/~~l86ooHn3z7zjJPmRwuVyKA==/com.google.android.gms-mjvtrlLEHAA3R1GV5L8qqg==/oat/x86_64/split_DynamiteLoader_installtime.odex) is kOatUpToDate with filter 'speed' executable 'false'
03-30 18:49:52.712  3343 13310 I artd    : GetBestInfo: odex next to the dex file (/data/app/~~l86ooHn3z7zjJPmRwuVyKA==/com.google.android.gms-mjvtrlLEHAA3R1GV5L8qqg==/oat/x86_64/split_DynamiteModulesA_installtime.odex) is kOatUpToDate with filter 'speed' executable 'false'
03-30 18:49:52.723  3343 13310 I artd    : GetBestInfo: odex next to the dex file (/data/app/~~l86ooHn3z7zjJPmRwuVyKA==/com.google.android.gms-mjvtrlLEHAA3R1GV5L8qqg==/oat/x86_64/split_DynamiteModulesC_installtime.odex) is kOatUpToDate with filter 'speed' executable 'false'
03-30 18:49:52.730  3343 13310 I artd    : GetBestInfo: odex next to the dex file (/data/app/~~l86ooHn3z7zjJPmRwuVyKA==/com.google.android.gms-mjvtrlLEHAA3R1GV5L8qqg==/oat/x86_64/split_GoogleCertificates_installtime.odex) is kOatUpToDate with filter 'speed' executable 'false'
03-30 18:49:52.742  3343 13310 I artd    : GetBestInfo: odex next to the dex file (/data/app/~~l86ooHn3z7zjJPmRwuVyKA==/com.google.android.gms-mjvtrlLEHAA3R1GV5L8qqg==/oat/x86_64/split_MapsDynamite_installtime.odex) is kOatUpToDate with filter 'speed' executable 'false'
03-30 18:49:52.758  3343 13310 I artd    : GetBestInfo: odex next to the dex file (/data/app/~~l86ooHn3z7zjJPmRwuVyKA==/com.google.android.gms-mjvtrlLEHAA3R1GV5L8qqg==/oat/x86_64/split_MeasurementDynamite_installtime.odex) is kOatUpToDate with filter 'speed' executable 'false'
03-30 18:49:52.826  3343 13310 I artd    : GetBestInfo: /data/user_de/0/com.google.android.gms/app_chimera/m/0000000d/dl-PlayCloudSearch.optional_253434100000.apk has no usable artifacts
03-30 18:49:52.836  3343  3343 I artd    : GetBestInfo: /data/user_de/0/com.google.android.gms/app_chimera/m/0000000c/dl-MlkitBarcodeUi.optional_253434100800.apk has no usable artifacts
