03-30 18:57:05.074   815  1454 I Role    : com.google.android.gms not qualified for android.app.role.SYSTEM_DEPENDENCY_INSTALLER due to missing RequiredComponent{mIntentFilterData=IntentFilterData{mAction='android.content.pm.action.INSTALL_DEPENDENCY', mCategories='[]', mDataScheme='null', mDataType='null'}, mMinTargetSdkVersion=1, mFlags='0', mPermission='android.permission.BIND_DEPENDENCY_INSTALLER', mQueryFlags=0, mMetaData=[]}
03-30 18:57:05.074   815  1454 E RoleControllerServiceImpl: Default/fallback role holder package doesn't qualify for the role, package: com.google.android.gms, role: android.app.role.SYSTEM_DEPENDENCY_INSTALLER, user: 0
03-30 18:57:05.085  2734  2734 D BoundBrokerSvc: onBind: Intent { act=com.google.android.gms.common.BIND_SHARED_PREFS xflg=0x4 pkg=com.google.android.gms }
03-30 18:57:05.085  2734  2734 D BoundBrokerSvc: Loading bound service for intent: Intent { act=com.google.android.gms.common.BIND_SHARED_PREFS xflg=0x4 pkg=com.google.android.gms }
03-30 18:57:05.173   815   815 W Looper  : Drained
03-30 18:57:05.218  3343 13310 I artd    : GetBestInfo: odex next to the dex file (/data/app/~~l86ooHn3z7zjJPmRwuVyKA==/com.google.android.gms-mjvtrlLEHAA3R1GV5L8qqg==/oat/x86_64/base.odex) is kOatUpToDate with filter 'speed-profile' executable 'false'
03-30 18:57:05.230  3343 13310 I artd    : GetBestInfo: odex next to the dex file (/data/app/~~l86ooHn3z7zjJPmRwuVyKA==/com.google.android.gms-mjvtrlLEHAA3R1GV5L8qqg==/oat/x86_64/split_AdsDynamite_installtime.odex) is kOatUpToDate with filter 'speed' executable 'false'
03-30 18:57:05.242  3343 13310 I artd    : GetBestInfo: odex next to the dex file (/data/app/~~l86ooHn3z7zjJPmRwuVyKA==/com.google.android.gms-mjvtrlLEHAA3R1GV5L8qqg==/oat/x86_64/split_CronetDynamite_installtime.odex) is kOatUpToDate with filter 'speed' executable 'false'
03-30 18:57:05.257  3343 13310 I artd    : GetBestInfo: odex next to the dex file (/data/app/~~l86ooHn3z7zjJPmRwuVyKA==/com.google.android.gms-mjvtrlLEHAA3R1GV5L8qqg==/oat/x86_64/split_DynamiteLoader_installtime.odex) is kOatUpToDate with filter 'speed' executable 'false'
03-30 18:57:05.267  2734  3432 I Auth    : (REDACTED) [SupervisedAccountIntentOperation] onHandleIntent: %s
03-30 18:57:05.293  3343 13310 I artd    : GetBestInfo: odex next to the dex file (/data/app/~~l86ooHn3z7zjJPmRwuVyKA==/com.google.android.gms-mjvtrlLEHAA3R1GV5L8qqg==/oat/x86_64/split_DynamiteModulesA_installtime.odex) is kOatUpToDate with filter 'speed' executable 'false'
03-30 18:57:05.302  3343 13310 I artd    : GetBestInfo: odex next to the dex file (/data/app/~~l86ooHn3z7zjJPmRwuVyKA==/com.google.android.gms-mjvtrlLEHAA3R1GV5L8qqg==/oat/x86_64/split_DynamiteModulesC_installtime.odex) is kOatUpToDate with filter 'speed' executable 'false'
03-30 18:57:05.350  3343 13310 I artd    : GetBestInfo: odex next to the dex file (/data/app/~~l86ooHn3z7zjJPmRwuVyKA==/com.google.android.gms-mjvtrlLEHAA3R1GV5L8qqg==/oat/x86_64/split_GoogleCertificates_installtime.odex) is kOatUpToDate with filter 'speed' executable 'false'
03-30 18:57:05.393  3343 13310 I artd    : GetBestInfo: odex next to the dex file (/data/app/~~l86ooHn3z7zjJPmRwuVyKA==/com.google.android.gms-mjvtrlLEHAA3R1GV5L8qqg==/oat/x86_64/split_MapsDynamite_installtime.odex) is kOatUpToDate with filter 'speed' executable 'false'
03-30 18:57:05.420  1522  1586 D SatelliteController: iisInCarrierRoamingNbIotNtn: satellite is disabled
03-30 18:57:05.422  1522  1586 D SatelliteController: getCarrierRoamingNtnConnectType: Falling back to global carrier config connect type: 0
03-30 18:57:05.450  3343 13310 I artd    : GetBestInfo: odex next to the dex file (/data/app/~~l86ooHn3z7zjJPmRwuVyKA==/com.google.android.gms-mjvtrlLEHAA3R1GV5L8qqg==/oat/x86_64/split_MeasurementDynamite_installtime.odex) is kOatUpToDate with filter 'speed' executable 'false'
03-30 18:57:05.450  2734  3447 I NearbyDiscovery: (REDACTED) processGrantSlicePermission: %s
03-30 18:57:05.538  3343 13310 I artd    : GetBestInfo: /data/user_de/0/com.google.android.gms/app_chimera/m/0000000d/dl-PlayCloudSearch.optional_253434100000.apk has no usable artifacts
03-30 18:57:05.576  2879  3076 I PlayCommon: [88] Connecting to server for timestamp: https://play.googleapis.com/play/log/timestamp
03-30 18:57:05.634  3343 13310 I artd    : GetBestInfo: /data/user_de/0/com.google.android.gms/app_chimera/m/0000000c/dl-MlkitBarcodeUi.optional_253434100800.apk has no usable artifacts
03-30 18:57:05.640  3343 13310 I artd    : GetBestInfo: /data/user_de/0/com.google.android.gms/app_chimera/m/00000001/CronetDynamite.apk has no usable artifacts
03-30 18:57:05.646  3343 13310 I artd    : GetBestInfo: /data/user_de/0/com.google.android.gms/app_chimera/m/00000016/dl-MlkitOcrCommon.optional_261133100800.apk has no usable artifacts
03-30 18:57:05.684   815  3550 E TaskPersister: File error accessing recents directory (directory doesn't exist?).
03-30 18:57:05.690  3343 13310 I artd    : GetBestInfo: /data/user_de/0/com.google.android.gms/app_chimera/m/0000000e/dl-VisionOcr.optional_253434100000.apk has no usable artifacts
03-30 18:57:05.700  2690  2717 W .apps.wellbeing: Suspending all threads took: 83.347ms
03-30 18:57:05.700  3343 13310 I artd    : GetBestInfo: /data/user_de/0/com.google.android.gms/app_chimera/m/00000002/DynamiteLoader.apk has no usable artifacts
03-30 18:57:05.701  3343 13310 I artd    : GetBestInfo: /data/user_de/0/com.google.android.gms/app_chimera/m/00000005/GoogleCertificates.apk has no usable artifacts
03-30 18:57:05.713  2772  2772 I Finsky  : [2] aiky - Received: android.intent.action.PACKAGE_ADDED, [Gqk4ewQyzs5K3YXFVstm8EkH33a-0A8vDs_YEc4mwgs]
03-30 18:57:05.724  3343 13310 I artd    : GetBestInfo: /data/user_de/0/com.google.android.gms/app_chimera/m/00000012/dl-Appsearch.optional_261133100800.apk has no usable artifacts
03-30 18:57:05.758  3343 13310 I artd    : GetBestInfo: /data/user_de/0/com.google.android.gms/app_chimera/m/00000011/dl-PlayCloudSearch.optional_261133100000.apk has no usable artifacts
03-30 18:57:05.785  3343 13310 I artd    : GetBestInfo: /data/user_de/0/com.google.android.gms/app_chimera/m/00000015/dl-MlkitBarcodeUi.optional_261133100800.apk has no usable artifacts
03-30 18:57:05.808  2879  3433 I Finsky:background: [94] Wrote row to frosting DB: 470
03-30 18:57:05.839  3343 13310 I artd    : GetBestInfo: /data/user_de/0/com.google.android.gms/app_chimera/m/0000000a/dl-Appsearch.optional_253434100800.apk has no usable artifacts
03-30 18:57:05.873  3343 13310 I artd    : GetBestInfo: /data/user_de/0/com.google.android.gms/app_chimera/m/00000008/dl-TfliteDynamiteDynamite.integ_252130102100800.apk has no usable artifacts
03-30 18:57:05.878  2879  2879 I Finsky:background: [2] aiko - Received: android.intent.action.PACKAGE_ADDED, [Gqk4ewQyzs5K3YXFVstm8EkH33a-0A8vDs_YEc4mwgs]
03-30 18:57:05.892  2734  3436 W SQLiteLog: (28) double-quoted string literal: "com.weejobs.app"
03-30 18:57:05.919   815  1239 I HalDevMgr: bestIfaceCreationProposal is null, requestIface=STA, existingIface=[name=wlan0 type=STA]
03-30 18:57:05.948  3343 13310 I artd    : GetBestInfo: /data/user_de/0/com.google.android.gms/app_chimera/m/0000000f/dl-MlkitOcrCommon.optional_253434100800.apk has no usable artifacts
03-30 18:57:05.949  2734  2842 I Icing   : IndexChimeraService.getServiceInterface callingPackage=com.google.android.gms componentName=AppsCorpus serviceId=36
03-30 18:57:05.980  3343 13310 I artd    : GetBestInfo: /data/user_de/0/com.google.android.gms/app_chimera/m/00000010/dl-VisionOcr.optional_261133100000.apk has no usable artifacts
03-30 18:57:06.011  3343 13310 I artd    : GetBestInfo: vdex next to the dex file (/data/user/0/com.google.android.gms/app_dg_cache/BB2AE5A47BB198AF36C19CFD2B6407061A1BAF30/oat/x86_64/the.vdex) is kOatUpToDate with filter 'verify' executable 'false'
03-30 18:57:06.029  3343 13310 I artd    : GetBestInfo: /data/user_de/0/com.google.android.gms/app_chimera/m/00000007/MeasurementDynamite.apk has no usable artifacts
03-30 18:57:06.034  2879  2879 I Finsky:background: [2] aiko - Received: android.intent.action.PACKAGE_ADDED, [Gqk4ewQyzs5K3YXFVstm8EkH33a-0A8vDs_YEc4mwgs]
03-30 18:57:06.152  2879  3433 I Finsky:background: [94] Wrote row to frosting DB: 471
03-30 18:57:06.196  2772  3402 I libbinder.IPCThreadState: oneway function results for code 2 on binder at 0x76f6b2634bc0 will be dropped but finished with status UNKNOWN_TRANSACTION
03-30 18:57:06.240  2879  3433 I Finsky:background: [94] Wrote row to frosting DB: 472
03-30 18:57:06.277  2879  3433 I Finsky:background: [94] Wrote row to frosting DB: 473
03-30 18:57:06.300   815  3815 W libbinder.Binder: Binder transaction to android.content.pm.IPackageManager code 1598311760 took 3550ms. Data bytes: 80 Reply bytes: 4 Flags: 16
03-30 18:57:06.397  3418  3418 D AndroidRuntime: >>>>>> START com.android.internal.os.RuntimeInit uid 2000 <<<<<<
03-30 18:57:06.542  2772  2772 I Finsky  : [2] DTU: Received onPackageAdded, replacing: true
03-30 18:57:06.553  2772  3435 I Finsky  : [116] SCH: Received scheduling request: Id: 12-1, Constraints: [{ L: 15000, D: 86400000, C: CHARGING_NONE, I: IDLE_NONE, N: NET_ANY, B: BATTERY_ANY }]
03-30 18:57:06.681  2734  2843 I Icing   : Usage reports ok 1, Failed Usage reports 0, indexed 0, rejected 0
03-30 18:57:06.686   815  1292 D BackgroundInstallControlService: Package event received: 0
03-30 18:57:06.713  2734  2843 I Icing   : Indexing com.google.android.gms-apps from com.google.android.gms
03-30 18:57:06.725  2734  2734 D BoundBrokerSvc: onBind: Intent { act=com.google.android.gms.feedback.internal.IFeedbackService dat=chimera-action:/... xflg=0x4 cmp=com.google.android.gms/.chimera.GmsBoundBrokerService }
03-30 18:57:06.725  2734  2734 D BoundBrokerSvc: Loading bound service for intent: Intent { act=com.google.android.gms.feedback.internal.IFeedbackService dat=chimera-action:/... xflg=0x4 cmp=com.google.android.gms/.chimera.GmsBoundBrokerService }
03-30 18:57:06.728  3418  3418 I AndroidRuntime: Using default boot image
03-30 18:57:06.728  3418  3418 I AndroidRuntime: Leaving lock profiling enabled
03-30 18:57:06.773  3418  3418 I app_process: Using CollectorTypeCMC GC.
03-30 18:57:06.805  2879  2879 I Finsky:background: [2] aiko - Deduping intent android.intent.action.PACKAGE_ADDED
03-30 18:57:06.885   815  1454 E RoleControllerServiceImpl: Default/fallback role holder package doesn't qualify for the role, package: com.google.android.gms, role: android.app.role.WALLET, user: 0
03-30 18:57:06.946  2772  2772 I Finsky  : [2] aiky - Received: android.intent.action.PACKAGE_ADDED, [Gqk4ewQyzs5K3YXFVstm8EkH33a-0A8vDs_YEc4mwgs]
03-30 18:57:07.024  2772  2772 I Finsky  : [2] aiky - Deduping intent android.intent.action.PACKAGE_ADDED
03-30 18:57:07.043  2879  2946 I Finsky:background: [52] IQ:PSL: skipping onPackageRemoved(replacing=true) for untracked package=com.weejobs.app
03-30 18:57:07.052  2734  2842 I Icing   : IndexChimeraService.getServiceInterface callingPackage=com.google.android.gms componentName=null serviceId=30
03-30 18:57:07.141  2734  2843 I Icing   : Usage reports ok 0, Failed Usage reports 0, indexed 0, rejected 0
03-30 18:57:07.208  2734  2843 I Icing   : Indexing done com.google.android.gms-apps
03-30 18:57:07.281  2879  2879 I Finsky:background: [2] aiko - Received: android.intent.action.PACKAGE_ADDED, [Gqk4ewQyzs5K3YXFVstm8EkH33a-0A8vDs_YEc4mwgs]
03-30 18:57:07.345  2772  2772 I Finsky  : [2] aiky - Received: android.intent.action.PACKAGE_ADDED, [Gqk4ewQyzs5K3YXFVstm8EkH33a-0A8vDs_YEc4mwgs]
03-30 18:57:07.360  2879  2879 I Finsky:background: [2] aiko - Deduping intent android.intent.action.PACKAGE_ADDED
03-30 18:57:07.413  2879  2968 I Finsky:background: [66] RECEIVER_PACKAGE_MONITOR_BACKGROUND#logWorkEndAndFinishGoAsync: SUCCESS
03-30 18:57:07.440  2772  2772 I Finsky  : [2] aiky - Deduping intent android.intent.action.PACKAGE_ADDED
03-30 18:57:07.456  2772  2856 I Finsky  : [50] RECEIVER_PACKAGE_MONITOR#logWorkEndAndFinishGoAsync: SUCCESS
03-30 18:57:07.715  2879  2879 I Finsky:background: [2] Memory trim requested to level 40
03-30 18:57:07.738  2879  3433 I Finsky:background: [94] Wrote row to frosting DB: 474
03-30 18:57:07.801   815   831 V SafetySourceDataValidat: Package: com.android.vending has expected signature
03-30 18:57:07.802   815   831 V SafetySourceDataValidat: Package: com.android.vending has expected signature
03-30 18:57:07.936  2772  2772 I Finsky  : [2] Memory trim requested to level 40
03-30 18:57:07.937  2772  2772 I Finsky  : [2] Flushing in-memory image cache
03-30 18:57:08.026  2879  3076 W PlayCommon: [88] No account for auth token provided
03-30 18:57:08.028  2879  3076 I PlayCommon: [88] Connecting to server: https://play.googleapis.com/play/log?format=raw&proto_v2=true
03-30 18:57:08.138  2772  2863 I Finsky  : [52] WM::SCH: Logging work initialize for 12-1
03-30 18:57:08.165  2734  2860 I Icing   : Indexing com.google.android.gms-apps from com.google.android.gms
03-30 18:57:08.169  2772  2863 I Finsky  : [52] WM::SCH: Logging work initialize for 12-1
03-30 18:57:08.174  2734  2860 I Icing   : Indexing done com.google.android.gms-apps
03-30 18:57:08.294  2772  2873 I Finsky  : [59] SCH: Scheduling phonesky job Id: 12-1, CT: 1774922224543, Constraints: [{ L: 15000, D: 86400000, C: CHARGING_NONE, I: IDLE_NONE, N: NET_ANY, B: BATTERY_ANY }]
03-30 18:57:08.327  2879  3076 I PlayCommon: [88] Successfully uploaded logs.
03-30 18:57:08.343  2772  2876 I Finsky  : [61] SCH: Scheduling 1 system job(s)
03-30 18:57:08.346  2772  2876 I Finsky  : [61] SCH: Scheduling system job Id: 9364, L: 11199, D: 56076680, C: false, I: false, N: 1
03-30 18:57:08.426  3418  3418 D nativeloader: InitDefaultPublicLibraries for_preload=1: libandroid.so:libaaudio.so:libamidi.so:libbinder_ndk.so:libc.so:libcamera2ndk.so:libdl.so:libEGL.so:libGLESv1_CM.so:libGLESv2.so:libGLESv3.so:libicu.so:libicui18n.so:libicuuc.so:libjnigraphics.so:liblog.so:libmediandk.so:libm.so:libnativehelper.so:libnativewindow.so:libOpenMAXAL.so:libOpenSLES.so:libRS.so:libstdc++.so:libsync.so:libvulkan.so:libwebviewchromium_plat_support.so:libz.so
03-30 18:57:08.433  2772  2873 I Finsky  : [59] SCH: Scheduling phonesky job Id: 12-1, CT: 1774922226553, Constraints: [{ L: 15000, D: 86400000, C: CHARGING_NONE, I: IDLE_NONE, N: NET_ANY, B: BATTERY_ANY }]
03-30 18:57:08.440  2772  2867 I Finsky  : [56] [ContentSync] finished, scheduled=true
03-30 18:57:08.456  2772  2875 I Finsky  : [60] SCH: Scheduling 0 system job(s)
03-30 18:57:08.457  2772  2875 I Finsky  : [60] [ContentSync] finished, scheduled=true
03-30 18:57:08.510   815  1454 W SignedPackage: Cannot get ApplicationInfo for package: com.google.android.devicelockcontroller
03-30 18:57:08.702  3418  3418 D nativeloader: Load libicu_jni.so using APEX ns com_android_art for caller /apex/com.android.art/javalib/core-oj.jar: ok
03-30 18:57:08.707  3418  3418 D app_process: u_setTimeZoneFilesDirectory("/apex/com.android.tzdata/etc/tz/versioned/9/icu") succeeded. 
03-30 18:57:08.717  3418  3418 D app_process: I18n APEX ICU file found: /apex/com.android.i18n/etc/icu/icudt76l.dat
03-30 18:57:08.765  3418  3418 D nativeloader: Load libjavacore.so using APEX ns com_android_art for caller /apex/com.android.art/javalib/core-oj.jar: ok
03-30 18:57:08.793  3418  3418 D nativeloader: Load libopenjdk.so using APEX ns com_android_art for caller /apex/com.android.art/javalib/core-oj.jar: ok
03-30 18:57:08.819  3418  3418 I app_process: Priority-to-niceness mapping: 19, 16, 13, 10, 0, -2, -4, -5, -6, -8
03-30 18:57:08.826  3418  3418 W app_process: Unexpected CPU variant for x86: x86_64.
03-30 18:57:08.826  3418  3418 W app_process: Known variants: atom, sandybridge, silvermont, goldmont, goldmont-plus, goldmont-without-sha-xsaves, tremont, kabylake, alderlake, default
03-30 18:57:08.834   815   976 V AccessibilityUserState: updateShortcutTargets: type:accessibility_shortcut_target_service, current:{}, new:{}
03-30 18:57:08.834   815   976 V AccessibilityUserState: updateShortcutTargets: type:accessibility_qs_targets, current:{}, new:{}
03-30 18:57:08.834   815   976 V AccessibilityUserState: updateShortcutTargets: type:accessibility_button_targets, current:{}, new:{}
03-30 18:57:08.834   815   976 V AccessibilityUserState: updateShortcutTargets: type:accessibility_gesture_targets, current:{}, new:{}
03-30 18:57:08.834   815   976 V AccessibilityUserState: updateShortcutTargets: type:accessibility_key_gesture_targets, current:{}, new:{}
03-30 18:57:08.944   815  1239 I HalDevMgr: bestIfaceCreationProposal is null, requestIface=STA, existingIface=[name=wlan0 type=STA]
03-30 18:57:09.116   815   976 V AccessibilityManagerService: onUserStateChangedLocked for userId: 0, forceUpdate: false
03-30 18:57:09.220   815   976 V AccessibilityUserState: updateShortcutTargets: type:accessibility_shortcut_target_service, current:{}, new:{}
03-30 18:57:09.221   815   976 V AccessibilityUserState: updateShortcutTargets: type:accessibility_button_targets, current:{}, new:{}
03-30 18:57:09.221   815   976 V AccessibilityUserState: updateShortcutTargets: type:accessibility_gesture_targets, current:{}, new:{}
03-30 18:57:09.222   815   976 V AccessibilityUserState: updateShortcutTargets: type:accessibility_qs_targets, current:{}, new:{}
03-30 18:57:09.224   815   976 V AccessibilityUserState: updateShortcutTargets: type:accessibility_key_gesture_targets, current:{}, new:{}
03-30 18:57:09.253   815   976 W MagnificationConnectionManager: requestConnection duplicated request: connect=false, mConnectionState=DISCONNECTED
03-30 18:57:09.261   815   976 V AccessibilityUserState: updateShortcutTargets: type:accessibility_button_targets, current:{}, new:{}
03-30 18:57:09.265   815   976 V AccessibilityUserState: updateShortcutTargets: type:accessibility_qs_targets, current:{}, new:{}
03-30 18:57:09.293   815   976 V AccessibilityUserState: updateShortcutTargets: type:accessibility_shortcut_target_service, current:{}, new:{}
03-30 18:57:09.294   815   976 V AccessibilityUserState: updateShortcutTargets: type:accessibility_qs_targets, current:{}, new:{}
03-30 18:57:09.296   815   976 V AccessibilityUserState: updateShortcutTargets: type:accessibility_button_targets, current:{}, new:{}
03-30 18:57:09.297   815   976 V AccessibilityUserState: updateShortcutTargets: type:accessibility_gesture_targets, current:{}, new:{}
03-30 18:57:09.297   815   976 V AccessibilityUserState: updateShortcutTargets: type:accessibility_key_gesture_targets, current:{}, new:{}
03-30 18:57:09.297   815   976 V AccessibilityManagerService: onUserStateChangedLocked for userId: 0, forceUpdate: false
03-30 18:57:09.307   815   976 V AccessibilityUserState: updateShortcutTargets: type:accessibility_shortcut_target_service, current:{}, new:{}
03-30 18:57:09.317   815   976 V AccessibilityUserState: updateShortcutTargets: type:accessibility_button_targets, current:{}, new:{}
03-30 18:57:09.318   815   976 V AccessibilityUserState: updateShortcutTargets: type:accessibility_gesture_targets, current:{}, new:{}
03-30 18:57:09.318   815   976 V AccessibilityUserState: updateShortcutTargets: type:accessibility_qs_targets, current:{}, new:{}
03-30 18:57:09.319   815   976 V AccessibilityUserState: updateShortcutTargets: type:accessibility_key_gesture_targets, current:{}, new:{}
03-30 18:57:09.326   815   976 W MagnificationConnectionManager: requestConnection duplicated request: connect=false, mConnectionState=DISCONNECTED
03-30 18:57:09.496  3418  3418 D nativeloader: Load libframework-connectivity-tiramisu-jni.so using APEX ns com_android_tethering for caller /apex/com.android.tethering/javalib/framework-connectivity-t.jar: ok
03-30 18:57:09.500  3418  3418 D AndroidRuntime: Calling main entry com.android.commands.monkey.Monkey
03-30 18:57:09.517  3418  3418 D nativeloader: Load /system/lib64/libmonkey_jni.so using ns default for caller /system/framework/monkey.jar in same partition (is_bridged=0): ok
03-30 18:57:09.522  3418  3418 W Monkey  : args: [-p, com.weejobs.app, -c, android.intent.category.LAUNCHER, 1]
03-30 18:57:09.682  3418  3418 I AconfigPackage: android.media.swcodec.flags is mapped to com.android.media.swcodec
03-30 18:57:09.693  3418  3418 I AconfigPackage: com.android.permission.flags is mapped to com.android.permission
03-30 18:57:09.694  3418  3418 I AconfigPackage: com.android.permissioncontroller.flags is mapped to com.android.permission
03-30 18:57:09.703  3418  3418 I AconfigPackage: com.android.icu is mapped to com.android.i18n
03-30 18:57:09.720  3418  3418 I AconfigPackage: com.android.appsearch.flags is mapped to com.android.appsearch
03-30 18:57:09.734  3418  3418 I AconfigPackage: android.uprobestats.mainline.flags is mapped to com.android.uprobestats
03-30 18:57:09.748  3418  3418 I AconfigPackage: com.android.crashrecovery.flags is mapped to com.android.crashrecovery
03-30 18:57:09.758  3418  3418 I AconfigPackage: android.provider.flags is mapped to com.android.configinfrastructure
03-30 18:57:09.760  3418  3418 I AconfigPackage: com.android.server.deviceconfig is mapped to com.android.configinfrastructure
03-30 18:57:09.769  3418  3418 I AconfigPackage: com.android.compos.flags is mapped to com.android.compos
03-30 18:57:09.780  3418  3418 I AconfigPackage: com.android.art.flags is mapped to com.android.art
03-30 18:57:09.781  3418  3418 I AconfigPackage: com.android.art.rw.flags is mapped to com.android.art
03-30 18:57:09.781  3418  3418 I AconfigPackage: com.android.libcore is mapped to com.android.art
03-30 18:57:09.790  3418  3418 I AconfigPackage: com.android.telephony.flags is mapped to com.android.telephonycore
03-30 18:57:09.800  3418  3418 I AconfigPackage: com.android.media.extractor.flags is mapped to com.android.media
03-30 18:57:09.800  3418  3418 I AconfigPackage: com.android.media.mainline.flags is mapped to com.android.media
03-30 18:57:09.809  3418  3418 I AconfigPackage: com.android.wifi.flags is mapped to com.android.wifi
03-30 18:57:09.817  3418  3418 I AconfigPackage: com.android.org.conscrypt.flags is mapped to com.android.conscrypt
03-30 18:57:09.817  3418  3418 I AconfigPackage: com.android.org.conscrypt.net.flags is mapped to com.android.conscrypt
03-30 18:57:09.826  3418  3418 I AconfigPackage: com.android.healthfitness.flags is mapped to com.android.healthfitness
03-30 18:57:09.834  3418  3418 I AconfigPackage: com.android.ipsec.flags is mapped to com.android.ipsec
03-30 18:57:09.845  3418  3418 I AconfigPackage: com.android.nfc.module.flags is mapped to com.android.nfcservices
03-30 18:57:09.857  3418  3418 I AconfigPackage: com.android.adservices.ondevicepersonalization.flags is mapped to com.android.ondevicepersonalization
03-30 18:57:09.868  3418  3418 I AconfigPackage: com.android.adbd.flags is mapped to com.android.adbd
03-30 18:57:09.878  3418  3418 I AconfigPackage: com.android.bluetooth.flags is mapped to com.android.bt
03-30 18:57:09.886  3418  3418 I AconfigPackage: com.android.devicelock.flags is mapped to com.android.devicelock
03-30 18:57:09.900  3418  3418 I AconfigPackage: android.os.profiling is mapped to com.android.profiling
03-30 18:57:09.901  3418  3418 I AconfigPackage: android.os.profiling.anomaly.flags is mapped to com.android.profiling
03-30 18:57:09.915  3418  3418 I AconfigPackage: com.android.os.statsd.flags is mapped to com.android.os.statsd
03-30 18:57:09.926  3418  3418 I AconfigPackage: com.android.rkpd.flags is mapped to com.android.rkpd
03-30 18:57:09.938  3418  3418 I AconfigPackage: com.android.cellbroadcastreceiver.flags is mapped to com.android.cellbroadcast
03-30 18:57:09.951  3418  3418 I AconfigPackage: com.android.adservices.flags is mapped to com.android.adservices
03-30 18:57:09.951  3418  3418 I AconfigPackage: com.android.sdksandbox.flags is mapped to com.android.adservices
03-30 18:57:09.970  3418  3418 I AconfigPackage: com.android.uwb.flags is mapped to com.android.uwb
03-30 18:57:09.970  3418  3418 I AconfigPackage: com.android.ranging.flags is mapped to com.android.uwb
03-30 18:57:09.984  3418  3418 I AconfigPackage: android.graphics.pdf.flags is mapped to com.android.mediaprovider
03-30 18:57:09.985  3418  3418 I AconfigPackage: com.android.providers.media.flags is mapped to com.android.mediaprovider
03-30 18:57:09.985  3418  3418 I AconfigPackage: android.graphics.pdf.flags.readonly is mapped to com.android.mediaprovider
03-30 18:57:09.995  3418  3418 I AconfigPackage: com.android.tethering.mainline.beta is mapped to com.android.tethering
03-30 18:57:09.995  3418  3418 I AconfigPackage: android.net.http is mapped to com.android.tethering
03-30 18:57:09.995  3418  3418 I AconfigPackage: com.android.tethering.readonly.flags is mapped to com.android.tethering
03-30 18:57:09.995  3418  3418 I AconfigPackage: android.net.vcn is mapped to com.android.tethering
03-30 18:57:09.995  3418  3418 I AconfigPackage: com.android.net.flags is mapped to com.android.tethering
03-30 18:57:09.995  3418  3418 I AconfigPackage: com.android.tethering.beta.test is mapped to com.android.tethering
03-30 18:57:09.995  3418  3418 I AconfigPackage: com.android.nearby.flags is mapped to com.android.tethering
03-30 18:57:09.995  3418  3418 I AconfigPackage: com.android.net.ct.flags is mapped to com.android.tethering
03-30 18:57:09.995  3418  3418 I AconfigPackage: com.android.net.thread.flags is mapped to com.android.tethering
03-30 18:57:10.004  3418  3418 I AconfigPackage: com.android.system.virtualmachine.flags is mapped to com.android.virt
03-30 18:57:10.006  3418  3418 E FeatureFlagsImplExport: android.os.flagging.AconfigStorageReadException: ERROR_PACKAGE_NOT_FOUND: package android.xr cannot be found on the device
03-30 18:57:10.201  3418  3418 W Monkey  :  arg: "-p"
03-30 18:57:10.201  3418  3418 W Monkey  :  arg: "com.weejobs.app"
03-30 18:57:10.201  3418  3418 W Monkey  :  arg: "-c"
03-30 18:57:10.201  3418  3418 W Monkey  :  arg: "android.intent.category.LAUNCHER"
03-30 18:57:10.201  3418  3418 W Monkey  :  arg: "1"
03-30 18:57:10.201  3418  3418 W Monkey  : data="com.weejobs.app"
03-30 18:57:10.201  3418  3418 W Monkey  : data="android.intent.category.LAUNCHER"
03-30 18:57:10.319   815   964 D EventHub: No input device configuration file found for device 'Monkey touch'.
03-30 18:57:10.341   815   964 I EventHub: usingClockIoctl=true
03-30 18:57:10.342   815   964 I EventHub: New device: id=30, fd=647, path='/dev/input/event14', name='Monkey touch', classes=TOUCH | TOUCH_MT, configuration='', keyLayout='', keyCharacterMap='', builtinKeyboard=false, 
03-30 18:57:10.346  1337  1511 W Looper  : Drained
03-30 18:57:10.485   815   964 I InputReader: Device reconfigured: id=30, name='Monkey touch', size 1080x2400, orientation Rotation0, mode DIRECT, display id 0
03-30 18:57:10.490   815   964 I InputReader: Device added: id=30, eventHubId=30, name='Monkey touch', descriptor='e1fe28b90f915c7d1febbd52c1ef84b3c4cbed9f',sources=TOUCHSCREEN
03-30 18:57:10.816  2690  2792 W libbinder.Binder: Binder transaction to android.content.IContentProvider code 21 took 10797ms. Data bytes: 472 Reply bytes: 424 Flags: 18
03-30 18:57:10.818  1636  2560 D WellbeingModel: ....actionId: pause, packages: com.weejobs.app
03-30 18:57:10.818   815  2209 W ActivityManager: registerReceiverWithFeature: no app for null
03-30 18:57:10.818  1636  2560 I WellbeingModel: retrieveActions(): finished
03-30 18:57:10.930   815  2209 W ActivityTaskManager: callingPackage for (uid=2000, pid=3418) has no WPC
03-30 18:57:10.939   815  2209 V WindowManager: DesktopModeLaunchParamsModifier: phase= 0 task=null activity=null display-area-from-current-params=null display-area-from-default-fallback=DefaultTaskDisplayArea@146451114 display-id=0 task-display-area-windowing-mode=1 suggested-display-area=DefaultTaskDisplayArea@146451114 task null, skipping
03-30 18:57:10.940   815  2209 V WindowManager: TaskLaunchParamsModifier:phase=0 task=null activity=null display-area-from-current-params=null display-area-from-default-fallback=DefaultTaskDisplayArea@146451114 display-id=0 task-display-area-windowing-mode=1 suggested-display-area=DefaultTaskDisplayArea@146451114
03-30 18:57:10.982   815  2209 V GrammaticalInflectionUtils: AttributionSource: android.content.AttributionSource@a8b12c4b does not have READ_SYSTEM_GRAMMATICAL_GENDER permission.
03-30 18:57:10.994   815  2209 V WindowManager: DesktopModeLaunchParamsModifier: phase= 0 task=null activity=ActivityRecord{223052280 u0 com.weejobs.app/.MainActivity display-area-from-current-params=null display-area-from-default-fallback=DefaultTaskDisplayArea@146451114 display-id=0 task-display-area-windowing-mode=1 suggested-display-area=DefaultTaskDisplayArea@146451114 task null, skipping
03-30 18:57:10.994   815  2209 V WindowManager: TaskLaunchParamsModifier:phase=0 task=null activity=ActivityRecord{223052280 u0 com.weejobs.app/.MainActivity t-1} display-area-from-current-params=null display-area-from-default-fallback=DefaultTaskDisplayArea@146451114 display-id=0 task-display-area-windowing-mode=1 suggested-display-area=DefaultTaskDisplayArea@146451114
03-30 18:57:10.995   815  2209 V WindowManager: DesktopModeLaunchParamsModifier: phase= 3 task=null activity=ActivityRecord{223052280 u0 com.weejobs.app/.MainActivity t-1} display-area-from-current-params=null display-area-from-default-fallback=DefaultTaskDisplayArea@146451114 display-id=0 task-display-area-windowing-mode=1 suggested-display-area=DefaultTaskDisplayArea@146451114 task null, skipping
03-30 18:57:10.998   815  2209 V WindowManager: TaskLaunchParamsModifier:phase=3 task=null activity=ActivityRecord{223052280 u0 com.weejobs.app/.MainActivity t-1} display-area-from-current-params=null display-area-from-default-fallback=DefaultTaskDisplayArea@146451114 display-id=0 task-display-area-windowing-mode=1 suggested-display-area=DefaultTaskDisplayArea@146451114 non-freeform-task-display-area display-area=DefaultTaskDisplayArea@146451114 skip-bounds-fullscreen
03-30 18:57:11.042   815  2209 V WindowManager: DesktopModeLaunchParamsModifier: phase= 3 task=Task{89016d1 #47 type=standard A=10227:com.weejobs.app} activity=ActivityRecord{223052280 u0 com.weejobs.app/.MainActivity t-1} display-from-task=0 display-id=0 task-display-area-windowing-mode=1 suggested-display-area=DefaultTaskDisplayArea@146451114 not entering desktop mode, skipping
03-30 18:57:11.043   815  2209 V WindowManager: TaskLaunchParamsModifier:phase=3 task=Task{89016d1 #47 type=standard A=10227:com.weejobs.app} activity=ActivityRecord{223052280 u0 com.weejobs.app/.MainActivity t-1} display-from-task=0 display-id=0 task-display-area-windowing-mode=1 suggested-display-area=DefaultTaskDisplayArea@146451114 inherit-from-task=fullscreen non-freeform-task-display-area display-area=DefaultTaskDisplayArea@146451114 skip-bounds-fullscreen
03-30 18:57:11.077   815  2209 I ActivityTaskManager: START u0 {act=android.intent.action.MAIN cat=[android.intent.category.LAUNCHER] flg=0x10200000 cmp=com.weejobs.app/.MainActivity} with LAUNCH_SINGLE_TASK from uid 2000 (com.android.shell) (BAL_ALLOW_PERMISSION) result code=0
03-30 18:57:11.086  3418  3418 I Monkey  : Events injected: 1
03-30 18:57:11.110  1337  1429 V WindowManagerShell: Transition requested (#93): android.os.BinderProxy@895b330 TransitionRequestInfo { type = OPEN, triggerTask = TaskInfo{userId=0 taskId=47 effectiveUid=10227 displayId=0 isRunning=true baseIntent=Intent { act=android.intent.action.MAIN cat=[android.intent.category.LAUNCHER] flg=0x10200000 cmp=com.weejobs.app/.MainActivity } baseActivity=ComponentInfo{com.weejobs.app/com.weejobs.app.MainActivity} topActivity=ComponentInfo{com.weejobs.app/com.weejobs.app.MainActivity} origActivity=null realActivity=ComponentInfo{com.weejobs.app/com.weejobs.app.MainActivity} numActivities=1 lastActiveTime=23464563 supportsMultiWindow=true resizeMode=1 isResizeable=true minWidth=-1 minHeight=-1 defaultMinSize=220 token=WCT{android.os.BinderProxy@b761ba9} topActivityType=1 pictureInPictureParams=null shouldDockBigOverlays=false launchIntoPipHostTaskId=-1 lastParentTaskIdBeforePip=-1 displayCutoutSafeInsets=Rect(0, 0 - 0, 0) topActivityInfo=ActivityInfo{b6d752e com.weejobs.app.MainActivity} launchCookies=[] positionInParent=Point(0, 0) parentTaskId=-1 isFocused=false isVisible=false isVisibleRequested=false isTopActivityNoDisplay=false isSleeping=false locusId=null displayAreaFeatureId=1 isTopActivityTransparent=false isActivityStackTransparent=false lastNonFullscreenBounds=null capturedLink=null capturedLinkTimestamp=0 requestedVisibleTypes=503 topActivityRequestOpenInBrowserEducationTimestamp=0 appCompatTaskInfo=AppCompatTaskInfo { topActivityInSizeCompat=false isLeafTask= true eligibleForLetterboxEducation= false isLetterboxEducationEnabled= true isLetterboxDoubleTapEnabled= false eligibleForUserAspectRatioButton= false topActivityBoundsLetterboxed= false isFromLetterboxDoubleTap= false topActivityLetterboxVerticalPosition= -1 topActivityLetterboxHorizontalPosition= -1 topActivityLetterboxWidth=-1 topActivityLetterboxHeight=-1 topActivityAppBounds=Rect(0, 0 - 1080, 2400) isUserFullscreenOverrideEnabled=false isSystemFullscreenOverrideEnabled=false hasMinAspectRatioOverride=false topActivityLetterboxBounds=null cameraCompatTaskInfo=CameraCompatTaskInfo { cameraCompatMode=undefinedundefined} topNonResizableActivityAspectRatio=-1.0} topActivityMainWindowFrame=null isAppBubble=false}, pipChange = null, remoteTransition = null, displayChange = null, requestedLocation = null, userChange = null, windowingLayerChange = null, flags = 0, debugId = 93 }
03-30 18:57:11.113  1337  1429 D ShellSplitScreen: logExit: no-op, mLoggerSessionId is null
03-30 18:57:11.142   815   838 V GrammaticalInflectionUtils: AttributionSource: android.content.AttributionSource@a8b12c4b does not have READ_SYSTEM_GRAMMATICAL_GENDER permission.
03-30 18:57:11.154  1636  1636 D BaseActivity: Launcher flags updated: [state_started|state_resumed|state_deferred_resumed|state_window_focused] -[state_user_active]
03-30 18:57:11.162  1636  1636 D BaseActivity: Launcher flags updated: [state_started|state_window_focused] -[state_resumed|state_deferred_resumed]
03-30 18:57:11.170  1636  1636 W SplitSelectStateCtor: Missing session instanceIds
03-30 18:57:11.170  1636  1636 D StatsLog: LAUNCHER_SPLIT_SELECTION_EXIT_INTERRUPTED
03-30 18:57:11.182   815   838 W ActivityManager: Slow operation: 56ms so far, now at startProcess: done starting proc!
03-30 18:57:11.189  3418  3418 I Monkey  : ## Network stats: elapsed time=255ms (0ms mobile, 0ms wifi, 255ms not connected)
03-30 18:57:11.192   815  1482 I AppsFilter: interaction: PackageSetting{324f4bb com.android.microdroid.empty_payload/10207} -> PackageSetting{2dbcec2 com.weejobs.app/10227} BLOCKED
03-30 18:57:11.193  1337  1429 V ShellDesktopMode: DesktopTasksController: handleRequest request=TransitionRequestInfo { type = OPEN, triggerTask = TaskInfo{userId=0 taskId=47 effectiveUid=10227 displayId=0 isRunning=true baseIntent=Intent { act=android.intent.action.MAIN cat=[android.intent.category.LAUNCHER] flg=0x10200000 cmp=com.weejobs.app/.MainActivity } baseActivity=ComponentInfo{com.weejobs.app/com.weejobs.app.MainActivity} topActivity=ComponentInfo{com.weejobs.app/com.weejobs.app.MainActivity} origActivity=null realActivity=ComponentInfo{com.weejobs.app/com.weejobs.app.MainActivity} numActivities=1 lastActiveTime=23464563 supportsMultiWindow=true resizeMode=1 isResizeable=true minWidth=-1 minHeight=-1 defaultMinSize=220 token=WCT{android.os.BinderProxy@b761ba9} topActivityType=1 pictureInPictureParams=null shouldDockBigOverlays=false launchIntoPipHostTaskId=-1 lastParentTaskIdBeforePip=-1 displayCutoutSafeInsets=Rect(0, 0 - 0, 0) topActivityInfo=ActivityInfo{b6d752e com.weejobs.app.MainActivity} launchCookies=[] positionInParent=Point(0, 0) parentTaskId=-1 isFocused=false isVisible=false isVisibleRequested=false isTopActivityNoDisplay=false isSleeping=false locusId=null displayAreaFeatureId=1 isTopActivityTransparent=false isActivityStackTransparent=false lastNonFullscreenBounds=null capturedLink=null capturedLinkTimestamp=0 requestedVisibleTypes=503 topActivityRequestOpenInBrowserEducationTimestamp=0 appCompatTaskInfo=AppCompatTaskInfo { topActivityInSizeCompat=false isLeafTask= true eligibleForLetterboxEducation= false isLetterboxEducationEnabled= true isLetterboxDoubleTapEnabled= false eligibleForUserAspectRatioButton= false topActivityBoundsLetterboxed= false isFromLetterboxDoubleTap= false topActivityLetterboxVerticalPosition= -1 topActivityLetterboxHorizontalPosition= -1 topActivityLetterboxWidth=-1 topActivityLetterboxHeight=-1 topActivityAppBounds=Rect(0, 0 - 1080, 2400) isUserFullscreenOverrideEnabled=false isSystemFullscreenOverrideEnabled=false hasMinAspectRatioOverride=false topActivityLetterboxBounds=null cameraCompatTaskInfo=CameraCompatTaskInfo { cameraCompatMode=undefinedundefined} topNonResizableActivityAspectRatio=-1.0} topActivityMainWindowFrame=null isAppBubble=false}, pipChange = null, remoteTransition = null, displayChange = null, requestedLocation = null, userChange = null, windowingLayerChange = null, flags = 0, debugId = 93 }
03-30 18:57:11.193  1337  1429 V ShellDesktopMode: DesktopTasksController: skipping handleRequest reason=triggerTask's display doesn't support desktop mode
03-30 18:57:11.212  3418  3418 I app_process: System.exit called, status: 0
03-30 18:57:11.213  3418  3418 I AndroidRuntime: VM exiting with result code 0.
03-30 18:57:11.224   815  1292 D BackgroundInstallControlService: Package event received: 0
03-30 18:57:11.234   815  1312 D CompatChangeReporter: Compat change id reported: 377864165; UID 10227; state: ENABLED
03-30 18:57:11.246   815  1482 V WindowManager: Defer transition id=93 for TaskFragmentTransaction=android.os.Binder@1e7253c
03-30 18:57:11.257   815   964 I EventHub: Removing device Monkey touch due to epoll hang-up event.
03-30 18:57:11.258   815   964 I EventHub: Removed device: path=/dev/input/event14 name=Monkey touch id=30 fd=647 classes=TOUCH | TOUCH_MT
03-30 18:57:11.264   815  1482 V WindowManager: deferTransitionReady deferReadyDepth=1 stack=com.android.server.wm.TransitionController.deferTransitionReady:1061 com.android.server.wm.TaskFragmentOrganizerController$TaskFragmentOrganizerState.dispatchTransaction:517 com.android.server.wm.TaskFragmentOrganizerController.dispatchPendingEvents:1259 com.android.server.wm.TaskFragmentOrganizerController.dispatchPendingEvents:1228 com.android.server.wm.RootWindowContainer.performSurfacePlacement:777 
03-30 18:57:11.269  1636  1636 D RecentsView: onTaskDisplayChanged: 47, new displayId = 0
03-30 18:57:11.277   651   661 I libbinder.BpBinder: onLastStrongRef automatically unlinking death recipients for descriptor: '(not cached)'
03-30 18:57:11.290   815   964 I InputReader: Device removed: id=30, eventHubId=30, name='Monkey touch', descriptor='e1fe28b90f915c7d1febbd52c1ef84b3c4cbed9f', sources=TOUCHSCREEN
03-30 18:57:11.300  1337  1429 D WindowManagerShell: setLauncherKeepClearAreaHeight: visible=false, height=495
03-30 18:57:11.301  1337  1429 V ShellDesktopMode: DesktopDisplayModeController: canDesktopFirstModeBeEnabledOnDefaultDisplay: isDefaultDisplayDesktopEligible=false
03-30 18:57:11.317  8754  8754 I PkDeviceHelper: PkDeviceHelper.refreshDevices():93 refreshing devices
03-30 18:57:11.324   815   861 W ProcessCpuTracker: Failed to stat(/proc/3418): android.system.ErrnoException: stat failed: ENOENT (No such file or directory)
03-30 18:57:11.325   815   861 W ProcessCpuTracker: Skipping unknown process pid 3418
03-30 18:57:11.329   815   964 I EventHub: Removing device '/dev/input/event14' due to inotify event
03-30 18:57:11.346  1337  1429 D ShellDesktopMode: DesktopRepository: Removes freeform task: taskId=46
03-30 18:57:11.348  1337  1429 W ShellDesktopMode: DesktopRepository: No display id found for task: taskId=46
03-30 18:57:11.361   815   815 W Looper  : Slow dispatch took 122ms main app=system_server main=true group=FOREGROUND h=android.os.Handler c=com.android.internal.content.PackageMonitor$$ExternalSyntheticLambda0@e24dfd4 m=0
03-30 18:57:11.391  1636  1636 D b/417220811: invalidateLoadedTasks - previous requestLoadId: -1
03-30 18:57:11.400  1636  1636 D b/417220811: invalidateLoadedTasks - previous requestLoadId: -1
03-30 18:57:11.400   815  2209 V WindowManager: Continue transition id=93 for TaskFragmentTransaction=android.os.Binder@1e7253c
03-30 18:57:11.401   815  2209 V WindowManager: continueTransitionReady deferReadyDepth=0 stack=com.android.server.wm.TransitionController.continueTransitionReady:1071 com.android.server.wm.TaskFragmentOrganizerController$TaskFragmentOrganizerState.onTransactionFinished:546 com.android.server.wm.TaskFragmentOrganizerController.onTransactionHandled:740 android.window.ITaskFragmentOrganizerController$Stub.onTransact:225 android.os.Binder.execTransactInternal:1473 
03-30 18:57:11.414  1636  1636 D b/417220811: invalidateLoadedTasks - previous requestLoadId: -1
03-30 18:57:11.428  1337  1429 V ShellDesktopMode: DesktopDisplayModeController: canDesktopFirstModeBeEnabledOnDefaultDisplay: isDefaultDisplayDesktopEligible=false
03-30 18:57:11.448   815   836 W Looper  : Slow dispatch took 111ms android.ui app=system_server main=false group=TOP_APP h=com.android.server.am.ActivityManagerService$UiHandler c=com.android.server.am.UidObserverController$$ExternalSyntheticLambda0@b25499f m=0
03-30 18:57:11.486  8754  8754 I PkDeviceHelper: PkDeviceHelper.addDevice():133 device qwerty2 added
03-30 18:57:11.494   815   838 W PermissionService: getPermissionFlags: Unknown user -1
03-30 18:57:11.500   815   838 W PermissionService: getPermissionFlags: Unknown user -1
03-30 18:57:11.521  1636  1636 D BaseActivity: Launcher flags updated: [state_started] -[state_window_focused]
03-30 18:57:11.566  8754  8754 I PkDeviceHelper: PkDeviceHelper.addDevice():133 device AT Translated Set 2 keyboard added
03-30 18:57:11.590  1337  1477 D WindowOnBackDispatcher: setTopOnBackInvokedCallback (unwrapped): android.view.ViewRootImpl$$ExternalSyntheticLambda12@9085463
03-30 18:57:11.602   579   579 D Zygote  : Forked child process 3483
03-30 18:57:11.605   815  1482 D CoreBackPreview: Window{2af9127 u0 Splash Screen com.weejobs.app}: Setting back callback OnBackInvokedCallbackInfo{mCallback=android.window.IOnBackInvokedCallback$Stub$Proxy@cdb7e1f, mPriority=0, mIsAnimationCallback=false, mOverrideBehavior=0}
03-30 18:57:11.610   815   846 W ActivityManager: Slow operation: 452ms so far, now at startProcess: returned from zygote!
03-30 18:57:11.613   815   846 W ActivityManager: Slow operation: 456ms so far, now at startProcess: done updating battery stats
03-30 18:57:11.621   815   846 W ActivityManager: Slow operation: 463ms so far, now at startProcess: building log message
03-30 18:57:11.623   815   846 I ActivityManager: Start proc 3483:com.weejobs.app/u0a227 for next-top-activity {com.weejobs.app/com.weejobs.app.MainActivity}
03-30 18:57:11.642  8754  8754 W NotificationCenter: NotificationCenter$NotificationQueue.notifyPendingNotificationsOnExecutor():877 Heavy notify work detected on UI thread: [lom->jpv, lom->ngr] takes 336ms
03-30 18:57:11.645   815   846 W ActivityManager: Slow operation: 465ms so far, now at startProcess: starting to update pids map
03-30 18:57:11.653   815   846 W ActivityManager: Slow operation: 495ms so far, now at startProcess: done updating pids map
03-30 18:57:11.787  1337  1337 D NavigationModeController: getCurrentUserContext: contextUser=0 currentUser=0
03-30 18:57:11.803  2049  2662 W AiAiEcho: LyftNotificationParser Ridesharing ETA not enabled
03-30 18:57:11.806  2049  2662 I AiAiEcho: SmartspaceNotificationPredictor no parser can handle this notification or notification is invalid
03-30 18:57:11.921  8754  8754 W NotificationCenter: NotificationCenter$NotificationQueue.notifyPendingNotificationsOnExecutor():877 Heavy notify work detected on UI thread: [lom->hvg, lom->guo, lom->guo] takes 164ms
03-30 18:57:11.922  8754  8754 I PkDeviceHelper: PkDeviceHelper.refreshDevices():93 refreshing devices
03-30 18:57:11.926  8754  8754 I PkDeviceHelper: PkDeviceHelper.addDevice():133 device qwerty2 added
03-30 18:57:11.930  8754  8754 I PkDeviceHelper: PkDeviceHelper.addDevice():133 device AT Translated Set 2 keyboard added
03-30 18:57:11.976  8754  8754 W NotificationCenter: NotificationCenter$NotificationQueue.notifyPendingNotificationsOnExecutor():877 Heavy notify work detected on UI thread: [lom->jpv, lom->ngr] takes 54ms
03-30 18:57:11.981  3483  3483 I Zygote  : Process 3483 created for com.weejobs.app
03-30 18:57:12.010   815  1239 I HalDevMgr: bestIfaceCreationProposal is null, requestIface=STA, existingIface=[name=wlan0 type=STA]
03-30 18:57:12.036  3483  3483 I com.weejobs.app: Late-enabling -Xcheck:jni
03-30 18:57:12.169   815   835 V WindowManager: Sent Transition (#93) createdAt=03-30 18:57:10.991 via request=TransitionRequestInfo { type = OPEN, triggerTask = TaskInfo{userId=0 taskId=47 effectiveUid=10227 displayId=0 isRunning=true baseIntent=Intent { act=android.intent.action.MAIN cat=[android.intent.category.LAUNCHER] flg=0x10200000 cmp=com.weejobs.app/.MainActivity } baseActivity=ComponentInfo{com.weejobs.app/com.weejobs.app.MainActivity} topActivity=ComponentInfo{com.weejobs.app/com.weejobs.app.MainActivity} origActivity=null realActivity=ComponentInfo{com.weejobs.app/com.weejobs.app.MainActivity} numActivities=1 lastActiveTime=23464563 supportsMultiWindow=true resizeMode=1 isResizeable=true minWidth=-1 minHeight=-1 defaultMinSize=220 token=WCT{RemoteToken{b1d51b1 Task{89016d1 #47 type=standard A=10227:com.weejobs.app}}} topActivityType=1 pictureInPictureParams=null shouldDockBigOverlays=false launchIntoPipHostTaskId=-1 lastParentTaskIdBeforePip=-1 displayCutoutSafeInsets=Rect(0, 0 - 0, 0) topActivityInfo=ActivityInfo{a45e696 com.weejobs.app.MainActivity} launchCookies=[] positionInParent=Point(0, 0) parentTaskId=-1 isFocused=false isVisible=false isVisibleRequested=false isTopActivityNoDisplay=false isSleeping=false locusId=null displayAreaFeatureId=1 isTopActivityTransparent=false isActivityStackTransparent=false lastNonFullscreenBounds=null capturedLink=null capturedLinkTimestamp=0 requestedVisibleTypes=503 topActivityRequestOpenInBrowserEducationTimestamp=0 appCompatTaskInfo=AppCompatTaskInfo { topActivityInSizeCompat=false isLeafTask= true eligibleForLetterboxEducation= false isLetterboxEducationEnabled= true isLetterboxDoubleTapEnabled= false eligibleForUserAspectRatioButton= false topActivityBoundsLetterboxed= false isFromLetterboxDoubleTap= false topActivityLetterboxVerticalPosition= -1 topActivityLetterboxHorizontalPosition= -1 topActivityLetterboxWidth=-1 topActivityLetterboxHeight=-1 topActivityAppBounds=Rect(0, 0 - 1080, 2400) isUserFullscreenOverrideEnabled=false isSystemFullscreenOverrideEnabled=false hasMinAspectRatioOverride=false topActivityLetterboxBounds=null cameraCompatTaskInfo=CameraCompatTaskInfo { cameraCompatMode=undefinedundefined} topNonResizableActivityAspectRatio=-1.0} topActivityMainWindowFrame=null isAppBubble=false}, pipChange = null, remoteTransition = null, displayChange = null, requestedLocation = null, userChange = null, windowingLayerChange = null, flags = 0, debugId = 93 }
03-30 18:57:12.169   815   835 V WindowManager:     startWCT=WindowContainerTransaction { changes= {} hops= [] errorCallbackToken=null taskFragmentOrganizer=null }
03-30 18:57:12.170   815   835 V WindowManager:     info={id=93 t=OPEN f=0x0 trk=0 r=[0@Point(0, 0)] c=[
03-30 18:57:12.170   815   835 V WindowManager:         {WCT{RemoteToken{b1d51b1 Task{89016d1 #47 type=standard A=10227:com.weejobs.app}}} m=OPEN f=NONE leash=Surface(name=Task=47#1291)/@0xb43dd3b sb=Rect(0, 0 - 1080, 2400) eb=Rect(0, 0 - 1080, 2400) epz=Point(1080, 2400) d=0 taskParent=-1 winMode=1 userId=0},
03-30 18:57:12.170   815   835 V WindowManager:         {WCT{RemoteToken{2b288d7 Task{456e129 #1 type=home}}} m=TO_BACK f=SHOW_WALLPAPER leash=Surface(name=Task=1#44)/@0x377fbff sb=Rect(0, 0 - 1080, 2400) eb=Rect(0, 0 - 1080, 2400) epz=Point(1080, 2400) d=0 taskParent=-1 winMode=1 userId=0},
03-30 18:57:12.170   815   835 V WindowManager:         {m=TO_BACK f=IS_WALLPAPER leash=Surface(name=WallpaperWindowToken{4959bac}#56)/@0x6259f59 sb=Rect(0, 0 - 1080, 2400) eb=Rect(0, 0 - 1080, 2400) epz=Point(1080, 2400) d=0}
03-30 18:57:12.170   815   835 V WindowManager:     ]}
03-30 18:57:12.194  1337  1429 V ShellTaskOrganizer: Task appeared taskId=47 listener=FullscreenTaskListener
03-30 18:57:12.194  1337  1429 V ShellTaskOrganizer: Fullscreen Task Appeared: #47
03-30 18:57:12.212  1636  1636 D b/417220811: invalidateLoadedTasks - previous requestLoadId: -1
03-30 18:57:12.301  1337  1783 V WindowManagerShell: onTransitionReady(transaction=3500398355457)
03-30 18:57:12.302  1337  1429 V WindowManagerShell: onTransitionReady (#93) android.os.BinderProxy@895b330: {id=93 t=OPEN f=0x0 trk=0 r=[0@Point(0, 0)] c=[
03-30 18:57:12.302  1337  1429 V WindowManagerShell:         {m=OPEN f=NONE leash=Surface(name=Task=47#1291)/@0x8b221ea sb=Rect(0, 0 - 1080, 2400) eb=Rect(0, 0 - 1080, 2400) epz=Point(1080, 2400) d=0 taskParent=-1 winMode=1 userId=0},
03-30 18:57:12.302  1337  1429 V WindowManagerShell:         {m=TO_BACK f=SHOW_WALLPAPER leash=Surface(name=Task=1#44)/@0xf29ecdb sb=Rect(0, 0 - 1080, 2400) eb=Rect(0, 0 - 1080, 2400) epz=Point(1080, 2400) d=0 taskParent=-1 winMode=1 userId=0},
03-30 18:57:12.302  1337  1429 V WindowManagerShell:         {m=TO_BACK f=IS_WALLPAPER leash=Surface(name=WallpaperWindowToken{4959bac}#56)/@0x766c378 sb=Rect(0, 0 - 1080, 2400) eb=Rect(0, 0 - 1080, 2400) epz=Point(1080, 2400) d=0}
03-30 18:57:12.302  1337  1429 V WindowManagerShell:     ]}
03-30 18:57:12.316  1337  1429 V WindowManagerShell: Playing animation for (#93) android.os.BinderProxy@895b330@0
03-30 18:57:12.317  1337  1429 V ShellRecents: RecentsTransitionHandler.startAnimation: no controller found
