--------- beginning of main
03-30 18:56:59.994   815  2214 W libbinder.Binder: Binder transaction to android.app.IActivityManager code 35 took 1256ms. Data bytes: 272 Reply bytes: 3068 Flags: 18
--------- beginning of system
03-30 18:57:00.002   815   835 V WindowManager:     info={id=92 t=CLOSE f=0x0 trk=0 r=[0@Point(0, 0)] c=[
03-30 18:57:00.002   815   835 V WindowManager:         {WCT{RemoteToken{2b288d7 Task{456e129 #1 type=home}}} m=TO_FRONT f=SHOW_WALLPAPER|MOVE_TO_TOP leash=Surface(name=Task=1#44)/@0x377fbff sb=Rect(0, 0 - 1080, 2400) eb=Rect(0, 0 - 1080, 2400) epz=Point(1080, 2400) d=0 taskParent=-1 winMode=1 userId=0},
03-30 18:57:00.002   815   835 V WindowManager:         {WCT{RemoteToken{e5eb0fc Task{f27f840 #46 type=standard A=10227:com.weejobs.app}}} m=CLOSE f=NONE leash=Surface(name=Task=46#1254)/@0xbc10b93 sb=Rect(0, 0 - 1080, 2400) eb=Rect(0, 0 - 1080, 2400) epz=Point(1080, 2400) d=0 taskParent=-1 winMode=1 userId=0},
03-30 18:57:00.002   815   835 V WindowManager:         {m=TO_FRONT f=IS_WALLPAPER leash=Surface(name=WallpaperWindowToken{4959bac}#56)/@0x6259f59 sb=Rect(0, 0 - 1080, 2400) eb=Rect(0, 0 - 1080, 2400) epz=Point(1080, 2400) d=0}
03-30 18:57:00.002   815   835 V WindowManager:     ]}
03-30 18:57:00.002   815   835 W Looper  : Slow dispatch took 149ms android.fg app=system_server main=false group=FOREGROUND h=android.os.Handler c=com.android.server.wm.TransitionController$Logger@5dd4f50 m=0
03-30 18:57:00.021   815   815 I Telecom : CarModeTracker: Package com.weejobs.app is not tracked.: SSH.oR@Amg
03-30 18:57:00.094  6296  6296 D PickerSyncLockManager: Trying to acquire lock com.android.providers.media.photopicker.sync.CloseableReentrantLock@27c89da[Unlocked]. Lock Name = CLOUD_PROVIDER_LOCK. Threads that may be waiting to acquire this lock = []
03-30 18:57:00.098  6296  6296 D CloseableReentrantLock: Successfully acquired lock com.android.providers.media.photopicker.sync.CloseableReentrantLock@27c89da[Locked by thread main]. Lock Name = CLOUD_PROVIDER_LOCK. Threads that may be waiting to acquire this lock = []
03-30 18:57:00.104  6296  6296 D CloseableReentrantLock: Successfully released lock com.android.providers.media.photopicker.sync.CloseableReentrantLock@27c89da[Unlocked]. Lock Name = CLOUD_PROVIDER_LOCK. Threads that may be waiting to acquire this lock = []
03-30 18:57:00.104   815  1292 D BackgroundInstallControlService: Package event received: 0
03-30 18:57:00.114  2772  2849 I Finsky  : [46] Stats for Executor: LightweightExecutor vbl@9236271[Running, pool size = 4, active threads = 0, queued tasks = 1, completed tasks = 200]
03-30 18:57:00.119  2772  2849 I Finsky  : [46] Stats for Executor: BlockingExecutor vbl@2ddfd3a[Running, pool size = 0, active threads = 0, queued tasks = 0, completed tasks = 22]
03-30 18:57:00.145   815   815 I Telecom : InCallController: updateCarModeForConnections: car mode apps: : SSH.oR@Amg
03-30 18:57:00.156  2772  2849 I Finsky  : [46] Stats for Executor: bgExecutor vbl@6ca99a8[Running, pool size = 4, active threads = 0, queued tasks = 0, completed tasks = 161]
03-30 18:57:00.184  1337  1429 D Bubbles : onLocusVisibilityChanged=Overview|DISABLED visible=true taskId=1
03-30 18:57:00.198  2772  2772 D ActivityThread: Package [com.weejobs.app] reported as REPLACED, but missing application info. Assuming REMOVED.
03-30 18:57:00.298   815   847 W libprocessgroup: Still waiting on process(es) to exit for cgroup /sys/fs/cgroup/apps/uid_10227/pid_2870 after 2338 ms
03-30 18:57:00.304   815   847 E libprocessgroup: Unable to remove cgroup /sys/fs/cgroup/apps/uid_10227/pid_2870: Device or resource busy
03-30 18:57:00.366  1337 18832 V WindowManagerShell: onTransitionReady(transaction=3500398355382)
03-30 18:57:00.372  1337  1429 V WindowManagerShell: onTransitionReady (#92) android.os.BinderProxy@d5a450f: {id=92 t=CLOSE f=0x0 trk=0 r=[0@Point(0, 0)] c=[
03-30 18:57:00.372  1337  1429 V WindowManagerShell:         {m=TO_FRONT f=SHOW_WALLPAPER|MOVE_TO_TOP leash=Surface(name=Task=1#44)/@0xee3cca3 sb=Rect(0, 0 - 1080, 2400) eb=Rect(0, 0 - 1080, 2400) epz=Point(1080, 2400) d=0 taskParent=-1 winMode=1 userId=0},
03-30 18:57:00.372  1337  1429 V WindowManagerShell:         {m=CLOSE f=NONE leash=Surface(name=Task=46#1254)/@0x869fba0 sb=Rect(0, 0 - 1080, 2400) eb=Rect(0, 0 - 1080, 2400) epz=Point(1080, 2400) d=0 taskParent=-1 winMode=1 userId=0},
03-30 18:57:00.372  1337  1429 V WindowManagerShell:         {m=TO_FRONT f=IS_WALLPAPER leash=Surface(name=WallpaperWindowToken{4959bac}#56)/@0xd8b1359 sb=Rect(0, 0 - 1080, 2400) eb=Rect(0, 0 - 1080, 2400) epz=Point(1080, 2400) d=0}
03-30 18:57:00.372  1337  1429 V WindowManagerShell:     ]}
03-30 18:57:00.405  2879  3076 I PlayCommon: [88] Preparing logs for uploading
03-30 18:57:00.428  1337  1429 V WindowManagerShell: Playing animation for (#92) android.os.BinderProxy@d5a450f@0
03-30 18:57:00.467  1337  1429 V ShellRecents: RecentsTransitionHandler.startAnimation: no controller found
03-30 18:57:00.477  1337  1429 V ShellDesktopMode: DesktopMixedTransitionHandler: No pending desktop transition
03-30 18:57:00.477  2879  2879 I Finsky:background: [2] Memory trim requested to level 40
03-30 18:57:00.489  1337  1429 V WindowManagerShell: Transition doesn't have explicit remote, search filters for match for {id=92 t=CLOSE f=0x0 trk=0 r=[0@Point(0, 0)] c=[{m=TO_FRONT f=SHOW_WALLPAPER|MOVE_TO_TOP leash=Surface(name=Task=1#44)/@0xee3cca3 sb=Rect(0, 0 - 1080, 2400) eb=Rect(0, 0 - 1080, 2400) epz=Point(1080, 2400) d=0 taskParent=-1 winMode=1 userId=0},{m=CLOSE f=NONE leash=Surface(name=Task=46#1254)/@0x869fba0 sb=Rect(0, 0 - 1080, 2400) eb=Rect(0, 0 - 1080, 2400) epz=Point(1080, 2400) d=0 taskParent=-1 winMode=1 userId=0},{m=TO_FRONT f=IS_WALLPAPER leash=Surface(name=WallpaperWindowToken{4959bac}#56)/@0xd8b1359 sb=Rect(0, 0 - 1080, 2400) eb=Rect(0, 0 - 1080, 2400) epz=Point(1080, 2400) d=0}]}
03-30 18:57:00.501  1337  1511 W Looper  : Slow dispatch took 1613ms SysUiBg app=com.android.systemui main=false group=FOREGROUND h=android.content.pm.LauncherApps$CallbackMessageHandler c=null m=3
03-30 18:57:00.514   815   826 W system_server: Suspending all threads took: 331.520ms
03-30 18:57:00.520  1337  1429 V WindowManagerShell:  Checking filter Pair{{types=[] flags=0x0] notFlags=0x0 checks=[{atype=undefined independent=true modes=[CLOSE,TO_BACK] flags=IN_TASK_WITH_EMBEDDED_ACTIVITY mustBeTask=false order=ANY topActivity=null launchCookie=null taskFragmentToken=android.os.BinderProxy@c043bef windowingMode=undefined isCrossDisplayMove=false}]} RemoteTransition { remoteTransition = android.window.IRemoteTransition$Stub$Proxy@1ea86fc, appThread = android.app.IApplicationThread$Stub$Proxy@8e47185, debugName = overlayBackTransition }}
03-30 18:57:00.522  1337  1511 W Looper  : Slow delivery took 1683ms SysUiBg app=com.android.systemui main=false group=FOREGROUND h=android.os.Handler c=com.android.systemui.controls.management.ControlsListingControllerImpl$changeUser$1@bdc8fff m=0
03-30 18:57:00.540  1337  1429 V WindowManagerShell:  Checking filter Pair{{types=[] flags=0x0] notFlags=0x0 checks=[{atype=dream independent=true modes=[OPEN,TO_FRONT] flags=NONE mustBeTask=false order=ANY topActivity=null launchCookie=null windowingMode=undefined isCrossDisplayMove=false},{atype=home independent=true modes=[CLOSE,TO_BACK] flags=NONE mustBeTask=false order=ANY topActivity=null launchCookie=null windowingMode=undefined isCrossDisplayMove=false}]} RemoteTransition { remoteTransition = android.window.IRemoteTransition$Stub$Proxy@5b90bda, appThread = android.app.IApplicationThread$Stub$Proxy@602a80b, debugName = LauncherToDream }}
03-30 18:57:00.547  1337  1429 V WindowManagerShell:  Checking filter Pair{{types=[] flags=0x0] notFlags=0x100 checks=[{atype=home independent=true modes=[OPEN,TO_FRONT] flags=NONE mustBeTask=false order=TOP topActivity=ComponentInfo{com.google.android.apps.nexuslauncher/com.google.android.apps.nexuslauncher.NexusLauncherActivity} launchCookie=null windowingMode=undefined isCrossDisplayMove=false},{atype=standard independent=true modes=[CLOSE,TO_BACK] flags=NONE mustBeTask=false order=ANY topActivity=null launchCookie=null windowingMode=undefined isCrossDisplayMove=false},{NOT atype=undefined independent=true modes=[] flags=NONE mustBeTask=true order=ANY topActivity=null launchCookie=null customAnim=true windowingMode=undefined isCrossDisplayMove=false}]} RemoteTransition { remoteTransition = android.window.IRemoteTransition$Stub$Proxy@1d716e8, appThread = android.app.IApplicationThread$Stub$Proxy@ffa101, debugName = QuickstepLaunchHome }}
03-30 18:57:00.547  1337  1429 D RemoteTransitionHandler: Found filterPair{{types=[] flags=0x0] notFlags=0x100 checks=[{atype=home independent=true modes=[OPEN,TO_FRONT] flags=NONE mustBeTask=false order=TOP topActivity=ComponentInfo{com.google.android.apps.nexuslauncher/com.google.android.apps.nexuslauncher.NexusLauncherActivity} launchCookie=null windowingMode=undefined isCrossDisplayMove=false},{atype=standard independent=true modes=[CLOSE,TO_BACK] flags=NONE mustBeTask=false order=ANY topActivity=null launchCookie=null windowingMode=undefined isCrossDisplayMove=false},{NOT atype=undefined independent=true modes=[] flags=NONE mustBeTask=true order=ANY topActivity=null launchCookie=null customAnim=true windowingMode=undefined isCrossDisplayMove=false}]} RemoteTransition { remoteTransition = android.window.IRemoteTransition$Stub$Proxy@1d716e8, appThread = android.app.IApplicationThread$Stub$Proxy@ffa101, debugName = QuickstepLaunchHome }}
03-30 18:57:00.550  1337  1429 V WindowManagerShell:  Delegate animation for (#92) to RemoteTransition { remoteTransition = android.window.IRemoteTransition$Stub$Proxy@1d716e8, appThread = android.app.IApplicationThread$Stub$Proxy@ffa101, debugName = QuickstepLaunchHome }
03-30 18:57:00.609  2879  2889 W libbinder.Binder: Binder transaction to android.app.IApplicationThread code 14 took 1159ms. Data bytes: 968 Reply bytes: 0 Flags: 17
03-30 18:57:00.637  2879  2936 I Finsky:background: [45] Stats for Executor: bgExecutor vbl@7faeea9[Running, pool size = 4, active threads = 0, queued tasks = 0, completed tasks = 39]
03-30 18:57:00.668  2879  2936 I Finsky:background: [45] Stats for Executor: LightweightExecutor vbl@11f231d[Running, pool size = 4, active threads = 0, queued tasks = 0, completed tasks = 13]
03-30 18:57:00.669  2879  2936 I Finsky:background: [45] Stats for Executor: BlockingExecutor vbl@c4797b2[Running, pool size = 0, active threads = 0, queued tasks = 0, completed tasks = 6]
03-30 18:57:00.753  2690  2690 D ActivityThread: Package [com.weejobs.app] reported as REPLACED, but missing application info. Assuming REMOVED.
03-30 18:57:00.759  2772  2772 D ActivityThread: Package [com.weejobs.app] reported as REPLACED, but missing application info. Assuming REMOVED.
03-30 18:57:00.766   815  1292 D BackgroundInstallControlService: Package event received: 0
03-30 18:57:00.801   815   815 I Telecom : InCallController: update carmode current:UserHandle{0} parent:null: SSH.oR@Amg
03-30 18:57:00.805   815   815 W Looper  : Slow dispatch took 1008ms main app=system_server main=true group=FOREGROUND h=android.app.ActivityThread$H c=android.app.LoadedApk$ReceiverDispatcher$Args$$ExternalSyntheticLambda0@cf656fe m=0
03-30 18:57:00.813  2772  2772 I Finsky  : [2] Memory trim requested to level 40
03-30 18:57:01.008  2879  2879 I Finsky:background: [2] Memory trim requested to level 40
03-30 18:57:01.015  2690  2690 D ActivityThread: Package [com.weejobs.app] reported as REPLACED, but missing application info. Assuming REMOVED.
03-30 18:57:01.040  1337  1429 V WindowManagerShell:  animated by com.android.wm.shell.transition.RemoteTransitionHandler@7ac0ba6
03-30 18:57:01.051  1636  1636 D LauncherStateManager: StateManager.createAtomicAnimation: fromState: Normal, toState: Normal, partial trace:
03-30 18:57:01.051  1636  1636 D LauncherStateManager: 	at com.android.quickstep.util.ScalingWorkspaceRevealAnim.<init>(go/retraceme f3a19d912c87c27267cfbc05ba0bc7b202ab72a6648bd76225f5f7e128d94583:54)
03-30 18:57:01.051  1636  1636 D LauncherStateManager: 	at com.android.launcher3.QuickstepTransitionManager.createWallpaperOpenAnimations(go/retraceme f3a19d912c87c27267cfbc05ba0bc7b202ab72a6648bd76225f5f7e128d94583:537)
03-30 18:57:01.051  1636  1636 D LauncherStateManager: 	at com.android.launcher3.QuickstepTransitionManager$WallpaperOpenLauncherAnimationRunner.onAnimationStart(go/retraceme f3a19d912c87c27267cfbc05ba0bc7b202ab72a6648bd76225f5f7e128d94583:96)
03-30 18:57:01.052  2772  2772 I Finsky  : [2] Flushing in-memory image cache
03-30 18:57:01.058  1636  1636 D AllAppsTransitionController: shouldProtectHeader: false skipScrim: true state: Normal stateManager.getState(): Normal
03-30 18:57:01.065  1636  1636 D KeyboardInsetsHandler: removePendingImeController: pendingImeController=null
03-30 18:57:01.077  1636  1636 V BaseDepthController: Applying blur: 0 to Surface(name=com.google.android.apps.nexuslauncher/com.google.android.apps.nexuslauncher.NexusLauncherActivity#1282)/@0x49adec1 applyImmediately: false
03-30 18:57:01.077  1636  1636 D BaseDepthController: shouldBlurWorkspace: false targetState: Normal currentStableState: Normal mCurrentBlur: 0 mLauncher.getDepthBlurTargets(): [com.android.launcher3.Workspace{15d666 V.ED..... ......ID 0,0-1080,2400 #7f0a049d app:id/workspace}, com.android.launcher3.Hotseat{9838da7 V.ED..... ........ 0,1905-1080,2400 #7f0a01ee app:id/hotseat}]
03-30 18:57:01.078  1636  1636 V BaseDepthController: Applying blur: 0 to Surface(name=com.google.android.apps.nexuslauncher/com.google.android.apps.nexuslauncher.NexusLauncherActivity#1282)/@0x49adec1 applyImmediately: false
03-30 18:57:01.081  1636  1636 D BaseDepthController: shouldBlurWorkspace: false targetState: Normal currentStableState: Normal mCurrentBlur: 0 mLauncher.getDepthBlurTargets(): [com.android.launcher3.Workspace{15d666 V.ED..... ......ID 0,0-1080,2400 #7f0a049d app:id/workspace}, com.android.launcher3.Hotseat{9838da7 V.ED..... ........ 0,1905-1080,2400 #7f0a01ee app:id/hotseat}]
03-30 18:57:01.096  1636  1636 D LauncherStateManager: StateManager.cancelAnimation: animation ongoing: false, partial trace:
03-30 18:57:01.096  1636  1636 D LauncherStateManager: 	at com.android.launcher3.statemanager.StateManager.setCurrentAnimation(go/retraceme f3a19d912c87c27267cfbc05ba0bc7b202ab72a6648bd76225f5f7e128d94583:18)
03-30 18:57:01.096  1636  1636 D LauncherStateManager: 	at com.android.launcher3.QuickstepTransitionManager.createWallpaperOpenAnimations(go/retraceme f3a19d912c87c27267cfbc05ba0bc7b202ab72a6648bd76225f5f7e128d94583:646)
03-30 18:57:01.096  1636  1636 D LauncherStateManager: 	at com.android.launcher3.QuickstepTransitionManager$WallpaperOpenLauncherAnimationRunner.onAnimationStart(go/retraceme f3a19d912c87c27267cfbc05ba0bc7b202ab72a6648bd76225f5f7e128d94583:96)
03-30 18:57:01.098  1636  1636 D b/311077782: LauncherAnimationRunner.setAnimation
03-30 18:57:01.102  1636  1636 V BaseDepthController: Applying blur: 0 to Surface(name=com.google.android.apps.nexuslauncher/com.google.android.apps.nexuslauncher.NexusLauncherActivity#1282)/@0x49adec1 applyImmediately: false
03-30 18:57:01.103  1636  1636 D BaseDepthController: shouldBlurWorkspace: false targetState: Normal currentStableState: Normal mCurrentBlur: 0 mLauncher.getDepthBlurTargets(): [com.android.launcher3.Workspace{15d666 V.ED..... ......ID 0,0-1080,2400 #7f0a049d app:id/workspace}, com.android.launcher3.Hotseat{9838da7 V.ED..... ......ID 0,1905-1080,2400 #7f0a01ee app:id/hotseat}]
03-30 18:57:01.104  1636  1636 V BaseDepthController: Applying blur: 0 to Surface(name=com.google.android.apps.nexuslauncher/com.google.android.apps.nexuslauncher.NexusLauncherActivity#1282)/@0x49adec1 applyImmediately: false
03-30 18:57:01.105  1636  1636 D BaseDepthController: shouldBlurWorkspace: false targetState: Normal currentStableState: Normal mCurrentBlur: 0 mLauncher.getDepthBlurTargets(): [com.android.launcher3.Workspace{15d666 V.ED..... ......ID 0,0-1080,2400 #7f0a049d app:id/workspace}, com.android.launcher3.Hotseat{9838da7 V.ED..... ......ID 0,1905-1080,2400 #7f0a01ee app:id/hotseat}]
03-30 18:57:01.117  1636  1636 V BaseDepthController: Applying blur: 0 to Surface(name=com.google.android.apps.nexuslauncher/com.google.android.apps.nexuslauncher.NexusLauncherActivity#1282)/@0x49adec1 applyImmediately: false
03-30 18:57:01.118  1636  1636 D BaseDepthController: shouldBlurWorkspace: false targetState: Normal currentStableState: Normal mCurrentBlur: 0 mLauncher.getDepthBlurTargets(): [com.android.launcher3.Workspace{15d666 V.ED..... ......ID 0,0-1080,2400 #7f0a049d app:id/workspace}, com.android.launcher3.Hotseat{9838da7 V.ED..... ......ID 0,1905-1080,2400 #7f0a01ee app:id/hotseat}]
03-30 18:57:01.120  1636  1636 V BaseDepthController: Applying blur: 0 to Surface(name=com.google.android.apps.nexuslauncher/com.google.android.apps.nexuslauncher.NexusLauncherActivity#1282)/@0x49adec1 applyImmediately: false
03-30 18:57:01.122  1636  1636 D BaseDepthController: shouldBlurWorkspace: false targetState: Normal currentStableState: Normal mCurrentBlur: 0 mLauncher.getDepthBlurTargets(): [com.android.launcher3.Workspace{15d666 V.ED..... ......ID 0,0-1080,2400 #7f0a049d app:id/workspace}, com.android.launcher3.Hotseat{9838da7 V.ED..... ......ID 0,1905-1080,2400 #7f0a01ee app:id/hotseat}]
03-30 18:57:01.122  1636  1636 V BaseDepthController: Applying blur: 0 to Surface(name=com.google.android.apps.nexuslauncher/com.google.android.apps.nexuslauncher.NexusLauncherActivity#1282)/@0x49adec1 applyImmediately: false
03-30 18:57:01.122  1636  1636 D BaseDepthController: shouldBlurWorkspace: false targetState: Normal currentStableState: Normal mCurrentBlur: 0 mLauncher.getDepthBlurTargets(): [com.android.launcher3.Workspace{15d666 V.ED..... ......ID 0,0-1080,2400 #7f0a049d app:id/workspace}, com.android.launcher3.Hotseat{9838da7 V.ED..... ......ID 0,1905-1080,2400 #7f0a01ee app:id/hotseat}]
03-30 18:57:01.215  1636  1636 D BaseActivity: Launcher flags updated: [state_started|state_resumed|state_deferred_resumed|state_window_focused|state_user_active] +[state_window_focused]
03-30 18:57:01.329   815   972 I ImeTracker: com.google.android.apps.nexuslauncher:6268bae2: onRequestHide at ORIGIN_SERVER reason HIDE_UNSPECIFIED_WINDOW fromUser false
03-30 18:57:01.336  1636  1636 V BaseDepthController: Applying blur: 0 to Surface(name=com.google.android.apps.nexuslauncher/com.google.android.apps.nexuslauncher.NexusLauncherActivity#1282)/@0x49adec1 applyImmediately: false
03-30 18:57:01.336  1636  1636 D BaseDepthController: setEarlyWakeup: true
03-30 18:57:01.339  1636  1636 D BaseDepthController: shouldBlurWorkspace: false targetState: Normal currentStableState: Normal mCurrentBlur: 0 mLauncher.getDepthBlurTargets(): [com.android.launcher3.Workspace{15d666 V.ED..... ........ 0,0-1080,2400 #7f0a049d app:id/workspace}, com.android.launcher3.Hotseat{9838da7 V.ED..... .......D 0,1905-1080,2400 #7f0a01ee app:id/hotseat}]
03-30 18:57:01.347   815   972 W libbinder.IPCThreadState: Sending oneway calls to frozen process.
03-30 18:57:01.347   815   972 W libbinder.IPCThreadState: Sending oneway calls to frozen process.
03-30 18:57:01.358  1636  1636 D InsetsController: hide(ime())
03-30 18:57:01.361  1636  1636 I ImeTracker: com.google.android.apps.nexuslauncher:6268bae2: onCancelled at PHASE_CLIENT_ALREADY_HIDDEN
03-30 18:57:01.362  1636  1636 V BaseDepthController: Applying blur: 0 to Surface(name=com.google.android.apps.nexuslauncher/com.google.android.apps.nexuslauncher.NexusLauncherActivity#1282)/@0x49adec1 applyImmediately: false
03-30 18:57:01.364  1636  1636 D BaseDepthController: shouldBlurWorkspace: false targetState: Normal currentStableState: Normal mCurrentBlur: 0 mLauncher.getDepthBlurTargets(): [com.android.launcher3.Workspace{15d666 V.ED..... ........ 0,0-1080,2400 #7f0a049d app:id/workspace}, com.android.launcher3.Hotseat{9838da7 V.ED..... .......D 0,1905-1080,2400 #7f0a01ee app:id/hotseat}]
03-30 18:57:01.395  1636  1636 V BaseDepthController: Applying blur: 0 to Surface(name=com.google.android.apps.nexuslauncher/com.google.android.apps.nexuslauncher.NexusLauncherActivity#1282)/@0x49adec1 applyImmediately: false
03-30 18:57:01.397  1636  1636 D BaseDepthController: shouldBlurWorkspace: false targetState: Normal currentStableState: Normal mCurrentBlur: 0 mLauncher.getDepthBlurTargets(): [com.android.launcher3.Workspace{15d666 V.ED..... ........ 0,0-1080,2400 #7f0a049d app:id/workspace}, com.android.launcher3.Hotseat{9838da7 V.ED..... ........ 0,1905-1080,2400 #7f0a01ee app:id/hotseat}]
03-30 18:57:01.521  1636  1636 V BaseDepthController: Applying blur: 0 to Surface(name=com.google.android.apps.nexuslauncher/com.google.android.apps.nexuslauncher.NexusLauncherActivity#1282)/@0x49adec1 applyImmediately: false
03-30 18:57:01.525  1636  1636 D BaseDepthController: shouldBlurWorkspace: false targetState: Normal currentStableState: Normal mCurrentBlur: 0 mLauncher.getDepthBlurTargets(): [com.android.launcher3.Workspace{15d666 V.ED..... ........ 0,0-1080,2400 #7f0a049d app:id/workspace}, com.android.launcher3.Hotseat{9838da7 V.ED..... ........ 0,1905-1080,2400 #7f0a01ee app:id/hotseat}]
03-30 18:57:01.583  1636  1636 V BaseDepthController: Applying blur: 0 to Surface(name=com.google.android.apps.nexuslauncher/com.google.android.apps.nexuslauncher.NexusLauncherActivity#1282)/@0x49adec1 applyImmediately: false
03-30 18:57:01.588  1636  1636 D BaseDepthController: shouldBlurWorkspace: false targetState: Normal currentStableState: Normal mCurrentBlur: 0 mLauncher.getDepthBlurTargets(): [com.android.launcher3.Workspace{15d666 V.ED..... ........ 0,0-1080,2400 #7f0a049d app:id/workspace}, com.android.launcher3.Hotseat{9838da7 V.ED..... ........ 0,1905-1080,2400 #7f0a01ee app:id/hotseat}]
03-30 18:57:01.657  1636  1636 V BaseDepthController: Applying blur: 0 to Surface(name=com.google.android.apps.nexuslauncher/com.google.android.apps.nexuslauncher.NexusLauncherActivity#1282)/@0x49adec1 applyImmediately: false
03-30 18:57:01.658  1636  1636 D BaseDepthController: shouldBlurWorkspace: false targetState: Normal currentStableState: Normal mCurrentBlur: 0 mLauncher.getDepthBlurTargets(): [com.android.launcher3.Workspace{15d666 V.ED..... ........ 0,0-1080,2400 #7f0a049d app:id/workspace}, com.android.launcher3.Hotseat{9838da7 V.ED..... ........ 0,1905-1080,2400 #7f0a01ee app:id/hotseat}]
03-30 18:57:01.699  1636  1636 V BaseDepthController: Applying blur: 0 to Surface(name=com.google.android.apps.nexuslauncher/com.google.android.apps.nexuslauncher.NexusLauncherActivity#1282)/@0x49adec1 applyImmediately: false
03-30 18:57:01.701   815   831 I ImeTracker: system_server:cec3f3b2: onRequestHide at ORIGIN_SERVER reason IME_REQUESTED_CHANGED_LISTENER fromUser false
03-30 18:57:01.705  1636  1636 D BaseDepthController: shouldBlurWorkspace: false targetState: Normal currentStableState: Normal mCurrentBlur: 0 mLauncher.getDepthBlurTargets(): [com.android.launcher3.Workspace{15d666 V.ED..... ........ 0,0-1080,2400 #7f0a049d app:id/workspace}, com.android.launcher3.Hotseat{9838da7 V.ED..... ........ 0,1905-1080,2400 #7f0a01ee app:id/hotseat}]
03-30 18:57:01.737  1636  1636 V BaseDepthController: Applying blur: 0 to Surface(name=com.google.android.apps.nexuslauncher/com.google.android.apps.nexuslauncher.NexusLauncherActivity#1282)/@0x49adec1 applyImmediately: false
03-30 18:57:01.737  1636  1636 D BaseDepthController: shouldBlurWorkspace: false targetState: Normal currentStableState: Normal mCurrentBlur: 0 mLauncher.getDepthBlurTargets(): [com.android.launcher3.Workspace{15d666 V.ED..... ........ 0,0-1080,2400 #7f0a049d app:id/workspace}, com.android.launcher3.Hotseat{9838da7 V.ED..... ........ 0,1905-1080,2400 #7f0a01ee app:id/hotseat}]
03-30 18:57:01.742  8754  8754 I GoogleInputMethodService: GoogleInputMethodService.onFinishInput():2057 
03-30 18:57:01.764   815   925 I ActivityManager: Force stopping com.weejobs.app appid=10227 user=0: from pid 3413
03-30 18:57:01.777  1636  1636 V BaseDepthController: Applying blur: 0 to Surface(name=com.google.android.apps.nexuslauncher/com.google.android.apps.nexuslauncher.NexusLauncherActivity#1282)/@0x49adec1 applyImmediately: false
03-30 18:57:01.789  1636  1636 D BaseDepthController: shouldBlurWorkspace: false targetState: Normal currentStableState: Normal mCurrentBlur: 0 mLauncher.getDepthBlurTargets(): [com.android.launcher3.Workspace{15d666 V.ED..... ........ 0,0-1080,2400 #7f0a049d app:id/workspace}, com.android.launcher3.Hotseat{9838da7 V.ED..... ........ 0,1905-1080,2400 #7f0a01ee app:id/hotseat}]
03-30 18:57:01.802  2879  2879 I Finsky:background: [2] aiko - Received: android.intent.action.PACKAGE_REMOVED, [Gqk4ewQyzs5K3YXFVstm8EkH33a-0A8vDs_YEc4mwgs]
03-30 18:57:01.852   815   925 I WindowManager:   Force removing ActivityRecord{120292052 u0 com.weejobs.app/.MainActivity t46 f} isExiting}
03-30 18:57:01.853   815   925 W WindowManager: removeAppToken: Attempted to remove non-existing token: Token{3286379 ActivityRecord{120292052 u0 com.weejobs.app/.MainActivity t46 f} isExiting}}
03-30 18:57:01.863  1636  1636 V BaseDepthController: Applying blur: 0 to Surface(name=com.google.android.apps.nexuslauncher/com.google.android.apps.nexuslauncher.NexusLauncherActivity#1282)/@0x49adec1 applyImmediately: false
03-30 18:57:01.869  1636  1636 D BaseDepthController: shouldBlurWorkspace: false targetState: Normal currentStableState: Normal mCurrentBlur: 0 mLauncher.getDepthBlurTargets(): [com.android.launcher3.Workspace{15d666 V.ED..... ........ 0,0-1080,2400 #7f0a049d app:id/workspace}, com.android.launcher3.Hotseat{9838da7 V.ED..... ........ 0,1905-1080,2400 #7f0a01ee app:id/hotseat}]
03-30 18:57:01.870  2772  2772 I Finsky  : [2] Memory trim requested to level 40
03-30 18:57:01.900   815   826 I system_server: Background concurrent mark compact GC freed 11MB AllocSpace bytes, 10(224KB) LOS objects, 40% free, 34MB/58MB, paused 592.931ms,26.846ms total 3.497s
03-30 18:57:01.906   815   925 W ProcessStats: Tracking association SourceState{5ac973a com.android.vending/10153 Receivr #18903} whose proc state 10 is better than process ProcessState{8cc0011 com.android.vending:background/10153 pkg=com.android.vending} proc state 14 (6 skipped)
03-30 18:57:01.913  2772  2772 I Finsky  : [2] Flushing in-memory image cache
03-30 18:57:01.918  1636  1636 V BaseDepthController: Applying blur: 0 to Surface(name=com.google.android.apps.nexuslauncher/com.google.android.apps.nexuslauncher.NexusLauncherActivity#1282)/@0x49adec1 applyImmediately: false
03-30 18:57:01.918  1636  1636 D BaseDepthController: shouldBlurWorkspace: false targetState: Normal currentStableState: Normal mCurrentBlur: 0 mLauncher.getDepthBlurTargets(): [com.android.launcher3.Workspace{15d666 V.ED..... ........ 0,0-1080,2400 #7f0a049d app:id/workspace}, com.android.launcher3.Hotseat{9838da7 V.ED..... ........ 0,1905-1080,2400 #7f0a01ee app:id/hotseat}]
03-30 18:57:01.940   815   925 I AppsFilter: interaction: PackageSetting{324f4bb com.android.microdroid.empty_payload/10207} -> PackageSetting{d52ff6b com.weejobs.app/10227} BLOCKED
03-30 18:57:01.968   815   924 D ActivityManager: sync unfroze 2734 com.google.android.gms for 6
03-30 18:57:01.977   815   925 W libbinder.Binder: Binder transaction to android.app.IActivityManager code 1598246212 took 1567ms. Data bytes: 196 Reply bytes: 4 Flags: 16
03-30 18:57:01.982   815   815 W Looper  : Slow dispatch took 800ms main app=system_server main=true group=FOREGROUND h=android.app.ActivityThread$H c=android.app.LoadedApk$ReceiverDispatcher$Args$$ExternalSyntheticLambda0@433761 m=0
03-30 18:57:02.011  8754  8754 I Module  : DeviceLockedStatusModuleProvider$Module.updateDeviceLockedStatus():100 repeatCheckTimes = 0, locked = false
03-30 18:57:02.028  8754  8754 W NotificationCenter: NotificationCenter$NotificationQueue.notifyPendingNotificationsOnExecutor():877 Heavy notify work detected on UI thread: [ltj->jtc, ltj->jup, ltj->lsn, ltj->jqp, ltj->hlv, ltj->jtc, ltj->jtc, ltj->fum, ltj->jtc, ltj->jtc, ltj->jtc, ltj->jtc, ltj->jtc, ltj->lse, ltj->jtc, ltj->jtc, ltj->jtc, ltj->nuz, ltj->fwu, ltj->guu, ltj->kya, ltj->ngp, ltj->jtc, ltj->jtc] takes 125ms
03-30 18:57:02.050  1636  1636 V BaseDepthController: Applying blur: 0 to Surface(name=com.google.android.apps.nexuslauncher/com.google.android.apps.nexuslauncher.NexusLauncherActivity#1282)/@0x49adec1 applyImmediately: false
03-30 18:57:02.050  1636  1636 D BaseDepthController: setEarlyWakeup: false
03-30 18:57:02.050   815   954 I RoleService: Granting default roles...
03-30 18:57:02.050  1636  1636 D BaseDepthController: shouldBlurWorkspace: false targetState: Normal currentStableState: Normal mCurrentBlur: 0 mLauncher.getDepthBlurTargets(): [com.android.launcher3.Workspace{15d666 V.ED..... ........ 0,0-1080,2400 #7f0a049d app:id/workspace}, com.android.launcher3.Hotseat{9838da7 V.ED..... ........ 0,1905-1080,2400 #7f0a01ee app:id/hotseat}]
03-30 18:57:02.139  1636  1636 D ScalingWorkspaceRevealAnim: onAnimationEnd, workspace and hotseat are visible
03-30 18:57:02.139  1636  1636 V BaseDepthController: Applying blur: 0 to Surface(name=com.google.android.apps.nexuslauncher/com.google.android.apps.nexuslauncher.NexusLauncherActivity#1282)/@0x49adec1 applyImmediately: false
03-30 18:57:02.142  1636  1636 D BaseDepthController: shouldBlurWorkspace: false targetState: Normal currentStableState: Normal mCurrentBlur: 0 mLauncher.getDepthBlurTargets(): [com.android.launcher3.Workspace{15d666 V.ED..... ......ID 0,0-1080,2400 #7f0a049d app:id/workspace}, com.android.launcher3.Hotseat{9838da7 V.ED..... ......ID 0,1905-1080,2400 #7f0a01ee app:id/hotseat}]
03-30 18:57:02.180   815   815 W Looper  : Slow dispatch took 158ms main app=system_server main=true group=FOREGROUND h=android.os.Handler c=android.app.LoadedApk$ReceiverDispatcher$Args$$ExternalSyntheticLambda0@f37bad1 m=0
03-30 18:57:02.181   815   815 D AS.AudioService: received android.intent.action.PACKAGE_ADDED replacing: true archival: false for package com.weejobs.app with uid 10227
03-30 18:57:02.202  1337  1364 V WindowManagerShell: Received remote transition finished callback for (#92)
03-30 18:57:02.216  8754  8754 I GoogleInputMethodService: GoogleInputMethodService.onStartInput():1318 onStartInput(EditorInfo{EditorInfo{packageName=com.google.android.apps.nexuslauncher, inputType=0, inputTypeString=NULL, enableLearning=false, autoCorrection=false, autoComplete=false, imeOptions=0, privateImeOptions=null, actionName=UNSPECIFIED, actionLabel=null, initialSelStart=-1, initialSelEnd=-1, initialCapsMode=0, label=null, fieldId=0, fieldName=null, extras=null, hintText=null, hintLocales=[]}}, false)
03-30 18:57:02.236  2734  2734 D ActivityThread: Package [com.weejobs.app] reported as REPLACED, but missing application info. Assuming REMOVED.
03-30 18:57:02.237  1337  1429 V WindowManagerShell: Transition animation finished (aborted=false), notifying core (#92) android.os.BinderProxy@d5a450f@0
03-30 18:57:02.256  2684  2684 I SafetyLabelChangedBroadcastReceiver: received broadcast packageName: com.weejobs.app, current user: UserHandle{0}, packageChangeEvent: UPDATE, intent user: UserHandle{0}
03-30 18:57:02.294   815  2381 W libbinder.IPCThreadState: Sending oneway calls to frozen process.
03-30 18:57:02.299   815  2381 W libbinder.IPCThreadState: Sending oneway calls to frozen process.
03-30 18:57:02.313  2734  2734 D ActivityThread: Package [com.weejobs.app] reported as REPLACED, but missing application info. Assuming REMOVED.
03-30 18:57:02.329   815   835 V WindowManager: Finish Transition (#92): created at 03-30 18:56:57.972 collect-started=2.275ms request-sent=21.649ms started=325.287ms ready=1665.212ms sent=1744.024ms commit=1057.018ms finished=4318.552ms
03-30 18:57:02.400  1337  1429 V WindowManagerShell: Track 0 became idle
03-30 18:57:02.400  1337  1429 V WindowManagerShell: All active transition animations finished
03-30 18:57:02.437   815   815 W Looper  : Slow dispatch took 189ms main app=system_server main=true group=FOREGROUND h=android.app.ActivityThread$H c=android.app.LoadedApk$ReceiverDispatcher$Args$$ExternalSyntheticLambda0@83b690e m=0
03-30 18:57:02.437   815   815 D AppSearchAppsIndexerManagerS: userid in package receiver: 10227
03-30 18:57:02.445  8754  8754 I Module  : DeviceLockedStatusModuleProvider$Module.updateDeviceLockedStatus():100 repeatCheckTimes = 1, locked = false
03-30 18:57:02.537   815   815 W Looper  : Slow dispatch took 100ms main app=system_server main=true group=FOREGROUND h=android.app.ActivityThread$H c=android.app.LoadedApk$ReceiverDispatcher$Args$$ExternalSyntheticLambda0@848993c m=0
03-30 18:57:02.650  1337  1429 V ShellTaskOrganizer: Task vanished taskId=46
03-30 18:57:02.652  1337  1429 V ShellTaskOrganizer: Fullscreen Task Vanished: #46
03-30 18:57:02.654  1337  1429 V ShellDesktopMode: Task Vanished: #46 closed=true
03-30 18:57:02.662  1337  1429 D ShellDesktopMode: AppToWebRepository: Task 46 is vanishing. Removing task data from repository
03-30 18:57:02.666  1337  1429 V AppCompat: SingleSurfaceLetterboxController: []
03-30 18:57:02.667  1337  1429 V AppCompat: MultiSurfaceLetterboxController: []
03-30 18:57:02.668  1337  1429 V AppCompat: LetterboxInputController: []
03-30 18:57:02.668  1337  1429 V AppCompat: RoundedCornersLetterboxController: {}
03-30 18:57:02.685  1636  1636 D b/417220811: invalidateLoadedTasks - previous requestLoadId: -1
03-30 18:57:02.693   815  1292 D BackgroundInstallControlService: Package event received: 0
03-30 18:57:02.697   815  1292 D BackgroundInstallControlService: Package event received: 0
03-30 18:57:02.701   815  1317 W Looper  : Slow dispatch took 249ms android.perm app=system_server main=false group=FOREGROUND h=android.os.Handler c=com.android.internal.infra.ServiceConnector$Impl$$ExternalSyntheticLambda2@6a40d28 m=0
03-30 18:57:02.710  8754  8754 W NotificationCenter: NotificationCenter$NotificationQueue.notifyPendingNotificationsOnExecutor():877 Heavy notify work detected on UI thread: [ltj->jtc, ltj->jup, ltj->lsn, ltj->jqp, ltj->hlv, ltj->jtc, ltj->jtc, ltj->fum, ltj->jtc, ltj->jtc, ltj->jtc, ltj->jtc, ltj->jtc, ltj->lse, ltj->jtc, ltj->jtc, ltj->jtc, ltj->nuz, ltj->fwu, ltj->guu, ltj->kya, ltj->ngp, ltj->jtc, ltj->jtc] takes 336ms
03-30 18:57:02.718  1636  3400 W HWUI    : Failed to choose config with EGL_SWAP_BEHAVIOR_PRESERVED, retrying without...
03-30 18:57:02.735  1636  3400 W HWUI    : Failed to initialize 101010-2 format, error = EGL_SUCCESS
03-30 18:57:02.744  3422  3422 W libbinder.BackendUnifiedServiceManager: Thread Pool max thread count is 0. Cannot cache binder as linkToDeath cannot be implemented. serviceName: package
03-30 18:57:02.769   815   815 W Looper  : Slow dispatch took 136ms main app=system_server main=true group=FOREGROUND h=android.app.ActivityThread$H c=android.app.LoadedApk$ReceiverDispatcher$Args$$ExternalSyntheticLambda0@f32d527 m=0
03-30 18:57:02.805   815  1315 W ImageReader_JNI: Unable to acquire a buffer item, very likely client tried to acquire more than maxImages buffers
03-30 18:57:02.817   815  1482 W WindowManager: takeTaskSnapshot: taskId=46 not found or not visible
03-30 18:57:02.892   815  1239 I HalDevMgr: bestIfaceCreationProposal is null, requestIface=STA, existingIface=[name=wlan0 type=STA]
03-30 18:57:02.896   815  1437 W libbinder.Binder: Binder transaction to android.app.role.IRoleManager code 23 took 2087ms. Data bytes: 80 Reply bytes: 76 Flags: 18
03-30 18:57:02.906  1522  1522 E SmsApplication: com.google.android.apps.messaging lost android:read_cell_broadcasts:  (fixing)
03-30 18:57:02.913   815  1482 W AppOpService: Ignored setUidMode call for runtime permission app op: uid = 10154, code = READ_CELL_BROADCASTS, mode = allow, callingUid = 1001, oldMode = allow
03-30 18:57:02.924   815   830 W PackageConfigPersister: App-specific configuration not found for packageName: com.google.android.apps.nexuslauncher and userId: 0
03-30 18:57:02.929  8754  8754 W NotificationCenter: NotificationCenter$NotificationQueue.notifyPendingNotificationsOnExecutor():877 Heavy notify work detected on UI thread: [ltj->kub] takes 213ms
03-30 18:57:02.990  2684  2730 I PermissionControllerServiceImpl: Updating user sensitive for uid 10227
03-30 18:57:03.036   815  2209 W AppOpService: Ignored setUidMode call for runtime permission app op: uid = 1001, code = READ_SMS, mode = allow, callingUid = 1001, oldMode = allow
03-30 18:57:03.054   815   828 W System  : A resource failed to call close. 
03-30 18:57:03.069   815  2381 W AppOpService: Ignored setUidMode call for runtime permission app op: uid = 1001, code = RECEIVE_SMS, mode = allow, callingUid = 1001, oldMode = allow
03-30 18:57:03.077   815  2381 W AppOpService: Ignored setUidMode call for runtime permission app op: uid = 1001, code = RECEIVE_WAP_PUSH, mode = allow, callingUid = 1001, oldMode = allow
03-30 18:57:03.098   815  1482 W AppOpService: Ignored setUidMode call for runtime permission app op: uid = 1001, code = SEND_SMS, mode = allow, callingUid = 1001, oldMode = allow
03-30 18:57:03.125   815  1482 W AppOpService: Ignored setUidMode call for runtime permission app op: uid = 1001, code = READ_CELL_BROADCASTS, mode = allow, callingUid = 1001, oldMode = allow
03-30 18:57:03.170  1636  1717 D AlphabeticIndexCompat: computeSectionName: cs: WeeJobs sectionName: W
03-30 18:57:03.180  1636  1636 D AllAppsStore: setApps: apps.length=21
03-30 18:57:03.181  1636  1636 D AllAppsStore: notifyUpdate: notifying listeners
03-30 18:57:03.181  1636  1636 D ActivityAllAppsContainerView: onAppsUpdated; number of apps: 21
03-30 18:57:03.185  1636  1636 D ActivityAllAppsContainerView: rebindAdapters: force: false
03-30 18:57:03.186  1636  1636 D ActivityAllAppsContainerView: rebindAdapters: Not needed.
03-30 18:57:03.197  2772  2772 I Finsky  : [2] aiky - Received: android.intent.action.PACKAGE_REMOVED, [Gqk4ewQyzs5K3YXFVstm8EkH33a-0A8vDs_YEc4mwgs]
03-30 18:57:03.204  1636  1636 D StatsLog: LAUNCHER_ALLAPPS_COUNT
03-30 18:57:03.205  1636  1636 D AlphabeticalAppsList: Clearing FastScrollerSections.
03-30 18:57:03.206  1636  1636 D AlphabeticalAppsList: Adding apps with sections. HasPrivateApps: false
03-30 18:57:03.206  1636  1636 D AlphabeticalAppsList: addAppsWithSections: adding sectionName: C with appInfoTitle: Calendar
03-30 18:57:03.207  1636  1636 D AlphabeticalAppsList: addAppsWithSections: adding sectionName: D with appInfoTitle: Drive
03-30 18:57:03.207  1636  1636 D AlphabeticalAppsList: addAppsWithSections: adding sectionName: E with appInfoTitle: Expo Go
03-30 18:57:03.207  1636  1636 D AlphabeticalAppsList: addAppsWithSections: adding sectionName: F with appInfoTitle: Files
03-30 18:57:03.208  1636  1636 D AlphabeticalAppsList: addAppsWithSections: adding sectionName: G with appInfoTitle: Gmail
03-30 18:57:03.208  1636  1636 D AlphabeticalAppsList: addAppsWithSections: adding sectionName: M with appInfoTitle: Maps
03-30 18:57:03.208  1636  1636 D AlphabeticalAppsList: addAppsWithSections: adding sectionName: P with appInfoTitle: Phone
03-30 18:57:03.208  1636  1636 D AlphabeticalAppsList: addAppsWithSections: adding sectionName: S with appInfoTitle: Safety
03-30 18:57:03.208  1636  1636 D AlphabeticalAppsList: addAppsWithSections: adding sectionName: T with appInfoTitle: TMoble
03-30 18:57:03.208  1636  1636 D AlphabeticalAppsList: addAppsWithSections: adding sectionName: W with appInfoTitle: WeeJobs
03-30 18:57:03.208  1636  1636 D AlphabeticalAppsList: addAppsWithSections: adding sectionName: Y with appInfoTitle: YouTube
03-30 18:57:03.208  1636  1636 D AlphabeticalAppsList: Adding FastScrollSection duplicate to scroll to the bottom.
03-30 18:57:03.221  1636  1636 D AlphabeticalAppsList: Clearing FastScrollerSections.
03-30 18:57:03.222  1636  1636 D AlphabeticalAppsList: Adding apps with sections. HasPrivateApps: false
03-30 18:57:03.222  1636  1636 D AlphabeticalAppsList: addAppsWithSections: adding sectionName: C with appInfoTitle: Calendar
03-30 18:57:03.222  1636  1636 D AlphabeticalAppsList: addAppsWithSections: adding sectionName: D with appInfoTitle: Drive
03-30 18:57:03.222  1636  1636 D AlphabeticalAppsList: addAppsWithSections: adding sectionName: E with appInfoTitle: Expo Go
03-30 18:57:03.222  1636  1636 D AlphabeticalAppsList: addAppsWithSections: adding sectionName: F with appInfoTitle: Files
03-30 18:57:03.222  1636  1636 D AlphabeticalAppsList: addAppsWithSections: adding sectionName: G with appInfoTitle: Gmail
03-30 18:57:03.222  1636  1636 D AlphabeticalAppsList: addAppsWithSections: adding sectionName: M with appInfoTitle: Maps
03-30 18:57:03.223  1636  1636 D AlphabeticalAppsList: addAppsWithSections: adding sectionName: P with appInfoTitle: Phone
03-30 18:57:03.223  1636  1636 D AlphabeticalAppsList: addAppsWithSections: adding sectionName: S with appInfoTitle: Safety
03-30 18:57:03.223  1636  1636 D AlphabeticalAppsList: addAppsWithSections: adding sectionName: T with appInfoTitle: TMoble
03-30 18:57:03.225  1636  1636 D AlphabeticalAppsList: addAppsWithSections: adding sectionName: W with appInfoTitle: WeeJobs
03-30 18:57:03.225  1636  1636 D AlphabeticalAppsList: addAppsWithSections: adding sectionName: Y with appInfoTitle: YouTube
03-30 18:57:03.225  1636  1636 D AlphabeticalAppsList: Adding FastScrollSection duplicate to scroll to the bottom.
03-30 18:57:03.326  1636  1717 I PluginActionManager[com.android.systemui.action.ICON_WRAPPER_PLUGIN]: Found 0 plugins
03-30 18:57:03.352  1636  1717 I PluginActionManager[com.android.systemui.action.PLUGIN_CUSTOM_WIDGET]: Found 0 plugins
03-30 18:57:03.369  1636  1717 I PluginActionManager[com.android.systemui.action.PLUGIN_NETWORK_FETCHER_ACTIONS]: Found 0 plugins
03-30 18:57:03.373  1636  1717 I PluginActionManager[com.android.systemui.action.PLUGIN_LAUNCHER_OVERLAY]: Found 0 plugins
03-30 18:57:03.375  1522  1522 E SmsApplication: com.google.android.apps.messaging lost android:read_cell_broadcasts:  (fixing)
03-30 18:57:03.378   815  2346 W AppOpService: Ignored setUidMode call for runtime permission app op: uid = 10154, code = READ_CELL_BROADCASTS, mode = allow, callingUid = 1001, oldMode = allow
03-30 18:57:03.380  1636  1717 I PluginActionManager[com.android.systemui.action.PLUGIN_BC_SMARTSPACE_DATA]: Found 0 plugins
03-30 18:57:03.386  1636  1717 I PluginActionManager[com.android.systemui.action.PLUGIN_ALL_APPS_ACTIONS]: Found 0 plugins
03-30 18:57:03.392  1636  1717 I PluginActionManager[com.android.launcher3.action.PLUGIN_DYNAMIC_RESOURCE]: Found 0 plugins
03-30 18:57:03.415  1636  1717 I PluginActionManager[com.android.systemui.action.ICON_WRAPPER_PLUGIN]: Found 0 plugins
03-30 18:57:03.416  1636  1636 D b/387844520: getOutlineOffsetX: measured width = 173, mNormalizedIconSize = 159, last updated width = 173
03-30 18:57:03.424   815   924 W AppOpService: Ignored setUidMode call for runtime permission app op: uid = 1001, code = READ_SMS, mode = allow, callingUid = 1001, oldMode = allow
03-30 18:57:03.430   815   924 W AppOpService: Ignored setUidMode call for runtime permission app op: uid = 1001, code = RECEIVE_SMS, mode = allow, callingUid = 1001, oldMode = allow
03-30 18:57:03.432  1636  1717 I PluginActionManager[com.android.systemui.action.PLUGIN_CUSTOM_WIDGET]: Found 0 plugins
03-30 18:57:03.433   815   924 W AppOpService: Ignored setUidMode call for runtime permission app op: uid = 1001, code = RECEIVE_WAP_PUSH, mode = allow, callingUid = 1001, oldMode = allow
03-30 18:57:03.434  1636  1717 I PluginActionManager[com.android.systemui.action.PLUGIN_NETWORK_FETCHER_ACTIONS]: Found 0 plugins
03-30 18:57:03.444   815  1482 W AppOpService: Ignored setUidMode call for runtime permission app op: uid = 1001, code = SEND_SMS, mode = allow, callingUid = 1001, oldMode = allow
03-30 18:57:03.462  1636  1717 I PluginActionManager[com.android.systemui.action.PLUGIN_LAUNCHER_OVERLAY]: Found 0 plugins
03-30 18:57:03.464   815  1482 W AppOpService: Ignored setUidMode call for runtime permission app op: uid = 1001, code = READ_CELL_BROADCASTS, mode = allow, callingUid = 1001, oldMode = allow
03-30 18:57:03.466  1636  1717 I PluginActionManager[com.android.systemui.action.PLUGIN_BC_SMARTSPACE_DATA]: Found 0 plugins
03-30 18:57:03.513  1636  1717 I PluginActionManager[com.android.systemui.action.PLUGIN_ALL_APPS_ACTIONS]: Found 0 plugins
03-30 18:57:03.516  1636  1650 I s.nexuslauncher: Background concurrent mark compact GC freed 976KB AllocSpace bytes, 2(136KB) LOS objects, 49% free, 5988KB/11MB, paused 6.883ms,61.184ms total 3.736s
03-30 18:57:03.517  1636  1717 I PluginActionManager[com.android.launcher3.action.PLUGIN_DYNAMIC_RESOURCE]: Found 0 plugins
03-30 18:57:03.574  1636  1717 D QuickstepModelDelegate: notifyAppTargetEvent action=1 launchLocation=workspace/0/[-1,-1]/[1,1]
03-30 18:57:03.679  2049  2308 I AiAiEcho: Predicting[0]:  [CONTEXT sampling_count=5 ]
03-30 18:57:03.680  2049  2308 I AiAiEcho: EchoTargets: 
03-30 18:57:03.680  2049  2308 I AiAiEcho: Filtered by AiAi flag check: 
03-30 18:57:03.680  2049  2308 I AiAiEcho: [CONTEXT ratelimit_period="10 SECONDS" ]
03-30 18:57:03.704   815  1437 V ActivityManager: Got obituary of 2870:com.weejobs.app
03-30 18:57:03.737   651   651 E BpTransactionCompletedListener: Failed to transact (-32)
03-30 18:57:03.745  1522  1790 D ImsResolver: maybeAddedImsService, packageName: com.weejobs.app
03-30 18:57:03.747  1522  1790 V ImsResolver: searchForImsServices: package=com.weejobs.app, users=[UserHandle{0}]
03-30 18:57:03.749  1634  1634 I adbd    : Remote process closed the socket (on MSG_PEEK)
03-30 18:57:03.776  1522  1790 V ImsResolver: searchForImsServices: package=com.weejobs.app, users=[UserHandle{0}]
03-30 18:57:03.804   579   579 I Zygote  : Process 2870 exited due to signal 9 (Killed)
03-30 18:57:03.808   815   815 D BackupManagerConstants: getFullBackupIntervalMilliseconds(...) returns 86400000
03-30 18:57:03.811   815   815 D BackupManagerConstants: getFullBackupRequiredNetworkType(...) returns 2
03-30 18:57:03.850   815   815 D BackupManagerConstants: getFullBackupRequireCharging(...) returns true
03-30 18:57:03.874  2049  2308 I AiAiEcho: #remoteViewsTwiddler: feature disabled.
03-30 18:57:03.907  2049  2308 I AiAiEcho: #postPredictionTargets: Sending updates to UISurface home with targets# 0 (types=[])
03-30 18:57:03.956  1522  1522 W VvmPkgInstalledRcvr: carrierVvmPkgAdded: carrier vvm packages doesn't contain com.weejobs.app
03-30 18:57:03.976  1636  1636 D SsBaseTemplateCard: Passed-in item info is null
03-30 18:57:03.976  1636  1636 D SsBaseTemplateCard: Passed-in item info is null
03-30 18:57:03.976  1636  1636 D SsBaseTemplateCard: Passed-in item info is null
03-30 18:57:03.976  1636  1636 D SsBaseTemplateCard: Passed-in item info is null
03-30 18:57:03.976  1636  1636 I SsBaseTemplateCard: Secondary card pane is null
03-30 18:57:03.978  1522  1522 D ActivityThread: Package [com.weejobs.app] reported as REPLACED, but missing application info. Assuming REMOVED.
03-30 18:57:03.997  1522  1522 D ActivityThread: Package [com.weejobs.app] reported as REPLACED, but missing application info. Assuming REMOVED.
03-30 18:57:04.133  8555  3420 I ProximityAuth: [RecentAppsMediator] Package added: (user=UserHandle{0}) com.weejobs.app
03-30 18:57:04.137   815   815 W Looper  : Slow dispatch took 1332ms main app=system_server main=true group=FOREGROUND h=android.app.ActivityThread$H c=android.app.LoadedApk$ReceiverDispatcher$Args$$ExternalSyntheticLambda0@655c22c m=0
03-30 18:57:04.157  1522  1522 D SatelliteController: packageStateChanged: package:com.weejobs.app defaultSmsPackageName: com.google.android.apps.messaging satelliteGatewayServicePackageName: 
03-30 18:57:04.237   815  1454 W SignedPackage: Package doesn't have required signing certificate: com.google.android.retaildemo
03-30 18:57:04.237  1522  1522 D CarrierSvcBindHelper: onHandleForceStop: [com.weejobs.app]
03-30 18:57:04.238  1522  1522 D CarrierSvcBindHelper: No carrier app for: 0
03-30 18:57:04.238   815  1454 E RoleControllerServiceImpl: Default/fallback role holder package doesn't qualify for the role, package: com.google.android.gms.supervision, role: android.app.role.SYSTEM_SUPERVISION, user: 0
03-30 18:57:04.310  8555  3421 I Fitness : (REDACTED) FitCleanupIntentOperation received Intent %s
03-30 18:57:04.346   815   838 I ImeTracker: system_server:cec3f3b2: onCancelled at PHASE_SERVER_SHOULD_HIDE
03-30 18:57:04.357   815   838 W ActivityManager: setHasOverlayUi called on unknown pid: 2870
03-30 18:57:04.357   815  1454 W SignedPackage: Package doesn't have required signing certificate: com.google.android.apps.work.clouddpc
03-30 18:57:04.361  1636  1636 D RecentsView: onTaskRemoved: 46, not handling task stack changes
03-30 18:57:04.361  1636  1636 D RecentsView: onTaskRemoved: 46, not handling task stack changes
03-30 18:57:04.526  2772  3435 I Finsky  : [116] SCH: Received scheduling request: Id: 12-1, Constraints: [{ L: 15000, D: 86400000, C: CHARGING_NONE, I: IDLE_NONE, N: NET_ANY, B: BATTERY_ANY }]
03-30 18:57:04.679  2879  3433 I Finsky:background: [94] Wrote row to frosting DB: 469
03-30 18:57:04.929   815   815 W Looper  : Slow dispatch took 792ms main app=system_server main=true group=FOREGROUND h=android.app.ActivityThread$H c=android.app.LoadedApk$ReceiverDispatcher$Args$$ExternalSyntheticLambda0@afebf78 m=0
03-30 18:57:04.957   815   815 D AS.AudioService: received android.intent.action.PACKAGE_REPLACED replacing: true archival: false for package com.weejobs.app with uid 10227
03-30 18:57:04.958   815   815 D AppSearchAppsIndexerManagerS: userid in package receiver: 10227
03-30 18:57:05.006   815   815 W AlarmManager: Package com.weejobs.app, uid 10227 lost permission to set exact alarms!
