--------- beginning of main
03-30 18:49:27.832  2140  2140 I SafetyLabelChangedBroadcastReceiver: received broadcast packageName: com.weejobs.app, current user: UserHandle{0}, packageChangeEvent: UPDATE, intent user: UserHandle{0}
03-30 18:49:27.837  2099  2099 I ldq     : SslGuard completed installation.
03-30 18:49:27.896   579   579 D Zygote  : Forked child process 2220
03-30 18:49:27.952   815  1629 D FileUtils: Rounded bytes from 2061062144 to 4000000000
03-30 18:49:27.966  1070  1152 I Icing   : IndexChimeraService.getServiceInterface callingPackage=com.google.android.gms componentName=null serviceId=30
03-30 18:49:27.972  1071  2199 I Finsky:background: [93] Wrote row to frosting DB: 465
03-30 18:49:27.998  2099  2155 E ashmem  : Pinning is deprecated since Android Q. Please use trim or other methods.
03-30 18:49:28.004  2220  2220 I Zygote  : Process 2220 created for com.android.vending
03-30 18:49:28.005  2220  2220 I android.vending: Using CollectorTypeCMC GC.
03-30 18:49:28.006  2220  2220 W android.vending: Unexpected CPU variant for x86: x86_64.
03-30 18:49:28.006  2220  2220 W android.vending: Known variants: atom, sandybridge, silvermont, goldmont, goldmont-plus, goldmont-without-sha-xsaves, tremont, kabylake, alderlake, default
03-30 18:49:28.044  2220  2220 D nativeloader: Load libframework-connectivity-tiramisu-jni.so using APEX ns com_android_tethering for caller /apex/com.android.tethering/javalib/framework-connectivity-t.jar: ok
03-30 18:49:28.160  1071  2199 I Finsky:background: [93] Wrote row to frosting DB: 466
03-30 18:49:28.161  2220  2220 D ApplicationLoaders: Returning zygote-cached class loader: /system/framework/org.apache.http.legacy.jar
03-30 18:49:28.162  2220  2220 D ApplicationLoaders: Returning zygote-cached class loader: /system_ext/framework/androidx.window.extensions.jar
03-30 18:49:28.162  2220  2220 D ApplicationLoaders: Returning zygote-cached class loader: /system_ext/framework/androidx.window.sidecar.jar
03-30 18:49:28.246  1070  2179 I gle.android.gms: Waiting for a blocking GC ClassLinker
--------- beginning of system
03-30 18:49:28.266   815  2201 I ActivityManager: Force stopping com.weejobs.app appid=10227 user=0: from pid 2242
03-30 18:49:28.277   815   976 V AccessibilityUserState: updateShortcutTargets: type:accessibility_shortcut_target_service, current:{}, new:{}
03-30 18:49:28.279   815   976 V AccessibilityUserState: updateShortcutTargets: type:accessibility_qs_targets, current:{}, new:{}
03-30 18:49:28.281   815   976 V AccessibilityUserState: updateShortcutTargets: type:accessibility_button_targets, current:{}, new:{}
03-30 18:49:28.281   815   976 V AccessibilityUserState: updateShortcutTargets: type:accessibility_gesture_targets, current:{}, new:{}
03-30 18:49:28.288   815  2201 I AppsFilter: interaction: PackageSetting{324f4bb com.android.microdroid.empty_payload/10207} -> PackageSetting{8e5e4bf com.weejobs.app/10227} BLOCKED
03-30 18:49:28.288   815   976 V AccessibilityUserState: updateShortcutTargets: type:accessibility_key_gesture_targets, current:{}, new:{}
03-30 18:49:28.317  1522  1522 D CarrierSvcBindHelper: onHandleForceStop: [com.weejobs.app]
03-30 18:49:28.324   815   976 V AccessibilityManagerService: onUserStateChangedLocked for userId: 0, forceUpdate: false
03-30 18:49:28.325  1071  1188 W PlayCommon: [88] No account for auth token provided
03-30 18:49:28.325  1071  1188 I PlayCommon: [88] Connecting to server: https://play.googleapis.com/play/log?format=raw&proto_v2=true
03-30 18:49:28.370   815   976 V AccessibilityUserState: updateShortcutTargets: type:accessibility_shortcut_target_service, current:{}, new:{}
03-30 18:49:28.370   815   976 V AccessibilityUserState: updateShortcutTargets: type:accessibility_button_targets, current:{}, new:{}
03-30 18:49:28.370   815   976 V AccessibilityUserState: updateShortcutTargets: type:accessibility_gesture_targets, current:{}, new:{}
03-30 18:49:28.370   815   976 V AccessibilityUserState: updateShortcutTargets: type:accessibility_qs_targets, current:{}, new:{}
03-30 18:49:28.371   815   976 V AccessibilityUserState: updateShortcutTargets: type:accessibility_key_gesture_targets, current:{}, new:{}
03-30 18:49:28.376  1522  1522 D CarrierSvcBindHelper: No carrier app for: 0
03-30 18:49:28.383   815   976 W MagnificationConnectionManager: requestConnection duplicated request: connect=false, mConnectionState=DISCONNECTED
03-30 18:49:28.384   815   976 V AccessibilityUserState: updateShortcutTargets: type:accessibility_button_targets, current:{}, new:{}
03-30 18:49:28.385   815   976 V AccessibilityUserState: updateShortcutTargets: type:accessibility_qs_targets, current:{}, new:{}
03-30 18:49:28.414   815   976 V AccessibilityUserState: updateShortcutTargets: type:accessibility_shortcut_target_service, current:{}, new:{}
03-30 18:49:28.417   815   976 V AccessibilityUserState: updateShortcutTargets: type:accessibility_qs_targets, current:{}, new:{}
03-30 18:49:28.418   815   976 V AccessibilityUserState: updateShortcutTargets: type:accessibility_button_targets, current:{}, new:{}
03-30 18:49:28.418   815   976 V AccessibilityUserState: updateShortcutTargets: type:accessibility_gesture_targets, current:{}, new:{}
03-30 18:49:28.418   815   976 V AccessibilityUserState: updateShortcutTargets: type:accessibility_key_gesture_targets, current:{}, new:{}
03-30 18:49:28.427   815   976 V AccessibilityManagerService: onUserStateChangedLocked for userId: 0, forceUpdate: false
03-30 18:49:28.432   815   976 V AccessibilityUserState: updateShortcutTargets: type:accessibility_shortcut_target_service, current:{}, new:{}
03-30 18:49:28.432   815   976 V AccessibilityUserState: updateShortcutTargets: type:accessibility_button_targets, current:{}, new:{}
03-30 18:49:28.432   815   976 V AccessibilityUserState: updateShortcutTargets: type:accessibility_gesture_targets, current:{}, new:{}
03-30 18:49:28.432   815   976 V AccessibilityUserState: updateShortcutTargets: type:accessibility_qs_targets, current:{}, new:{}
03-30 18:49:28.432   815   976 V AccessibilityUserState: updateShortcutTargets: type:accessibility_key_gesture_targets, current:{}, new:{}
03-30 18:49:28.434   815   976 W MagnificationConnectionManager: requestConnection duplicated request: connect=false, mConnectionState=DISCONNECTED
03-30 18:49:28.468  1071  1071 I Finsky:background: [2] Memory trim requested to level 40
03-30 18:49:28.470  1071  1188 I PlayCommon: [88] Successfully uploaded logs.
03-30 18:49:28.483  1071  1188 E PlayCommon: [88] Error reading the content of the response body: java.io.EOFException
03-30 18:49:28.489  1070  1472 I Icing   : updateResources: need to parse cfmu{com.google.android.gms}
03-30 18:49:28.532   815  1239 I HalDevMgr: bestIfaceCreationProposal is null, requestIface=STA, existingIface=[name=wlan0 type=STA]
03-30 18:49:28.714  2049  2068 W ogle.android.as: Reducing the number of considered missed Gc histogram windows from 122 to 100
03-30 18:49:28.731  1070  2179 I gle.android.gms: WaitForGcToComplete blocked ClassLinker on Background for 485.398ms
03-30 18:49:28.828  2099  2155 W DynamiteModule: Local module descriptor class for com.google.android.gms.googlecertificates not found.
03-30 18:49:28.858   815   844 W ActivityManager: Rescheduling restart of crashed service com.android.settings/.SettingsDumpService in 418718548ms for mem-pressure-event
03-30 18:49:28.859   815   844 W ActivityManager: Rescheduling restart of crashed service com.android.settings/.SettingsDumpService in 418718547ms for mem-pressure-event
03-30 18:49:28.874  1070  2179 W gle.android.gms: Verification of void com.google.android.gms.chimera.GmsModuleInitializer.initializeModuleV0(android.content.Context, com.google.android.gms.common.app.BaseApplicationContext) took 125.514ms (7863.63 bytecodes/s) (0B arena alloc)
03-30 18:49:28.927  2099  2155 W .apps.wellbeing: ClassLoaderContext classpath size mismatch. expected=1, found=0 (DLC[];PCL[base.apk*2941841013]{PCL[/system/framework/org.apache.http.legacy.jar*3808638674]#PCL[/system/framework/com.android.location.provider.jar*1880069816]#PCL[/system/framework/com.android.media.remotedisplay.jar*1838754544]#PCL[/system_ext/framework/com.android.extensions.appfunctions.jar*1527718805]#PCL[/system_ext/framework/androidx.window.extensions.jar*27366443]#PCL[/system_ext/framework/androidx.window.sidecar.jar*3917221785]} | DLC[];PCL[])
03-30 18:49:28.936  2220  2220 W android.vending: Failed to find entry 'classes.dex': Entry not found
03-30 18:49:28.944  2220  2220 W android.vending: Failed to find entry 'classes.dex': Entry not found
03-30 18:49:28.949  2220  2220 W android.vending: Failed to find entry 'classes.dex': Entry not found
03-30 18:49:28.953  2220  2220 W android.vending: Failed to find entry 'classes.dex': Entry not found
03-30 18:49:28.954  2099  2155 I DynamiteModule: Considering local module com.google.android.gms.googlecertificates:0 and remote module com.google.android.gms.googlecertificates:7
03-30 18:49:28.954  2099  2155 I DynamiteModule: Selected remote version of com.google.android.gms.googlecertificates, version >= 7
03-30 18:49:28.960  2220  2220 W android.vending: Failed to find entry 'classes.dex': Entry not found
03-30 18:49:28.968  2220  2220 W android.vending: Failed to find entry 'classes.dex': Entry not found
03-30 18:49:28.970  2220  2220 D nativeloader: Configuring clns-9 for other apk /data/app/~~R3E0N6rawAAGlfSbY12o2w==/com.android.vending-PMpCJFfaqnV_YAJtVXEmZg==/base.apk:/data/app/~~R3E0N6rawAAGlfSbY12o2w==/com.android.vending-PMpCJFfaqnV_YAJtVXEmZg==/split_config.en.apk:/data/app/~~R3E0N6rawAAGlfSbY12o2w==/com.android.vending-PMpCJFfaqnV_YAJtVXEmZg==/split_config.x86_64.apk:/data/app/~~R3E0N6rawAAGlfSbY12o2w==/com.android.vending-PMpCJFfaqnV_YAJtVXEmZg==/split_phonesky_data_loader.apk:/data/app/~~R3E0N6rawAAGlfSbY12o2w==/com.android.vending-PMpCJFfaqnV_YAJtVXEmZg==/split_phonesky_data_loader.config.x86_64.apk:/data/app/~~R3E0N6rawAAGlfSbY12o2w==/com.android.vending-PMpCJFfaqnV_YAJtVXEmZg==/split_phonesky_webrtc_native_lib.apk:/data/app/~~R3E0N6rawAAGlfSbY12o2w==/com.android.vending-PMpCJFfaqnV_YAJtVXEmZg==/split_phonesky_webrtc_native_lib.config.x86_64.apk. target_sdk_version=36, uses_libraries=, library_path=/data/app/~~R3E0N6rawAAGlfSbY12o2w==/com.android.vending-PMpCJFfaqnV_YAJtVXEmZg==/lib/x86_64:/data/app/~~R3E0N6rawAAGlfSbY12o2w==/com.android.ven
03-30 18:49:29.013  2220  2220 V GraphicsEnvironment: Currently set values for:
03-30 18:49:29.013  2220  2220 V GraphicsEnvironment:   angle_gl_driver_selection_pkgs=[]
03-30 18:49:29.013  2220  2220 V GraphicsEnvironment:   angle_gl_driver_selection_values=[]
03-30 18:49:29.013  2220  2220 V GraphicsEnvironment: com.android.vending is not listed in per-application setting
03-30 18:49:29.013  2220  2220 V GraphicsEnvironment: ANGLE allowlist from config: com.dreamgames.royalmatch com.dts.freefiremax com.dxx.firenow com.gramgames.mergedragons com.ludo.king com.mojang.minecraftpe com.my.defense com.nintendo.zaka com.os.airforce com.playrix.fishdomdd.gplay io.teslatech.callbreak jp.konami.prospia net.peakgames.toonblast
03-30 18:49:29.013  2220  2220 V GraphicsEnvironment: No special selections for ANGLE, returning default driver choice
03-30 18:49:29.013  2220  2220 V GraphicsEnvironment: Neither updatable production driver nor prerelease driver is supported.
03-30 18:49:29.054  2099  2155 W System  : ClassLoader referenced unknown path: 
03-30 18:49:29.054  2099  2155 D nativeloader: Configuring clns-11 for other apk . target_sdk_version=37, uses_libraries=, library_path=/data/app/~~l86ooHn3z7zjJPmRwuVyKA==/com.google.android.gms-mjvtrlLEHAA3R1GV5L8qqg==/lib/x86_64:/data/app/~~l86ooHn3z7zjJPmRwuVyKA==/com.google.android.gms-mjvtrlLEHAA3R1GV5L8qqg==/base.apk!/lib/x86_64, permitted_path=/data:/mnt/expand:/data/user/0/com.google.android.gms
03-30 18:49:29.077  2220  2220 I Finsky  : [2] Process created at version: 50.7.24-31 [0] [PR] 888136775
03-30 18:49:29.078  2099  2155 W .apps.wellbeing: ClassLoaderContext classpath element mismatch. expected=base.apk, found=/product/priv-app/WellbeingPrebuilt/WellbeingPrebuilt.apk (DLC[];PCL[base.apk*2941841013]{PCL[/system/framework/org.apache.http.legacy.jar*3808638674]#PCL[/system/framework/com.android.location.provider.jar*1880069816]#PCL[/system/framework/com.android.media.remotedisplay.jar*1838754544]#PCL[/system_ext/framework/com.android.extensions.appfunctions.jar*1527718805]#PCL[/system_ext/framework/androidx.window.extensions.jar*27366443]#PCL[/system_ext/framework/androidx.window.sidecar.jar*3917221785]} | DLC[];PCL[/product/priv-app/WellbeingPrebuilt/WellbeingPrebuilt.apk*2795219637]{PCL[/system/framework/org.apache.http.legacy.jar*3808638674]#PCL[/system_ext/framework/com.android.extensions.appfunctions.jar*1527718805]#PCL[/system_ext/framework/androidx.window.extensions.jar*27366443]#PCL[/system_ext/framework/androidx.window.sidecar.jar*3917221785]})
03-30 18:49:29.086  2099  2155 D DesktopExperienceFlags: Toggle override initialized to: false
03-30 18:49:29.108  1070  1472 I Icing   : Internal init done: storage state 0
03-30 18:49:29.121  1070  1448 I Icing   : Post-init done
03-30 18:49:29.202  2220  2261 W Finsky  : [50] Failed to get the task info for cold start.
03-30 18:49:29.203  2220  2261 I Finsky  : [50] Process started for unknown session.
03-30 18:49:29.232  2220  2259 I Finsky  : [48] Finished reading experiment flags from file [Se-xCc4LzNyh3UrKMIU2sUf-PUKz4oQEbpKZDMuaFno] numFlags=2003.
03-30 18:49:29.259  2220  2261 I Finsky  : [50] Finished reading experiment flags from file [0tGUNCGIkbk4o6-fQ335kUYSKwVj4lusnHT-A5Dsy08] numFlags=2270.
03-30 18:49:29.350  1070  1448 I Icing   : Using regular flags by method 2
03-30 18:49:29.403  2220  2266 D nativeloader: Load /data/app/~~R3E0N6rawAAGlfSbY12o2w==/com.android.vending-PMpCJFfaqnV_YAJtVXEmZg==/split_config.x86_64.apk!/lib/x86_64/libmappedcountercacheversionjni.so using class loader ns clns-9 (caller=/data/app/~~R3E0N6rawAAGlfSbY12o2w==/com.android.vending-PMpCJFfaqnV_YAJtVXEmZg==/base.apk): ok
03-30 18:49:29.498  1070  1448 I Icing   : Usage reports ok 1, Failed Usage reports 0, indexed 0, rejected 0
03-30 18:49:29.561  2220  2220 I Finsky  : [2] Profiling: Starting up (0)
03-30 18:49:29.580  2220  2258 I Finsky  : [47] aiky - Registering in memory receiver for android.intent.action.PACKAGE_ADDED and android.intent.action.PACKAGE_REMOVED
03-30 18:49:29.634  1070  1448 I Icing   : Usage reports ok 0, Failed Usage reports 0, indexed 0, rejected 0
03-30 18:49:29.765  2220  2260 E ashmem  : Pinning is deprecated since Android Q. Please use trim or other methods.
03-30 18:49:29.999  2220  2220 I Finsky  : [2] This process start was not selected for Play memory metrics collection.
03-30 18:49:30.000  1070  1448 I Icing   : Usage reports ok 0, Failed Usage reports 0, indexed 0, rejected 0
03-30 18:49:30.037  2220  2220 I Finsky  : [2] aiky - Received: android.intent.action.PACKAGE_ADDED, [Gqk4ewQyzs5K3YXFVstm8EkH33a-0A8vDs_YEc4mwgs]
03-30 18:49:30.062  2220  2261 I Finsky  : [50] SysUA: Disable SystemUpdateActivity, because no login account
03-30 18:49:30.079  2220  2272 I Finsky  : [59] SysUA: Set SystemUpdateActivity enabled state to 2
03-30 18:49:30.104  2220  2273 I Finsky  : [60] Set UnhibernateActivity enabled state to 1
03-30 18:49:30.112  2220  2259 I Finsky  : [48] VerifyApps: Setup app restrictions monitor
03-30 18:49:30.131  2220  2274 I Finsky  : [61] SysCUA: Set {com.android.vending/com.google.android.finsky.systemcomponentupdateui.common.SystemComponentUpdateActivity} enabled state to 0
03-30 18:49:30.169  2220  2259 I Finsky  : [48] VerifyApps: Device wide unknown source restriction updated
03-30 18:49:30.213  2220  2263 I Finsky  : [51] Enqueuing libraries load for 0
03-30 18:49:30.213  2220  2273 I Finsky  : [60] Starting libraries load for 0
03-30 18:49:30.246  2220  2273 I Finsky  : [60] Finished loading 0 libraries.
03-30 18:49:30.274  2220  2220 W Settings: Setting download_manager_max_bytes_over_mobile has moved from android.provider.Settings.Secure to android.provider.Settings.Global.
03-30 18:49:30.282  2220  2220 I Finsky  : [2] SettingNotFoundException, fall through to G.downloadBytesOverMobileMaximum
03-30 18:49:30.286  2220  2220 W Settings: Setting download_manager_recommended_max_bytes_over_mobile has moved from android.provider.Settings.Secure to android.provider.Settings.Global.
03-30 18:49:30.287  1070  1070 D BoundBrokerSvc: onBind: Intent { act=com.google.android.gms.safetynet.service.START xflg=0x4 pkg=com.google.android.gms }
03-30 18:49:30.288  1070  1070 D BoundBrokerSvc: Loading bound service for intent: Intent { act=com.google.android.gms.safetynet.service.START xflg=0x4 pkg=com.google.android.gms }
03-30 18:49:30.288  2220  2220 I Finsky  : [2] SettingNotFoundException, fall through to G.downloadBytesOverMobileRecommended
03-30 18:49:30.336  1070  2179 I GmsModuleInitializer: Using ContainerGservicesDelegate
03-30 18:49:30.369  2220  2220 I Finsky  : [2] DTU: Received onPackageAdded, replacing: true
03-30 18:49:30.404  8555  1609 W GetConfigSnapshotOp: Succeeded but not registered: com.google.android.gms.gmscompliance_client#com.android.vending [CONTEXT service_id=51 ]
03-30 18:49:30.451  1070  1091 W GoogleCertificates: GoogleCertificates has been initialized already
03-30 18:49:30.510  2220  2220 I Finsky  : [2] Resetting scheduler db
03-30 18:49:30.559  2245  2245 D AndroidRuntime: >>>>>> START com.android.internal.os.RuntimeInit uid 2000 <<<<<<
03-30 18:49:30.567  2220  2275 I Finsky  : [62] SCH: Scheduling phonesky job Id: 1-1337, CT: 1774899334323, Constraints: [{ L: 35770701, D: 78970701, C: CHARGING_NONE, I: IDLE_NONE, N: NET_ANY, B: BATTERY_ANY }]
03-30 18:49:30.568  2220  2275 I Finsky  : [62] SCH: Scheduling phonesky job Id: 10-79, CT: 1774899333448, Constraints: [{ L: 0, D: 86400000, C: CHARGING_NONE, I: IDLE_REQUIRED, N: NET_ANY, B: BATTERY_ANY }]
03-30 18:49:30.568  2220  2275 I Finsky  : [62] SCH: Scheduling phonesky job Id: 10-168, CT: 1774899333448, Constraints: [{ L: 0, D: 86400000, C: CHARGING_NONE, I: IDLE_REQUIRED, N: NET_ANY, B: BATTERY_ANY }]
03-30 18:49:30.568  2220  2275 I Finsky  : [62] SCH: Scheduling phonesky job Id: 24-77777777, CT: 1774899339468, Constraints: [{ L: 1, D: 82800000, C: CHARGING_NONE, I: IDLE_REQUIRED, N: NET_NONE, B: BATTERY_ANY }]
03-30 18:49:30.568  2220  2275 I Finsky  : [62] SCH: Scheduling phonesky job Id: 26-1414141414, CT: 1774900293862, Constraints: [{ L: 43200000, D: 44100000, C: CHARGING_NONE, I: IDLE_NONE, N: NET_NONE, B: BATTERY_ANY }]
03-30 18:49:30.569  2220  2275 I Finsky  : [62] SCH: Scheduling phonesky job Id: 44-1027, CT: 1774899334592, Constraints: [{ L: 0, D: 86400000, C: CHARGING_NONE, I: IDLE_REQUIRED, N: NET_NONE, B: BATTERY_NOT_LOW }]
03-30 18:49:30.589  2220  2259 I Finsky  : [48] RECEIVER_PACKAGE_MONITOR#logWorkEndAndFinishGoAsync: SUCCESS
03-30 18:49:30.606  2220  2261 I Finsky  : [50] Device is eligible for platform Cronet and will attempt to use it.
03-30 18:49:30.633  1070  2292 I Auth    : (REDACTED) [SupervisedAccountIntentOperation] onHandleIntent: %s
03-30 18:49:30.671  2220  2275 I Finsky  : [62] SCH: Scheduling 0 system job(s)
03-30 18:49:30.757  2220  2260 I Finsky  : [49] RECEIVER_SINGLE_USER_SETTINGS#logWorkEndAndFinishGoAsync: SUCCESS
03-30 18:49:30.765  2220  2302 D HttpFlagsLoader: Not loading HTTP flags because they are disabled in the manifest
03-30 18:49:30.776  2220  2220 I Finsky  : [2] Memory trim requested to level 40
03-30 18:49:30.776  2220  2220 I Finsky  : [2] Flushing in-memory image cache
03-30 18:49:30.798  2245  2245 I AndroidRuntime: Using default boot image
03-30 18:49:30.799  2245  2245 I AndroidRuntime: Leaving lock profiling enabled
03-30 18:49:30.840  2245  2245 I app_process: Using CollectorTypeCMC GC.
03-30 18:49:30.882  2220  2315 D DesktopExperienceFlags: Toggle override initialized to: false
03-30 18:49:30.899  2220  2288 I Finsky  : [72] SCH: Received scheduling request: Id: 12-1, Constraints: [{ L: 15000, D: 86400000, C: CHARGING_NONE, I: IDLE_NONE, N: NET_ANY, B: BATTERY_ANY }]
03-30 18:49:30.917  2220  2261 I cn_CronetLibraryLoader: Cronet version: 141.0.7340.3, arch: x86_64
03-30 18:49:30.937  1070  1084 W gle.android.gms: Suspending all threads took: 37.029ms
03-30 18:49:30.938  2220  2259 I Finsky  : [48] Subscription detail: DataSubscriptionInfo{groupIdLevel1=null, serviceProviderName=[Zr1R7g28S8p7iucp_gnNJJtsRl-pgO3Y6eIkCh24Iy0], simCarrierId=1}
03-30 18:49:30.938   815  1430 V SafetySourceDataValidat: Package: com.android.vending has expected signature
03-30 18:49:30.944   815  1430 V SafetySourceDataValidat: Package: com.android.vending has expected signature
03-30 18:49:30.976   815  1590 D ConnectivityService: requestNetwork for uid/pid:10153/2220 activeRequest: null callbackRequest: 430 [NetworkRequest [ REQUEST id=431, [ Capabilities: INTERNET&NOT_RESTRICTED&TRUSTED&NOT_VCN_MANAGED&NOT_BANDWIDTH_CONSTRAINED Uid: 10153 RequestorUid: 10153 RequestorPkg: com.android.vending UnderlyingNetworks: Null] ]] callback flags: 0 order: 2147483647 isUidTracked: false declaredMethods: AVAIL|LOST|NC|LP
03-30 18:49:30.985  2220  2274 I Finsky  : [61] CronetEngine is present. Using Cronet for the networking stack.
03-30 18:49:30.998   815  1247 D ConnectivityService: NetReassign [431 : null → 102] [c 2] [a 5] [i 9]
03-30 18:49:31.000   815  1239 D OemPaidWifiNetworkFactory: got request NetworkRequest [ REQUEST id=431, [ Capabilities: INTERNET&NOT_RESTRICTED&TRUSTED&NOT_VCN_MANAGED&NOT_BANDWIDTH_CONSTRAINED Uid: 10153 RequestorUid: 10153 RequestorPkg: com.android.vending UnderlyingNetworks: Null] ]
03-30 18:49:31.001   815  1239 D MultiInternetWifiNetworkFactory: got request NetworkRequest [ REQUEST id=431, [ Capabilities: INTERNET&NOT_RESTRICTED&TRUSTED&NOT_VCN_MANAGED&NOT_BANDWIDTH_CONSTRAINED Uid: 10153 RequestorUid: 10153 RequestorPkg: com.android.vending UnderlyingNetworks: Null] ]
03-30 18:49:31.003   815  1239 D WifiNetworkFactory: got request NetworkRequest [ REQUEST id=431, [ Capabilities: INTERNET&NOT_RESTRICTED&TRUSTED&NOT_VCN_MANAGED&NOT_BANDWIDTH_CONSTRAINED Uid: 10153 RequestorUid: 10153 RequestorPkg: com.android.vending UnderlyingNetworks: Null] ]
03-30 18:49:31.009   815  1430 D FileUtils: Rounded bytes from 2061062144 to 4000000000
03-30 18:49:31.020   815  1239 D UntrustedWifiNetworkFactory: got request NetworkRequest [ REQUEST id=431, [ Capabilities: INTERNET&NOT_RESTRICTED&TRUSTED&NOT_VCN_MANAGED&NOT_BANDWIDTH_CONSTRAINED Uid: 10153 RequestorUid: 10153 RequestorPkg: com.android.vending UnderlyingNetworks: Null] ]
03-30 18:49:31.029   815  1247 D ConnectivityService: NetReassign [no changes] [c 4] [a 2] [i 2]
03-30 18:49:31.050  2220  2279 I Finsky  : [65] Initializing pausers from value store.
03-30 18:49:31.073  2220  2279 I Finsky  : [65] IQ::HLD: Callers (Pausers) in PauseUpdatesCallersValueStore: []
03-30 18:49:31.098  1070  2297 I NearbyDiscovery: (REDACTED) processGrantSlicePermission: %s
03-30 18:49:31.100  2220  2263 I Finsky  : [51] ApplicationRestrictions: {}
03-30 18:49:31.116  2220  2275 I Finsky  : [62] CronetEngine is present. Using Cronet for the networking stack.
03-30 18:49:31.151  1070  2286 W gle.android.gms: Verification of void m58.bam.onServiceConnected(android.content.ComponentName, android.os.IBinder) took 193.642ms (407.97 bytecodes/s) (0B arena alloc)
03-30 18:49:31.276  2220  2220 I Finsky  : [2] onSubscriptionsChanged
03-30 18:49:31.294  1071  1075 W ding:background: Suspending all threads took: 7.862ms
03-30 18:49:31.344  1071  1071 I Endpoint: Created gRPC endpoint for service class com.google.frameworks.client.data.android.server.play.BackgroundProcessEndpointService
03-30 18:49:31.370  1071  1071 I Finsky:background: [2] Memory trim requested to level 40
03-30 18:49:31.394  1070  1448 I GmscoreIpa: (REDACTED) Using %s flags by method %d
03-30 18:49:31.422  1070  1084 W gle.android.gms: Suspending all threads took: 17.107ms
03-30 18:49:31.433  1337  1351 W ndroid.systemui: Reducing the number of considered missed Gc histogram windows from 121 to 100
03-30 18:49:31.556  2220  2266 I Finsky  : [52] WM::SCH: Logging work initialize for 12-1
03-30 18:49:31.615  1070  2196 I Icing   : IndexChimeraService.getServiceInterface callingPackage=com.google.android.gms componentName=ContactsIndexer serviceId=33
03-30 18:49:31.632  2220  2272 I Finsky  : [59] SCH: Scheduling phonesky job Id: 12-1, CT: 1774921770910, Constraints: [{ L: 15000, D: 86400000, C: CHARGING_NONE, I: IDLE_NONE, N: NET_ANY, B: BATTERY_ANY }]
03-30 18:49:31.644  2220  2374 I Finsky  : [97] SM: There are no stale sessions to be pruned
03-30 18:49:31.654  2220  2273 I Finsky  : [60] SCH: Scheduling 1 system job(s)
03-30 18:49:31.656   815  1239 I HalDevMgr: bestIfaceCreationProposal is null, requestIface=STA, existingIface=[name=wlan0 type=STA]
03-30 18:49:31.661  2220  2273 I Finsky  : [60] SCH: Scheduling system job Id: 9348, L: 14256, D: 56533370, C: false, I: false, N: 1
03-30 18:49:31.661  2220  2220 I Finsky  : [2] Connecting InstallListener to SplitInstallService broadcaster...
03-30 18:49:31.667  1070  2179 W SQLiteLog: (28) double-quoted string literal: "com.weejobs.app"
03-30 18:49:31.729  1070  1472 I Icing   : Usage reports ok 0, Failed Usage reports 0, indexed 0, rejected 0
03-30 18:49:31.737  1070  2196 I Icing   : IndexChimeraService.getServiceInterface callingPackage=com.google.android.gms componentName=null serviceId=36
03-30 18:49:31.775  1070  1084 W gle.android.gms: Suspending all threads took: 5.227ms
03-30 18:49:31.796   815  1292 D BackgroundInstallControlService: Package event received: 0
03-30 18:49:31.801   815  2201 V GrammaticalInflectionUtils: AttributionSource: android.content.AttributionSource@d6cd17e6 does not have READ_SYSTEM_GRAMMATICAL_GENDER permission.
03-30 18:49:31.821  2220  2266 I Finsky  : [52] [ContentSync] finished, scheduled=true
03-30 18:49:31.856   579   579 D Zygote  : Forked child process 2377
03-30 18:49:31.857   815   846 W ActivityManager: Slow operation: 55ms so far, now at startProcess: returned from zygote!
03-30 18:49:31.862   815   846 W ActivityManager: Slow operation: 59ms so far, now at startProcess: done updating battery stats
03-30 18:49:31.862   815   846 W ActivityManager: Slow operation: 60ms so far, now at startProcess: building log message
03-30 18:49:31.864   815   846 I ActivityManager: Start proc 2377:android.process.acore/u0a104 for content provider {com.android.providers.contacts/com.android.providers.contacts.ContactsProvider2}
03-30 18:49:31.864   815   846 W ActivityManager: Slow operation: 63ms so far, now at startProcess: starting to update pids map
03-30 18:49:31.865   815   846 W ActivityManager: Slow operation: 63ms so far, now at startProcess: done updating pids map
03-30 18:49:31.884  1070  1472 I Icing   : Usage reports ok 0, Failed Usage reports 0, indexed 0, rejected 0
03-30 18:49:31.932  2377  2377 I Zygote  : Process 2377 created for android.process.acore
03-30 18:49:31.932  2377  2377 I d.process.acore: Using CollectorTypeCMC GC.
03-30 18:49:31.933  1337  1353 W System  : A resource failed to call release. 
03-30 18:49:31.937  1337  1353 W System  : A resource failed to call release. 
03-30 18:49:31.937  1337  1353 W System  : A resource failed to call release. 
03-30 18:49:31.943  2377  2377 W d.process.acore: Unexpected CPU variant for x86: x86_64.
03-30 18:49:31.943  2377  2377 W d.process.acore: Known variants: atom, sandybridge, silvermont, goldmont, goldmont-plus, goldmont-without-sha-xsaves, tremont, kabylake, alderlake, default
03-30 18:49:31.972  2377  2377 D nativeloader: Load libframework-connectivity-tiramisu-jni.so using APEX ns com_android_tethering for caller /apex/com.android.tethering/javalib/framework-connectivity-t.jar: ok
03-30 18:49:31.983  1337  1353 W System  : A resource failed to call release. 
03-30 18:49:31.996  2245  2245 D nativeloader: InitDefaultPublicLibraries for_preload=1: libandroid.so:libaaudio.so:libamidi.so:libbinder_ndk.so:libc.so:libcamera2ndk.so:libdl.so:libEGL.so:libGLESv1_CM.so:libGLESv2.so:libGLESv3.so:libicu.so:libicui18n.so:libicuuc.so:libjnigraphics.so:liblog.so:libmediandk.so:libm.so:libnativehelper.so:libnativewindow.so:libOpenMAXAL.so:libOpenSLES.so:libRS.so:libstdc++.so:libsync.so:libvulkan.so:libwebviewchromium_plat_support.so:libz.so
03-30 18:49:32.070  2377  2377 D nativeloader: Configuring clns-shared-9 for other apk /system/priv-app/ContactsProvider/ContactsProvider.apk. target_sdk_version=36, uses_libraries=, library_path=/system/priv-app/ContactsProvider/lib/x86_64:/system/lib64:/system_ext/lib64, permitted_path=/data:/mnt/expand:/data/user/0/com.android.providers.contacts:/system/priv-app/ContactsProvider:/system/lib64:/system_ext/lib64
03-30 18:49:32.101  2377  2377 V GraphicsEnvironment: Currently set values for:
03-30 18:49:32.103  2377  2377 V GraphicsEnvironment:   angle_gl_driver_selection_pkgs=[]
03-30 18:49:32.108  2377  2377 V GraphicsEnvironment:   angle_gl_driver_selection_values=[]
03-30 18:49:32.111  2377  2377 V GraphicsEnvironment: com.android.providers.contacts is not listed in per-application setting
03-30 18:49:32.112  2377  2377 V GraphicsEnvironment: ANGLE allowlist from config: com.dreamgames.royalmatch com.dts.freefiremax com.dxx.firenow com.gramgames.mergedragons com.ludo.king com.mojang.minecraftpe com.my.defense com.nintendo.zaka com.os.airforce com.playrix.fishdomdd.gplay io.teslatech.callbreak jp.konami.prospia net.peakgames.toonblast
03-30 18:49:32.113  2377  2377 V GraphicsEnvironment: No special selections for ANGLE, returning default driver choice
03-30 18:49:32.114  2377  2377 V GraphicsEnvironment: Neither updatable production driver nor prerelease driver is supported.
03-30 18:49:32.152  2245  2245 D nativeloader: Load libicu_jni.so using APEX ns com_android_art for caller /apex/com.android.art/javalib/core-oj.jar: ok
03-30 18:49:32.154  2245  2245 D app_process: u_setTimeZoneFilesDirectory("/apex/com.android.tzdata/etc/tz/versioned/9/icu") succeeded. 
03-30 18:49:32.154  2245  2245 D app_process: I18n APEX ICU file found: /apex/com.android.i18n/etc/icu/icudt76l.dat
03-30 18:49:32.170  1337  1353 W System  : A resource failed to call release. 
03-30 18:49:32.171  1337  1353 W System  : A resource failed to call release. 
03-30 18:49:32.173  1337  1353 W System  : A resource failed to call release. 
03-30 18:49:32.175  2377  2377 D nativeloader: Configuring clns-shared-10 for other apk /system/priv-app/UserDictionaryProvider/UserDictionaryProvider.apk. target_sdk_version=36, uses_libraries=, library_path=/system/priv-app/UserDictionaryProvider/lib/x86_64:/system/lib64:/system_ext/lib64, permitted_path=/data:/mnt/expand:/data/user/0/com.android.providers.userdictionary:/system/priv-app/UserDictionaryProvider:/system/lib64:/system_ext/lib64
03-30 18:49:32.204  2245  2245 D nativeloader: Load libjavacore.so using APEX ns com_android_art for caller /apex/com.android.art/javalib/core-oj.jar: ok
03-30 18:49:32.227  2245  2245 D nativeloader: Load libopenjdk.so using APEX ns com_android_art for caller /apex/com.android.art/javalib/core-oj.jar: ok
03-30 18:49:32.230  2377  2377 D nativeloader: Configuring clns-shared-11 for other apk /system/priv-app/BlockedNumberProvider/BlockedNumberProvider.apk. target_sdk_version=36, uses_libraries=, library_path=/system/priv-app/BlockedNumberProvider/lib/x86_64:/system/lib64:/system_ext/lib64, permitted_path=/data:/mnt/expand:/data/user_de/0/com.android.providers.blockednumber:/system/priv-app/BlockedNumberProvider:/system/lib64:/system_ext/lib64
03-30 18:49:32.235  2245  2245 I app_process: Priority-to-niceness mapping: 19, 16, 13, 10, 0, -2, -4, -5, -6, -8
03-30 18:49:32.236  2245  2245 W app_process: Unexpected CPU variant for x86: x86_64.
03-30 18:49:32.236  2245  2245 W app_process: Known variants: atom, sandybridge, silvermont, goldmont, goldmont-plus, goldmont-without-sha-xsaves, tremont, kabylake, alderlake, default
03-30 18:49:32.253  2377  2377 I ContactsPerf: VoicemailContentProvider.onCreate start
03-30 18:49:32.294  2377  2377 I ContactsPerf: VoicemailContentProvider.onCreate finish
03-30 18:49:32.314  1070  1448 I Icing   : Indexing com.google.android.gms-apps from com.google.android.gms
03-30 18:49:32.317  2377  2402 E ashmem  : Pinning is deprecated since Android Q. Please use trim or other methods.
03-30 18:49:32.336  2377  2377 D nativeloader: Configuring clns-shared-12 for other apk /system/priv-app/E2eeContactKeysProvider/E2eeContactKeysProvider.apk. target_sdk_version=36, uses_libraries=, library_path=/system/priv-app/E2eeContactKeysProvider/lib/x86_64:/system/lib64:/system_ext/lib64, permitted_path=/data:/mnt/expand:/data/user/0/com.android.providers.contactkeys:/system/priv-app/E2eeContactKeysProvider:/system/lib64:/system_ext/lib64
03-30 18:49:32.361  1070  1448 I Icing   : Indexing done com.google.android.gms-apps
03-30 18:49:32.384  2377  2411 I PhoneAccountHandleMigrationUtils_CallLogDatabaseHelper: updatePhoneAccountHandleMigrationPendingStatus false
03-30 18:49:32.408  2403  2403 W libbinder.BackendUnifiedServiceManager: Thread Pool max thread count is 0. Cannot cache binder as linkToDeath cannot be implemented. serviceName: package
03-30 18:49:32.455  2377  2412 I PhoneAccountHandleMigrationUtils_CallLogDatabaseHelper: updatePhoneAccountHandleMigrationPendingStatus false
03-30 18:49:32.526  2377  2411 I CallLogProvider: syncEntriesFrom: fromUserId=0, srcIsShadow=true, forAllUsers=false; previousTimeStamp=0, newTimeStamp=0, entries=0
03-30 18:49:32.560  2377  2411 I CallLogProvider: delete uid/pid=10104/2377, uri=content://call_log_shadow/calls, numChanged=0
03-30 18:49:32.576   815  2214 D CountryDetector: The first listener is added
03-30 18:49:32.580  2377  2377 I ContactsDatabaseHelper: updateUseStrictPhoneNumberComparison: US
03-30 18:49:32.612  2245  2245 D nativeloader: Load libframework-connectivity-tiramisu-jni.so using APEX ns com_android_tethering for caller /apex/com.android.tethering/javalib/framework-connectivity-t.jar: ok
03-30 18:49:32.616  2245  2245 D AndroidRuntime: Calling main entry com.android.commands.monkey.Monkey
03-30 18:49:32.621  2377  2411 I CallLogProvider: Syncing call composer pics -- source user=0, isShadow=true, forAllUser=false
03-30 18:49:32.625  2377  2411 I CallLogProvider: Fetching list of Uris to sync
03-30 18:49:32.628  2245  2245 D nativeloader: Load /system/lib64/libmonkey_jni.so using ns default for caller /system/framework/monkey.jar in same partition (is_bridged=0): ok
03-30 18:49:32.633  2245  2245 W Monkey  : args: [-p, com.weejobs.app, -c, android.intent.category.LAUNCHER, 1]
03-30 18:49:32.637  2377  2411 I CallLogProvider: Will sync following Uris:[]
03-30 18:49:32.638  2377  2411 I CallLogProvider: Syncing call composer pics -- got []
03-30 18:49:32.697  2099  2128 W .apps.wellbeing: userfaultfd: MOVE ioctl seems unsupported: Connection timed out
03-30 18:49:32.710  2245  2245 I AconfigPackage: android.media.swcodec.flags is mapped to com.android.media.swcodec
03-30 18:49:32.724   815  1292 D BackgroundInstallControlService: Package event received: 0
03-30 18:49:32.725  2245  2245 I AconfigPackage: com.android.permission.flags is mapped to com.android.permission
03-30 18:49:32.725  2245  2245 I AconfigPackage: com.android.permissioncontroller.flags is mapped to com.android.permission
03-30 18:49:32.725   815  1292 D BackgroundInstallControlService: Package event received: 0
03-30 18:49:32.725   815  1292 D BackgroundInstallControlService: Package event received: 0
03-30 18:49:32.725   815  1292 D BackgroundInstallControlService: Package event received: 0
03-30 18:49:32.734  2245  2245 I AconfigPackage: com.android.icu is mapped to com.android.i18n
03-30 18:49:32.749  2245  2245 I AconfigPackage: com.android.appsearch.flags is mapped to com.android.appsearch
03-30 18:49:32.749  2377  2377 I ContactsDatabaseHelper: updateUseStrictPhoneNumberComparison: US
03-30 18:49:32.761  2245  2245 I AconfigPackage: android.uprobestats.mainline.flags is mapped to com.android.uprobestats
03-30 18:49:32.769  2245  2245 I AconfigPackage: com.android.crashrecovery.flags is mapped to com.android.crashrecovery
03-30 18:49:32.781  2245  2245 I AconfigPackage: android.provider.flags is mapped to com.android.configinfrastructure
03-30 18:49:32.781  2245  2245 I AconfigPackage: com.android.server.deviceconfig is mapped to com.android.configinfrastructure
03-30 18:49:32.793  2377  2419 D ContactsDatabaseHelper: WAL enabled for contacts2.db: true
03-30 18:49:32.794  2245  2245 I AconfigPackage: com.android.compos.flags is mapped to com.android.compos
03-30 18:49:32.802  2245  2245 I AconfigPackage: com.android.art.flags is mapped to com.android.art
03-30 18:49:32.805  2245  2245 I AconfigPackage: com.android.art.rw.flags is mapped to com.android.art
03-30 18:49:32.805  2245  2245 I AconfigPackage: com.android.libcore is mapped to com.android.art
03-30 18:49:32.814  2245  2245 I AconfigPackage: com.android.telephony.flags is mapped to com.android.telephonycore
03-30 18:49:32.822  2245  2245 I AconfigPackage: com.android.media.extractor.flags is mapped to com.android.media
03-30 18:49:32.822  2245  2245 I AconfigPackage: com.android.media.mainline.flags is mapped to com.android.media
03-30 18:49:32.835  2245  2245 I AconfigPackage: com.android.wifi.flags is mapped to com.android.wifi
03-30 18:49:32.836  2245  2245 I AconfigPackage: com.android.org.conscrypt.flags is mapped to com.android.conscrypt
03-30 18:49:32.836  2245  2245 I AconfigPackage: com.android.org.conscrypt.net.flags is mapped to com.android.conscrypt
03-30 18:49:32.847  2245  2245 I AconfigPackage: com.android.healthfitness.flags is mapped to com.android.healthfitness
03-30 18:49:32.856  2245  2245 I AconfigPackage: com.android.ipsec.flags is mapped to com.android.ipsec
03-30 18:49:32.863  2245  2245 I AconfigPackage: com.android.nfc.module.flags is mapped to com.android.nfcservices
03-30 18:49:32.876  2245  2245 I AconfigPackage: com.android.adservices.ondevicepersonalization.flags is mapped to com.android.ondevicepersonalization
03-30 18:49:32.884  2245  2245 I AconfigPackage: com.android.adbd.flags is mapped to com.android.adbd
03-30 18:49:32.902  2245  2245 I AconfigPackage: com.android.bluetooth.flags is mapped to com.android.bt
03-30 18:49:32.913  2377  2419 I PhoneAccountHandleMigrationUtils_ContactsDatabaseHelper: updatePhoneAccountHandleMigrationPendingStatus false
03-30 18:49:32.921  2245  2245 I AconfigPackage: com.android.devicelock.flags is mapped to com.android.devicelock
03-30 18:49:32.932  2245  2245 I AconfigPackage: android.os.profiling is mapped to com.android.profiling
03-30 18:49:32.932  2245  2245 I AconfigPackage: android.os.profiling.anomaly.flags is mapped to com.android.profiling
03-30 18:49:32.944  2245  2245 I AconfigPackage: com.android.os.statsd.flags is mapped to com.android.os.statsd
03-30 18:49:32.953  2245  2245 I AconfigPackage: com.android.rkpd.flags is mapped to com.android.rkpd
03-30 18:49:32.963  2245  2245 I AconfigPackage: com.android.cellbroadcastreceiver.flags is mapped to com.android.cellbroadcast
03-30 18:49:32.972  2245  2245 I AconfigPackage: com.android.adservices.flags is mapped to com.android.adservices
03-30 18:49:32.974  2245  2245 I AconfigPackage: com.android.sdksandbox.flags is mapped to com.android.adservices
03-30 18:49:32.988  2245  2245 I AconfigPackage: com.android.uwb.flags is mapped to com.android.uwb
03-30 18:49:32.988  2245  2245 I AconfigPackage: com.android.ranging.flags is mapped to com.android.uwb
03-30 18:49:33.002  2245  2245 I AconfigPackage: android.graphics.pdf.flags is mapped to com.android.mediaprovider
03-30 18:49:33.002  2245  2245 I AconfigPackage: com.android.providers.media.flags is mapped to com.android.mediaprovider
03-30 18:49:33.002  2245  2245 I AconfigPackage: android.graphics.pdf.flags.readonly is mapped to com.android.mediaprovider
03-30 18:49:33.012  2245  2245 I AconfigPackage: com.android.tethering.mainline.beta is mapped to com.android.tethering
03-30 18:49:33.012  2245  2245 I AconfigPackage: android.net.http is mapped to com.android.tethering
03-30 18:49:33.012  2245  2245 I AconfigPackage: com.android.tethering.readonly.flags is mapped to com.android.tethering
03-30 18:49:33.012  2245  2245 I AconfigPackage: android.net.vcn is mapped to com.android.tethering
03-30 18:49:33.012  2245  2245 I AconfigPackage: com.android.net.flags is mapped to com.android.tethering
03-30 18:49:33.012  2245  2245 I AconfigPackage: com.android.tethering.beta.test is mapped to com.android.tethering
03-30 18:49:33.013  2245  2245 I AconfigPackage: com.android.nearby.flags is mapped to com.android.tethering
03-30 18:49:33.013  2245  2245 I AconfigPackage: com.android.net.ct.flags is mapped to com.android.tethering
03-30 18:49:33.013  2245  2245 I AconfigPackage: com.android.net.thread.flags is mapped to com.android.tethering
03-30 18:49:33.023  2245  2245 I AconfigPackage: com.android.system.virtualmachine.flags is mapped to com.android.virt
03-30 18:49:33.026  2245  2245 E FeatureFlagsImplExport: android.os.flagging.AconfigStorageReadException: ERROR_PACKAGE_NOT_FOUND: package android.xr cannot be found on the device
03-30 18:49:33.043  3343  3343 I artd    : GetBestInfo: odex next to the dex file (/data/app/~~l86ooHn3z7zjJPmRwuVyKA==/com.google.android.gms-mjvtrlLEHAA3R1GV5L8qqg==/oat/x86_64/base.odex) is kOatUpToDate with filter 'speed-profile' executable 'false'
03-30 18:49:33.048  2099  2155 W libbinder.Binder: Binder transaction to android.content.IContentProvider code 21 took 5579ms. Data bytes: 472 Reply bytes: 424 Flags: 18
03-30 18:49:33.051  1636  2560 D WellbeingModel: ....actionId: pause, packages: com.weejobs.app
03-30 18:49:33.052  1636  2560 I WellbeingModel: retrieveActions(): finished
03-30 18:49:33.054  3343  3343 I artd    : GetBestInfo: odex next to the dex file (/data/app/~~l86ooHn3z7zjJPmRwuVyKA==/com.google.android.gms-mjvtrlLEHAA3R1GV5L8qqg==/oat/x86_64/split_AdsDynamite_installtime.odex) is kOatUpToDate with filter 'speed' executable 'false'
03-30 18:49:33.076  3343  3343 I artd    : GetBestInfo: odex next to the dex file (/data/app/~~l86ooHn3z7zjJPmRwuVyKA==/com.google.android.gms-mjvtrlLEHAA3R1GV5L8qqg==/oat/x86_64/split_CronetDynamite_installtime.odex) is kOatUpToDate with filter 'speed' executable 'false'
03-30 18:49:33.099  3343 13310 I artd    : GetBestInfo: odex next to the dex file (/data/app/~~l86ooHn3z7zjJPmRwuVyKA==/com.google.android.gms-mjvtrlLEHAA3R1GV5L8qqg==/oat/x86_64/split_DynamiteLoader_installtime.odex) is kOatUpToDate with filter 'speed' executable 'false'
03-30 18:49:33.102  3343 13310 I artd    : GetBestInfo: odex next to the dex file (/data/app/~~l86ooHn3z7zjJPmRwuVyKA==/com.google.android.gms-mjvtrlLEHAA3R1GV5L8qqg==/oat/x86_64/split_DynamiteModulesA_installtime.odex) is kOatUpToDate with filter 'speed' executable 'false'
03-30 18:49:33.104  3343 13310 I artd    : GetBestInfo: odex next to the dex file (/data/app/~~l86ooHn3z7zjJPmRwuVyKA==/com.google.android.gms-mjvtrlLEHAA3R1GV5L8qqg==/oat/x86_64/split_DynamiteModulesC_installtime.odex) is kOatUpToDate with filter 'speed' executable 'false'
03-30 18:49:33.106  3343 13310 I artd    : GetBestInfo: odex next to the dex file (/data/app/~~l86ooHn3z7zjJPmRwuVyKA==/com.google.android.gms-mjvtrlLEHAA3R1GV5L8qqg==/oat/x86_64/split_GoogleCertificates_installtime.odex) is kOatUpToDate with filter 'speed' executable 'false'
03-30 18:49:33.114  2245  2245 W Monkey  :  arg: "-p"
03-30 18:49:33.114  2245  2245 W Monkey  :  arg: "com.weejobs.app"
03-30 18:49:33.114  2245  2245 W Monkey  :  arg: "-c"
03-30 18:49:33.115  2245  2245 W Monkey  :  arg: "android.intent.category.LAUNCHER"
03-30 18:49:33.115  2245  2245 W Monkey  :  arg: "1"
03-30 18:49:33.115  2245  2245 W Monkey  : data="com.weejobs.app"
03-30 18:49:33.115  2245  2245 W Monkey  : data="android.intent.category.LAUNCHER"
03-30 18:49:33.124  3343 13310 I artd    : GetBestInfo: odex next to the dex file (/data/app/~~l86ooHn3z7zjJPmRwuVyKA==/com.google.android.gms-mjvtrlLEHAA3R1GV5L8qqg==/oat/x86_64/split_MapsDynamite_installtime.odex) is kOatUpToDate with filter 'speed' executable 'false'
03-30 18:49:33.133  3343 13310 I artd    : GetBestInfo: odex next to the dex file (/data/app/~~l86ooHn3z7zjJPmRwuVyKA==/com.google.android.gms-mjvtrlLEHAA3R1GV5L8qqg==/oat/x86_64/split_MeasurementDynamite_installtime.odex) is kOatUpToDate with filter 'speed' executable 'false'
03-30 18:49:33.138  3343 13310 I artd    : GetBestInfo: /data/user_de/0/com.google.android.gms/app_chimera/m/0000000d/dl-PlayCloudSearch.optional_253434100000.apk has no usable artifacts
03-30 18:49:33.154  3343 13310 I artd    : GetBestInfo: /data/user_de/0/com.google.android.gms/app_chimera/m/0000000c/dl-MlkitBarcodeUi.optional_253434100800.apk has no usable artifacts
03-30 18:49:33.160  3343 13310 I artd    : GetBestInfo: /data/user_de/0/com.google.android.gms/app_chimera/m/00000001/CronetDynamite.apk has no usable artifacts
03-30 18:49:33.169  3343 13310 I artd    : GetBestInfo: /data/user_de/0/com.google.android.gms/app_chimera/m/00000016/dl-MlkitOcrCommon.optional_261133100800.apk has no usable artifacts
03-30 18:49:33.202   815   964 D EventHub: No input device configuration file found for device 'Monkey touch'.
03-30 18:49:33.215   815   964 I EventHub: usingClockIoctl=true
03-30 18:49:33.216   815   964 I EventHub: New device: id=28, fd=688, path='/dev/input/event14', name='Monkey touch', classes=TOUCH | TOUCH_MT, configuration='', keyLayout='', keyCharacterMap='', builtinKeyboard=false, 
03-30 18:49:33.240  3343 13310 I artd    : GetBestInfo: /data/user_de/0/com.google.android.gms/app_chimera/m/0000000e/dl-VisionOcr.optional_253434100000.apk has no usable artifacts
03-30 18:49:33.247  3343 13310 I artd    : GetBestInfo: /data/user_de/0/com.google.android.gms/app_chimera/m/00000002/DynamiteLoader.apk has no usable artifacts
03-30 18:49:33.249  3343 13310 I artd    : GetBestInfo: /data/user_de/0/com.google.android.gms/app_chimera/m/00000005/GoogleCertificates.apk has no usable artifacts
03-30 18:49:33.260  3343 13310 I artd    : GetBestInfo: /data/user_de/0/com.google.android.gms/app_chimera/m/00000012/dl-Appsearch.optional_261133100800.apk has no usable artifacts
03-30 18:49:33.263  3343 13310 I artd    : GetBestInfo: /data/user_de/0/com.google.android.gms/app_chimera/m/00000011/dl-PlayCloudSearch.optional_261133100000.apk has no usable artifacts
03-30 18:49:33.298  3343 13310 I artd    : GetBestInfo: /data/user_de/0/com.google.android.gms/app_chimera/m/00000015/dl-MlkitBarcodeUi.optional_261133100800.apk has no usable artifacts
03-30 18:49:33.305   815   964 I InputReader: Device reconfigured: id=28, name='Monkey touch', size 1080x2400, orientation Rotation0, mode DIRECT, display id 0
03-30 18:49:33.309  3343 13310 I artd    : GetBestInfo: /data/user_de/0/com.google.android.gms/app_chimera/m/0000000a/dl-Appsearch.optional_253434100800.apk has no usable artifacts
03-30 18:49:33.310   815   964 I InputReader: Device added: id=28, eventHubId=28, name='Monkey touch', descriptor='e1fe28b90f915c7d1febbd52c1ef84b3c4cbed9f',sources=TOUCHSCREEN
03-30 18:49:33.320  2377  2419 I ContactLocale: AddressBook Labels [[en_US]]: […, A, B, C, D, E, F, G, H, I, J, K, L, M, N, O, P, Q, R, S, T, U, V, W, X, Y, Z, Α, Β, Γ, Δ, Ε, Ζ, Η, Θ, Ι, Κ, Λ, Μ, Ν, Ξ, Ο, Π, Ρ, Σ, Τ, Υ, Φ, Χ, Ψ, Ω, …, А, Б, В, Г, Д, Ђ, Е, Є, Ж, З, И, І, Й, Ј, К, Л, Љ, М, Н, Њ, О, П, Р, С, Т, Ћ, У, Ф, Х, Ц, Ч, Џ, Ш, Щ, Ю, Я, …, א, ב, ג, ד, ה, ו, ז, ח, ט, י, כ, ל, מ, נ, ס, ע, פ, צ, ק, ר, ש, ת, …, ا, ب, ت, ث, ج, ح, خ, د, ذ, ر, ز, س, ش, ص, ض, ط, ظ, ع, غ, ف, ق, ك, ل, م, ن, ه, و, ي, …, ก, ข, ฃ, ค, ฅ, ฆ, ง, จ, ฉ, ช, ซ, ฌ, ญ, ฎ, ฏ, ฐ, ฑ, ฒ, ณ, ด, ต, ถ, ท, ธ, น, บ, ป, ผ, ฝ, พ, ฟ, ภ, ม, ย, ร, ฤ, ล, ฦ, ว, ศ, ษ, ส, ห, ฬ, อ, ฮ, …, ㄱ, ㄴ, ㄷ, ㄹ, ㅁ, ㅂ, ㅅ, ㅇ, ㅈ, ㅊ, ㅋ, ㅌ, ㅍ, ㅎ, …, あ, か, さ, た, な, は, ま, や, ら, わ, #, …]
03-30 18:49:33.320  3343 13310 I artd    : GetBestInfo: /data/user_de/0/com.google.android.gms/app_chimera/m/00000008/dl-TfliteDynamiteDynamite.integ_252130102100800.apk has no usable artifacts
03-30 18:49:33.333  3343 13310 I artd    : GetBestInfo: /data/user_de/0/com.google.android.gms/app_chimera/m/0000000f/dl-MlkitOcrCommon.optional_253434100800.apk has no usable artifacts
03-30 18:49:33.342  3343 13310 I artd    : GetBestInfo: /data/user_de/0/com.google.android.gms/app_chimera/m/00000010/dl-VisionOcr.optional_261133100000.apk has no usable artifacts
03-30 18:49:33.355  2377  2419 D ContactsDatabaseHelper: WAL enabled for profile.db: false
03-30 18:49:33.364   815  2201 W ActivityManager: registerReceiverWithFeature: no app for null
03-30 18:49:33.380  3343 13310 I artd    : GetBestInfo: vdex next to the dex file (/data/user/0/com.google.android.gms/app_dg_cache/BB2AE5A47BB198AF36C19CFD2B6407061A1BAF30/oat/x86_64/the.vdex) is kOatUpToDate with filter 'verify' executable 'false'
03-30 18:49:33.389  3343 13310 I artd    : GetBestInfo: /data/user_de/0/com.google.android.gms/app_chimera/m/00000007/MeasurementDynamite.apk has no usable artifacts
03-30 18:49:33.451   815  1883 W libbinder.Binder: Binder transaction to android.content.pm.IPackageManager code 1598311760 took 1030ms. Data bytes: 80 Reply bytes: 4 Flags: 16
03-30 18:49:33.482  2377  2419 D DesktopExperienceFlags: Toggle override initialized to: false
03-30 18:49:33.497   815  2214 W ActivityTaskManager: callingPackage for (uid=2000, pid=2245) has no WPC
03-30 18:49:33.505   815  2214 V WindowManager: DesktopModeLaunchParamsModifier: phase= 0 task=null activity=null display-area-from-current-params=null display-area-from-default-fallback=DefaultTaskDisplayArea@146451114 display-id=0 task-display-area-windowing-mode=1 suggested-display-area=DefaultTaskDisplayArea@146451114 task null, skipping
