--------- beginning of system
03-29 20:36:17.261 I/ActivityManager(  670): Force stopping com.weejobs.app appid=10229 user=0: from pid 23575
03-29 20:36:17.262 I/ActivityManager(  670): Killing 22991:com.weejobs.app/u0a229 (adj 0): stop com.weejobs.app due to from pid 23575
--------- beginning of main
03-29 20:36:17.265 I/SensorService(  670): Setting connection 0x7c7c61eeaad0 disabled status to 1 for reason 2
03-29 20:36:17.275 I/SensorService(  670): Setting connection 0x7c7c61eeaad0 disabled status to 1 for reason 0
03-29 20:36:17.283 D/InetDiagMessage(  670): Destroyed 0 sockets, proto=IPPROTO_TCP, family=AF_INET, states=14
03-29 20:36:17.287 W/ActivityTaskManager(  670): Force removing ActivityRecord{257609306 u0 com.weejobs.app/.MainActivity t12 f}}: app died, no saved state
03-29 20:36:17.288 D/InetDiagMessage(  670): Destroyed 1 sockets, proto=IPPROTO_TCP, family=AF_INET6, states=14
03-29 20:36:17.288 D/InetDiagMessage(  670): Destroyed live tcp sockets for uids={10229} in 9ms
03-29 20:36:17.289 D/InetDiagMessage(  670): Destroyed 0 sockets, proto=IPPROTO_TCP, family=AF_INET, states=14
03-29 20:36:17.293 D/InetDiagMessage(  670): Destroyed 0 sockets, proto=IPPROTO_TCP, family=AF_INET6, states=14
03-29 20:36:17.293 I/libbinder.BpBinder(  533): onLastStrongRef automatically unlinking death recipients for binder (0x73562f841180) with descriptor: '(not cached)'
03-29 20:36:17.293 D/InetDiagMessage(  670): Destroyed live tcp sockets for uids={20229} in 5ms
03-29 20:36:17.294 V/WindowManagerShell( 1117): Transition requested (#54): android.os.BinderProxy@6c763c5 TransitionRequestInfo { type = CLOSE, triggerTask = TaskInfo{userId=0 taskId=12 effectiveUid=10229 displayId=0 isRunning=false baseIntent=Intent { act=android.intent.action.MAIN cat=[android.intent.category.LAUNCHER] flg=0x10200000 cmp=com.weejobs.app/.MainActivity } baseActivity=null topActivity=null origActivity=null realActivity=ComponentInfo{com.weejobs.app/com.weejobs.app.MainActivity} realActivityIsAppLockEnabled=false numActivities=0 lastActiveTime=173095912 supportsMultiWindow=true supportsMultiWindowWithoutConstraints=true resizeMode=1 isResizeable=true minWidth=-1 minHeight=-1 defaultMinSize=220 token=WCT{android.os.BinderProxy@a5abacd} topActivityType=1 pictureInPictureParams=null shouldDockBigOverlays=false launchIntoPipHostTaskId=-1 lastParentTaskIdBeforePip=-1 displayCutoutSafeInsets=Rect(0, 0 - 0, 0) topActivityInfo=null launchCookies=[] positionInParent=Point(0, 0) parentTaskId=-1 isFocused=true isInteractive=false isVisible=true isVisibleRequested=true isTopActivityNoDisplay=false isSleeping=false locusId=null displayAreaFeatureId=1 isTopActivityTransparent=false isActivityStackTransparent=true lastNonFullscreenBounds=null leafTaskBoundsFromOptions= false capturedLink=null capturedLinkTimestamp=0 requestedVisibleTypes=503 topActivityRequestOpenInBrowserEducationTimestamp=0 appCompatTaskInfo=AppCompatTaskInfo { topActivityInSizeCompat=false isLeafTask= true eligibleForLetterboxEducation= false isLetterboxEducationEnabled= false isLetterboxDoubleTapEnabled= false eligibleForUserAspectRatioButton= false topActivityBoundsLetterboxed= false isFromLetterboxDoubleTap= false topActivityLetterboxVerticalPosition= -1 topActivityLetterboxHorizontalPosition= -1 topActivityLetterboxWidth=-1 topActivityLetterboxHeight=-1 topActivityAppBounds=Rect(0, 0 - 0, 0) isUserFullscreenOverrideEnabled=false isSystemFullscreenOverrideEnabled=false hasMinAspectRatioOverride=false topActivityLetterboxBounds=null topNonResizableActivityAspectRatio=-1.0} topActivityMainWindowFrame=null isAppBubble=false}, pipChange = null, remoteTransitionInfo = null, displayChange = null, requestedLocation = null, userChange = null, windowingLayerChange = null, fullscreenRequestChange = null, flags = 0, debugId = 54 }
03-29 20:36:17.294 W/DisconnectHandler( 1117): No disconnect change found in the transition, not handling request.
03-29 20:36:17.302 V/ShellDesktopMode( 1117): DesktopTasksController: skipping handleRequest reason=triggerTask's display doesn't support desktop mode
03-29 20:36:17.303 V/WindowManager(  670): Defer transition id=54 for TaskFragmentTransaction=android.os.Binder@9d98386
03-29 20:36:17.305 D/ViewRootImpl( 1416): Skipping stats log for color mode
03-29 20:36:17.305 W/InputDispatcher(  670): channel 'e4172f3 com.weejobs.app/com.weejobs.app.MainActivity' ~ Consumer closed input channel or an error occurred.  events=0x9
03-29 20:36:17.305 E/InputDispatcher(  670): channel 'e4172f3 com.weejobs.app/com.weejobs.app.MainActivity' ~ Channel is unrecoverably broken and will be disposed!
03-29 20:36:17.306 D/SensorService(  670): Unregistering client listener for PID 22991
03-29 20:36:17.307 I/ImeTracker(  670): com.weejobs.app:b91270e3: onRequestHide at ORIGIN_SERVER reason HIDE_REMOVE_CLIENT fromUser false userId 0 displayId 0
03-29 20:36:17.307 I/ImeTracker(  670): com.weejobs.app:b91270e3: onCancelled at PHASE_SERVER_SHOULD_HIDE
03-29 20:36:17.309 D/BaseActivity( 1416): Launcher flags updated: [state_started] +[state_started]
03-29 20:36:17.309 I/WindowManager(  670): WINDOW DIED Window{e4172f3 u0 com.weejobs.app/com.weejobs.app.MainActivity}
03-29 20:36:17.310 D/BaseActivity( 1416): Launcher flags updated: [state_started|state_resumed|state_user_active] +[state_resumed|state_user_active]
03-29 20:36:17.314 D/BaseActivity( 1416): Launcher flags updated: [state_started|state_resumed|state_user_active] +[]
03-29 20:36:17.316 D/SmartspaceInteractor( 1416): notifySmartspaceEvent: SmartspaceTargetEvent{mSmartspaceTarget=null, mSmartspaceActionId='null', mEventType=6}
03-29 20:36:17.316 W/InputDispatcher(  670): channel '28d7c6f com.weejobs.app/com.weejobs.app.MainActivity' ~ Consumer closed input channel or an error occurred.  events=0x9
03-29 20:36:17.316 E/InputDispatcher(  670): channel '28d7c6f com.weejobs.app/com.weejobs.app.MainActivity' ~ Channel is unrecoverably broken and will be disposed!
03-29 20:36:17.316 I/WindowManager(  670): WINDOW DIED Window{28d7c6f u0 com.weejobs.app/com.weejobs.app.MainActivity}
03-29 20:36:17.318 W/InputChannel-JNI(22892): Channel already disposed.
03-29 20:36:17.328 V/RecentTasksController( 1117): Notify recent tasks changed
03-29 20:36:17.332 I/WindowManager(  670): WIN DEATH: Window{e4172f3 u0 com.weejobs.app/com.weejobs.app.MainActivity EXITING}
03-29 20:36:17.333 I/WindowManager(  670): WIN DEATH: Window{28d7c6f u0 com.weejobs.app/com.weejobs.app.MainActivity EXITING}
03-29 20:36:17.334 W/ActivityManager(  670): setHasOverlayUi called on unknown pid: 22991
03-29 20:36:17.335 D/WindowManagerShell( 1117): setLauncherKeepClearAreaHeight: visible=true, height=461
03-29 20:36:17.336 I/adbd    ( 1840): Remote process closed the socket (on MSG_PEEK)
03-29 20:36:17.340 D/WindowManager(  670): setClientSurface Surface(name=VRI-com.google.android.apps.nexuslauncher/com.google.android.apps.nexuslauncher.NexusLauncherActivity#242)/@0x1350e0c for 6616950 com.google.android.apps.nexuslauncher/com.google.android.apps.nexuslauncher.NexusLauncherActivity
03-29 20:36:17.356 I/Surface ( 1416): Creating surface for consumer unnamed-1416-117 with slotExpansion=1 for 64 slots
03-29 20:36:17.363 I/Surface ( 1416): Creating surface for consumer VRI[NexusLauncherActivity]#9(BLAST Consumer)9 with slotExpansion=1 for 64 slots
03-29 20:36:17.365 I/libprocessgroup(  670): Removed cgroup /sys/fs/cgroup/apps/uid_10229/pid_22991
03-29 20:36:17.370 D/BaseDepthController( 1416): setSurface:
03-29 20:36:17.370 D/BaseDepthController( 1416): 	mWaitingOnSurfaceValidity: false
03-29 20:36:17.370 D/BaseDepthController( 1416): 	mBaseSurface: Surface(name=VRI-com.google.android.apps.nexuslauncher/com.google.android.apps.nexuslauncher.NexusLauncherActivity#242)/@0x75b6967
03-29 20:36:17.370 V/BaseDepthController( 1416): Applying blur: 0 to Surface(name=VRI-com.google.android.apps.nexuslauncher/com.google.android.apps.nexuslauncher.NexusLauncherActivity#242)/@0x75b6967 applyImmediately: false
03-29 20:36:17.374 I/Zygote  (  470): Process 22991 exited due to signal 9 (Killed)
03-29 20:36:17.374 D/BaseDepthController( 1416): shouldBlurWorkspace: false targetState: Normal currentStableState: Normal mCurrentBlur: 0 mLauncher.getDepthBlurTargets(): [com.android.launcher3.Workspace{144e352 V.ED..... .......D 0,0-1080,2424 #7f0a047d app:id/workspace}, com.android.launcher3.Hotseat{b03f623 V.ED..... .......D 0,1963-1080,2424 #7f0a01f1 app:id/hotseat}]
03-29 20:36:17.377 V/ActivityManager(  670): Got obituary of 22991:com.weejobs.app
03-29 20:36:17.380 D/WallpaperService( 1117): onVisibilityChanged(true): com.android.systemui.wallpapers.ImageWallpaper$CanvasEngine@ef6becb
03-29 20:36:17.382 V/WindowManager(  670): Unknown focus tokens, dropping reportFocusChanged
03-29 20:36:17.386 D/CarrierSvcBindHelper( 1275): onHandleForceStop: [com.weejobs.app]
03-29 20:36:17.388 D/CarrierSvcBindHelper( 1275): No carrier app for: 0
03-29 20:36:17.531 D/BaseActivity( 1416): Launcher flags updated: [state_started|state_resumed|state_deferred_resumed|state_user_active] +[state_deferred_resumed]
03-29 20:36:17.531 D/StatsLog( 1416): LAUNCHER_ONRESUME
03-29 20:36:17.538 D/RecentTasksList( 1416): invalidateLoadedTasks - previous requestLoadId: -1
03-29 20:36:17.545 I/AiAiEcho( 6736): Predicting[0]:  [CONTEXT sampling_count=5 ]
03-29 20:36:17.545 I/AiAiEcho( 6736): EchoTargets: 
03-29 20:36:17.545 I/AiAiEcho( 6736): Filtered by AiAi flag check: 
03-29 20:36:17.545 I/AiAiEcho( 6736): [CONTEXT ratelimit_period="10 SECONDS" ]
03-29 20:36:17.545 I/AiAiEcho( 6736): #remoteViewsTwiddler: feature disabled.
03-29 20:36:17.546 I/AiAiEcho( 6736): #postPredictionTargets: Sending updates to UISurface home with targets# 0 (types=[])
03-29 20:36:17.548 V/WindowManager(  670): Continue transition id=54 for TaskFragmentTransaction=android.os.Binder@9d98386
03-29 20:36:17.560 I/AdbWifiNetworkMonitor(  670): Wi-Fi network available
03-29 20:36:17.560 I/AdbWifiNetworkMonitor(  670): Received the same Wi-Fi SSID. Ignoring.
03-29 20:36:17.576 D/QuickstepModelDelegate( 1416): notifyAppTargetEvent action=1 launchLocation=workspace/0/[-1,-1]/[1,1]
03-29 20:36:17.583 I/HalDevMgr(  670): bestIfaceCreationProposal is null, requestIface=STA, existingIface=[name=wlan0 type=STA]
03-29 20:36:17.584 W/libbinder.IPCThreadState(  670): Sending oneway calls to frozen process.
03-29 20:36:17.584 W/libbinder.IPCThreadState(  670): Sending oneway calls to frozen process.
03-29 20:36:17.588 D/SsBaseTemplateCard( 1416): Passed-in item info is null
03-29 20:36:17.588 D/SsBaseTemplateCard( 1416): Passed-in item info is null
03-29 20:36:17.588 D/SsBaseTemplateCard( 1416): Passed-in item info is null
03-29 20:36:17.588 D/SsBaseTemplateCard( 1416): Passed-in item info is null
03-29 20:36:17.588 I/SsBaseTemplateCard( 1416): Secondary card pane is null
03-29 20:36:17.602 I/NullBinder(22468): NullBinder for android.net.action.RECOMMEND_NETWORKS triggering remote TransactionTooLargeException due to Service without Chimera impl, calling uid: 1000, calling pid: 0
03-29 20:36:17.603 W/libbinder.Binder(22468): Large reply transaction of 1056768 bytes, interface descriptor , function: UNKNOWN_FUNCTION_NAME, code: 1, flags: 17
03-29 20:36:17.612 V/WindowManagerShell( 1117): onTransitionReady(transaction=2877628091403)
03-29 20:36:17.613 V/WindowManagerShell( 1117): onTransitionReady (#54) android.os.BinderProxy@6c763c5: {id=54 t=CLOSE f=0x0 trk=0 r=[0@Point(0, 0)] c=[
03-29 20:36:17.613 V/WindowManagerShell( 1117):         {m=TO_FRONT f=SHOW_WALLPAPER|MOVE_TO_TOP leash=Surface(name=Task=1#34)/@0xa52844b sb=Rect(0, 0 - 1080, 2424) eb=Rect(0, 0 - 1080, 2424) epz=Point(1080, 2424) d=0 taskParent=-1 winMode=1 userId=0},
03-29 20:36:17.613 V/WindowManagerShell( 1117):         {m=CLOSE f=NONE leash=Surface(name=Task=12#219)/@0x6735e28 sb=Rect(0, 0 - 1080, 2424) eb=Rect(0, 0 - 1080, 2424) epz=Point(1080, 2424) d=0 taskParent=-1 winMode=1 userId=0},
03-29 20:36:17.613 V/WindowManagerShell( 1117):         {m=TO_FRONT f=IS_WALLPAPER leash=Surface(name=WallpaperWindowToken{54c7dfc}#38)/@0xbf7741 sb=Rect(0, 0 - 1080, 2424) eb=Rect(0, 0 - 1080, 2424) epz=Point(1080, 2424) d=0}
03-29 20:36:17.613 V/WindowManagerShell( 1117):     ]}
03-29 20:36:17.623 V/WindowManagerShell( 1117): Playing animation for (#54) android.os.BinderProxy@6c763c5@0
03-29 20:36:17.627 D/ShellSplitScreen( 1117): startAnimation: transition=54 isSplitActive=false
03-29 20:36:17.627 V/ShellRecents( 1117): RecentsTransitionHandler.startAnimation: no controller found
03-29 20:36:17.627 V/ShellDesktopMode( 1117): DesktopMixedTransitionHandler: No pending desktop transition
03-29 20:36:17.634 V/WindowManagerShell( 1117): Transition doesn't have explicit remote, search filters for match for {id=54 t=CLOSE f=0x0 trk=0 r=[0@Point(0, 0)] c=[{m=TO_FRONT f=SHOW_WALLPAPER|MOVE_TO_TOP leash=Surface(name=Task=1#34)/@0xa52844b sb=Rect(0, 0 - 1080, 2424) eb=Rect(0, 0 - 1080, 2424) epz=Point(1080, 2424) d=0 taskParent=-1 winMode=1 userId=0},{m=CLOSE f=NONE leash=Surface(name=Task=12#219)/@0x6735e28 sb=Rect(0, 0 - 1080, 2424) eb=Rect(0, 0 - 1080, 2424) epz=Point(1080, 2424) d=0 taskParent=-1 winMode=1 userId=0},{m=TO_FRONT f=IS_WALLPAPER leash=Surface(name=WallpaperWindowToken{54c7dfc}#38)/@0xbf7741 sb=Rect(0, 0 - 1080, 2424) eb=Rect(0, 0 - 1080, 2424) epz=Point(1080, 2424) d=0}]}
03-29 20:36:17.634 V/WindowManagerShell( 1117):  Checking filter Pair{{types=[] flags=0x0 notFlags=0x0 checks=[{atype=undefined independent=true modes=[CLOSE,TO_BACK] flags=IN_TASK_WITH_EMBEDDED_ACTIVITY mustBeTask=false order=ANY topActivity=null launchCookie=null taskFragmentToken=android.os.BinderProxy@2c48a94 windowingMode=undefined isCrossDisplayMove=false}]} RemoteTransition { remoteTransition = android.window.IRemoteTransition$Stub$Proxy@260493d, appThread = android.app.IApplicationThread$Stub$Proxy@b7df532, debugName = overlayBackTransition, filter = {types=[] flags=0x0 notFlags=0x0 checks=[{atype=undefined independent=true modes=[CLOSE,TO_BACK] flags=IN_TASK_WITH_EMBEDDED_ACTIVITY mustBeTask=false order=ANY topActivity=null launchCookie=null taskFragmentToken=android.os.BinderProxy@2c48a94 windowingMode=undefined isCrossDisplayMove=false}]} }}
03-29 20:36:17.634 V/WindowManagerShell( 1117):  Checking filter Pair{{types=[] flags=0x0 notFlags=0x0 checks=[{atype=dream independent=true modes=[OPEN,TO_FRONT] flags=NONE mustBeTask=false order=ANY topActivity=null launchCookie=null windowingMode=undefined isCrossDisplayMove=false},{atype=home independent=true modes=[CLOSE,TO_BACK] flags=NONE mustBeTask=false order=ANY topActivity=null launchCookie=null windowingMode=undefined isCrossDisplayMove=false}]} RemoteTransition { remoteTransition = android.window.IRemoteTransition$Stub$Proxy@c02d283, appThread = android.app.IApplicationThread$Stub$Proxy@da9bc00, debugName = LauncherToDream, filter = {types=[] flags=0x0 notFlags=0x0 checks=[{atype=dream independent=true modes=[OPEN,TO_FRONT] flags=NONE mustBeTask=false order=ANY topActivity=null launchCookie=null windowingMode=undefined isCrossDisplayMove=false},{atype=home independent=true modes=[CLOSE,TO_BACK] flags=NONE mustBeTask=false order=ANY topActivity=null launchCookie=null windowingMode=undefined isCrossDisplayMove=false}]} }}
03-29 20:36:17.634 V/WindowManagerShell( 1117):  Checking filter Pair{{types=[] flags=0x0 notFlags=0x0 checks=[{atype=standard independent=false modes=[CHANGE] flags=NONE mustBeTask=true order=ANY topActivity=null launchCookie=null windowingMode=undefined isCrossDisplayMove=true}]} RemoteTransition { remoteTransition = android.window.IRemoteTransition$Stub$Proxy@8d3c39, appThread = android.app.IApplicationThread$Stub$Proxy@192327e, debugName = QuickstepDisplayMove, filter = {types=[] flags=0x0 notFlags=0x0 checks=[{atype=standard independent=false modes=[CHANGE] flags=NONE mustBeTask=true order=ANY topActivity=null launchCookie=null windowingMode=undefined isCrossDisplayMove=true}]} }}
03-29 20:36:17.635 V/WindowManagerShell( 1117):  Checking filter Pair{{types=[] flags=0x0 notFlags=0x100 checks=[{atype=home independent=true modes=[OPEN,TO_FRONT] flags=NONE mustBeTask=false order=ANY topActivity=ComponentInfo{com.google.android.apps.nexuslauncher/com.google.android.apps.nexuslauncher.NexusLauncherActivity} launchCookie=null windowingMode=undefined isCrossDisplayMove=false},{atype=standard independent=true modes=[CLOSE,TO_BACK] flags=NONE mustBeTask=false order=ANY topActivity=null launchCookie=null windowingMode=undefined isCrossDisplayMove=false},{NOT atype=undefined independent=true modes=[] flags=NONE mustBeTask=true order=ANY topActivity=null launchCookie=null customAnim=true windowingMode=undefined isCrossDisplayMove=false}]} RemoteTransition { remoteTransition = android.window.IRemoteTransition$Stub$Proxy@21613df, appThread = android.app.IApplicationThread$Stub$Proxy@aee982c, debugName = QuickstepLaunchHome, filter = {types=[] flags=0x0 notFlags=0x100 checks=[{atype=home independent=true modes=[OPEN,TO_FRONT] flags=NONE mustBeTask=false order=ANY topActivity=ComponentInfo{com.google.android.apps.nexuslauncher/com.google.android.apps.nexuslauncher.NexusLauncherActivity} launchCookie=null windowingMode=undefined isCrossDisplayMove=false},{atype=standard independent=true modes=[CLOSE,TO_BACK] flags=NONE mustBeTask=false order=ANY topActivity=null launchCookie=null windowingMode=undefined isCrossDisplayMove=false},{NOT atype=undefined independent=true modes=[] flags=NONE mustBeTask=true order=ANY topActivity=null launchCookie=null customAnim=true windowingMode=undefined isCrossDisplayMove=false}]} }}
03-29 20:36:17.635 D/RemoteTransitionHandler( 1117): Found filterPair{{types=[] flags=0x0 notFlags=0x100 checks=[{atype=home independent=true modes=[OPEN,TO_FRONT] flags=NONE mustBeTask=false order=ANY topActivity=ComponentInfo{com.google.android.apps.nexuslauncher/com.google.android.apps.nexuslauncher.NexusLauncherActivity} launchCookie=null windowingMode=undefined isCrossDisplayMove=false},{atype=standard independent=true modes=[CLOSE,TO_BACK] flags=NONE mustBeTask=false order=ANY topActivity=null launchCookie=null windowingMode=undefined isCrossDisplayMove=false},{NOT atype=undefined independent=true modes=[] flags=NONE mustBeTask=true order=ANY topActivity=null launchCookie=null customAnim=true windowingMode=undefined isCrossDisplayMove=false}]} RemoteTransition { remoteTransition = android.window.IRemoteTransition$Stub$Proxy@21613df, appThread = android.app.IApplicationThread$Stub$Proxy@aee982c, debugName = QuickstepLaunchHome, filter = {types=[] flags=0x0 notFlags=0x100 checks=[{atype=home independent=true modes=[OPEN,TO_FRONT] flags=NONE mustBeTask=false order=ANY topActivity=ComponentInfo{com.google.android.apps.nexuslauncher/com.google.android.apps.nexuslauncher.NexusLauncherActivity} launchCookie=null windowingMode=undefined isCrossDisplayMove=false},{atype=standard independent=true modes=[CLOSE,TO_BACK] flags=NONE mustBeTask=false order=ANY topActivity=null launchCookie=null windowingMode=undefined isCrossDisplayMove=false},{NOT atype=undefined independent=true modes=[] flags=NONE mustBeTask=true order=ANY topActivity=null launchCookie=null customAnim=true windowingMode=undefined isCrossDisplayMove=false}]} }}
03-29 20:36:17.639 V/WindowManagerShell( 1117):  Delegate animation for (#54) to RemoteTransition { remoteTransition = android.window.IRemoteTransition$Stub$Proxy@21613df, appThread = android.app.IApplicationThread$Stub$Proxy@aee982c, debugName = QuickstepLaunchHome, filter = {types=[] flags=0x0 notFlags=0x100 checks=[{atype=home independent=true modes=[OPEN,TO_FRONT] flags=NONE mustBeTask=false order=ANY topActivity=ComponentInfo{com.google.android.apps.nexuslauncher/com.google.android.apps.nexuslauncher.NexusLauncherActivity} launchCookie=null windowingMode=undefined isCrossDisplayMove=false},{atype=standard independent=true modes=[CLOSE,TO_BACK] flags=NONE mustBeTask=false order=ANY topActivity=null launchCookie=null windowingMode=undefined isCrossDisplayMove=false},{NOT atype=undefined independent=true modes=[] flags=NONE mustBeTask=true order=ANY topActivity=null launchCookie=null customAnim=true windowingMode=undefined isCrossDisplayMove=false}]} }
03-29 20:36:17.655 W/skia    (  533): AGTM parsing failed flags.readFromStream(s) at 159
03-29 20:36:17.656 W/skia    (  533): AGTM parsing failed flags.readFromStream(s) at 159
03-29 20:36:17.682 V/WindowManager(  670): Sent Transition (#54) createdAt=03-29 20:36:17.288 via request=TransitionRequestInfo { type = CLOSE, triggerTask = TaskInfo{userId=0 taskId=12 effectiveUid=10229 displayId=0 isRunning=false baseIntent=Intent { act=android.intent.action.MAIN cat=[android.intent.category.LAUNCHER] flg=0x10200000 cmp=com.weejobs.app/.MainActivity } baseActivity=null topActivity=null origActivity=null realActivity=ComponentInfo{com.weejobs.app/com.weejobs.app.MainActivity} realActivityIsAppLockEnabled=false numActivities=0 lastActiveTime=173095912 supportsMultiWindow=true supportsMultiWindowWithoutConstraints=true resizeMode=1 isResizeable=true minWidth=-1 minHeight=-1 defaultMinSize=220 token=WCT{RemoteToken{c496bac Task{b44ceb2 #12 type=standard A=10229:com.weejobs.app}}} topActivityType=1 pictureInPictureParams=null shouldDockBigOverlays=false launchIntoPipHostTaskId=-1 lastParentTaskIdBeforePip=-1 displayCutoutSafeInsets=Rect(0, 0 - 0, 0) topActivityInfo=null launchCookies=[] positionInParent=Point(0, 0) parentTaskId=-1 isFocused=true isInteractive=false isVisible=true isVisibleRequested=true isTopActivityNoDisplay=false isSleeping=false locusId=null displayAreaFeatureId=1 isTopActivityTransparent=false isActivityStackTransparent=true lastNonFullscreenBounds=null leafTaskBoundsFromOptions= false capturedLink=null capturedLinkTimestamp=0 requestedVisibleTypes=503 topActivityRequestOpenInBrowserEducationTimestamp=0 appCompatTaskInfo=AppCompatTaskInfo { topActivityInSizeCompat=false isLeafTask= true eligibleForLetterboxEducation= false isLetterboxEducationEnabled= false isLetterboxDoubleTapEnabled= false eligibleForUserAspectRatioButton= false topActivityBoundsLetterboxed= false isFromLetterboxDoubleTap= false topActivityLetterboxVerticalPosition= -1 topActivityLetterboxHorizontalPosition= -1 topActivityLetterboxWidth=-1 topActivityLetterboxHeight=-1 topActivityAppBounds=Rect(0, 0 - 0, 0) isUserFullscreenOverrideEnabled=false isSystemFullscreenOverrideEnabled=false hasMinAspectRatioOverride=false topActivityLetterboxBounds=null topNonResizableActivityAspectRatio=-1.0} topActivityMainWindowFrame=null isAppBubble=false}, pipChange = null, remoteTransitionInfo = null, displayChange = null, requestedLocation = null, userChange = null, windowingLayerChange = null, fullscreenRequestChange = null, flags = 0, debugId = 54 }
03-29 20:36:17.682 V/WindowManager(  670):     startWCT=WindowContainerTransaction { changes= {} hops= [] flags= 0 errorCallbackToken=null taskFragmentOrganizer=null }
03-29 20:36:17.682 V/WindowManager(  670):     info={id=54 t=CLOSE f=0x0 trk=0 r=[0@Point(0, 0)] c=[
03-29 20:36:17.682 V/WindowManager(  670):         {WCT{RemoteToken{c7798b9 Task{15b29c9 #1 type=home}}} m=TO_FRONT f=SHOW_WALLPAPER|MOVE_TO_TOP leash=Surface(name=Task=1#34)/@0x381bb03 sb=Rect(0, 0 - 1080, 2424) eb=Rect(0, 0 - 1080, 2424) epz=Point(1080, 2424) d=0 taskParent=-1 winMode=1 userId=0},
03-29 20:36:17.682 V/WindowManager(  670):         {WCT{RemoteToken{c496bac Task{b44ceb2 #12 type=standard A=10229:com.weejobs.app}}} m=CLOSE f=NONE leash=Surface(name=Task=12#219)/@0x2f43e00 sb=Rect(0, 0 - 1080, 2424) eb=Rect(0, 0 - 1080, 2424) epz=Point(1080, 2424) d=0 taskParent=-1 winMode=1 userId=0},
03-29 20:36:17.682 V/WindowManager(  670):         {m=TO_FRONT f=IS_WALLPAPER leash=Surface(name=WallpaperWindowToken{54c7dfc}#38)/@0xe6e953 sb=Rect(0, 0 - 1080, 2424) eb=Rect(0, 0 - 1080, 2424) epz=Point(1080, 2424) d=0}
03-29 20:36:17.682 V/WindowManager(  670):     ]}
03-29 20:36:17.683 I/ImeTracker(  670): system_server:f8bbe320: onRequestHide at ORIGIN_SERVER reason IME_REQUESTED_CHANGED_LISTENER fromUser false displayId 0
03-29 20:36:17.687 W/ActivityTaskManager(  670): setRunningRemoteTransition: no process for null
03-29 20:36:17.692 I/ImeTracker(  670): system_server:f8bbe320: onCancelled at PHASE_SERVER_SHOULD_HIDE
03-29 20:36:17.692 V/WindowManagerShell( 1117):  animated by com.android.wm.shell.transition.RemoteTransitionHandler@7fc62f5
03-29 20:36:17.698 D/Bubbles ( 1117): BubbleData.onLocusVisibilityChanged() locusId=Overview|DISABLED visible=true taskId=1
03-29 20:36:17.710 D/LauncherStateManager( 1416): StateManager.cancelAnimation: animation ongoing: false, partial trace:
03-29 20:36:17.710 D/LauncherStateManager( 1416): 	at com.android.launcher3.statemanager.StateManager.setCurrentAnimation(go/retraceme 7226a759aa2bb3787a79806f85d80eaad84f1f1e15acd6db988f2df789d1680d:59)
03-29 20:36:17.710 D/LauncherStateManager( 1416): 	at com.android.launcher3.QuickstepTransitionManager.createWallpaperOpenAnimations(go/retraceme 7226a759aa2bb3787a79806f85d80eaad84f1f1e15acd6db988f2df789d1680d:672)
03-29 20:36:17.710 D/LauncherStateManager( 1416): 	at com.android.launcher3.QuickstepTransitionManager$WallpaperOpenLauncherAnimationRunner.onAnimationStart(go/retraceme 7226a759aa2bb3787a79806f85d80eaad84f1f1e15acd6db988f2df789d1680d:135)
03-29 20:36:17.717 D/LauncherStateManager( 1416): StateManager.createAtomicAnimation: fromState: Normal, toState: Normal, partial trace:
03-29 20:36:17.717 D/LauncherStateManager( 1416): 	at com.android.quickstep.util.WorkspaceRevealAnim.prepareToAnimate(go/retraceme 7226a759aa2bb3787a79806f85d80eaad84f1f1e15acd6db988f2df789d1680d:19)
03-29 20:36:17.717 D/LauncherStateManager( 1416): 	at com.android.quickstep.util.WorkspaceRevealAnim.<init>(go/retraceme 7226a759aa2bb3787a79806f85d80eaad84f1f1e15acd6db988f2df789d1680d:10)
03-29 20:36:17.717 D/LauncherStateManager( 1416): 	at com.android.launcher3.QuickstepTransitionManager.createWallpaperOpenAnimations(go/retraceme 7226a759aa2bb3787a79806f85d80eaad84f1f1e15acd6db988f2df789d1680d:713)
03-29 20:36:17.718 D/AllAppsTransitionController( 1416): shouldProtectHeader: false skipScrim: true state: Normal stateManager.getState(): Normal
03-29 20:36:17.733 D/KeyboardInsetsHandler( 1416): removePendingImeController: pendingImeController=null
03-29 20:36:17.737 D/b/311077782( 1416): LauncherAnimationRunner.setAnimation
03-29 20:36:17.740 E/BpTransactionCompletedListener(  533): Failed to transact (-32)
03-29 20:36:17.761 D/BaseActivity( 1416): Launcher flags updated: [state_started|state_resumed|state_deferred_resumed|state_window_focused|state_user_active] +[state_window_focused]
03-29 20:36:17.768 W/skia    (  533): AGTM parsing failed flags.readFromStream(s) at 159
03-29 20:36:17.770 I/ImeTracker(  670): com.google.android.apps.nexuslauncher:992ae955: onRequestHide at ORIGIN_SERVER reason HIDE_UNSPECIFIED_WINDOW fromUser false userId 0 displayId 0
03-29 20:36:17.774 W/InputChannel-JNI(  670): Channel already disposed.
03-29 20:36:17.782 I/GoogleInputMethodService(22892): GoogleInputMethodService.onFinishInput():2113 
03-29 20:36:17.787 I/ImeTracker(  670): system_server:ba2de4cf: onRequestHide at ORIGIN_SERVER reason IME_REQUESTED_CHANGED_LISTENER fromUser false displayId 0
03-29 20:36:17.794 I/ImeTracker(  670): system_server:ba2de4cf: onCancelled at PHASE_SERVER_SHOULD_HIDE
03-29 20:36:17.806 I/Module  (22892): DeviceLockedStatusModuleProvider$Module.updateDeviceLockedStatus():103 repeatCheckTimes = 0, locked = false
03-29 20:36:17.811 D/BoundBrokerSvc(22468): onUnbind: Intent { act=com.google.android.gms.common.telemetry.service.START dat=chimera-action:/... xflg=0x4 cmp=com.google.android.gms/.chimera.PersistentApiService }
03-29 20:36:17.813 I/GoogleInputMethodService(22892): GoogleInputMethodService.onStartInput():1384 onStartInput(EditorInfo{EditorInfo{packageName=com.google.android.apps.nexuslauncher, inputType=0, inputTypeString=NULL, enableLearning=false, autoCorrection=false, autoComplete=false, imeOptions=0, privateImeOptions=null, actionName=UNSPECIFIED, actionLabel=null, initialSelStart=-1, initialSelEnd=-1, initialCapsMode=0, label=null, fieldId=0, fieldName=null, extras=null, hintText=null, hintLocales=[]}}, false)
03-29 20:36:17.816 W/AndroidIME(22892): LatinIMEBase.updateInputViewCoverNavigation():319 Null input view, cannot update padding!
03-29 20:36:17.818 I/Module  (22892): DeviceLockedStatusModuleProvider$Module.updateDeviceLockedStatus():103 repeatCheckTimes = 1, locked = false
03-29 20:36:17.822 W/PackageConfigPersister(  670): App-specific configuration not found for packageName: com.google.android.apps.nexuslauncher and userId: 0
03-29 20:36:17.867 W/skia    (  533): AGTM parsing failed flags.readFromStream(s) at 159
03-29 20:36:17.903 I/RanchuHwc(  489): logCompositionFallbackIfChanged: layer 48 CompositionType fallback from 2 to 1
03-29 20:36:17.903 I/RanchuHwc(  489): logCompositionFallbackIfChanged: layer 47 CompositionType fallback from 2 to 1
03-29 20:36:17.909 W/skia    (  533): AGTM parsing failed flags.readFromStream(s) at 159
03-29 20:36:17.909 W/skia    (  533): AGTM parsing failed flags.readFromStream(s) at 159
03-29 20:36:17.909 W/skia    (  533): AGTM parsing failed flags.readFromStream(s) at 159
03-29 20:36:17.912 W/skia    (  533): AGTM parsing failed flags.readFromStream(s) at 159
03-29 20:36:17.913 W/skia    (  533): AGTM parsing failed flags.readFromStream(s) at 159
03-29 20:36:17.913 W/skia    (  533): AGTM parsing failed flags.readFromStream(s) at 159
03-29 20:36:17.913 W/skia    (  533): AGTM parsing failed flags.readFromStream(s) at 159
03-29 20:36:17.928 W/skia    (  533): AGTM parsing failed flags.readFromStream(s) at 159
03-29 20:36:17.928 W/skia    (  533): AGTM parsing failed flags.readFromStream(s) at 159
03-29 20:36:17.928 W/skia    (  533): AGTM parsing failed flags.readFromStream(s) at 159
03-29 20:36:17.929 W/skia    (  533): AGTM parsing failed flags.readFromStream(s) at 159
03-29 20:36:17.929 W/skia    (  533): AGTM parsing failed flags.readFromStream(s) at 159
03-29 20:36:17.929 W/skia    (  533): AGTM parsing failed flags.readFromStream(s) at 159
03-29 20:36:17.929 W/skia    (  533): AGTM parsing failed flags.readFromStream(s) at 159
03-29 20:36:17.949 D/InsetsController( 1416): hide(ime())
03-29 20:36:17.954 I/ImeTracker( 1416): com.google.android.apps.nexuslauncher:992ae955: onCancelled at PHASE_CLIENT_ALREADY_HIDDEN
03-29 20:36:17.962 W/skia    (  533): AGTM parsing failed flags.readFromStream(s) at 159
03-29 20:36:17.963 W/skia    (  533): AGTM parsing failed flags.readFromStream(s) at 159
03-29 20:36:17.963 W/skia    (  533): AGTM parsing failed flags.readFromStream(s) at 159
03-29 20:36:17.963 W/skia    (  533): AGTM parsing failed flags.readFromStream(s) at 159
03-29 20:36:17.963 W/skia    (  533): AGTM parsing failed flags.readFromStream(s) at 159
03-29 20:36:17.963 W/skia    (  533): AGTM parsing failed flags.readFromStream(s) at 159
03-29 20:36:17.963 W/skia    (  533): AGTM parsing failed flags.readFromStream(s) at 159
03-29 20:36:17.985 W/skia    (  533): AGTM parsing failed flags.readFromStream(s) at 159
03-29 20:36:17.985 W/skia    (  533): AGTM parsing failed flags.readFromStream(s) at 159
03-29 20:36:17.985 W/skia    (  533): AGTM parsing failed flags.readFromStream(s) at 159
03-29 20:36:18.028 D/AndroidRuntime(23580): >>>>>> START com.android.internal.os.RuntimeInit uid 2000 <<<<<<
03-29 20:36:18.100 I/AndroidRuntime(23580): Using default boot image
03-29 20:36:18.101 I/AndroidRuntime(23580): Leaving lock profiling enabled
03-29 20:36:18.101 W/skia    (  533): AGTM parsing failed flags.readFromStream(s) at 159
03-29 20:36:18.101 W/skia    (  533): AGTM parsing failed flags.readFromStream(s) at 159
03-29 20:36:18.107 I/app_process(23580): Core platform API enforcement enabled from the hiddenapi_platform_enforcement flag and the device API level
03-29 20:36:18.123 I/app_process(23580): Using generational CollectorTypeCMC GC.
03-29 20:36:18.150 D/WorkspaceRevealAnim( 1416): onAnimationEnd: workspace alpha = 1.0
03-29 20:36:18.155 V/WindowManagerShell( 1117): Received remote transition finished callback for (#54)
03-29 20:36:18.161 V/WindowManagerShell( 1117): Transition animation finished (aborted=false), notifying core (#54) android.os.BinderProxy@6c763c5@0
03-29 20:36:18.169 V/WindowManager(  670): Finish Transition (#54): created at 03-29 20:36:17.288 collect-started=0.444ms request-sent=0.552ms started=39.682ms ready=260.429ms sent=319.903ms commit=85.07ms finished=880.589ms
03-29 20:36:18.211 E/libbinder.IPCThreadState(  670): Binder transaction failure. id: 24209238, cmd: BR_DEAD_REPLY (29189), error: -22 (Invalid argument)
03-29 20:36:18.212 W/ActivityManager(  670): pid 670 system sent binder code 7 with flags 1 and got error -32
03-29 20:36:18.239 W/WindowManager(  670): Exception thrown during dispatchAppVisibility Window{28d7c6f u0 com.weejobs.app/com.weejobs.app.MainActivity EXITING}
03-29 20:36:18.239 W/WindowManager(  670): android.os.DeadObjectException
03-29 20:36:18.239 W/WindowManager(  670): 	at android.os.BinderProxy.transactNative(Native Method)
03-29 20:36:18.239 W/WindowManager(  670): 	at android.os.BinderProxy.transact(BinderProxy.java:617)
03-29 20:36:18.239 W/WindowManager(  670): 	at android.view.IWindow$Stub$Proxy.dispatchAppVisibility(IWindow.java:596)
03-29 20:36:18.239 W/WindowManager(  670): 	at com.android.server.wm.WindowState.sendAppVisibilityToClients(WindowState.java:3335)
03-29 20:36:18.239 W/WindowManager(  670): 	at com.android.server.wm.WindowContainer.sendAppVisibilityToClients(WindowContainer.java:1245)
03-29 20:36:18.239 W/WindowManager(  670): 	at com.android.server.wm.WindowToken.setClientVisible(WindowToken.java:392)
03-29 20:36:18.239 W/WindowManager(  670): 	at com.android.server.wm.ActivityRecord.commitVisibility(ActivityRecord.java:5599)
03-29 20:36:18.239 W/WindowManager(  670): 	at com.android.server.wm.Transition.finishTransition(Transition.java:1570)
03-29 20:36:18.239 W/WindowManager(  670): 	at com.android.server.wm.TransitionController.finishTransition(TransitionController.java:1205)
03-29 20:36:18.239 W/WindowManager(  670): 	at com.android.server.wm.WindowOrganizerController.finishTransition(WindowOrganizerController.java:533)
03-29 20:36:18.239 W/WindowManager(  670): 	at android.window.IWindowOrganizerController$Stub.onTransact(IWindowOrganizerController.java:265)
03-29 20:36:18.239 W/WindowManager(  670): 	at com.android.server.wm.WindowOrganizerController.onTransact(WindowOrganizerController.java:239)
03-29 20:36:18.239 W/WindowManager(  670): 	at android.os.Binder.execTransactInternal(Binder.java:1471)
03-29 20:36:18.239 W/WindowManager(  670): 	at android.os.Binder.execTransact(Binder.java:1411)
03-29 20:36:18.254 W/skia    (  533): AGTM parsing failed flags.readFromStream(s) at 159
03-29 20:36:18.254 W/skia    (  533): AGTM parsing failed flags.readFromStream(s) at 159
03-29 20:36:18.267 W/Process (  670): Unable to open /proc/22991/status
03-29 20:36:18.297 V/WindowManagerShell( 1117): Track 0 became idle
03-29 20:36:18.297 V/WindowManagerShell( 1117): All active transition animations finished
03-29 20:36:18.300 V/RecentTasksController( 1117): generateList(getRecentTasks)
03-29 20:36:18.301 V/RecentTasksController( 1117): initializeDesksMap - allDeskIds: []
03-29 20:36:18.305 V/RecentTasksController( 1117): Task 12 is not an active desktop task
03-29 20:36:18.305 V/RecentTasksController( 1117): Added fullscreen task: 12
03-29 20:36:18.305 V/RecentTasksController( 1117): Task 11 is not an active desktop task
03-29 20:36:18.305 V/RecentTasksController( 1117): Added fullscreen task: 11
03-29 20:36:18.305 V/RecentTasksController( 1117): Task 9 is not an active desktop task
03-29 20:36:18.305 V/RecentTasksController( 1117): Added fullscreen task: 9
03-29 20:36:18.305 V/RecentTasksController( 1117): generateList - complete
03-29 20:36:18.308 D/RecentsView( 1416): onTaskRemoved: 12, not handling task stack changes
03-29 20:36:18.310 D/RecentsView( 1416): onTaskRemoved: 12, not handling task stack changes
03-29 20:36:18.321 V/ShellTaskOrganizer( 1117): Task vanished taskId=12
03-29 20:36:18.321 V/ShellTaskOrganizer( 1117): Fullscreen Task Vanished: #12
03-29 20:36:18.321 V/ShellDesktopMode( 1117): Task Vanished: #12 closed=true
03-29 20:36:18.321 V/RecentTasksController( 1117): Notify recent tasks changed
03-29 20:36:18.324 D/RecentTasksList( 1416): invalidateLoadedTasks - previous requestLoadId: -1
03-29 20:36:18.324 W/WindowManager(  670): takeTaskSnapshot: taskId=12 not found or not visible
03-29 20:36:18.326 D/ShellDesktopMode( 1117): AppToWebRepository: Task 12 is vanishing. Removing task data from repository
03-29 20:36:18.333 V/AppCompat( 1117): SingleSurfaceLetterboxController: []
03-29 20:36:18.334 V/AppCompat( 1117): MultiSurfaceLetterboxController: []
03-29 20:36:18.334 V/AppCompat( 1117): LetterboxInputController: []
03-29 20:36:18.334 V/AppCompat( 1117): RoundedCornersLetterboxController: {}
03-29 20:36:18.336 I/Surface (  670): Creating surface for consumer unnamed-670-3 with slotExpansion=1 for 64 slots
03-29 20:36:18.336 I/Surface (  670): Creating surface for consumer ImageReader-864x1939f1m1-670-3 with slotExpansion=1 for 64 slots
03-29 20:36:18.338 W/ImageReader_JNI(  670): Unable to acquire a buffer item, very likely client tried to acquire more than maxImages buffers
03-29 20:36:18.344 E/BpTransactionCompletedListener(  533): Failed to transact (-32)
03-29 20:36:18.363 W/skia    (  533): AGTM parsing failed flags.readFromStream(s) at 159
03-29 20:36:18.363 W/skia    (  533): AGTM parsing failed flags.readFromStream(s) at 159
03-29 20:36:18.438 D/nativeloader(23580): InitDefaultPublicLibraries for_preload=1: libandroid.so:libaaudio.so:libamidi.so:libbinder_ndk.so:libc.so:libcamera2ndk.so:libdl.so:libEGL.so:libGLESv1_CM.so:libGLESv2.so:libGLESv3.so:libicu.so:libicui18n.so:libicuuc.so:libjnigraphics.so:liblog.so:libmediandk.so:libm.so:libnativehelper.so:libnativewindow.so:libOpenMAXAL.so:libOpenSLES.so:libRS.so:libstdc++.so:libsync.so:libvulkan.so:libwebviewchromium_plat_support.so:libz.so
03-29 20:36:18.459 D/nativeloader(23580): Load libicu_jni.so using APEX ns com_android_art for caller /apex/com.android.art/javalib/core-oj.jar: ok
03-29 20:36:18.460 D/app_process(23580): u_setTimeZoneFilesDirectory("/apex/com.android.tzdata/etc/tz/versioned/10/icu") succeeded. 
03-29 20:36:18.460 D/app_process(23580): I18n APEX ICU file found: /apex/com.android.i18n/etc/icu/icudt78l.dat
03-29 20:36:18.461 D/nativeloader(23580): Load libjavacore.so using APEX ns com_android_art for caller /apex/com.android.art/javalib/core-oj.jar: ok
03-29 20:36:18.463 D/nativeloader(23580): Load libopenjdk.so using APEX ns com_android_art for caller /apex/com.android.art/javalib/core-oj.jar: ok
03-29 20:36:18.464 I/app_process(23580): Priority-to-niceness mapping: 19, 16, 13, 10, 0, -2, -4, -5, -6, -8
03-29 20:36:18.465 W/app_process(23580): Unexpected CPU variant for x86: x86_64.
03-29 20:36:18.465 W/app_process(23580): Known variants: atom, sandybridge, silvermont, goldmont, goldmont-plus, goldmont-without-sha-xsaves, tremont, kabylake, alderlake, lunarlake, default
03-29 20:36:18.469 W/skia    (  533): AGTM parsing failed flags.readFromStream(s) at 159
03-29 20:36:18.470 W/skia    (  533): AGTM parsing failed flags.readFromStream(s) at 159
03-29 20:36:18.478 E/ConsumerBase(  670): [ImageReader-864x1939f1m1-670-3] abandonLocked: ConsumerBase is abandoned!
03-29 20:36:18.535 D/nativeloader(23580): Load libframework-connectivity-tiramisu-jni.so using APEX ns com_android_tethering for caller /apex/com.android.tethering/javalib/framework-connectivity-t.jar: ok
03-29 20:36:18.536 D/AndroidRuntime(23580): Calling main entry com.android.commands.monkey.Monkey
03-29 20:36:18.541 D/nativeloader(23580): Load /system/lib64/libmonkey_jni.so using ns default for caller /system/framework/monkey.jar in same partition (is_bridged=0): ok
03-29 20:36:18.543 W/Monkey  (23580): args: [-p, com.weejobs.app, -c, android.intent.category.LAUNCHER, 1]
03-29 20:36:18.561 I/AconfigPackage(23580): android.media.swcodec.flags is mapped to com.android.media.swcodec
03-29 20:36:18.561 I/AconfigPackage(23580): com.android.permission.flags is mapped to com.android.permission
03-29 20:36:18.561 I/AconfigPackage(23580): com.android.permissioncontroller.flags is mapped to com.android.permission
03-29 20:36:18.562 I/AconfigPackage(23580): com.google.android.widevine.flags is mapped to com.google.android.widevine
03-29 20:36:18.562 I/AconfigPackage(23580): com.android.icu is mapped to com.android.i18n
03-29 20:36:18.563 I/AconfigPackage(23580): com.android.appsearch.flags is mapped to com.android.appsearch
03-29 20:36:18.563 I/AconfigPackage(23580): com.android.uprobestats.flags is mapped to com.android.uprobestats
03-29 20:36:18.563 I/AconfigPackage(23580): android.uprobestats.mainline.flags is mapped to com.android.uprobestats
03-29 20:36:18.563 I/AconfigPackage(23580): com.android.crashrecovery.flags is mapped to com.android.crashrecovery
03-29 20:36:18.564 I/AconfigPackage(23580): android.provider.flags is mapped to com.android.configinfrastructure
03-29 20:36:18.564 I/AconfigPackage(23580): com.android.server.deviceconfig is mapped to com.android.configinfrastructure
03-29 20:36:18.564 I/AconfigPackage(23580): com.android.art.flags is mapped to com.android.art
03-29 20:36:18.564 I/AconfigPackage(23580): com.android.art.rw.flags is mapped to com.android.art
03-29 20:36:18.564 I/AconfigPackage(23580): com.android.libcore is mapped to com.android.art
03-29 20:36:18.564 I/AconfigPackage(23580): android.telecom.flags is mapped to com.android.telephonycore
03-29 20:36:18.564 I/AconfigPackage(23580): com.android.internal.telecom.flags is mapped to com.android.telephonycore
03-29 20:36:18.564 I/AconfigPackage(23580): com.android.telephony.flags is mapped to com.android.telephonycore
03-29 20:36:18.565 I/AconfigPackage(23580): com.android.media.extractor.flags is mapped to com.android.media
03-29 20:36:18.565 I/AconfigPackage(23580): com.android.media.mainline.flags is mapped to com.android.media
03-29 20:36:18.565 I/AconfigPackage(23580): com.android.wifi.flags is mapped to com.android.wifi
03-29 20:36:18.565 I/AconfigPackage(23580): com.android.org.conscrypt.flags is mapped to com.android.conscrypt
03-29 20:36:18.565 I/AconfigPackage(23580): com.android.org.conscrypt.net.flags is mapped to com.android.conscrypt
03-29 20:36:18.565 I/AconfigPackage(23580): com.android.healthfitness.flags is mapped to com.android.healthfitness
03-29 20:36:18.565 I/AconfigPackage(23580): com.android.ipsec.flags is mapped to com.android.ipsec
03-29 20:36:18.566 I/AconfigPackage(23580): com.android.nfc.module.flags is mapped to com.android.nfcservices
03-29 20:36:18.566 I/AconfigPackage(23580): com.android.nfc.module.nonexported.flags is mapped to com.android.nfcservices
03-29 20:36:18.566 I/AconfigPackage(23580): com.android.adservices.ondevicepersonalization.flags is mapped to com.android.ondevicepersonalization
03-29 20:36:18.567 I/AconfigPackage(23580): com.android.adbd.flags is mapped to com.android.adbd
03-29 20:36:18.567 I/AconfigPackage(23580): com.android.bluetooth.flags is mapped to com.android.bt
03-29 20:36:18.567 I/AconfigPackage(23580): com.android.devicelock.flags is mapped to com.android.devicelock
03-29 20:36:18.568 I/AconfigPackage(23580): android.os.profiling is mapped to com.android.profiling
03-29 20:36:18.568 I/AconfigPackage(23580): android.os.profiling.anomaly.flags is mapped to com.android.profiling
03-29 20:36:18.568 I/AconfigPackage(23580): com.android.os.statsd.flags is mapped to com.android.os.statsd
03-29 20:36:18.568 I/AconfigPackage(23580): com.android.webapp.flags is mapped to com.android.webapp
03-29 20:36:18.569 I/AconfigPackage(23580): com.android.rkpd.flags is mapped to com.android.rkpd
03-29 20:36:18.569 I/AconfigPackage(23580): com.android.cellbroadcastreceiver.flags is mapped to com.android.cellbroadcast
03-29 20:36:18.569 I/AconfigPackage(23580): com.android.adservices.flags is mapped to com.android.adservices
03-29 20:36:18.569 I/AconfigPackage(23580): com.android.sdksandbox.flags is mapped to com.android.adservices
03-29 20:36:18.570 I/AconfigPackage(23580): android.app.sdksandbox.flags is mapped to com.android.adservices
03-29 20:36:18.570 I/AconfigPackage(23580): com.android.uwb.flags is mapped to com.android.uwb
03-29 20:36:18.570 I/AconfigPackage(23580): com.android.ranging.flags is mapped to com.android.uwb
03-29 20:36:18.570 I/AconfigPackage(23580): com.android.npumanager is mapped to com.android.npumanager
03-29 20:36:18.571 I/AconfigPackage(23580): android.graphics.pdf.flags is mapped to com.android.mediaprovider
03-29 20:36:18.571 I/AconfigPackage(23580): com.android.providers.media.flags is mapped to com.android.mediaprovider
03-29 20:36:18.571 I/AconfigPackage(23580): android.graphics.pdf.flags.readonly is mapped to com.android.mediaprovider
03-29 20:36:18.572 I/AconfigPackage(23580): com.android.tethering.mainline.beta is mapped to com.android.tethering
03-29 20:36:18.572 I/AconfigPackage(23580): android.net.http is mapped to com.android.tethering
03-29 20:36:18.572 I/AconfigPackage(23580): com.android.tethering.readonly.flags is mapped to com.android.tethering
03-29 20:36:18.572 I/AconfigPackage(23580): android.net.vcn is mapped to com.android.tethering
03-29 20:36:18.572 I/AconfigPackage(23580): com.android.net.flags is mapped to com.android.tethering
03-29 20:36:18.572 I/AconfigPackage(23580): com.android.tethering.flags is mapped to com.android.tethering
03-29 20:36:18.572 I/AconfigPackage(23580): com.android.tethering.beta.test is mapped to com.android.tethering
03-29 20:36:18.572 I/AconfigPackage(23580): com.android.nearby.flags is mapped to com.android.tethering
03-29 20:36:18.572 I/AconfigPackage(23580): com.android.net.thread.flags is mapped to com.android.tethering
03-29 20:36:18.572 I/AconfigPackage(23580): com.android.net.ct.flags is mapped to com.android.tethering
03-29 20:36:18.573 I/AconfigPackage(23580): com.android.system.virtualmachine.flags is mapped to com.android.virt
03-29 20:36:18.573 E/FeatureFlagsImplExport(23580): android.os.flagging.AconfigStorageReadException: ERROR_PACKAGE_NOT_FOUND: package android.xr cannot be found on the device
03-29 20:36:18.586 D/EventHub(  670): No input device configuration file found for device 'Monkey touch'.
03-29 20:36:18.587 I/EventHub(  670): usingClockIoctl=true
03-29 20:36:18.587 I/EventHub(  670): New device: id=16, fd=495, path='/dev/input/event14', name='Monkey touch', classes=TOUCH | TOUCH_MT, configuration='', keyLayout='', keyCharacterMap='', builtinKeyboard=false, 
03-29 20:36:18.591 W/InputReaderBase(  670): Found 2 viewports with type INTERNAL, but expected 1 at most
03-29 20:36:18.591 I/InputReader(  670): Device reconfigured: id=16, name='Monkey touch', size 1080x2424, orientation Rotation0, mode DIRECT, display id 0
03-29 20:36:18.591 W/InputReaderBase(  670): Found 2 viewports with type INTERNAL, but expected 1 at most
03-29 20:36:18.591 I/InputReader(  670): Device added: id=16, eventHubId=16, name='Monkey touch', descriptor='e1fe28b90f915c7d1febbd52c1ef84b3c4cbed9f',sources=TOUCHSCREEN
03-29 20:36:18.614 D/WindowManager(  670): Direct invocation of sendNewConfiguration: Display{#0 state=ON size=1080x2424 ROTATION_0}
03-29 20:36:18.615 V/ShellDesktopMode( 1117): DesktopDisplayModeController: canDesktopFirstModeBeEnabledOnDefaultDisplay: isDefaultDisplayDesktopEligible=false
03-29 20:36:18.615 V/WindowManagerShell( 1117): Directly starting a new transition type=CHANGE wct=WindowContainerTransaction { changes= {android.os.BinderProxy@ee72aba={isTaskMoveAllowed:false,}} hops= [] flags= 0 errorCallbackToken=null taskFragmentOrganizer=null } handler=null
03-29 20:36:18.616 V/WindowManager(  670): deferTransitionReady deferReadyDepth=1 stack=com.android.server.wm.WindowOrganizerController.applyTransaction:717 com.android.server.wm.WindowOrganizerController.applyTransaction:651 com.android.server.wm.WindowOrganizerController.lambda$startTransition$3:388 com.android.server.wm.WindowOrganizerController.$r8$lambda$PHnU0rj5Bcvaq0dL-Wi7kOJt8bo:0 com.android.server.wm.WindowOrganizerController$$ExternalSyntheticLambda5.onCollectStarted:0 
03-29 20:36:18.617 I/PkDeviceHelper(22892): PkDeviceHelper.refreshDevices():87 refreshing devices
03-29 20:36:18.617 I/PkDeviceHelper(22892): PkDeviceHelper.addDevice():125 device qwerty2 added
03-29 20:36:18.617 I/PkDeviceHelper(22892): PkDeviceHelper.addDevice():125 device AT Translated Set 2 keyboard added
03-29 20:36:18.622 V/WindowManager(  670): continueTransitionReady deferReadyDepth=0 stack=com.android.server.wm.WindowOrganizerController.applyTransaction:864 com.android.server.wm.WindowOrganizerController.applyTransaction:651 com.android.server.wm.WindowOrganizerController.lambda$startTransition$3:388 com.android.server.wm.WindowOrganizerController.$r8$lambda$PHnU0rj5Bcvaq0dL-Wi7kOJt8bo:0 com.android.server.wm.WindowOrganizerController$$ExternalSyntheticLambda5.onCollectStarted:0 
03-29 20:36:18.624 W/Monkey  (23580):  arg: "-p"
03-29 20:36:18.624 W/Monkey  (23580):  arg: "com.weejobs.app"
03-29 20:36:18.624 W/Monkey  (23580):  arg: "-c"
03-29 20:36:18.624 W/Monkey  (23580):  arg: "android.intent.category.LAUNCHER"
03-29 20:36:18.624 W/Monkey  (23580):  arg: "1"
03-29 20:36:18.624 W/Monkey  (23580): data="com.weejobs.app"
03-29 20:36:18.624 W/Monkey  (23580): data="android.intent.category.LAUNCHER"
03-29 20:36:18.640 V/WindowManagerShell( 1117): onTransitionReady(transaction=2877628091439)
03-29 20:36:18.640 V/WindowManagerShell( 1117): onTransitionReady (#55) android.os.BinderProxy@fb54972: {id=55 t=CHANGE f=0x0 trk=0 r=[] c=[]}
03-29 20:36:18.640 I/libbinder.BpBinder(  533): onLastStrongRef automatically unlinking death recipients for binder (0x73562f840100) with descriptor: '(not cached)'
