03-29 20:36:23.907 I/com.weejobs.app(23592): Compiler allocated 5228KB to compile void android.view.ViewRootImpl.performTraversals(long)
03-29 20:36:24.478 D/SatelliteController( 1275): isInCarrierRoamingNbIotNtn: satellite is disabled
03-29 20:36:24.478 D/SatelliteController( 1275): getCarrierRoamingNtnConnectType: Checking connect type from PLMN config for subId: 1
03-29 20:36:24.478 D/SatelliteController( 1275): getSatellitePerPlmnConfiguration: invalid subId or not supported via carrier.
03-29 20:36:24.478 D/SatelliteController( 1275): getCarrierRoamingNtnConnectType: config: null
03-29 20:36:24.478 D/SatelliteController( 1275): getCarrierRoamingNtnConnectType: Falling back to global carrier config connect type: 0
03-29 20:36:24.479 D/SatelliteController( 1275): updateLastNotifiedCarrierRoamingNtnSignalStrengthAndNotify(1)
03-29 20:36:24.479 D/SatelliteController( 1275): updateLastNotifiedCarrierRoamingNtnSignalStrengthAndNotify(1) lastNotifiedSignalStrength level: 0
03-29 20:36:24.479 D/SatelliteController( 1275): updateLastNotifiedCarrierRoamingNtnSignalStrengthAndNotify(1) currSignalStrength level: 0
03-29 20:36:26.629 I/HalDevMgr(  670): bestIfaceCreationProposal is null, requestIface=STA, existingIface=[name=wlan0 type=STA]
03-29 20:36:26.631 I/AdbWifiNetworkMonitor(  670): Wi-Fi network available
03-29 20:36:26.631 I/AdbWifiNetworkMonitor(  670): Received the same Wi-Fi SSID. Ignoring.
03-29 20:36:26.675 I/NullBinder(22468): NullBinder for android.net.action.RECOMMEND_NETWORKS triggering remote TransactionTooLargeException due to Service without Chimera impl, calling uid: 1000, calling pid: 0
03-29 20:36:26.675 W/libbinder.Binder(22468): Large reply transaction of 1056768 bytes, interface descriptor , function: UNKNOWN_FUNCTION_NAME, code: 1, flags: 17
03-29 20:36:26.710 D/ProfileInstaller(23592): Installing profile for com.weejobs.app
03-29 20:36:27.306 D/ActivityManager(  670): freezing 23418 com.google.android.gms
03-29 20:36:27.403 W/unknown:ReactNative(23592): The packager does not seem to be running as we got an IOException requesting its status: failed to connect to /10.0.2.2 (port 8081) from /10.0.2.16 (port 56818) after 5000ms
03-29 20:36:27.406 W/unknown:BridgelessReact(23592): ReactHost{0}.isMetroRunning(): Async result = false
03-29 20:36:27.407 W/unknown:BridgelessReact(23592): ReactHost{0}.getOrCreateReactInstanceTask(): Creating BridgelessReactContext
03-29 20:36:27.408 W/unknown:BridgelessReact(23592): ReactHost{0}.getOrCreateReactInstanceTask(): Creating ReactInstance
03-29 20:36:27.482 D/nativeloader(23592): Load /data/app/~~sQsl9FJeXj31UBXH3n1wHw==/com.weejobs.app-LaD7tw5wxmnCo94kd-heWQ==/base.apk!/lib/x86_64/libhermesvm.so using class loader ns clns-9 (caller=/data/app/~~sQsl9FJeXj31UBXH3n1wHw==/com.weejobs.app-LaD7tw5wxmnCo94kd-heWQ==/base.apk!classes20.dex): ok
03-29 20:36:27.483 D/nativeloader(23592): Load /data/app/~~sQsl9FJeXj31UBXH3n1wHw==/com.weejobs.app-LaD7tw5wxmnCo94kd-heWQ==/base.apk!/lib/x86_64/libhermestooling.so using class loader ns clns-9 (caller=/data/app/~~sQsl9FJeXj31UBXH3n1wHw==/com.weejobs.app-LaD7tw5wxmnCo94kd-heWQ==/base.apk!classes20.dex): ok
03-29 20:36:27.483 D/jni_lib_merge(23592): Entering merged library JNI_OnLoad.
03-29 20:36:27.483 D/jni_lib_merge(23592): Preparing 4 pre-merged libs (including stub)
03-29 20:36:27.483 D/jni_lib_merge(23592): Preparing to register libhermes_executor_so.  onload_func: 0x7c79e8dbcad0
03-29 20:36:27.483 D/jni_lib_merge(23592): Preparing to register libhermesinstancejni_so.  onload_func: 0x7c79e8de8330
03-29 20:36:27.483 D/jni_lib_merge(23592): Preparing to register libjsijniprofiler_so.  onload_func: 0x7c79e8dea0a0
03-29 20:36:27.483 D/jni_lib_merge(23592): About to register 3 actual methods.
03-29 20:36:27.711 I/ExpoModulesCore(23592): ✅ AppContext was initialized
03-29 20:36:27.766 W/unknown:BridgelessReact(23592): ReactHost{0}.getOrCreateReactInstanceTask(): Loading JS Bundle
03-29 20:36:27.804 W/unknown:BridgelessReact(23592): ReactHost{0}.getOrCreateReactInstanceTask(): DevSupportManager.onNewReactContextCreated()
03-29 20:36:27.818 W/unknown:ReactNative(23592): Packager connection already open, nooping.
03-29 20:36:27.824 W/unknown:BridgelessReact(23592): ReactHost{0}.ReactContext.onHostResume()
03-29 20:36:27.829 W/unknown:BridgelessReact(23592): ReactHost{0}.startSurface(surfaceId = 0): Execute
03-29 20:36:27.879 W/unknown:BridgelessReact(23592): ReactHost{0}.getOrCreateReactInstanceTask(): Executing ReactInstanceEventListeners
03-29 20:36:28.217 D/nativeloader(23592): Load /data/app/~~sQsl9FJeXj31UBXH3n1wHw==/com.weejobs.app-LaD7tw5wxmnCo94kd-heWQ==/base.apk!/lib/x86_64/libworklets.so using class loader ns clns-9 (caller=/data/app/~~sQsl9FJeXj31UBXH3n1wHw==/com.weejobs.app-LaD7tw5wxmnCo94kd-heWQ==/base.apk!classes20.dex): ok
03-29 20:36:28.221 D/nativeloader(23592): Load /data/app/~~sQsl9FJeXj31UBXH3n1wHw==/com.weejobs.app-LaD7tw5wxmnCo94kd-heWQ==/base.apk!/lib/x86_64/libexpo-modules-core.so using class loader ns clns-9 (caller=/data/app/~~sQsl9FJeXj31UBXH3n1wHw==/com.weejobs.app-LaD7tw5wxmnCo94kd-heWQ==/base.apk!classes20.dex): ok
03-29 20:36:28.222 W/BridgelessReactContext(23592): [WARNING] Bridgeless doesn't support CatalystInstance. Accessing an API that's not part of the new architecture is not encouraged usage.
03-29 20:36:28.232 I/ExpoModulesCore(23592): ✅ JSI interop was installed
03-29 20:36:28.240 I/ExpoModulesCore(23592): ✅ Constants were exported
03-29 20:36:28.274 I/ReactNativeJS(23592): Running "main"
03-29 20:36:28.293 W/unknown:ViewManagerPropertyUpdater(23592): Could not find generated setter for class expo.modules.kotlin.views.GroupViewManagerWrapper
03-29 20:36:28.302 W/unknown:ViewManagerPropertyUpdater(23592): Could not find generated setter for class com.facebook.react.uimanager.LayoutShadowNode
03-29 20:36:28.402 W/unknown:ViewManagerPropertyUpdater(23592): Could not find generated setter for class com.facebook.react.views.debuggingoverlay.DebuggingOverlayManager
03-29 20:36:28.410 W/unknown:ViewManagerPropertyUpdater(23592): Could not find generated setter for class com.facebook.react.views.safeareaview.ReactSafeAreaViewManager
03-29 20:36:28.417 W/unknown:ViewManagerPropertyUpdater(23592): Could not find generated setter for class com.facebook.react.views.modal.ReactModalHostManager
03-29 20:36:28.424 W/unknown:ViewManagerPropertyUpdater(23592): Could not find generated setter for class com.facebook.react.views.text.frescosupport.FrescoBasedReactTextInlineImageViewManager
03-29 20:36:28.424 W/unknown:ViewManagerPropertyUpdater(23592): Could not find generated setter for class com.facebook.react.views.text.frescosupport.FrescoBasedReactTextInlineImageShadowNode
03-29 20:36:28.433 W/unknown:ViewManagerPropertyUpdater(23592): Could not find generated setter for class com.facebook.react.views.progressbar.ReactProgressBarViewManager
03-29 20:36:28.434 W/unknown:ViewManagerPropertyUpdater(23592): Could not find generated setter for class com.facebook.react.views.progressbar.ProgressBarShadowNode
03-29 20:36:28.442 W/unknown:ViewManagerPropertyUpdater(23592): Could not find generated setter for class com.facebook.react.views.scroll.ReactHorizontalScrollViewManager
03-29 20:36:28.457 W/unknown:ViewManagerPropertyUpdater(23592): Could not find generated setter for class com.facebook.react.views.image.ReactImageManager
03-29 20:36:28.473 W/unknown:ViewManagerPropertyUpdater(23592): Could not find generated setter for class com.facebook.react.views.text.ReactTextViewManager
03-29 20:36:28.474 W/unknown:ViewManagerPropertyUpdater(23592): Could not find generated setter for class com.facebook.react.views.text.ReactTextShadowNode
03-29 20:36:28.488 W/unknown:ViewManagerPropertyUpdater(23592): Could not find generated setter for class com.facebook.react.views.scroll.ReactHorizontalScrollContainerViewManager
03-29 20:36:28.503 W/unknown:ViewManagerPropertyUpdater(23592): Could not find generated setter for class com.facebook.react.views.unimplementedview.ReactUnimplementedViewManager
03-29 20:36:28.511 W/unknown:ViewManagerPropertyUpdater(23592): Could not find generated setter for class com.facebook.react.views.scroll.ReactScrollViewManager
03-29 20:36:28.527 W/unknown:ViewManagerPropertyUpdater(23592): Could not find generated setter for class com.facebook.react.views.view.ReactViewManager
03-29 20:36:28.535 W/unknown:ViewManagerPropertyUpdater(23592): Could not find generated setter for class com.facebook.react.views.drawer.ReactDrawerLayoutManager
03-29 20:36:28.542 W/unknown:ViewManagerPropertyUpdater(23592): Could not find generated setter for class com.facebook.react.views.switchview.ReactSwitchManager
03-29 20:36:28.543 W/unknown:ViewManagerPropertyUpdater(23592): Could not find generated setter for class com.facebook.react.views.switchview.ReactSwitchShadowNode
03-29 20:36:28.551 W/unknown:ViewManagerPropertyUpdater(23592): Could not find generated setter for class com.facebook.react.views.swiperefresh.SwipeRefreshLayoutManager
03-29 20:36:28.562 W/unknown:ViewManagerPropertyUpdater(23592): Could not find generated setter for class com.facebook.react.views.textinput.ReactTextInputManager
03-29 20:36:28.564 W/unknown:ViewManagerPropertyUpdater(23592): Could not find generated setter for class com.facebook.react.views.textinput.ReactTextInputShadowNode
03-29 20:36:28.706 W/ActivityTaskManager(  670): Launch timeout has expired, giving up wake lock!
03-29 20:36:28.730 E/ReactNativeJS(23592): [Error: The experimental Metro feature `require.context` is not enabled in your project.]
03-29 20:36:28.752 W/unknown:BridgelessReact(23592): ReactHost{0}.handleHostException(message = "Error: The experimental Metro feature `require.context` is not enabled in your project., stack:
03-29 20:36:28.752 W/unknown:BridgelessReact(23592): anonymous@2:994
03-29 20:36:28.752 W/unknown:BridgelessReact(23592): anonymous@1096:105
03-29 20:36:28.752 W/unknown:BridgelessReact(23592): h@2:1856
03-29 20:36:28.752 W/unknown:BridgelessReact(23592): d@2:1239
03-29 20:36:28.752 W/unknown:BridgelessReact(23592): i@2:548
03-29 20:36:28.752 W/unknown:BridgelessReact(23592): anonymous@617:279
03-29 20:36:28.752 W/unknown:BridgelessReact(23592): Bl@75:43885
03-29 20:36:28.752 W/unknown:BridgelessReact(23592): xa@75:67314
03-29 20:36:28.752 W/unknown:BridgelessReact(23592): qa@75:76742
03-29 20:36:28.752 W/unknown:BridgelessReact(23592): Mi@75:104550
03-29 20:36:28.752 W/unknown:BridgelessReact(23592): Di@75:103531
03-29 20:36:28.752 W/unknown:BridgelessReact(23592): Ai@75:103373
03-29 20:36:28.752 W/unknown:BridgelessReact(23592): Ri@75:100292
03-29 20:36:28.752 W/unknown:BridgelessReact(23592): vt@75:27938
03-29 20:36:28.752 W/unknown:BridgelessReact(23592): ")
03-29 20:36:28.753 E/ReactNativeJS(23592): [Error: The experimental Metro feature `require.context` is not enabled in your project.]
03-29 20:36:28.753 E/unknown:ReactNative(23592): Exception in native call from JS
03-29 20:36:28.753 E/unknown:ReactNative(23592): com.facebook.react.common.JavascriptException: Error: The experimental Metro feature `require.context` is not enabled in your project., stack:
03-29 20:36:28.753 E/unknown:ReactNative(23592): anonymous@2:994
03-29 20:36:28.753 E/unknown:ReactNative(23592): anonymous@1096:105
03-29 20:36:28.753 E/unknown:ReactNative(23592): h@2:1856
03-29 20:36:28.753 E/unknown:ReactNative(23592): d@2:1239
03-29 20:36:28.753 E/unknown:ReactNative(23592): i@2:548
03-29 20:36:28.753 E/unknown:ReactNative(23592): anonymous@617:279
03-29 20:36:28.753 E/unknown:ReactNative(23592): Bl@75:43885
03-29 20:36:28.753 E/unknown:ReactNative(23592): xa@75:67314
03-29 20:36:28.753 E/unknown:ReactNative(23592): qa@75:76742
03-29 20:36:28.753 E/unknown:ReactNative(23592): Mi@75:104550
03-29 20:36:28.753 E/unknown:ReactNative(23592): Di@75:103531
03-29 20:36:28.753 E/unknown:ReactNative(23592): Ai@75:103373
03-29 20:36:28.753 E/unknown:ReactNative(23592): Ri@75:100292
03-29 20:36:28.753 E/unknown:ReactNative(23592): vt@75:27938
03-29 20:36:28.753 E/unknown:ReactNative(23592): 
03-29 20:36:28.753 E/unknown:ReactNative(23592): 	at com.facebook.react.modules.core.ExceptionsManagerModule.reportException(ExceptionsManagerModule.kt:52)
03-29 20:36:28.753 E/unknown:ReactNative(23592): 	at com.facebook.jni.NativeRunnable.run(Native Method)
03-29 20:36:28.753 E/unknown:ReactNative(23592): 	at android.os.Handler.handleCallback(Handler.java:1095)
03-29 20:36:28.753 E/unknown:ReactNative(23592): 	at android.os.Handler.dispatchMessageImpl(Handler.java:135)
03-29 20:36:28.753 E/unknown:ReactNative(23592): 	at android.os.Handler.dispatchMessage(Handler.java:125)
03-29 20:36:28.753 E/unknown:ReactNative(23592): 	at com.facebook.react.bridge.queue.MessageQueueThreadHandler.dispatchMessage(MessageQueueThreadHandler.kt:21)
03-29 20:36:28.753 E/unknown:ReactNative(23592): 	at android.os.Looper.loopOnce(Looper.java:292)
03-29 20:36:28.753 E/unknown:ReactNative(23592): 	at android.os.Looper.loop(Looper.java:393)
03-29 20:36:28.753 E/unknown:ReactNative(23592): 	at com.facebook.react.bridge.queue.MessageQueueThreadImpl$Companion.startNewBackgroundThread$lambda$0(MessageQueueThreadImpl.kt:152)
03-29 20:36:28.753 E/unknown:ReactNative(23592): 	at com.facebook.react.bridge.queue.MessageQueueThreadImpl$Companion.$r8$lambda$YYXYCFexeoKtAeDpeNYkxZZlpbA(MessageQueueThreadImpl.kt:0)
03-29 20:36:28.753 E/unknown:ReactNative(23592): 	at com.facebook.react.bridge.queue.MessageQueueThreadImpl$Companion$$ExternalSyntheticLambda0.run(D8$$SyntheticClass:0)
03-29 20:36:28.753 E/unknown:ReactNative(23592): 	at java.lang.Thread.run(Thread.java:1572)
03-29 20:36:28.754 E/ReactNativeJS(23592): [Error: The experimental Metro feature `require.context` is not enabled in your project.]
03-29 20:36:28.755 W/unknown:BridgelessReact(23592): ReactHost{0}.getOrCreateDestroyTask()
03-29 20:36:28.755 W/unknown:BridgelessReact(23592): ReactHost{0}.getOrCreateDestroyTask(): Resetting createReactInstance task ref
03-29 20:36:28.758 I/ActivityTaskManager(  670): Displayed com.weejobs.app/.MainActivity for user 0: +10s78ms
03-29 20:36:28.766 E/ReactNativeJS(23592): [Error: The experimental Metro feature `require.context` is not enabled in your project.]
03-29 20:36:28.766 E/ReactNativeJS(23592): [Error: The experimental Metro feature `require.context` is not enabled in your project.]
03-29 20:36:28.767 D/BaseActivity( 1416): Launcher flags updated: [] -[state_started]
03-29 20:36:28.767 D/BaseDepthController( 1416): setSurface:
03-29 20:36:28.767 D/BaseDepthController( 1416): 	mWaitingOnSurfaceValidity: false
03-29 20:36:28.767 D/BaseDepthController( 1416): 	mBaseSurface: null
03-29 20:36:28.767 D/BaseDepthController( 1416): mSurface is null and mCurrentBlur is: 0
03-29 20:36:28.768 D/LauncherStateManager( 1416): StateManager.goToState: fromState: Normal, toState: Normal, partial trace:
03-29 20:36:28.768 D/LauncherStateManager( 1416): 	at com.android.launcher3.statemanager.StateManager.moveToRestState(go/retraceme 7226a759aa2bb3787a79806f85d80eaad84f1f1e15acd6db988f2df789d1680d:26)
03-29 20:36:28.768 D/LauncherStateManager( 1416): 	at com.android.launcher3.statemanager.StateManager.moveToRestState(go/retraceme 7226a759aa2bb3787a79806f85d80eaad84f1f1e15acd6db988f2df789d1680d:35)
03-29 20:36:28.768 D/LauncherStateManager( 1416): 	at com.android.launcher3.statemanager.StatefulActivity.onStop(go/retraceme 7226a759aa2bb3787a79806f85d80eaad84f1f1e15acd6db988f2df789d1680d:31)
03-29 20:36:28.768 D/LauncherStateManager( 1416): StateManager.onRepeatStateSetAborted: state: Normal
03-29 20:36:28.768 D/KeyboardStateManager( 1416): hideKeyboard
03-29 20:36:28.768 D/KeyboardStateManager( 1416): isImeShown: false
03-29 20:36:28.769 D/StatsLog( 1416): LAUNCHER_ONSTOP
03-29 20:36:28.769 E/ReactNativeJS(23592): [Error: The experimental Metro feature `require.context` is not enabled in your project.]
03-29 20:36:28.769 D/StatsLog( 1416): LAUNCHER_GOOGLE_SEARCH_RESTORE_LIST_SIZE_AFTER_ACTIVITY_RESTART
03-29 20:36:28.785 W/skia    (  533): AGTM parsing failed flags.readFromStream(s) at 159
03-29 20:36:28.819 E/ReactNativeJS(23592): { [TypeError: Cannot read property 'ctx' of undefined]
03-29 20:36:28.819 E/ReactNativeJS(23592):   componentStack: '\n    at anonymous (index.android.bundle:617:286)\n    at RCTView (<anonymous>)\n    at x (index.android.bundle:286:548)\n    at anonymous (index.android.bundle:285:253)',
03-29 20:36:28.819 E/ReactNativeJS(23592):   isComponentError: true }
03-29 20:36:28.875 W/InputChannel-JNI(  670): Channel already disposed.
03-29 20:36:28.882 W/unknown:BridgelessReact(23592): ReactHost{0}.getOrCreateDestroyTask(): Starting React Native destruction
03-29 20:36:28.886 W/unknown:BridgelessReact(23592): ReactHost{0}.getOrCreateDestroyTask(): DevSupportManager cleanup
03-29 20:36:28.895 W/unknown:BridgelessReact(23592): ReactHost{0}.getOrCreateDestroyTask(): Move ReactHost to onHostDestroy()
03-29 20:36:28.896 W/unknown:BridgelessReact(23592): ReactHost{0}.ReactContext.onHostPause()
03-29 20:36:28.896 W/unknown:BridgelessReact(23592): ReactHost{0}.ReactContext.onHostDestroy()
03-29 20:36:28.939 W/skia    (  533): AGTM parsing failed flags.readFromStream(s) at 159
03-29 20:36:28.939 W/skia    (  533): AGTM parsing failed flags.readFromStream(s) at 159
03-29 20:36:28.955 I/com.weejobs.app(23592): NativeAlloc concurrent mark compact GC freed 9436KB AllocSpace bytes, 40(6896KB) LOS objects, 49% free, 6071KB/11MB, paused 1.116ms,30.291ms total 123.532ms
03-29 20:36:28.963 W/unknown:BridgelessReact(23592): ReactHost{0}.getOrCreateDestroyTask(): Stopping all React Native surfaces
03-29 20:36:28.970 E/unknown:SurfaceMountingManager(23592): Stopping surface [1]
03-29 20:36:28.972 D/WindowOnBackDispatcher(23592): setTopOnBackInvokedCallback (unwrapped): android.view.ViewRootImpl$$ExternalSyntheticLambda13@c52a9dc
03-29 20:36:28.973 D/CoreBackPreview(  670): Window{320e56c u0 com.weejobs.app/com.weejobs.app.MainActivity}: Setting back callback OnBackInvokedCallbackInfo{mCallback=android.window.IOnBackInvokedCallback$Stub$Proxy@7e5f696, mPriority=0, mIsAnimationCallback=false, mOverrideBehavior=0}
03-29 20:36:28.997 D/WindowManager(  670): setClientSurface Surface(name=VRI-com.weejobs.app/com.weejobs.app.MainActivity#268)/@0xc0fe217 for 320e56c com.weejobs.app/com.weejobs.app.MainActivity
03-29 20:36:29.002 I/Surface (23592): Creating surface for consumer unnamed-23592-1 with slotExpansion=1 for 64 slots
03-29 20:36:29.003 I/Surface (23592): Creating surface for consumer VRI[MainActivity]#1(BLAST Consumer)1 with slotExpansion=1 for 64 slots
03-29 20:36:29.088 W/skia    (  533): AGTM parsing failed flags.readFromStream(s) at 159
03-29 20:36:29.088 W/skia    (  533): AGTM parsing failed flags.readFromStream(s) at 159
03-29 20:36:29.173 E/unknown:SurfaceMountingManager(23592): Surface [1] was stopped on SurfaceMountingManager.
03-29 20:36:29.195 W/skia    (  533): AGTM parsing failed flags.readFromStream(s) at 159
03-29 20:36:29.195 W/skia    (  533): AGTM parsing failed flags.readFromStream(s) at 159
03-29 20:36:29.201 W/unknown:BridgelessReact(23592): ReactHost{0}.getOrCreateDestroyTask(): Destroying MemoryPressureRouter
03-29 20:36:29.201 W/unknown:BridgelessReact(23592): ReactHost{0}.getOrCreateDestroyTask(): Resetting ReactContext ref
03-29 20:36:29.202 W/unknown:BridgelessReact(23592): ReactHost{0}.getOrCreateDestroyTask(): Destroying ReactContext
03-29 20:36:29.202 W/unknown:BridgelessReact(23592): ReactHost{0}.getOrCreateDestroyTask(): Resetting ReactInstance ptr
03-29 20:36:29.202 W/unknown:BridgelessReact(23592): ReactHost{0}.getOrCreateDestroyTask(): Destroying ReactInstance
03-29 20:36:29.211 I/ExpoModulesCore(23592): ✅ ModuleRegistry was destroyed
03-29 20:36:29.215 I/ExpoModulesCore(23592): ✅ AppContext was destroyed
03-29 20:36:29.216 I/ExpoModulesCore(23592): ✅ KotlinInteropModuleRegistry was destroyed
03-29 20:36:29.217 E/unknown:ReactNative(23592): Tried to remove non-existent frame callback
03-29 20:36:29.224 W/unknown:ReactNative(23592): Tried to enqueue runnable on already finished thread: 'v_native... dropping Runnable.
03-29 20:36:29.225 W/unknown:ReactNative(23592): Tried to enqueue runnable on already finished thread: 'v_native... dropping Runnable.
03-29 20:36:29.225 W/unknown:ReactNative(23592): Tried to enqueue runnable on already finished thread: 'v_native... dropping Runnable.
03-29 20:36:29.225 W/unknown:ReactNative(23592): Tried to enqueue runnable on already finished thread: 'v_native... dropping Runnable.
03-29 20:36:29.225 W/unknown:ReactNative(23592): Tried to enqueue runnable on already finished thread: 'v_native... dropping Runnable.
03-29 20:36:29.225 W/unknown:ReactNative(23592): Tried to enqueue runnable on already finished thread: 'v_native... dropping Runnable.
03-29 20:36:29.225 W/unknown:ReactNative(23592): Tried to enqueue runnable on already finished thread: 'v_native... dropping Runnable.
03-29 20:36:29.276 I/ImeTracker(  670): com.weejobs.app:aa490659: onRequestHide at ORIGIN_SERVER reason HIDE_UNSPECIFIED_WINDOW fromUser false userId 0 displayId 0
03-29 20:36:29.279 D/WindowOnBackDispatcher( 1117): setTopOnBackInvokedCallback (unwrapped): null
03-29 20:36:29.279 D/CoreBackPreview(  670): Window{7a6e534 u0 Splash Screen com.weejobs.app}: Setting back callback null
03-29 20:36:29.292 W/InputChannel-JNI(  670): Channel already disposed.
03-29 20:36:29.296 I/GoogleInputMethodService(22892): GoogleInputMethodService.onFinishInput():2113 
03-29 20:36:29.304 I/Module  (22892): DeviceLockedStatusModuleProvider$Module.updateDeviceLockedStatus():103 repeatCheckTimes = 0, locked = false
03-29 20:36:29.305 I/ImeTracker(  670): system_server:b907672e: onRequestHide at ORIGIN_SERVER reason IME_REQUESTED_CHANGED_LISTENER fromUser false displayId 0
03-29 20:36:29.306 I/GoogleInputMethodService(22892): GoogleInputMethodService.onStartInput():1384 onStartInput(EditorInfo{EditorInfo{packageName=com.weejobs.app, inputType=0, inputTypeString=NULL, enableLearning=false, autoCorrection=false, autoComplete=false, imeOptions=0, privateImeOptions=null, actionName=UNSPECIFIED, actionLabel=null, initialSelStart=-1, initialSelEnd=-1, initialCapsMode=0, label=null, fieldId=0, fieldName=null, extras=null, hintText=null, hintLocales=[]}}, false)
03-29 20:36:29.306 W/AndroidIME(22892): LatinIMEBase.updateInputViewCoverNavigation():319 Null input view, cannot update padding!
03-29 20:36:29.316 I/Module  (22892): DeviceLockedStatusModuleProvider$Module.updateDeviceLockedStatus():103 repeatCheckTimes = 1, locked = false
03-29 20:36:29.324 I/ImeTracker(  670): system_server:b907672e: onCancelled at PHASE_SERVER_SHOULD_HIDE
03-29 20:36:29.324 W/PackageConfigPersister(  670): App-specific configuration not found for packageName: com.weejobs.app and userId: 0
03-29 20:36:29.336 W/skia    (  533): AGTM parsing failed flags.readFromStream(s) at 159
03-29 20:36:29.355 D/InsetsController(23592): hide(ime())
03-29 20:36:29.356 I/ImeTracker(23592): com.weejobs.app:aa490659: onCancelled at PHASE_CLIENT_ALREADY_HIDDEN
03-29 20:36:29.358 W/unknown:BridgelessReact(23592): ReactHost{0}.getOrCreateDestroyTask(): Resetting start/destroy task ref
03-29 20:36:29.457 W/skia    (  533): AGTM parsing failed flags.readFromStream(s) at 159
03-29 20:36:29.605 W/skia    (  533): AGTM parsing failed flags.readFromStream(s) at 159
03-29 20:36:29.640 I/HalDevMgr(  670): bestIfaceCreationProposal is null, requestIface=STA, existingIface=[name=wlan0 type=STA]
03-29 20:36:29.644 I/AdbWifiNetworkMonitor(  670): Wi-Fi network available
03-29 20:36:29.646 I/AdbWifiNetworkMonitor(  670): Received the same Wi-Fi SSID. Ignoring.
03-29 20:36:29.713 I/NullBinder(22468): NullBinder for android.net.action.RECOMMEND_NETWORKS triggering remote TransactionTooLargeException due to Service without Chimera impl, calling uid: 1000, calling pid: 0
03-29 20:36:29.713 W/libbinder.Binder(22468): Large reply transaction of 1056768 bytes, interface descriptor , function: UNKNOWN_FUNCTION_NAME, code: 1, flags: 17
03-29 20:36:29.737 W/skia    (  533): AGTM parsing failed flags.readFromStream(s) at 159
03-29 20:36:30.620 W/skia    (  533): AGTM parsing failed flags.readFromStream(s) at 159
03-29 20:36:30.757 W/skia    (  533): AGTM parsing failed flags.readFromStream(s) at 159
03-29 20:36:30.957 W/skia    (  533): AGTM parsing failed flags.readFromStream(s) at 159
03-29 20:36:31.830 I/artd    (  811): GetBestInfo: odex next to the dex file (/data/app/~~-SfNDxGk55aaTy4ai8wKvg==/com.google.android.gms-8Xk-ANHGl03KROtsXSdrTw==/oat/x86_64/base.odex) is kOatUpToDate with filter 'speed-profile' executable 'false'
03-29 20:36:31.833 I/artd    (  811): GetBestInfo: dm (/data/app/~~-SfNDxGk55aaTy4ai8wKvg==/com.google.android.gms-8Xk-ANHGl03KROtsXSdrTw==/split_AdsDynamite_installtime.dm) is kOatUpToDate with filter 'verify' executable 'false'
03-29 20:36:31.835 I/artd    (  811): GetBestInfo: dm (/data/app/~~-SfNDxGk55aaTy4ai8wKvg==/com.google.android.gms-8Xk-ANHGl03KROtsXSdrTw==/split_CronetDynamite_installtime.dm) is kOatUpToDate with filter 'verify' executable 'false'
03-29 20:36:31.837 I/artd    (  811): GetBestInfo: dm (/data/app/~~-SfNDxGk55aaTy4ai8wKvg==/com.google.android.gms-8Xk-ANHGl03KROtsXSdrTw==/split_DynamiteLoader_installtime.dm) is kOatUpToDate with filter 'verify' executable 'false'
03-29 20:36:31.844 I/artd    (  811): GetBestInfo: dm (/data/app/~~-SfNDxGk55aaTy4ai8wKvg==/com.google.android.gms-8Xk-ANHGl03KROtsXSdrTw==/split_DynamiteModulesA_installtime.dm) is kOatUpToDate with filter 'verify' executable 'false'
03-29 20:36:31.847 I/artd    (  811): GetBestInfo: dm (/data/app/~~-SfNDxGk55aaTy4ai8wKvg==/com.google.android.gms-8Xk-ANHGl03KROtsXSdrTw==/split_DynamiteModulesC_installtime.dm) is kOatUpToDate with filter 'verify' executable 'false'
03-29 20:36:31.850 I/artd    (  811): GetBestInfo: dm (/data/app/~~-SfNDxGk55aaTy4ai8wKvg==/com.google.android.gms-8Xk-ANHGl03KROtsXSdrTw==/split_GoogleCertificates_installtime.dm) is kOatUpToDate with filter 'verify' executable 'false'
03-29 20:36:31.854 I/artd    (  811): GetBestInfo: dm (/data/app/~~-SfNDxGk55aaTy4ai8wKvg==/com.google.android.gms-8Xk-ANHGl03KROtsXSdrTw==/split_MapsDynamite_installtime.dm) is kOatUpToDate with filter 'verify' executable 'false'
03-29 20:36:31.857 I/artd    (  811): GetBestInfo: dm (/data/app/~~-SfNDxGk55aaTy4ai8wKvg==/com.google.android.gms-8Xk-ANHGl03KROtsXSdrTw==/split_MeasurementDynamite_installtime.dm) is kOatUpToDate with filter 'verify' executable 'false'
03-29 20:36:31.860 I/artd    (  811): GetBestInfo: dm (/data/app/~~-SfNDxGk55aaTy4ai8wKvg==/com.google.android.gms-8Xk-ANHGl03KROtsXSdrTw==/split_all_locale_splits.dm) is kOatUpToDate with filter 'verify' executable 'false'
03-29 20:36:31.863 I/artd    (  811): GetBestInfo: /data/user_de/0/com.google.android.gms/app_chimera/m/00000008/dl-Appsearch.optional_260235100800.apk has no usable artifacts
03-29 20:36:31.865 I/artd    (  811): GetBestInfo: /data/user_de/0/com.google.android.gms/app_chimera/m/00000012/dl-PlayCloudSearch.optional_261133100000.apk has no usable artifacts
03-29 20:36:31.866 I/artd    (  811): GetBestInfo: /data/user_de/0/com.google.android.gms/app_chimera/m/00000001/CronetDynamite.apk has no usable artifacts
03-29 20:36:31.867 I/artd    (  811): GetBestInfo: /data/user_de/0/com.google.android.gms/app_chimera/m/00000015/dl-MlkitOcrCommon.optional_261133100800.apk has no usable artifacts
03-29 20:36:31.870 I/artd    (  811): GetBestInfo: /data/user_de/0/com.google.android.gms/app_chimera/m/00000002/DynamiteLoader.apk has no usable artifacts
03-29 20:36:31.870 I/artd    (  811): GetBestInfo: /data/user_de/0/com.google.android.gms/app_chimera/m/00000005/GoogleCertificates.apk has no usable artifacts
03-29 20:36:31.872 I/artd    (  811): GetBestInfo: /data/user_de/0/com.google.android.gms/app_chimera/m/00000013/dl-Appsearch.optional_261133100800.apk has no usable artifacts
03-29 20:36:31.877 I/artd    (  811): GetBestInfo: /data/user_de/0/com.google.android.gms/app_chimera/m/0000000c/dl-MlkitOcrCommon.optional_260235100800.apk has no usable artifacts
03-29 20:36:31.879 I/artd    (  811): GetBestInfo: /data/user_de/0/com.google.android.gms/app_chimera/m/0000000b/dl-VisionOcr.optional_260235100000.apk has no usable artifacts
03-29 20:36:31.882 I/artd    (  811): GetBestInfo: /data/user_de/0/com.google.android.gms/app_chimera/m/00000010/dl-TfliteDynamiteDynamite.integ_252130102100800.apk has no usable artifacts
03-29 20:36:31.887 I/artd    (  811): GetBestInfo: /data/user_de/0/com.google.android.gms/app_chimera/m/00000011/dl-VisionOcr.optional_261133100000.apk has no usable artifacts
03-29 20:36:31.889 I/artd    (  811): GetBestInfo: /data/user_de/0/com.google.android.gms/app_chimera/m/00000016/dl-MlkitBarcodeUi.optional_261133100800.apk has no usable artifacts
03-29 20:36:31.891 I/artd    (  811): GetBestInfo: /data/user_de/0/com.google.android.gms/app_chimera/m/00000009/dl-MlkitBarcodeUi.optional_260235100800.apk has no usable artifacts
03-29 20:36:31.894 I/artd    (  811): GetBestInfo: vdex next to the dex file (/data/user/0/com.google.android.gms/app_dg_cache/492BB24C67899DCD3E45A896813896109D71DC84/oat/x86_64/the.vdex) is kOatUpToDate with filter 'verify' executable 'false'
03-29 20:36:31.896 I/artd    (  811): GetBestInfo: /data/user_de/0/com.google.android.gms/app_chimera/m/0000000e/dl-PlayCloudSearch.optional_260235100000.apk has no usable artifacts
03-29 20:36:31.897 I/artd    (  811): GetBestInfo: /data/user_de/0/com.google.android.gms/app_chimera/m/00000007/MeasurementDynamite.apk has no usable artifacts
03-29 20:36:32.291 W/unknown:ReconnectingWebSocket(23592): Couldn't connect to "ws://10.0.2.2:8081/message?device=sdk_gphone16k_x86_64%20-%2017%20-%20API%2037&app=com.weejobs.app&clientid=BridgelessDevSupportManager", will silently retry
03-29 20:36:32.650 I/HalDevMgr(  670): bestIfaceCreationProposal is null, requestIface=STA, existingIface=[name=wlan0 type=STA]
03-29 20:36:34.491 D/SatelliteController( 1275): isInCarrierRoamingNbIotNtn: satellite is disabled
03-29 20:36:34.491 D/SatelliteController( 1275): getCarrierRoamingNtnConnectType: Checking connect type from PLMN config for subId: 1
03-29 20:36:34.493 D/SatelliteController( 1275): getSatellitePerPlmnConfiguration: invalid subId or not supported via carrier.
03-29 20:36:34.493 D/SatelliteController( 1275): getCarrierRoamingNtnConnectType: config: null
03-29 20:36:34.493 D/SatelliteController( 1275): getCarrierRoamingNtnConnectType: Falling back to global carrier config connect type: 0
03-29 20:36:34.493 D/SatelliteController( 1275): updateLastNotifiedCarrierRoamingNtnSignalStrengthAndNotify(1)
03-29 20:36:34.493 D/SatelliteController( 1275): updateLastNotifiedCarrierRoamingNtnSignalStrengthAndNotify(1) lastNotifiedSignalStrength level: 0
03-29 20:36:34.493 D/SatelliteController( 1275): updateLastNotifiedCarrierRoamingNtnSignalStrengthAndNotify(1) currSignalStrength level: 0
03-29 20:36:34.532 W/skia    (  533): AGTM parsing failed flags.readFromStream(s) at 159
03-29 20:36:35.665 I/HalDevMgr(  670): bestIfaceCreationProposal is null, requestIface=STA, existingIface=[name=wlan0 type=STA]
03-29 20:36:35.684 D/IpClient/wlan0( 1223): interfaceLinkStateChanged: ifindex 16 up
03-29 20:36:35.696 D/IpClient/wlan0( 1223): interfaceLinkStateChanged: ifindex 16 up
03-29 20:36:38.685 I/HalDevMgr(  670): bestIfaceCreationProposal is null, requestIface=STA, existingIface=[name=wlan0 type=STA]
03-29 20:36:39.151 I/AppSearchIcing(  670): icing-search-engine.cc:2487: Persisting data to disk with mode 3
03-29 20:36:39.185 I/AppSearchIcing(  670): icing-search-engine.cc:2502: PersistToDisk completed.
03-29 20:36:41.700 I/HalDevMgr(  670): bestIfaceCreationProposal is null, requestIface=STA, existingIface=[name=wlan0 type=STA]
03-29 20:36:41.774 D/IpClient/wlan0( 1223): interfaceLinkStateChanged: ifindex 16 up
03-29 20:36:41.805 D/IpClient/wlan0( 1223): interfaceLinkStateChanged: ifindex 16 up
03-29 20:36:41.879 I/artd    (  811): GetBestInfo: odex next to the dex file (/data/app/~~-SfNDxGk55aaTy4ai8wKvg==/com.google.android.gms-8Xk-ANHGl03KROtsXSdrTw==/oat/x86_64/base.odex) is kOatUpToDate with filter 'speed-profile' executable 'false'
03-29 20:36:41.883 I/artd    (  811): GetBestInfo: dm (/data/app/~~-SfNDxGk55aaTy4ai8wKvg==/com.google.android.gms-8Xk-ANHGl03KROtsXSdrTw==/split_AdsDynamite_installtime.dm) is kOatUpToDate with filter 'verify' executable 'false'
03-29 20:36:41.889 I/artd    (  811): GetBestInfo: dm (/data/app/~~-SfNDxGk55aaTy4ai8wKvg==/com.google.android.gms-8Xk-ANHGl03KROtsXSdrTw==/split_CronetDynamite_installtime.dm) is kOatUpToDate with filter 'verify' executable 'false'
03-29 20:36:41.892 I/artd    (  811): GetBestInfo: dm (/data/app/~~-SfNDxGk55aaTy4ai8wKvg==/com.google.android.gms-8Xk-ANHGl03KROtsXSdrTw==/split_DynamiteLoader_installtime.dm) is kOatUpToDate with filter 'verify' executable 'false'
03-29 20:36:41.895 I/artd    (  811): GetBestInfo: dm (/data/app/~~-SfNDxGk55aaTy4ai8wKvg==/com.google.android.gms-8Xk-ANHGl03KROtsXSdrTw==/split_DynamiteModulesA_installtime.dm) is kOatUpToDate with filter 'verify' executable 'false'
03-29 20:36:41.899 I/artd    (  811): GetBestInfo: dm (/data/app/~~-SfNDxGk55aaTy4ai8wKvg==/com.google.android.gms-8Xk-ANHGl03KROtsXSdrTw==/split_DynamiteModulesC_installtime.dm) is kOatUpToDate with filter 'verify' executable 'false'
03-29 20:36:41.903 I/artd    (  811): GetBestInfo: dm (/data/app/~~-SfNDxGk55aaTy4ai8wKvg==/com.google.android.gms-8Xk-ANHGl03KROtsXSdrTw==/split_GoogleCertificates_installtime.dm) is kOatUpToDate with filter 'verify' executable 'false'
03-29 20:36:41.905 I/artd    (  811): GetBestInfo: dm (/data/app/~~-SfNDxGk55aaTy4ai8wKvg==/com.google.android.gms-8Xk-ANHGl03KROtsXSdrTw==/split_MapsDynamite_installtime.dm) is kOatUpToDate with filter 'verify' executable 'false'
03-29 20:36:41.907 I/artd    (  811): GetBestInfo: dm (/data/app/~~-SfNDxGk55aaTy4ai8wKvg==/com.google.android.gms-8Xk-ANHGl03KROtsXSdrTw==/split_MeasurementDynamite_installtime.dm) is kOatUpToDate with filter 'verify' executable 'false'
03-29 20:36:41.910 I/artd    (  811): GetBestInfo: dm (/data/app/~~-SfNDxGk55aaTy4ai8wKvg==/com.google.android.gms-8Xk-ANHGl03KROtsXSdrTw==/split_all_locale_splits.dm) is kOatUpToDate with filter 'verify' executable 'false'
03-29 20:36:41.913 I/artd    (  811): GetBestInfo: /data/user_de/0/com.google.android.gms/app_chimera/m/00000008/dl-Appsearch.optional_260235100800.apk has no usable artifacts
03-29 20:36:41.917 I/artd    (  811): GetBestInfo: /data/user_de/0/com.google.android.gms/app_chimera/m/00000012/dl-PlayCloudSearch.optional_261133100000.apk has no usable artifacts
03-29 20:36:41.918 I/artd    (  811): GetBestInfo: /data/user_de/0/com.google.android.gms/app_chimera/m/00000001/CronetDynamite.apk has no usable artifacts
03-29 20:36:41.921 I/artd    (  811): GetBestInfo: /data/user_de/0/com.google.android.gms/app_chimera/m/00000015/dl-MlkitOcrCommon.optional_261133100800.apk has no usable artifacts
03-29 20:36:41.923 I/artd    (  811): GetBestInfo: /data/user_de/0/com.google.android.gms/app_chimera/m/00000002/DynamiteLoader.apk has no usable artifacts
03-29 20:36:41.923 I/artd    (  811): GetBestInfo: /data/user_de/0/com.google.android.gms/app_chimera/m/00000005/GoogleCertificates.apk has no usable artifacts
03-29 20:36:41.925 I/artd    (  811): GetBestInfo: /data/user_de/0/com.google.android.gms/app_chimera/m/00000013/dl-Appsearch.optional_261133100800.apk has no usable artifacts
03-29 20:36:41.927 I/artd    (  811): GetBestInfo: /data/user_de/0/com.google.android.gms/app_chimera/m/0000000c/dl-MlkitOcrCommon.optional_260235100800.apk has no usable artifacts
03-29 20:36:41.929 I/artd    (  811): GetBestInfo: /data/user_de/0/com.google.android.gms/app_chimera/m/0000000b/dl-VisionOcr.optional_260235100000.apk has no usable artifacts
03-29 20:36:41.931 I/artd    (  811): GetBestInfo: /data/user_de/0/com.google.android.gms/app_chimera/m/00000010/dl-TfliteDynamiteDynamite.integ_252130102100800.apk has no usable artifacts
03-29 20:36:41.933 I/artd    (  811): GetBestInfo: /data/user_de/0/com.google.android.gms/app_chimera/m/00000011/dl-VisionOcr.optional_261133100000.apk has no usable artifacts
03-29 20:36:41.935 I/artd    (  811): GetBestInfo: /data/user_de/0/com.google.android.gms/app_chimera/m/00000016/dl-MlkitBarcodeUi.optional_261133100800.apk has no usable artifacts
03-29 20:36:41.939 I/artd    (  811): GetBestInfo: /data/user_de/0/com.google.android.gms/app_chimera/m/00000009/dl-MlkitBarcodeUi.optional_260235100800.apk has no usable artifacts
03-29 20:36:41.944 I/artd    (  811): GetBestInfo: vdex next to the dex file (/data/user/0/com.google.android.gms/app_dg_cache/492BB24C67899DCD3E45A896813896109D71DC84/oat/x86_64/the.vdex) is kOatUpToDate with filter 'verify' executable 'false'
03-29 20:36:41.946 I/artd    (  811): GetBestInfo: /data/user_de/0/com.google.android.gms/app_chimera/m/0000000e/dl-PlayCloudSearch.optional_260235100000.apk has no usable artifacts
03-29 20:36:41.948 I/artd    (  811): GetBestInfo: /data/user_de/0/com.google.android.gms/app_chimera/m/00000007/MeasurementDynamite.apk has no usable artifacts
03-29 20:36:44.491 D/SatelliteController( 1275): isInCarrierRoamingNbIotNtn: satellite is disabled
03-29 20:36:44.498 D/SatelliteController( 1275): getCarrierRoamingNtnConnectType: Checking connect type from PLMN config for subId: 1
03-29 20:36:44.498 D/SatelliteController( 1275): getSatellitePerPlmnConfiguration: invalid subId or not supported via carrier.
03-29 20:36:44.498 D/SatelliteController( 1275): getCarrierRoamingNtnConnectType: config: null
03-29 20:36:44.498 D/SatelliteController( 1275): getCarrierRoamingNtnConnectType: Falling back to global carrier config connect type: 0
03-29 20:36:44.498 D/SatelliteController( 1275): updateLastNotifiedCarrierRoamingNtnSignalStrengthAndNotify(1)
03-29 20:36:44.498 D/SatelliteController( 1275): updateLastNotifiedCarrierRoamingNtnSignalStrengthAndNotify(1) lastNotifiedSignalStrength level: 0
03-29 20:36:44.498 D/SatelliteController( 1275): updateLastNotifiedCarrierRoamingNtnSignalStrengthAndNotify(1) currSignalStrength level: 0
03-29 20:36:44.710 D/ActivityManager(  670): freezing 23459 android.process.acore
03-29 20:36:44.724 I/HalDevMgr(  670): bestIfaceCreationProposal is null, requestIface=STA, existingIface=[name=wlan0 type=STA]
03-29 20:36:44.725 D/InetDiagMessage(  670): Destroyed 0 sockets, proto=IPPROTO_TCP, family=AF_INET, states=14
03-29 20:36:44.725 D/InetDiagMessage(  670): Destroyed 0 sockets, proto=IPPROTO_TCP, family=AF_INET6, states=14
03-29 20:36:44.725 D/InetDiagMessage(  670): Destroyed live tcp sockets for uids={10103} in 1ms
