03-29 20:36:18.640 V/WindowManagerShell( 1117): No transition roots in (#55) android.os.BinderProxy@fb54972@0 so abort
03-29 20:36:18.641 V/WindowManagerShell( 1117): Transition animation finished (aborted=true), notifying core (#55) android.os.BinderProxy@fb54972@0
03-29 20:36:18.646 V/WindowManager(  670): Sent Transition (#55) createdAt=03-29 20:36:18.616
03-29 20:36:18.647 V/WindowManager(  670):     startWCT=WindowContainerTransaction { changes= {RemoteToken{e0273de DefaultTaskDisplayArea@202734004}={isTaskMoveAllowed:false,}} hops= [] flags= 0 errorCallbackToken=null taskFragmentOrganizer=null }
03-29 20:36:18.647 V/WindowManager(  670):     info={id=55 t=CHANGE f=0x0 trk=0 r=[] c=[]}
03-29 20:36:18.648 V/WindowManager(  670): Finish Transition (#55): created at 03-29 20:36:18.616 collect-started=0.045ms started=0.273ms ready=6.909ms sent=17.193ms commit=12.94ms finished=32.23ms
03-29 20:36:18.649 V/WindowManagerShell( 1117): Track 0 became idle
03-29 20:36:18.650 V/WindowManagerShell( 1117): All active transition animations finished
03-29 20:36:18.660 W/ActivityManager(  670): registerReceiverWithFeature: no app for null
03-29 20:36:18.672 W/skia    (  533): AGTM parsing failed flags.readFromStream(s) at 159
03-29 20:36:18.672 W/skia    (  533): AGTM parsing failed flags.readFromStream(s) at 159
03-29 20:36:18.680 W/ActivityTaskManager(  670): callingPackage for (uid=2000, pid=23580) has no WPC
03-29 20:36:18.688 V/GrammaticalInflectionUtils(  670): AttributionSource: android.content.AttributionSource@6b442bfd does not have READ_SYSTEM_GRAMMATICAL_GENDER permission.
03-29 20:36:18.691 D/RecentsView( 1416): onTaskDisplayChanged: 13, new displayId = 0
03-29 20:36:18.694 I/libbinder.BpBinder(  533): onLastStrongRef automatically unlinking death recipients for binder (0x73562f840100) with descriptor: '(not cached)'
03-29 20:36:18.698 D/CompatChangeReporter(  670): Compat change id reported: 377864165; UID 10229; state: ENABLED
03-29 20:36:18.700 V/ActivityTaskManager(  670): TaskLaunchParamsModifier: phase=3 task=Task{a73a9b3 #13 type=standard A=10229:com.weejobs.app} activity=ActivityRecord{87812898 u0 com.weejobs.app/.MainActivity t-1} display-from-task=0 display-id=0 task-display-area-windowing-mode=1 suggested-display-area=DefaultTaskDisplayArea@202734004 inherit-from-task=fullscreen non-freeform-task-display-area display-area=DefaultTaskDisplayArea@202734004 skip-bounds-fullscreen
03-29 20:36:18.700 I/ActivityTaskManager(  670): START u0 {act=android.intent.action.MAIN cat=[android.intent.category.LAUNCHER] flg=0x10200000 cmp=com.weejobs.app/.MainActivity} with LAUNCH_SINGLE_TASK from uid 2000 (com.android.shell) (BAL_ALLOW_PERMISSION) result code=0
03-29 20:36:18.700 V/WindowManagerShell( 1117): Transition requested (#56): android.os.BinderProxy@a96a0ff TransitionRequestInfo { type = OPEN, triggerTask = TaskInfo{userId=0 taskId=13 effectiveUid=10229 displayId=0 isRunning=true baseIntent=Intent { act=android.intent.action.MAIN cat=[android.intent.category.LAUNCHER] flg=0x10200000 cmp=com.weejobs.app/.MainActivity } baseActivity=ComponentInfo{com.weejobs.app/com.weejobs.app.MainActivity} topActivity=ComponentInfo{com.weejobs.app/com.weejobs.app.MainActivity} origActivity=null realActivity=ComponentInfo{com.weejobs.app/com.weejobs.app.MainActivity} realActivityIsAppLockEnabled=false numActivities=1 lastActiveTime=173118943 supportsMultiWindow=true supportsMultiWindowWithoutConstraints=true resizeMode=1 isResizeable=true minWidth=-1 minHeight=-1 defaultMinSize=220 token=WCT{android.os.BinderProxy@b6a6ecc} topActivityType=1 pictureInPictureParams=null shouldDockBigOverlays=false launchIntoPipHostTaskId=-1 lastParentTaskIdBeforePip=-1 displayCutoutSafeInsets=Rect(0, 152 - 0, 0) topActivityInfo=ActivityInfo{7db8515 com.weejobs.app.MainActivity} launchCookies=[] positionInParent=Point(0, 0) parentTaskId=-1 isFocused=false isInteractive=false isVisible=false isVisibleRequested=false isTopActivityNoDisplay=false isSleeping=false locusId=null displayAreaFeatureId=1 isTopActivityTransparent=false isActivityStackTransparent=false lastNonFullscreenBounds=null leafTaskBoundsFromOptions= false capturedLink=null capturedLinkTimestamp=0 requestedVisibleTypes=503 topActivityRequestOpenInBrowserEducationTimestamp=0 appCompatTaskInfo=AppCompatTaskInfo { topActivityInSizeCompat=false isLeafTask= true eligibleForLetterboxEducation= false isLetterboxEducationEnabled= true isLetterboxDoubleTapEnabled= false eligibleForUserAspectRatioButton= false topActivityBoundsLetterboxed= false isFromLetterboxDoubleTap= false topActivityLetterboxVerticalPosition= -1 topActivityLetterboxHorizontalPosition= -1 topActivityLetterboxWidth=-1 topActivityLetterboxHeight=-1 topActivityAppBounds=Rect(0, 0 - 1080, 2424) isUserFullscreenOverrideEnabled=false isSystemFullscreenOverrideEnabled=false hasMinAspectRatioOverride=false topActivityLetterboxBounds=null topNonResizableActivityAspectRatio=-1.0} topActivityMainWindowFrame=null isAppBubble=false}, pipChange = null, remoteTransitionInfo = null, displayChange = null, requestedLocation = null, userChange = null, windowingLayerChange = null, fullscreenRequestChange = null, flags = 0, debugId = 56 }
03-29 20:36:18.700 W/DisconnectHandler( 1117): No disconnect change found in the transition, not handling request.
03-29 20:36:18.700 V/ShellDesktopMode( 1117): DesktopTasksController: skipping handleRequest reason=triggerTask's display doesn't support desktop mode
03-29 20:36:18.700 D/ShellSplitScreen( 1117): logExit: no-op, mLoggerSessionId is null
03-29 20:36:18.701 I/Monkey  (23580): Events injected: 1
03-29 20:36:18.702 V/GrammaticalInflectionUtils(  670): AttributionSource: android.content.AttributionSource@6b442bfd does not have READ_SYSTEM_GRAMMATICAL_GENDER permission.
03-29 20:36:18.710 D/BaseActivity( 1416): Launcher flags updated: [state_started|state_resumed|state_deferred_resumed|state_window_focused|state_user_active] -[]
03-29 20:36:18.721 D/BaseActivity( 1416): Launcher flags updated: [state_started|state_resumed|state_deferred_resumed|state_window_focused] -[state_user_active]
03-29 20:36:18.721 D/BaseActivity( 1416): Launcher flags updated: [state_started|state_window_focused] -[state_resumed|state_deferred_resumed]
03-29 20:36:18.722 W/SplitSelectStateCtor( 1416): Missing session instanceIds
03-29 20:36:18.722 D/StatsLog( 1416): LAUNCHER_SPLIT_SELECTION_EXIT_INTERRUPTED
03-29 20:36:18.726 D/Zygote  (  470): Forked child process 23592
03-29 20:36:18.733 V/WindowManager(  670): Defer transition id=56 for TaskFragmentTransaction=android.os.Binder@603bc7a
03-29 20:36:18.735 V/RecentTasksController( 1117): Notify recent tasks changed
03-29 20:36:18.735 I/ActivityManager(  670): Start proc 23592:com.weejobs.app/u0a229 for next-top-activity {com.weejobs.app/com.weejobs.app.MainActivity}
03-29 20:36:18.737 D/ShellDesktopMode( 1117): DesktopRepository(0): Removes freeform task: taskId=12
03-29 20:36:18.741 W/InputChannel-JNI(  670): Channel already disposed.
03-29 20:36:18.744 W/ShellDesktopMode( 1117): DesktopRepository(0): No display id found for task: taskId=12
03-29 20:36:18.744 D/RecentTasksList( 1416): invalidateLoadedTasks - previous requestLoadId: -1
03-29 20:36:18.745 V/RecentTasksController( 1117): Notify recent tasks changed
03-29 20:36:18.745 D/WindowManagerShell( 1117): setLauncherKeepClearAreaHeight: visible=false, height=461
03-29 20:36:18.745 D/RecentTasksList( 1416): invalidateLoadedTasks - previous requestLoadId: -1
03-29 20:36:18.746 V/WindowManager(  670): Continue transition id=56 for TaskFragmentTransaction=android.os.Binder@603bc7a
03-29 20:36:18.749 I/AiAiEcho( 6736): Settings changed for uri: content://settings/secure/device_state_rotation_lock
03-29 20:36:18.750 D/WindowOnBackDispatcher( 1117): setTopOnBackInvokedCallback (unwrapped): android.view.ViewRootImpl$$ExternalSyntheticLambda13@77841cd
03-29 20:36:18.752 D/CoreBackPreview(  670): Window{7a6e534 u0 Splash Screen com.weejobs.app}: Setting back callback OnBackInvokedCallbackInfo{mCallback=android.window.IOnBackInvokedCallback$Stub$Proxy@8b81e, mPriority=0, mIsAnimationCallback=false, mOverrideBehavior=0}
03-29 20:36:18.752 I/AiAiEcho( 6736): Predicting[0]:  [CONTEXT sampling_count=5 ]
03-29 20:36:18.753 D/WindowManager(  670): setClientSurface Surface(name=VRI-Splash Screen com.weejobs.app#255)/@0x52da6cc for 7a6e534 Splash Screen com.weejobs.app
03-29 20:36:18.753 I/AiAiEcho( 6736): EchoTargets: 
03-29 20:36:18.753 I/AiAiEcho( 6736): Filtered by AiAi flag check: 
03-29 20:36:18.753 I/AiAiEcho( 6736): [CONTEXT ratelimit_period="10 SECONDS" ]
03-29 20:36:18.754 I/Monkey  (23580): ## Network stats: elapsed time=74ms (0ms mobile, 0ms wifi, 74ms not connected)
03-29 20:36:18.755 I/AiAiEcho( 6736): #remoteViewsTwiddler: feature disabled.
03-29 20:36:18.755 I/AiAiEcho( 6736): Predicting[0]:  [CONTEXT sampling_count=5 ]
03-29 20:36:18.757 I/app_process(23580): System.exit called, status: 0
03-29 20:36:18.757 I/AndroidRuntime(23580): VM exiting with result code 0.
03-29 20:36:18.760 I/AiAiEcho( 6736): EchoTargets: 
03-29 20:36:18.760 I/AiAiEcho( 6736): Filtered by AiAi flag check: 
03-29 20:36:18.760 I/AiAiEcho( 6736): [CONTEXT ratelimit_period="10 SECONDS" ]
03-29 20:36:18.760 I/AiAiEcho( 6736): #remoteViewsTwiddler: feature disabled.
03-29 20:36:18.760 I/Zygote  (23592): Process 23592 created for com.weejobs.app
03-29 20:36:18.760 I/com.weejobs.app(23592): Late-enabling -Xcheck:jni
03-29 20:36:18.764 I/AiAiEcho( 6736): Settings changed for uri: content://settings/secure/device_state_rotation_lock
03-29 20:36:18.770 I/AiAiEcho( 6736): Predicting[0]:  [CONTEXT sampling_count=5 ]
03-29 20:36:18.771 I/AiAiEcho( 6736): EchoTargets: 
03-29 20:36:18.771 I/AiAiEcho( 6736): Filtered by AiAi flag check: 
03-29 20:36:18.771 I/AiAiEcho( 6736): [CONTEXT ratelimit_period="10 SECONDS" ]
03-29 20:36:18.771 I/AiAiEcho( 6736): #remoteViewsTwiddler: feature disabled.
03-29 20:36:18.771 I/Surface ( 1117): Creating surface for consumer unnamed-1117-12 with slotExpansion=1 for 64 slots
03-29 20:36:18.772 I/Surface ( 1117): Creating surface for consumer VRI[app]#12(BLAST Consumer)12 with slotExpansion=1 for 64 slots
03-29 20:36:18.772 I/AiAiEcho( 6736): #postPredictionTargets: Sending updates to UISurface lockscreen with targets# 0 (types=[])
03-29 20:36:18.782 I/AiAiEcho( 6736): #postPredictionTargets: Sending updates to UISurface home with targets# 0 (types=[])
03-29 20:36:18.783 I/AiAiEcho( 6736): Predicting[0]:  [CONTEXT sampling_count=5 ]
03-29 20:36:18.784 I/AiAiEcho( 6736): EchoTargets: 
03-29 20:36:18.784 I/AiAiEcho( 6736): Filtered by AiAi flag check: 
03-29 20:36:18.784 I/AiAiEcho( 6736): [CONTEXT ratelimit_period="10 SECONDS" ]
03-29 20:36:18.785 I/AiAiEcho( 6736): #remoteViewsTwiddler: feature disabled.
03-29 20:36:18.785 I/AiAiEcho( 6736): Predicting[0]:  [CONTEXT sampling_count=5 ]
03-29 20:36:18.785 I/AiAiEcho( 6736): EchoTargets: 
03-29 20:36:18.785 I/AiAiEcho( 6736): Filtered by AiAi flag check: 
03-29 20:36:18.785 I/AiAiEcho( 6736): [CONTEXT ratelimit_period="10 SECONDS" ]
03-29 20:36:18.785 I/AiAiEcho( 6736): #remoteViewsTwiddler: feature disabled.
03-29 20:36:18.785 I/AiAiEcho( 6736): Predicting[0]:  [CONTEXT sampling_count=5 ]
03-29 20:36:18.785 I/AiAiEcho( 6736): EchoTargets: 
03-29 20:36:18.785 I/AiAiEcho( 6736): Filtered by AiAi flag check: 
03-29 20:36:18.785 I/AiAiEcho( 6736): [CONTEXT ratelimit_period="10 SECONDS" ]
03-29 20:36:18.786 I/AiAiEcho( 6736): #remoteViewsTwiddler: feature disabled.
03-29 20:36:18.786 I/AiAiEcho( 6736): #postPredictionTargets: Sending updates to UISurface ambientcue with targets# 0 (types=[])
03-29 20:36:18.787 I/AmbientCueRepository( 1117): Receiving SmartSpace targets # 0
03-29 20:36:18.787 I/AiAiEcho( 6736): #postPredictionTargets: Sending updates to UISurface lockscreen with targets# 0 (types=[])
03-29 20:36:18.787 I/AiAiEcho( 6736): #postPredictionTargets: Sending updates to UISurface home with targets# 0 (types=[])
03-29 20:36:18.788 I/AiAiEcho( 6736): #postPredictionTargets: Sending updates to UISurface ambientcue with targets# 0 (types=[])
03-29 20:36:18.792 I/AmbientCueRepository( 1117): Receiving SmartSpace targets # 0
03-29 20:36:18.794 I/com.weejobs.app(23592): Using generational CollectorTypeCMC GC.
03-29 20:36:18.796 W/com.weejobs.app(23592): Unexpected CPU variant for x86: x86_64.
03-29 20:36:18.796 W/com.weejobs.app(23592): Known variants: atom, sandybridge, silvermont, goldmont, goldmont-plus, goldmont-without-sha-xsaves, tremont, kabylake, alderlake, lunarlake, default
03-29 20:36:18.807 I/adbd    ( 1840): jdwp connection from 23592
03-29 20:36:18.815 I/EventHub(  670): Removing device Monkey touch due to epoll hang-up event.
03-29 20:36:18.815 I/EventHub(  670): Removed device: path=/dev/input/event14 name=Monkey touch id=16 fd=495 classes=TOUCH | TOUCH_MT
03-29 20:36:18.820 D/nativeloader(23592): Load libframework-connectivity-tiramisu-jni.so using APEX ns com_android_tethering for caller /apex/com.android.tethering/javalib/framework-connectivity-t.jar: ok
03-29 20:36:18.835 V/RecentTasksController( 1117): Notify recent tasks changed
03-29 20:36:18.876 I/EventHub(  670): Removing device '/dev/input/event14' due to inotify event
03-29 20:36:18.877 I/InputReader(  670): Device removed: id=16, eventHubId=16, name='Monkey touch', descriptor='e1fe28b90f915c7d1febbd52c1ef84b3c4cbed9f', sources=TOUCHSCREEN
03-29 20:36:18.878 D/RecentTasksList( 1416): invalidateLoadedTasks - previous requestLoadId: -1
03-29 20:36:18.879 D/BaseActivity( 1416): Launcher flags updated: [state_started] -[state_window_focused]
03-29 20:36:18.882 V/RecentTasksController( 1117): generateList(getRecentTasks)
03-29 20:36:18.885 V/RecentTasksController( 1117): initializeDesksMap - allDeskIds: []
03-29 20:36:18.886 V/RecentTasksController( 1117): Task 13 is not an active desktop task
03-29 20:36:18.886 V/RecentTasksController( 1117): Added fullscreen task: 13
03-29 20:36:18.886 V/RecentTasksController( 1117): Task 11 is not an active desktop task
03-29 20:36:18.886 V/RecentTasksController( 1117): Added fullscreen task: 11
03-29 20:36:18.886 V/RecentTasksController( 1117): Task 9 is not an active desktop task
03-29 20:36:18.886 V/RecentTasksController( 1117): Added fullscreen task: 9
03-29 20:36:18.886 V/RecentTasksController( 1117): generateList - complete
03-29 20:36:18.924 V/ShellDesktopMode( 1117): DesktopDisplayModeController: canDesktopFirstModeBeEnabledOnDefaultDisplay: isDefaultDisplayDesktopEligible=false
03-29 20:36:18.932 W/PermissionService(  670): getPermissionFlags: Unknown user -1
03-29 20:36:18.932 W/PermissionService(  670): getPermissionFlags: Unknown user -1
03-29 20:36:18.932 D/NavigationModeController( 1117): getCurrentUserContext: contextUser=0 currentUser=0
03-29 20:36:18.933 V/WindowManagerShell( 1117): Directly starting a new transition type=CHANGE wct=WindowContainerTransaction { changes= {android.os.BinderProxy@ee72aba={isTaskMoveAllowed:false,}} hops= [] flags= 0 errorCallbackToken=null taskFragmentOrganizer=null } handler=null
03-29 20:36:18.933 V/WindowManager(  670): Queueing transition: TransitionRecord{ac0b591 id=-1 type=CHANGE flags=0x0 parallelCollectType=NONE recentsDisplayId=-1}
03-29 20:36:18.935 E/PersonalContext(  670): No user state for user -1
03-29 20:36:18.946 I/PkDeviceHelper(22892): PkDeviceHelper.refreshDevices():87 refreshing devices
03-29 20:36:18.949 I/PkDeviceHelper(22892): PkDeviceHelper.addDevice():125 device qwerty2 added
03-29 20:36:18.952 D/SsBaseTemplateCard( 1416): Passed-in item info is null
03-29 20:36:18.952 D/SsBaseTemplateCard( 1416): Passed-in item info is null
03-29 20:36:18.952 D/SsBaseTemplateCard( 1416): Passed-in item info is null
03-29 20:36:18.952 D/SsBaseTemplateCard( 1416): Passed-in item info is null
03-29 20:36:18.952 I/SsBaseTemplateCard( 1416): Secondary card pane is null
03-29 20:36:19.009 I/PkDeviceHelper(22892): PkDeviceHelper.addDevice():125 device AT Translated Set 2 keyboard added
03-29 20:36:19.010 W/NotificationCenter(22892): NotificationCenter$NotificationQueue.notifyPendingNotificationsOnExecutor():877 Heavy notify work detected on UI thread: [mtd->oor, mtd->kne] takes 65ms
03-29 20:36:19.026 V/WindowManagerShell( 1117): onTransitionReady(transaction=2877628091497)
03-29 20:36:19.030 V/WindowManager(  670): Sent Transition (#56) createdAt=03-29 20:36:18.689 via request=TransitionRequestInfo { type = OPEN, triggerTask = TaskInfo{userId=0 taskId=13 effectiveUid=10229 displayId=0 isRunning=true baseIntent=Intent { act=android.intent.action.MAIN cat=[android.intent.category.LAUNCHER] flg=0x10200000 cmp=com.weejobs.app/.MainActivity } baseActivity=ComponentInfo{com.weejobs.app/com.weejobs.app.MainActivity} topActivity=ComponentInfo{com.weejobs.app/com.weejobs.app.MainActivity} origActivity=null realActivity=ComponentInfo{com.weejobs.app/com.weejobs.app.MainActivity} realActivityIsAppLockEnabled=false numActivities=1 lastActiveTime=173118943 supportsMultiWindow=true supportsMultiWindowWithoutConstraints=true resizeMode=1 isResizeable=true minWidth=-1 minHeight=-1 defaultMinSize=220 token=WCT{RemoteToken{bd7a282 Task{a73a9b3 #13 type=standard A=10229:com.weejobs.app}}} topActivityType=1 pictureInPictureParams=null shouldDockBigOverlays=false launchIntoPipHostTaskId=-1 lastParentTaskIdBeforePip=-1 displayCutoutSafeInsets=Rect(0, 152 - 0, 0) topActivityInfo=ActivityInfo{dffd93 com.weejobs.app.MainActivity} launchCookies=[] positionInParent=Point(0, 0) parentTaskId=-1 isFocused=false isInteractive=false isVisible=false isVisibleRequested=false isTopActivityNoDisplay=false isSleeping=false locusId=null displayAreaFeatureId=1 isTopActivityTransparent=false isActivityStackTransparent=false lastNonFullscreenBounds=null leafTaskBoundsFromOptions= false capturedLink=null capturedLinkTimestamp=0 requestedVisibleTypes=503 topActivityRequestOpenInBrowserEducationTimestamp=0 appCompatTaskInfo=AppCompatTaskInfo { topActivityInSizeCompat=false isLeafTask= true eligibleForLetterboxEducation= false isLetterboxEducationEnabled= true isLetterboxDoubleTapEnabled= false eligibleForUserAspectRatioButton= false topActivityBoundsLetterboxed= false isFromLetterboxDoubleTap= false topActivityLetterboxVerticalPosition= -1 topActivityLetterboxHorizontalPosition= -1 topActivityLetterboxWidth=-1 topActivityLetterboxHeight=-1 topActivityAppBounds=Rect(0, 0 - 1080, 2424) isUserFullscreenOverrideEnabled=false isSystemFullscreenOverrideEnabled=false hasMinAspectRatioOverride=false topActivityLetterboxBounds=null topNonResizableActivityAspectRatio=-1.0} topActivityMainWindowFrame=null isAppBubble=false}, pipChange = null, remoteTransitionInfo = null, displayChange = null, requestedLocation = null, userChange = null, windowingLayerChange = null, fullscreenRequestChange = null, flags = 0, debugId = 56 }
03-29 20:36:19.030 V/WindowManager(  670):     startWCT=WindowContainerTransaction { changes= {} hops= [] flags= 0 errorCallbackToken=null taskFragmentOrganizer=null }
03-29 20:36:19.030 V/WindowManager(  670):     info={id=56 t=OPEN f=0x0 trk=0 r=[0@Point(0, 0)] c=[
03-29 20:36:19.030 V/WindowManager(  670):         {WCT{RemoteToken{bd7a282 Task{a73a9b3 #13 type=standard A=10229:com.weejobs.app}}} m=OPEN f=MOVE_TO_TOP leash=Surface(name=Task=13#252)/@0xe680364 sb=Rect(0, 0 - 1080, 2424) eb=Rect(0, 0 - 1080, 2424) epz=Point(1080, 2424) d=0 taskParent=-1 winMode=1 userId=0},
03-29 20:36:19.030 V/WindowManager(  670):         {WCT{RemoteToken{c7798b9 Task{15b29c9 #1 type=home}}} m=TO_BACK f=SHOW_WALLPAPER leash=Surface(name=Task=1#34)/@0x381bb03 sb=Rect(0, 0 - 1080, 2424) eb=Rect(0, 0 - 1080, 2424) epz=Point(1080, 2424) d=0 taskParent=-1 winMode=1 userId=0},
03-29 20:36:19.030 V/WindowManager(  670):         {m=TO_BACK f=IS_WALLPAPER leash=Surface(name=WallpaperWindowToken{54c7dfc}#38)/@0xe6e953 sb=Rect(0, 0 - 1080, 2424) eb=Rect(0, 0 - 1080, 2424) epz=Point(1080, 2424) d=0}
03-29 20:36:19.030 V/WindowManager(  670):     ]}
03-29 20:36:19.034 V/WindowManagerShell( 1117): onTransitionReady (#56) android.os.BinderProxy@a96a0ff: {id=56 t=OPEN f=0x0 trk=0 r=[0@Point(0, 0)] c=[
03-29 20:36:19.034 V/WindowManagerShell( 1117):         {m=OPEN f=MOVE_TO_TOP leash=Surface(name=Task=13#252)/@0xdcaf40b sb=Rect(0, 0 - 1080, 2424) eb=Rect(0, 0 - 1080, 2424) epz=Point(1080, 2424) d=0 taskParent=-1 winMode=1 userId=0},
03-29 20:36:19.034 V/WindowManagerShell( 1117):         {m=TO_BACK f=SHOW_WALLPAPER leash=Surface(name=Task=1#34)/@0x14772e8 sb=Rect(0, 0 - 1080, 2424) eb=Rect(0, 0 - 1080, 2424) epz=Point(1080, 2424) d=0 taskParent=-1 winMode=1 userId=0},
03-29 20:36:19.034 V/WindowManagerShell( 1117):         {m=TO_BACK f=IS_WALLPAPER leash=Surface(name=WallpaperWindowToken{54c7dfc}#38)/@0x7decd01 sb=Rect(0, 0 - 1080, 2424) eb=Rect(0, 0 - 1080, 2424) epz=Point(1080, 2424) d=0}
03-29 20:36:19.034 V/WindowManagerShell( 1117):     ]}
03-29 20:36:19.039 V/WindowManagerShell( 1117): Playing animation for (#56) android.os.BinderProxy@a96a0ff@0
03-29 20:36:19.039 D/ShellSplitScreen( 1117): startAnimation: transition=56 isSplitActive=false
03-29 20:36:19.039 V/ShellRecents( 1117): RecentsTransitionHandler.startAnimation: no controller found
03-29 20:36:19.039 V/ShellDesktopMode( 1117): DesktopMixedTransitionHandler: No pending desktop transition
03-29 20:36:19.039 V/WindowManagerShell( 1117): Transition doesn't have explicit remote, search filters for match for {id=56 t=OPEN f=0x0 trk=0 r=[0@Point(0, 0)] c=[{m=OPEN f=MOVE_TO_TOP leash=Surface(name=Task=13#252)/@0xdcaf40b sb=Rect(0, 0 - 1080, 2424) eb=Rect(0, 0 - 1080, 2424) epz=Point(1080, 2424) d=0 taskParent=-1 winMode=1 userId=0},{m=TO_BACK f=SHOW_WALLPAPER leash=Surface(name=Task=1#34)/@0x14772e8 sb=Rect(0, 0 - 1080, 2424) eb=Rect(0, 0 - 1080, 2424) epz=Point(1080, 2424) d=0 taskParent=-1 winMode=1 userId=0},{m=TO_BACK f=IS_WALLPAPER leash=Surface(name=WallpaperWindowToken{54c7dfc}#38)/@0x7decd01 sb=Rect(0, 0 - 1080, 2424) eb=Rect(0, 0 - 1080, 2424) epz=Point(1080, 2424) d=0}]}
03-29 20:36:19.039 V/WindowManagerShell( 1117):  Checking filter Pair{{types=[] flags=0x0 notFlags=0x0 checks=[{atype=undefined independent=true modes=[CLOSE,TO_BACK] flags=IN_TASK_WITH_EMBEDDED_ACTIVITY mustBeTask=false order=ANY topActivity=null launchCookie=null taskFragmentToken=android.os.BinderProxy@2c48a94 windowingMode=undefined isCrossDisplayMove=false}]} RemoteTransition { remoteTransition = android.window.IRemoteTransition$Stub$Proxy@260493d, appThread = android.app.IApplicationThread$Stub$Proxy@b7df532, debugName = overlayBackTransition, filter = {types=[] flags=0x0 notFlags=0x0 checks=[{atype=undefined independent=true modes=[CLOSE,TO_BACK] flags=IN_TASK_WITH_EMBEDDED_ACTIVITY mustBeTask=false order=ANY topActivity=null launchCookie=null taskFragmentToken=android.os.BinderProxy@2c48a94 windowingMode=undefined isCrossDisplayMove=false}]} }}
03-29 20:36:19.040 V/WindowManagerShell( 1117):  Checking filter Pair{{types=[] flags=0x0 notFlags=0x0 checks=[{atype=dream independent=true modes=[OPEN,TO_FRONT] flags=NONE mustBeTask=false order=ANY topActivity=null launchCookie=null windowingMode=undefined isCrossDisplayMove=false},{atype=home independent=true modes=[CLOSE,TO_BACK] flags=NONE mustBeTask=false order=ANY topActivity=null launchCookie=null windowingMode=undefined isCrossDisplayMove=false}]} RemoteTransition { remoteTransition = android.window.IRemoteTransition$Stub$Proxy@c02d283, appThread = android.app.IApplicationThread$Stub$Proxy@da9bc00, debugName = LauncherToDream, filter = {types=[] flags=0x0 notFlags=0x0 checks=[{atype=dream independent=true modes=[OPEN,TO_FRONT] flags=NONE mustBeTask=false order=ANY topActivity=null launchCookie=null windowingMode=undefined isCrossDisplayMove=false},{atype=home independent=true modes=[CLOSE,TO_BACK] flags=NONE mustBeTask=false order=ANY topActivity=null launchCookie=null windowingMode=undefined isCrossDisplayMove=false}]} }}
03-29 20:36:19.040 V/WindowManagerShell( 1117):  Checking filter Pair{{types=[] flags=0x0 notFlags=0x0 checks=[{atype=standard independent=false modes=[CHANGE] flags=NONE mustBeTask=true order=ANY topActivity=null launchCookie=null windowingMode=undefined isCrossDisplayMove=true}]} RemoteTransition { remoteTransition = android.window.IRemoteTransition$Stub$Proxy@8d3c39, appThread = android.app.IApplicationThread$Stub$Proxy@192327e, debugName = QuickstepDisplayMove, filter = {types=[] flags=0x0 notFlags=0x0 checks=[{atype=standard independent=false modes=[CHANGE] flags=NONE mustBeTask=true order=ANY topActivity=null launchCookie=null windowingMode=undefined isCrossDisplayMove=true}]} }}
03-29 20:36:19.040 V/WindowManagerShell( 1117):  Checking filter Pair{{types=[] flags=0x0 notFlags=0x100 checks=[{atype=home independent=true modes=[OPEN,TO_FRONT] flags=NONE mustBeTask=false order=ANY topActivity=ComponentInfo{com.google.android.apps.nexuslauncher/com.google.android.apps.nexuslauncher.NexusLauncherActivity} launchCookie=null windowingMode=undefined isCrossDisplayMove=false},{atype=standard independent=true modes=[CLOSE,TO_BACK] flags=NONE mustBeTask=false order=ANY topActivity=null launchCookie=null windowingMode=undefined isCrossDisplayMove=false},{NOT atype=undefined independent=true modes=[] flags=NONE mustBeTask=true order=ANY topActivity=null launchCookie=null customAnim=true windowingMode=undefined isCrossDisplayMove=false}]} RemoteTransition { remoteTransition = android.window.IRemoteTransition$Stub$Proxy@21613df, appThread = android.app.IApplicationThread$Stub$Proxy@aee982c, debugName = QuickstepLaunchHome, filter = {types=[] flags=0x0 notFlags=0x100 checks=[{atype=home independent=true modes=[OPEN,TO_FRONT] flags=NONE mustBeTask=false order=ANY topActivity=ComponentInfo{com.google.android.apps.nexuslauncher/com.google.android.apps.nexuslauncher.NexusLauncherActivity} launchCookie=null windowingMode=undefined isCrossDisplayMove=false},{atype=standard independent=true modes=[CLOSE,TO_BACK] flags=NONE mustBeTask=false order=ANY topActivity=null launchCookie=null windowingMode=undefined isCrossDisplayMove=false},{NOT atype=undefined independent=true modes=[] flags=NONE mustBeTask=true order=ANY topActivity=null launchCookie=null customAnim=true windowingMode=undefined isCrossDisplayMove=false}]} }}
03-29 20:36:19.040 V/WindowManagerShell( 1117):  Checking filter Pair{{types=[OPEN,TO_FRONT] flags=0x0 notFlags=0x0 checks=[{atype=standard independent=true modes=[OPEN,TO_FRONT] flags=NONE mustBeTask=true order=ANY topActivity=null launchCookie=null windowingMode=freeform isCrossDisplayMove=false}]} RemoteTransition { remoteTransition = android.window.IRemoteTransition$Stub$Proxy@58a48e5, appThread = null, debugName = DesktopWindowLimitUnminimize, filter = {types=[OPEN,TO_FRONT] flags=0x0 notFlags=0x0 checks=[{atype=standard independent=true modes=[OPEN,TO_FRONT] flags=NONE mustBeTask=true order=ANY topActivity=null launchCookie=null windowingMode=freeform isCrossDisplayMove=false}]} }}
03-29 20:36:19.040 V/WindowManagerShell( 1117):  Delegate animation for (#56) to null
03-29 20:36:19.040 V/WindowManagerShell( 1117): start default transition animation, info = {id=56 t=OPEN f=0x0 trk=0 r=[0@Point(0, 0)] c=[{m=OPEN f=MOVE_TO_TOP leash=Surface(name=Task=13#252)/@0xdcaf40b sb=Rect(0, 0 - 1080, 2424) eb=Rect(0, 0 - 1080, 2424) epz=Point(1080, 2424) d=0 taskParent=-1 winMode=1 userId=0},{m=TO_BACK f=SHOW_WALLPAPER leash=Surface(name=Task=1#34)/@0x14772e8 sb=Rect(0, 0 - 1080, 2424) eb=Rect(0, 0 - 1080, 2424) epz=Point(1080, 2424) d=0 taskParent=-1 winMode=1 userId=0},{m=TO_BACK f=IS_WALLPAPER leash=Surface(name=WallpaperWindowToken{54c7dfc}#38)/@0x7decd01 sb=Rect(0, 0 - 1080, 2424) eb=Rect(0, 0 - 1080, 2424) epz=Point(1080, 2424) d=0}]}
03-29 20:36:19.040 V/WindowManagerShell( 1117): loadAnimation: anim=android.view.animation.AnimationSet@232c5e7 animAttr=0x13 type=OPEN isEntrance=false
03-29 20:36:19.041 V/WindowManagerShell( 1117): loadAnimation: anim=android.view.animation.AnimationSet@f94d594 animAttr=0x12 type=OPEN isEntrance=true
03-29 20:36:19.043 V/WindowManagerShell( 1117):  animated by com.android.wm.shell.transition.DefaultTransitionHandler@2a588f7
03-29 20:36:19.054 V/ShellTaskOrganizer( 1117): Task appeared taskId=13 listener=FullscreenTaskListener
03-29 20:36:19.054 V/ShellTaskOrganizer( 1117): Fullscreen Task Appeared: #13
03-29 20:36:19.054 V/RecentTasksController( 1117): Notify recent tasks changed
03-29 20:36:19.061 V/WindowManager(  670): deferTransitionReady deferReadyDepth=1 stack=com.android.server.wm.WindowOrganizerController.applyTransaction:717 com.android.server.wm.WindowOrganizerController.applyTransaction:641 com.android.server.wm.WindowOrganizerController.lambda$startTransition$3:388 com.android.server.wm.WindowOrganizerController.$r8$lambda$PHnU0rj5Bcvaq0dL-Wi7kOJt8bo:0 com.android.server.wm.WindowOrganizerController$$ExternalSyntheticLambda5.onCollectStarted:0 
03-29 20:36:19.062 V/WindowManager(  670): continueTransitionReady deferReadyDepth=0 stack=com.android.server.wm.WindowOrganizerController.applyTransaction:864 com.android.server.wm.WindowOrganizerController.applyTransaction:641 com.android.server.wm.WindowOrganizerController.lambda$startTransition$3:388 com.android.server.wm.WindowOrganizerController.$r8$lambda$PHnU0rj5Bcvaq0dL-Wi7kOJt8bo:0 com.android.server.wm.WindowOrganizerController$$ExternalSyntheticLambda5.onCollectStarted:0 
03-29 20:36:19.069 V/WindowManager(  670): Sent Transition (#57) createdAt=03-29 20:36:18.933
03-29 20:36:19.070 V/WindowManager(  670):     startWCT=WindowContainerTransaction { changes= {RemoteToken{e0273de DefaultTaskDisplayArea@202734004}={isTaskMoveAllowed:false,}} hops= [] flags= 0 errorCallbackToken=null taskFragmentOrganizer=null }
03-29 20:36:19.070 V/WindowManager(  670):     info={id=57 t=CHANGE f=0x0 trk=0 r=[] c=[]}
03-29 20:36:19.076 V/WindowManagerShell( 1117): onTransitionReady(transaction=2877628091511)
03-29 20:36:19.077 V/WindowManagerShell( 1117): onTransitionReady (#57) android.os.BinderProxy@fcd22fc: {id=57 t=CHANGE f=0x0 trk=0 r=[] c=[]}
03-29 20:36:19.077 V/WindowManagerShell( 1117): No transition roots in (#57) android.os.BinderProxy@fcd22fc@0 so abort
03-29 20:36:19.078 V/WindowManagerShell( 1117): Transition was merged: (#57) android.os.BinderProxy@fcd22fc@0 into (#56) android.os.BinderProxy@a96a0ff@0
03-29 20:36:19.102 D/RecentTasksList( 1416): invalidateLoadedTasks - previous requestLoadId: -1
03-29 20:36:19.102 I/libbinder.BpBinder(  533): onLastStrongRef automatically unlinking death recipients for binder (0x73562f841f40) with descriptor: '(not cached)'
03-29 20:36:19.169 W/AiAiEcho( 6736): LyftNotificationParser Ridesharing ETA not enabled
03-29 20:36:19.170 I/AiAiEcho( 6736): SmartspaceNotificationPredictor no parser can handle this notification or notification is invalid
03-29 20:36:19.200 D/ActivityManager(  670): freezing 23026 com.google.android.dialer
03-29 20:36:19.221 W/skia    (  533): AGTM parsing failed flags.readFromStream(s) at 159
03-29 20:36:19.222 W/skia    (  533): AGTM parsing failed flags.readFromStream(s) at 159
03-29 20:36:19.245 D/InetDiagMessage(  670): Destroyed 0 sockets, proto=IPPROTO_TCP, family=AF_INET, states=14
03-29 20:36:19.247 D/InetDiagMessage(  670): Destroyed 0 sockets, proto=IPPROTO_TCP, family=AF_INET6, states=14
03-29 20:36:19.247 D/InetDiagMessage(  670): Destroyed live tcp sockets for uids={10148} in 3ms
03-29 20:36:19.362 V/WindowManagerShell( 1117): Transition animation finished (aborted=false), notifying core (#56) android.os.BinderProxy@a96a0ff@0
03-29 20:36:19.380 V/WindowManager(  670): Finish Transition (#56): created at 03-29 20:36:18.689 collect-started=0.032ms request-sent=10.236ms started=22.662ms ready=326.702ms sent=329.811ms commit=47.67ms finished=678.308ms
03-29 20:36:19.383 V/WindowManager(  670): Finish Transition (#57): created at 03-29 20:36:18.933 collect-started=96.607ms started=125.74ms ready=130.27ms sent=134.84ms commit=311.009ms finished=447.204ms
03-29 20:36:19.383 V/WindowManagerShell( 1117): Track 0 became idle
03-29 20:36:19.383 V/WindowManagerShell( 1117): All active transition animations finished
03-29 20:36:19.388 D/VRI[NexusLauncherActivity]( 1416): visibilityChanged oldVisibility=true newVisibility=false
03-29 20:36:19.388 D/WallpaperService( 1117): onVisibilityChanged(false): com.android.systemui.wallpapers.ImageWallpaper$CanvasEngine@ef6becb
03-29 20:36:19.389 W/skia    (  533): AGTM parsing failed flags.readFromStream(s) at 159
03-29 20:36:19.397 D/Bubbles ( 1117): BubbleData.onLocusVisibilityChanged() locusId=Overview|DISABLED visible=false taskId=1
03-29 20:36:19.424 D/SmartspaceInteractor( 1416): notifySmartspaceEvent: SmartspaceTargetEvent{mSmartspaceTarget=null, mSmartspaceActionId='null', mEventType=7}
03-29 20:36:19.494 W/skia    (  533): AGTM parsing failed flags.readFromStream(s) at 159
03-29 20:36:20.062 I/Finsky:background(23498): [106] playLoggingServerUrl: https://play.googleapis.com/play/log
03-29 20:36:20.062 I/Finsky:background(23498): [106] playLoggingServerTimestampUrl: https://play.googleapis.com/play/log/timestamp
03-29 20:36:20.099 W/GetConfigSnapshotOp(22468): Succeeded but not registered: com.google.android.libraries.performance.primes#com.android.vending [CONTEXT service_id=51 ]
03-29 20:36:20.586 D/nativeloader(23592): Configuring clns-9 for other apk /data/app/~~sQsl9FJeXj31UBXH3n1wHw==/com.weejobs.app-LaD7tw5wxmnCo94kd-heWQ==/base.apk. target_sdk_version=36, uses_libraries=, library_path=/data/app/~~sQsl9FJeXj31UBXH3n1wHw==/com.weejobs.app-LaD7tw5wxmnCo94kd-heWQ==/lib/x86_64:/data/app/~~sQsl9FJeXj31UBXH3n1wHw==/com.weejobs.app-LaD7tw5wxmnCo94kd-heWQ==/base.apk!/lib/x86_64, permitted_path=/data:/mnt/expand:/data/user/0/com.weejobs.app
03-29 20:36:20.590 I/HalDevMgr(  670): bestIfaceCreationProposal is null, requestIface=STA, existingIface=[name=wlan0 type=STA]
03-29 20:36:20.649 V/GraphicsEnvironment(23592): Currently set values for:
03-29 20:36:20.651 V/GraphicsEnvironment(23592):   angle_gl_driver_selection_pkgs=[]
03-29 20:36:20.652 V/GraphicsEnvironment(23592):   angle_gl_driver_selection_values=[]
03-29 20:36:20.652 V/GraphicsEnvironment(23592): com.weejobs.app is not listed in per-application setting
03-29 20:36:20.653 V/GraphicsEnvironment(23592): No special selections for ANGLE, returning default driver choice
03-29 20:36:20.655 V/GraphicsEnvironment(23592): Neither updatable production driver nor prerelease driver is supported.
03-29 20:36:20.752 W/SoLoader(23592): Initializing SoLoader: 0
03-29 20:36:20.757 W/SoLoader(23592): Recording new base apk path: /data/app/~~sQsl9FJeXj31UBXH3n1wHw==/com.weejobs.app-LaD7tw5wxmnCo94kd-heWQ==/base.apk
03-29 20:36:20.757 W/SoLoader(23592): Previously recorded 0 base apk paths.
03-29 20:36:20.770 I/SoLoader(23592): Preparing SO source: DirectorySoSource[root = /vendor/lib64 flags = 2]
03-29 20:36:20.771 I/SoLoader(23592): Preparing SO source: DirectorySoSource[root = /system/lib64 flags = 2]
03-29 20:36:20.772 I/SoLoader(23592): Preparing SO source: DirectApkSoSource[root = [/data/app/~~sQsl9FJeXj31UBXH3n1wHw==/com.weejobs.app-LaD7tw5wxmnCo94kd-heWQ==/base.apk!/lib/x86_64]]
03-29 20:36:20.942 I/SoLoader(23592): Preparing SO source: ApplicationSoSource[DirectorySoSource[root = /data/app/~~sQsl9FJeXj31UBXH3n1wHw==/com.weejobs.app-LaD7tw5wxmnCo94kd-heWQ==/lib/x86_64 flags = 0]]
03-29 20:36:20.942 I/SoLoader(23592): init finish: 4 SO sources prepared
03-29 20:36:20.943 W/SoLoader(23592): SoLoader initialized: 8
03-29 20:36:21.223 D/nativeloader(23592): Load /data/app/~~sQsl9FJeXj31UBXH3n1wHw==/com.weejobs.app-LaD7tw5wxmnCo94kd-heWQ==/base.apk!/lib/x86_64/libc++_shared.so using class loader ns clns-9 (caller=/data/app/~~sQsl9FJeXj31UBXH3n1wHw==/com.weejobs.app-LaD7tw5wxmnCo94kd-heWQ==/base.apk!classes20.dex): ok
03-29 20:36:21.360 D/nativeloader(23592): Load /data/app/~~sQsl9FJeXj31UBXH3n1wHw==/com.weejobs.app-LaD7tw5wxmnCo94kd-heWQ==/base.apk!/lib/x86_64/libjsi.so using class loader ns clns-9 (caller=/data/app/~~sQsl9FJeXj31UBXH3n1wHw==/com.weejobs.app-LaD7tw5wxmnCo94kd-heWQ==/base.apk!classes20.dex): ok
03-29 20:36:21.409 D/nativeloader(23592): Load /data/app/~~sQsl9FJeXj31UBXH3n1wHw==/com.weejobs.app-LaD7tw5wxmnCo94kd-heWQ==/base.apk!/lib/x86_64/libfbjni.so using class loader ns clns-9 (caller=/data/app/~~sQsl9FJeXj31UBXH3n1wHw==/com.weejobs.app-LaD7tw5wxmnCo94kd-heWQ==/base.apk!classes20.dex): ok
03-29 20:36:21.430 D/nativeloader(23592): Load /data/app/~~sQsl9FJeXj31UBXH3n1wHw==/com.weejobs.app-LaD7tw5wxmnCo94kd-heWQ==/base.apk!/lib/x86_64/libreactnative.so using class loader ns clns-9 (caller=/data/app/~~sQsl9FJeXj31UBXH3n1wHw==/com.weejobs.app-LaD7tw5wxmnCo94kd-heWQ==/base.apk!classes20.dex): ok
03-29 20:36:21.431 D/jni_lib_merge(23592): Entering merged library JNI_OnLoad.
03-29 20:36:21.431 D/jni_lib_merge(23592): Preparing 12 pre-merged libs (including stub)
03-29 20:36:21.431 D/jni_lib_merge(23592): Preparing to register libfabricjni_so.  onload_func: 0x7c79f16d35d0
03-29 20:36:21.431 D/jni_lib_merge(23592): Preparing to register libreact_devsupportjni_so.  onload_func: 0x7c79f18ec660
03-29 20:36:21.431 D/jni_lib_merge(23592): Preparing to register libreact_featureflagsjni_so.  onload_func: 0x7c79f18fe530
03-29 20:36:21.431 D/jni_lib_merge(23592): Preparing to register libreact_newarchdefaults_so.  onload_func: 0x7c79f1999b10
03-29 20:36:21.431 D/jni_lib_merge(23592): Preparing to register libreactnativeblob_so.  onload_func: 0x7c79f1ba66c0
03-29 20:36:21.431 D/jni_lib_merge(23592): Preparing to register libreactnativejni_so.  onload_func: 0x7c79f1be22d0
03-29 20:36:21.431 D/jni_lib_merge(23592): Preparing to register libreactnativejni_common_so.  onload_func: 0x7c79f1be7cd0
03-29 20:36:21.431 D/jni_lib_merge(23592): Preparing to register librninstance_so.  onload_func: 0x7c79f1c31fe0
03-29 20:36:21.431 D/jni_lib_merge(23592): Preparing to register libturbomodulejsijni_so.  onload_func: 0x7c79f1d93f40
03-29 20:36:21.431 D/jni_lib_merge(23592): Preparing to register libuimanagerjni_so.  onload_func: 0x7c79f1daaa30
03-29 20:36:21.431 D/jni_lib_merge(23592): Preparing to register libyoga_so.  onload_func: 0x7c79f1db99c0
03-29 20:36:21.431 D/jni_lib_merge(23592): About to register 11 actual methods.
03-29 20:36:21.445 D/nativeloader(23592): Load /data/app/~~sQsl9FJeXj31UBXH3n1wHw==/com.weejobs.app-LaD7tw5wxmnCo94kd-heWQ==/base.apk!/lib/x86_64/libappmodules.so using class loader ns clns-9 (caller=/data/app/~~sQsl9FJeXj31UBXH3n1wHw==/com.weejobs.app-LaD7tw5wxmnCo94kd-heWQ==/base.apk!classes20.dex): ok
03-29 20:36:21.529 I/Choreographer(23592): Skipped 43 frames!  The application may be doing too much work on its main thread.
03-29 20:36:21.539 I/DisplayManager(23592): Choreographer implicitly registered for the refresh rate.
03-29 20:36:21.651 D/DesktopExperienceFlags(23592): Toggle override initialized to: false
03-29 20:36:21.731 D/AppCompatDelegate(23592): Checking for metadata for AppLocalesMetadataHolderService : Service not found
03-29 20:36:21.794 D/CompatChangeReporter(23592): Compat change id reported: 377864165; UID 10229; state: ENABLED
03-29 20:36:21.794 D/DesktopModeFlags(23592): Toggle override initialized to: OVERRIDE_UNSET
03-29 20:36:21.796 I/artd    (  811): GetBestInfo: odex next to the dex file (/data/app/~~-SfNDxGk55aaTy4ai8wKvg==/com.google.android.gms-8Xk-ANHGl03KROtsXSdrTw==/oat/x86_64/base.odex) is kOatUpToDate with filter 'speed-profile' executable 'false'
03-29 20:36:21.797 I/artd    (  811): GetBestInfo: dm (/data/app/~~-SfNDxGk55aaTy4ai8wKvg==/com.google.android.gms-8Xk-ANHGl03KROtsXSdrTw==/split_AdsDynamite_installtime.dm) is kOatUpToDate with filter 'verify' executable 'false'
03-29 20:36:21.798 I/artd    (  811): GetBestInfo: dm (/data/app/~~-SfNDxGk55aaTy4ai8wKvg==/com.google.android.gms-8Xk-ANHGl03KROtsXSdrTw==/split_CronetDynamite_installtime.dm) is kOatUpToDate with filter 'verify' executable 'false'
03-29 20:36:21.801 I/com.weejobs.app(23592): hiddenapi: Accessing hidden method Landroid/view/ViewGroup;->makeOptionalFitsSystemWindows()V (runtime_flags=0, domain=platform, api=unsupported) from Landroidx/appcompat/widget/ViewUtils; (domain=app, TargetSdkVersion=36) using reflection: allowed
03-29 20:36:21.805 I/artd    (  811): GetBestInfo: dm (/data/app/~~-SfNDxGk55aaTy4ai8wKvg==/com.google.android.gms-8Xk-ANHGl03KROtsXSdrTw==/split_DynamiteLoader_installtime.dm) is kOatUpToDate with filter 'verify' executable 'false'
03-29 20:36:21.806 I/artd    (  811): GetBestInfo: dm (/data/app/~~-SfNDxGk55aaTy4ai8wKvg==/com.google.android.gms-8Xk-ANHGl03KROtsXSdrTw==/split_DynamiteModulesA_installtime.dm) is kOatUpToDate with filter 'verify' executable 'false'
03-29 20:36:21.807 I/artd    (  811): GetBestInfo: dm (/data/app/~~-SfNDxGk55aaTy4ai8wKvg==/com.google.android.gms-8Xk-ANHGl03KROtsXSdrTw==/split_DynamiteModulesC_installtime.dm) is kOatUpToDate with filter 'verify' executable 'false'
03-29 20:36:21.822 I/artd    (  811): GetBestInfo: dm (/data/app/~~-SfNDxGk55aaTy4ai8wKvg==/com.google.android.gms-8Xk-ANHGl03KROtsXSdrTw==/split_GoogleCertificates_installtime.dm) is kOatUpToDate with filter 'verify' executable 'false'
03-29 20:36:21.828 I/artd    (  811): GetBestInfo: dm (/data/app/~~-SfNDxGk55aaTy4ai8wKvg==/com.google.android.gms-8Xk-ANHGl03KROtsXSdrTw==/split_MapsDynamite_installtime.dm) is kOatUpToDate with filter 'verify' executable 'false'
03-29 20:36:21.843 I/artd    (  811): GetBestInfo: dm (/data/app/~~-SfNDxGk55aaTy4ai8wKvg==/com.google.android.gms-8Xk-ANHGl03KROtsXSdrTw==/split_MeasurementDynamite_installtime.dm) is kOatUpToDate with filter 'verify' executable 'false'
03-29 20:36:21.848 I/artd    (  811): GetBestInfo: dm (/data/app/~~-SfNDxGk55aaTy4ai8wKvg==/com.google.android.gms-8Xk-ANHGl03KROtsXSdrTw==/split_all_locale_splits.dm) is kOatUpToDate with filter 'verify' executable 'false'
03-29 20:36:21.860 I/artd    (  811): GetBestInfo: /data/user_de/0/com.google.android.gms/app_chimera/m/00000008/dl-Appsearch.optional_260235100800.apk has no usable artifacts
03-29 20:36:21.873 I/artd    (  811): GetBestInfo: /data/user_de/0/com.google.android.gms/app_chimera/m/00000012/dl-PlayCloudSearch.optional_261133100000.apk has no usable artifacts
03-29 20:36:21.876 I/artd    (  811): GetBestInfo: /data/user_de/0/com.google.android.gms/app_chimera/m/00000001/CronetDynamite.apk has no usable artifacts
03-29 20:36:21.880 I/artd    (  811): GetBestInfo: /data/user_de/0/com.google.android.gms/app_chimera/m/00000015/dl-MlkitOcrCommon.optional_261133100800.apk has no usable artifacts
03-29 20:36:21.885 I/artd    (  811): GetBestInfo: /data/user_de/0/com.google.android.gms/app_chimera/m/00000002/DynamiteLoader.apk has no usable artifacts
03-29 20:36:21.886 I/artd    (  811): GetBestInfo: /data/user_de/0/com.google.android.gms/app_chimera/m/00000005/GoogleCertificates.apk has no usable artifacts
03-29 20:36:21.891 I/artd    (  811): GetBestInfo: /data/user_de/0/com.google.android.gms/app_chimera/m/00000013/dl-Appsearch.optional_261133100800.apk has no usable artifacts
03-29 20:36:21.905 I/artd    (  811): GetBestInfo: /data/user_de/0/com.google.android.gms/app_chimera/m/0000000c/dl-MlkitOcrCommon.optional_260235100800.apk has no usable artifacts
03-29 20:36:21.924 I/artd    (  811): GetBestInfo: /data/user_de/0/com.google.android.gms/app_chimera/m/0000000b/dl-VisionOcr.optional_260235100000.apk has no usable artifacts
03-29 20:36:21.934 I/artd    (  811): GetBestInfo: /data/user_de/0/com.google.android.gms/app_chimera/m/00000010/dl-TfliteDynamiteDynamite.integ_252130102100800.apk has no usable artifacts
03-29 20:36:21.941 I/artd    (  811): GetBestInfo: /data/user_de/0/com.google.android.gms/app_chimera/m/00000011/dl-VisionOcr.optional_261133100000.apk has no usable artifacts
03-29 20:36:21.951 I/artd    (  811): GetBestInfo: /data/user_de/0/com.google.android.gms/app_chimera/m/00000016/dl-MlkitBarcodeUi.optional_261133100800.apk has no usable artifacts
03-29 20:36:21.960 I/artd    (  811): GetBestInfo: /data/user_de/0/com.google.android.gms/app_chimera/m/00000009/dl-MlkitBarcodeUi.optional_260235100800.apk has no usable artifacts
03-29 20:36:21.967 I/GFXSTREAM(23592): [eglDisplay.cpp(297)] Opening libGLESv1_CM_emulation.so
03-29 20:36:21.976 I/artd    (  811): GetBestInfo: vdex next to the dex file (/data/user/0/com.google.android.gms/app_dg_cache/492BB24C67899DCD3E45A896813896109D71DC84/oat/x86_64/the.vdex) is kOatUpToDate with filter 'verify' executable 'false'
03-29 20:36:21.981 I/GFXSTREAM(23592): [eglDisplay.cpp(297)] Opening libGLESv2_emulation.so
03-29 20:36:21.986 I/artd    (  811): GetBestInfo: /data/user_de/0/com.google.android.gms/app_chimera/m/0000000e/dl-PlayCloudSearch.optional_260235100000.apk has no usable artifacts
03-29 20:36:21.996 I/artd    (  811): GetBestInfo: /data/user_de/0/com.google.android.gms/app_chimera/m/00000007/MeasurementDynamite.apk has no usable artifacts
03-29 20:36:22.087 W/HWUI    (23592): Failed to choose config with EGL_SWAP_BEHAVIOR_PRESERVED, retrying without...
03-29 20:36:22.088 W/HWUI    (23592): Failed to initialize 101010-2 format, error = EGL_SUCCESS
03-29 20:36:22.334 E/TaskPersister(  670): File error accessing recents directory (directory doesn't exist?).
03-29 20:36:22.378 W/unknown:BridgelessReact(23592): ReactHost{0}.startSurface(surfaceId = 0): Schedule
03-29 20:36:22.378 W/unknown:BridgelessReact(23592): ReactHost{0}.attachSurface(surfaceId = 0)
03-29 20:36:22.382 W/unknown:BridgelessReact(23592): ReactHost{0}.getOrCreateReactInstanceTask()
03-29 20:36:22.383 W/unknown:BridgelessReact(23592): ReactHost{0}.getOrCreateReactInstanceTask(): Start
03-29 20:36:22.383 W/unknown:BridgelessReact(23592): ReactHost{0}.getJSBundleLoader()
03-29 20:36:22.384 W/unknown:BridgelessReact(23592): ReactHost{0}.isMetroRunning()
03-29 20:36:22.392 W/WindowOnBackDispatcher(23592): OnBackInvokedCallback is not enabled for the application.
03-29 20:36:22.392 W/WindowOnBackDispatcher(23592): Set 'android:enableOnBackInvokedCallback="true"' in the application manifest.
03-29 20:36:22.410 W/unknown:BridgelessReact(23592): ReactHost{0}.onHostResume(activity)
03-29 20:36:22.410 W/unknown:ReactNative(23592): Packager connection already open, nooping.
03-29 20:36:22.428 W/HWUI    (23592): Unknown dataspace 0
03-29 20:36:22.458 W/InputChannel-JNI(  670): Channel already disposed.
03-29 20:36:22.472 D/VRI[MainActivity](23592): WindowInsets changed: 1080x2424 statusBars:[0,152,0,0] navigationBars:[0,0,0,59] mandatorySystemGestures:[0,181,0,78] 
03-29 20:36:22.475 W/skia    (  533): AGTM parsing failed flags.readFromStream(s) at 159
03-29 20:36:22.477 D/WindowOnBackDispatcher(23592): setTopOnBackInvokedCallback (unwrapped): android.view.ViewRootImpl$$ExternalSyntheticLambda13@4dc09b5
03-29 20:36:22.478 D/CoreBackPreview(  670): Window{94111f8 u0 com.weejobs.app/com.weejobs.app.MainActivity}: Setting back callback OnBackInvokedCallbackInfo{mCallback=android.window.IOnBackInvokedCallback$Stub$Proxy@14ffc37, mPriority=0, mIsAnimationCallback=false, mOverrideBehavior=0}
03-29 20:36:22.487 D/WindowManager(  670): setClientSurface Surface(name=VRI-com.weejobs.app/com.weejobs.app.MainActivity#261)/@0x77155a4 for 94111f8 com.weejobs.app/com.weejobs.app.MainActivity
03-29 20:36:22.495 I/Surface (23592): Creating surface for consumer unnamed-23592-0 with slotExpansion=1 for 64 slots
03-29 20:36:22.497 I/Surface (23592): Creating surface for consumer VRI[MainActivity]#0(BLAST Consumer)0 with slotExpansion=1 for 64 slots
03-29 20:36:22.627 W/skia    (  533): AGTM parsing failed flags.readFromStream(s) at 159
03-29 20:36:22.754 W/skia    (  533): AGTM parsing failed flags.readFromStream(s) at 159
03-29 20:36:22.975 I/FontLog (22468): (REDACTED) Received query %s, URI %s
03-29 20:36:22.976 I/FontLog (22468): (REDACTED) Query [%s] resolved to %s
03-29 20:36:22.980 I/FontLog (22468): (REDACTED) Fetch %s end status %s
03-29 20:36:22.990 I/FontLog (22468): (REDACTED) Pulling font file for id = %d, cache size = %d
03-29 20:36:23.016 I/HWUI    (23592): Using FreeType backend (prop=Auto)
03-29 20:36:23.037 I/FontLog (22468): (REDACTED) Pulling font file for id = %d, cache size = %d
03-29 20:36:23.063 D/ActivityManager(  670): freezing 23498 com.android.vending:background
03-29 20:36:23.063 I/keystore2(  335): system/security/keystore2/watchdog/src/lib.rs:371 - Watchdog thread idle -> terminating. Have a great day.
03-29 20:36:23.096 D/InetDiagMessage(  670): Destroyed 0 sockets, proto=IPPROTO_TCP, family=AF_INET, states=14
03-29 20:36:23.106 D/InetDiagMessage(  670): Destroyed 1 sockets, proto=IPPROTO_TCP, family=AF_INET6, states=14
03-29 20:36:23.107 D/InetDiagMessage(  670): Destroyed live tcp sockets for uids={10154} in 12ms
03-29 20:36:23.575 D/ActivityManager(  670): freezing 22707 com.google.android.apps.wellbeing
03-29 20:36:23.578 D/InetDiagMessage(  670): Destroyed 0 sockets, proto=IPPROTO_TCP, family=AF_INET, states=14
03-29 20:36:23.580 D/InetDiagMessage(  670): Destroyed 0 sockets, proto=IPPROTO_TCP, family=AF_INET6, states=14
03-29 20:36:23.580 D/InetDiagMessage(  670): Destroyed live tcp sockets for uids={10160} in 2ms
03-29 20:36:23.612 I/HalDevMgr(  670): bestIfaceCreationProposal is null, requestIface=STA, existingIface=[name=wlan0 type=STA]
03-29 20:36:23.612 I/AdbWifiNetworkMonitor(  670): Wi-Fi network available
03-29 20:36:23.612 I/AdbWifiNetworkMonitor(  670): Received the same Wi-Fi SSID. Ignoring.
03-29 20:36:23.632 D/IpClient/wlan0( 1223): interfaceLinkStateChanged: ifindex 16 up
03-29 20:36:23.652 I/NullBinder(22468): NullBinder for android.net.action.RECOMMEND_NETWORKS triggering remote TransactionTooLargeException due to Service without Chimera impl, calling uid: 1000, calling pid: 0
03-29 20:36:23.652 W/libbinder.Binder(22468): Large reply transaction of 1056768 bytes, interface descriptor , function: UNKNOWN_FUNCTION_NAME, code: 1, flags: 17
03-29 20:36:23.653 D/IpClient/wlan0( 1223): interfaceLinkStateChanged: ifindex 16 up
