03-29 23:03:27.116 15501 15524 I Finsky  : [55] Current account updated in PVS
03-29 23:03:27.116 15501 15524 I Finsky  : [55] Current account updated in PVS
03-29 23:03:27.116 15501 15524 I Finsky  : [55] Current account updated in PVS
03-29 23:03:27.117 15501 15524 I Finsky  : [55] Current account updated in PVS
03-29 23:03:27.117 15501 15524 I Finsky  : [55] Current account updated in PVS
03-29 23:03:27.117 15501 15524 I Finsky  : [55] Current account updated in PVS
03-29 23:03:27.117 15501 15524 I Finsky  : [55] Current account updated in PVS
03-29 23:03:27.117 15501 15524 I Finsky  : [55] Current account updated in PVS
03-29 23:03:27.117 15501 15524 I Finsky  : [55] Current account updated in PVS
03-29 23:03:27.117 15501 15524 I Finsky  : [55] Current account updated in PVS
03-29 23:03:27.117 15501 15524 I Finsky  : [55] Current account updated in PVS
03-29 23:03:27.117 15501 15524 I Finsky  : [55] Current account updated in PVS
03-29 23:03:27.117 15501 15524 I Finsky  : [55] Current account updated in PVS
03-29 23:03:27.117 15501 15524 I Finsky  : [55] Current account updated in PVS
03-29 23:03:27.117 15501 15524 I Finsky  : [55] Current account updated in PVS
03-29 23:03:27.117 15501 15524 I Finsky  : [55] Current account updated in PVS
03-29 23:03:27.117 15501 15524 I Finsky  : [55] Current account updated in PVS
03-29 23:03:27.118 15501 15524 I Finsky  : [55] Current account updated in PVS
03-29 23:03:27.118 15501 15524 I Finsky  : [55] Current account updated in PVS
03-29 23:03:27.118 15501 15524 I Finsky  : [55] Current account updated in PVS
03-29 23:03:27.118 15501 15524 I Finsky  : [55] Current account updated in PVS
03-29 23:03:27.118 15501 15524 I Finsky  : [55] Current account updated in PVS
03-29 23:03:27.119 15501 15524 I Finsky  : [55] Current account updated in PVS
03-29 23:03:27.119 15501 15524 I Finsky  : [55] Current account updated in PVS
03-29 23:03:27.119 15501 15524 I Finsky  : [55] Current account updated in PVS
03-29 23:03:27.119 15501 15524 I Finsky  : [55] Current account updated in PVS
03-29 23:03:27.127 15501 15521 I Finsky  : [52] Current account updated in PVS
03-29 23:03:27.128 15501 15521 I Finsky  : [52] Current account updated in PVS
03-29 23:03:27.128   484   484 I Zygote  : Process 4786 exited due to signal 9 (Killed)
03-29 23:03:27.128 15501 15521 I Finsky  : [52] Current account updated in PVS
03-29 23:03:27.129 15501 15521 I Finsky  : [52] Current account updated in PVS
03-29 23:03:27.129 15501 15524 I Finsky  : [55] Current account updated in PVS
03-29 23:03:27.130 15501 15524 I Finsky  : [55] Current account updated in PVS
03-29 23:03:27.149 15501 15524 I Finsky  : [55] Current account updated in PVS
03-29 23:03:27.149 15501 15524 I Finsky  : [55] Current account updated in PVS
03-29 23:03:27.149 15501 15524 I Finsky  : [55] Current account updated in PVS
03-29 23:03:27.150 15501 15524 I Finsky  : [55] Current account updated in PVS
03-29 23:03:27.150 15501 15524 I Finsky  : [55] Current account updated in PVS
03-29 23:03:27.151 15501 15524 I Finsky  : [55] Current account updated in PVS
03-29 23:03:27.151 15501 15524 I Finsky  : [55] Current account updated in PVS
03-29 23:03:27.151 15501 15524 I Finsky  : [55] Current account updated in PVS
03-29 23:03:27.156   703  1303 I ActivityManager: Process android.process.acore (pid 4786) has died: cch+75 CEM 
03-29 23:03:27.157   703   772 D CountryDetector: No listener is left
03-29 23:03:27.161   703   738 I libprocessgroup: Removed cgroup /sys/fs/cgroup/apps/uid_10095/pid_4786
03-29 23:03:27.166   703   727 V WindowManager: Sent Transition (#41) createdAt=03-29 23:03:25.581 via request=TransitionRequestInfo { type = OPEN, triggerTask = TaskInfo{userId=0 taskId=19 effectiveUid=10220 displayId=0 isRunning=true baseIntent=Intent { flg=0x10000000 cmp=com.weejobs.app/.MainActivity } baseActivity=ComponentInfo{com.weejobs.app/com.weejobs.app.MainActivity} topActivity=ComponentInfo{com.weejobs.app/com.weejobs.app.MainActivity} origActivity=null realActivity=ComponentInfo{com.weejobs.app/com.weejobs.app.MainActivity} numActivities=1 lastActiveTime=29535148 supportsMultiWindow=true resizeMode=1 isResizeable=true minWidth=-1 minHeight=-1 defaultMinSize=220 token=WCT{RemoteToken{41e6428 Task{69786ea #19 type=standard A=10220:com.weejobs.app}}} topActivityType=1 pictureInPictureParams=null shouldDockBigOverlays=false launchIntoPipHostTaskId=-1 lastParentTaskIdBeforePip=-1 displayCutoutSafeInsets=Rect(0, 0 - 0, 0) topActivityInfo=ActivityInfo{2650541 com.weejobs.app.MainActivity} launchCookies=[] positionInParent=Point(0, 0) parentTaskId=-1 isFocused=false isVisible=false isVisibleRequested=false isTopActivityNoDisplay=false isSleeping=false locusId=null displayAreaFeatureId=1 isTopActivityTransparent=false isActivityStackTransparent=false lastNonFullscreenBounds=Rect(269, 600 - 812, 1680) capturedLink=null capturedLinkTimestamp=0 requestedVisibleTypes=-9 topActivityRequestOpenInBrowserEducationTimestamp=0 appCompatTaskInfo=AppCompatTaskInfo { topActivityInSizeCompat=false eligibleForLetterboxEducation= false isLetterboxEducationEnabled= true isLetterboxDoubleTapEnabled= false eligibleForUserAspectRatioButton= false topActivityBoundsLetterboxed= false isFromLetterboxDoubleTap= false topActivityLetterboxVerticalPosition= -1 topActivityLetterboxHorizontalPosition= -1 topActivityLetterboxWidth=-1 topActivityLetterboxHeight=-1 topActivityAppBounds=Rect(0, 0 - 1080, 2280) isUserFullscreenOverrideEnabled=false isSystemFullscreenOverrideEnabled=false hasMinAspectRatioOverride=false topActivityLetterboxBounds=null cameraCompatTaskInfo=CameraCompatTaskInfo { freeformCameraCompatMode=inactive}} topActivityMainWindowFrame=null}, pipChange = null, remoteTransition = null, displayChange = null, flags = 0, debugId = 41 }
03-29 23:03:27.166   703   727 V WindowManager:     startWCT=WindowContainerTransaction { changes= {} hops= [] errorCallbackToken=null taskFragmentOrganizer=null }
03-29 23:03:27.166   703   727 V WindowManager:     info={id=41 t=OPEN f=0x0 trk=0 r=[0@Point(0, 0)] c=[
03-29 23:03:27.166   703   727 V WindowManager:         {WCT{RemoteToken{41e6428 Task{69786ea #19 type=standard A=10220:com.weejobs.app}}} m=OPEN f=NONE leash=Surface(name=Task=19)/@0xffb803c sb=Rect(0, 0 - 1080, 2280) eb=Rect(0, 0 - 1080, 2280) epz=Point(1080, 2280) d=0 taskParent=-1},
03-29 23:03:27.166   703   727 V WindowManager:         {WCT{RemoteToken{6fcd05a Task{1012253 #1 type=home}}} m=TO_BACK f=SHOW_WALLPAPER leash=Surface(name=Task=1)/@0xa5ce576 sb=Rect(0, 0 - 1080, 2280) eb=Rect(0, 0 - 1080, 2280) epz=Point(1080, 2280) d=0 taskParent=-1},
03-29 23:03:27.166   703   727 V WindowManager:         {m=TO_BACK f=IS_WALLPAPER leash=Surface(name=WallpaperWindowToken{e7a54e5 showWhenLocked=false})/@0x78011 sb=Rect(0, 0 - 1080, 2280) eb=Rect(0, 0 - 1080, 2280) epz=Point(1080, 2280) d=0}
03-29 23:03:27.166   703   727 V WindowManager:     ]}
03-29 23:03:27.166  1308 26523 I .gms.persistent: AssetManager2(0x769a6c9580d8) locale list changing from [] to [en-US]
03-29 23:03:27.187 15501 15522 I Finsky  : [53] Current account updated in PVS
03-29 23:03:27.187 15501 15522 I Finsky  : [53] Current account updated in PVS
03-29 23:03:27.188 15501 15522 I Finsky  : [53] Current account updated in PVS
03-29 23:03:27.194 15501 15522 I Finsky  : [53] Current account updated in PVS
03-29 23:03:27.194 15501 15531 I Finsky  : [59] SCH: Scheduling phonesky job Id: 26-1414141414, CT: 1774821103740, Constraints: [{ L: 43200000, D: 44100000, C: CHARGING_NONE, I: IDLE_NONE, N: NET_NONE, B: BATTERY_ANY }]
03-29 23:03:27.215 15501 15521 I Finsky  : [52] Current account updated in PVS
03-29 23:03:27.216 15501 15521 I Finsky  : [52] Current account updated in PVS
03-29 23:03:27.218 15501 15521 I Finsky  : [52] Current account updated in PVS
03-29 23:03:27.219 15501 15524 I Finsky  : [55] Current account updated in PVS
03-29 23:03:27.220 15501 15524 I Finsky  : [55] Current account updated in PVS
03-29 23:03:27.222 15501 15501 E Finsky  : [2] bmou failed GRPC call!
03-29 23:03:27.222 15501 15501 E Finsky  : java.lang.UnsupportedOperationException: Unauth not supported in gRPC BrowseService.
03-29 23:03:27.222 15501 15501 E Finsky  : 	at zea.c(PG:155)
03-29 23:03:27.222 15501 15501 E Finsky  : 	at thn.b(PG:649)
03-29 23:03:27.222 15501 15501 E Finsky  : 	at thn.a(PG:154)
03-29 23:03:27.222 15501 15501 E Finsky  : 	at org.chromium.net.AndroidNetworkLibrary.q(PG:14)
03-29 23:03:27.222 15501 15501 E Finsky  : 	at bxwq.i(PG:29)
03-29 23:03:27.222 15501 15501 E Finsky  : 	at bxwq.j(PG:12)
03-29 23:03:27.222 15501 15501 E Finsky  : 	at zdz.b(PG:36)
03-29 23:03:27.222 15501 15501 E Finsky  : 	at zdz.kl(PG:21)
03-29 23:03:27.222 15501 15501 E Finsky  : 	at rla.b(PG:25)
03-29 23:03:27.222 15501 15501 E Finsky  : 	at bxuo.ok(PG:5)
03-29 23:03:27.222 15501 15501 E Finsky  : 	at bybs.run(PG:109)
03-29 23:03:27.222 15501 15501 E Finsky  : 	at java.util.concurrent.ThreadPoolExecutor.runWorker(ThreadPoolExecutor.java:1156)
03-29 23:03:27.222 15501 15501 E Finsky  : 	at java.util.concurrent.ThreadPoolExecutor$Worker.run(ThreadPoolExecutor.java:651)
03-29 23:03:27.222 15501 15501 E Finsky  : 	at trm.run(PG:613)
03-29 23:03:27.222 15501 15501 E Finsky  : 	at java.lang.Thread.run(Thread.java:1119)
03-29 23:03:27.268   484   484 I Zygote  : Process 20715 exited due to signal 9 (Killed)
03-29 23:03:27.273   703  2018 I ActivityManager: Process com.android.providers.calendar (pid 20715) has died: cch+65 CEM 
03-29 23:03:27.274 15501 15530 I Finsky  : [58] Not an active Cubes user. Ignoring package install/uninstall event.
03-29 23:03:27.274 15501 15530 I Finsky  : [58] SCH: Scheduling 1 system job(s)
03-29 23:03:27.274 15501 15530 W JobInfo : Job 'com.android.vending/com.google.android.finsky.scheduler.process.mainimpl.PhoneskyJobServiceMain#9976' has a deadline with no functional constraints. The deadline won't improve job execution latency. Consider removing the deadline.
03-29 23:03:27.274 15501 15530 I Finsky  : [58] SCH: Scheduling system job Id: 9976, L: 13696466, D: 14596466, C: false, I: false, N: 0
03-29 23:03:27.275   703  1693 W JobInfo : Job 'com.android.vending/com.google.android.finsky.scheduler.process.mainimpl.PhoneskyJobServiceMain#9976' has a deadline with no functional constraints. The deadline won't improve job execution latency. Consider removing the deadline.
03-29 23:03:27.278 15501 15530 E Finsky  : [58] ItemStore: getItems RPC failed for item com.weejobs.app
03-29 23:03:27.283 15501 15520 I Finsky  : [51] Current account updated in PVS
03-29 23:03:27.294  1308 26522 W NetworkScheduler: Unexpected forwarded intent: Intent { act=android.intent.action.PACKAGE_ADDED dat=package: flg=0x4000010 pkg=com.google.android.gms cmp=com.google.android.gms/.chimera.PersistentIntentOperationService (has extras) }
03-29 23:03:27.300   484   484 I Zygote  : Process 3846 exited due to signal 9 (Killed)
03-29 23:03:27.302   703   738 I libprocessgroup: Removed cgroup /sys/fs/cgroup/apps/uid_10097/pid_20715
03-29 23:03:27.310 15501 15520 I Finsky  : [51] Current account updated in PVS
03-29 23:03:27.310 15501 15520 I Finsky  : [51] Current account updated in PVS
03-29 23:03:27.310 15501 15520 I Finsky  : [51] Current account updated in PVS
03-29 23:03:27.310 15501 15520 I Finsky  : [51] Current account updated in PVS
03-29 23:03:27.318   703  1693 V SafetySourceDataValidat: Package: com.android.vending has expected signature
03-29 23:03:27.318   703  1693 V SafetySourceDataValidat: Package: com.android.vending has expected signature
03-29 23:03:27.329   703   854 D ConnectivityService: releasing NetworkRequest [ REQUEST id=189, [ Capabilities: INTERNET&NOT_RESTRICTED&TRUSTED&NOT_VCN_MANAGED&NOT_BANDWIDTH_CONSTRAINED Uid: 10170 RequestorUid: 10170 RequestorPkg: com.google.android.apps.photos UnderlyingNetworks: Null] ] (release request)
03-29 23:03:27.332   703   738 I libprocessgroup: Removed cgroup /sys/fs/cgroup/apps/uid_10170/pid_3846
03-29 23:03:27.337   703  1910 I ActivityManager: Process com.google.android.apps.photos (pid 3846) has died: cch+55 CEM 
03-29 23:03:27.337  1087  1087 I Choreographer: Skipped 49 frames!  The application may be doing too much work on its main thread.
03-29 23:03:27.353   703   800 D ActivityManager: freezing 18919 android.process.media
03-29 23:03:27.374 15501 15520 I Finsky  : [51] Current account updated in PVS
03-29 23:03:27.378 15501 26477 I Finsky  : [202] SCH: job service finished with id 9973.
03-29 23:03:27.393   703  2019 I ActivityManager: Process com.android.externalstorage (pid 18910) has died: cch+65 CEM 
03-29 23:03:27.396 15501 15501 I Finsky  : [2] Memory trim requested to level 40
03-29 23:03:27.396 15501 15501 I Finsky  : [2] Flushing in-memory image cache
03-29 23:03:27.428  1087  1132 W HWUI    : Image decoding logging dropped!
03-29 23:03:27.429  1087  1132 D AlphabeticIndexCompat: computeSectionName: cs: WeeJobs sectionName: W
03-29 23:03:27.435   703   854 D InetDiagMessage: Destroyed 0 sockets, proto=IPPROTO_TCP, family=AF_INET, states=14
03-29 23:03:27.435   703   854 D InetDiagMessage: Destroyed 0 sockets, proto=IPPROTO_TCP, family=AF_INET6, states=14
03-29 23:03:27.435   703   854 D InetDiagMessage: Destroyed live tcp sockets for uids={10101} in 1ms
03-29 23:03:27.456 15618 26512 I Dck     : (REDACTED) disableDckSupport: %s
03-29 23:03:27.470   949 15245 V WindowManagerShell: onTransitionReady(transaction=3019362010829)
03-29 23:03:27.475 15501 15524 I Finsky  : [55] Current account updated in PVS
03-29 23:03:27.476   703  1927 I ActivityManager: Process com.google.android.documentsui (pid 18877) has died: cch+35 CEM 
03-29 23:03:27.478   703   738 I libprocessgroup: Removed cgroup /sys/fs/cgroup/apps/uid_10102/pid_18910
03-29 23:03:27.479   703   738 I libprocessgroup: Removed cgroup /sys/fs/cgroup/apps/uid_10104/pid_18877
03-29 23:03:27.522 15618 26512 E Dck     : Could not get ProviderInfo when resolving the content provider authority. [CONTEXT service_id=289 ]
03-29 23:03:27.522 15618 26512 E Dck     : Samsung Content Provider failed app verification [CONTEXT service_id=289 ]
03-29 23:03:27.522 15618 26512 W Dck     : [WirelessCapabilitiesFeatures] wccSysProp: 0 [CONTEXT service_id=289 ]
03-29 23:03:27.522 15618 26512 I Dck     : [WirelessCapabilitiesFeatures] wccMendel: 3 [CONTEXT service_id=289 ]
03-29 23:03:27.522 15618 26512 I Dck     : [WirelessCapabilitiesFeatures] deviceWccOverride: false [CONTEXT service_id=289 ]
03-29 23:03:27.522 15618 26512 I Dck     : [WirelessCapabilitiesFeatures] replaceSupportedWccWithWccOverride: true [CONTEXT service_id=289 ]
03-29 23:03:27.522 15618 26512 I Dck     : [WirelessCapabilitiesFeatures] wccOverride: not set [CONTEXT service_id=289 ]
03-29 23:03:27.525   949  1036 V WindowManagerShell: onTransitionReady (#41) android.os.BinderProxy@8c8128c: {id=41 t=OPEN f=0x0 trk=0 r=[0@Point(0, 0)] c=[
03-29 23:03:27.525   949  1036 V WindowManagerShell:         {m=OPEN f=NONE leash=Surface(name=Task=19)/@0xe8aa19a sb=Rect(0, 0 - 1080, 2280) eb=Rect(0, 0 - 1080, 2280) epz=Point(1080, 2280) d=0 taskParent=-1},
03-29 23:03:27.525   949  1036 V WindowManagerShell:         {m=TO_BACK f=SHOW_WALLPAPER leash=Surface(name=Task=1)/@0x55feacb sb=Rect(0, 0 - 1080, 2280) eb=Rect(0, 0 - 1080, 2280) epz=Point(1080, 2280) d=0 taskParent=-1},
03-29 23:03:27.525   949  1036 V WindowManagerShell:         {m=TO_BACK f=IS_WALLPAPER leash=Surface(name=WallpaperWindowToken{e7a54e5 showWhenLocked=false})/@0x76302a8 sb=Rect(0, 0 - 1080, 2280) eb=Rect(0, 0 - 1080, 2280) epz=Point(1080, 2280) d=0}
03-29 23:03:27.525   949  1036 V WindowManagerShell:     ]}
03-29 23:03:27.528   484   484 I Zygote  : Process 18877 exited due to signal 9 (Killed)
03-29 23:03:27.528   484   484 I Zygote  : Process 18910 exited due to signal 9 (Killed)
03-29 23:03:27.541 15618 26512 I Dck     : (REDACTED) [WirelessCapabilitiesFeatures] returned wcc: %s
03-29 23:03:27.544 15618 26512 I Dck     : Dck module condition - hasWccSupport: false [CONTEXT service_id=289 ]
03-29 23:03:27.544 15618 26512 I Dck     : Dck module condition - downloadAllowed: false [CONTEXT service_id=289 ]
03-29 23:03:27.544 15618 26512 W Dck     : Dck module not eligible for asynchronous downloading [CONTEXT service_id=289 ]
03-29 23:03:27.554  1308 26523 I Fitness : (REDACTED) OnPackageChangedOperation got intent: %s
03-29 23:03:27.600 26519 26519 I com.weejobs.app: Using CollectorTypeCMC GC.
03-29 23:03:27.606  1087  1606 I HWUI    : Davey! duration=878ms; Flags=0, FrameTimelineVsyncId=10141282, IntendedVsync=29535840103488, Vsync=29536656770122, InputEventId=0, HandleInputStart=29536659261562, AnimationStart=29536659262339, PerformTraversalsStart=29536659351484, DrawStart=29536659408482, FrameDeadline=29536356770134, FrameStartTime=29536659068938, FrameInterval=16666666, WorkloadTarget=16666666, SyncQueued=29536661754163, SyncStart=29536662083371, IssueDrawCommandsStart=29536662644738, SwapBuffers=29536690248054, FrameCompleted=29536719081446, DequeueBufferDuration=2204, QueueBufferDuration=454360, GpuCompleted=29536719009556, SwapBuffersCompleted=29536719081446, DisplayPresentTime=0, CommandSubmissionCompleted=29536690248054, 
03-29 23:03:27.614  1087  1087 D AllAppsStore: setApps: apps.length=21
03-29 23:03:27.614  1087  1087 D AllAppsStore: notifyUpdate: notifying listeners
03-29 23:03:27.614  1087  1087 D ActivityAllAppsContainerView: onAppsUpdated; number of apps: 21
03-29 23:03:27.614  1087  1087 D ActivityAllAppsContainerView: rebindAdapters: force: false
03-29 23:03:27.614  1087  1087 D ActivityAllAppsContainerView: rebindAdapters: Not needed.
03-29 23:03:27.614  1087  1087 D StatsLog: LAUNCHER_ALLAPPS_COUNT
03-29 23:03:27.614  1087  1087 D AlphabeticalAppsList: Clearing FastScrollerSections.
03-29 23:03:27.614  1087  1087 D AlphabeticalAppsList: Adding apps with sections. HasPrivateApps: false
03-29 23:03:27.614  1087  1087 D AlphabeticalAppsList: addAppsWithSections: adding sectionName: C with appInfoTitle: Calendar
03-29 23:03:27.614  1087  1087 D AlphabeticalAppsList: addAppsWithSections: adding sectionName: D with appInfoTitle: Drive
03-29 23:03:27.614  1087  1087 D AlphabeticalAppsList: addAppsWithSections: adding sectionName: F with appInfoTitle: Files
03-29 23:03:27.614  1087  1087 D AlphabeticalAppsList: addAppsWithSections: adding sectionName: G with appInfoTitle: Gmail
03-29 23:03:27.614  1087  1087 D AlphabeticalAppsList: addAppsWithSections: adding sectionName: M with appInfoTitle: Maps
03-29 23:03:27.614  1087  1087 D AlphabeticalAppsList: addAppsWithSections: adding sectionName: P with appInfoTitle: Phone
03-29 23:03:27.614  1087  1087 D AlphabeticalAppsList: addAppsWithSections: adding sectionName: S with appInfoTitle: Safety
03-29 23:03:27.614  1087  1087 D AlphabeticalAppsList: addAppsWithSections: adding sectionName: T with appInfoTitle: TMoble
03-29 23:03:27.614  1087  1087 D AlphabeticalAppsList: addAppsWithSections: adding sectionName: V with appInfoTitle: Voice Access
03-29 23:03:27.614  1087  1087 D AlphabeticalAppsList: addAppsWithSections: adding sectionName: W with appInfoTitle: WeeJobs
03-29 23:03:27.614  1087  1087 D AlphabeticalAppsList: addAppsWithSections: adding sectionName: Y with appInfoTitle: YouTube
03-29 23:03:27.614  1087  1087 D AlphabeticalAppsList: Adding FastScrollSection duplicate to scroll to the bottom.
03-29 23:03:27.614  1087  1087 D AlphabeticalAppsList: Clearing FastScrollerSections.
03-29 23:03:27.615  1087  1087 D AlphabeticalAppsList: Adding apps with sections. HasPrivateApps: false
03-29 23:03:27.615  1087  1087 D AlphabeticalAppsList: addAppsWithSections: adding sectionName: C with appInfoTitle: Calendar
03-29 23:03:27.615  1087  1087 D AlphabeticalAppsList: addAppsWithSections: adding sectionName: D with appInfoTitle: Drive
03-29 23:03:27.615  1087  1087 D AlphabeticalAppsList: addAppsWithSections: adding sectionName: F with appInfoTitle: Files
03-29 23:03:27.615  1087  1087 D AlphabeticalAppsList: addAppsWithSections: adding sectionName: G with appInfoTitle: Gmail
03-29 23:03:27.615  1087  1087 D AlphabeticalAppsList: addAppsWithSections: adding sectionName: M with appInfoTitle: Maps
03-29 23:03:27.615  1087  1087 D AlphabeticalAppsList: addAppsWithSections: adding sectionName: P with appInfoTitle: Phone
03-29 23:03:27.615  1087  1087 D AlphabeticalAppsList: addAppsWithSections: adding sectionName: S with appInfoTitle: Safety
03-29 23:03:27.615  1087  1087 D AlphabeticalAppsList: addAppsWithSections: adding sectionName: T with appInfoTitle: TMoble
03-29 23:03:27.615  1087  1087 D AlphabeticalAppsList: addAppsWithSections: adding sectionName: V with appInfoTitle: Voice Access
03-29 23:03:27.615  1087  1087 D AlphabeticalAppsList: addAppsWithSections: adding sectionName: W with appInfoTitle: WeeJobs
03-29 23:03:27.615  1087  1087 D AlphabeticalAppsList: addAppsWithSections: adding sectionName: Y with appInfoTitle: YouTube
03-29 23:03:27.615  1087  1087 D AlphabeticalAppsList: Adding FastScrollSection duplicate to scroll to the bottom.
03-29 23:03:27.627   703  1679 I ActivityManager: Process com.google.android.partnersetup (pid 15252) has died: cch+45 CEM 
03-29 23:03:27.629   703   738 I libprocessgroup: Removed cgroup /sys/fs/cgroup/apps/uid_10139/pid_15252
03-29 23:03:27.630 15618 26509 I NearbyDiscovery: (REDACTED) processGrantSlicePermission: %s
03-29 23:03:27.635  1308 26522 I Fitness : (REDACTED) FitCleanupIntentOperation received Intent %s
03-29 23:03:27.641 26519 26519 W com.weejobs.app: Unexpected CPU variant for x86: x86_64.
03-29 23:03:27.641 26519 26519 W com.weejobs.app: Known variants: atom, sandybridge, silvermont, goldmont, goldmont-plus, goldmont-without-sha-xsaves, tremont, kabylake, alderlake, default
03-29 23:03:27.685   703   728 W Looper  : Slow delivery took 209ms android.ui app=system_server main=false group=TOP_APP h=com.android.server.am.ActivityManagerService$UiHandler c=null m=32
03-29 23:03:27.729  1062  1313 D SatelliteController: iisInCarrierRoamingNbIotNtn: satellite is disabled
03-29 23:03:27.760  1087  1087 D BaseAllAppsAdapter: onBindViewHolder: isPrivateSpaceItem: false isStateTransitioning: false isScrolling: false readyToAnimate: false currentState: 0 currentAlpha: 1.0
03-29 23:03:27.761  1087  1087 D BaseAllAppsAdapter: onBindViewHolder: isPrivateSpaceItem: false isStateTransitioning: false isScrolling: false readyToAnimate: false currentState: 0 currentAlpha: 1.0
03-29 23:03:27.761  1087  1087 D BaseAllAppsAdapter: onBindViewHolder: isPrivateSpaceItem: false isStateTransitioning: false isScrolling: false readyToAnimate: false currentState: 0 currentAlpha: 1.0
03-29 23:03:27.761  1087  1087 D BaseAllAppsAdapter: onBindViewHolder: isPrivateSpaceItem: false isStateTransitioning: false isScrolling: false readyToAnimate: false currentState: 0 currentAlpha: 1.0
03-29 23:03:27.761  1087  1087 D BaseAllAppsAdapter: onBindViewHolder: isPrivateSpaceItem: false isStateTransitioning: false isScrolling: false readyToAnimate: false currentState: 0 currentAlpha: 1.0
03-29 23:03:27.767   484   484 I Zygote  : Process 15252 exited due to signal 9 (Killed)
03-29 23:03:27.807  1087  1087 D BaseAllAppsAdapter: onBindViewHolder: isPrivateSpaceItem: false isStateTransitioning: false isScrolling: false readyToAnimate: false currentState: 0 currentAlpha: 1.0
03-29 23:03:27.808  1087  1087 D BaseAllAppsAdapter: onBindViewHolder: isPrivateSpaceItem: false isStateTransitioning: false isScrolling: false readyToAnimate: false currentState: 0 currentAlpha: 1.0
03-29 23:03:27.808  1087  1087 D BaseAllAppsAdapter: onBindViewHolder: isPrivateSpaceItem: false isStateTransitioning: false isScrolling: false readyToAnimate: false currentState: 0 currentAlpha: 1.0
03-29 23:03:27.808  1087  1087 D BaseAllAppsAdapter: onBindViewHolder: isPrivateSpaceItem: false isStateTransitioning: false isScrolling: false readyToAnimate: false currentState: 0 currentAlpha: 1.0
03-29 23:03:27.808  1087  1087 D BaseAllAppsAdapter: onBindViewHolder: isPrivateSpaceItem: false isStateTransitioning: false isScrolling: false readyToAnimate: false currentState: 0 currentAlpha: 1.0
03-29 23:03:27.808  1087  1087 D BaseAllAppsAdapter: onBindViewHolder: isPrivateSpaceItem: false isStateTransitioning: false isScrolling: false readyToAnimate: false currentState: 0 currentAlpha: 1.0
03-29 23:03:27.808  1087  1087 D BaseAllAppsAdapter: onBindViewHolder: isPrivateSpaceItem: false isStateTransitioning: false isScrolling: false readyToAnimate: false currentState: 0 currentAlpha: 1.0
03-29 23:03:27.808  1087  1087 D BaseAllAppsAdapter: onBindViewHolder: isPrivateSpaceItem: false isStateTransitioning: false isScrolling: false readyToAnimate: false currentState: 0 currentAlpha: 1.0
03-29 23:03:27.808  1087  1087 D BaseAllAppsAdapter: onBindViewHolder: isPrivateSpaceItem: false isStateTransitioning: false isScrolling: false readyToAnimate: false currentState: 0 currentAlpha: 1.0
03-29 23:03:27.808  1087  1087 D BaseAllAppsAdapter: onBindViewHolder: isPrivateSpaceItem: false isStateTransitioning: false isScrolling: false readyToAnimate: false currentState: 0 currentAlpha: 1.0
03-29 23:03:27.809  1087  1087 D BaseAllAppsAdapter: onBindViewHolder: isPrivateSpaceItem: false isStateTransitioning: false isScrolling: false readyToAnimate: false currentState: 0 currentAlpha: 1.0
03-29 23:03:27.809  1087  1087 D BaseAllAppsAdapter: onBindViewHolder: isPrivateSpaceItem: false isStateTransitioning: false isScrolling: false readyToAnimate: false currentState: 0 currentAlpha: 1.0
03-29 23:03:27.855   565   582 I adbd    : jdwp connection from 26519
03-29 23:03:27.856  1087  1087 D BaseAllAppsAdapter: onBindViewHolder: isPrivateSpaceItem: false isStateTransitioning: false isScrolling: false readyToAnimate: false currentState: 0 currentAlpha: 1.0
03-29 23:03:27.856  1087  1087 D BaseAllAppsAdapter: onBindViewHolder: isPrivateSpaceItem: false isStateTransitioning: false isScrolling: false readyToAnimate: false currentState: 0 currentAlpha: 1.0
03-29 23:03:27.856  1087  1087 D BaseAllAppsAdapter: onBindViewHolder: isPrivateSpaceItem: false isStateTransitioning: false isScrolling: false readyToAnimate: false currentState: 0 currentAlpha: 1.0
03-29 23:03:27.856  1087  1087 D BaseAllAppsAdapter: onBindViewHolder: isPrivateSpaceItem: false isStateTransitioning: false isScrolling: false readyToAnimate: false currentState: 0 currentAlpha: 1.0
03-29 23:03:27.924 15618 18643 I Icing   : Indexing com.google.android.gms-apps from com.google.android.gms
03-29 23:03:27.927   703   728 W Looper  : Slow dispatch took 151ms android.ui app=system_server main=false group=TOP_APP h=com.android.server.am.ActivityManagerService$UiHandler c=com.android.server.am.UidObserverController$$ExternalSyntheticLambda0@762fc5d m=0
03-29 23:03:27.953   703  1930 I ActivityManager: Process com.android.vending:instant_app_installer (pid 14922) has died: cch+85 CEM 
03-29 23:03:27.954   484   484 I Zygote  : Process 14922 exited due to signal 9 (Killed)
03-29 23:03:27.956   703   738 I libprocessgroup: Removed cgroup /sys/fs/cgroup/apps/uid_10146/pid_14922
03-29 23:03:27.968  1308  1308 D BoundBrokerSvc: onUnbind: Intent { act=com.google.android.gms.instantapps.START xflg=0x4 pkg=com.google.android.gms }
03-29 23:03:27.989   703   728 W Looper  : Drained
03-29 23:03:28.002   949  1036 V WindowManagerShell: Playing animation for (#41) android.os.BinderProxy@8c8128c@0
03-29 23:03:28.014 26519 26519 D nativeloader: Load libframework-connectivity-tiramisu-jni.so using APEX ns com_android_tethering for caller /apex/com.android.tethering/javalib/framework-connectivity-t.jar: ok
03-29 23:03:28.017   949  1036 V ShellRecents: RecentsTransitionHandler.startAnimation: no controller found
03-29 23:03:28.017   949  1036 V WindowManagerShell: Transition doesn't have explicit remote, search filters for match for {id=41 t=OPEN f=0x0 trk=0 r=[0@Point(0, 0)] c=[{m=OPEN f=NONE leash=Surface(name=Task=19)/@0xe8aa19a sb=Rect(0, 0 - 1080, 2280) eb=Rect(0, 0 - 1080, 2280) epz=Point(1080, 2280) d=0 taskParent=-1},{m=TO_BACK f=SHOW_WALLPAPER leash=Surface(name=Task=1)/@0x55feacb sb=Rect(0, 0 - 1080, 2280) eb=Rect(0, 0 - 1080, 2280) epz=Point(1080, 2280) d=0 taskParent=-1},{m=TO_BACK f=IS_WALLPAPER leash=Surface(name=WallpaperWindowToken{e7a54e5 showWhenLocked=false})/@0x76302a8 sb=Rect(0, 0 - 1080, 2280) eb=Rect(0, 0 - 1080, 2280) epz=Point(1080, 2280) d=0}]}
03-29 23:03:28.022   949  1036 V WindowManagerShell:  Checking filter Pair{{types=[] flags=0x0] notFlags=0x0 checks=[{atype=undefined independent=true modes=[CLOSE,TO_BACK] flags=IN_TASK_WITH_EMBEDDED_ACTIVITY mustBeTask=false order=ANY topActivity=null launchCookie=null taskFragmentToken=android.os.BinderProxy@12c4800 windowingMode=undefined}]} RemoteTransition { remoteTransition = android.window.IRemoteTransition$Stub$Proxy@dcad839, appThread = android.app.IApplicationThread$Stub$Proxy@2559e7e, debugName = overlayBackTransition }}
03-29 23:03:28.024   949  1036 V WindowManagerShell:  Checking filter Pair{{types=[] flags=0x0] notFlags=0x0 checks=[{atype=dream independent=true modes=[OPEN,TO_FRONT] flags=NONE mustBeTask=false order=ANY topActivity=null launchCookie=null windowingMode=undefined},{atype=home independent=true modes=[CLOSE,TO_BACK] flags=NONE mustBeTask=false order=ANY topActivity=null launchCookie=null windowingMode=undefined}]} RemoteTransition { remoteTransition = android.window.IRemoteTransition$Stub$Proxy@8330fdf, appThread = android.app.IApplicationThread$Stub$Proxy@20de42c, debugName = LauncherToDream }}
03-29 23:03:28.024   949  1036 V WindowManagerShell:  Checking filter Pair{{types=[] flags=0x0] notFlags=0x100 checks=[{atype=home independent=true modes=[OPEN,TO_FRONT] flags=NONE mustBeTask=false order=TOP topActivity=ComponentInfo{com.google.android.apps.nexuslauncher/com.google.android.apps.nexuslauncher.NexusLauncherActivity} launchCookie=null windowingMode=undefined},{atype=standard independent=true modes=[CLOSE,TO_BACK] flags=NONE mustBeTask=false order=ANY topActivity=null launchCookie=null windowingMode=undefined},{NOT atype=undefined independent=true modes=[] flags=NONE mustBeTask=true order=ANY topActivity=null launchCookie=null customAnim=true windowingMode=undefined}]} RemoteTransition { remoteTransition = android.window.IRemoteTransition$Stub$Proxy@177bef5, appThread = android.app.IApplicationThread$Stub$Proxy@2a9248a, debugName = QuickstepLaunchHome }}
03-29 23:03:28.024   949  1036 V WindowManagerShell:  Delegate animation for (#41) to null
03-29 23:03:28.024   949  1036 V WindowManagerShell: start default transition animation, info = {id=41 t=OPEN f=0x0 trk=0 r=[0@Point(0, 0)] c=[{m=OPEN f=NONE leash=Surface(name=Task=19)/@0xe8aa19a sb=Rect(0, 0 - 1080, 2280) eb=Rect(0, 0 - 1080, 2280) epz=Point(1080, 2280) d=0 taskParent=-1},{m=TO_BACK f=SHOW_WALLPAPER leash=Surface(name=Task=1)/@0x55feacb sb=Rect(0, 0 - 1080, 2280) eb=Rect(0, 0 - 1080, 2280) epz=Point(1080, 2280) d=0 taskParent=-1},{m=TO_BACK f=IS_WALLPAPER leash=Surface(name=WallpaperWindowToken{e7a54e5 showWhenLocked=false})/@0x76302a8 sb=Rect(0, 0 - 1080, 2280) eb=Rect(0, 0 - 1080, 2280) epz=Point(1080, 2280) d=0}]}
03-29 23:03:28.045   949  1036 V WindowManagerShell: loadAnimation: anim=android.view.animation.AnimationSet@240e843 animAttr=0x13 type=OPEN isEntrance=false
03-29 23:03:28.053   703  1512 I ActivityManager: Process com.google.android.apps.safetyhub (pid 21029) has died: cch+55 CEM 
03-29 23:03:28.063 15618 15618 D BoundBrokerSvc: onUnbind: Intent { act=com.google.android.mobstore.service.START xflg=0x4 pkg=com.google.android.gms }
03-29 23:03:28.098   949  1036 V WindowManagerShell: loadAnimation: anim=android.view.animation.AnimationSet@b7fc59f animAttr=0x12 type=OPEN isEntrance=true
03-29 23:03:28.099   703   738 I libprocessgroup: Removed cgroup /sys/fs/cgroup/apps/uid_10143/pid_21029
03-29 23:03:28.102   484   484 I Zygote  : Process 21029 exited due to signal 9 (Killed)
03-29 23:03:28.109   949  1036 V WindowManagerShell:  animated by com.android.wm.shell.transition.DefaultTransitionHandler@1d2282c
03-29 23:03:28.185 15618 15622 W gle.android.gms: Suspending all threads took: 36.875ms
03-29 23:03:28.305 15618 18649 I gle.android.gms: AssetManager2(0x769a6c9457f8) locale list changing from [] to [en-US]
03-29 23:03:28.337   703   716 I system_server: Background concurrent mark compact GC freed 39MB AllocSpace bytes, 78(2240KB) LOS objects, 42% free, 32MB/56MB, paused 1.259ms,10.803ms total 3.437s
03-29 23:03:28.347   703   718 W System  : A resource failed to call close. 
03-29 23:03:28.360   703   906 D BackgroundInstallControlService: Package event received: 0
03-29 23:03:28.360   703   906 D BackgroundInstallControlService: Package event received: 0
03-29 23:03:28.360   703   718 W System  : A resource failed to call release. 
03-29 23:03:28.408 15618 18643 I Icing   : Indexing done com.google.android.gms-apps
03-29 23:03:28.408 15618 18643 I Icing   : Indexing com.google.android.gms-apps from com.google.android.gms
03-29 23:03:28.410 15618 18643 I Icing   : Indexing done com.google.android.gms-apps
03-29 23:03:28.428   949  1036 V WindowManagerShell: Transition animation finished (aborted=false), notifying core (#41) android.os.BinderProxy@8c8128c@0
03-29 23:03:28.430   703   727 V WindowManager: Finish Transition (#41): created at 03-29 23:03:25.581 collect-started=0.985ms request-sent=248.345ms started=455.253ms ready=1494.102ms sent=1579.381ms commit=944.59ms finished=2847.904ms
03-29 23:03:28.432   949  1036 V WindowManagerShell: Track 0 became idle
03-29 23:03:28.432   949  1036 V WindowManagerShell: All active transition animations finished
03-29 23:03:28.433  1087  1087 D VRI[NexusLauncherActivity]: visibilityChanged oldVisibility=true newVisibility=false
03-29 23:03:28.436  1087  1087 D NexusLauncherModelDelegate: notifySmartspaceEvent: SmartspaceTargetEvent{mSmartspaceTarget=null, mSmartspaceActionId='null', mEventType=7}
03-29 23:03:28.490 26519 26519 D ApplicationLoaders: Returning zygote-cached class loader: /system/framework/org.apache.http.legacy.jar
03-29 23:03:28.490 26519 26519 D ApplicationLoaders: Returning zygote-cached class loader: /system_ext/framework/androidx.window.extensions.jar
03-29 23:03:28.490 26519 26519 D ApplicationLoaders: Returning zygote-cached class loader: /system_ext/framework/androidx.window.sidecar.jar
03-29 23:03:28.585   703  1512 I ActivityManager: Background started FGS: Allowed [callingPackage: com.google.android.apps.wellbeing; callingUid: 10148; uidState: BTOP; uidBFSL: [BFSL]; intent: Intent { xflg=0x4 cmp=com.google.android.apps.wellbeing/com.google.apps.tiktok.concurrent.InternalForegroundService (has extras) }; code:BACKGROUND_ACTIVITY_PERMISSION; tempAllowListReason:<null>; allowWiu:58; targetSdkVersion:35; callerTargetSdkVersion:35; startForegroundCount:0; bindFromPackage:null: isBindService:false]
03-29 23:03:28.605   703   906 D BackgroundInstallControlService: Package event received: 0
03-29 23:03:28.606   703  1661 W ForegroundServiceTypeLoggerModule: Foreground service start for UID: 10148 does not have any types
03-29 23:03:28.637   703  1693 W ForegroundServiceTypeLoggerModule: FGS stop call for: 10148 has no types!
03-29 23:03:28.637   703   906 D BackgroundInstallControlService: Package event received: 0
03-29 23:03:28.639   703   854 D ConnectivityService: releasing NetworkRequest [ REQUEST id=153, [ Capabilities: INTERNET&NOT_RESTRICTED&TRUSTED&NOT_VCN_MANAGED&NOT_BANDWIDTH_CONSTRAINED Uid: 10147 RequestorUid: 10147 RequestorPkg: com.google.android.gms UnderlyingNetworks: Null] ] (release request)
03-29 23:03:28.640   703   854 D ConnectivityService: releasing NetworkRequest [ REQUEST id=150, [ Capabilities: INTERNET&NOT_RESTRICTED&TRUSTED&NOT_VCN_MANAGED&NOT_BANDWIDTH_CONSTRAINED Uid: 10147 RequestorUid: 10147 RequestorPkg: com.google.android.gms UnderlyingNetworks: Null] ] (release request)
03-29 23:03:28.641   484   484 I Zygote  : Process 3059 exited due to signal 9 (Killed)
03-29 23:03:28.648   703   829 I ActivityManager: Process com.google.android.gms.unstable (pid 3059) has died: cch+75 CEM 
03-29 23:03:28.648   703   738 I libprocessgroup: Removed cgroup /sys/fs/cgroup/apps/uid_10147/pid_3059
03-29 23:03:28.667  1424  1523 I .apps.wellbeing: AssetManager2(0x769a6c963618) locale list changing from [] to [en-US]
03-29 23:03:28.675  1424  1523 I .apps.wellbeing: AssetManager2(0x769a6c964bf8) locale list changing from [] to [en-US]
03-29 23:03:28.677  1424  1523 I .apps.wellbeing: AssetManager2(0x769a6c93e778) locale list changing from [] to [en-US]
03-29 23:03:28.679  1424  1523 I .apps.wellbeing: AssetManager2(0x769a6c93e458) locale list changing from [] to [en-US]
03-29 23:03:28.682  1424  1523 I .apps.wellbeing: AssetManager2(0x769a6c944858) locale list changing from [] to [en-US]
03-29 23:03:28.685  1424  1523 I .apps.wellbeing: AssetManager2(0x769a6c958a38) locale list changing from [] to [en-US]
03-29 23:03:28.687  1424  1523 I .apps.wellbeing: AssetManager2(0x769a6c94c558) locale list changing from [] to [en-US]
03-29 23:03:28.691  1424  1523 I .apps.wellbeing: AssetManager2(0x769a6c93bbb8) locale list changing from [] to [en-US]
03-29 23:03:28.695  1424  1523 I .apps.wellbeing: AssetManager2(0x769a6c95cef8) locale list changing from [] to [en-US]
03-29 23:03:28.697  1424  1523 I .apps.wellbeing: AssetManager2(0x769a6c945e38) locale list changing from [] to [en-US]
03-29 23:03:28.699  1424  1523 I .apps.wellbeing: AssetManager2(0x769a6c9406b8) locale list changing from [] to [en-US]
03-29 23:03:28.702  1424  1523 I .apps.wellbeing: AssetManager2(0x769a6c95d538) locale list changing from [] to [en-US]
03-29 23:03:28.707  1424  1523 I .apps.wellbeing: AssetManager2(0x769a6c95fab8) locale list changing from [] to [en-US]
03-29 23:03:28.709  1424  1523 I .apps.wellbeing: AssetManager2(0x769a6c93bed8) locale list changing from [] to [en-US]
03-29 23:03:28.728  1424  1523 I .apps.wellbeing: AssetManager2(0x769a6c9645b8) locale list changing from [] to [en-US]
03-29 23:03:28.730  1424  1523 I .apps.wellbeing: AssetManager2(0x769a6c957db8) locale list changing from [] to [en-US]
03-29 23:03:28.732  1424  1523 I .apps.wellbeing: AssetManager2(0x769a6c93b258) locale list changing from [] to [en-US]
03-29 23:03:28.735  1424  1523 I .apps.wellbeing: AssetManager2(0x769a6c95e4d8) locale list changing from [] to [en-US]
03-29 23:03:28.738  1424  1523 I .apps.wellbeing: AssetManager2(0x769a6c95de98) locale list changing from [] to [en-US]
03-29 23:03:28.740  1424  1523 I .apps.wellbeing: AssetManager2(0x769a6c961098) locale list changing from [] to [en-US]
03-29 23:03:28.750  1424  1523 I .apps.wellbeing: AssetManager2(0x769a6c930038) locale list changing from [] to [en-US]
03-29 23:03:28.755  1424  1523 I .apps.wellbeing: AssetManager2(0x769a6c95a658) locale list changing from [] to [en-US]
03-29 23:03:28.759  1424  1523 I .apps.wellbeing: AssetManager2(0x769a6c959078) locale list changing from [] to [en-US]
03-29 23:03:28.764  1424  1523 I .apps.wellbeing: AssetManager2(0x769a6c93ea98) locale list changing from [] to [en-US]
03-29 23:03:28.765  1424  1523 I .apps.wellbeing: AssetManager2(0x769a6c938cd8) locale list changing from [] to [en-US]
03-29 23:03:28.767  1424  1523 I .apps.wellbeing: AssetManager2(0x769a6c959398) locale list changing from [] to [en-US]
03-29 23:03:28.771  1424  1523 I .apps.wellbeing: AssetManager2(0x769a6c9373d8) locale list changing from [] to [en-US]
03-29 23:03:28.775  1424  1523 I .apps.wellbeing: AssetManager2(0x769a6c957458) locale list changing from [] to [en-US]
03-29 23:03:28.784  1424  1523 I .apps.wellbeing: AssetManager2(0x769a6c948098) locale list changing from [] to [en-US]
03-29 23:03:28.785  1424  1523 I .apps.wellbeing: AssetManager2(0x769a6c95c278) locale list changing from [] to [en-US]
03-29 23:03:28.790  1424  1523 I .apps.wellbeing: AssetManager2(0x769a6c95eb18) locale list changing from [] to [en-US]
03-29 23:03:28.793  1424  1523 I .apps.wellbeing: AssetManager2(0x769a6c94e498) locale list changing from [] to [en-US]
03-29 23:03:28.794  1424  1523 I .apps.wellbeing: AssetManager2(0x769a6c94f438) locale list changing from [] to [en-US]
03-29 23:03:28.798  1424  1523 I .apps.wellbeing: AssetManager2(0x769a6c95d218) locale list changing from [] to [en-US]
03-29 23:03:28.801  1424  1523 I .apps.wellbeing: AssetManager2(0x769a6c947a58) locale list changing from [] to [en-US]
03-29 23:03:28.802  1424  1523 I .apps.wellbeing: AssetManager2(0x769a6c94ead8) locale list changing from [] to [en-US]
03-29 23:03:28.807  1424  1523 I .apps.wellbeing: AssetManager2(0x769a6c941fb8) locale list changing from [] to [en-US]
03-29 23:03:28.834   703  1611 E TaskPersister: File error accessing recents directory (directory doesn't exist?).
03-29 23:03:28.836  1424  1523 I .apps.wellbeing: AssetManager2(0x769a6c94af78) locale list changing from [] to [en-US]
03-29 23:03:28.853  1424  1523 I .apps.wellbeing: AssetManager2(0x769a6c937a18) locale list changing from [] to [en-US]
03-29 23:03:28.856  1424  1523 I .apps.wellbeing: AssetManager2(0x769a6c9451b8) locale list changing from [] to [en-US]
03-29 23:03:28.862  1424  1523 I .apps.wellbeing: AssetManager2(0x769a6c946478) locale list changing from [] to [en-US]
03-29 23:03:28.865  1424  1523 I .apps.wellbeing: AssetManager2(0x769a6c95bf58) locale list changing from [] to [en-US]
03-29 23:03:28.874  1424  1523 I .apps.wellbeing: AssetManager2(0x769a6c95b5f8) locale list changing from [] to [en-US]
03-29 23:03:28.880  1424  1523 I .apps.wellbeing: AssetManager2(0x769a6c93a8f8) locale list changing from [] to [en-US]
03-29 23:03:28.892  1424  1523 I .apps.wellbeing: AssetManager2(0x769a6c94d4f8) locale list changing from [] to [en-US]
03-29 23:03:28.905  1424  1523 I .apps.wellbeing: AssetManager2(0x769a6c94db38) locale list changing from [] to [en-US]
03-29 23:03:28.914  1424  1523 I .apps.wellbeing: AssetManager2(0x769a6c944218) locale list changing from [] to [en-US]
03-29 23:03:28.921  1424  1523 I .apps.wellbeing: AssetManager2(0x769a6c93f718) locale list changing from [] to [en-US]
03-29 23:03:28.938  1424  1523 I .apps.wellbeing: AssetManager2(0x769a6c94c878) locale list changing from [] to [en-US]
03-29 23:03:28.942   703   848 D WifiConfigStore: Writing to stores completed in 21 ms.
03-29 23:03:28.946  1424  1523 I .apps.wellbeing: AssetManager2(0x769a6c947738) locale list changing from [] to [en-US]
03-29 23:03:28.949  1424  1523 I .apps.wellbeing: AssetManager2(0x769a6c940078) locale list changing from [] to [en-US]
03-29 23:03:28.955  1424  1523 I .apps.wellbeing: AssetManager2(0x769a6c94edf8) locale list changing from [] to [en-US]
03-29 23:03:28.959  1424  1523 I .apps.wellbeing: AssetManager2(0x769a6c93ac18) locale list changing from [] to [en-US]
03-29 23:03:28.966  1424  1523 I .apps.wellbeing: AssetManager2(0x769a6c93b898) locale list changing from [] to [en-US]
03-29 23:03:28.972  1424  1523 I .apps.wellbeing: AssetManager2(0x769a6c93f0d8) locale list changing from [] to [en-US]
03-29 23:03:28.977  1424  1523 I .apps.wellbeing: AssetManager2(0x769a6c944e98) locale list changing from [] to [en-US]
03-29 23:03:28.983  1424  1523 I .apps.wellbeing: AssetManager2(0x769a6c948d18) locale list changing from [] to [en-US]
03-29 23:03:28.986  1424  1523 I .apps.wellbeing: AssetManager2(0x769a6c943278) locale list changing from [] to [en-US]
03-29 23:03:28.989  1424  1523 I .apps.wellbeing: AssetManager2(0x769a6c9457f8) locale list changing from [] to [en-US]
03-29 23:03:28.990  1424  1523 I .apps.wellbeing: AssetManager2(0x769a6c9483b8) locale list changing from [] to [en-US]
03-29 23:03:28.992  1424  1523 I .apps.wellbeing: AssetManager2(0x769a6c944538) locale list changing from [] to [en-US]
03-29 23:03:28.997  1424  1523 I .apps.wellbeing: AssetManager2(0x769a6c94fa78) locale list changing from [] to [en-US]
03-29 23:03:28.998  1424  1523 I .apps.wellbeing: AssetManager2(0x769a6c93d4b8) locale list changing from [] to [en-US]
03-29 23:03:28.999  1424  1523 I .apps.wellbeing: AssetManager2(0x769a6c9389b8) locale list changing from [] to [en-US]
03-29 23:03:29.000  1424  1523 I .apps.wellbeing: AssetManager2(0x769a6c94a618) locale list changing from [] to [en-US]
03-29 23:03:29.002  1424  1523 I .apps.wellbeing: AssetManager2(0x769a6c941018) locale list changing from [] to [en-US]
03-29 23:03:29.003  1424  1523 I .apps.wellbeing: AssetManager2(0x769a6c94c238) locale list changing from [] to [en-US]
03-29 23:03:29.007  1424  1523 I .apps.wellbeing: AssetManager2(0x769a6c9489f8) locale list changing from [] to [en-US]
03-29 23:03:29.012  1424  1523 I .apps.wellbeing: AssetManager2(0x769a6c95b2d8) locale list changing from [] to [en-US]
03-29 23:03:29.012  1424  1523 I .apps.wellbeing: AssetManager2(0x769a6c939318) locale list changing from [] to [en-US]
03-29 23:03:29.013  1424  1523 I .apps.wellbeing: AssetManager2(0x769a6c93daf8) locale list changing from [] to [en-US]
03-29 23:03:29.015  1424  1523 I .apps.wellbeing: AssetManager2(0x769a6c95e1b8) locale list changing from [] to [en-US]
03-29 23:03:29.015  1424  1523 I .apps.wellbeing: AssetManager2(0x769a6c9438b8) locale list changing from [] to [en-US]
03-29 23:03:29.016  1424  1523 I .apps.wellbeing: AssetManager2(0x769a6c952318) locale list changing from [] to [en-US]
03-29 23:03:29.017  1424  1523 I .apps.wellbeing: AssetManager2(0x769a6c957138) locale list changing from [] to [en-US]
03-29 23:03:29.017  1424  1523 I .apps.wellbeing: AssetManager2(0x769a6c949cb8) locale list changing from [] to [en-US]
03-29 23:03:29.018  1424  1523 I .apps.wellbeing: AssetManager2(0x769a6c9580d8) locale list changing from [] to [en-US]
03-29 23:03:29.020  1424  1523 I .apps.wellbeing: AssetManager2(0x769a6c95c598) locale list changing from [] to [en-US]
03-29 23:03:29.023  1424  1523 I .apps.wellbeing: AssetManager2(0x769a6c95a338) locale list changing from [] to [en-US]
03-29 23:03:29.024  1424  1523 I .apps.wellbeing: AssetManager2(0x769a6c943bd8) locale list changing from [] to [en-US]
03-29 23:03:29.024  1424  1523 I .apps.wellbeing: AssetManager2(0x769a6c9470f8) locale list changing from [] to [en-US]
03-29 23:03:29.025  1424  1523 I .apps.wellbeing: AssetManager2(0x769a6c95a018) locale list changing from [] to [en-US]
03-29 23:03:29.028  1424  1523 I .apps.wellbeing: AssetManager2(0x769a6c946ab8) locale list changing from [] to [en-US]
03-29 23:03:29.029  1424  1523 I .apps.wellbeing: AssetManager2(0x769a6c93edb8) locale list changing from [] to [en-US]
03-29 23:03:29.030  1424  1523 I .apps.wellbeing: AssetManager2(0x769a6c9596b8) locale list changing from [] to [en-US]
03-29 23:03:29.034  1424  1523 I .apps.wellbeing: AssetManager2(0x769a6c9532b8) locale list changing from [] to [en-US]
03-29 23:03:29.073  1424  1523 I .apps.wellbeing: AssetManager2(0x769a6c94f118) locale list changing from [] to [en-US]
03-29 23:03:29.075  1424  1523 I .apps.wellbeing: AssetManager2(0x769a6c9425f8) locale list changing from [] to [en-US]
03-29 23:03:29.077  1424  1523 I .apps.wellbeing: AssetManager2(0x769a6c958d58) locale list changing from [] to [en-US]
03-29 23:03:29.080  1424  1523 I .apps.wellbeing: AssetManager2(0x769a6c9519b8) locale list changing from [] to [en-US]
03-29 23:03:29.108  1424  1523 I .apps.wellbeing: AssetManager2(0x769a6c954258) locale list changing from [] to [en-US]
03-29 23:03:29.109  1424  1523 I .apps.wellbeing: AssetManager2(0x769a6c95afb8) locale list changing from [] to [en-US]
03-29 23:03:29.110  1424  1523 I .apps.wellbeing: AssetManager2(0x769a6c957778) locale list changing from [] to [en-US]
03-29 23:03:29.113  1424  1523 I .apps.wellbeing: AssetManager2(0x769a6c954bb8) locale list changing from [] to [en-US]
03-29 23:03:29.115  1424  1523 I .apps.wellbeing: AssetManager2(0x769a6c939c78) locale list changing from [] to [en-US]
03-29 23:03:29.116  1424  1523 I .apps.wellbeing: AssetManager2(0x769a6c94d1d8) locale list changing from [] to [en-US]
03-29 23:03:29.117  1424  1523 I .apps.wellbeing: AssetManager2(0x769a6c949678) locale list changing from [] to [en-US]
03-29 23:03:29.120  1424  1523 I .apps.wellbeing: AssetManager2(0x769a6c94ac58) locale list changing from [] to [en-US]
03-29 23:03:29.121  1424  1523 I .apps.wellbeing: AssetManager2(0x769a6c960738) locale list changing from [] to [en-US]
03-29 23:03:29.125  1424  1523 I .apps.wellbeing: AssetManager2(0x769a6c942f58) locale list changing from [] to [en-US]
03-29 23:03:29.126  1424  1523 I .apps.wellbeing: AssetManager2(0x769a6c943ef8) locale list changing from [] to [en-US]
03-29 23:03:29.128  1424  1523 I .apps.wellbeing: AssetManager2(0x769a6c944b78) locale list changing from [] to [en-US]
03-29 23:03:29.136  1424  1523 I .apps.wellbeing: AssetManager2(0x769a6c949998) locale list changing from [] to [en-US]
03-29 23:03:29.138  1424  1523 I .apps.wellbeing: AssetManager2(0x769a6c941c98) locale list changing from [] to [en-US]
03-29 23:03:29.141  1424  1523 I .apps.wellbeing: AssetManager2(0x769a6c940398) locale list changing from [] to [en-US]
03-29 23:03:29.143  1424  1523 I .apps.wellbeing: AssetManager2(0x769a6c951058) locale list changing from [] to [en-US]
03-29 23:03:29.144  1424  1523 I .apps.wellbeing: AssetManager2(0x769a6c94f758) locale list changing from [] to [en-US]
03-29 23:03:29.147  1424  1523 I .apps.wellbeing: AssetManager2(0x769a6c95fdd8) locale list changing from [] to [en-US]
03-29 23:03:29.149  1424  1523 I .apps.wellbeing: AssetManager2(0x769a6c9312f8) locale list changing from [] to [en-US]
03-29 23:03:29.150  1424  1523 I .apps.wellbeing: AssetManager2(0x769a6c954898) locale list changing from [] to [en-US]
03-29 23:03:29.153  1424  1523 I .apps.wellbeing: AssetManager2(0x769a6c9535d8) locale list changing from [] to [en-US]
03-29 23:03:29.157  1424  1523 I .apps.wellbeing: AssetManager2(0x769a6c956198) locale list changing from [] to [en-US]
03-29 23:03:29.157  1424  1523 I .apps.wellbeing: AssetManager2(0x769a6c951cd8) locale list changing from [] to [en-US]
