03-30 12:49:07.001 D/BaseDepthController( 1636): shouldBlurWorkspace: false targetState: Normal currentStableState: Normal mCurrentBlur: 0 mLauncher.getDepthBlurTargets(): [com.android.launcher3.Workspace{15d666 V.ED..... ........ 0,0-1080,2400 #7f0a049d app:id/workspace}, com.android.launcher3.Hotseat{9838da7 V.ED..... ........ 0,1905-1080,2400 #7f0a01ee app:id/hotseat}]
03-30 12:49:07.004 I/DialerTimeKeeperDbRefreshingWorker( 9041): com.android.dialer.timekeeper.impl.worker.TimeKeeperDbRefreshingWorker.startWork:64 enter
03-30 12:49:07.012 I/DialerSingletonScopedExternalsLogging( 9041): com.google.android.dialershared.externals.logging.SingletonScopedExternalsLogging.recordCallMethodInvocation:75 event: TIKTOK_WORK_EXECUTION_MONITOR_ON_WORK_FINISHED, function parameters: [9103f101-fb7e-4b8f-8aaf-f49317462c89,com.android.dialer.timekeeper.impl.worker.TimeKeeperDbRefreshingWorker], return value: Success
03-30 12:49:07.017 V/BaseDepthController( 1636): Applying blur: 0 to Surface(name=com.google.android.apps.nexuslauncher/com.google.android.apps.nexuslauncher.NexusLauncherActivity#349)/@0x49adec1 applyImmediately: false
03-30 12:49:07.017 D/BaseDepthController( 1636): shouldBlurWorkspace: false targetState: Normal currentStableState: Normal mCurrentBlur: 0 mLauncher.getDepthBlurTargets(): [com.android.launcher3.Workspace{15d666 V.ED..... ........ 0,0-1080,2400 #7f0a049d app:id/workspace}, com.android.launcher3.Hotseat{9838da7 V.ED..... ........ 0,1905-1080,2400 #7f0a01ee app:id/hotseat}]
03-30 12:49:07.025 I/WM-WorkerWrapper( 9041): Worker result SUCCESS for Work [ id=9103f101-fb7e-4b8f-8aaf-f49317462c89, tags={ com.google.apps.tiktok.contrib.work.TikTokListenableWorker,TikTokWorker#com.android.dialer.timekeeper.impl.worker.TimeKeeperDbRefreshingWorker } ]
03-30 12:49:07.033 I/DialerLoggingConsentCheckerImpl( 9041): com.google.android.dialershared.logging.consent.impl.LoggingConsentCheckerImpl.getConsent:72 timer stop with success, timer present: false
03-30 12:49:07.034 D/WM-Processor( 9041): fzi 9103f101-fb7e-4b8f-8aaf-f49317462c89 executed; reschedule = false
03-30 12:49:07.034 D/WM-SystemJobService( 9041): 9103f101-fb7e-4b8f-8aaf-f49317462c89 executed on JobScheduler
03-30 12:49:07.034 V/BaseDepthController( 1636): Applying blur: 0 to Surface(name=com.google.android.apps.nexuslauncher/com.google.android.apps.nexuslauncher.NexusLauncherActivity#349)/@0x49adec1 applyImmediately: false
03-30 12:49:07.034 D/BaseDepthController( 1636): shouldBlurWorkspace: false targetState: Normal currentStableState: Normal mCurrentBlur: 0 mLauncher.getDepthBlurTargets(): [com.android.launcher3.Workspace{15d666 V.ED..... ........ 0,0-1080,2400 #7f0a049d app:id/workspace}, com.android.launcher3.Hotseat{9838da7 V.ED..... ........ 0,1905-1080,2400 #7f0a01ee app:id/hotseat}]
03-30 12:49:07.046 D/WM-GreedyScheduler( 9041): Cancelling work ID 9103f101-fb7e-4b8f-8aaf-f49317462c89
03-30 12:49:07.051 V/BaseDepthController( 1636): Applying blur: 0 to Surface(name=com.google.android.apps.nexuslauncher/com.google.android.apps.nexuslauncher.NexusLauncherActivity#349)/@0x49adec1 applyImmediately: false
03-30 12:49:07.051 D/BaseDepthController( 1636): shouldBlurWorkspace: false targetState: Normal currentStableState: Normal mCurrentBlur: 0 mLauncher.getDepthBlurTargets(): [com.android.launcher3.Workspace{15d666 V.ED..... ........ 0,0-1080,2400 #7f0a049d app:id/workspace}, com.android.launcher3.Hotseat{9838da7 V.ED..... ........ 0,1905-1080,2400 #7f0a01ee app:id/hotseat}]
03-30 12:49:07.053 D/WM-SystemJobScheduler( 9041): Scheduling work ID 9103f101-fb7e-4b8f-8aaf-f49317462c89Job ID 1
03-30 12:49:07.055 D/WM-GreedyScheduler( 9041): Ignoring {WorkSpec: a1e07b94-41ca-4578-a431-624344a02ca8}. Requires device idle.
03-30 12:49:07.055 D/WM-GreedyScheduler( 9041): Ignoring {WorkSpec: 4116fd78-2a01-438c-a596-75efa3a54378}. Requires device idle.
03-30 12:49:07.055 D/WM-GreedyScheduler( 9041): Ignoring {WorkSpec: 9420649b-ee03-4df8-bf45-32b5002344ec}. Requires device idle.
03-30 12:49:07.056 D/WM-GreedyScheduler( 9041): Ignoring {WorkSpec: 92f9e6a5-c065-4f70-9ad9-06d8577754e9}. Requires device idle.
03-30 12:49:07.056 D/WM-GreedyScheduler( 9041): Ignoring {WorkSpec: 7407c266-ca21-474e-92ed-3f4ea8d757f8}. Requires device idle.
03-30 12:49:07.056 D/WM-GreedyScheduler( 9041): Ignoring {WorkSpec: 16cd7bab-9dd6-4afb-9429-60067cff81a1}. Requires device idle.
03-30 12:49:07.056 D/WM-GreedyScheduler( 9041): Ignoring {WorkSpec: 598bb54c-63f4-4804-bf79-46041a923885}. Requires device idle.
03-30 12:49:07.056 D/WM-GreedyScheduler( 9041): Ignoring {WorkSpec: a106aca0-1369-4196-a3d5-e17ae207c444}. Requires device idle.
03-30 12:49:07.067 V/BaseDepthController( 1636): Applying blur: 0 to Surface(name=com.google.android.apps.nexuslauncher/com.google.android.apps.nexuslauncher.NexusLauncherActivity#349)/@0x49adec1 applyImmediately: false
03-30 12:49:07.067 D/BaseDepthController( 1636): shouldBlurWorkspace: false targetState: Normal currentStableState: Normal mCurrentBlur: 0 mLauncher.getDepthBlurTargets(): [com.android.launcher3.Workspace{15d666 V.ED..... ........ 0,0-1080,2400 #7f0a049d app:id/workspace}, com.android.launcher3.Hotseat{9838da7 V.ED..... ........ 0,1905-1080,2400 #7f0a01ee app:id/hotseat}]
03-30 12:49:07.084 V/BaseDepthController( 1636): Applying blur: 0 to Surface(name=com.google.android.apps.nexuslauncher/com.google.android.apps.nexuslauncher.NexusLauncherActivity#349)/@0x49adec1 applyImmediately: false
03-30 12:49:07.084 D/BaseDepthController( 1636): shouldBlurWorkspace: false targetState: Normal currentStableState: Normal mCurrentBlur: 0 mLauncher.getDepthBlurTargets(): [com.android.launcher3.Workspace{15d666 V.ED..... ........ 0,0-1080,2400 #7f0a049d app:id/workspace}, com.android.launcher3.Hotseat{9838da7 V.ED..... ........ 0,1905-1080,2400 #7f0a01ee app:id/hotseat}]
03-30 12:49:07.101 V/BaseDepthController( 1636): Applying blur: 0 to Surface(name=com.google.android.apps.nexuslauncher/com.google.android.apps.nexuslauncher.NexusLauncherActivity#349)/@0x49adec1 applyImmediately: false
03-30 12:49:07.102 D/BaseDepthController( 1636): shouldBlurWorkspace: false targetState: Normal currentStableState: Normal mCurrentBlur: 0 mLauncher.getDepthBlurTargets(): [com.android.launcher3.Workspace{15d666 V.ED..... ........ 0,0-1080,2400 #7f0a049d app:id/workspace}, com.android.launcher3.Hotseat{9838da7 V.ED..... ........ 0,1905-1080,2400 #7f0a01ee app:id/hotseat}]
03-30 12:49:07.117 V/BaseDepthController( 1636): Applying blur: 0 to Surface(name=com.google.android.apps.nexuslauncher/com.google.android.apps.nexuslauncher.NexusLauncherActivity#349)/@0x49adec1 applyImmediately: false
03-30 12:49:07.117 D/BaseDepthController( 1636): shouldBlurWorkspace: false targetState: Normal currentStableState: Normal mCurrentBlur: 0 mLauncher.getDepthBlurTargets(): [com.android.launcher3.Workspace{15d666 V.ED..... ........ 0,0-1080,2400 #7f0a049d app:id/workspace}, com.android.launcher3.Hotseat{9838da7 V.ED..... ........ 0,1905-1080,2400 #7f0a01ee app:id/hotseat}]
03-30 12:49:07.134 V/BaseDepthController( 1636): Applying blur: 0 to Surface(name=com.google.android.apps.nexuslauncher/com.google.android.apps.nexuslauncher.NexusLauncherActivity#349)/@0x49adec1 applyImmediately: false
03-30 12:49:07.134 D/BaseDepthController( 1636): shouldBlurWorkspace: false targetState: Normal currentStableState: Normal mCurrentBlur: 0 mLauncher.getDepthBlurTargets(): [com.android.launcher3.Workspace{15d666 V.ED..... ........ 0,0-1080,2400 #7f0a049d app:id/workspace}, com.android.launcher3.Hotseat{9838da7 V.ED..... ........ 0,1905-1080,2400 #7f0a01ee app:id/hotseat}]
03-30 12:49:07.152 V/BaseDepthController( 1636): Applying blur: 0 to Surface(name=com.google.android.apps.nexuslauncher/com.google.android.apps.nexuslauncher.NexusLauncherActivity#349)/@0x49adec1 applyImmediately: false
03-30 12:49:07.152 D/BaseDepthController( 1636): shouldBlurWorkspace: false targetState: Normal currentStableState: Normal mCurrentBlur: 0 mLauncher.getDepthBlurTargets(): [com.android.launcher3.Workspace{15d666 V.ED..... ........ 0,0-1080,2400 #7f0a049d app:id/workspace}, com.android.launcher3.Hotseat{9838da7 V.ED..... ........ 0,1905-1080,2400 #7f0a01ee app:id/hotseat}]
03-30 12:49:07.169 V/BaseDepthController( 1636): Applying blur: 0 to Surface(name=com.google.android.apps.nexuslauncher/com.google.android.apps.nexuslauncher.NexusLauncherActivity#349)/@0x49adec1 applyImmediately: false
03-30 12:49:07.169 D/BaseDepthController( 1636): shouldBlurWorkspace: false targetState: Normal currentStableState: Normal mCurrentBlur: 0 mLauncher.getDepthBlurTargets(): [com.android.launcher3.Workspace{15d666 V.ED..... ........ 0,0-1080,2400 #7f0a049d app:id/workspace}, com.android.launcher3.Hotseat{9838da7 V.ED..... ........ 0,1905-1080,2400 #7f0a01ee app:id/hotseat}]
03-30 12:49:07.185 V/BaseDepthController( 1636): Applying blur: 0 to Surface(name=com.google.android.apps.nexuslauncher/com.google.android.apps.nexuslauncher.NexusLauncherActivity#349)/@0x49adec1 applyImmediately: false
03-30 12:49:07.186 D/BaseDepthController( 1636): shouldBlurWorkspace: false targetState: Normal currentStableState: Normal mCurrentBlur: 0 mLauncher.getDepthBlurTargets(): [com.android.launcher3.Workspace{15d666 V.ED..... ........ 0,0-1080,2400 #7f0a049d app:id/workspace}, com.android.launcher3.Hotseat{9838da7 V.ED..... ........ 0,1905-1080,2400 #7f0a01ee app:id/hotseat}]
03-30 12:49:07.201 V/BaseDepthController( 1636): Applying blur: 0 to Surface(name=com.google.android.apps.nexuslauncher/com.google.android.apps.nexuslauncher.NexusLauncherActivity#349)/@0x49adec1 applyImmediately: false
03-30 12:49:07.202 D/BaseDepthController( 1636): shouldBlurWorkspace: false targetState: Normal currentStableState: Normal mCurrentBlur: 0 mLauncher.getDepthBlurTargets(): [com.android.launcher3.Workspace{15d666 V.ED..... ........ 0,0-1080,2400 #7f0a049d app:id/workspace}, com.android.launcher3.Hotseat{9838da7 V.ED..... ........ 0,1905-1080,2400 #7f0a01ee app:id/hotseat}]
03-30 12:49:07.220 V/BaseDepthController( 1636): Applying blur: 0 to Surface(name=com.google.android.apps.nexuslauncher/com.google.android.apps.nexuslauncher.NexusLauncherActivity#349)/@0x49adec1 applyImmediately: false
03-30 12:49:07.220 D/BaseDepthController( 1636): shouldBlurWorkspace: false targetState: Normal currentStableState: Normal mCurrentBlur: 0 mLauncher.getDepthBlurTargets(): [com.android.launcher3.Workspace{15d666 V.ED..... ........ 0,0-1080,2400 #7f0a049d app:id/workspace}, com.android.launcher3.Hotseat{9838da7 V.ED..... ........ 0,1905-1080,2400 #7f0a01ee app:id/hotseat}]
03-30 12:49:07.238 V/BaseDepthController( 1636): Applying blur: 0 to Surface(name=com.google.android.apps.nexuslauncher/com.google.android.apps.nexuslauncher.NexusLauncherActivity#349)/@0x49adec1 applyImmediately: false
03-30 12:49:07.238 D/BaseDepthController( 1636): shouldBlurWorkspace: false targetState: Normal currentStableState: Normal mCurrentBlur: 0 mLauncher.getDepthBlurTargets(): [com.android.launcher3.Workspace{15d666 V.ED..... ........ 0,0-1080,2400 #7f0a049d app:id/workspace}, com.android.launcher3.Hotseat{9838da7 V.ED..... ........ 0,1905-1080,2400 #7f0a01ee app:id/hotseat}]
03-30 12:49:07.261 V/BaseDepthController( 1636): Applying blur: 0 to Surface(name=com.google.android.apps.nexuslauncher/com.google.android.apps.nexuslauncher.NexusLauncherActivity#349)/@0x49adec1 applyImmediately: false
03-30 12:49:07.261 D/BaseDepthController( 1636): shouldBlurWorkspace: false targetState: Normal currentStableState: Normal mCurrentBlur: 0 mLauncher.getDepthBlurTargets(): [com.android.launcher3.Workspace{15d666 V.ED..... ........ 0,0-1080,2400 #7f0a049d app:id/workspace}, com.android.launcher3.Hotseat{9838da7 V.ED..... ........ 0,1905-1080,2400 #7f0a01ee app:id/hotseat}]
03-30 12:49:07.276 V/BaseDepthController( 1636): Applying blur: 0 to Surface(name=com.google.android.apps.nexuslauncher/com.google.android.apps.nexuslauncher.NexusLauncherActivity#349)/@0x49adec1 applyImmediately: false
03-30 12:49:07.276 D/BaseDepthController( 1636): shouldBlurWorkspace: false targetState: Normal currentStableState: Normal mCurrentBlur: 0 mLauncher.getDepthBlurTargets(): [com.android.launcher3.Workspace{15d666 V.ED..... ........ 0,0-1080,2400 #7f0a049d app:id/workspace}, com.android.launcher3.Hotseat{9838da7 V.ED..... ........ 0,1905-1080,2400 #7f0a01ee app:id/hotseat}]
03-30 12:49:07.293 V/BaseDepthController( 1636): Applying blur: 0 to Surface(name=com.google.android.apps.nexuslauncher/com.google.android.apps.nexuslauncher.NexusLauncherActivity#349)/@0x49adec1 applyImmediately: false
03-30 12:49:07.293 D/BaseDepthController( 1636): shouldBlurWorkspace: false targetState: Normal currentStableState: Normal mCurrentBlur: 0 mLauncher.getDepthBlurTargets(): [com.android.launcher3.Workspace{15d666 V.ED..... ........ 0,0-1080,2400 #7f0a049d app:id/workspace}, com.android.launcher3.Hotseat{9838da7 V.ED..... ........ 0,1905-1080,2400 #7f0a01ee app:id/hotseat}]
03-30 12:49:07.313 V/BaseDepthController( 1636): Applying blur: 0 to Surface(name=com.google.android.apps.nexuslauncher/com.google.android.apps.nexuslauncher.NexusLauncherActivity#349)/@0x49adec1 applyImmediately: false
03-30 12:49:07.315 D/BaseDepthController( 1636): shouldBlurWorkspace: false targetState: Normal currentStableState: Normal mCurrentBlur: 0 mLauncher.getDepthBlurTargets(): [com.android.launcher3.Workspace{15d666 V.ED..... ........ 0,0-1080,2400 #7f0a049d app:id/workspace}, com.android.launcher3.Hotseat{9838da7 V.ED..... ........ 0,1905-1080,2400 #7f0a01ee app:id/hotseat}]
03-30 12:49:07.324 V/BaseDepthController( 1636): Applying blur: 0 to Surface(name=com.google.android.apps.nexuslauncher/com.google.android.apps.nexuslauncher.NexusLauncherActivity#349)/@0x49adec1 applyImmediately: false
03-30 12:49:07.324 D/BaseDepthController( 1636): shouldBlurWorkspace: false targetState: Normal currentStableState: Normal mCurrentBlur: 0 mLauncher.getDepthBlurTargets(): [com.android.launcher3.Workspace{15d666 V.ED..... ........ 0,0-1080,2400 #7f0a049d app:id/workspace}, com.android.launcher3.Hotseat{9838da7 V.ED..... ........ 0,1905-1080,2400 #7f0a01ee app:id/hotseat}]
03-30 12:49:07.338 V/BaseDepthController( 1636): Applying blur: 0 to Surface(name=com.google.android.apps.nexuslauncher/com.google.android.apps.nexuslauncher.NexusLauncherActivity#349)/@0x49adec1 applyImmediately: false
03-30 12:49:07.338 D/BaseDepthController( 1636): shouldBlurWorkspace: false targetState: Normal currentStableState: Normal mCurrentBlur: 0 mLauncher.getDepthBlurTargets(): [com.android.launcher3.Workspace{15d666 V.ED..... ........ 0,0-1080,2400 #7f0a049d app:id/workspace}, com.android.launcher3.Hotseat{9838da7 V.ED..... ........ 0,1905-1080,2400 #7f0a01ee app:id/hotseat}]
03-30 12:49:07.356 V/BaseDepthController( 1636): Applying blur: 0 to Surface(name=com.google.android.apps.nexuslauncher/com.google.android.apps.nexuslauncher.NexusLauncherActivity#349)/@0x49adec1 applyImmediately: false
03-30 12:49:07.356 D/BaseDepthController( 1636): shouldBlurWorkspace: false targetState: Normal currentStableState: Normal mCurrentBlur: 0 mLauncher.getDepthBlurTargets(): [com.android.launcher3.Workspace{15d666 V.ED..... ........ 0,0-1080,2400 #7f0a049d app:id/workspace}, com.android.launcher3.Hotseat{9838da7 V.ED..... ........ 0,1905-1080,2400 #7f0a01ee app:id/hotseat}]
03-30 12:49:07.373 V/BaseDepthController( 1636): Applying blur: 0 to Surface(name=com.google.android.apps.nexuslauncher/com.google.android.apps.nexuslauncher.NexusLauncherActivity#349)/@0x49adec1 applyImmediately: false
03-30 12:49:07.373 D/BaseDepthController( 1636): shouldBlurWorkspace: false targetState: Normal currentStableState: Normal mCurrentBlur: 0 mLauncher.getDepthBlurTargets(): [com.android.launcher3.Workspace{15d666 V.ED..... ........ 0,0-1080,2400 #7f0a049d app:id/workspace}, com.android.launcher3.Hotseat{9838da7 V.ED..... ........ 0,1905-1080,2400 #7f0a01ee app:id/hotseat}]
03-30 12:49:07.412 V/BaseDepthController( 1636): Applying blur: 0 to Surface(name=com.google.android.apps.nexuslauncher/com.google.android.apps.nexuslauncher.NexusLauncherActivity#349)/@0x49adec1 applyImmediately: false
03-30 12:49:07.412 D/BaseDepthController( 1636): shouldBlurWorkspace: false targetState: Normal currentStableState: Normal mCurrentBlur: 0 mLauncher.getDepthBlurTargets(): [com.android.launcher3.Workspace{15d666 V.ED..... ........ 0,0-1080,2400 #7f0a049d app:id/workspace}, com.android.launcher3.Hotseat{9838da7 V.ED..... ........ 0,1905-1080,2400 #7f0a01ee app:id/hotseat}]
03-30 12:49:07.423 V/BaseDepthController( 1636): Applying blur: 0 to Surface(name=com.google.android.apps.nexuslauncher/com.google.android.apps.nexuslauncher.NexusLauncherActivity#349)/@0x49adec1 applyImmediately: false
03-30 12:49:07.424 D/BaseDepthController( 1636): shouldBlurWorkspace: false targetState: Normal currentStableState: Normal mCurrentBlur: 0 mLauncher.getDepthBlurTargets(): [com.android.launcher3.Workspace{15d666 V.ED..... ........ 0,0-1080,2400 #7f0a049d app:id/workspace}, com.android.launcher3.Hotseat{9838da7 V.ED..... ........ 0,1905-1080,2400 #7f0a01ee app:id/hotseat}]
03-30 12:49:07.455 V/BaseDepthController( 1636): Applying blur: 0 to Surface(name=com.google.android.apps.nexuslauncher/com.google.android.apps.nexuslauncher.NexusLauncherActivity#349)/@0x49adec1 applyImmediately: false
03-30 12:49:07.455 D/BaseDepthController( 1636): shouldBlurWorkspace: false targetState: Normal currentStableState: Normal mCurrentBlur: 0 mLauncher.getDepthBlurTargets(): [com.android.launcher3.Workspace{15d666 V.ED..... ........ 0,0-1080,2400 #7f0a049d app:id/workspace}, com.android.launcher3.Hotseat{9838da7 V.ED..... ........ 0,1905-1080,2400 #7f0a01ee app:id/hotseat}]
03-30 12:49:07.488 V/BaseDepthController( 1636): Applying blur: 0 to Surface(name=com.google.android.apps.nexuslauncher/com.google.android.apps.nexuslauncher.NexusLauncherActivity#349)/@0x49adec1 applyImmediately: false
03-30 12:49:07.488 D/BaseDepthController( 1636): shouldBlurWorkspace: false targetState: Normal currentStableState: Normal mCurrentBlur: 0 mLauncher.getDepthBlurTargets(): [com.android.launcher3.Workspace{15d666 V.ED..... ........ 0,0-1080,2400 #7f0a049d app:id/workspace}, com.android.launcher3.Hotseat{9838da7 V.ED..... ........ 0,1905-1080,2400 #7f0a01ee app:id/hotseat}]
03-30 12:49:07.536 V/BaseDepthController( 1636): Applying blur: 0 to Surface(name=com.google.android.apps.nexuslauncher/com.google.android.apps.nexuslauncher.NexusLauncherActivity#349)/@0x49adec1 applyImmediately: false
03-30 12:49:07.537 D/BaseDepthController( 1636): shouldBlurWorkspace: false targetState: Normal currentStableState: Normal mCurrentBlur: 0 mLauncher.getDepthBlurTargets(): [com.android.launcher3.Workspace{15d666 V.ED..... ........ 0,0-1080,2400 #7f0a049d app:id/workspace}, com.android.launcher3.Hotseat{9838da7 V.ED..... ........ 0,1905-1080,2400 #7f0a01ee app:id/hotseat}]
03-30 12:49:07.613 V/BaseDepthController( 1636): Applying blur: 0 to Surface(name=com.google.android.apps.nexuslauncher/com.google.android.apps.nexuslauncher.NexusLauncherActivity#349)/@0x49adec1 applyImmediately: false
03-30 12:49:07.613 D/BaseDepthController( 1636): setEarlyWakeup: false
03-30 12:49:07.613 D/BaseDepthController( 1636): shouldBlurWorkspace: false targetState: Normal currentStableState: Normal mCurrentBlur: 0 mLauncher.getDepthBlurTargets(): [com.android.launcher3.Workspace{15d666 V.ED..... ........ 0,0-1080,2400 #7f0a049d app:id/workspace}, com.android.launcher3.Hotseat{9838da7 V.ED..... ........ 0,1905-1080,2400 #7f0a01ee app:id/hotseat}]
03-30 12:49:07.761 D/ScalingWorkspaceRevealAnim( 1636): onAnimationEnd, workspace and hotseat are visible
03-30 12:49:07.762 V/BaseDepthController( 1636): Applying blur: 0 to Surface(name=com.google.android.apps.nexuslauncher/com.google.android.apps.nexuslauncher.NexusLauncherActivity#349)/@0x49adec1 applyImmediately: false
03-30 12:49:07.762 D/BaseDepthController( 1636): shouldBlurWorkspace: false targetState: Normal currentStableState: Normal mCurrentBlur: 0 mLauncher.getDepthBlurTargets(): [com.android.launcher3.Workspace{15d666 V.ED..... ......ID 0,0-1080,2400 #7f0a049d app:id/workspace}, com.android.launcher3.Hotseat{9838da7 V.ED..... ......ID 0,1905-1080,2400 #7f0a01ee app:id/hotseat}]
03-30 12:49:07.764 V/WindowManagerShell( 1337): Received remote transition finished callback for (#29)
03-30 12:49:07.764 V/WindowManagerShell( 1337): Transition animation finished (aborted=false), notifying core (#29) android.os.BinderProxy@f6f051c@0
03-30 12:49:07.773 V/WindowManager(  815): Finish Transition (#29): created at 03-30 12:49:06.440 collect-started=0.152ms request-sent=0.232ms started=12.061ms ready=280.647ms sent=288.023ms commit=40.599ms finished=1328.907ms
03-30 12:49:07.779 V/WindowManagerShell( 1337): Track 0 became idle
03-30 12:49:07.780 V/WindowManagerShell( 1337): All active transition animations finished
03-30 12:49:07.790 V/ShellTaskOrganizer( 1337): Task vanished taskId=15
03-30 12:49:07.790 V/ShellTaskOrganizer( 1337): Fullscreen Task Vanished: #15
03-30 12:49:07.790 V/ShellDesktopMode( 1337): Task Vanished: #15 closed=true
03-30 12:49:07.791 D/ShellDesktopMode( 1337): AppToWebRepository: Task 15 is vanishing. Removing task data from repository
03-30 12:49:07.792 V/AppCompat( 1337): SingleSurfaceLetterboxController: []
03-30 12:49:07.792 V/AppCompat( 1337): MultiSurfaceLetterboxController: []
03-30 12:49:07.792 V/AppCompat( 1337): LetterboxInputController: []
03-30 12:49:07.792 V/AppCompat( 1337): RoundedCornersLetterboxController: {}
03-30 12:49:07.796 D/RecentsView( 1636): onTaskRemoved: 16, not handling task stack changes
03-30 12:49:07.796 D/RecentsView( 1636): onTaskRemoved: 16, not handling task stack changes
03-30 12:49:07.796 D/RecentsView( 1636): onTaskRemoved: 15, not handling task stack changes
03-30 12:49:07.796 D/RecentsView( 1636): onTaskRemoved: 15, not handling task stack changes
03-30 12:49:07.796 D/b/417220811( 1636): invalidateLoadedTasks - previous requestLoadId: -1
03-30 12:49:07.803 W/WindowManager(  815): takeTaskSnapshot: taskId=16 not found or not visible
03-30 12:49:09.281 I/HalDevMgr(  815): bestIfaceCreationProposal is null, requestIface=STA, existingIface=[name=wlan0 type=STA]
03-30 12:49:10.219 W/libbinder.BackendUnifiedServiceManager(11014): Thread Pool max thread count is 0. Cannot cache binder as linkToDeath cannot be implemented. serviceName: package
03-30 12:49:10.297 I/artd    ( 3343): GetBestInfo: odex next to the dex file (/data/app/~~l86ooHn3z7zjJPmRwuVyKA==/com.google.android.gms-mjvtrlLEHAA3R1GV5L8qqg==/oat/x86_64/base.odex) is kOatUpToDate with filter 'speed-profile' executable 'false'
03-30 12:49:10.298 I/artd    ( 3343): GetBestInfo: odex next to the dex file (/data/app/~~l86ooHn3z7zjJPmRwuVyKA==/com.google.android.gms-mjvtrlLEHAA3R1GV5L8qqg==/oat/x86_64/split_AdsDynamite_installtime.odex) is kOatUpToDate with filter 'speed' executable 'false'
03-30 12:49:10.300 I/artd    ( 3343): GetBestInfo: odex next to the dex file (/data/app/~~l86ooHn3z7zjJPmRwuVyKA==/com.google.android.gms-mjvtrlLEHAA3R1GV5L8qqg==/oat/x86_64/split_CronetDynamite_installtime.odex) is kOatUpToDate with filter 'speed' executable 'false'
03-30 12:49:10.301 I/artd    ( 3343): GetBestInfo: odex next to the dex file (/data/app/~~l86ooHn3z7zjJPmRwuVyKA==/com.google.android.gms-mjvtrlLEHAA3R1GV5L8qqg==/oat/x86_64/split_DynamiteLoader_installtime.odex) is kOatUpToDate with filter 'speed' executable 'false'
03-30 12:49:10.302 I/artd    ( 3343): GetBestInfo: odex next to the dex file (/data/app/~~l86ooHn3z7zjJPmRwuVyKA==/com.google.android.gms-mjvtrlLEHAA3R1GV5L8qqg==/oat/x86_64/split_DynamiteModulesA_installtime.odex) is kOatUpToDate with filter 'speed' executable 'false'
03-30 12:49:10.304 I/artd    ( 3343): GetBestInfo: odex next to the dex file (/data/app/~~l86ooHn3z7zjJPmRwuVyKA==/com.google.android.gms-mjvtrlLEHAA3R1GV5L8qqg==/oat/x86_64/split_DynamiteModulesC_installtime.odex) is kOatUpToDate with filter 'speed' executable 'false'
03-30 12:49:10.305 I/artd    ( 3343): GetBestInfo: odex next to the dex file (/data/app/~~l86ooHn3z7zjJPmRwuVyKA==/com.google.android.gms-mjvtrlLEHAA3R1GV5L8qqg==/oat/x86_64/split_GoogleCertificates_installtime.odex) is kOatUpToDate with filter 'speed' executable 'false'
03-30 12:49:10.306 I/artd    ( 3343): GetBestInfo: odex next to the dex file (/data/app/~~l86ooHn3z7zjJPmRwuVyKA==/com.google.android.gms-mjvtrlLEHAA3R1GV5L8qqg==/oat/x86_64/split_MapsDynamite_installtime.odex) is kOatUpToDate with filter 'speed' executable 'false'
03-30 12:49:10.307 I/artd    ( 3343): GetBestInfo: odex next to the dex file (/data/app/~~l86ooHn3z7zjJPmRwuVyKA==/com.google.android.gms-mjvtrlLEHAA3R1GV5L8qqg==/oat/x86_64/split_MeasurementDynamite_installtime.odex) is kOatUpToDate with filter 'speed' executable 'false'
03-30 12:49:10.309 I/artd    ( 3343): GetBestInfo: /data/user_de/0/com.google.android.gms/app_chimera/m/0000000d/dl-PlayCloudSearch.optional_253434100000.apk has no usable artifacts
03-30 12:49:10.310 I/artd    ( 3343): GetBestInfo: /data/user_de/0/com.google.android.gms/app_chimera/m/0000000c/dl-MlkitBarcodeUi.optional_253434100800.apk has no usable artifacts
03-30 12:49:10.311 I/artd    ( 3343): GetBestInfo: /data/user_de/0/com.google.android.gms/app_chimera/m/00000001/CronetDynamite.apk has no usable artifacts
03-30 12:49:10.311 I/artd    ( 3343): GetBestInfo: /data/user_de/0/com.google.android.gms/app_chimera/m/00000016/dl-MlkitOcrCommon.optional_261133100800.apk has no usable artifacts
03-30 12:49:10.313 I/artd    ( 3343): GetBestInfo: /data/user_de/0/com.google.android.gms/app_chimera/m/0000000e/dl-VisionOcr.optional_253434100000.apk has no usable artifacts
03-30 12:49:10.313 I/artd    ( 3343): GetBestInfo: /data/user_de/0/com.google.android.gms/app_chimera/m/00000002/DynamiteLoader.apk has no usable artifacts
03-30 12:49:10.313 I/artd    ( 3343): GetBestInfo: /data/user_de/0/com.google.android.gms/app_chimera/m/00000005/GoogleCertificates.apk has no usable artifacts
03-30 12:49:10.314 I/artd    ( 3343): GetBestInfo: /data/user_de/0/com.google.android.gms/app_chimera/m/00000012/dl-Appsearch.optional_261133100800.apk has no usable artifacts
03-30 12:49:10.315 I/artd    ( 3343): GetBestInfo: /data/user_de/0/com.google.android.gms/app_chimera/m/00000011/dl-PlayCloudSearch.optional_261133100000.apk has no usable artifacts
03-30 12:49:10.316 I/artd    ( 3343): GetBestInfo: /data/user_de/0/com.google.android.gms/app_chimera/m/00000015/dl-MlkitBarcodeUi.optional_261133100800.apk has no usable artifacts
03-30 12:49:10.318 I/artd    ( 3343): GetBestInfo: /data/user_de/0/com.google.android.gms/app_chimera/m/0000000a/dl-Appsearch.optional_253434100800.apk has no usable artifacts
03-30 12:49:10.319 I/artd    ( 3343): GetBestInfo: /data/user_de/0/com.google.android.gms/app_chimera/m/00000008/dl-TfliteDynamiteDynamite.integ_252130102100800.apk has no usable artifacts
03-30 12:49:10.320 I/artd    ( 3343): GetBestInfo: /data/user_de/0/com.google.android.gms/app_chimera/m/0000000f/dl-MlkitOcrCommon.optional_253434100800.apk has no usable artifacts
03-30 12:49:10.321 I/artd    ( 3343): GetBestInfo: /data/user_de/0/com.google.android.gms/app_chimera/m/00000010/dl-VisionOcr.optional_261133100000.apk has no usable artifacts
03-30 12:49:10.322 I/artd    ( 3343): GetBestInfo: vdex next to the dex file (/data/user/0/com.google.android.gms/app_dg_cache/BB2AE5A47BB198AF36C19CFD2B6407061A1BAF30/oat/x86_64/the.vdex) is kOatUpToDate with filter 'verify' executable 'false'
03-30 12:49:10.323 I/artd    ( 3343): GetBestInfo: /data/user_de/0/com.google.android.gms/app_chimera/m/00000007/MeasurementDynamite.apk has no usable artifacts
03-30 12:49:10.597 E/TaskPersister(  815): File error accessing recents directory (directory doesn't exist?).
03-30 12:49:12.052 D/InetDiagMessage(  815): Destroyed 0 sockets, proto=IPPROTO_TCP, family=AF_INET, states=14
03-30 12:49:12.052 D/InetDiagMessage(  815): Destroyed 0 sockets, proto=IPPROTO_TCP, family=AF_INET6, states=14
03-30 12:49:12.052 D/InetDiagMessage(  815): Destroyed live tcp sockets for uids={10146} in 1ms
03-30 12:49:12.053 D/InetDiagMessage(  815): Destroyed 0 sockets, proto=IPPROTO_TCP, family=AF_INET, states=14
03-30 12:49:12.053 D/InetDiagMessage(  815): Destroyed 0 sockets, proto=IPPROTO_TCP, family=AF_INET6, states=14
03-30 12:49:12.053 D/InetDiagMessage(  815): Destroyed live tcp sockets for uids={20146} in 0ms
03-30 12:49:12.288 I/HalDevMgr(  815): bestIfaceCreationProposal is null, requestIface=STA, existingIface=[name=wlan0 type=STA]
03-30 12:49:12.643 D/SatelliteController( 1522): iisInCarrierRoamingNbIotNtn: satellite is disabled
03-30 12:49:12.644 D/SatelliteController( 1522): getCarrierRoamingNtnConnectType: Falling back to global carrier config connect type: 0
03-30 12:49:15.297 I/HalDevMgr(  815): bestIfaceCreationProposal is null, requestIface=STA, existingIface=[name=wlan0 type=STA]
