04-03 23:00:39.749  2841  2844 I artd    : GetBestInfo: /data/user_de/0/com.google.android.gms/app_chimera/m/0000000d/dl-PlayCloudSearch.optional_253434100000.apk has no usable artifacts
04-03 23:00:39.751  2841  2844 I artd    : GetBestInfo: /data/user_de/0/com.google.android.gms/app_chimera/m/0000000c/dl-MlkitBarcodeUi.optional_253434100800.apk has no usable artifacts
04-03 23:00:39.752  2841  2844 I artd    : GetBestInfo: /data/user_de/0/com.google.android.gms/app_chimera/m/00000001/CronetDynamite.apk has no usable artifacts
04-03 23:00:39.753  2841  2844 I artd    : GetBestInfo: /data/user_de/0/com.google.android.gms/app_chimera/m/00000016/dl-MlkitOcrCommon.optional_261133100800.apk has no usable artifacts
04-03 23:00:39.755  2841  2844 I artd    : GetBestInfo: /data/user_de/0/com.google.android.gms/app_chimera/m/0000000e/dl-VisionOcr.optional_253434100000.apk has no usable artifacts
04-03 23:00:39.758  2841  2844 I artd    : GetBestInfo: /data/user_de/0/com.google.android.gms/app_chimera/m/00000002/DynamiteLoader.apk has no usable artifacts
04-03 23:00:39.758  2841  2844 I artd    : GetBestInfo: /data/user_de/0/com.google.android.gms/app_chimera/m/00000005/GoogleCertificates.apk has no usable artifacts
04-03 23:00:39.760  2841  2844 I artd    : GetBestInfo: /data/user_de/0/com.google.android.gms/app_chimera/m/00000012/dl-Appsearch.optional_261133100800.apk has no usable artifacts
04-03 23:00:39.764  2841  2844 I artd    : GetBestInfo: /data/user_de/0/com.google.android.gms/app_chimera/m/00000011/dl-PlayCloudSearch.optional_261133100000.apk has no usable artifacts
04-03 23:00:39.766  2841  2844 I artd    : GetBestInfo: /data/user_de/0/com.google.android.gms/app_chimera/m/00000015/dl-MlkitBarcodeUi.optional_261133100800.apk has no usable artifacts
04-03 23:00:39.769  2841  2844 I artd    : GetBestInfo: /data/user_de/0/com.google.android.gms/app_chimera/m/0000000a/dl-Appsearch.optional_253434100800.apk has no usable artifacts
04-03 23:00:39.771  2841  2844 I artd    : GetBestInfo: /data/user_de/0/com.google.android.gms/app_chimera/m/00000008/dl-TfliteDynamiteDynamite.integ_252130102100800.apk has no usable artifacts
04-03 23:00:39.774  2841  2844 I artd    : GetBestInfo: /data/user_de/0/com.google.android.gms/app_chimera/m/0000000f/dl-MlkitOcrCommon.optional_253434100800.apk has no usable artifacts
04-03 23:00:39.776  2841  2844 I artd    : GetBestInfo: /data/user_de/0/com.google.android.gms/app_chimera/m/00000010/dl-VisionOcr.optional_261133100000.apk has no usable artifacts
04-03 23:00:39.779  2841  2844 I artd    : GetBestInfo: vdex next to the dex file (/data/user/0/com.google.android.gms/app_dg_cache/BB2AE5A47BB198AF36C19CFD2B6407061A1BAF30/oat/x86_64/the.vdex) is kOatUpToDate with filter 'verify' executable 'false'
04-03 23:00:39.785  2841  2844 I artd    : GetBestInfo: /data/user_de/0/com.google.android.gms/app_chimera/m/00000007/MeasurementDynamite.apk has no usable artifacts
04-03 23:00:40.924   819   972 I HalDevMgr: bestIfaceCreationProposal is null, requestIface=STA, existingIface=[name=wlan0 type=STA]
04-03 23:00:42.323  1176 12493 D TcpSocketTracker/104: data stall suspected, uids: {10155, 10227}
04-03 23:00:42.325   819  1796 D ConnectivityService: Data stall detected with methods: 2
04-03 23:00:42.325  1176 12493 D NetworkMonitor/104: isDataStall: result=2, tcp packets received=0, latest tcp fail rate=85, consecutive dns timeout count=0
04-03 23:00:42.325  1176 12493 D NetworkMonitor/104: Suspecting data stall, reevaluate
04-03 23:00:42.410  1176 28023 D NetworkMonitor/104: PROBE_DNS www.google.com 82ms OK 142.251.153.119,142.251.157.119,142.251.154.119,142.251.150.119,142.251.151.119,142.251.156.119,142.251.155.119,142.251.152.119,2001:4860:4829:7700::,2001:4860:482c:7700::,2001:4860:482b:7700::,2001:4860:482a:7700::,2001:4860:4828:7700::,2001:4860:4827:7700::,2001:4860:482d:7700::,2001:4860:4826:7700::
04-03 23:00:42.419  1176 28024 D NetworkMonitor/104: PROBE_DNS connectivitycheck.gstatic.com 91ms OK 142.250.73.67,2607:f8b0:400a:80c::2003
04-03 23:00:42.532  1176 28024 D NetworkMonitor/104: PROBE_HTTP http://connectivitycheck.gstatic.com/generate_204 time=109ms ret=204 request={Connection=[close], User-Agent=[Mozilla/5.0 (X11; Linux x86_64) AppleWebKit/537.36 (KHTML, like Gecko) Chrome/60.0.3112.32 Safari/537.36]} headers={null=[HTTP/1.1 204 No Content], Connection=[close], Content-Length=[0], Cross-Origin-Resource-Policy=[cross-origin], Date=[Sat, 04 Apr 2026 06:00:42 GMT], X-Android-Received-Millis=[1775282442527], X-Android-Response-Source=[NETWORK 204], X-Android-Selected-Protocol=[http/1.1], X-Android-Sent-Millis=[1775282442478]}
04-03 23:00:42.562  1176 28023 D NetworkMonitor/104: PROBE_HTTPS https://www.google.com/generate_204 time=146ms ret=204 request={Connection=[close], User-Agent=[Mozilla/5.0 (X11; Linux x86_64) AppleWebKit/537.36 (KHTML, like Gecko) Chrome/60.0.3112.32 Safari/537.36]} headers={null=[HTTP/1.1 204 No Content], Alt-Svc=[h3=":443"; ma=2592000,h3-29=":443"; ma=2592000], Connection=[close], Content-Length=[0], Cross-Origin-Resource-Policy=[cross-origin], Date=[Sat, 04 Apr 2026 06:00:42 GMT], X-Android-Received-Millis=[1775282442557], X-Android-Response-Source=[NETWORK 204], X-Android-Selected-Protocol=[http/1.1], X-Android-Sent-Millis=[1775282442520]}
04-03 23:00:42.570  1176 28022 D NetworkMonitor/104: isCaptivePortal: isSuccessful()=true isPortal()=false RedirectUrl=null isPartialConnectivity()=false Time=243ms
04-03 23:00:42.583   819   978 D ConnectivityService: [104 WIFI] validation passed
04-03 23:00:43.930   819   972 I HalDevMgr: bestIfaceCreationProposal is null, requestIface=STA, existingIface=[name=wlan0 type=STA]
04-03 23:00:46.936   819   972 I HalDevMgr: bestIfaceCreationProposal is null, requestIface=STA, existingIface=[name=wlan0 type=STA]
04-03 23:00:47.452  1247  1383 D SatelliteController: iisInCarrierRoamingNbIotNtn: satellite is disabled
04-03 23:00:47.453  1247  1383 D SatelliteController: getCarrierRoamingNtnConnectType: Falling back to global carrier config connect type: 0
04-03 23:00:48.940  6911  7000 I bluetooth: system/gd/hci/le_address_manager.cc:581 GetNextPrivateAddressIntervalRange: client=LeAddressManager, nonwake=7m30s, wake=14m9s
04-03 23:00:48.954  6911  7000 I bluetooth: system/gd/hci/le_address_manager.cc:782 OnCommandComplete: Received command complete with op_code LE_SET_RANDOM_ADDRESS(0x2005)
04-03 23:00:48.954  6911  7000 I bluetooth: system/gd/hci/le_address_manager.cc:802 OnCommandComplete: update random address : xx:xx:xx:xx:27:ad
04-03 23:00:48.954  6911  7000 I bluetooth: system/gd/hci/le_address_manager.cc:397 resume_registered_clients: Resuming registered clients
04-03 23:00:48.954  6911  7000 I bluetooth: system/gd/hci/le_scanning_manager_impl.cc:623 stop_scan: Scanning already stopped, return!
04-03 23:00:49.275 28035 28035 W libbinder.BackendUnifiedServiceManager: Thread Pool max thread count is 0. Cannot cache binder as linkToDeath cannot be implemented. serviceName: package
04-03 23:00:49.567   819   829 I system_server: Background concurrent mark compact GC freed 21MB AllocSpace bytes, 14(312KB) LOS objects, 39% free, 37MB/61MB, paused 14.495ms,9.187ms total 284.776ms
04-03 23:00:49.579  2841  2844 I artd    : GetBestInfo: odex next to the dex file (/data/app/~~l86ooHn3z7zjJPmRwuVyKA==/com.google.android.gms-mjvtrlLEHAA3R1GV5L8qqg==/oat/x86_64/base.odex) is kOatUpToDate with filter 'speed-profile' executable 'false'
04-03 23:00:49.584  2841  2844 I artd    : GetBestInfo: odex next to the dex file (/data/app/~~l86ooHn3z7zjJPmRwuVyKA==/com.google.android.gms-mjvtrlLEHAA3R1GV5L8qqg==/oat/x86_64/split_AdsDynamite_installtime.odex) is kOatUpToDate with filter 'speed' executable 'false'
04-03 23:00:49.596  2841  2844 I artd    : GetBestInfo: odex next to the dex file (/data/app/~~l86ooHn3z7zjJPmRwuVyKA==/com.google.android.gms-mjvtrlLEHAA3R1GV5L8qqg==/oat/x86_64/split_CronetDynamite_installtime.odex) is kOatUpToDate with filter 'speed' executable 'false'
04-03 23:00:49.598  2841  2844 I artd    : GetBestInfo: odex next to the dex file (/data/app/~~l86ooHn3z7zjJPmRwuVyKA==/com.google.android.gms-mjvtrlLEHAA3R1GV5L8qqg==/oat/x86_64/split_DynamiteLoader_installtime.odex) is kOatUpToDate with filter 'speed' executable 'false'
04-03 23:00:49.600  2841 18604 I artd    : GetBestInfo: odex next to the dex file (/data/app/~~l86ooHn3z7zjJPmRwuVyKA==/com.google.android.gms-mjvtrlLEHAA3R1GV5L8qqg==/oat/x86_64/split_DynamiteModulesA_installtime.odex) is kOatUpToDate with filter 'speed' executable 'false'
04-03 23:00:49.603  2841 18604 I artd    : GetBestInfo: odex next to the dex file (/data/app/~~l86ooHn3z7zjJPmRwuVyKA==/com.google.android.gms-mjvtrlLEHAA3R1GV5L8qqg==/oat/x86_64/split_DynamiteModulesC_installtime.odex) is kOatUpToDate with filter 'speed' executable 'false'
04-03 23:00:49.605  2841 18604 I artd    : GetBestInfo: odex next to the dex file (/data/app/~~l86ooHn3z7zjJPmRwuVyKA==/com.google.android.gms-mjvtrlLEHAA3R1GV5L8qqg==/oat/x86_64/split_GoogleCertificates_installtime.odex) is kOatUpToDate with filter 'speed' executable 'false'
04-03 23:00:49.607  2841 18604 I artd    : GetBestInfo: odex next to the dex file (/data/app/~~l86ooHn3z7zjJPmRwuVyKA==/com.google.android.gms-mjvtrlLEHAA3R1GV5L8qqg==/oat/x86_64/split_MapsDynamite_installtime.odex) is kOatUpToDate with filter 'speed' executable 'false'
04-03 23:00:49.608  2841 18604 I artd    : GetBestInfo: odex next to the dex file (/data/app/~~l86ooHn3z7zjJPmRwuVyKA==/com.google.android.gms-mjvtrlLEHAA3R1GV5L8qqg==/oat/x86_64/split_MeasurementDynamite_installtime.odex) is kOatUpToDate with filter 'speed' executable 'false'
04-03 23:00:49.612  2841 18604 I artd    : GetBestInfo: /data/user_de/0/com.google.android.gms/app_chimera/m/0000000d/dl-PlayCloudSearch.optional_253434100000.apk has no usable artifacts
04-03 23:00:49.616  2841 18604 I artd    : GetBestInfo: /data/user_de/0/com.google.android.gms/app_chimera/m/0000000c/dl-MlkitBarcodeUi.optional_253434100800.apk has no usable artifacts
04-03 23:00:49.617  2841 18604 I artd    : GetBestInfo: /data/user_de/0/com.google.android.gms/app_chimera/m/00000001/CronetDynamite.apk has no usable artifacts
04-03 23:00:49.618  2841 18604 I artd    : GetBestInfo: /data/user_de/0/com.google.android.gms/app_chimera/m/00000016/dl-MlkitOcrCommon.optional_261133100800.apk has no usable artifacts
04-03 23:00:49.620  2841 18604 I artd    : GetBestInfo: /data/user_de/0/com.google.android.gms/app_chimera/m/0000000e/dl-VisionOcr.optional_253434100000.apk has no usable artifacts
04-03 23:00:49.620  2841 18604 I artd    : GetBestInfo: /data/user_de/0/com.google.android.gms/app_chimera/m/00000002/DynamiteLoader.apk has no usable artifacts
04-03 23:00:49.621  2841 18604 I artd    : GetBestInfo: /data/user_de/0/com.google.android.gms/app_chimera/m/00000005/GoogleCertificates.apk has no usable artifacts
04-03 23:00:49.622  2841 18604 I artd    : GetBestInfo: /data/user_de/0/com.google.android.gms/app_chimera/m/00000012/dl-Appsearch.optional_261133100800.apk has no usable artifacts
04-03 23:00:49.627  2841 18604 I artd    : GetBestInfo: /data/user_de/0/com.google.android.gms/app_chimera/m/00000011/dl-PlayCloudSearch.optional_261133100000.apk has no usable artifacts
04-03 23:00:49.632  2841 18604 I artd    : GetBestInfo: /data/user_de/0/com.google.android.gms/app_chimera/m/00000015/dl-MlkitBarcodeUi.optional_261133100800.apk has no usable artifacts
04-03 23:00:49.635  2841 18604 I artd    : GetBestInfo: /data/user_de/0/com.google.android.gms/app_chimera/m/0000000a/dl-Appsearch.optional_253434100800.apk has no usable artifacts
04-03 23:00:49.637  2841 18604 I artd    : GetBestInfo: /data/user_de/0/com.google.android.gms/app_chimera/m/00000008/dl-TfliteDynamiteDynamite.integ_252130102100800.apk has no usable artifacts
04-03 23:00:49.638  2841 18604 I artd    : GetBestInfo: /data/user_de/0/com.google.android.gms/app_chimera/m/0000000f/dl-MlkitOcrCommon.optional_253434100800.apk has no usable artifacts
04-03 23:00:49.642  2841 18604 I artd    : GetBestInfo: /data/user_de/0/com.google.android.gms/app_chimera/m/00000010/dl-VisionOcr.optional_261133100000.apk has no usable artifacts
04-03 23:00:49.645  2841 18604 I artd    : GetBestInfo: vdex next to the dex file (/data/user/0/com.google.android.gms/app_dg_cache/BB2AE5A47BB198AF36C19CFD2B6407061A1BAF30/oat/x86_64/the.vdex) is kOatUpToDate with filter 'verify' executable 'false'
04-03 23:00:49.646  2841 18604 I artd    : GetBestInfo: /data/user_de/0/com.google.android.gms/app_chimera/m/00000007/MeasurementDynamite.apk has no usable artifacts
04-03 23:00:49.945   819   972 I HalDevMgr: bestIfaceCreationProposal is null, requestIface=STA, existingIface=[name=wlan0 type=STA]
04-03 23:00:52.954   819   972 I HalDevMgr: bestIfaceCreationProposal is null, requestIface=STA, existingIface=[name=wlan0 type=STA]
04-03 23:00:55.969   819   972 I HalDevMgr: bestIfaceCreationProposal is null, requestIface=STA, existingIface=[name=wlan0 type=STA]
04-03 23:00:57.377 27686 27693 I com.weejobs.app: Background young concurrent mark compact GC freed 6184KB AllocSpace bytes, 0(0B) LOS objects, 52% free, 5659KB/11MB, paused 708us,8.138ms total 20.433ms
04-03 23:00:57.454  1247  1383 D SatelliteController: iisInCarrierRoamingNbIotNtn: satellite is disabled
04-03 23:00:57.454  1247  1383 D SatelliteController: getCarrierRoamingNtnConnectType: Falling back to global carrier config connect type: 0
04-03 23:00:58.977   819   972 I HalDevMgr: bestIfaceCreationProposal is null, requestIface=STA, existingIface=[name=wlan0 type=STA]
04-03 23:00:59.291 28038 28038 W libbinder.BackendUnifiedServiceManager: Thread Pool max thread count is 0. Cannot cache binder as linkToDeath cannot be implemented. serviceName: package
04-03 23:00:59.671  2841 18604 I artd    : GetBestInfo: odex next to the dex file (/data/app/~~l86ooHn3z7zjJPmRwuVyKA==/com.google.android.gms-mjvtrlLEHAA3R1GV5L8qqg==/oat/x86_64/base.odex) is kOatUpToDate with filter 'speed-profile' executable 'false'
04-03 23:00:59.678  2841  2844 I artd    : GetBestInfo: odex next to the dex file (/data/app/~~l86ooHn3z7zjJPmRwuVyKA==/com.google.android.gms-mjvtrlLEHAA3R1GV5L8qqg==/oat/x86_64/split_AdsDynamite_installtime.odex) is kOatUpToDate with filter 'speed' executable 'false'
04-03 23:00:59.687  2841  2844 I artd    : GetBestInfo: odex next to the dex file (/data/app/~~l86ooHn3z7zjJPmRwuVyKA==/com.google.android.gms-mjvtrlLEHAA3R1GV5L8qqg==/oat/x86_64/split_CronetDynamite_installtime.odex) is kOatUpToDate with filter 'speed' executable 'false'
04-03 23:00:59.690  2841  2844 I artd    : GetBestInfo: odex next to the dex file (/data/app/~~l86ooHn3z7zjJPmRwuVyKA==/com.google.android.gms-mjvtrlLEHAA3R1GV5L8qqg==/oat/x86_64/split_DynamiteLoader_installtime.odex) is kOatUpToDate with filter 'speed' executable 'false'
04-03 23:00:59.693  2841  2844 I artd    : GetBestInfo: odex next to the dex file (/data/app/~~l86ooHn3z7zjJPmRwuVyKA==/com.google.android.gms-mjvtrlLEHAA3R1GV5L8qqg==/oat/x86_64/split_DynamiteModulesA_installtime.odex) is kOatUpToDate with filter 'speed' executable 'false'
04-03 23:00:59.695  2841  2844 I artd    : GetBestInfo: odex next to the dex file (/data/app/~~l86ooHn3z7zjJPmRwuVyKA==/com.google.android.gms-mjvtrlLEHAA3R1GV5L8qqg==/oat/x86_64/split_DynamiteModulesC_installtime.odex) is kOatUpToDate with filter 'speed' executable 'false'
04-03 23:00:59.698  2841  2844 I artd    : GetBestInfo: odex next to the dex file (/data/app/~~l86ooHn3z7zjJPmRwuVyKA==/com.google.android.gms-mjvtrlLEHAA3R1GV5L8qqg==/oat/x86_64/split_GoogleCertificates_installtime.odex) is kOatUpToDate with filter 'speed' executable 'false'
04-03 23:00:59.701  2841  2844 I artd    : GetBestInfo: odex next to the dex file (/data/app/~~l86ooHn3z7zjJPmRwuVyKA==/com.google.android.gms-mjvtrlLEHAA3R1GV5L8qqg==/oat/x86_64/split_MapsDynamite_installtime.odex) is kOatUpToDate with filter 'speed' executable 'false'
04-03 23:00:59.703  2841  2844 I artd    : GetBestInfo: odex next to the dex file (/data/app/~~l86ooHn3z7zjJPmRwuVyKA==/com.google.android.gms-mjvtrlLEHAA3R1GV5L8qqg==/oat/x86_64/split_MeasurementDynamite_installtime.odex) is kOatUpToDate with filter 'speed' executable 'false'
04-03 23:00:59.704  2841  2844 I artd    : GetBestInfo: /data/user_de/0/com.google.android.gms/app_chimera/m/0000000d/dl-PlayCloudSearch.optional_253434100000.apk has no usable artifacts
04-03 23:00:59.709  2841  2844 I artd    : GetBestInfo: /data/user_de/0/com.google.android.gms/app_chimera/m/0000000c/dl-MlkitBarcodeUi.optional_253434100800.apk has no usable artifacts
04-03 23:00:59.711  2841  2844 I artd    : GetBestInfo: /data/user_de/0/com.google.android.gms/app_chimera/m/00000001/CronetDynamite.apk has no usable artifacts
04-03 23:00:59.715  2841  2844 I artd    : GetBestInfo: /data/user_de/0/com.google.android.gms/app_chimera/m/00000016/dl-MlkitOcrCommon.optional_261133100800.apk has no usable artifacts
04-03 23:00:59.717  2841  2844 I artd    : GetBestInfo: /data/user_de/0/com.google.android.gms/app_chimera/m/0000000e/dl-VisionOcr.optional_253434100000.apk has no usable artifacts
04-03 23:00:59.718  2841  2844 I artd    : GetBestInfo: /data/user_de/0/com.google.android.gms/app_chimera/m/00000002/DynamiteLoader.apk has no usable artifacts
04-03 23:00:59.718  2841  2844 I artd    : GetBestInfo: /data/user_de/0/com.google.android.gms/app_chimera/m/00000005/GoogleCertificates.apk has no usable artifacts
04-03 23:00:59.719  2841  2844 I artd    : GetBestInfo: /data/user_de/0/com.google.android.gms/app_chimera/m/00000012/dl-Appsearch.optional_261133100800.apk has no usable artifacts
04-03 23:00:59.720  2841  2844 I artd    : GetBestInfo: /data/user_de/0/com.google.android.gms/app_chimera/m/00000011/dl-PlayCloudSearch.optional_261133100000.apk has no usable artifacts
04-03 23:00:59.721  2841  2844 I artd    : GetBestInfo: /data/user_de/0/com.google.android.gms/app_chimera/m/00000015/dl-MlkitBarcodeUi.optional_261133100800.apk has no usable artifacts
04-03 23:00:59.723  2841  2844 I artd    : GetBestInfo: /data/user_de/0/com.google.android.gms/app_chimera/m/0000000a/dl-Appsearch.optional_253434100800.apk has no usable artifacts
04-03 23:00:59.724  2841  2844 I artd    : GetBestInfo: /data/user_de/0/com.google.android.gms/app_chimera/m/00000008/dl-TfliteDynamiteDynamite.integ_252130102100800.apk has no usable artifacts
04-03 23:00:59.726  2841  2844 I artd    : GetBestInfo: /data/user_de/0/com.google.android.gms/app_chimera/m/0000000f/dl-MlkitOcrCommon.optional_253434100800.apk has no usable artifacts
04-03 23:00:59.728  2841  2844 I artd    : GetBestInfo: /data/user_de/0/com.google.android.gms/app_chimera/m/00000010/dl-VisionOcr.optional_261133100000.apk has no usable artifacts
04-03 23:00:59.729  2841  2844 I artd    : GetBestInfo: vdex next to the dex file (/data/user/0/com.google.android.gms/app_dg_cache/BB2AE5A47BB198AF36C19CFD2B6407061A1BAF30/oat/x86_64/the.vdex) is kOatUpToDate with filter 'verify' executable 'false'
04-03 23:00:59.730  2841  2844 I artd    : GetBestInfo: /data/user_de/0/com.google.android.gms/app_chimera/m/00000007/MeasurementDynamite.apk has no usable artifacts
04-03 23:01:01.985   819   972 I HalDevMgr: bestIfaceCreationProposal is null, requestIface=STA, existingIface=[name=wlan0 type=STA]
04-03 23:01:02.607  1176 12493 D TcpSocketTracker/104: data stall suspected, uids: {10155, 10227}
04-03 23:01:02.607   819  1791 D ConnectivityService: Data stall detected with methods: 2
04-03 23:01:02.608  1176 12493 D NetworkMonitor/104: isDataStall: result=2, tcp packets received=0, latest tcp fail rate=83, consecutive dns timeout count=0
04-03 23:01:02.608  1176 12493 D NetworkMonitor/104: Suspecting data stall, reevaluate
04-03 23:01:02.618  1176 28043 D NetworkMonitor/104: PROBE_DNS connectivitycheck.gstatic.com 8ms OK 142.250.73.67,2607:f8b0:400a:80c::2003
04-03 23:01:02.655  1176 28042 D NetworkMonitor/104: PROBE_DNS www.google.com 44ms OK 142.251.153.119,142.251.157.119,142.251.154.119,142.251.150.119,142.251.151.119,142.251.156.119,142.251.155.119,142.251.152.119,2001:4860:4829:7700::,2001:4860:482c:7700::,2001:4860:482b:7700::,2001:4860:482a:7700::,2001:4860:4828:7700::,2001:4860:4827:7700::,2001:4860:482d:7700::,2001:4860:4826:7700::
04-03 23:01:02.728  1176 28043 D NetworkMonitor/104: PROBE_HTTP http://connectivitycheck.gstatic.com/generate_204 Probe failed with exception java.io.IOException: unexpected end of stream on com.android.okhttp.Address@484719d8
04-03 23:01:02.826  1176 28042 D NetworkMonitor/104: PROBE_HTTPS https://www.google.com/generate_204 time=168ms ret=204 request={Connection=[close], User-Agent=[Mozilla/5.0 (X11; Linux x86_64) AppleWebKit/537.36 (KHTML, like Gecko) Chrome/60.0.3112.32 Safari/537.36]} headers={null=[HTTP/1.1 204 No Content], Alt-Svc=[h3=":443"; ma=2592000,h3-29=":443"; ma=2592000], Connection=[close], Content-Length=[0], Cross-Origin-Resource-Policy=[cross-origin], Date=[Sat, 04 Apr 2026 06:01:02 GMT], X-Android-Received-Millis=[1775282462819], X-Android-Response-Source=[NETWORK 204], X-Android-Selected-Protocol=[http/1.1], X-Android-Sent-Millis=[1775282462783]}
04-03 23:01:02.832  1176 28041 D NetworkMonitor/104: isCaptivePortal: isSuccessful()=true isPortal()=false RedirectUrl=null isPartialConnectivity()=false Time=223ms
04-03 23:01:02.835   819   978 D ConnectivityService: [104 WIFI] validation passed
04-03 23:01:02.864   819  1791 D WifiNl80211Manager: Scan result ready event
04-03 23:01:02.864   819  1791 D WifiNative: Scan result ready event
04-03 23:01:02.866 18964 21957 I WifiScanner: onFullResults
04-03 23:01:02.866 18964 18974 I WifiScanner: onFullResults
04-03 23:01:02.877   819   972 I HalDevMgr: bestIfaceCreationProposal is null, requestIface=STA, existingIface=[name=wlan0 type=STA]
04-03 23:01:04.993   819   972 I HalDevMgr: bestIfaceCreationProposal is null, requestIface=STA, existingIface=[name=wlan0 type=STA]
04-03 23:01:07.454  1247  1383 D SatelliteController: iisInCarrierRoamingNbIotNtn: satellite is disabled
04-03 23:01:07.455  1247  1383 D SatelliteController: getCarrierRoamingNtnConnectType: Falling back to global carrier config connect type: 0
04-03 23:01:08.001   819   972 I HalDevMgr: bestIfaceCreationProposal is null, requestIface=STA, existingIface=[name=wlan0 type=STA]
04-03 23:01:09.292 28054 28054 W libbinder.BackendUnifiedServiceManager: Thread Pool max thread count is 0. Cannot cache binder as linkToDeath cannot be implemented. serviceName: package
04-03 23:01:09.675  2841  2844 I artd    : GetBestInfo: odex next to the dex file (/data/app/~~l86ooHn3z7zjJPmRwuVyKA==/com.google.android.gms-mjvtrlLEHAA3R1GV5L8qqg==/oat/x86_64/base.odex) is kOatUpToDate with filter 'speed-profile' executable 'false'
04-03 23:01:09.681  2841 18604 I artd    : GetBestInfo: odex next to the dex file (/data/app/~~l86ooHn3z7zjJPmRwuVyKA==/com.google.android.gms-mjvtrlLEHAA3R1GV5L8qqg==/oat/x86_64/split_AdsDynamite_installtime.odex) is kOatUpToDate with filter 'speed' executable 'false'
04-03 23:01:09.688  2841 18604 I artd    : GetBestInfo: odex next to the dex file (/data/app/~~l86ooHn3z7zjJPmRwuVyKA==/com.google.android.gms-mjvtrlLEHAA3R1GV5L8qqg==/oat/x86_64/split_CronetDynamite_installtime.odex) is kOatUpToDate with filter 'speed' executable 'false'
04-03 23:01:09.694  2841 18604 I artd    : GetBestInfo: odex next to the dex file (/data/app/~~l86ooHn3z7zjJPmRwuVyKA==/com.google.android.gms-mjvtrlLEHAA3R1GV5L8qqg==/oat/x86_64/split_DynamiteLoader_installtime.odex) is kOatUpToDate with filter 'speed' executable 'false'
04-03 23:01:09.697  2841 18604 I artd    : GetBestInfo: odex next to the dex file (/data/app/~~l86ooHn3z7zjJPmRwuVyKA==/com.google.android.gms-mjvtrlLEHAA3R1GV5L8qqg==/oat/x86_64/split_DynamiteModulesA_installtime.odex) is kOatUpToDate with filter 'speed' executable 'false'
04-03 23:01:09.700  2841 18604 I artd    : GetBestInfo: odex next to the dex file (/data/app/~~l86ooHn3z7zjJPmRwuVyKA==/com.google.android.gms-mjvtrlLEHAA3R1GV5L8qqg==/oat/x86_64/split_DynamiteModulesC_installtime.odex) is kOatUpToDate with filter 'speed' executable 'false'
04-03 23:01:09.702  2841 18604 I artd    : GetBestInfo: odex next to the dex file (/data/app/~~l86ooHn3z7zjJPmRwuVyKA==/com.google.android.gms-mjvtrlLEHAA3R1GV5L8qqg==/oat/x86_64/split_GoogleCertificates_installtime.odex) is kOatUpToDate with filter 'speed' executable 'false'
04-03 23:01:09.703  2841 18604 I artd    : GetBestInfo: odex next to the dex file (/data/app/~~l86ooHn3z7zjJPmRwuVyKA==/com.google.android.gms-mjvtrlLEHAA3R1GV5L8qqg==/oat/x86_64/split_MapsDynamite_installtime.odex) is kOatUpToDate with filter 'speed' executable 'false'
04-03 23:01:09.704  2841 18604 I artd    : GetBestInfo: odex next to the dex file (/data/app/~~l86ooHn3z7zjJPmRwuVyKA==/com.google.android.gms-mjvtrlLEHAA3R1GV5L8qqg==/oat/x86_64/split_MeasurementDynamite_installtime.odex) is kOatUpToDate with filter 'speed' executable 'false'
04-03 23:01:09.705  2841 18604 I artd    : GetBestInfo: /data/user_de/0/com.google.android.gms/app_chimera/m/0000000d/dl-PlayCloudSearch.optional_253434100000.apk has no usable artifacts
04-03 23:01:09.708  2841 18604 I artd    : GetBestInfo: /data/user_de/0/com.google.android.gms/app_chimera/m/0000000c/dl-MlkitBarcodeUi.optional_253434100800.apk has no usable artifacts
04-03 23:01:09.711  2841 18604 I artd    : GetBestInfo: /data/user_de/0/com.google.android.gms/app_chimera/m/00000001/CronetDynamite.apk has no usable artifacts
04-03 23:01:09.715  2841 18604 I artd    : GetBestInfo: /data/user_de/0/com.google.android.gms/app_chimera/m/00000016/dl-MlkitOcrCommon.optional_261133100800.apk has no usable artifacts
04-03 23:01:09.718  2841 18604 I artd    : GetBestInfo: /data/user_de/0/com.google.android.gms/app_chimera/m/0000000e/dl-VisionOcr.optional_253434100000.apk has no usable artifacts
04-03 23:01:09.718  2841 18604 I artd    : GetBestInfo: /data/user_de/0/com.google.android.gms/app_chimera/m/00000002/DynamiteLoader.apk has no usable artifacts
04-03 23:01:09.719  2841 18604 I artd    : GetBestInfo: /data/user_de/0/com.google.android.gms/app_chimera/m/00000005/GoogleCertificates.apk has no usable artifacts
04-03 23:01:09.720  2841 18604 I artd    : GetBestInfo: /data/user_de/0/com.google.android.gms/app_chimera/m/00000012/dl-Appsearch.optional_261133100800.apk has no usable artifacts
04-03 23:01:09.722  2841 18604 I artd    : GetBestInfo: /data/user_de/0/com.google.android.gms/app_chimera/m/00000011/dl-PlayCloudSearch.optional_261133100000.apk has no usable artifacts
04-03 23:01:09.722  2841 18604 I artd    : GetBestInfo: /data/user_de/0/com.google.android.gms/app_chimera/m/00000015/dl-MlkitBarcodeUi.optional_261133100800.apk has no usable artifacts
04-03 23:01:09.727  2841 18604 I artd    : GetBestInfo: /data/user_de/0/com.google.android.gms/app_chimera/m/0000000a/dl-Appsearch.optional_253434100800.apk has no usable artifacts
04-03 23:01:09.730  2841 18604 I artd    : GetBestInfo: /data/user_de/0/com.google.android.gms/app_chimera/m/00000008/dl-TfliteDynamiteDynamite.integ_252130102100800.apk has no usable artifacts
04-03 23:01:09.733  2841 18604 I artd    : GetBestInfo: /data/user_de/0/com.google.android.gms/app_chimera/m/0000000f/dl-MlkitOcrCommon.optional_253434100800.apk has no usable artifacts
04-03 23:01:09.733  2841 18604 I artd    : GetBestInfo: /data/user_de/0/com.google.android.gms/app_chimera/m/00000010/dl-VisionOcr.optional_261133100000.apk has no usable artifacts
04-03 23:01:09.735  2841 18604 I artd    : GetBestInfo: vdex next to the dex file (/data/user/0/com.google.android.gms/app_dg_cache/BB2AE5A47BB198AF36C19CFD2B6407061A1BAF30/oat/x86_64/the.vdex) is kOatUpToDate with filter 'verify' executable 'false'
04-03 23:01:09.735  2841 18604 I artd    : GetBestInfo: /data/user_de/0/com.google.android.gms/app_chimera/m/00000007/MeasurementDynamite.apk has no usable artifacts
04-03 23:01:11.011   819   972 I HalDevMgr: bestIfaceCreationProposal is null, requestIface=STA, existingIface=[name=wlan0 type=STA]
04-03 23:01:14.018   819   972 I HalDevMgr: bestIfaceCreationProposal is null, requestIface=STA, existingIface=[name=wlan0 type=STA]
04-03 23:01:17.029   819   972 I HalDevMgr: bestIfaceCreationProposal is null, requestIface=STA, existingIface=[name=wlan0 type=STA]
04-03 23:01:17.455  1247  1383 D SatelliteController: iisInCarrierRoamingNbIotNtn: satellite is disabled
04-03 23:01:17.455  1247  1383 D SatelliteController: getCarrierRoamingNtnConnectType: Falling back to global carrier config connect type: 0
04-03 23:01:18.815   819   849 D ActivityManager: sync unfroze 26126 com.google.android.googlequicksearchbox:search for 3
04-03 23:01:18.817   819   849 D ActivityManager: sync unfroze 14989 com.google.android.gms for 3
04-03 23:01:18.826   819   849 D ActivityManager: sync unfroze 26173 com.google.android.googlequicksearchbox:googleapp for 3
04-03 23:01:18.850 14989 14989 D BoundBrokerSvc: onUnbind: Intent { act=com.google.android.gms.audit.service.START xflg=0x4 pkg=com.google.android.gms }
04-03 23:01:18.939 26126 26126 I chld    : (REDACTED) #onReceive: %s
04-03 23:01:19.118 26126 26168 W beic    : No value provided for the places model index flag.
04-03 23:01:19.118 26126 26168 W beic    : No value provided for the places model index flag.
04-03 23:01:19.160   819  1026 D BackgroundInstallControlService: Package event received: 0
04-03 23:01:19.245   819  1026 D BackgroundInstallControlService: Package event received: 0
04-03 23:01:19.261 14989 14989 D BoundBrokerSvc: onBind: Intent { act=com.google.android.gms.checkin.START xflg=0x4 pkg=com.google.android.gms }
04-03 23:01:19.261 14989 14989 D BoundBrokerSvc: Loading bound service for intent: Intent { act=com.google.android.gms.checkin.START xflg=0x4 pkg=com.google.android.gms }
04-03 23:01:19.280 14989 15000 I Checkin : [CheckinApiChimeraService] onGetService
04-03 23:01:19.309 28062 28062 W libbinder.BackendUnifiedServiceManager: Thread Pool max thread count is 0. Cannot cache binder as linkToDeath cannot be implemented. serviceName: package
04-03 23:01:19.370 26126 26168 I sbk     : Getting accounts.
04-03 23:01:19.399   819  1026 D BackgroundInstallControlService: Package event received: 0
04-03 23:01:19.598   819  1026 D BackgroundInstallControlService: Package event received: 0
04-03 23:01:19.695  2841 18604 I artd    : GetBestInfo: odex next to the dex file (/data/app/~~l86ooHn3z7zjJPmRwuVyKA==/com.google.android.gms-mjvtrlLEHAA3R1GV5L8qqg==/oat/x86_64/base.odex) is kOatUpToDate with filter 'speed-profile' executable 'false'
04-03 23:01:19.703  2841 18604 I artd    : GetBestInfo: odex next to the dex file (/data/app/~~l86ooHn3z7zjJPmRwuVyKA==/com.google.android.gms-mjvtrlLEHAA3R1GV5L8qqg==/oat/x86_64/split_AdsDynamite_installtime.odex) is kOatUpToDate with filter 'speed' executable 'false'
04-03 23:01:19.708  2841 18604 I artd    : GetBestInfo: odex next to the dex file (/data/app/~~l86ooHn3z7zjJPmRwuVyKA==/com.google.android.gms-mjvtrlLEHAA3R1GV5L8qqg==/oat/x86_64/split_CronetDynamite_installtime.odex) is kOatUpToDate with filter 'speed' executable 'false'
04-03 23:01:19.724  2841 18604 I artd    : GetBestInfo: odex next to the dex file (/data/app/~~l86ooHn3z7zjJPmRwuVyKA==/com.google.android.gms-mjvtrlLEHAA3R1GV5L8qqg==/oat/x86_64/split_DynamiteLoader_installtime.odex) is kOatUpToDate with filter 'speed' executable 'false'
04-03 23:01:19.735  2841 18604 I artd    : GetBestInfo: odex next to the dex file (/data/app/~~l86ooHn3z7zjJPmRwuVyKA==/com.google.android.gms-mjvtrlLEHAA3R1GV5L8qqg==/oat/x86_64/split_DynamiteModulesA_installtime.odex) is kOatUpToDate with filter 'speed' executable 'false'
04-03 23:01:19.745 26126 26169 I cifa    : #entry Received background refresh worker run
04-03 23:01:19.747  2841 18604 I artd    : GetBestInfo: odex next to the dex file (/data/app/~~l86ooHn3z7zjJPmRwuVyKA==/com.google.android.gms-mjvtrlLEHAA3R1GV5L8qqg==/oat/x86_64/split_DynamiteModulesC_installtime.odex) is kOatUpToDate with filter 'speed' executable 'false'
04-03 23:01:19.748  2841  2844 I artd    : GetBestInfo: odex next to the dex file (/data/app/~~l86ooHn3z7zjJPmRwuVyKA==/com.google.android.gms-mjvtrlLEHAA3R1GV5L8qqg==/oat/x86_64/split_GoogleCertificates_installtime.odex) is kOatUpToDate with filter 'speed' executable 'false'
04-03 23:01:19.751  2841 18604 I artd    : GetBestInfo: odex next to the dex file (/data/app/~~l86ooHn3z7zjJPmRwuVyKA==/com.google.android.gms-mjvtrlLEHAA3R1GV5L8qqg==/oat/x86_64/split_MapsDynamite_installtime.odex) is kOatUpToDate with filter 'speed' executable 'false'
04-03 23:01:19.759  2841  2844 I artd    : GetBestInfo: odex next to the dex file (/data/app/~~l86ooHn3z7zjJPmRwuVyKA==/com.google.android.gms-mjvtrlLEHAA3R1GV5L8qqg==/oat/x86_64/split_MeasurementDynamite_installtime.odex) is kOatUpToDate with filter 'speed' executable 'false'
04-03 23:01:19.760  2841  2844 I artd    : GetBestInfo: /data/user_de/0/com.google.android.gms/app_chimera/m/0000000d/dl-PlayCloudSearch.optional_253434100000.apk has no usable artifacts
04-03 23:01:19.762 26126 26169 I chsq    : #entry Starting PCP background refresh worker...
04-03 23:01:19.764  2841 18604 I artd    : GetBestInfo: /data/user_de/0/com.google.android.gms/app_chimera/m/0000000c/dl-MlkitBarcodeUi.optional_253434100800.apk has no usable artifacts
04-03 23:01:19.768  2841 18604 I artd    : GetBestInfo: /data/user_de/0/com.google.android.gms/app_chimera/m/00000001/CronetDynamite.apk has no usable artifacts
04-03 23:01:19.770  2841 18604 I artd    : GetBestInfo: /data/user_de/0/com.google.android.gms/app_chimera/m/00000016/dl-MlkitOcrCommon.optional_261133100800.apk has no usable artifacts
04-03 23:01:19.775 14989 15503 I Icing   : IndexChimeraService.getServiceInterface callingPackage=com.google.android.googlequicksearchbox componentName=AMBIENT_ASSISTANT serviceId=32
04-03 23:01:19.775  2841  2844 I artd    : GetBestInfo: /data/user_de/0/com.google.android.gms/app_chimera/m/0000000e/dl-VisionOcr.optional_253434100000.apk has no usable artifacts
04-03 23:01:19.777  2841 18604 I artd    : GetBestInfo: /data/user_de/0/com.google.android.gms/app_chimera/m/00000002/DynamiteLoader.apk has no usable artifacts
04-03 23:01:19.778  2841 18604 I artd    : GetBestInfo: /data/user_de/0/com.google.android.gms/app_chimera/m/00000005/GoogleCertificates.apk has no usable artifacts
04-03 23:01:19.781  2841  2844 I artd    : GetBestInfo: /data/user_de/0/com.google.android.gms/app_chimera/m/00000012/dl-Appsearch.optional_261133100800.apk has no usable artifacts
04-03 23:01:19.782  2841  2844 I artd    : GetBestInfo: /data/user_de/0/com.google.android.gms/app_chimera/m/00000011/dl-PlayCloudSearch.optional_261133100000.apk has no usable artifacts
04-03 23:01:19.784  2841  2844 I artd    : GetBestInfo: /data/user_de/0/com.google.android.gms/app_chimera/m/00000015/dl-MlkitBarcodeUi.optional_261133100800.apk has no usable artifacts
04-03 23:01:19.787  2841 18604 I artd    : GetBestInfo: /data/user_de/0/com.google.android.gms/app_chimera/m/0000000a/dl-Appsearch.optional_253434100800.apk has no usable artifacts
04-03 23:01:19.787 26126 26147 I earchbox:search: Waiting for a blocking GC ProfileSaver
04-03 23:01:19.788  2841  2844 I artd    : GetBestInfo: /data/user_de/0/com.google.android.gms/app_chimera/m/00000008/dl-TfliteDynamiteDynamite.integ_252130102100800.apk has no usable artifacts
04-03 23:01:19.791  2841 18604 I artd    : GetBestInfo: /data/user_de/0/com.google.android.gms/app_chimera/m/0000000f/dl-MlkitOcrCommon.optional_253434100800.apk has no usable artifacts
04-03 23:01:19.795  2841 18604 I artd    : GetBestInfo: /data/user_de/0/com.google.android.gms/app_chimera/m/00000010/dl-VisionOcr.optional_261133100000.apk has no usable artifacts
04-03 23:01:19.796  2841 18604 I artd    : GetBestInfo: vdex next to the dex file (/data/user/0/com.google.android.gms/app_dg_cache/BB2AE5A47BB198AF36C19CFD2B6407061A1BAF30/oat/x86_64/the.vdex) is kOatUpToDate with filter 'verify' executable 'false'
04-03 23:01:19.800  2841  2844 I artd    : GetBestInfo: /data/user_de/0/com.google.android.gms/app_chimera/m/00000007/MeasurementDynamite.apk has no usable artifacts
04-03 23:01:19.924 14989 14989 D BoundBrokerSvc: onBind: Intent { act=com.google.android.gms.feedback.internal.IFeedbackService dat=chimera-action:/... xflg=0x4 cmp=com.google.android.gms/.chimera.GmsBoundBrokerService }
04-03 23:01:19.924 14989 14989 D BoundBrokerSvc: Loading bound service for intent: Intent { act=com.google.android.gms.feedback.internal.IFeedbackService dat=chimera-action:/... xflg=0x4 cmp=com.google.android.gms/.chimera.GmsBoundBrokerService }
04-03 23:01:19.933 26126 26147 I earchbox:search: WaitForGcToComplete blocked ProfileSaver on Background for 145.916ms
04-03 23:01:19.992 14989 15503 I Icing   : IndexChimeraService.getServiceInterface callingPackage=com.google.android.gms componentName=null serviceId=30
04-03 23:01:20.023 26126 26247 I chly    : (REDACTED) remove request for trigger key: %s, isClientInitiated: %s
04-03 23:01:20.048 26126 26259 I chnx    : (REDACTED) #remove: subTriggerId=%s
04-03 23:01:20.051   819   972 I HalDevMgr: bestIfaceCreationProposal is null, requestIface=STA, existingIface=[name=wlan0 type=STA]
04-03 23:01:20.068 26126 26164 I dkmq    : Building Device Properties.
04-03 23:01:20.077 26126 26247 I xkd     : (REDACTED) #shouldMigrate(): allowMobileLocaleSettingsDataMigration = %b,
04-03 23:01:20.112 26126 26155 W dozv    : Couldn't calculate ClientInstanceId, no account name
04-03 23:01:20.132 14989 31808 I Icing   : Usage reports ok 1, Failed Usage reports 0, indexed 0, rejected 0
04-03 23:01:20.194 26126 26259 I dvec    : #getHotwordModelConfig
04-03 23:01:20.194 14989 31808 I Icing   : Usage reports ok 0, Failed Usage reports 0, indexed 0, rejected 0
04-03 23:01:20.196 26126 26259 I cjbi    : (REDACTED) MDD.getFileGroup(%s)
04-03 23:01:20.245 26126 26164 D AudioSystem: onNewService: media.audio_policy service obtained 0x7710a24a06c0
04-03 23:01:20.303 26126 26164 D AudioSystem: getService: IAudioPolicyService retrieved: 0x7710a24a06c0  cached: 0x7710a24a06c0
04-03 23:01:20.432 26126 26155 I cjbi    : (REDACTED) Loading %s from MDD with name=%s version=%d BuildId= %d
04-03 23:01:20.451 26126 26168 I cjbi    : (REDACTED) [SRM] [Hotword] get hotword model config success, %d locales.
04-03 23:01:20.453 26126 26169 I dvec    : (REDACTED) Mobserve returned config w/ build ID: %d
04-03 23:01:20.453 26126 26169 I dvec    : (REDACTED) Returning hotword config from Mobserve with build %d and keys: %s
04-03 23:01:20.495   636   636 W APM::HwModule: getDeviceDescriptor: could not find HW module for device  (AUDIO_DEVICE_OUT_WIRED_HEADSET, 00000004) address 
04-03 23:01:20.499   636   636 W APM::HwModule: getDeviceDescriptor: could not find HW module for device  (AUDIO_DEVICE_OUT_WIRED_HEADPHONE, 00000008) address 
04-03 23:01:20.502   636   636 W APM::HwModule: getDeviceDescriptor: could not find HW module for device  (AUDIO_DEVICE_OUT_USB_HEADSET, 04000000) address 
04-03 23:01:20.537   819  1791 D ConnectivityService: requestNetwork for uid/pid:10158/26126 activeRequest: null callbackRequest: 452 [NetworkRequest [ REQUEST id=453, [ Capabilities: INTERNET&NOT_RESTRICTED&TRUSTED&NOT_VCN_MANAGED&NOT_BANDWIDTH_CONSTRAINED Uid: 10158 RequestorUid: 10158 RequestorPkg: com.google.android.googlequicksearchbox UnderlyingNetworks: Null] ]] callback flags: 0 order: 2147483647 isUidTracked: false declaredMethods: AVAIL|LOSING|LOST|UNAVAIL|NC|LP|BLK
04-03 23:01:20.551   819   978 D ConnectivityService: NetReassign [453 : null → 104] [c 0] [a 2] [i 2]
04-03 23:01:20.554   819   972 D WifiNetworkFactory: got request NetworkRequest [ REQUEST id=453, [ Capabilities: INTERNET&NOT_RESTRICTED&TRUSTED&NOT_VCN_MANAGED&NOT_BANDWIDTH_CONSTRAINED Uid: 10158 RequestorUid: 10158 RequestorPkg: com.google.android.googlequicksearchbox UnderlyingNetworks: Null] ]
04-03 23:01:20.554 26126 26266 I albd    : #onAvailable()
04-03 23:01:20.563   819   972 D UntrustedWifiNetworkFactory: got request NetworkRequest [ REQUEST id=453, [ Capabilities: INTERNET&NOT_RESTRICTED&TRUSTED&NOT_VCN_MANAGED&NOT_BANDWIDTH_CONSTRAINED Uid: 10158 RequestorUid: 10158 RequestorPkg: com.google.android.googlequicksearchbox UnderlyingNetworks: Null] ]
04-03 23:01:20.567   819   972 D OemPaidWifiNetworkFactory: got request NetworkRequest [ REQUEST id=453, [ Capabilities: INTERNET&NOT_RESTRICTED&TRUSTED&NOT_VCN_MANAGED&NOT_BANDWIDTH_CONSTRAINED Uid: 10158 RequestorUid: 10158 RequestorPkg: com.google.android.googlequicksearchbox UnderlyingNetworks: Null] ]
04-03 23:01:20.567   819   972 D MultiInternetWifiNetworkFactory: got request NetworkRequest [ REQUEST id=453, [ Capabilities: INTERNET&NOT_RESTRICTED&TRUSTED&NOT_VCN_MANAGED&NOT_BANDWIDTH_CONSTRAINED Uid: 10158 RequestorUid: 10158 RequestorPkg: com.google.android.googlequicksearchbox UnderlyingNetworks: Null] ]
04-03 23:01:20.571 26126 26169 I arpx    : Not eligible for Robin
04-03 23:01:20.604 26126 26247 I aizb    : Robin eligibility : Account is Pseudonymous type.
04-03 23:01:20.607 26126 26247 I aizb    : User became ineligible due to one of checks failed on client
04-03 23:01:20.612 26126 26247 I amll    : OptInSetting is UNKNOWN or UNRECOGNIZED [CONTEXT ratelimit_period="10 SECONDS" ]
04-03 23:01:20.613 26126 26247 I aibm    : Manufacturer not matched [CONTEXT ratelimit_period="10 SECONDS" ]
04-03 23:01:20.613 26126 26247 I aibm    : Device not matched [CONTEXT ratelimit_period="10 SECONDS" ]
04-03 23:01:20.659 26126 26247 I aknt    : Returning COHORT_NOT_DETERMINED for signed out user.
04-03 23:01:20.663 26126 26247 I aknt    : Returning COHORT_NOT_DETERMINED for signed out user.
04-03 23:01:20.665 26126 26247 I aioi    : Fast track disabled
04-03 23:01:20.666 26126 26247 I akhd    : Samsung fast track experience disabled (not Samsung device).
04-03 23:01:20.666 26126 26247 I aioi    : Samsung fast track enrollment disabled, not enrolling
04-03 23:01:20.668 26126 26247 I akgy    : Gemini Default Device banner disabled (cache is empty).
04-03 23:01:20.668 26126 26247 I aioi    : Gemini default device banner disabled, not enrolling
04-03 23:01:20.668 26126 26247 I aiov    : (REDACTED) Writing %s cross-process flag values: %s
04-03 23:01:20.688 26126 26169 I azzp    : (REDACTED) getInitialSimplifiedOobeViaDeeplinkUser: %b
04-03 23:01:20.691 26126 26169 I amll    : (REDACTED) isDeeplinkEnabled %s, isInitialSimplifiedOobeViaDeeplinkUser %s
04-03 23:01:20.691 26126 26169 I amll    : #getOobeStatus: BeforeOobe [CONTEXT ratelimit_period="10 SECONDS" ]
04-03 23:01:20.691 26126 26259 I azzp    : (REDACTED) getInitialSimplifiedOobeViaDeeplinkUser: %b
04-03 23:01:20.692 26126 26259 I amll    : (REDACTED) isDeeplinkEnabled %s, isInitialSimplifiedOobeViaDeeplinkUser %s
04-03 23:01:20.692 26126 26259 I aesj    : (REDACTED) FCF System FeatureName to check: %s
04-03 23:01:20.692 26126 26169 I azzp    : (REDACTED) getInitialSimplifiedOobeViaDeeplinkUser: %b
04-03 23:01:20.692 26126 26169 I amll    : (REDACTED) isDeeplinkEnabled %s, isInitialSimplifiedOobeViaDeeplinkUser %s
04-03 23:01:20.695 26126 26259 I aesj    : (REDACTED) FCF: Device model check status : %s
04-03 23:01:20.700 26126 26259 I aezr    : #isGeminiDefaultSystemFeatureEnabled: false
04-03 23:01:20.701 26126 26169 I aizb    : (REDACTED) Robin eligibility : Robin is ineligible failure reasons: %s
04-03 23:01:20.703 26126 26259 I deby    : (REDACTED) isAppDefaultAssistant setting: %s
04-03 23:01:20.703 26126 26259 I deby    : (REDACTED) isAppDefaultAssistant defaultComponentName: %s
04-03 23:01:20.704 26126 26168 I arpx    : Not eligible for Robin
04-03 23:01:20.705 26126 26259 I cidn    : Using default weather temperature preference
04-03 23:01:20.897 26126 28060 D HttpFlagsLoader: Found application exporting HTTP flags: com.google.android.gms
04-03 23:01:20.897 26126 28060 D HttpFlagsLoader: HTTP flags file path: /data/user_de/0/com.google.android.gms/app_httpflags/flags.binarypb
04-03 23:01:20.914 26126 28060 D HttpFlagsLoader: Successfully loaded HTTP flags: # feps@dd99f371
04-03 23:01:20.914 26126 28060 I HttpFlagsLoader: HTTP flags log line (API): Using live production flag values from Google
04-03 23:01:20.984 26126 28060 I HttpEngBuilderWrap: NetworkQualityEstimator is unsupported when HttpEngineNativeProvider is used
04-03 23:01:20.991 18964 18964 D BoundBrokerSvc: onRebind: Intent { act=com.google.android.gms.common.telemetry.service.START dat=chimera-action:/... xflg=0x4 cmp=com.google.android.gms/.chimera.PersistentApiService }
04-03 23:01:21.018 26126 28069 D HttpFlagsLoader: Found application exporting HTTP flags: com.google.android.gms
04-03 23:01:21.022 26126 28069 D HttpFlagsLoader: HTTP flags file path: /data/user_de/0/com.google.android.gms/app_httpflags/flags.binarypb
04-03 23:01:21.103 26126 28069 D HttpFlagsLoader: Successfully loaded HTTP flags: # android.net.connectivity.org.chromium.net.httpflags.Flags@dd99f371
04-03 23:01:21.103 26126 28069 D HttpFlagsLoader: flags {
04-03 23:01:21.103 26126 28069 D HttpFlagsLoader:   key: "Cronet_ForceHttpEngineInFallback"
04-03 23:01:21.103 26126 28069 D HttpFlagsLoader:   value {
04-03 23:01:21.103 26126 28069 D HttpFlagsLoader:     constrained_values {
04-03 23:01:21.103 26126 28069 D HttpFlagsLoader:       app_id: "com.google.android.gms"
04-03 23:01:21.103 26126 28069 D HttpFlagsLoader:     }
04-03 23:01:21.103 26126 28069 D HttpFlagsLoader:     constrained_values {
04-03 23:01:21.103 26126 28069 D HttpFlagsLoader:       app_id: "com.android.vending"
04-03 23:01:21.103 26126 28069 D HttpFlagsLoader:     }
04-03 23:01:21.103 26126 28069 D HttpFlagsLoader:     constrained_values {
04-03 23:01:21.103 26126 28069 D HttpFlagsLoader:       bool_value: true
04-03 23:01:21.103 26126 28069 D HttpFlagsLoader:       min_version: "137.0.7141.0"
04-03 23:01:21.103 26126 28069 D HttpFlagsLoader:     }
04-03 23:01:21.103 26126 28069 D HttpFlagsLoader:   }
04-03 23:01:21.103 26126 28069 D HttpFlagsLoader: }
04-03 23:01:21.103 26126 28069 D HttpFlagsLoader: flags {
04-03 23:01:21.103 26126 28069 D HttpFlagsLoader:   key: "Cronet_override_network_thread_priority"
04-03 23:01:21.103 26126 28069 D HttpFlagsLoader:   value {
04-03 23:01:21.103 26126 28069 D HttpFlagsLoader:     constrained_values {
04-03 23:01:21.103 26126 28069 D HttpFlagsLoader:       app_id: "com.google.android.gms"
04-03 23:01:21.103 26126 28069 D HttpFlagsLoader:     }
04-03 23:01:21.103 26126 28069 D HttpFlagsLoader:     constrained_values {
04-03 23:01:21.103 26126 28069 D HttpFlagsLoader:       app_id: "com.android.vending"
04-03 23:01:21.103 26126 28069 D HttpFlagsLoader:     }
04-03 23:01:21.103 26126 28069 D HttpFlagsLoader:     constrained_values {
04-03 23:01:21.103 26126 28069 D HttpFlagsLoader:       int_value: 0
04-03 23:01:21.103 26126 28069 D HttpFlagsLoader:       min_version: "126.0.6465.0"
04-03 23:01:21.103 26126 28069 D HttpFlagsLoader:     }
04-03 23:01:21.103 26126 28069 D HttpFlagsLoader:   }
04-03 23:01:21.103 26126 28069 D HttpFlagsLoader: }
04-03 23:01:21.103 26126 28069 D HttpFlagsLoader: flags {
04-03 23:01:21.103 26126 28069 D HttpFlagsLoader:   key: "ChromiumBaseFeature_OverrideConnectionOptions"
04-03 23:01:21.103 26126 28069 D HttpFlagsLoader:   value {
04-03 23:01:21.103 26126 28069 D HttpFlagsLoader:   }
04-03 23:01:21.103 26126 28069 D HttpFlagsLoader: }
04-03 23:01:21.103 26126 28069 D HttpFlagsLoader: flags {
04-03 23:01:21.103 26126 28069 D HttpFlagsLoader:   key: "Cronet_InitializeBuildInfoOnStartup"
04-03 23:01:21.103 26126 28069 D HttpFlagsLoader:   value {
04-03 23:01:21.103 26126 28069 D HttpFlagsLoader:     constrained_values {
04-03 23:01:21.103 26126 28069 D HttpFlagsLoader:       app_id: "com.google.android.gms"
04-03 23:01:21.103 26126 28069 D HttpFlagsLoader:     }
04-03 23:01:21.103 26126 28069 D HttpFlagsLoader:     constrained_values {
04-03 23:01:21.103 26126 28069 D HttpFlagsLoader:       app_id: "com.android.vending"
04-03 23:01:21.103 26126 28069 D HttpFlagsLoader:     }
04-03 23:01:21.103 26126 28069 D HttpFlagsLoader:     constrained_values {
04-03 23:01:21.103 26126 28069 D HttpFlagsLoader:       bool_value: false
04-03 23:01:21.103 26126 28069 D HttpFlagsLoader:       min_version: "135.0.7011.0"
04-03 23:01:21.103 26126 28069 D HttpFlagsLoader:     }
04-03 23:01:21.103 26126 28069 D HttpFlagsLoader:   }
04-03 23:01:21.103 26126 28069 D HttpFlagsLoader: }
04-03 23:01:21.103 26126 28069 D HttpFlagsLoader: flags {
04-03 23:01:21.103 26126 28069 D HttpFlagsLoader:   key: "ChromiumBaseFeature_OverrideClientConnectionOptions_PARAM_ForceOff"
04-03 23:01:21.103 26126 28069 D HttpFlagsLoader:   value {
04-03 23:01:21.103 26126 28069 D HttpFlagsLoader:   }
04-03 23:01:21.103 26126 28069 D HttpFlagsLoader: }
04-03 23:01:21.103 26126 28069 D HttpFlagsLoader: flags {
04-03 23:01:21.103 26126 28069 D HttpFlagsLoader:   key: "Cronet_OverrideNativeCronetWithHttpEngine"
04-03 23:01:21.103 26126 28069 D HttpFlagsLoader:   value {
04-03 23:01:21.103 26126 28069 D HttpFlagsLoader:     constrained_values {
04-03 23:01:21.103 26126 28069 D HttpFlagsLoader:       app_id: "com.google.android.gms"
04-03 23:01:21.103 26126 28069 D HttpFlagsLoader:     }
04-03 23:01:21.103 26126 28069 D HttpFlagsLoader:     constrained_values {
04-03 23:01:21.103 26126 28069 D HttpFlagsLoader:       app_id: "com.android.vending"
04-03 23:01:21.103 26126 28069 D HttpFlagsLoader:     }
04-03 23:01:21.103 26126 28069 D HttpFlagsLoader:     constrained_values {
04-03 23:01:21.103 26126 28069 D HttpFlagsLoader:       app_id: "com.google.android.googlequicksearchbox"
04-03 23:01:21.103 26126 28069 D HttpFlagsLoader:       bool_value: true
04-03 23:01:21.103 26126 28069 D HttpFlagsLoader:       min_version: "139.0.7205.3"
04-03 23:01:21.103 26126 28069 D HttpFlagsLoader:     }
04-03 23:01:21.103 26126 28069 D HttpFlagsLoader:     constrained_values {
04-03 23:01:21.103 26126 28069 D HttpFlagsLoader:       app_id: "com.google.android.apps.maps"
04-03 23:01:21.103 26126 28069 D HttpFlagsLoader:       bool_value: true
