04-03 22:59:49.963  2841 18604 I artd    : GetBestInfo: /data/user_de/0/com.google.android.gms/app_chimera/m/0000000f/dl-MlkitOcrCommon.optional_253434100800.apk has no usable artifacts
04-03 22:59:49.971  2841 18604 I artd    : GetBestInfo: /data/user_de/0/com.google.android.gms/app_chimera/m/00000010/dl-VisionOcr.optional_261133100000.apk has no usable artifacts
04-03 22:59:49.978  2841 18604 I artd    : GetBestInfo: vdex next to the dex file (/data/user/0/com.google.android.gms/app_dg_cache/BB2AE5A47BB198AF36C19CFD2B6407061A1BAF30/oat/x86_64/the.vdex) is kOatUpToDate with filter 'verify' executable 'false'
04-03 22:59:49.980  2841 18604 I artd    : GetBestInfo: /data/user_de/0/com.google.android.gms/app_chimera/m/00000007/MeasurementDynamite.apk has no usable artifacts
04-03 22:59:49.983 26126 26155 D WM-GreedyScheduler: Starting tracking for 29465026-7dac-4f40-935f-7b79bb521c5b,7ab3deb2-7ba2-4a2b-8632-513cdf817ffd,bbdb5e5e-851e-41f5-abac-993eb90f0d87,a43fdbee-4d6c-4db2-8a37-476b15d93f40,e3570ec9-e373-4aba-af6f-962a4afa3fac,485293fa-2ebb-4298-bfa6-26ecf0f86848,42c30530-ea9b-4005-8c23-dbcef4f9ce40,a5b51194-eff1-431b-9529-e9cb4528ac59,7c854e34-9c31-4f3f-bff4-7cf2f2ec36f2,acce67d5-c4ec-44fa-b437-f99d6a9ffb60,564eb227-d343-436d-b6cc-ba79b47994a7,21dd860e-120b-48a9-b701-8528ee97c614
04-03 22:59:51.409 14989 14989 D BoundBrokerSvc: onUnbind: Intent { act=com.google.android.mobstore.service.START xflg=0x4 pkg=com.google.android.gms }
04-03 22:59:51.651   819   978 D InetDiagMessage: Destroyed 0 sockets, proto=IPPROTO_TCP, family=AF_INET, states=14
04-03 22:59:51.652   819   978 D InetDiagMessage: Destroyed 0 sockets, proto=IPPROTO_TCP, family=AF_INET6, states=14
04-03 22:59:51.652   819   978 D InetDiagMessage: Destroyed live tcp sockets for uids={10157} in 3ms
04-03 22:59:51.652   819   978 D InetDiagMessage: Destroyed 0 sockets, proto=IPPROTO_TCP, family=AF_INET, states=14
04-03 22:59:51.655   819   978 D InetDiagMessage: Destroyed 0 sockets, proto=IPPROTO_TCP, family=AF_INET6, states=14
04-03 22:59:51.656   819   978 D InetDiagMessage: Destroyed live tcp sockets for uids={20157} in 4ms
04-03 22:59:52.745   819   972 I HalDevMgr: bestIfaceCreationProposal is null, requestIface=STA, existingIface=[name=wlan0 type=STA]
04-03 22:59:55.758   819   972 I HalDevMgr: bestIfaceCreationProposal is null, requestIface=STA, existingIface=[name=wlan0 type=STA]
04-03 22:59:56.659   819   917 D ActivityManager: freezing 7166 com.google.android.settings.intelligence
04-03 22:59:56.663   819   978 D InetDiagMessage: Destroyed 0 sockets, proto=IPPROTO_TCP, family=AF_INET, states=14
04-03 22:59:56.664   819   978 D InetDiagMessage: Destroyed 0 sockets, proto=IPPROTO_TCP, family=AF_INET6, states=14
04-03 22:59:56.664   819   978 D InetDiagMessage: Destroyed live tcp sockets for uids={10157} in 3ms
04-03 22:59:57.108 26126 26259 E eeot    : (REDACTED) Trace %s timed out after %d ms. Complete trace: %s
04-03 22:59:57.108 26126 26259 E eeot    : eeqc: 
04-03 22:59:57.108 26126 26259 E eeot    : 	at tk_trace.Query: SELECT * FROM AllListenersSucceededVersionTable WHERE version_code = (?)(Started After:4)
04-03 22:59:57.108 26126 26259 E eeot    : 	at tk_trace.AfterPackageReplaced(Started After:3)
04-03 22:59:57.108 26126 26259 E eeot    : 	at tk_trace.Startup Listeners(Started After:3)
04-03 22:59:57.108 26126 26259 E eeot    : 	at tk_trace.Application.onCreate(Started After:3)
04-03 22:59:57.108 26126 26259 E eeot    : 	at tk_trace.Application creation(Started After:0)
04-03 22:59:57.456  1247  1383 D SatelliteController: iisInCarrierRoamingNbIotNtn: satellite is disabled
04-03 22:59:57.456  1247  1383 D SatelliteController: getCarrierRoamingNtnConnectType: Falling back to global carrier config connect type: 0
04-03 22:59:58.483 26173 26206 E eeot    : (REDACTED) Trace %s timed out after %d ms. Complete trace: %s
04-03 22:59:58.483 26173 26206 E eeot    : eeqc: 
04-03 22:59:58.483 26173 26206 E eeot    : 	at tk_trace.Read SignedOutState(Started After:3)
04-03 22:59:58.483 26173 26206 E eeot    : 	at tk_trace.Get SignedOutState(Started After:3)
04-03 22:59:58.483 26173 26206 E eeot    : 	at tk_trace.Synclet: infrastructure_daily_data_logging_sync(Started After:2)
04-03 22:59:58.483 26173 26206 E eeot    : 	at tk_trace.NoAccountWorkerFactory startWork()(Started After:0)
04-03 22:59:58.483 26173 26206 E eeot    : 	at tk_trace.com.google.apps.tiktok.sync.impl.workmanager.SyncPeriodicWorker startWork()(Started After:0)
04-03 22:59:58.483 26173 26206 E eeot    : 	at tk_trace.com.google.apps.tiktok.sync.impl.workmanager.SyncPeriodicWorker startWork()(Started After:0)
04-03 22:59:58.483 26173 26206 E eeot    : 	at tk_trace.WorkManager:TikTokListenableWorker startWork(Started After:0)
04-03 22:59:58.486 26173 26234 E eeot    : (REDACTED) Trace %s timed out after %d ms. Complete trace: %s
04-03 22:59:58.486 26173 26234 E eeot    : eeqc: 
04-03 22:59:58.486 26173 26234 E eeot    : 	at tk_trace.LocationUpdateRequester#isEnabled(Started After:1659)
04-03 22:59:58.486 26173 26234 E eeot    : 	at tk_trace.LocationUpdateRequester#requestOrRemoveLocationUpdates(Started After:1659)
04-03 22:59:58.486 26173 26234 E eeot    : 	at tk_trace.LocationUpdateRequestScheduler#scheduleLocationUpdateRequest(Started After:1659)
04-03 22:59:58.486 26173 26234 E eeot    : 	at tk_trace.LocationUpdateApplicationStartupListener#onApplicationStartup(Started After:1)
04-03 22:59:58.486 26173 26234 E eeot    : 	at tk_trace.LocationUpdateApplicationStartupListener(Started After:1)
04-03 22:59:58.486 26173 26234 E eeot    : 	at tk_trace.Startup Listeners(Started After:1)
04-03 22:59:58.486 26173 26234 E eeot    : 	at tk_trace.Application.onCreate(Started After:1)
04-03 22:59:58.486 26173 26234 E eeot    : 	at tk_trace.Application creation(Started After:0)
04-03 22:59:58.768   819   972 I HalDevMgr: bestIfaceCreationProposal is null, requestIface=STA, existingIface=[name=wlan0 type=STA]
04-03 22:59:59.286 27990 27990 W libbinder.BackendUnifiedServiceManager: Thread Pool max thread count is 0. Cannot cache binder as linkToDeath cannot be implemented. serviceName: package
04-03 22:59:59.508   819   829 I system_server: Background young concurrent mark compact GC freed 24MB AllocSpace bytes, 12(360KB) LOS objects, 38% free, 36MB/59MB, paused 11.487ms,13.200ms total 212.475ms
04-03 22:59:59.750  2841 18604 I artd    : GetBestInfo: odex next to the dex file (/data/app/~~l86ooHn3z7zjJPmRwuVyKA==/com.google.android.gms-mjvtrlLEHAA3R1GV5L8qqg==/oat/x86_64/base.odex) is kOatUpToDate with filter 'speed-profile' executable 'false'
04-03 22:59:59.766  2841 18604 I artd    : GetBestInfo: odex next to the dex file (/data/app/~~l86ooHn3z7zjJPmRwuVyKA==/com.google.android.gms-mjvtrlLEHAA3R1GV5L8qqg==/oat/x86_64/split_AdsDynamite_installtime.odex) is kOatUpToDate with filter 'speed' executable 'false'
04-03 22:59:59.769  2841 18604 I artd    : GetBestInfo: odex next to the dex file (/data/app/~~l86ooHn3z7zjJPmRwuVyKA==/com.google.android.gms-mjvtrlLEHAA3R1GV5L8qqg==/oat/x86_64/split_CronetDynamite_installtime.odex) is kOatUpToDate with filter 'speed' executable 'false'
04-03 22:59:59.775  2841 18604 I artd    : GetBestInfo: odex next to the dex file (/data/app/~~l86ooHn3z7zjJPmRwuVyKA==/com.google.android.gms-mjvtrlLEHAA3R1GV5L8qqg==/oat/x86_64/split_DynamiteLoader_installtime.odex) is kOatUpToDate with filter 'speed' executable 'false'
04-03 22:59:59.781  2841 18604 I artd    : GetBestInfo: odex next to the dex file (/data/app/~~l86ooHn3z7zjJPmRwuVyKA==/com.google.android.gms-mjvtrlLEHAA3R1GV5L8qqg==/oat/x86_64/split_DynamiteModulesA_installtime.odex) is kOatUpToDate with filter 'speed' executable 'false'
04-03 22:59:59.788  2841 18604 I artd    : GetBestInfo: odex next to the dex file (/data/app/~~l86ooHn3z7zjJPmRwuVyKA==/com.google.android.gms-mjvtrlLEHAA3R1GV5L8qqg==/oat/x86_64/split_DynamiteModulesC_installtime.odex) is kOatUpToDate with filter 'speed' executable 'false'
04-03 22:59:59.790  2841 18604 I artd    : GetBestInfo: odex next to the dex file (/data/app/~~l86ooHn3z7zjJPmRwuVyKA==/com.google.android.gms-mjvtrlLEHAA3R1GV5L8qqg==/oat/x86_64/split_GoogleCertificates_installtime.odex) is kOatUpToDate with filter 'speed' executable 'false'
04-03 22:59:59.793  2841 18604 I artd    : GetBestInfo: odex next to the dex file (/data/app/~~l86ooHn3z7zjJPmRwuVyKA==/com.google.android.gms-mjvtrlLEHAA3R1GV5L8qqg==/oat/x86_64/split_MapsDynamite_installtime.odex) is kOatUpToDate with filter 'speed' executable 'false'
04-03 22:59:59.796  2841 18604 I artd    : GetBestInfo: odex next to the dex file (/data/app/~~l86ooHn3z7zjJPmRwuVyKA==/com.google.android.gms-mjvtrlLEHAA3R1GV5L8qqg==/oat/x86_64/split_MeasurementDynamite_installtime.odex) is kOatUpToDate with filter 'speed' executable 'false'
04-03 22:59:59.799  2841 18604 I artd    : GetBestInfo: /data/user_de/0/com.google.android.gms/app_chimera/m/0000000d/dl-PlayCloudSearch.optional_253434100000.apk has no usable artifacts
04-03 22:59:59.803  2841 18604 I artd    : GetBestInfo: /data/user_de/0/com.google.android.gms/app_chimera/m/0000000c/dl-MlkitBarcodeUi.optional_253434100800.apk has no usable artifacts
04-03 22:59:59.804  2841 18604 I artd    : GetBestInfo: /data/user_de/0/com.google.android.gms/app_chimera/m/00000001/CronetDynamite.apk has no usable artifacts
04-03 22:59:59.807  2841 18604 I artd    : GetBestInfo: /data/user_de/0/com.google.android.gms/app_chimera/m/00000016/dl-MlkitOcrCommon.optional_261133100800.apk has no usable artifacts
04-03 22:59:59.811  2841 18604 I artd    : GetBestInfo: /data/user_de/0/com.google.android.gms/app_chimera/m/0000000e/dl-VisionOcr.optional_253434100000.apk has no usable artifacts
04-03 22:59:59.814  2841 18604 I artd    : GetBestInfo: /data/user_de/0/com.google.android.gms/app_chimera/m/00000002/DynamiteLoader.apk has no usable artifacts
04-03 22:59:59.816  2841 18604 I artd    : GetBestInfo: /data/user_de/0/com.google.android.gms/app_chimera/m/00000005/GoogleCertificates.apk has no usable artifacts
04-03 22:59:59.818  2841 18604 I artd    : GetBestInfo: /data/user_de/0/com.google.android.gms/app_chimera/m/00000012/dl-Appsearch.optional_261133100800.apk has no usable artifacts
04-03 22:59:59.820  2841 18604 I artd    : GetBestInfo: /data/user_de/0/com.google.android.gms/app_chimera/m/00000011/dl-PlayCloudSearch.optional_261133100000.apk has no usable artifacts
04-03 22:59:59.824  2841 18604 I artd    : GetBestInfo: /data/user_de/0/com.google.android.gms/app_chimera/m/00000015/dl-MlkitBarcodeUi.optional_261133100800.apk has no usable artifacts
04-03 22:59:59.827  2841 18604 I artd    : GetBestInfo: /data/user_de/0/com.google.android.gms/app_chimera/m/0000000a/dl-Appsearch.optional_253434100800.apk has no usable artifacts
04-03 22:59:59.832  2841 18604 I artd    : GetBestInfo: /data/user_de/0/com.google.android.gms/app_chimera/m/00000008/dl-TfliteDynamiteDynamite.integ_252130102100800.apk has no usable artifacts
04-03 22:59:59.834  2841 18604 I artd    : GetBestInfo: /data/user_de/0/com.google.android.gms/app_chimera/m/0000000f/dl-MlkitOcrCommon.optional_253434100800.apk has no usable artifacts
04-03 22:59:59.837  2841 18604 I artd    : GetBestInfo: /data/user_de/0/com.google.android.gms/app_chimera/m/00000010/dl-VisionOcr.optional_261133100000.apk has no usable artifacts
04-03 22:59:59.847  2841  2844 I artd    : GetBestInfo: vdex next to the dex file (/data/user/0/com.google.android.gms/app_dg_cache/BB2AE5A47BB198AF36C19CFD2B6407061A1BAF30/oat/x86_64/the.vdex) is kOatUpToDate with filter 'verify' executable 'false'
04-03 22:59:59.853  2841  2844 I artd    : GetBestInfo: /data/user_de/0/com.google.android.gms/app_chimera/m/00000007/MeasurementDynamite.apk has no usable artifacts
04-03 22:59:59.944   819   917 D ActivityManager: freezing 26126 com.google.android.googlequicksearchbox:search
04-03 22:59:59.946   819   917 D ActivityManager: freezing 26173 com.google.android.googlequicksearchbox:googleapp
04-03 23:00:00.027   819   849 D ActivityManager: sync unfroze 6843 com.android.settings for 3
04-03 23:00:00.033   819   849 D ActivityManager: sync unfroze 10500 com.android.keychain for 10
04-03 23:00:00.352  6843 22009 D BatteryUsageDataLoader: loadUsageDataSafely() in the AsyncTask
04-03 23:00:00.360  6843  6843 D PeriodicJobReceiver: refresh periodic job from action=com.android.settings.battery.action.PERIODIC_JOB_UPDATE
04-03 23:00:00.438  6843  6843 D PeriodicJobManager: schedule next alarm job at Apr 04, 2026, 00:00:00
04-03 23:00:00.446   819  1146 D TelephonyManager: requestModemActivityInfo: Sending result to app: ModemActivityInfo{ mTimestamp=184753795 mSleepTimeMs=23142 mIdleTimeMs=7714 mActivityStatsTechSpecificInfo=[{mRat=UNKNOWN,mFrequencyRange=UNKNOWN,mTxTimeMs[]=[551, 1653, 3306, 4408, 4959],mRxTimeMs=4959}]}
04-03 23:00:00.519   819   859 E BluetoothPowerStatsCollector: Cannot acquire BluetoothActivityEnergyInfo
04-03 23:00:00.519   819   859 E BluetoothPowerStatsCollector: java.util.concurrent.ExecutionException: java.lang.RuntimeException: error: 11
04-03 23:00:00.519   819   859 E BluetoothPowerStatsCollector: 	at java.util.concurrent.CompletableFuture.reportGet(CompletableFuture.java:372)
04-03 23:00:00.519   819   859 E BluetoothPowerStatsCollector: 	at java.util.concurrent.CompletableFuture.get(CompletableFuture.java:2072)
04-03 23:00:00.519   819   859 E BluetoothPowerStatsCollector: 	at com.android.server.power.stats.BluetoothPowerStatsCollector.collectBluetoothActivityInfo(BluetoothPowerStatsCollector.java:191)
04-03 23:00:00.519   819   859 E BluetoothPowerStatsCollector: 	at com.android.server.power.stats.BluetoothPowerStatsCollector.collectStats(BluetoothPowerStatsCollector.java:155)
04-03 23:00:00.519   819   859 E BluetoothPowerStatsCollector: 	at com.android.server.power.stats.PowerStatsCollector.collectAndDeliverStats(PowerStatsCollector.java:196)
04-03 23:00:00.519   819   859 E BluetoothPowerStatsCollector: 	at com.android.server.power.stats.PowerStatsCollector.lambda$forceSchedule$1(PowerStatsCollector.java:185)
04-03 23:00:00.519   819   859 E BluetoothPowerStatsCollector: 	at com.android.server.power.stats.PowerStatsCollector.$r8$lambda$S8t6eDCBuELjdSNvyveTMprEzE0(PowerStatsCollector.java:0)
04-03 23:00:00.519   819   859 E BluetoothPowerStatsCollector: 	at com.android.server.power.stats.PowerStatsCollector$$ExternalSyntheticLambda0.run(R8$$SyntheticClass:0)
04-03 23:00:00.519   819   859 E BluetoothPowerStatsCollector: 	at android.os.Handler.handleCallback(Handler.java:1070)
04-03 23:00:00.519   819   859 E BluetoothPowerStatsCollector: 	at android.os.Handler.dispatchMessage(Handler.java:125)
04-03 23:00:00.519   819   859 E BluetoothPowerStatsCollector: 	at android.os.Looper.dispatchMessage(Looper.java:333)
04-03 23:00:00.519   819   859 E BluetoothPowerStatsCollector: 	at android.os.Looper.loopOnce(Looper.java:263)
04-03 23:00:00.519   819   859 E BluetoothPowerStatsCollector: 	at android.os.Looper.loop(Looper.java:367)
04-03 23:00:00.519   819   859 E BluetoothPowerStatsCollector: 	at android.os.HandlerThread.run(HandlerThread.java:139)
04-03 23:00:00.519   819   859 E BluetoothPowerStatsCollector: Caused by: java.lang.RuntimeException: error: 11
04-03 23:00:00.519   819   859 E BluetoothPowerStatsCollector: 	at com.android.server.power.stats.BluetoothPowerStatsCollector$1.onBluetoothActivityEnergyInfoError(BluetoothPowerStatsCollector.java:180)
04-03 23:00:00.519   819   859 E BluetoothPowerStatsCollector: 	at android.bluetooth.BluetoothAdapter$OnBluetoothActivityEnergyInfoProxy.lambda$onBluetoothActivityEnergyInfoAvailable$0(BluetoothAdapter.java:1010)
04-03 23:00:00.519   819   859 E BluetoothPowerStatsCollector: 	at android.bluetooth.BluetoothAdapter$OnBluetoothActivityEnergyInfoProxy.$r8$lambda$ks_hN9Vo_x2Jp1k5f-s67WiAd4A(Unknown Source:0)
04-03 23:00:00.519   819   859 E BluetoothPowerStatsCollector: 	at android.bluetooth.BluetoothAdapter$OnBluetoothActivityEnergyInfoProxy$$ExternalSyntheticLambda0.run(D8$$SyntheticClass:0)
04-03 23:00:00.519   819   859 E BluetoothPowerStatsCollector: 	at android.bluetooth.BluetoothUtils.lambda$executeFromBinder$0(BluetoothUtils.java:346)
04-03 23:00:00.519   819   859 E BluetoothPowerStatsCollector: 	at android.bluetooth.BluetoothUtils$$ExternalSyntheticLambda1.run(D8$$SyntheticClass:0)
04-03 23:00:00.519   819   859 E BluetoothPowerStatsCollector: 	at com.android.server.SystemServerInitThreadPool$$ExternalSyntheticLambda0.execute(R8$$SyntheticClass:0)
04-03 23:00:00.519   819   859 E BluetoothPowerStatsCollector: 	at android.bluetooth.BluetoothUtils.executeFromBinder(BluetoothUtils.java:346)
04-03 23:00:00.519   819   859 E BluetoothPowerStatsCollector: 	at android.bluetooth.BluetoothAdapter$OnBluetoothActivityEnergyInfoProxy.onBluetoothActivityEnergyInfoAvailable(BluetoothAdapter.java:1008)
04-03 23:00:00.519   819   859 E BluetoothPowerStatsCollector: 	at android.bluetooth.IBluetoothActivityEnergyInfoListener$Stub.onTransact(IBluetoothActivityEnergyInfoListener.java:98)
04-03 23:00:00.519   819   859 E BluetoothPowerStatsCollector: 	at android.os.Binder.execTransactInternal(Binder.java:1478)
04-03 23:00:00.519   819   859 E BluetoothPowerStatsCollector: 	at android.os.Binder.execTransact(Binder.java:1418)
04-03 23:00:00.687   819  1146 D TelephonyManager: requestModemActivityInfo: Sending result to app: ModemActivityInfo{ mTimestamp=184754038 mSleepTimeMs=23184 mIdleTimeMs=7728 mActivityStatsTechSpecificInfo=[{mRat=UNKNOWN,mFrequencyRange=UNKNOWN,mTxTimeMs[]=[552, 1656, 3312, 4416, 4968],mRxTimeMs=4968}]}
04-03 23:00:00.724   819   859 E BluetoothPowerStatsCollector: Cannot acquire BluetoothActivityEnergyInfo
04-03 23:00:00.724   819   859 E BluetoothPowerStatsCollector: java.util.concurrent.ExecutionException: java.lang.RuntimeException: error: 11
04-03 23:00:00.724   819   859 E BluetoothPowerStatsCollector: 	at java.util.concurrent.CompletableFuture.reportGet(CompletableFuture.java:372)
04-03 23:00:00.724   819   859 E BluetoothPowerStatsCollector: 	at java.util.concurrent.CompletableFuture.get(CompletableFuture.java:2072)
04-03 23:00:00.724   819   859 E BluetoothPowerStatsCollector: 	at com.android.server.power.stats.BluetoothPowerStatsCollector.collectBluetoothActivityInfo(BluetoothPowerStatsCollector.java:191)
04-03 23:00:00.724   819   859 E BluetoothPowerStatsCollector: 	at com.android.server.power.stats.BluetoothPowerStatsCollector.collectStats(BluetoothPowerStatsCollector.java:155)
04-03 23:00:00.724   819   859 E BluetoothPowerStatsCollector: 	at com.android.server.power.stats.PowerStatsCollector.collectAndDeliverStats(PowerStatsCollector.java:196)
04-03 23:00:00.724   819   859 E BluetoothPowerStatsCollector: 	at com.android.server.power.stats.PowerStatsCollector.lambda$forceSchedule$1(PowerStatsCollector.java:185)
04-03 23:00:00.724   819   859 E BluetoothPowerStatsCollector: 	at com.android.server.power.stats.PowerStatsCollector.$r8$lambda$S8t6eDCBuELjdSNvyveTMprEzE0(PowerStatsCollector.java:0)
04-03 23:00:00.724   819   859 E BluetoothPowerStatsCollector: 	at com.android.server.power.stats.PowerStatsCollector$$ExternalSyntheticLambda0.run(R8$$SyntheticClass:0)
04-03 23:00:00.724   819   859 E BluetoothPowerStatsCollector: 	at android.os.Handler.handleCallback(Handler.java:1070)
04-03 23:00:00.724   819   859 E BluetoothPowerStatsCollector: 	at android.os.Handler.dispatchMessage(Handler.java:125)
04-03 23:00:00.724   819   859 E BluetoothPowerStatsCollector: 	at android.os.Looper.dispatchMessage(Looper.java:333)
04-03 23:00:00.724   819   859 E BluetoothPowerStatsCollector: 	at android.os.Looper.loopOnce(Looper.java:263)
04-03 23:00:00.724   819   859 E BluetoothPowerStatsCollector: 	at android.os.Looper.loop(Looper.java:367)
04-03 23:00:00.724   819   859 E BluetoothPowerStatsCollector: 	at android.os.HandlerThread.run(HandlerThread.java:139)
04-03 23:00:00.724   819   859 E BluetoothPowerStatsCollector: Caused by: java.lang.RuntimeException: error: 11
04-03 23:00:00.724   819   859 E BluetoothPowerStatsCollector: 	at com.android.server.power.stats.BluetoothPowerStatsCollector$1.onBluetoothActivityEnergyInfoError(BluetoothPowerStatsCollector.java:180)
04-03 23:00:00.724   819   859 E BluetoothPowerStatsCollector: 	at android.bluetooth.BluetoothAdapter$OnBluetoothActivityEnergyInfoProxy.lambda$onBluetoothActivityEnergyInfoAvailable$0(BluetoothAdapter.java:1010)
04-03 23:00:00.724   819   859 E BluetoothPowerStatsCollector: 	at android.bluetooth.BluetoothAdapter$OnBluetoothActivityEnergyInfoProxy.$r8$lambda$ks_hN9Vo_x2Jp1k5f-s67WiAd4A(Unknown Source:0)
04-03 23:00:00.724   819   859 E BluetoothPowerStatsCollector: 	at android.bluetooth.BluetoothAdapter$OnBluetoothActivityEnergyInfoProxy$$ExternalSyntheticLambda0.run(D8$$SyntheticClass:0)
04-03 23:00:00.724   819   859 E BluetoothPowerStatsCollector: 	at android.bluetooth.BluetoothUtils.lambda$executeFromBinder$0(BluetoothUtils.java:346)
04-03 23:00:00.724   819   859 E BluetoothPowerStatsCollector: 	at android.bluetooth.BluetoothUtils$$ExternalSyntheticLambda1.run(D8$$SyntheticClass:0)
04-03 23:00:00.724   819   859 E BluetoothPowerStatsCollector: 	at com.android.server.SystemServerInitThreadPool$$ExternalSyntheticLambda0.execute(R8$$SyntheticClass:0)
04-03 23:00:00.724   819   859 E BluetoothPowerStatsCollector: 	at android.bluetooth.BluetoothUtils.executeFromBinder(BluetoothUtils.java:346)
04-03 23:00:00.724   819   859 E BluetoothPowerStatsCollector: 	at android.bluetooth.BluetoothAdapter$OnBluetoothActivityEnergyInfoProxy.onBluetoothActivityEnergyInfoAvailable(BluetoothAdapter.java:1008)
04-03 23:00:00.724   819   859 E BluetoothPowerStatsCollector: 	at android.bluetooth.IBluetoothActivityEnergyInfoListener$Stub.onTransact(IBluetoothActivityEnergyInfoListener.java:98)
04-03 23:00:00.724   819   859 E BluetoothPowerStatsCollector: 	at android.os.Binder.execTransactInternal(Binder.java:1478)
04-03 23:00:00.724   819   859 E BluetoothPowerStatsCollector: 	at android.os.Binder.execTransact(Binder.java:1418)
04-03 23:00:00.841  6843 22009 D DataProcessor: getBatteryUsageStats() from BatteryStatsManager in 457/ms, maxStatsAgeMs=0
04-03 23:00:00.845  6843 22009 W DataProcessor: shouldShowBatteryAttributionList(): 0.1
04-03 23:00:00.845  6843 22009 W BatteryUsageDataLoader: getBatteryEntryList() returns null or empty content
04-03 23:00:00.845  6843 22009 D BatteryUsageDataLoader: getBatteryUsageStats() in 482/ms
04-03 23:00:01.045  6843 22009 D DatabaseUtils: insert() data into database with isFullChargeStart:false
04-03 23:00:01.048  6843 22009 D DatabaseUtils: sendBatteryEntryData() size=1 in 203/ms
04-03 23:00:01.069  6843 22009 D BatteryUsageContentProvider: getQueryUserId from uri: content://com.android.settings.battery.usage.provider/appUsageLatestTimestamp?userid=0
04-03 23:00:01.077  6843 22009 D BatteryUsageContentProvider: getAppUsageLatestTimestamp() for user 0 in 7/ms
04-03 23:00:01.103  6843 22009 D DatabaseUtils: getAppUsageStartTimestampOfUser() userId=0 latestTimestamp=Apr 03, 2026, 19:28:27 in 37/ms
04-03 23:00:01.133   819  1791 V Configuration: Updating configuration, locales updated from [] to [en_US]
04-03 23:00:01.141  6843 22009 D DataProcessor: getAppUsageEventsForUser(): 0 from 1775269707365 to 1775282401065 in 38/ms
04-03 23:00:01.141  6843 22009 D DataProcessor: getAppUsageEvents() for all unlocked users in 78/ms
04-03 23:00:01.147  6843 22009 D DataProcessor: Read 4 relevant events (4 total) from UsageStatsManager for user 0
04-03 23:00:01.147  6843 22009 W DataProcessor: Read 4 relevant events (4 total) from UsageStatsManager for all users
04-03 23:00:01.147  6843 22009 D BatteryUsageDataLoader: loadAppUsageData() size=4 in 84/ms
04-03 23:00:01.211  6843 22009 D DatabaseUtils: insert() app usage events data into database
04-03 23:00:01.211  6843 22009 D DatabaseUtils: sendAppUsageEventData() size=4 in 64/ms
04-03 23:00:01.212  6843 22009 D BatteryUsageContentProvider: getLastFullChargeTimestamp() in 0/ms
04-03 23:00:01.216  6843 22009 D DatabaseUtils: getLastFullChargeTime() lastFullChargeTime=Dec 31, 1969, 16:00:00 in 5/ms
04-03 23:00:01.216  6843 22009 D DatabaseUtils: getBatteryEvents for timestamp: 1774681200000
04-03 23:00:01.219  6843 22009 D BatteryUsageContentProvider: getQueryBatteryEventTypes from uri: content://com.android.settings.battery.usage.provider/BatteryEvent?timestamp=1774681200000&batteryEventType=3%2C4
04-03 23:00:01.220  6843 22009 D BatteryUsageContentProvider: getQueryTimestamp from uri: content://com.android.settings.battery.usage.provider/BatteryEvent?timestamp=1774681200000&batteryEventType=3%2C4
04-03 23:00:01.220  6843 22009 W BatteryUsageContentProvider: getBatteryEvents() in 0/ms
04-03 23:00:01.228  6843 22009 D DatabaseUtils: getBatteryEvents size=108 in 11/ms
04-03 23:00:01.228  6843 22009 D DataProcessManager: getPeriodBatteryLevelData() startTimestamp=Apr 03, 2026, 22:00:00
04-03 23:00:01.229  6843 22009 D DataProcessManager: execute getBatteryLevelData in 18/ms, batteryLevelRecordEvents.size=108
04-03 23:00:01.229  6843 22009 D BatteryUsageDataLoader: preprocessBatteryUsageSlots() no new battery usage data.
04-03 23:00:01.229  6843 22009 D BatteryUsageDataLoader: loadUsageDataSafely() in 877/ms
04-03 23:00:01.420   819   917 D ActivityManager: freezing 14989 com.google.android.gms
04-03 23:00:01.783   819   972 I HalDevMgr: bestIfaceCreationProposal is null, requestIface=STA, existingIface=[name=wlan0 type=STA]
04-03 23:00:01.914  1176 12493 D TcpSocketTracker/104: data stall suspected, uids: {10155, 10227}
04-03 23:00:01.915   819  1791 D ConnectivityService: Data stall detected with methods: 2
04-03 23:00:01.916  1176 12493 D NetworkMonitor/104: isDataStall: result=2, tcp packets received=0, latest tcp fail rate=80, consecutive dns timeout count=0
04-03 23:00:01.916  1176 12493 D NetworkMonitor/104: Suspecting data stall, reevaluate
04-03 23:00:01.936  1176 27997 D NetworkMonitor/104: PROBE_DNS www.google.com 17ms OK 142.251.153.119,142.251.157.119,142.251.154.119,142.251.150.119,142.251.151.119,142.251.156.119,142.251.155.119,142.251.152.119,2001:4860:4829:7700::,2001:4860:482c:7700::,2001:4860:482b:7700::,2001:4860:482a:7700::,2001:4860:4828:7700::,2001:4860:4827:7700::,2001:4860:482d:7700::,2001:4860:4826:7700::
04-03 23:00:01.937  1176 27998 D NetworkMonitor/104: PROBE_DNS connectivitycheck.gstatic.com 17ms OK 142.250.73.67,2607:f8b0:400a:808::2003
04-03 23:00:02.100  1176 27998 D NetworkMonitor/104: PROBE_HTTP http://connectivitycheck.gstatic.com/generate_204 time=158ms ret=204 request={Connection=[close], User-Agent=[Mozilla/5.0 (X11; Linux x86_64) AppleWebKit/537.36 (KHTML, like Gecko) Chrome/60.0.3112.32 Safari/537.36]} headers={null=[HTTP/1.1 204 No Content], Connection=[close], Content-Length=[0], Cross-Origin-Resource-Policy=[cross-origin], Date=[Sat, 04 Apr 2026 06:00:01 GMT], X-Android-Received-Millis=[1775282402095], X-Android-Response-Source=[NETWORK 204], X-Android-Selected-Protocol=[http/1.1], X-Android-Sent-Millis=[1775282402034]}
04-03 23:00:02.274  1176 27997 D NetworkMonitor/104: PROBE_HTTPS https://www.google.com/generate_204 time=332ms ret=204 request={Connection=[close], User-Agent=[Mozilla/5.0 (X11; Linux x86_64) AppleWebKit/537.36 (KHTML, like Gecko) Chrome/60.0.3112.32 Safari/537.36]} headers={null=[HTTP/1.1 204 No Content], Alt-Svc=[h3=":443"; ma=2592000,h3-29=":443"; ma=2592000], Connection=[close], Content-Length=[0], Cross-Origin-Resource-Policy=[cross-origin], Date=[Sat, 04 Apr 2026 06:00:01 GMT], X-Android-Received-Millis=[1775282402268], X-Android-Response-Source=[NETWORK 204], X-Android-Selected-Protocol=[http/1.1], X-Android-Sent-Millis=[1775282402162]}
04-03 23:00:02.278  1176 27996 D NetworkMonitor/104: isCaptivePortal: isSuccessful()=true isPortal()=false RedirectUrl=null isPartialConnectivity()=false Time=361ms
04-03 23:00:02.285   819   978 D ConnectivityService: [104 WIFI] validation passed
04-03 23:00:04.798   819   972 I HalDevMgr: bestIfaceCreationProposal is null, requestIface=STA, existingIface=[name=wlan0 type=STA]
04-03 23:00:07.453  1247  1383 D SatelliteController: iisInCarrierRoamingNbIotNtn: satellite is disabled
04-03 23:00:07.453  1247  1383 D SatelliteController: getCarrierRoamingNtnConnectType: Falling back to global carrier config connect type: 0
04-03 23:00:07.815   819   972 I HalDevMgr: bestIfaceCreationProposal is null, requestIface=STA, existingIface=[name=wlan0 type=STA]
04-03 23:00:09.275 28009 28009 W libbinder.BackendUnifiedServiceManager: Thread Pool max thread count is 0. Cannot cache binder as linkToDeath cannot be implemented. serviceName: package
04-03 23:00:09.696  2841  2844 I artd    : GetBestInfo: odex next to the dex file (/data/app/~~l86ooHn3z7zjJPmRwuVyKA==/com.google.android.gms-mjvtrlLEHAA3R1GV5L8qqg==/oat/x86_64/base.odex) is kOatUpToDate with filter 'speed-profile' executable 'false'
04-03 23:00:09.702  2841  2844 I artd    : GetBestInfo: odex next to the dex file (/data/app/~~l86ooHn3z7zjJPmRwuVyKA==/com.google.android.gms-mjvtrlLEHAA3R1GV5L8qqg==/oat/x86_64/split_AdsDynamite_installtime.odex) is kOatUpToDate with filter 'speed' executable 'false'
04-03 23:00:09.708  2841  2844 I artd    : GetBestInfo: odex next to the dex file (/data/app/~~l86ooHn3z7zjJPmRwuVyKA==/com.google.android.gms-mjvtrlLEHAA3R1GV5L8qqg==/oat/x86_64/split_CronetDynamite_installtime.odex) is kOatUpToDate with filter 'speed' executable 'false'
04-03 23:00:09.718  2841  2844 I artd    : GetBestInfo: odex next to the dex file (/data/app/~~l86ooHn3z7zjJPmRwuVyKA==/com.google.android.gms-mjvtrlLEHAA3R1GV5L8qqg==/oat/x86_64/split_DynamiteLoader_installtime.odex) is kOatUpToDate with filter 'speed' executable 'false'
04-03 23:00:09.720  2841  2844 I artd    : GetBestInfo: odex next to the dex file (/data/app/~~l86ooHn3z7zjJPmRwuVyKA==/com.google.android.gms-mjvtrlLEHAA3R1GV5L8qqg==/oat/x86_64/split_DynamiteModulesA_installtime.odex) is kOatUpToDate with filter 'speed' executable 'false'
04-03 23:00:09.721  2841  2844 I artd    : GetBestInfo: odex next to the dex file (/data/app/~~l86ooHn3z7zjJPmRwuVyKA==/com.google.android.gms-mjvtrlLEHAA3R1GV5L8qqg==/oat/x86_64/split_DynamiteModulesC_installtime.odex) is kOatUpToDate with filter 'speed' executable 'false'
04-03 23:00:09.726  2841  2844 I artd    : GetBestInfo: odex next to the dex file (/data/app/~~l86ooHn3z7zjJPmRwuVyKA==/com.google.android.gms-mjvtrlLEHAA3R1GV5L8qqg==/oat/x86_64/split_GoogleCertificates_installtime.odex) is kOatUpToDate with filter 'speed' executable 'false'
04-03 23:00:09.729  2841  2844 I artd    : GetBestInfo: odex next to the dex file (/data/app/~~l86ooHn3z7zjJPmRwuVyKA==/com.google.android.gms-mjvtrlLEHAA3R1GV5L8qqg==/oat/x86_64/split_MapsDynamite_installtime.odex) is kOatUpToDate with filter 'speed' executable 'false'
04-03 23:00:09.731  2841  2844 I artd    : GetBestInfo: odex next to the dex file (/data/app/~~l86ooHn3z7zjJPmRwuVyKA==/com.google.android.gms-mjvtrlLEHAA3R1GV5L8qqg==/oat/x86_64/split_MeasurementDynamite_installtime.odex) is kOatUpToDate with filter 'speed' executable 'false'
04-03 23:00:09.732  2841  2844 I artd    : GetBestInfo: /data/user_de/0/com.google.android.gms/app_chimera/m/0000000d/dl-PlayCloudSearch.optional_253434100000.apk has no usable artifacts
04-03 23:00:09.735  2841  2844 I artd    : GetBestInfo: /data/user_de/0/com.google.android.gms/app_chimera/m/0000000c/dl-MlkitBarcodeUi.optional_253434100800.apk has no usable artifacts
04-03 23:00:09.736  2841  2844 I artd    : GetBestInfo: /data/user_de/0/com.google.android.gms/app_chimera/m/00000001/CronetDynamite.apk has no usable artifacts
04-03 23:00:09.737  2841  2844 I artd    : GetBestInfo: /data/user_de/0/com.google.android.gms/app_chimera/m/00000016/dl-MlkitOcrCommon.optional_261133100800.apk has no usable artifacts
04-03 23:00:09.739  2841  2844 I artd    : GetBestInfo: /data/user_de/0/com.google.android.gms/app_chimera/m/0000000e/dl-VisionOcr.optional_253434100000.apk has no usable artifacts
04-03 23:00:09.741  2841  2844 I artd    : GetBestInfo: /data/user_de/0/com.google.android.gms/app_chimera/m/00000002/DynamiteLoader.apk has no usable artifacts
04-03 23:00:09.742  2841  2844 I artd    : GetBestInfo: /data/user_de/0/com.google.android.gms/app_chimera/m/00000005/GoogleCertificates.apk has no usable artifacts
04-03 23:00:09.743  2841  2844 I artd    : GetBestInfo: /data/user_de/0/com.google.android.gms/app_chimera/m/00000012/dl-Appsearch.optional_261133100800.apk has no usable artifacts
04-03 23:00:09.748  2841  2844 I artd    : GetBestInfo: /data/user_de/0/com.google.android.gms/app_chimera/m/00000011/dl-PlayCloudSearch.optional_261133100000.apk has no usable artifacts
04-03 23:00:09.749  2841  2844 I artd    : GetBestInfo: /data/user_de/0/com.google.android.gms/app_chimera/m/00000015/dl-MlkitBarcodeUi.optional_261133100800.apk has no usable artifacts
04-03 23:00:09.753  2841  2844 I artd    : GetBestInfo: /data/user_de/0/com.google.android.gms/app_chimera/m/0000000a/dl-Appsearch.optional_253434100800.apk has no usable artifacts
04-03 23:00:09.756  2841  2844 I artd    : GetBestInfo: /data/user_de/0/com.google.android.gms/app_chimera/m/00000008/dl-TfliteDynamiteDynamite.integ_252130102100800.apk has no usable artifacts
04-03 23:00:09.758  2841  2844 I artd    : GetBestInfo: /data/user_de/0/com.google.android.gms/app_chimera/m/0000000f/dl-MlkitOcrCommon.optional_253434100800.apk has no usable artifacts
04-03 23:00:09.760  2841  2844 I artd    : GetBestInfo: /data/user_de/0/com.google.android.gms/app_chimera/m/00000010/dl-VisionOcr.optional_261133100000.apk has no usable artifacts
04-03 23:00:09.764  2841  2844 I artd    : GetBestInfo: vdex next to the dex file (/data/user/0/com.google.android.gms/app_dg_cache/BB2AE5A47BB198AF36C19CFD2B6407061A1BAF30/oat/x86_64/the.vdex) is kOatUpToDate with filter 'verify' executable 'false'
04-03 23:00:09.768  2841 18604 I artd    : GetBestInfo: /data/user_de/0/com.google.android.gms/app_chimera/m/00000007/MeasurementDynamite.apk has no usable artifacts
04-03 23:00:10.830   819   972 I HalDevMgr: bestIfaceCreationProposal is null, requestIface=STA, existingIface=[name=wlan0 type=STA]
04-03 23:00:13.848   819   972 I HalDevMgr: bestIfaceCreationProposal is null, requestIface=STA, existingIface=[name=wlan0 type=STA]
04-03 23:00:16.857   819   972 I HalDevMgr: bestIfaceCreationProposal is null, requestIface=STA, existingIface=[name=wlan0 type=STA]
04-03 23:00:17.453  1247  1383 D SatelliteController: iisInCarrierRoamingNbIotNtn: satellite is disabled
04-03 23:00:17.454  1247  1383 D SatelliteController: getCarrierRoamingNtnConnectType: Falling back to global carrier config connect type: 0
04-03 23:00:19.267 28012 28012 W libbinder.BackendUnifiedServiceManager: Thread Pool max thread count is 0. Cannot cache binder as linkToDeath cannot be implemented. serviceName: package
04-03 23:00:19.622  2841 18604 I artd    : GetBestInfo: odex next to the dex file (/data/app/~~l86ooHn3z7zjJPmRwuVyKA==/com.google.android.gms-mjvtrlLEHAA3R1GV5L8qqg==/oat/x86_64/base.odex) is kOatUpToDate with filter 'speed-profile' executable 'false'
04-03 23:00:19.631  2841  2844 I artd    : GetBestInfo: odex next to the dex file (/data/app/~~l86ooHn3z7zjJPmRwuVyKA==/com.google.android.gms-mjvtrlLEHAA3R1GV5L8qqg==/oat/x86_64/split_AdsDynamite_installtime.odex) is kOatUpToDate with filter 'speed' executable 'false'
04-03 23:00:19.636  2841  2844 I artd    : GetBestInfo: odex next to the dex file (/data/app/~~l86ooHn3z7zjJPmRwuVyKA==/com.google.android.gms-mjvtrlLEHAA3R1GV5L8qqg==/oat/x86_64/split_CronetDynamite_installtime.odex) is kOatUpToDate with filter 'speed' executable 'false'
04-03 23:00:19.639  2841  2844 I artd    : GetBestInfo: odex next to the dex file (/data/app/~~l86ooHn3z7zjJPmRwuVyKA==/com.google.android.gms-mjvtrlLEHAA3R1GV5L8qqg==/oat/x86_64/split_DynamiteLoader_installtime.odex) is kOatUpToDate with filter 'speed' executable 'false'
04-03 23:00:19.640  2841  2844 I artd    : GetBestInfo: odex next to the dex file (/data/app/~~l86ooHn3z7zjJPmRwuVyKA==/com.google.android.gms-mjvtrlLEHAA3R1GV5L8qqg==/oat/x86_64/split_DynamiteModulesA_installtime.odex) is kOatUpToDate with filter 'speed' executable 'false'
04-03 23:00:19.642  2841  2844 I artd    : GetBestInfo: odex next to the dex file (/data/app/~~l86ooHn3z7zjJPmRwuVyKA==/com.google.android.gms-mjvtrlLEHAA3R1GV5L8qqg==/oat/x86_64/split_DynamiteModulesC_installtime.odex) is kOatUpToDate with filter 'speed' executable 'false'
04-03 23:00:19.645  2841  2844 I artd    : GetBestInfo: odex next to the dex file (/data/app/~~l86ooHn3z7zjJPmRwuVyKA==/com.google.android.gms-mjvtrlLEHAA3R1GV5L8qqg==/oat/x86_64/split_GoogleCertificates_installtime.odex) is kOatUpToDate with filter 'speed' executable 'false'
04-03 23:00:19.647  2841  2844 I artd    : GetBestInfo: odex next to the dex file (/data/app/~~l86ooHn3z7zjJPmRwuVyKA==/com.google.android.gms-mjvtrlLEHAA3R1GV5L8qqg==/oat/x86_64/split_MapsDynamite_installtime.odex) is kOatUpToDate with filter 'speed' executable 'false'
04-03 23:00:19.648  2841  2844 I artd    : GetBestInfo: odex next to the dex file (/data/app/~~l86ooHn3z7zjJPmRwuVyKA==/com.google.android.gms-mjvtrlLEHAA3R1GV5L8qqg==/oat/x86_64/split_MeasurementDynamite_installtime.odex) is kOatUpToDate with filter 'speed' executable 'false'
04-03 23:00:19.651  2841  2844 I artd    : GetBestInfo: /data/user_de/0/com.google.android.gms/app_chimera/m/0000000d/dl-PlayCloudSearch.optional_253434100000.apk has no usable artifacts
04-03 23:00:19.654  2841  2844 I artd    : GetBestInfo: /data/user_de/0/com.google.android.gms/app_chimera/m/0000000c/dl-MlkitBarcodeUi.optional_253434100800.apk has no usable artifacts
04-03 23:00:19.656  2841  2844 I artd    : GetBestInfo: /data/user_de/0/com.google.android.gms/app_chimera/m/00000001/CronetDynamite.apk has no usable artifacts
04-03 23:00:19.657  2841  2844 I artd    : GetBestInfo: /data/user_de/0/com.google.android.gms/app_chimera/m/00000016/dl-MlkitOcrCommon.optional_261133100800.apk has no usable artifacts
04-03 23:00:19.664  2841  2844 I artd    : GetBestInfo: /data/user_de/0/com.google.android.gms/app_chimera/m/0000000e/dl-VisionOcr.optional_253434100000.apk has no usable artifacts
04-03 23:00:19.667  2841  2844 I artd    : GetBestInfo: /data/user_de/0/com.google.android.gms/app_chimera/m/00000002/DynamiteLoader.apk has no usable artifacts
04-03 23:00:19.668  2841  2844 I artd    : GetBestInfo: /data/user_de/0/com.google.android.gms/app_chimera/m/00000005/GoogleCertificates.apk has no usable artifacts
04-03 23:00:19.670  2841  2844 I artd    : GetBestInfo: /data/user_de/0/com.google.android.gms/app_chimera/m/00000012/dl-Appsearch.optional_261133100800.apk has no usable artifacts
04-03 23:00:19.674  2841  2844 I artd    : GetBestInfo: /data/user_de/0/com.google.android.gms/app_chimera/m/00000011/dl-PlayCloudSearch.optional_261133100000.apk has no usable artifacts
04-03 23:00:19.676  2841  2844 I artd    : GetBestInfo: /data/user_de/0/com.google.android.gms/app_chimera/m/00000015/dl-MlkitBarcodeUi.optional_261133100800.apk has no usable artifacts
04-03 23:00:19.678  2841  2844 I artd    : GetBestInfo: /data/user_de/0/com.google.android.gms/app_chimera/m/0000000a/dl-Appsearch.optional_253434100800.apk has no usable artifacts
04-03 23:00:19.682  2841  2844 I artd    : GetBestInfo: /data/user_de/0/com.google.android.gms/app_chimera/m/00000008/dl-TfliteDynamiteDynamite.integ_252130102100800.apk has no usable artifacts
04-03 23:00:19.685  2841  2844 I artd    : GetBestInfo: /data/user_de/0/com.google.android.gms/app_chimera/m/0000000f/dl-MlkitOcrCommon.optional_253434100800.apk has no usable artifacts
04-03 23:00:19.688  2841  2844 I artd    : GetBestInfo: /data/user_de/0/com.google.android.gms/app_chimera/m/00000010/dl-VisionOcr.optional_261133100000.apk has no usable artifacts
04-03 23:00:19.691  2841  2844 I artd    : GetBestInfo: vdex next to the dex file (/data/user/0/com.google.android.gms/app_dg_cache/BB2AE5A47BB198AF36C19CFD2B6407061A1BAF30/oat/x86_64/the.vdex) is kOatUpToDate with filter 'verify' executable 'false'
04-03 23:00:19.696  2841  2844 I artd    : GetBestInfo: /data/user_de/0/com.google.android.gms/app_chimera/m/00000007/MeasurementDynamite.apk has no usable artifacts
04-03 23:00:19.865   819   972 I HalDevMgr: bestIfaceCreationProposal is null, requestIface=STA, existingIface=[name=wlan0 type=STA]
04-03 23:00:20.074   819   917 D ActivityManager: freezing 6843 com.android.settings
04-03 23:00:20.076   819   917 D ActivityManager: freezing 10500 com.android.keychain
04-03 23:00:22.879   819   972 I HalDevMgr: bestIfaceCreationProposal is null, requestIface=STA, existingIface=[name=wlan0 type=STA]
04-03 23:00:25.887   819   972 I HalDevMgr: bestIfaceCreationProposal is null, requestIface=STA, existingIface=[name=wlan0 type=STA]
04-03 23:00:27.453  1247  1383 D SatelliteController: iisInCarrierRoamingNbIotNtn: satellite is disabled
04-03 23:00:27.454  1247  1383 D SatelliteController: getCarrierRoamingNtnConnectType: Falling back to global carrier config connect type: 0
04-03 23:00:28.892   819   972 I HalDevMgr: bestIfaceCreationProposal is null, requestIface=STA, existingIface=[name=wlan0 type=STA]
04-03 23:00:29.272 28015 28015 W libbinder.BackendUnifiedServiceManager: Thread Pool max thread count is 0. Cannot cache binder as linkToDeath cannot be implemented. serviceName: package
04-03 23:00:29.665  2841  2844 I artd    : GetBestInfo: odex next to the dex file (/data/app/~~l86ooHn3z7zjJPmRwuVyKA==/com.google.android.gms-mjvtrlLEHAA3R1GV5L8qqg==/oat/x86_64/base.odex) is kOatUpToDate with filter 'speed-profile' executable 'false'
04-03 23:00:29.668  2841  2844 I artd    : GetBestInfo: odex next to the dex file (/data/app/~~l86ooHn3z7zjJPmRwuVyKA==/com.google.android.gms-mjvtrlLEHAA3R1GV5L8qqg==/oat/x86_64/split_AdsDynamite_installtime.odex) is kOatUpToDate with filter 'speed' executable 'false'
04-03 23:00:29.679  2841  2844 I artd    : GetBestInfo: odex next to the dex file (/data/app/~~l86ooHn3z7zjJPmRwuVyKA==/com.google.android.gms-mjvtrlLEHAA3R1GV5L8qqg==/oat/x86_64/split_CronetDynamite_installtime.odex) is kOatUpToDate with filter 'speed' executable 'false'
04-03 23:00:29.683  2841  2844 I artd    : GetBestInfo: odex next to the dex file (/data/app/~~l86ooHn3z7zjJPmRwuVyKA==/com.google.android.gms-mjvtrlLEHAA3R1GV5L8qqg==/oat/x86_64/split_DynamiteLoader_installtime.odex) is kOatUpToDate with filter 'speed' executable 'false'
04-03 23:00:29.686  2841  2844 I artd    : GetBestInfo: odex next to the dex file (/data/app/~~l86ooHn3z7zjJPmRwuVyKA==/com.google.android.gms-mjvtrlLEHAA3R1GV5L8qqg==/oat/x86_64/split_DynamiteModulesA_installtime.odex) is kOatUpToDate with filter 'speed' executable 'false'
04-03 23:00:29.688  2841  2844 I artd    : GetBestInfo: odex next to the dex file (/data/app/~~l86ooHn3z7zjJPmRwuVyKA==/com.google.android.gms-mjvtrlLEHAA3R1GV5L8qqg==/oat/x86_64/split_DynamiteModulesC_installtime.odex) is kOatUpToDate with filter 'speed' executable 'false'
04-03 23:00:29.692  2841  2844 I artd    : GetBestInfo: odex next to the dex file (/data/app/~~l86ooHn3z7zjJPmRwuVyKA==/com.google.android.gms-mjvtrlLEHAA3R1GV5L8qqg==/oat/x86_64/split_GoogleCertificates_installtime.odex) is kOatUpToDate with filter 'speed' executable 'false'
04-03 23:00:29.695  2841  2844 I artd    : GetBestInfo: odex next to the dex file (/data/app/~~l86ooHn3z7zjJPmRwuVyKA==/com.google.android.gms-mjvtrlLEHAA3R1GV5L8qqg==/oat/x86_64/split_MapsDynamite_installtime.odex) is kOatUpToDate with filter 'speed' executable 'false'
04-03 23:00:29.696  2841  2844 I artd    : GetBestInfo: odex next to the dex file (/data/app/~~l86ooHn3z7zjJPmRwuVyKA==/com.google.android.gms-mjvtrlLEHAA3R1GV5L8qqg==/oat/x86_64/split_MeasurementDynamite_installtime.odex) is kOatUpToDate with filter 'speed' executable 'false'
04-03 23:00:29.699  2841  2844 I artd    : GetBestInfo: /data/user_de/0/com.google.android.gms/app_chimera/m/0000000d/dl-PlayCloudSearch.optional_253434100000.apk has no usable artifacts
04-03 23:00:29.702  2841  2844 I artd    : GetBestInfo: /data/user_de/0/com.google.android.gms/app_chimera/m/0000000c/dl-MlkitBarcodeUi.optional_253434100800.apk has no usable artifacts
04-03 23:00:29.702  2841  2844 I artd    : GetBestInfo: /data/user_de/0/com.google.android.gms/app_chimera/m/00000001/CronetDynamite.apk has no usable artifacts
04-03 23:00:29.703  2841  2844 I artd    : GetBestInfo: /data/user_de/0/com.google.android.gms/app_chimera/m/00000016/dl-MlkitOcrCommon.optional_261133100800.apk has no usable artifacts
04-03 23:00:29.705  2841  2844 I artd    : GetBestInfo: /data/user_de/0/com.google.android.gms/app_chimera/m/0000000e/dl-VisionOcr.optional_253434100000.apk has no usable artifacts
04-03 23:00:29.706  2841  2844 I artd    : GetBestInfo: /data/user_de/0/com.google.android.gms/app_chimera/m/00000002/DynamiteLoader.apk has no usable artifacts
04-03 23:00:29.707  2841  2844 I artd    : GetBestInfo: /data/user_de/0/com.google.android.gms/app_chimera/m/00000005/GoogleCertificates.apk has no usable artifacts
04-03 23:00:29.711  2841  2844 I artd    : GetBestInfo: /data/user_de/0/com.google.android.gms/app_chimera/m/00000012/dl-Appsearch.optional_261133100800.apk has no usable artifacts
04-03 23:00:29.715  2841  2844 I artd    : GetBestInfo: /data/user_de/0/com.google.android.gms/app_chimera/m/00000011/dl-PlayCloudSearch.optional_261133100000.apk has no usable artifacts
04-03 23:00:29.717  2841  2844 I artd    : GetBestInfo: /data/user_de/0/com.google.android.gms/app_chimera/m/00000015/dl-MlkitBarcodeUi.optional_261133100800.apk has no usable artifacts
04-03 23:00:29.719  2841  2844 I artd    : GetBestInfo: /data/user_de/0/com.google.android.gms/app_chimera/m/0000000a/dl-Appsearch.optional_253434100800.apk has no usable artifacts
04-03 23:00:29.720  2841  2844 I artd    : GetBestInfo: /data/user_de/0/com.google.android.gms/app_chimera/m/00000008/dl-TfliteDynamiteDynamite.integ_252130102100800.apk has no usable artifacts
04-03 23:00:29.721  2841  2844 I artd    : GetBestInfo: /data/user_de/0/com.google.android.gms/app_chimera/m/0000000f/dl-MlkitOcrCommon.optional_253434100800.apk has no usable artifacts
04-03 23:00:29.724  2841  2844 I artd    : GetBestInfo: /data/user_de/0/com.google.android.gms/app_chimera/m/00000010/dl-VisionOcr.optional_261133100000.apk has no usable artifacts
04-03 23:00:29.728  2841  2844 I artd    : GetBestInfo: vdex next to the dex file (/data/user/0/com.google.android.gms/app_dg_cache/BB2AE5A47BB198AF36C19CFD2B6407061A1BAF30/oat/x86_64/the.vdex) is kOatUpToDate with filter 'verify' executable 'false'
04-03 23:00:29.731  2841  2844 I artd    : GetBestInfo: /data/user_de/0/com.google.android.gms/app_chimera/m/00000007/MeasurementDynamite.apk has no usable artifacts
04-03 23:00:31.900   819   972 I HalDevMgr: bestIfaceCreationProposal is null, requestIface=STA, existingIface=[name=wlan0 type=STA]
04-03 23:00:34.908   819   972 I HalDevMgr: bestIfaceCreationProposal is null, requestIface=STA, existingIface=[name=wlan0 type=STA]
04-03 23:00:37.454  1247  1383 D SatelliteController: iisInCarrierRoamingNbIotNtn: satellite is disabled
04-03 23:00:37.455  1247  1383 D SatelliteController: getCarrierRoamingNtnConnectType: Falling back to global carrier config connect type: 0
04-03 23:00:37.912   819   972 I HalDevMgr: bestIfaceCreationProposal is null, requestIface=STA, existingIface=[name=wlan0 type=STA]
04-03 23:00:39.262 28019 28019 W libbinder.BackendUnifiedServiceManager: Thread Pool max thread count is 0. Cannot cache binder as linkToDeath cannot be implemented. serviceName: package
04-03 23:00:39.719  2841  2844 I artd    : GetBestInfo: odex next to the dex file (/data/app/~~l86ooHn3z7zjJPmRwuVyKA==/com.google.android.gms-mjvtrlLEHAA3R1GV5L8qqg==/oat/x86_64/base.odex) is kOatUpToDate with filter 'speed-profile' executable 'false'
04-03 23:00:39.727  2841  2844 I artd    : GetBestInfo: odex next to the dex file (/data/app/~~l86ooHn3z7zjJPmRwuVyKA==/com.google.android.gms-mjvtrlLEHAA3R1GV5L8qqg==/oat/x86_64/split_AdsDynamite_installtime.odex) is kOatUpToDate with filter 'speed' executable 'false'
04-03 23:00:39.734  2841  2844 I artd    : GetBestInfo: odex next to the dex file (/data/app/~~l86ooHn3z7zjJPmRwuVyKA==/com.google.android.gms-mjvtrlLEHAA3R1GV5L8qqg==/oat/x86_64/split_CronetDynamite_installtime.odex) is kOatUpToDate with filter 'speed' executable 'false'
04-03 23:00:39.736  2841  2844 I artd    : GetBestInfo: odex next to the dex file (/data/app/~~l86ooHn3z7zjJPmRwuVyKA==/com.google.android.gms-mjvtrlLEHAA3R1GV5L8qqg==/oat/x86_64/split_DynamiteLoader_installtime.odex) is kOatUpToDate with filter 'speed' executable 'false'
04-03 23:00:39.737  2841  2844 I artd    : GetBestInfo: odex next to the dex file (/data/app/~~l86ooHn3z7zjJPmRwuVyKA==/com.google.android.gms-mjvtrlLEHAA3R1GV5L8qqg==/oat/x86_64/split_DynamiteModulesA_installtime.odex) is kOatUpToDate with filter 'speed' executable 'false'
04-03 23:00:39.738  2841  2844 I artd    : GetBestInfo: odex next to the dex file (/data/app/~~l86ooHn3z7zjJPmRwuVyKA==/com.google.android.gms-mjvtrlLEHAA3R1GV5L8qqg==/oat/x86_64/split_DynamiteModulesC_installtime.odex) is kOatUpToDate with filter 'speed' executable 'false'
04-03 23:00:39.741  2841  2844 I artd    : GetBestInfo: odex next to the dex file (/data/app/~~l86ooHn3z7zjJPmRwuVyKA==/com.google.android.gms-mjvtrlLEHAA3R1GV5L8qqg==/oat/x86_64/split_GoogleCertificates_installtime.odex) is kOatUpToDate with filter 'speed' executable 'false'
04-03 23:00:39.746  2841  2844 I artd    : GetBestInfo: odex next to the dex file (/data/app/~~l86ooHn3z7zjJPmRwuVyKA==/com.google.android.gms-mjvtrlLEHAA3R1GV5L8qqg==/oat/x86_64/split_MapsDynamite_installtime.odex) is kOatUpToDate with filter 'speed' executable 'false'
04-03 23:00:39.747  2841  2844 I artd    : GetBestInfo: odex next to the dex file (/data/app/~~l86ooHn3z7zjJPmRwuVyKA==/com.google.android.gms-mjvtrlLEHAA3R1GV5L8qqg==/oat/x86_64/split_MeasurementDynamite_installtime.odex) is kOatUpToDate with filter 'speed' executable 'false'
