03-29 23:03:29.171  1424  1523 I .apps.wellbeing: AssetManager2(0x769a6c94b298) locale list changing from [] to [en-US]
03-29 23:03:29.174  1424  1523 I .apps.wellbeing: AssetManager2(0x769a6c949038) locale list changing from [] to [en-US]
03-29 23:03:29.175  1424  1523 I .apps.wellbeing: AssetManager2(0x769a6c950a18) locale list changing from [] to [en-US]
03-29 23:03:29.189  1424  1523 I .apps.wellbeing: AssetManager2(0x769a6c936a78) locale list changing from [] to [en-US]
03-29 23:03:29.199  1424  1523 I .apps.wellbeing: AssetManager2(0x769a6c9583f8) locale list changing from [] to [en-US]
03-29 23:03:29.200  1424  1523 I .apps.wellbeing: AssetManager2(0x769a6c95c8b8) locale list changing from [] to [en-US]
03-29 23:03:29.201  1424  1523 I .apps.wellbeing: AssetManager2(0x769a6c954ed8) locale list changing from [] to [en-US]
03-29 23:03:29.280  1424  1523 I .apps.wellbeing: AssetManager2(0x769a6c946158) locale list changing from [] to [en-US]
03-29 23:03:29.286  1424  1523 I .apps.wellbeing: AssetManager2(0x769a6c9599d8) locale list changing from [] to [en-US]
03-29 23:03:29.296  1424  1523 I .apps.wellbeing: AssetManager2(0x769a6c942918) locale list changing from [] to [en-US]
03-29 23:03:29.302  1424  1523 I .apps.wellbeing: AssetManager2(0x769a6c963f78) locale list changing from [] to [en-US]
03-29 23:03:29.327 26519 26519 D nativeloader: Configuring clns-9 for other apk /data/app/~~xVSYNTu58sykRlEfNegJgg==/com.weejobs.app-onY-mLcwJZgfmBhS-ia2HQ==/base.apk. target_sdk_version=36, uses_libraries=, library_path=/data/app/~~xVSYNTu58sykRlEfNegJgg==/com.weejobs.app-onY-mLcwJZgfmBhS-ia2HQ==/lib/x86_64:/data/app/~~xVSYNTu58sykRlEfNegJgg==/com.weejobs.app-onY-mLcwJZgfmBhS-ia2HQ==/base.apk!/lib/x86_64, permitted_path=/data:/mnt/expand:/data/user/0/com.weejobs.app
03-29 23:03:29.329  1424  1523 I .apps.wellbeing: AssetManager2(0x769a6c94a938) locale list changing from [] to [en-US]
03-29 23:03:29.348  1424  1523 I .apps.wellbeing: AssetManager2(0x769a6c960738) locale list changing from [] to [en-US]
03-29 23:03:29.353 26519 26519 I com.weejobs.app: AssetManager2(0x769a6c935498) locale list changing from [] to [en-US]
03-29 23:03:29.394 26519 26519 V GraphicsEnvironment: Currently set values for:
03-29 23:03:29.394 26519 26519 V GraphicsEnvironment:   angle_gl_driver_selection_pkgs=[]
03-29 23:03:29.394 26519 26519 V GraphicsEnvironment:   angle_gl_driver_selection_values=[]
03-29 23:03:29.394 26519 26519 V GraphicsEnvironment: com.weejobs.app is not listed in per-application setting
03-29 23:03:29.394 26519 26519 V GraphicsEnvironment: ANGLE allowlist from config: com.dreamgames.royalmatch com.dts.freefiremax com.dxx.firenow com.gramgames.mergedragons com.ludo.king com.mojang.minecraftpe com.my.defense com.nintendo.zaka com.os.airforce com.playrix.fishdomdd.gplay io.teslatech.callbreak jp.konami.prospia net.peakgames.toonblast
03-29 23:03:29.394 26519 26519 V GraphicsEnvironment: com.weejobs.app is not listed in ANGLE allowlist or settings, returning default
03-29 23:03:29.394 26519 26519 V GraphicsEnvironment: Neither updatable production driver nor prerelease driver is supported.
03-29 23:03:29.462 26519 26519 W SoLoader: Initializing SoLoader: 0
03-29 23:03:29.465 26519 26519 W SoLoader: Recording new base apk path: /data/app/~~xVSYNTu58sykRlEfNegJgg==/com.weejobs.app-onY-mLcwJZgfmBhS-ia2HQ==/base.apk
03-29 23:03:29.465 26519 26519 W SoLoader: Previously recorded 0 base apk paths.
03-29 23:03:29.468 26519 26519 I SoLoader: Preparing SO source: DirectorySoSource[root = /vendor/lib64 flags = 2]
03-29 23:03:29.468 26519 26519 I SoLoader: Preparing SO source: DirectorySoSource[root = /system/lib64 flags = 2]
03-29 23:03:29.468 26519 26519 I SoLoader: Preparing SO source: DirectApkSoSource[root = [/data/app/~~xVSYNTu58sykRlEfNegJgg==/com.weejobs.app-onY-mLcwJZgfmBhS-ia2HQ==/base.apk!/lib/x86_64]]
03-29 23:03:29.502  1308  1308 D BoundBrokerSvc: onRebind: Intent { act=com.google.android.gms.common.telemetry.service.START dat=chimera-action:/... xflg=0x4 cmp=com.google.android.gms/.chimera.PersistentApiService }
03-29 23:03:29.514 26519 26519 I SoLoader: Preparing SO source: ApplicationSoSource[DirectorySoSource[root = /data/app/~~xVSYNTu58sykRlEfNegJgg==/com.weejobs.app-onY-mLcwJZgfmBhS-ia2HQ==/lib/x86_64 flags = 0]]
03-29 23:03:29.516 26519 26519 I SoLoader: init finish: 4 SO sources prepared
03-29 23:03:29.516 26519 26519 W SoLoader: SoLoader initialized: 8
03-29 23:03:29.525   703   829 W AppOps  : Noting op not finished: uid 10147 pkg com.google.android.gms code 79 startTime of in progress event=1774821100189
03-29 23:03:29.531   703   829 W AppOps  : Noting op not finished: uid 10147 pkg com.google.android.gms code 113 startTime of in progress event=1774821090976
03-29 23:03:29.539  1308  2049 I ActivityScheduler: nextTriggerTime: 29776957, in 238097ms, detectorType: 39, FULL_TYPE alarmWindowMillis: 80000
03-29 23:03:29.547 26519 26519 D nativeloader: Load /data/app/~~xVSYNTu58sykRlEfNegJgg==/com.weejobs.app-onY-mLcwJZgfmBhS-ia2HQ==/base.apk!/lib/x86_64/libc++_shared.so using class loader ns clns-9 (caller=/data/app/~~xVSYNTu58sykRlEfNegJgg==/com.weejobs.app-onY-mLcwJZgfmBhS-ia2HQ==/base.apk!classes21.dex): ok
03-29 23:03:29.586 26519 26519 D nativeloader: Load /data/app/~~xVSYNTu58sykRlEfNegJgg==/com.weejobs.app-onY-mLcwJZgfmBhS-ia2HQ==/base.apk!/lib/x86_64/libjsi.so using class loader ns clns-9 (caller=/data/app/~~xVSYNTu58sykRlEfNegJgg==/com.weejobs.app-onY-mLcwJZgfmBhS-ia2HQ==/base.apk!classes21.dex): ok
03-29 23:03:29.596 26519 26519 D nativeloader: Load /data/app/~~xVSYNTu58sykRlEfNegJgg==/com.weejobs.app-onY-mLcwJZgfmBhS-ia2HQ==/base.apk!/lib/x86_64/libfbjni.so using class loader ns clns-9 (caller=/data/app/~~xVSYNTu58sykRlEfNegJgg==/com.weejobs.app-onY-mLcwJZgfmBhS-ia2HQ==/base.apk!classes21.dex): ok
03-29 23:03:29.601 26519 26519 D nativeloader: Load /data/app/~~xVSYNTu58sykRlEfNegJgg==/com.weejobs.app-onY-mLcwJZgfmBhS-ia2HQ==/base.apk!/lib/x86_64/libreactnative.so using class loader ns clns-9 (caller=/data/app/~~xVSYNTu58sykRlEfNegJgg==/com.weejobs.app-onY-mLcwJZgfmBhS-ia2HQ==/base.apk!classes21.dex): ok
03-29 23:03:29.601 26519 26519 D jni_lib_merge: Entering merged library JNI_OnLoad.
03-29 23:03:29.601 26519 26519 D jni_lib_merge: Preparing 12 pre-merged libs (including stub)
03-29 23:03:29.601 26519 26519 D jni_lib_merge: Preparing to register libfabricjni_so.  onload_func: 0x76987dda15d0
03-29 23:03:29.601 26519 26519 D jni_lib_merge: Preparing to register libreact_devsupportjni_so.  onload_func: 0x76987dfba660
03-29 23:03:29.601 26519 26519 D jni_lib_merge: Preparing to register libreact_featureflagsjni_so.  onload_func: 0x76987dfcc530
03-29 23:03:29.601 26519 26519 D jni_lib_merge: Preparing to register libreact_newarchdefaults_so.  onload_func: 0x76987e067b10
03-29 23:03:29.601 26519 26519 D jni_lib_merge: Preparing to register libreactnativeblob_so.  onload_func: 0x76987e2746c0
03-29 23:03:29.601 26519 26519 D jni_lib_merge: Preparing to register libreactnativejni_so.  onload_func: 0x76987e2b02d0
03-29 23:03:29.601 26519 26519 D jni_lib_merge: Preparing to register libreactnativejni_common_so.  onload_func: 0x76987e2b5cd0
03-29 23:03:29.601 26519 26519 D jni_lib_merge: Preparing to register librninstance_so.  onload_func: 0x76987e2fffe0
03-29 23:03:29.601 26519 26519 D jni_lib_merge: Preparing to register libturbomodulejsijni_so.  onload_func: 0x76987e461f40
03-29 23:03:29.601 26519 26519 D jni_lib_merge: Preparing to register libuimanagerjni_so.  onload_func: 0x76987e478a30
03-29 23:03:29.601 26519 26519 D jni_lib_merge: Preparing to register libyoga_so.  onload_func: 0x76987e4879c0
03-29 23:03:29.601 26519 26519 D jni_lib_merge: About to register 11 actual methods.
03-29 23:03:29.610 26519 26519 D nativeloader: Load /data/app/~~xVSYNTu58sykRlEfNegJgg==/com.weejobs.app-onY-mLcwJZgfmBhS-ia2HQ==/base.apk!/lib/x86_64/libreact_codegen_rnscreens.so using class loader ns clns-9 (caller=/data/app/~~xVSYNTu58sykRlEfNegJgg==/com.weejobs.app-onY-mLcwJZgfmBhS-ia2HQ==/base.apk!classes21.dex): ok
03-29 23:03:29.610 26519 26519 D jni_lib_merge: Entering merged library JNI_OnLoad.
03-29 23:03:29.610 26519 26519 D jni_lib_merge: Preparing 12 pre-merged libs (including stub)
03-29 23:03:29.610 26519 26519 D jni_lib_merge: Preparing to register libfabricjni_so.  onload_func: 0x76987dda15d0
03-29 23:03:29.610 26519 26519 D jni_lib_merge: Preparing to register libreact_devsupportjni_so.  onload_func: 0x76987dfba660
03-29 23:03:29.610 26519 26519 D jni_lib_merge: Preparing to register libreact_featureflagsjni_so.  onload_func: 0x76987dfcc530
03-29 23:03:29.610 26519 26519 D jni_lib_merge: Preparing to register libreact_newarchdefaults_so.  onload_func: 0x76987e067b10
03-29 23:03:29.610 26519 26519 D jni_lib_merge: Preparing to register libreactnativeblob_so.  onload_func: 0x76987e2746c0
03-29 23:03:29.610 26519 26519 D jni_lib_merge: Preparing to register libreactnativejni_so.  onload_func: 0x76987e2b02d0
03-29 23:03:29.610 26519 26519 D jni_lib_merge: Preparing to register libreactnativejni_common_so.  onload_func: 0x76987e2b5cd0
03-29 23:03:29.610 26519 26519 D jni_lib_merge: Preparing to register librninstance_so.  onload_func: 0x76987e2fffe0
03-29 23:03:29.610 26519 26519 D jni_lib_merge: Preparing to register libturbomodulejsijni_so.  onload_func: 0x76987e461f40
03-29 23:03:29.610 26519 26519 D jni_lib_merge: Preparing to register libuimanagerjni_so.  onload_func: 0x76987e478a30
03-29 23:03:29.610 26519 26519 D jni_lib_merge: Preparing to register libyoga_so.  onload_func: 0x76987e4879c0
03-29 23:03:29.610 26519 26519 D jni_lib_merge: About to register 11 actual methods.
03-29 23:03:29.616 26519 26519 D nativeloader: Load /data/app/~~xVSYNTu58sykRlEfNegJgg==/com.weejobs.app-onY-mLcwJZgfmBhS-ia2HQ==/base.apk!/lib/x86_64/libreact_codegen_safeareacontext.so using class loader ns clns-9 (caller=/data/app/~~xVSYNTu58sykRlEfNegJgg==/com.weejobs.app-onY-mLcwJZgfmBhS-ia2HQ==/base.apk!classes21.dex): ok
03-29 23:03:29.619 26519 26519 D nativeloader: Load /data/app/~~xVSYNTu58sykRlEfNegJgg==/com.weejobs.app-onY-mLcwJZgfmBhS-ia2HQ==/base.apk!/lib/x86_64/libappmodules.so using class loader ns clns-9 (caller=/data/app/~~xVSYNTu58sykRlEfNegJgg==/com.weejobs.app-onY-mLcwJZgfmBhS-ia2HQ==/base.apk!classes21.dex): ok
03-29 23:03:29.656   703  1661 W OptProp : Cannot read opt property android.window.PROPERTY_COMPAT_ENABLE_FAKE_FOCUS
03-29 23:03:29.661   703   906 D BackgroundInstallControlService: Package event received: 0
03-29 23:03:29.665   703   906 D BackgroundInstallControlService: Package event received: 0
03-29 23:03:29.665   703   790 V Configuration: Updating configuration, locales updated from [] to [en_US]
03-29 23:03:29.666   703   790 V Configuration: Updating configuration, locales updated from [] to [en_US]
03-29 23:03:29.666   703   790 V Configuration: Updating configuration, locales updated from [] to [en_US]
03-29 23:03:29.666   703   790 V Configuration: Updating configuration, locales updated from [] to [en_US]
03-29 23:03:29.666   703   790 V Configuration: Updating configuration, locales updated from [] to [en_US]
03-29 23:03:29.666   703   790 V Configuration: Updating configuration, locales updated from [] to [en_US]
03-29 23:03:29.666   703   790 V Configuration: Updating configuration, locales updated from [] to [en_US]
03-29 23:03:29.666   703   790 V Configuration: Updating configuration, locales updated from [] to [en_US]
03-29 23:03:29.674 26519 26519 I com.weejobs.app: AssetManager2(0x769a6c930fd8) locale list changing from [] to [en-US]
03-29 23:03:29.675 26519 26557 I DisplayManager: Choreographer implicitly registered for the refresh rate.
03-29 23:03:29.682  1556  1816 I bbax    : (REDACTED) getHotwordActive::active query: %s, watch: %s, devices connected: %s
03-29 23:03:29.715 26519 26519 D AppCompatDelegate: Checking for metadata for AppLocalesMetadataHolderService : Service not found
03-29 23:03:29.717 26519 26519 I com.weejobs.app: AssetManager2(0x769a6c9325b8) locale list changing from [] to [en-US]
03-29 23:03:29.735 26519 26519 E ashmem  : Pinning is deprecated since Android Q. Please use trim or other methods.
03-29 23:03:29.770 26519 26519 D CompatChangeReporter: Compat change id reported: 377864165; UID 10220; state: ENABLED
03-29 23:03:29.771 26519 26519 D DesktopModeFlags: Toggle override initialized to: OVERRIDE_UNSET
03-29 23:03:29.778 26519 26557 I EGL_emulation: Opening libGLESv1_CM_emulation.so
03-29 23:03:29.780 26519 26557 I EGL_emulation: Opening libGLESv2_emulation.so
03-29 23:03:29.905 26519 26519 I com.weejobs.app: hiddenapi: Accessing hidden method Landroid/view/ViewGroup;->makeOptionalFitsSystemWindows()V (runtime_flags=0, domain=platform, api=unsupported) from Landroidx/appcompat/widget/ViewUtils; (domain=app) using reflection: allowed
03-29 23:03:29.910 26519 26557 W HWUI    : Failed to choose config with EGL_SWAP_BEHAVIOR_PRESERVED, retrying without...
03-29 23:03:29.910 26519 26557 W HWUI    : Failed to initialize 101010-2 format, error = EGL_SUCCESS
03-29 23:03:29.940 26483 26486 I AidlLazyServiceRegistrar: Process has 0 (of 2 available) client(s) in use after notification android.system.virtualizationmaintenance has clients: 0
03-29 23:03:29.940 26483 26486 I AidlLazyServiceRegistrar: Trying to shut down the service. No clients in use for any service in process.
03-29 23:03:29.945 26483 26486 I AidlLazyServiceRegistrar: Unregistered all clients and exiting
03-29 23:03:30.117 26519 26519 W unknown:BridgelessReact: ReactHost{0}.startSurface(surfaceId = 0): Schedule
03-29 23:03:30.117 26519 26519 W unknown:BridgelessReact: ReactHost{0}.attachSurface(surfaceId = 0)
03-29 23:03:30.118 26519 26567 W unknown:BridgelessReact: ReactHost{0}.getOrCreateReactInstanceTask()
03-29 23:03:30.118 26519 26567 W unknown:BridgelessReact: ReactHost{0}.getOrCreateReactInstanceTask(): Start
03-29 23:03:30.118 26519 26567 W unknown:BridgelessReact: ReactHost{0}.getJSBundleLoader()
03-29 23:03:30.118 26519 26567 W unknown:BridgelessReact: ReactHost{0}.isMetroRunning()
03-29 23:03:30.124 26519 26519 W WindowOnBackDispatcher: OnBackInvokedCallback is not enabled for the application.
03-29 23:03:30.124 26519 26519 W WindowOnBackDispatcher: Set 'android:enableOnBackInvokedCallback="true"' in the application manifest.
03-29 23:03:30.133 26519 26519 W unknown:BridgelessReact: ReactHost{0}.onHostResume(activity)
03-29 23:03:30.133 26519 26519 W unknown:ReactNative: Packager connection already open, nooping.
03-29 23:03:30.166 26519 26519 W HWUI    : Unknown dataspace 0
03-29 23:03:30.209   703   829 D CoreBackPreview: Window{920d4f5 u0 com.weejobs.app/com.weejobs.app.MainActivity}: Setting back callback OnBackInvokedCallbackInfo{mCallback=android.window.IOnBackInvokedCallback$Stub$Proxy@f78d0fb, mPriority=0, mIsAnimationCallback=false, mOverrideBehavior=0}
03-29 23:03:30.225   557  1211 W ServiceManagerCppClient: Permission failure: android.permission.ACCESS_SURFACE_FLINGER from uid=10220 pid=26519
03-29 23:03:30.225   557  1211 D PermissionCache: checking android.permission.ACCESS_SURFACE_FLINGER for uid=10220 => denied (245 us)
03-29 23:03:30.226   557  1211 W ServiceManagerCppClient: Permission failure: android.permission.ROTATE_SURFACE_FLINGER from uid=10220 pid=26519
03-29 23:03:30.226   557   574 W ServiceManagerCppClient: Permission failure: android.permission.ACCESS_SURFACE_FLINGER from uid=10220 pid=0
03-29 23:03:30.226   557  1211 D PermissionCache: checking android.permission.ROTATE_SURFACE_FLINGER for uid=10220 => denied (795 us)
03-29 23:03:30.226   557   574 D PermissionCache: checking android.permission.ACCESS_SURFACE_FLINGER for uid=10220 => denied (1964 us)
03-29 23:03:30.226   557   574 W ServiceManagerCppClient: Permission failure: android.permission.INTERNAL_SYSTEM_WINDOW from uid=10220 pid=0
03-29 23:03:30.226   557   574 D PermissionCache: checking android.permission.INTERNAL_SYSTEM_WINDOW for uid=10220 => denied (127 us)
03-29 23:03:30.226   557  1211 W ServiceManagerCppClient: Permission failure: android.permission.INTERNAL_SYSTEM_WINDOW from uid=10220 pid=26519
03-29 23:03:30.226   557  1211 D PermissionCache: checking android.permission.INTERNAL_SYSTEM_WINDOW for uid=10220 => denied (173 us)
03-29 23:03:30.369 26519 26542 I com.weejobs.app: Compiler allocated 5042KB to compile void android.view.ViewRootImpl.performTraversals()
03-29 23:03:30.529   703  1661 W AppOps  : Noting op not finished: uid 10147 pkg com.google.android.gms code 113 startTime of in progress event=1774821090976
03-29 23:03:30.647  1308  2078 I FontLog : (REDACTED) Received query %s, URI %s
03-29 23:03:30.648  1308  2078 I FontLog : (REDACTED) Query [%s] resolved to %s
03-29 23:03:30.668  1308  2078 I FontLog : (REDACTED) Fetch %s end status %s
03-29 23:03:30.677  1308  1959 I FontLog : (REDACTED) Pulling font file for id = %d, cache size = %d
03-29 23:03:30.708  1308  1959 I FontLog : (REDACTED) Pulling font file for id = %d, cache size = %d
03-29 23:03:32.641   703   829 D WifiNl80211Manager: Scan result ready event
03-29 23:03:32.641   703   829 D WifiNative: Scan result ready event
03-29 23:03:32.661  1308  1959 I WifiScanner: onFullResults
03-29 23:03:32.661  1308  2078 I WifiScanner: onFullResults
03-29 23:03:32.710   703   848 I HalDevMgr: bestIfaceCreationProposal is null, requestIface=STA, existingIface=[name=wlan0 type=STA]
03-29 23:03:34.524  1308  1308 D BoundBrokerSvc: onUnbind: Intent { act=com.google.android.gms.common.telemetry.service.START dat=chimera-action:/... xflg=0x4 cmp=com.google.android.gms/.chimera.PersistentApiService }
03-29 23:03:34.617 26574 26574 W dumpsys : Thread Pool max thread count is 0. Cannot cache binder as linkToDeath cannot be implemented. serviceName: package
03-29 23:03:34.683  3745  3745 I artd    : GetBestInfo: odex next to the dex file (/data/app/~~RQYCN6NA1SrDbywaNe03mA==/com.google.android.gms-DmnxcEplVZv8mByzVA78WA==/oat/x86_64/base.odex) is kOatUpToDate with filter 'speed-profile' executable 'false'
03-29 23:03:34.685  3745  3745 I artd    : GetBestInfo: odex next to the dex file (/data/app/~~RQYCN6NA1SrDbywaNe03mA==/com.google.android.gms-DmnxcEplVZv8mByzVA78WA==/oat/x86_64/split_AdsDynamite_installtime.odex) is kOatUpToDate with filter 'speed' executable 'false'
03-29 23:03:34.687  3745  3745 I artd    : GetBestInfo: odex next to the dex file (/data/app/~~RQYCN6NA1SrDbywaNe03mA==/com.google.android.gms-DmnxcEplVZv8mByzVA78WA==/oat/x86_64/split_CronetDynamite_installtime.odex) is kOatUpToDate with filter 'speed' executable 'false'
03-29 23:03:34.688  3745  3745 I artd    : GetBestInfo: odex next to the dex file (/data/app/~~RQYCN6NA1SrDbywaNe03mA==/com.google.android.gms-DmnxcEplVZv8mByzVA78WA==/oat/x86_64/split_DynamiteLoader_installtime.odex) is kOatUpToDate with filter 'speed' executable 'false'
03-29 23:03:34.690  3745  3745 I artd    : GetBestInfo: odex next to the dex file (/data/app/~~RQYCN6NA1SrDbywaNe03mA==/com.google.android.gms-DmnxcEplVZv8mByzVA78WA==/oat/x86_64/split_DynamiteModulesA_installtime.odex) is kOatUpToDate with filter 'speed' executable 'false'
03-29 23:03:34.693  3745  3745 I artd    : GetBestInfo: odex next to the dex file (/data/app/~~RQYCN6NA1SrDbywaNe03mA==/com.google.android.gms-DmnxcEplVZv8mByzVA78WA==/oat/x86_64/split_DynamiteModulesC_installtime.odex) is kOatUpToDate with filter 'speed' executable 'false'
03-29 23:03:34.694  3745  3745 I artd    : GetBestInfo: odex next to the dex file (/data/app/~~RQYCN6NA1SrDbywaNe03mA==/com.google.android.gms-DmnxcEplVZv8mByzVA78WA==/oat/x86_64/split_GoogleCertificates_installtime.odex) is kOatUpToDate with filter 'speed' executable 'false'
03-29 23:03:34.696  3745  3745 I artd    : GetBestInfo: odex next to the dex file (/data/app/~~RQYCN6NA1SrDbywaNe03mA==/com.google.android.gms-DmnxcEplVZv8mByzVA78WA==/oat/x86_64/split_MapsDynamite_installtime.odex) is kOatUpToDate with filter 'speed' executable 'false'
03-29 23:03:34.698  3745  3745 I artd    : GetBestInfo: odex next to the dex file (/data/app/~~RQYCN6NA1SrDbywaNe03mA==/com.google.android.gms-DmnxcEplVZv8mByzVA78WA==/oat/x86_64/split_MeasurementDynamite_installtime.odex) is kOatUpToDate with filter 'speed' executable 'false'
03-29 23:03:34.699  3745  3745 I artd    : GetBestInfo: odex next to the dex file (/data/app/~~RQYCN6NA1SrDbywaNe03mA==/com.google.android.gms-DmnxcEplVZv8mByzVA78WA==/oat/x86_64/split_all_locale_splits.odex) is kOatUpToDate with filter 'speed' executable 'false'
03-29 23:03:34.700  3745  3745 I artd    : GetBestInfo: /data/app/~~RQYCN6NA1SrDbywaNe03mA==/com.google.android.gms-DmnxcEplVZv8mByzVA78WA==/split_maps_core_dynamite_ondemand.apk has no usable artifacts
03-29 23:03:34.701  3745  3745 I artd    : GetBestInfo: /data/user_de/0/com.google.android.gms/app_chimera/m/00000001/CronetDynamite.apk has no usable artifacts
03-29 23:03:34.701  3745  3745 I artd    : GetBestInfo: /data/user_de/0/com.google.android.gms/app_chimera/m/00000002/DynamiteLoader.apk has no usable artifacts
03-29 23:03:34.702  3745  3745 I artd    : GetBestInfo: /data/user_de/0/com.google.android.gms/app_chimera/m/00000010/dl-MlkitBarcodeUi.optional_260534100800.apk has no usable artifacts
03-29 23:03:34.703  3745  3745 I artd    : GetBestInfo: /data/user_de/0/com.google.android.gms/app_chimera/m/00000005/GoogleCertificates.apk has no usable artifacts
03-29 23:03:34.704  3745  3745 I artd    : GetBestInfo: /data/user_de/0/com.google.android.gms/app_chimera/m/00000009/dl-TfliteDynamiteDynamite.integ_252130102100800.apk has no usable artifacts
03-29 23:03:34.706  3745  3745 I artd    : GetBestInfo: /data/user_de/0/com.google.android.gms/app_chimera/m/0000000e/dl-PlayCloudSearch.optional_260534100000.apk has no usable artifacts
03-29 23:03:34.708  3745  3745 I artd    : GetBestInfo: /data/user/0/com.google.android.gms/app_dg_cache/BF7C023AB90CCF01D1F467FC1CEBAF866511FF29/the.apk has no usable artifacts
03-29 23:03:34.709  3745  3745 I artd    : GetBestInfo: /data/user_de/0/com.google.android.gms/app_chimera/m/00000012/dl-VisionOcr.optional_260534100000.apk has no usable artifacts
03-29 23:03:34.710  3745  3745 I artd    : GetBestInfo: /data/user_de/0/com.google.android.gms/app_chimera/m/00000011/dl-Appsearch.optional_260534100800.apk has no usable artifacts
03-29 23:03:34.712  3745  3745 I artd    : GetBestInfo: /data/user_de/0/com.google.android.gms/app_chimera/m/00000008/dl-Appsearch.optional_250834100800.apk has no usable artifacts
03-29 23:03:34.712  3745  3745 I artd    : GetBestInfo: /data/user_de/0/com.google.android.gms/app_chimera/m/0000000a/dl-MlkitBarcodeUi.optional_250834100800.apk has no usable artifacts
03-29 23:03:34.714  3745  3745 I artd    : GetBestInfo: vdex next to the dex file (/data/user/0/com.google.android.gms/app_dg_cache/492BB24C67899DCD3E45A896813896109D71DC84/oat/x86_64/the.vdex) is kOatUpToDate with filter 'verify' executable 'false'
03-29 23:03:34.716  3745  3745 I artd    : GetBestInfo: /data/user_de/0/com.google.android.gms/app_chimera/m/00000013/dl-MlkitOcrCommon.optional_260534100800.apk has no usable artifacts
03-29 23:03:34.716  3745  3745 I artd    : GetBestInfo: /data/user_de/0/com.google.android.gms/app_chimera/m/00000007/MeasurementDynamite.apk has no usable artifacts
03-29 23:03:35.132 26519 26568 W unknown:ReactNative: The packager does not seem to be running as we got an IOException requesting its status: failed to connect to /10.0.2.2 (port 8081) from /10.0.2.16 (port 43090) after 5000ms
03-29 23:03:35.132 26519 26568 W unknown:BridgelessReact: ReactHost{0}.isMetroRunning(): Async result = false
03-29 23:03:35.134 26519 26567 W unknown:BridgelessReact: ReactHost{0}.getOrCreateReactInstanceTask(): Creating BridgelessReactContext
03-29 23:03:35.140 26519 26567 W unknown:BridgelessReact: ReactHost{0}.getOrCreateReactInstanceTask(): Creating ReactInstance
03-29 23:03:35.166 26519 26567 D nativeloader: Load /data/app/~~xVSYNTu58sykRlEfNegJgg==/com.weejobs.app-onY-mLcwJZgfmBhS-ia2HQ==/base.apk!/lib/x86_64/libhermesvm.so using class loader ns clns-9 (caller=/data/app/~~xVSYNTu58sykRlEfNegJgg==/com.weejobs.app-onY-mLcwJZgfmBhS-ia2HQ==/base.apk!classes21.dex): ok
03-29 23:03:35.174 26519 26567 D nativeloader: Load /data/app/~~xVSYNTu58sykRlEfNegJgg==/com.weejobs.app-onY-mLcwJZgfmBhS-ia2HQ==/base.apk!/lib/x86_64/libhermestooling.so using class loader ns clns-9 (caller=/data/app/~~xVSYNTu58sykRlEfNegJgg==/com.weejobs.app-onY-mLcwJZgfmBhS-ia2HQ==/base.apk!classes21.dex): ok
03-29 23:03:35.174 26519 26567 D jni_lib_merge: Entering merged library JNI_OnLoad.
03-29 23:03:35.174 26519 26567 D jni_lib_merge: Preparing 4 pre-merged libs (including stub)
03-29 23:03:35.174 26519 26567 D jni_lib_merge: Preparing to register libhermes_executor_so.  onload_func: 0x76987a8abad0
03-29 23:03:35.174 26519 26567 D jni_lib_merge: Preparing to register libhermesinstancejni_so.  onload_func: 0x76987a8d7330
03-29 23:03:35.174 26519 26567 D jni_lib_merge: Preparing to register libjsijniprofiler_so.  onload_func: 0x76987a8d90a0
03-29 23:03:35.174 26519 26567 D jni_lib_merge: About to register 3 actual methods.
03-29 23:03:35.178   703   800 D ActivityManager: freezing 18937 com.google.android.packageinstaller
03-29 23:03:35.184   703   854 D InetDiagMessage: Destroyed 0 sockets, proto=IPPROTO_TCP, family=AF_INET, states=14
03-29 23:03:35.184   703   854 D InetDiagMessage: Destroyed 0 sockets, proto=IPPROTO_TCP, family=AF_INET6, states=14
03-29 23:03:35.184   703   854 D InetDiagMessage: Destroyed live tcp sockets for uids={10105} in 1ms
03-29 23:03:35.296 26519 26567 I ExpoModulesCore: ✅ AppContext was initialized
03-29 23:03:35.327 26519 26586 D ProfileInstaller: Installing profile for com.weejobs.app
03-29 23:03:35.329 26519 26567 W unknown:BridgelessReact: ReactHost{0}.getOrCreateReactInstanceTask(): Loading JS Bundle
03-29 23:03:35.348 26519 26567 W unknown:BridgelessReact: ReactHost{0}.getOrCreateReactInstanceTask(): DevSupportManager.onNewReactContextCreated()
03-29 23:03:35.350 26519 26567 W unknown:BridgelessReact: ReactHost{0}.startSurface(surfaceId = 0): Execute
03-29 23:03:35.353 26519 26519 W unknown:ReactNative: Packager connection already open, nooping.
03-29 23:03:35.353 26519 26519 W unknown:BridgelessReact: ReactHost{0}.ReactContext.onHostResume()
03-29 23:03:35.364 26519 26519 W unknown:BridgelessReact: ReactHost{0}.getOrCreateReactInstanceTask(): Executing ReactInstanceEventListeners
03-29 23:03:35.456 26519 26577 D nativeloader: Load /data/app/~~xVSYNTu58sykRlEfNegJgg==/com.weejobs.app-onY-mLcwJZgfmBhS-ia2HQ==/base.apk!/lib/x86_64/libworklets.so using class loader ns clns-9 (caller=/data/app/~~xVSYNTu58sykRlEfNegJgg==/com.weejobs.app-onY-mLcwJZgfmBhS-ia2HQ==/base.apk!classes21.dex): ok
03-29 23:03:35.457 26519 26577 D nativeloader: Load /data/app/~~xVSYNTu58sykRlEfNegJgg==/com.weejobs.app-onY-mLcwJZgfmBhS-ia2HQ==/base.apk!/lib/x86_64/libexpo-modules-core.so using class loader ns clns-9 (caller=/data/app/~~xVSYNTu58sykRlEfNegJgg==/com.weejobs.app-onY-mLcwJZgfmBhS-ia2HQ==/base.apk!classes21.dex): ok
03-29 23:03:35.458 26519 26577 W BridgelessReactContext: [WARNING] Bridgeless doesn't support CatalystInstance. Accessing an API that's not part of the new architecture is not encouraged usage.
03-29 23:03:35.466 26519 26577 I ExpoModulesCore: ✅ JSI interop was installed
03-29 23:03:35.469 26519 26577 I ExpoModulesCore: ✅ Constants were exported
03-29 23:03:35.487 26519 26577 I ReactNativeJS: Running "main"
03-29 23:03:35.519   268 26401 I keystore2: system/security/keystore2/watchdog/src/lib.rs:377 - Watchdog thread idle -> terminating. Have a great day.
03-29 23:03:35.540 26519 26577 W unknown:ViewManagerPropertyUpdater: Could not find generated setter for class com.reactnativestripesdk.CardFormViewManager
03-29 23:03:35.542 26519 26577 W unknown:ViewManagerPropertyUpdater: Could not find generated setter for class com.facebook.react.uimanager.LayoutShadowNode
03-29 23:03:35.544 26519 26577 W unknown:ViewManagerPropertyUpdater: Could not find generated setter for class com.swmansion.rnscreens.ScreenFooterManager
03-29 23:03:35.545 26519 26577 W unknown:ViewManagerPropertyUpdater: Could not find generated setter for class com.reactnativestripesdk.EmbeddedPaymentElementViewManager
03-29 23:03:35.547 26519 26577 W unknown:ViewManagerPropertyUpdater: Could not find generated setter for class expo.modules.kotlin.views.GroupViewManagerWrapper
03-29 23:03:35.547 26519 26577 W unknown:ViewManagerPropertyUpdater: Could not find generated setter for class com.swmansion.rnscreens.ScreenContainerViewManager
03-29 23:03:35.549 26519 26577 W unknown:ViewManagerPropertyUpdater: Could not find generated setter for class com.reactnativestripesdk.StripeContainerManager
03-29 23:03:35.550 26519 26577 W unknown:ViewManagerPropertyUpdater: Could not find generated setter for class com.swmansion.rnscreens.ModalScreenViewManager
03-29 23:03:35.552 26519 26577 W unknown:ViewManagerPropertyUpdater: Could not find generated setter for class com.reactnativestripesdk.NavigationBarManager
03-29 23:03:35.553 26519 26577 W unknown:ViewManagerPropertyUpdater: Could not find generated setter for class com.th3rdwave.safeareacontext.SafeAreaViewManager
03-29 23:03:35.554 26519 26577 W unknown:ViewManagerPropertyUpdater: Could not find generated setter for class com.th3rdwave.safeareacontext.SafeAreaViewShadowNode
03-29 23:03:35.555 26519 26577 W unknown:ViewManagerPropertyUpdater: Could not find generated setter for class com.swmansion.rnscreens.safearea.SafeAreaViewManager
03-29 23:03:35.555 26519 26577 W unknown:ViewManagerPropertyUpdater: Could not find generated setter for class com.swmansion.rnscreens.safearea.paper.SafeAreaViewShadowNode
03-29 23:03:35.556 26519 26577 W unknown:ViewManagerPropertyUpdater: Could not find generated setter for class com.swmansion.rnscreens.ScreenViewManager
03-29 23:03:35.557 26519 26577 W unknown:ViewManagerPropertyUpdater: Could not find generated setter for class com.reactnativestripesdk.PaymentMethodMessagingElementViewManager
03-29 23:03:35.557 26519 26577 W unknown:ViewManagerPropertyUpdater: Could not find generated setter for class com.reactnativestripesdk.CardFieldViewManager
03-29 23:03:35.557 26519 26577 W unknown:ViewManagerPropertyUpdater: Could not find generated setter for class com.swmansion.rnscreens.ScreenStackViewManager
03-29 23:03:35.558 26519 26577 W unknown:ViewManagerPropertyUpdater: Could not find generated setter for class com.reactnativestripesdk.addresssheet.AddressSheetViewManager
03-29 23:03:35.559 26519 26577 W unknown:ViewManagerPropertyUpdater: Could not find generated setter for class com.swmansion.rnscreens.gamma.tabs.TabsHostViewManager
03-29 23:03:35.560 26519 26577 W unknown:ViewManagerPropertyUpdater: Could not find generated setter for class com.th3rdwave.safeareacontext.SafeAreaProviderManager
03-29 23:03:35.560 26519 26577 W unknown:ViewManagerPropertyUpdater: Could not find generated setter for class com.swmansion.rnscreens.SearchBarManager
03-29 23:03:35.562 26519 26577 W unknown:ViewManagerPropertyUpdater: Could not find generated setter for class com.swmansion.rnscreens.ScreenStackHeaderConfigViewManager
03-29 23:03:35.562 26519 26577 W unknown:ViewManagerPropertyUpdater: Could not find generated setter for class com.swmansion.rnscreens.ScreenContentWrapperManager
03-29 23:03:35.563 26519 26577 W unknown:ViewManagerPropertyUpdater: Could not find generated setter for class com.reactnativestripesdk.GooglePayButtonManager
03-29 23:03:35.564 26519 26577 W unknown:ViewManagerPropertyUpdater: Could not find generated setter for class com.swmansion.rnscreens.gamma.tabs.TabsScreenViewManager
03-29 23:03:35.564 26519 26577 W unknown:ViewManagerPropertyUpdater: Could not find generated setter for class com.swmansion.rnscreens.gamma.stack.host.StackHostViewManager
03-29 23:03:35.565 26519 26577 W unknown:ViewManagerPropertyUpdater: Could not find generated setter for class com.reactnativestripesdk.AuBECSDebitFormViewManager
03-29 23:03:35.565 26519 26577 W unknown:ViewManagerPropertyUpdater: Could not find generated setter for class com.swmansion.rnscreens.ScreenStackHeaderSubviewManager
03-29 23:03:35.566 26519 26577 W unknown:ViewManagerPropertyUpdater: Could not find generated setter for class com.swmansion.rnscreens.gamma.stack.screen.StackScreenViewManager
03-29 23:03:35.566 26519 26577 W unknown:ViewManagerPropertyUpdater: Could not find generated setter for class com.reactnativestripesdk.pushprovisioning.AddToWalletButtonManager
03-29 23:03:35.615 26519 26577 W unknown:ViewManagerPropertyUpdater: Could not find generated setter for class com.facebook.react.views.debuggingoverlay.DebuggingOverlayManager
03-29 23:03:35.618 26519 26577 W unknown:ViewManagerPropertyUpdater: Could not find generated setter for class com.facebook.react.views.safeareaview.ReactSafeAreaViewManager
03-29 23:03:35.620 26519 26577 W unknown:ViewManagerPropertyUpdater: Could not find generated setter for class com.facebook.react.views.modal.ReactModalHostManager
03-29 23:03:35.622 26519 26577 W unknown:ViewManagerPropertyUpdater: Could not find generated setter for class com.facebook.react.views.text.frescosupport.FrescoBasedReactTextInlineImageViewManager
03-29 23:03:35.623 26519 26577 W unknown:ViewManagerPropertyUpdater: Could not find generated setter for class com.facebook.react.views.text.frescosupport.FrescoBasedReactTextInlineImageShadowNode
03-29 23:03:35.626 26519 26577 W unknown:ViewManagerPropertyUpdater: Could not find generated setter for class com.facebook.react.views.progressbar.ReactProgressBarViewManager
03-29 23:03:35.627 26519 26577 W unknown:ViewManagerPropertyUpdater: Could not find generated setter for class com.facebook.react.views.progressbar.ProgressBarShadowNode
03-29 23:03:35.631 26519 26577 W unknown:ViewManagerPropertyUpdater: Could not find generated setter for class com.facebook.react.views.scroll.ReactHorizontalScrollViewManager
03-29 23:03:35.636 26519 26577 W unknown:ViewManagerPropertyUpdater: Could not find generated setter for class com.facebook.react.views.image.ReactImageManager
03-29 23:03:35.640 26519 26577 W unknown:ViewManagerPropertyUpdater: Could not find generated setter for class com.facebook.react.views.text.ReactTextViewManager
03-29 23:03:35.641 26519 26577 W unknown:ViewManagerPropertyUpdater: Could not find generated setter for class com.facebook.react.views.text.ReactTextShadowNode
03-29 23:03:35.644 26519 26577 W unknown:ViewManagerPropertyUpdater: Could not find generated setter for class com.facebook.react.views.scroll.ReactHorizontalScrollContainerViewManager
03-29 23:03:35.647 26519 26577 W unknown:ViewManagerPropertyUpdater: Could not find generated setter for class com.facebook.react.views.unimplementedview.ReactUnimplementedViewManager
03-29 23:03:35.650 26519 26577 W unknown:ViewManagerPropertyUpdater: Could not find generated setter for class com.facebook.react.views.scroll.ReactScrollViewManager
03-29 23:03:35.653 26519 26577 W unknown:ViewManagerPropertyUpdater: Could not find generated setter for class com.facebook.react.views.view.ReactViewManager
03-29 23:03:35.656 26519 26577 W unknown:ViewManagerPropertyUpdater: Could not find generated setter for class com.facebook.react.views.drawer.ReactDrawerLayoutManager
03-29 23:03:35.660 26519 26577 W unknown:ViewManagerPropertyUpdater: Could not find generated setter for class com.facebook.react.views.switchview.ReactSwitchManager
03-29 23:03:35.660 26519 26577 W unknown:ViewManagerPropertyUpdater: Could not find generated setter for class com.facebook.react.views.switchview.ReactSwitchShadowNode
03-29 23:03:35.664 26519 26577 W unknown:ViewManagerPropertyUpdater: Could not find generated setter for class com.facebook.react.views.swiperefresh.SwipeRefreshLayoutManager
03-29 23:03:35.668 26519 26577 W unknown:ViewManagerPropertyUpdater: Could not find generated setter for class com.facebook.react.views.textinput.ReactTextInputManager
03-29 23:03:35.669 26519 26577 W unknown:ViewManagerPropertyUpdater: Could not find generated setter for class com.facebook.react.views.textinput.ReactTextInputShadowNode
03-29 23:03:35.731 26519 26577 E ReactNativeJS: [Error: The experimental Metro feature `require.context` is not enabled in your project.]
03-29 23:03:35.736 26519 26577 E ReactNativeJS: [Error: The experimental Metro feature `require.context` is not enabled in your project.]
03-29 23:03:35.738 26519 26577 E ReactNativeJS: [Error: The experimental Metro feature `require.context` is not enabled in your project.]
03-29 23:03:35.747   703   800 D ActivityManager: freezing 14801 com.android.vending:background
03-29 23:03:35.748 26519 26577 E ReactNativeJS: [Error: The experimental Metro feature `require.context` is not enabled in your project.]
03-29 23:03:35.748   703   800 D ActivityManager: freezing 4334 com.google.android.googlequicksearchbox:search
03-29 23:03:35.748 26519 26577 E ReactNativeJS: [Error: The experimental Metro feature `require.context` is not enabled in your project.]
03-29 23:03:35.748 26519 26577 E ReactNativeJS: [Error: The experimental Metro feature `require.context` is not enabled in your project.]
03-29 23:03:35.754 26519 26577 E ReactNativeJS: { [TypeError: Cannot read property 'ctx' of undefined]
03-29 23:03:35.754 26519 26577 E ReactNativeJS:   componentStack: '\n    at anonymous (index.android.bundle:617:286)\n    at RCTView (<anonymous>)\n    at x (index.android.bundle:286:548)\n    at anonymous (index.android.bundle:285:253)',
03-29 23:03:35.754 26519 26577 E ReactNativeJS:   isComponentError: true }
03-29 23:03:35.828   703   730 W ActivityTaskManager: Launch timeout has expired, giving up wake lock!
03-29 23:03:35.830 26519 26578 W unknown:BridgelessReact: ReactHost{0}.handleHostException(message = "Error: The experimental Metro feature `require.context` is not enabled in your project., stack:
03-29 23:03:35.830 26519 26578 W unknown:BridgelessReact: anonymous@2:994
03-29 23:03:35.830 26519 26578 W unknown:BridgelessReact: anonymous@1096:105
03-29 23:03:35.830 26519 26578 W unknown:BridgelessReact: h@2:1856
03-29 23:03:35.830 26519 26578 W unknown:BridgelessReact: d@2:1239
03-29 23:03:35.830 26519 26578 W unknown:BridgelessReact: i@2:548
03-29 23:03:35.830 26519 26578 W unknown:BridgelessReact: anonymous@617:279
03-29 23:03:35.830 26519 26578 W unknown:BridgelessReact: Bl@75:43885
03-29 23:03:35.830 26519 26578 W unknown:BridgelessReact: xa@75:67314
03-29 23:03:35.830 26519 26578 W unknown:BridgelessReact: qa@75:76742
03-29 23:03:35.830 26519 26578 W unknown:BridgelessReact: Mi@75:104550
03-29 23:03:35.830 26519 26578 W unknown:BridgelessReact: Di@75:103531
03-29 23:03:35.830 26519 26578 W unknown:BridgelessReact: Ai@75:103373
03-29 23:03:35.830 26519 26578 W unknown:BridgelessReact: Ri@75:100292
03-29 23:03:35.830 26519 26578 W unknown:BridgelessReact: vt@75:27938
03-29 23:03:35.830 26519 26578 W unknown:BridgelessReact: ")
03-29 23:03:35.831 26519 26578 E unknown:ReactNative: Exception in native call from JS
03-29 23:03:35.831 26519 26578 E unknown:ReactNative: com.facebook.react.common.JavascriptException: Error: The experimental Metro feature `require.context` is not enabled in your project., stack:
03-29 23:03:35.831 26519 26578 E unknown:ReactNative: anonymous@2:994
03-29 23:03:35.831 26519 26578 E unknown:ReactNative: anonymous@1096:105
03-29 23:03:35.831 26519 26578 E unknown:ReactNative: h@2:1856
03-29 23:03:35.831 26519 26578 E unknown:ReactNative: d@2:1239
03-29 23:03:35.831 26519 26578 E unknown:ReactNative: i@2:548
03-29 23:03:35.831 26519 26578 E unknown:ReactNative: anonymous@617:279
03-29 23:03:35.831 26519 26578 E unknown:ReactNative: Bl@75:43885
03-29 23:03:35.831 26519 26578 E unknown:ReactNative: xa@75:67314
03-29 23:03:35.831 26519 26578 E unknown:ReactNative: qa@75:76742
03-29 23:03:35.831 26519 26578 E unknown:ReactNative: Mi@75:104550
03-29 23:03:35.831 26519 26578 E unknown:ReactNative: Di@75:103531
03-29 23:03:35.831 26519 26578 E unknown:ReactNative: Ai@75:103373
03-29 23:03:35.831 26519 26578 E unknown:ReactNative: Ri@75:100292
03-29 23:03:35.831 26519 26578 E unknown:ReactNative: vt@75:27938
03-29 23:03:35.831 26519 26578 E unknown:ReactNative: 
03-29 23:03:35.831 26519 26578 E unknown:ReactNative: 	at com.facebook.react.modules.core.ExceptionsManagerModule.reportException(ExceptionsManagerModule.kt:52)
03-29 23:03:35.831 26519 26578 E unknown:ReactNative: 	at com.facebook.jni.NativeRunnable.run(Native Method)
03-29 23:03:35.831 26519 26578 E unknown:ReactNative: 	at android.os.Handler.handleCallback(Handler.java:995)
03-29 23:03:35.831 26519 26578 E unknown:ReactNative: 	at android.os.Handler.dispatchMessage(Handler.java:103)
03-29 23:03:35.831 26519 26578 E unknown:ReactNative: 	at com.facebook.react.bridge.queue.MessageQueueThreadHandler.dispatchMessage(MessageQueueThreadHandler.kt:21)
03-29 23:03:35.831 26519 26578 E unknown:ReactNative: 	at android.os.Looper.loopOnce(Looper.java:248)
03-29 23:03:35.831 26519 26578 E unknown:ReactNative: 	at android.os.Looper.loop(Looper.java:338)
03-29 23:03:35.831 26519 26578 E unknown:ReactNative: 	at com.facebook.react.bridge.queue.MessageQueueThreadImpl$Companion.startNewBackgroundThread$lambda$0(MessageQueueThreadImpl.kt:152)
03-29 23:03:35.831 26519 26578 E unknown:ReactNative: 	at com.facebook.react.bridge.queue.MessageQueueThreadImpl$Companion.$r8$lambda$YYXYCFexeoKtAeDpeNYkxZZlpbA(Unknown Source:0)
03-29 23:03:35.831 26519 26578 E unknown:ReactNative: 	at com.facebook.react.bridge.queue.MessageQueueThreadImpl$Companion$$ExternalSyntheticLambda0.run(D8$$SyntheticClass:0)
03-29 23:03:35.831 26519 26578 E unknown:ReactNative: 	at java.lang.Thread.run(Thread.java:1119)
03-29 23:03:35.831 26519 26567 W unknown:BridgelessReact: ReactHost{0}.getOrCreateDestroyTask()
03-29 23:03:35.831 26519 26567 W unknown:BridgelessReact: ReactHost{0}.getOrCreateDestroyTask(): Resetting createReactInstance task ref
03-29 23:03:35.845   703  1661 W ServiceManagerCppClient: Permission failure: android.permission.ACCESS_SURFACE_FLINGER from uid=10220 pid=0
03-29 23:03:35.845   703  1661 D PermissionCache: checking android.permission.ACCESS_SURFACE_FLINGER for uid=10220 => denied (80 us)
03-29 23:03:35.845   703  1661 W ServiceManagerCppClient: Permission failure: android.permission.ROTATE_SURFACE_FLINGER from uid=10220 pid=0
03-29 23:03:35.845   703  1661 D PermissionCache: checking android.permission.ROTATE_SURFACE_FLINGER for uid=10220 => denied (11 us)
03-29 23:03:35.845   703  1661 W ServiceManagerCppClient: Permission failure: android.permission.INTERNAL_SYSTEM_WINDOW from uid=10220 pid=0
03-29 23:03:35.845   703  1661 D PermissionCache: checking android.permission.INTERNAL_SYSTEM_WINDOW for uid=10220 => denied (4 us)
03-29 23:03:35.866 26519 26519 W HWUI    : Image decoding logging dropped!
03-29 23:03:35.889   703   727 I ActivityTaskManager: Displayed com.weejobs.app/.MainActivity for user 0: +10s528ms
03-29 23:03:35.895  1087  1087 D BaseDepthController: setSurface:
03-29 23:03:35.895  1087  1087 D BaseDepthController: 	mWaitingOnSurfaceValidity: false
03-29 23:03:35.895  1087  1087 D BaseDepthController: 	mBaseSurface: null
03-29 23:03:35.896  1087  1087 D BaseDepthController: mSurface is null and mCurrentBlur is: 23
03-29 23:03:35.896  1087  1087 D StatsLog: LAUNCHER_ONSTOP
03-29 23:03:35.902  1087  2294 D GmsPlayProvider: Forcefully shut down the binder channel
03-29 23:03:35.906  1087  1087 D StatsLog: LAUNCHER_GOOGLE_SEARCH_RESTORE_LIST_SIZE_AFTER_ACTIVITY_RESTART
03-29 23:03:35.925   703  1661 W IPCThreadState: Sending oneway calls to frozen process.
03-29 23:03:35.925   703  1661 W IPCThreadState: Sending oneway calls to frozen process.
03-29 23:03:35.925   703  1661 W IPCThreadState: Sending oneway calls to frozen process.
03-29 23:03:35.925   703  1661 W IPCThreadState: Sending oneway calls to frozen process.
03-29 23:03:35.925   703   906 D BackgroundInstallControlService: Package event received: 0
03-29 23:03:35.935 15501 15520 I Finsky  : [51] Current account updated in PVS
03-29 23:03:35.936 15501 15520 I Finsky  : [51] Current account updated in PVS
03-29 23:03:35.936 15501 15520 I Finsky  : [51] Current account updated in PVS
03-29 23:03:35.941 15501 15501 I Finsky  : [2] SCH: job service start with id 9969.
03-29 23:03:35.941 26519 26519 W unknown:BridgelessReact: ReactHost{0}.getOrCreateDestroyTask(): Starting React Native destruction
03-29 23:03:35.942 26519 26519 W unknown:BridgelessReact: ReactHost{0}.getOrCreateDestroyTask(): DevSupportManager cleanup
03-29 23:03:35.945 26519 26519 W unknown:BridgelessReact: ReactHost{0}.getOrCreateDestroyTask(): Move ReactHost to onHostDestroy()
03-29 23:03:35.945 26519 26519 W unknown:BridgelessReact: ReactHost{0}.ReactContext.onHostPause()
03-29 23:03:35.945 26519 26519 W unknown:BridgelessReact: ReactHost{0}.ReactContext.onHostDestroy()
03-29 23:03:35.957 15501 26439 I Finsky  : [194] SCH: Satisfied jobs for 9969 are: 12-1
03-29 23:03:35.960 15501 15522 I Finsky  : [53] Current account updated in PVS
03-29 23:03:35.960 15501 15522 I Finsky  : [53] Current account updated in PVS
03-29 23:03:35.961 15501 15522 I Finsky  : [53] Current account updated in PVS
03-29 23:03:35.961 15501 15522 I Finsky  : [53] Current account updated in PVS
03-29 23:03:35.961 15501 15522 I Finsky  : [53] Current account updated in PVS
03-29 23:03:35.961 15501 15522 I Finsky  : [53] Current account updated in PVS
03-29 23:03:35.962 15501 15522 I Finsky  : [53] Current account updated in PVS
03-29 23:03:35.962 15501 15522 I Finsky  : [53] Current account updated in PVS
03-29 23:03:35.962 15501 15522 I Finsky  : [53] Current account updated in PVS
03-29 23:03:35.962 15501 15522 I Finsky  : [53] Current account updated in PVS
03-29 23:03:35.962 15501 15522 I Finsky  : [53] Current account updated in PVS
03-29 23:03:35.963 26519 26567 W unknown:BridgelessReact: ReactHost{0}.getOrCreateDestroyTask(): Stopping all React Native surfaces
03-29 23:03:35.963 26519 26567 E unknown:SurfaceMountingManager: Stopping surface [1]
03-29 23:03:35.963   703  1015 D CoreBackPreview: Window{10847d3 u0 com.weejobs.app/com.weejobs.app.MainActivity}: Setting back callback OnBackInvokedCallbackInfo{mCallback=android.window.IOnBackInvokedCallback$Stub$Proxy@f1d66e6, mPriority=0, mIsAnimationCallback=false, mOverrideBehavior=0}
03-29 23:03:35.966 15501 15522 I Finsky  : [53] Current account updated in PVS
03-29 23:03:35.972 15501 26477 I Finsky  : [202] SCH: Job 12-1 starting
03-29 23:03:35.972 15501 15501 I Finsky  : [2] WM::SCH: Logging work start for 12-1
03-29 23:03:35.973 15501 15520 I Finsky  : [51] Current account updated in PVS
03-29 23:03:35.980 15501 15520 I Finsky  : [51] Current account updated in PVS
03-29 23:03:35.980 15501 15501 I Finsky  : [2] [ContentSync] job started
03-29 23:03:35.980 15501 15522 I Finsky  : [53] Current account updated in PVS
03-29 23:03:35.981 15501 15521 I Finsky  : [52] Current account updated in PVS
03-29 23:03:35.982 15501 15524 I Finsky  : [55] Current account updated in PVS
03-29 23:03:36.125 15501 15520 I Finsky  : [51] Current account updated in PVS
03-29 23:03:36.126 15501 15520 I Finsky  : [51] Current account updated in PVS
03-29 23:03:36.129 15501 26588 I Finsky  : [203] App states replicator found 9 unowned apps
03-29 23:03:36.157 15501 15530 I Finsky  : [58] Completed 0 account content syncs with 0 successful.
03-29 23:03:36.160 15501 15501 I Finsky  : [2] [ContentSync] Installation state replication succeeded.
03-29 23:03:36.160 15501 15501 I Finsky  : [2] SCH: jobFinished: 12-1. TimeElapsed: 188ms.
03-29 23:03:36.160 15501 15501 I Finsky  : [2] WM::SCH: Logging work end for 12-1
03-29 23:03:36.162 15501 15520 I Finsky  : [51] Current account updated in PVS
03-29 23:03:36.162 15501 15520 I Finsky  : [51] Current account updated in PVS
03-29 23:03:36.167 15501 15520 I Finsky  : [51] Current account updated in PVS
03-29 23:03:36.169 15501 26439 I Finsky  : [194] Current account updated in PVS
03-29 23:03:36.181 26519 26519 E unknown:SurfaceMountingManager: Surface [1] was stopped on SurfaceMountingManager.
03-29 23:03:36.195 15501 15522 I Finsky  : [53] Current account updated in PVS
03-29 23:03:36.195 15501 15522 I Finsky  : [53] Current account updated in PVS
03-29 23:03:36.195 15501 15522 I Finsky  : [53] Current account updated in PVS
03-29 23:03:36.196 15501 15522 I Finsky  : [53] Current account updated in PVS
03-29 23:03:36.197 26519 26519 W unknown:BridgelessReact: ReactHost{0}.getOrCreateDestroyTask(): Destroying MemoryPressureRouter
03-29 23:03:36.198 26519 26519 W unknown:BridgelessReact: ReactHost{0}.getOrCreateDestroyTask(): Resetting ReactContext ref
03-29 23:03:36.198 26519 26519 W unknown:BridgelessReact: ReactHost{0}.getOrCreateDestroyTask(): Destroying ReactContext
03-29 23:03:36.200 15501 15522 I Finsky  : [53] Current account updated in PVS
03-29 23:03:36.202 15501 15522 I Finsky  : [53] Current account updated in PVS
03-29 23:03:36.202 15501 15522 I Finsky  : [53] Current account updated in PVS
03-29 23:03:36.202 15501 15522 I Finsky  : [53] Current account updated in PVS
03-29 23:03:36.202 15501 15522 I Finsky  : [53] Current account updated in PVS
03-29 23:03:36.202 15501 15522 I Finsky  : [53] Current account updated in PVS
03-29 23:03:36.210 26519 26567 W unknown:BridgelessReact: ReactHost{0}.getOrCreateDestroyTask(): Resetting ReactInstance ptr
03-29 23:03:36.212 26519 26567 W unknown:BridgelessReact: ReactHost{0}.getOrCreateDestroyTask(): Destroying ReactInstance
03-29 23:03:36.216 15501 15531 I Finsky  : [59] SCH: Scheduling phonesky job Id: 1-1337, CT: 1774835747849, Constraints: [{ L: 28953633, D: 72153633, C: CHARGING_NONE, I: IDLE_NONE, N: NET_ANY, B: BATTERY_ANY }]
03-29 23:03:36.222 26519 26567 I ExpoModulesCore: ✅ ModuleRegistry was destroyed
03-29 23:03:36.223 26519 26567 I ExpoModulesCore: ✅ AppContext was destroyed
03-29 23:03:36.223 26519 26567 I ExpoModulesCore: ✅ KotlinInteropModuleRegistry was destroyed
