04-03 23:01:21.103 26126 28069 D HttpFlagsLoader:       min_version: "139.0.7205.3"
04-03 23:01:21.103 26126 28069 D HttpFlagsLoader:     }
04-03 23:01:21.103 26126 28069 D HttpFlagsLoader:     constrained_values {
04-03 23:01:21.103 26126 28069 D HttpFlagsLoader:       app_id: "com.google.android.gm"
04-03 23:01:21.103 26126 28069 D HttpFlagsLoader:       bool_value: true
04-03 23:01:21.103 26126 28069 D HttpFlagsLoader:       min_version: "139.0.7205.3"
04-03 23:01:21.103 26126 28069 D HttpFlagsLoader:     }
04-03 23:01:21.103 26126 28069 D HttpFlagsLoader:     constrained_values {
04-03 23:01:21.103 26126 28069 D HttpFlagsLoader:       app_id: "com.google.android.calendar"
04-03 23:01:21.103 26126 28069 D HttpFlagsLoader:       bool_value: true
04-03 23:01:21.103 26126 28069 D HttpFlagsLoader:       min_version: "139.0.7205.3"
04-03 23:01:21.103 26126 28069 D HttpFlagsLoader:     }
04-03 23:01:21.103 26126 28069 D HttpFlagsLoader:   }
04-03 23:01:21.103 26126 28069 D HttpFlagsLoader: }
04-03 23:01:21.103 26126 28069 D HttpFlagsLoader: flags {
04-03 23:01:21.103 26126 28069 D HttpFlagsLoader:   key: "ChromiumBaseFeature_UseLockFreeX509Verification"
04-03 23:01:21.103 26126 28069 D HttpFlagsLoader:   value {
04-03 23:01:21.103 26126 28069 D HttpFlagsLoader:   }
04-03 23:01:21.103 26126 28069 D HttpFlagsLoader: }
04-03 23:01:21.103 26126 28069 D HttpFlagsLoader: flags {
04-03 23:01:21.103 26126 28069 D HttpFlagsLoader:   key: "Cronet_UpdateNetworkStateOnlyOnceOnStartup"
04-03 23:01:21.103 26126 28069 D HttpFlagsLoader:   value {
04-03 23:01:21.103 26126 28069 D HttpFlagsLoader:     constrained_values {
04-03 23:01:21.103 26126 28069 D HttpFlagsLoader:       app_id: "com.google.android.gms"
04-03 23:01:21.103 26126 28069 D HttpFlagsLoader:     }
04-03 23:01:21.103 26126 28069 D HttpFlagsLoader:     constrained_values {
04-03 23:01:21.103 26126 28069 D HttpFlagsLoader:       app_id: "com.android.vending"
04-03 23:01:21.103 26126 28069 D HttpFlagsLoader:     }
04-03 23:01:21.103 26126 28069 D HttpFlagsLoader:     constrained_values {
04-03 23:01:21.103 26126 28069 D HttpFlagsLoader:       bool_value: true
04-03 23:01:21.103 26126 28069 D HttpFlagsLoader:       min_version: "134.0.6948.0"
04-03 23:01:21.103 26126 28069 D HttpFlagsLoader:     }
04-03 23:01:21.103 26126 28069 D HttpFlagsLoader:   }
04-03 23:01:21.103 26126 28069 D HttpFlagsLoader: }
04-03 23:01:21.103 26126 28069 D HttpFlagsLoader: flags {
04-03 23:01:21.103 26126 28069 D HttpFlagsLoader:   key: "Cronet_log_me"
04-03 23:01:21.103 26126 28069 D HttpFlagsLoader:   value {
04-03 23:01:21.103 26126 28069 D HttpFlagsLoader:     constrained_values {
04-03 23:01:21.103 26126 28069 D HttpFlagsLoader:       string_value: "Using live production flag values from Google"
04-03 23:01:21.103 26126 28069 D HttpFlagsLoader:     }
04-03 23:01:21.103 26126 28069 D HttpFlagsLoader:   }
04-03 23:01:21.103 26126 28069 D HttpFlagsLoader: }
04-03 23:01:21.103 26126 28069 D HttpFlagsLoader: flags {
04-03 23:01:21.103 26126 28069 D HttpFlagsLoader:   key: "Cronet_OverrideWithHttpEngine"
04-03 23:01:21.103 26126 28069 D HttpFlagsLoader:   value {
04-03 23:01:21.103 26126 28069 D HttpFlagsLoader:     constrained_values {
04-03 23:01:21.103 26126 28069 D HttpFlagsLoader:       app_id: "com.google.android.gms"
04-03 23:01:21.103 26126 28069 D HttpFlagsLoader:     }
04-03 23:01:21.103 26126 28069 D HttpFlagsLoader:     constrained_values {
04-03 23:01:21.103 26126 28069 D HttpFlagsLoader:       app_id: "com.android.vending"
04-03 23:01:21.103 26126 28069 D HttpFlagsLoader:     }
04-03 23:01:21.103 26126 28069 D HttpFlagsLoader:     constrained_values {
04-03 23:01:21.103 26126 28069 D HttpFlagsLoader:       app_id: "com.google.android.googlequicksearchbox"
04-03 23:01:21.103 26126 28069 D HttpFlagsLoader:       bool_value: true
04-03 23:01:21.103 26126 28069 D HttpFlagsLoader:       min_version: "139.0.7205.3"
04-03 23:01:21.103 26126 28069 D HttpFlagsLoader:     }
04-03 23:01:21.103 26126 28069 D HttpFlagsLoader:     constrained_values {
04-03 23:01:21.103 26126 28069 D HttpFlagsLoader:       app_id: "com.google.android.apps.maps"
04-03 23:01:21.103 26126 28069 D HttpFlagsLoader:       bool_value: true
04-03 23:01:21.103 26126 28069 D HttpFlagsLoader:       min_version: "139.0.7205.3"
04-03 23:01:21.103 26126 28069 D HttpFlagsLoader:     }
04-03 23:01:21.103 26126 28069 D HttpFlagsLoader:     constrained_values {
04-03 23:01:21.103 26126 28069 D HttpFlagsLoader:       app_id: "com.google.android.gm"
04-03 23:01:21.103 26126 28069 D HttpFlagsLoader:       bool_value: true
04-03 23:01:21.103 26126 28069 D HttpFlagsLoader:       min_version: "139.0.7205.3"
04-03 23:01:21.103 26126 28069 D HttpFlagsLoader:     }
04-03 23:01:21.103 26126 28069 D HttpFlagsLoader:     constrained_values {
04-03 23:01:21.103 26126 28069 D HttpFlagsLoader:       app_id: "com.google.android.calendar"
04-03 23:01:21.103 26126 28069 D HttpFlagsLoader:       bool_value: true
04-03 23:01:21.103 26126 28069 D HttpFlagsLoader:       min_version: "139.0.7205.3"
04-03 23:01:21.103 26126 28069 D HttpFlagsLoader:     }
04-03 23:01:21.103 26126 28069 D HttpFlagsLoader:   }
04-03 23:01:21.103 26126 28069 D HttpFlagsLoader: }
04-03 23:01:21.103 26126 28069 D HttpFlagsLoader: flags {
04-03 23:01:21.103 26126 28069 D HttpFlagsLoader:   key: "ChromiumBaseFeature_kQuicRegisterConnectionClosePayloadV2"
04-03 23:01:21.103 26126 28069 D HttpFlagsLoader:   value {
04-03 23:01:21.103 26126 28069 D HttpFlagsLoader:   }
04-03 23:01:21.103 26126 28069 D HttpFlagsLoader: }
04-03 23:01:21.103 26126 28069 D HttpFlagsLoader: flags {
04-03 23:01:21.103 26126 28069 D HttpFlagsLoader:   key: "ChromiumBaseFeature_OverrideConnectionOptions_PARAM_ForceOff"
04-03 23:01:21.103 26126 28069 D HttpFlagsLoader:   value {
04-03 23:01:21.103 26126 28069 D HttpFlagsLoader:   }
04-03 23:01:21.103 26126 28069 D HttpFlagsLoader: }
04-03 23:01:21.103 26126 28069 D HttpFlagsLoader: flags {
04-03 23:01:21.103 26126 28069 D HttpFlagsLoader:   key: "ChromiumBaseFeature_OverrideClientConnectionOptions"
04-03 23:01:21.103 26126 28069 D HttpFlagsLoader:   value {
04-03 23:01:21.103 26126 28069 D HttpFlagsLoader:   }
04-03 23:01:21.103 26126 28069 D HttpFlagsLoader: }
04-03 23:01:21.103 26126 28069 D HttpFlagsLoader: flags {
04-03 23:01:21.103 26126 28069 D HttpFlagsLoader:   key: "ChromiumBaseFeature_OverrideClientConnectionOptions_PARAM_ForceOn"
04-03 23:01:21.103 26126 28069 D HttpFlagsLoader:   value {
04-03 23:01:21.103 26126 28069 D HttpFlagsLoader:   }
04-03 23:01:21.103 26126 28069 D HttpFlagsLoader: }
04-03 23:01:21.115 26126 28069 I HttpFlagsLoader: HTTP flags log line (Impl): Using live production flag values from Google
04-03 23:01:21.127   819  1146 D ConnectivityService: requestNetwork for uid/pid:10158/26126 activeRequest: null callbackRequest: 454 [NetworkRequest [ REQUEST id=455, [ Capabilities: INTERNET&NOT_RESTRICTED&TRUSTED&NOT_VCN_MANAGED&NOT_BANDWIDTH_CONSTRAINED Uid: 10158 RequestorUid: 10158 RequestorPkg: com.google.android.googlequicksearchbox UnderlyingNetworks: Null] ]] callback flags: 0 order: 2147483647 isUidTracked: false declaredMethods: AVAIL|LOST|NC|LP
04-03 23:01:21.135   819   972 D WifiNetworkFactory: got request NetworkRequest [ REQUEST id=455, [ Capabilities: INTERNET&NOT_RESTRICTED&TRUSTED&NOT_VCN_MANAGED&NOT_BANDWIDTH_CONSTRAINED Uid: 10158 RequestorUid: 10158 RequestorPkg: com.google.android.googlequicksearchbox UnderlyingNetworks: Null] ]
04-03 23:01:21.135   819   972 D UntrustedWifiNetworkFactory: got request NetworkRequest [ REQUEST id=455, [ Capabilities: INTERNET&NOT_RESTRICTED&TRUSTED&NOT_VCN_MANAGED&NOT_BANDWIDTH_CONSTRAINED Uid: 10158 RequestorUid: 10158 RequestorPkg: com.google.android.googlequicksearchbox UnderlyingNetworks: Null] ]
04-03 23:01:21.135   819   972 D OemPaidWifiNetworkFactory: got request NetworkRequest [ REQUEST id=455, [ Capabilities: INTERNET&NOT_RESTRICTED&TRUSTED&NOT_VCN_MANAGED&NOT_BANDWIDTH_CONSTRAINED Uid: 10158 RequestorUid: 10158 RequestorPkg: com.google.android.googlequicksearchbox UnderlyingNetworks: Null] ]
04-03 23:01:21.139   819   972 D MultiInternetWifiNetworkFactory: got request NetworkRequest [ REQUEST id=455, [ Capabilities: INTERNET&NOT_RESTRICTED&TRUSTED&NOT_VCN_MANAGED&NOT_BANDWIDTH_CONSTRAINED Uid: 10158 RequestorUid: 10158 RequestorPkg: com.google.android.googlequicksearchbox UnderlyingNetworks: Null] ]
04-03 23:01:21.141   819   978 D ConnectivityService: NetReassign [455 : null → 104] [c 1] [a 3] [i 3]
04-03 23:01:21.153   819   978 D ConnectivityService: NetReassign [no changes] [c 0] [a 1] [i 0]
04-03 23:01:21.238 26126 28071 D DesktopExperienceFlags: Toggle override initialized to: false
04-03 23:01:21.262 26126 28060 I cn_CronetLibraryLoader: Cronet version: 141.0.7340.3, arch: x86_64
04-03 23:01:22.064 26126 28073 I cn_CronetUrlRequestContext: destroyNativeStreamLocked android.net.connectivity.org.chromium.net.impl.CronetBidirectionalStream@740f1ea
04-03 23:01:22.135 26126 26168 I chly    : (REDACTED) remove request for trigger key: %s, isClientInitiated: %s
04-03 23:01:22.168 26126 26169 I chnx    : (REDACTED) #maybeCreateTimeTrigger: time trigger= %s with start time=%d, stop time=%d in seconds.
04-03 23:01:22.198 26126 26259 I chly    : (REDACTED) remove request for trigger key: %s, isClientInitiated: %s
04-03 23:01:22.214 26126 26259 I chnx    : (REDACTED) #remove: subTriggerId=%s
04-03 23:01:22.255 26126 26259 I chnx    : (REDACTED) #maybeCreateTimeTrigger: time trigger= %s with start time=%d, stop time=%d in seconds.
04-03 23:01:23.059   819   972 I HalDevMgr: bestIfaceCreationProposal is null, requestIface=STA, existingIface=[name=wlan0 type=STA]
04-03 23:01:23.847 26126 28068 I libbinder.IPCThreadState: oneway function results for code 2 on binder at 0x7710c24319c0 will be dropped but finished with status UNKNOWN_TRANSACTION
04-03 23:01:23.852 26126 28068 I libbinder.IPCThreadState: oneway function results for code 2 on binder at 0x7710c2432170 will be dropped but finished with status UNKNOWN_TRANSACTION
04-03 23:01:24.075   819   909 D ActivityManager: sync unfroze 14909 com.google.android.apps.messaging for 6
04-03 23:01:24.128   819  2275 W ProcessStats: Tracking association SourceState{b0bcbda system/1000 ImpBg #32464} whose proc state 6 is better than process ProcessState{14302c com.google.android.apps.messaging/10154 pkg=com.google.android.apps.messaging} proc state 14 (15 skipped)
04-03 23:01:24.255 14909 14978 I BugleDataModel: ActionExecutorImpl: ACTION_EXECUTE_QUEUED_CountryCodeDetectorAction
04-03 23:01:24.257 14909 28083 I BugleDataModel: ExecuteActionRunnable: running action CountryCodeDetectorAction
04-03 23:01:24.270 18964 27939 I NetworkScheduler.Stats: (REDACTED) Task %s/%s started execution. cause:%s exec_start_elapsed_seconds: %s
04-03 23:01:24.270 14909 28083 I BugleDataModel: ActionExecutorImpl: ACTION_BACKGROUND_QUEUED_CountryCodeDetectorAction
04-03 23:01:24.349 14909 28085 I Bugle   : CountryCodeDetector: updateSmsNetworkCountry from default subscription network country. detected country: us
04-03 23:01:24.351 14909 28085 I BugleDataModel: ActionExecutorImpl: ACTION_RESPONSE_QUEUED_CountryCodeDetectorAction
04-03 23:01:24.470 14909 14961 I ForwardSyncCache: reclaimMemory: Clearing caches
04-03 23:01:24.775 14909 14961 W Bugle   : TextClassifierLibManagerImpl: Reclaiming memory at level: 40
04-03 23:01:26.020 18964 18964 D BoundBrokerSvc: onUnbind: Intent { act=com.google.android.gms.common.telemetry.service.START dat=chimera-action:/... xflg=0x4 cmp=com.google.android.gms/.chimera.PersistentApiService }
04-03 23:01:26.070   819   972 I HalDevMgr: bestIfaceCreationProposal is null, requestIface=STA, existingIface=[name=wlan0 type=STA]
04-03 23:01:26.444   819   908 I UsageStatsService: User[0] Flushing usage stats to disk
04-03 23:01:26.662   819  1026 D BackgroundInstallControlService: Package event received: 0
04-03 23:01:26.820 18964 27939 I NetworkScheduler.Stats: (REDACTED) Task %s/%s finished executing. cause:%s result: %s elapsed_millis: %s uptime_millis: %s exec_start_elapsed_seconds: %s
04-03 23:01:27.455  1247  1383 D SatelliteController: iisInCarrierRoamingNbIotNtn: satellite is disabled
04-03 23:01:27.455  1247  1383 D SatelliteController: getCarrierRoamingNtnConnectType: Falling back to global carrier config connect type: 0
04-03 23:01:29.082   819   972 I HalDevMgr: bestIfaceCreationProposal is null, requestIface=STA, existingIface=[name=wlan0 type=STA]
04-03 23:01:29.317 28092 28092 W libbinder.BackendUnifiedServiceManager: Thread Pool max thread count is 0. Cannot cache binder as linkToDeath cannot be implemented. serviceName: package
04-03 23:01:29.690  2841  2844 I artd    : GetBestInfo: odex next to the dex file (/data/app/~~l86ooHn3z7zjJPmRwuVyKA==/com.google.android.gms-mjvtrlLEHAA3R1GV5L8qqg==/oat/x86_64/base.odex) is kOatUpToDate with filter 'speed-profile' executable 'false'
04-03 23:01:29.703  2841  2844 I artd    : GetBestInfo: odex next to the dex file (/data/app/~~l86ooHn3z7zjJPmRwuVyKA==/com.google.android.gms-mjvtrlLEHAA3R1GV5L8qqg==/oat/x86_64/split_AdsDynamite_installtime.odex) is kOatUpToDate with filter 'speed' executable 'false'
04-03 23:01:29.706  2841  2844 I artd    : GetBestInfo: odex next to the dex file (/data/app/~~l86ooHn3z7zjJPmRwuVyKA==/com.google.android.gms-mjvtrlLEHAA3R1GV5L8qqg==/oat/x86_64/split_CronetDynamite_installtime.odex) is kOatUpToDate with filter 'speed' executable 'false'
04-03 23:01:29.711  2841  2844 I artd    : GetBestInfo: odex next to the dex file (/data/app/~~l86ooHn3z7zjJPmRwuVyKA==/com.google.android.gms-mjvtrlLEHAA3R1GV5L8qqg==/oat/x86_64/split_DynamiteLoader_installtime.odex) is kOatUpToDate with filter 'speed' executable 'false'
04-03 23:01:29.715  2841  2844 I artd    : GetBestInfo: odex next to the dex file (/data/app/~~l86ooHn3z7zjJPmRwuVyKA==/com.google.android.gms-mjvtrlLEHAA3R1GV5L8qqg==/oat/x86_64/split_DynamiteModulesA_installtime.odex) is kOatUpToDate with filter 'speed' executable 'false'
04-03 23:01:29.717  2841  2844 I artd    : GetBestInfo: odex next to the dex file (/data/app/~~l86ooHn3z7zjJPmRwuVyKA==/com.google.android.gms-mjvtrlLEHAA3R1GV5L8qqg==/oat/x86_64/split_DynamiteModulesC_installtime.odex) is kOatUpToDate with filter 'speed' executable 'false'
04-03 23:01:29.718  2841  2844 I artd    : GetBestInfo: odex next to the dex file (/data/app/~~l86ooHn3z7zjJPmRwuVyKA==/com.google.android.gms-mjvtrlLEHAA3R1GV5L8qqg==/oat/x86_64/split_GoogleCertificates_installtime.odex) is kOatUpToDate with filter 'speed' executable 'false'
04-03 23:01:29.720  2841  2844 I artd    : GetBestInfo: odex next to the dex file (/data/app/~~l86ooHn3z7zjJPmRwuVyKA==/com.google.android.gms-mjvtrlLEHAA3R1GV5L8qqg==/oat/x86_64/split_MapsDynamite_installtime.odex) is kOatUpToDate with filter 'speed' executable 'false'
04-03 23:01:29.722  2841  2844 I artd    : GetBestInfo: odex next to the dex file (/data/app/~~l86ooHn3z7zjJPmRwuVyKA==/com.google.android.gms-mjvtrlLEHAA3R1GV5L8qqg==/oat/x86_64/split_MeasurementDynamite_installtime.odex) is kOatUpToDate with filter 'speed' executable 'false'
04-03 23:01:29.724  2841  2844 I artd    : GetBestInfo: /data/user_de/0/com.google.android.gms/app_chimera/m/0000000d/dl-PlayCloudSearch.optional_253434100000.apk has no usable artifacts
04-03 23:01:29.727  2841  2844 I artd    : GetBestInfo: /data/user_de/0/com.google.android.gms/app_chimera/m/0000000c/dl-MlkitBarcodeUi.optional_253434100800.apk has no usable artifacts
04-03 23:01:29.730  2841  2844 I artd    : GetBestInfo: /data/user_de/0/com.google.android.gms/app_chimera/m/00000001/CronetDynamite.apk has no usable artifacts
04-03 23:01:29.734  2841  2844 I artd    : GetBestInfo: /data/user_de/0/com.google.android.gms/app_chimera/m/00000016/dl-MlkitOcrCommon.optional_261133100800.apk has no usable artifacts
04-03 23:01:29.737  2841  2844 I artd    : GetBestInfo: /data/user_de/0/com.google.android.gms/app_chimera/m/0000000e/dl-VisionOcr.optional_253434100000.apk has no usable artifacts
04-03 23:01:29.737  2841  2844 I artd    : GetBestInfo: /data/user_de/0/com.google.android.gms/app_chimera/m/00000002/DynamiteLoader.apk has no usable artifacts
04-03 23:01:29.737  2841  2844 I artd    : GetBestInfo: /data/user_de/0/com.google.android.gms/app_chimera/m/00000005/GoogleCertificates.apk has no usable artifacts
04-03 23:01:29.739  2841  2844 I artd    : GetBestInfo: /data/user_de/0/com.google.android.gms/app_chimera/m/00000012/dl-Appsearch.optional_261133100800.apk has no usable artifacts
04-03 23:01:29.742  2841  2844 I artd    : GetBestInfo: /data/user_de/0/com.google.android.gms/app_chimera/m/00000011/dl-PlayCloudSearch.optional_261133100000.apk has no usable artifacts
04-03 23:01:29.745  2841  2844 I artd    : GetBestInfo: /data/user_de/0/com.google.android.gms/app_chimera/m/00000015/dl-MlkitBarcodeUi.optional_261133100800.apk has no usable artifacts
04-03 23:01:29.747  2841  2844 I artd    : GetBestInfo: /data/user_de/0/com.google.android.gms/app_chimera/m/0000000a/dl-Appsearch.optional_253434100800.apk has no usable artifacts
04-03 23:01:29.748  2841  2844 I artd    : GetBestInfo: /data/user_de/0/com.google.android.gms/app_chimera/m/00000008/dl-TfliteDynamiteDynamite.integ_252130102100800.apk has no usable artifacts
04-03 23:01:29.751  2841  2844 I artd    : GetBestInfo: /data/user_de/0/com.google.android.gms/app_chimera/m/0000000f/dl-MlkitOcrCommon.optional_253434100800.apk has no usable artifacts
04-03 23:01:29.754  2841  2844 I artd    : GetBestInfo: /data/user_de/0/com.google.android.gms/app_chimera/m/00000010/dl-VisionOcr.optional_261133100000.apk has no usable artifacts
04-03 23:01:29.756  2841  2844 I artd    : GetBestInfo: vdex next to the dex file (/data/user/0/com.google.android.gms/app_dg_cache/BB2AE5A47BB198AF36C19CFD2B6407061A1BAF30/oat/x86_64/the.vdex) is kOatUpToDate with filter 'verify' executable 'false'
04-03 23:01:29.759  2841  2844 I artd    : GetBestInfo: /data/user_de/0/com.google.android.gms/app_chimera/m/00000007/MeasurementDynamite.apk has no usable artifacts
04-03 23:01:32.096   819   972 I HalDevMgr: bestIfaceCreationProposal is null, requestIface=STA, existingIface=[name=wlan0 type=STA]
04-03 23:01:34.307 14989 14989 D BoundBrokerSvc: onUnbind: Intent { act=com.google.android.gms.checkin.START xflg=0x4 pkg=com.google.android.gms }
04-03 23:01:34.451   819   917 D ActivityManager: freezing 14909 com.google.android.apps.messaging
04-03 23:01:35.101 14989 14989 D BoundBrokerSvc: onUnbind: Intent { act=com.google.android.gms.feedback.internal.IFeedbackService dat=chimera-action:/... xflg=0x4 cmp=com.google.android.gms/.chimera.GmsBoundBrokerService }
04-03 23:01:35.105   819   972 I HalDevMgr: bestIfaceCreationProposal is null, requestIface=STA, existingIface=[name=wlan0 type=STA]
04-03 23:01:37.454  1247  1383 D SatelliteController: iisInCarrierRoamingNbIotNtn: satellite is disabled
04-03 23:01:37.455  1247  1383 D SatelliteController: getCarrierRoamingNtnConnectType: Falling back to global carrier config connect type: 0
04-03 23:01:38.117   819   972 I HalDevMgr: bestIfaceCreationProposal is null, requestIface=STA, existingIface=[name=wlan0 type=STA]
04-03 23:01:38.863   819   917 D ActivityManager: freezing 26173 com.google.android.googlequicksearchbox:googleapp
04-03 23:01:38.864   819   917 D ActivityManager: freezing 26126 com.google.android.googlequicksearchbox:search
04-03 23:01:39.311 28095 28095 W libbinder.BackendUnifiedServiceManager: Thread Pool max thread count is 0. Cannot cache binder as linkToDeath cannot be implemented. serviceName: package
04-03 23:01:39.678  2841  2844 I artd    : GetBestInfo: odex next to the dex file (/data/app/~~l86ooHn3z7zjJPmRwuVyKA==/com.google.android.gms-mjvtrlLEHAA3R1GV5L8qqg==/oat/x86_64/base.odex) is kOatUpToDate with filter 'speed-profile' executable 'false'
04-03 23:01:39.686  2841  2844 I artd    : GetBestInfo: odex next to the dex file (/data/app/~~l86ooHn3z7zjJPmRwuVyKA==/com.google.android.gms-mjvtrlLEHAA3R1GV5L8qqg==/oat/x86_64/split_AdsDynamite_installtime.odex) is kOatUpToDate with filter 'speed' executable 'false'
04-03 23:01:39.688  2841  2844 I artd    : GetBestInfo: odex next to the dex file (/data/app/~~l86ooHn3z7zjJPmRwuVyKA==/com.google.android.gms-mjvtrlLEHAA3R1GV5L8qqg==/oat/x86_64/split_CronetDynamite_installtime.odex) is kOatUpToDate with filter 'speed' executable 'false'
04-03 23:01:39.690  2841  2844 I artd    : GetBestInfo: odex next to the dex file (/data/app/~~l86ooHn3z7zjJPmRwuVyKA==/com.google.android.gms-mjvtrlLEHAA3R1GV5L8qqg==/oat/x86_64/split_DynamiteLoader_installtime.odex) is kOatUpToDate with filter 'speed' executable 'false'
04-03 23:01:39.692  2841  2844 I artd    : GetBestInfo: odex next to the dex file (/data/app/~~l86ooHn3z7zjJPmRwuVyKA==/com.google.android.gms-mjvtrlLEHAA3R1GV5L8qqg==/oat/x86_64/split_DynamiteModulesA_installtime.odex) is kOatUpToDate with filter 'speed' executable 'false'
04-03 23:01:39.694  2841  2844 I artd    : GetBestInfo: odex next to the dex file (/data/app/~~l86ooHn3z7zjJPmRwuVyKA==/com.google.android.gms-mjvtrlLEHAA3R1GV5L8qqg==/oat/x86_64/split_DynamiteModulesC_installtime.odex) is kOatUpToDate with filter 'speed' executable 'false'
04-03 23:01:39.695  2841  2844 I artd    : GetBestInfo: odex next to the dex file (/data/app/~~l86ooHn3z7zjJPmRwuVyKA==/com.google.android.gms-mjvtrlLEHAA3R1GV5L8qqg==/oat/x86_64/split_GoogleCertificates_installtime.odex) is kOatUpToDate with filter 'speed' executable 'false'
04-03 23:01:39.696  2841  2844 I artd    : GetBestInfo: odex next to the dex file (/data/app/~~l86ooHn3z7zjJPmRwuVyKA==/com.google.android.gms-mjvtrlLEHAA3R1GV5L8qqg==/oat/x86_64/split_MapsDynamite_installtime.odex) is kOatUpToDate with filter 'speed' executable 'false'
04-03 23:01:39.698  2841  2844 I artd    : GetBestInfo: odex next to the dex file (/data/app/~~l86ooHn3z7zjJPmRwuVyKA==/com.google.android.gms-mjvtrlLEHAA3R1GV5L8qqg==/oat/x86_64/split_MeasurementDynamite_installtime.odex) is kOatUpToDate with filter 'speed' executable 'false'
04-03 23:01:39.702  2841  2844 I artd    : GetBestInfo: /data/user_de/0/com.google.android.gms/app_chimera/m/0000000d/dl-PlayCloudSearch.optional_253434100000.apk has no usable artifacts
04-03 23:01:39.703  2841  2844 I artd    : GetBestInfo: /data/user_de/0/com.google.android.gms/app_chimera/m/0000000c/dl-MlkitBarcodeUi.optional_253434100800.apk has no usable artifacts
04-03 23:01:39.704  2841  2844 I artd    : GetBestInfo: /data/user_de/0/com.google.android.gms/app_chimera/m/00000001/CronetDynamite.apk has no usable artifacts
04-03 23:01:39.705  2841  2844 I artd    : GetBestInfo: /data/user_de/0/com.google.android.gms/app_chimera/m/00000016/dl-MlkitOcrCommon.optional_261133100800.apk has no usable artifacts
04-03 23:01:39.711  2841  2844 I artd    : GetBestInfo: /data/user_de/0/com.google.android.gms/app_chimera/m/0000000e/dl-VisionOcr.optional_253434100000.apk has no usable artifacts
04-03 23:01:39.714  2841  2844 I artd    : GetBestInfo: /data/user_de/0/com.google.android.gms/app_chimera/m/00000002/DynamiteLoader.apk has no usable artifacts
04-03 23:01:39.716  2841  2844 I artd    : GetBestInfo: /data/user_de/0/com.google.android.gms/app_chimera/m/00000005/GoogleCertificates.apk has no usable artifacts
04-03 23:01:39.718  2841  2844 I artd    : GetBestInfo: /data/user_de/0/com.google.android.gms/app_chimera/m/00000012/dl-Appsearch.optional_261133100800.apk has no usable artifacts
04-03 23:01:39.719  2841  2844 I artd    : GetBestInfo: /data/user_de/0/com.google.android.gms/app_chimera/m/00000011/dl-PlayCloudSearch.optional_261133100000.apk has no usable artifacts
04-03 23:01:39.720  2841  2844 I artd    : GetBestInfo: /data/user_de/0/com.google.android.gms/app_chimera/m/00000015/dl-MlkitBarcodeUi.optional_261133100800.apk has no usable artifacts
04-03 23:01:39.722  2841  2844 I artd    : GetBestInfo: /data/user_de/0/com.google.android.gms/app_chimera/m/0000000a/dl-Appsearch.optional_253434100800.apk has no usable artifacts
04-03 23:01:39.723  2841  2844 I artd    : GetBestInfo: /data/user_de/0/com.google.android.gms/app_chimera/m/00000008/dl-TfliteDynamiteDynamite.integ_252130102100800.apk has no usable artifacts
04-03 23:01:39.726  2841  2844 I artd    : GetBestInfo: /data/user_de/0/com.google.android.gms/app_chimera/m/0000000f/dl-MlkitOcrCommon.optional_253434100800.apk has no usable artifacts
04-03 23:01:39.729  2841  2844 I artd    : GetBestInfo: /data/user_de/0/com.google.android.gms/app_chimera/m/00000010/dl-VisionOcr.optional_261133100000.apk has no usable artifacts
04-03 23:01:39.731  2841  2844 I artd    : GetBestInfo: vdex next to the dex file (/data/user/0/com.google.android.gms/app_dg_cache/BB2AE5A47BB198AF36C19CFD2B6407061A1BAF30/oat/x86_64/the.vdex) is kOatUpToDate with filter 'verify' executable 'false'
04-03 23:01:39.733  2841  2844 I artd    : GetBestInfo: /data/user_de/0/com.google.android.gms/app_chimera/m/00000007/MeasurementDynamite.apk has no usable artifacts
04-03 23:01:41.132   819   972 I HalDevMgr: bestIfaceCreationProposal is null, requestIface=STA, existingIface=[name=wlan0 type=STA]
04-03 23:01:44.141   819   972 I HalDevMgr: bestIfaceCreationProposal is null, requestIface=STA, existingIface=[name=wlan0 type=STA]
04-03 23:01:45.123   819   917 D ActivityManager: freezing 14989 com.google.android.gms
04-03 23:01:47.153   819   972 I HalDevMgr: bestIfaceCreationProposal is null, requestIface=STA, existingIface=[name=wlan0 type=STA]
04-03 23:01:47.456  1247  1383 D SatelliteController: iisInCarrierRoamingNbIotNtn: satellite is disabled
04-03 23:01:47.456  1247  1383 D SatelliteController: getCarrierRoamingNtnConnectType: Falling back to global carrier config connect type: 0
04-03 23:01:49.320 28098 28098 W libbinder.BackendUnifiedServiceManager: Thread Pool max thread count is 0. Cannot cache binder as linkToDeath cannot be implemented. serviceName: package
04-03 23:01:49.801   819   829 I system_server: Background young concurrent mark compact GC freed 24MB AllocSpace bytes, 7(204KB) LOS objects, 39% free, 36MB/60MB, paused 20.451ms,12.893ms total 197.965ms
04-03 23:01:49.828  2841  2844 I artd    : GetBestInfo: odex next to the dex file (/data/app/~~l86ooHn3z7zjJPmRwuVyKA==/com.google.android.gms-mjvtrlLEHAA3R1GV5L8qqg==/oat/x86_64/base.odex) is kOatUpToDate with filter 'speed-profile' executable 'false'
04-03 23:01:49.835  2841  2844 I artd    : GetBestInfo: odex next to the dex file (/data/app/~~l86ooHn3z7zjJPmRwuVyKA==/com.google.android.gms-mjvtrlLEHAA3R1GV5L8qqg==/oat/x86_64/split_AdsDynamite_installtime.odex) is kOatUpToDate with filter 'speed' executable 'false'
04-03 23:01:49.841  2841  2844 I artd    : GetBestInfo: odex next to the dex file (/data/app/~~l86ooHn3z7zjJPmRwuVyKA==/com.google.android.gms-mjvtrlLEHAA3R1GV5L8qqg==/oat/x86_64/split_CronetDynamite_installtime.odex) is kOatUpToDate with filter 'speed' executable 'false'
04-03 23:01:49.847  2841  2844 I artd    : GetBestInfo: odex next to the dex file (/data/app/~~l86ooHn3z7zjJPmRwuVyKA==/com.google.android.gms-mjvtrlLEHAA3R1GV5L8qqg==/oat/x86_64/split_DynamiteLoader_installtime.odex) is kOatUpToDate with filter 'speed' executable 'false'
04-03 23:01:49.852  2841 18604 I artd    : GetBestInfo: odex next to the dex file (/data/app/~~l86ooHn3z7zjJPmRwuVyKA==/com.google.android.gms-mjvtrlLEHAA3R1GV5L8qqg==/oat/x86_64/split_DynamiteModulesA_installtime.odex) is kOatUpToDate with filter 'speed' executable 'false'
04-03 23:01:49.856  2841 18604 I artd    : GetBestInfo: odex next to the dex file (/data/app/~~l86ooHn3z7zjJPmRwuVyKA==/com.google.android.gms-mjvtrlLEHAA3R1GV5L8qqg==/oat/x86_64/split_DynamiteModulesC_installtime.odex) is kOatUpToDate with filter 'speed' executable 'false'
04-03 23:01:49.859  2841 18604 I artd    : GetBestInfo: odex next to the dex file (/data/app/~~l86ooHn3z7zjJPmRwuVyKA==/com.google.android.gms-mjvtrlLEHAA3R1GV5L8qqg==/oat/x86_64/split_GoogleCertificates_installtime.odex) is kOatUpToDate with filter 'speed' executable 'false'
04-03 23:01:49.864  2841 18604 I artd    : GetBestInfo: odex next to the dex file (/data/app/~~l86ooHn3z7zjJPmRwuVyKA==/com.google.android.gms-mjvtrlLEHAA3R1GV5L8qqg==/oat/x86_64/split_MapsDynamite_installtime.odex) is kOatUpToDate with filter 'speed' executable 'false'
04-03 23:01:49.865  2841 18604 I artd    : GetBestInfo: odex next to the dex file (/data/app/~~l86ooHn3z7zjJPmRwuVyKA==/com.google.android.gms-mjvtrlLEHAA3R1GV5L8qqg==/oat/x86_64/split_MeasurementDynamite_installtime.odex) is kOatUpToDate with filter 'speed' executable 'false'
04-03 23:01:49.866  2841  2844 I artd    : GetBestInfo: /data/user_de/0/com.google.android.gms/app_chimera/m/0000000d/dl-PlayCloudSearch.optional_253434100000.apk has no usable artifacts
04-03 23:01:49.869  2841  2844 I artd    : GetBestInfo: /data/user_de/0/com.google.android.gms/app_chimera/m/0000000c/dl-MlkitBarcodeUi.optional_253434100800.apk has no usable artifacts
04-03 23:01:49.871  2841  2844 I artd    : GetBestInfo: /data/user_de/0/com.google.android.gms/app_chimera/m/00000001/CronetDynamite.apk has no usable artifacts
04-03 23:01:49.874  2841  2844 I artd    : GetBestInfo: /data/user_de/0/com.google.android.gms/app_chimera/m/00000016/dl-MlkitOcrCommon.optional_261133100800.apk has no usable artifacts
04-03 23:01:49.878  2841  2844 I artd    : GetBestInfo: /data/user_de/0/com.google.android.gms/app_chimera/m/0000000e/dl-VisionOcr.optional_253434100000.apk has no usable artifacts
04-03 23:01:49.882  2841  2844 I artd    : GetBestInfo: /data/user_de/0/com.google.android.gms/app_chimera/m/00000002/DynamiteLoader.apk has no usable artifacts
04-03 23:01:49.885  2841  2844 I artd    : GetBestInfo: /data/user_de/0/com.google.android.gms/app_chimera/m/00000005/GoogleCertificates.apk has no usable artifacts
04-03 23:01:49.888  2841  2844 I artd    : GetBestInfo: /data/user_de/0/com.google.android.gms/app_chimera/m/00000012/dl-Appsearch.optional_261133100800.apk has no usable artifacts
04-03 23:01:49.895  2841  2844 I artd    : GetBestInfo: /data/user_de/0/com.google.android.gms/app_chimera/m/00000011/dl-PlayCloudSearch.optional_261133100000.apk has no usable artifacts
04-03 23:01:49.908  2841  2844 I artd    : GetBestInfo: /data/user_de/0/com.google.android.gms/app_chimera/m/00000015/dl-MlkitBarcodeUi.optional_261133100800.apk has no usable artifacts
04-03 23:01:49.919  2841  2844 I artd    : GetBestInfo: /data/user_de/0/com.google.android.gms/app_chimera/m/0000000a/dl-Appsearch.optional_253434100800.apk has no usable artifacts
04-03 23:01:49.921  2841  2844 I artd    : GetBestInfo: /data/user_de/0/com.google.android.gms/app_chimera/m/00000008/dl-TfliteDynamiteDynamite.integ_252130102100800.apk has no usable artifacts
04-03 23:01:49.923  2841  2844 I artd    : GetBestInfo: /data/user_de/0/com.google.android.gms/app_chimera/m/0000000f/dl-MlkitOcrCommon.optional_253434100800.apk has no usable artifacts
04-03 23:01:49.933  2841  2844 I artd    : GetBestInfo: /data/user_de/0/com.google.android.gms/app_chimera/m/00000010/dl-VisionOcr.optional_261133100000.apk has no usable artifacts
04-03 23:01:49.936  2841  2844 I artd    : GetBestInfo: vdex next to the dex file (/data/user/0/com.google.android.gms/app_dg_cache/BB2AE5A47BB198AF36C19CFD2B6407061A1BAF30/oat/x86_64/the.vdex) is kOatUpToDate with filter 'verify' executable 'false'
04-03 23:01:49.938  2841  2844 I artd    : GetBestInfo: /data/user_de/0/com.google.android.gms/app_chimera/m/00000007/MeasurementDynamite.apk has no usable artifacts
04-03 23:01:50.166   819   972 I HalDevMgr: bestIfaceCreationProposal is null, requestIface=STA, existingIface=[name=wlan0 type=STA]
04-03 23:01:53.177   819   972 I HalDevMgr: bestIfaceCreationProposal is null, requestIface=STA, existingIface=[name=wlan0 type=STA]
04-03 23:01:56.188   819   972 I HalDevMgr: bestIfaceCreationProposal is null, requestIface=STA, existingIface=[name=wlan0 type=STA]
04-03 23:01:57.455  1247  1383 D SatelliteController: iisInCarrierRoamingNbIotNtn: satellite is disabled
04-03 23:01:57.457  1247  1383 D SatelliteController: getCarrierRoamingNtnConnectType: Falling back to global carrier config connect type: 0
04-03 23:01:59.202   819   972 I HalDevMgr: bestIfaceCreationProposal is null, requestIface=STA, existingIface=[name=wlan0 type=STA]
04-03 23:01:59.320 28102 28102 W libbinder.BackendUnifiedServiceManager: Thread Pool max thread count is 0. Cannot cache binder as linkToDeath cannot be implemented. serviceName: package
04-03 23:01:59.779  2841  2844 I artd    : GetBestInfo: odex next to the dex file (/data/app/~~l86ooHn3z7zjJPmRwuVyKA==/com.google.android.gms-mjvtrlLEHAA3R1GV5L8qqg==/oat/x86_64/base.odex) is kOatUpToDate with filter 'speed-profile' executable 'false'
04-03 23:01:59.786  2841  2844 I artd    : GetBestInfo: odex next to the dex file (/data/app/~~l86ooHn3z7zjJPmRwuVyKA==/com.google.android.gms-mjvtrlLEHAA3R1GV5L8qqg==/oat/x86_64/split_AdsDynamite_installtime.odex) is kOatUpToDate with filter 'speed' executable 'false'
04-03 23:01:59.788  2841  2844 I artd    : GetBestInfo: odex next to the dex file (/data/app/~~l86ooHn3z7zjJPmRwuVyKA==/com.google.android.gms-mjvtrlLEHAA3R1GV5L8qqg==/oat/x86_64/split_CronetDynamite_installtime.odex) is kOatUpToDate with filter 'speed' executable 'false'
04-03 23:01:59.793  2841  2844 I artd    : GetBestInfo: odex next to the dex file (/data/app/~~l86ooHn3z7zjJPmRwuVyKA==/com.google.android.gms-mjvtrlLEHAA3R1GV5L8qqg==/oat/x86_64/split_DynamiteLoader_installtime.odex) is kOatUpToDate with filter 'speed' executable 'false'
04-03 23:01:59.797  2841  2844 I artd    : GetBestInfo: odex next to the dex file (/data/app/~~l86ooHn3z7zjJPmRwuVyKA==/com.google.android.gms-mjvtrlLEHAA3R1GV5L8qqg==/oat/x86_64/split_DynamiteModulesA_installtime.odex) is kOatUpToDate with filter 'speed' executable 'false'
04-03 23:01:59.802  2841  2844 I artd    : GetBestInfo: odex next to the dex file (/data/app/~~l86ooHn3z7zjJPmRwuVyKA==/com.google.android.gms-mjvtrlLEHAA3R1GV5L8qqg==/oat/x86_64/split_DynamiteModulesC_installtime.odex) is kOatUpToDate with filter 'speed' executable 'false'
04-03 23:01:59.803  2841  2844 I artd    : GetBestInfo: odex next to the dex file (/data/app/~~l86ooHn3z7zjJPmRwuVyKA==/com.google.android.gms-mjvtrlLEHAA3R1GV5L8qqg==/oat/x86_64/split_GoogleCertificates_installtime.odex) is kOatUpToDate with filter 'speed' executable 'false'
04-03 23:01:59.806  2841  2844 I artd    : GetBestInfo: odex next to the dex file (/data/app/~~l86ooHn3z7zjJPmRwuVyKA==/com.google.android.gms-mjvtrlLEHAA3R1GV5L8qqg==/oat/x86_64/split_MapsDynamite_installtime.odex) is kOatUpToDate with filter 'speed' executable 'false'
04-03 23:01:59.808  2841  2844 I artd    : GetBestInfo: odex next to the dex file (/data/app/~~l86ooHn3z7zjJPmRwuVyKA==/com.google.android.gms-mjvtrlLEHAA3R1GV5L8qqg==/oat/x86_64/split_MeasurementDynamite_installtime.odex) is kOatUpToDate with filter 'speed' executable 'false'
04-03 23:01:59.812  2841  2844 I artd    : GetBestInfo: /data/user_de/0/com.google.android.gms/app_chimera/m/0000000d/dl-PlayCloudSearch.optional_253434100000.apk has no usable artifacts
04-03 23:01:59.815  2841  2844 I artd    : GetBestInfo: /data/user_de/0/com.google.android.gms/app_chimera/m/0000000c/dl-MlkitBarcodeUi.optional_253434100800.apk has no usable artifacts
04-03 23:01:59.817  2841  2844 I artd    : GetBestInfo: /data/user_de/0/com.google.android.gms/app_chimera/m/00000001/CronetDynamite.apk has no usable artifacts
04-03 23:01:59.818  2841  2844 I artd    : GetBestInfo: /data/user_de/0/com.google.android.gms/app_chimera/m/00000016/dl-MlkitOcrCommon.optional_261133100800.apk has no usable artifacts
04-03 23:01:59.821  2841  2844 I artd    : GetBestInfo: /data/user_de/0/com.google.android.gms/app_chimera/m/0000000e/dl-VisionOcr.optional_253434100000.apk has no usable artifacts
04-03 23:01:59.824  2841  2844 I artd    : GetBestInfo: /data/user_de/0/com.google.android.gms/app_chimera/m/00000002/DynamiteLoader.apk has no usable artifacts
04-03 23:01:59.826  2841  2844 I artd    : GetBestInfo: /data/user_de/0/com.google.android.gms/app_chimera/m/00000005/GoogleCertificates.apk has no usable artifacts
04-03 23:01:59.829  2841  2844 I artd    : GetBestInfo: /data/user_de/0/com.google.android.gms/app_chimera/m/00000012/dl-Appsearch.optional_261133100800.apk has no usable artifacts
04-03 23:01:59.831  2841  2844 I artd    : GetBestInfo: /data/user_de/0/com.google.android.gms/app_chimera/m/00000011/dl-PlayCloudSearch.optional_261133100000.apk has no usable artifacts
04-03 23:01:59.834  2841  2844 I artd    : GetBestInfo: /data/user_de/0/com.google.android.gms/app_chimera/m/00000015/dl-MlkitBarcodeUi.optional_261133100800.apk has no usable artifacts
04-03 23:01:59.837  2841  2844 I artd    : GetBestInfo: /data/user_de/0/com.google.android.gms/app_chimera/m/0000000a/dl-Appsearch.optional_253434100800.apk has no usable artifacts
04-03 23:01:59.839  2841  2844 I artd    : GetBestInfo: /data/user_de/0/com.google.android.gms/app_chimera/m/00000008/dl-TfliteDynamiteDynamite.integ_252130102100800.apk has no usable artifacts
04-03 23:01:59.842  2841  2844 I artd    : GetBestInfo: /data/user_de/0/com.google.android.gms/app_chimera/m/0000000f/dl-MlkitOcrCommon.optional_253434100800.apk has no usable artifacts
04-03 23:01:59.844  2841  2844 I artd    : GetBestInfo: /data/user_de/0/com.google.android.gms/app_chimera/m/00000010/dl-VisionOcr.optional_261133100000.apk has no usable artifacts
04-03 23:01:59.847  2841  2844 I artd    : GetBestInfo: vdex next to the dex file (/data/user/0/com.google.android.gms/app_dg_cache/BB2AE5A47BB198AF36C19CFD2B6407061A1BAF30/oat/x86_64/the.vdex) is kOatUpToDate with filter 'verify' executable 'false'
04-03 23:01:59.848  2841  2844 I artd    : GetBestInfo: /data/user_de/0/com.google.android.gms/app_chimera/m/00000007/MeasurementDynamite.apk has no usable artifacts
04-03 23:02:02.216   819   972 I HalDevMgr: bestIfaceCreationProposal is null, requestIface=STA, existingIface=[name=wlan0 type=STA]
04-03 23:02:02.876  1176 12493 D TcpSocketTracker/104: data stall suspected, uids: {10155, 10158, 10227}
04-03 23:02:02.877   819  2275 D ConnectivityService: Data stall detected with methods: 2
04-03 23:02:02.877  1176 12493 D NetworkMonitor/104: isDataStall: result=2, tcp packets received=0, latest tcp fail rate=83, consecutive dns timeout count=0
04-03 23:02:02.878  1176 12493 D NetworkMonitor/104: Suspecting data stall, reevaluate
04-03 23:02:02.970  1176 28106 D NetworkMonitor/104: PROBE_DNS www.google.com 86ms OK 142.251.153.119,142.251.157.119,142.251.154.119,142.251.150.119,142.251.151.119,142.251.156.119,142.251.155.119,142.251.152.119,2001:4860:4829:7700::,2001:4860:482c:7700::,2001:4860:482b:7700::,2001:4860:482a:7700::,2001:4860:4828:7700::,2001:4860:4827:7700::,2001:4860:482d:7700::,2001:4860:4826:7700::
04-03 23:02:02.979  1176 28107 D NetworkMonitor/104: PROBE_DNS connectivitycheck.gstatic.com 97ms OK 142.250.73.99,2607:f8b0:400a:80c::2003
04-03 23:02:03.079  1176 28107 D NetworkMonitor/104: PROBE_HTTP http://connectivitycheck.gstatic.com/generate_204 Probe failed with exception java.io.IOException: unexpected end of stream on com.android.okhttp.Address@484719d8
04-03 23:02:03.111  1176 28106 D NetworkMonitor/104: PROBE_HTTPS https://www.google.com/generate_204 time=138ms ret=204 request={Connection=[close], User-Agent=[Mozilla/5.0 (X11; Linux x86_64) AppleWebKit/537.36 (KHTML, like Gecko) Chrome/60.0.3112.32 Safari/537.36]} headers={null=[HTTP/1.1 204 No Content], Alt-Svc=[h3=":443"; ma=2592000,h3-29=":443"; ma=2592000], Connection=[close], Content-Length=[0], Cross-Origin-Resource-Policy=[cross-origin], Date=[Sat, 04 Apr 2026 06:02:02 GMT], X-Android-Received-Millis=[1775282523099], X-Android-Response-Source=[NETWORK 204], X-Android-Selected-Protocol=[http/1.1], X-Android-Sent-Millis=[1775282523055]}
04-03 23:02:03.118  1176 28105 D NetworkMonitor/104: isCaptivePortal: isSuccessful()=true isPortal()=false RedirectUrl=null isPartialConnectivity()=false Time=239ms
04-03 23:02:03.120   819   978 D ConnectivityService: [104 WIFI] validation passed
04-03 23:02:05.229   819   972 I HalDevMgr: bestIfaceCreationProposal is null, requestIface=STA, existingIface=[name=wlan0 type=STA]
04-03 23:02:07.456  1247  1383 D SatelliteController: iisInCarrierRoamingNbIotNtn: satellite is disabled
04-03 23:02:07.457  1247  1383 D SatelliteController: getCarrierRoamingNtnConnectType: Falling back to global carrier config connect type: 0
04-03 23:02:08.244   819   972 I HalDevMgr: bestIfaceCreationProposal is null, requestIface=STA, existingIface=[name=wlan0 type=STA]
04-03 23:02:09.352 28119 28119 W libbinder.BackendUnifiedServiceManager: Thread Pool max thread count is 0. Cannot cache binder as linkToDeath cannot be implemented. serviceName: package
04-03 23:02:09.788  2841  2844 I artd    : GetBestInfo: odex next to the dex file (/data/app/~~l86ooHn3z7zjJPmRwuVyKA==/com.google.android.gms-mjvtrlLEHAA3R1GV5L8qqg==/oat/x86_64/base.odex) is kOatUpToDate with filter 'speed-profile' executable 'false'
04-03 23:02:09.799  2841  2844 I artd    : GetBestInfo: odex next to the dex file (/data/app/~~l86ooHn3z7zjJPmRwuVyKA==/com.google.android.gms-mjvtrlLEHAA3R1GV5L8qqg==/oat/x86_64/split_AdsDynamite_installtime.odex) is kOatUpToDate with filter 'speed' executable 'false'
04-03 23:02:09.803  2841  2844 I artd    : GetBestInfo: odex next to the dex file (/data/app/~~l86ooHn3z7zjJPmRwuVyKA==/com.google.android.gms-mjvtrlLEHAA3R1GV5L8qqg==/oat/x86_64/split_CronetDynamite_installtime.odex) is kOatUpToDate with filter 'speed' executable 'false'
04-03 23:02:09.810  2841  2844 I artd    : GetBestInfo: odex next to the dex file (/data/app/~~l86ooHn3z7zjJPmRwuVyKA==/com.google.android.gms-mjvtrlLEHAA3R1GV5L8qqg==/oat/x86_64/split_DynamiteLoader_installtime.odex) is kOatUpToDate with filter 'speed' executable 'false'
04-03 23:02:09.812  2841  2844 I artd    : GetBestInfo: odex next to the dex file (/data/app/~~l86ooHn3z7zjJPmRwuVyKA==/com.google.android.gms-mjvtrlLEHAA3R1GV5L8qqg==/oat/x86_64/split_DynamiteModulesA_installtime.odex) is kOatUpToDate with filter 'speed' executable 'false'
04-03 23:02:09.814  2841  2844 I artd    : GetBestInfo: odex next to the dex file (/data/app/~~l86ooHn3z7zjJPmRwuVyKA==/com.google.android.gms-mjvtrlLEHAA3R1GV5L8qqg==/oat/x86_64/split_DynamiteModulesC_installtime.odex) is kOatUpToDate with filter 'speed' executable 'false'
04-03 23:02:09.816  2841  2844 I artd    : GetBestInfo: odex next to the dex file (/data/app/~~l86ooHn3z7zjJPmRwuVyKA==/com.google.android.gms-mjvtrlLEHAA3R1GV5L8qqg==/oat/x86_64/split_GoogleCertificates_installtime.odex) is kOatUpToDate with filter 'speed' executable 'false'
04-03 23:02:09.822  2841  2844 I artd    : GetBestInfo: odex next to the dex file (/data/app/~~l86ooHn3z7zjJPmRwuVyKA==/com.google.android.gms-mjvtrlLEHAA3R1GV5L8qqg==/oat/x86_64/split_MapsDynamite_installtime.odex) is kOatUpToDate with filter 'speed' executable 'false'
04-03 23:02:09.827  2841  2844 I artd    : GetBestInfo: odex next to the dex file (/data/app/~~l86ooHn3z7zjJPmRwuVyKA==/com.google.android.gms-mjvtrlLEHAA3R1GV5L8qqg==/oat/x86_64/split_MeasurementDynamite_installtime.odex) is kOatUpToDate with filter 'speed' executable 'false'
04-03 23:02:09.831  2841  2844 I artd    : GetBestInfo: /data/user_de/0/com.google.android.gms/app_chimera/m/0000000d/dl-PlayCloudSearch.optional_253434100000.apk has no usable artifacts
04-03 23:02:09.835  2841  2844 I artd    : GetBestInfo: /data/user_de/0/com.google.android.gms/app_chimera/m/0000000c/dl-MlkitBarcodeUi.optional_253434100800.apk has no usable artifacts
04-03 23:02:09.837  2841  2844 I artd    : GetBestInfo: /data/user_de/0/com.google.android.gms/app_chimera/m/00000001/CronetDynamite.apk has no usable artifacts
04-03 23:02:09.839  2841  2844 I artd    : GetBestInfo: /data/user_de/0/com.google.android.gms/app_chimera/m/00000016/dl-MlkitOcrCommon.optional_261133100800.apk has no usable artifacts
04-03 23:02:09.842  2841  2844 I artd    : GetBestInfo: /data/user_de/0/com.google.android.gms/app_chimera/m/0000000e/dl-VisionOcr.optional_253434100000.apk has no usable artifacts
04-03 23:02:09.846  2841  2844 I artd    : GetBestInfo: /data/user_de/0/com.google.android.gms/app_chimera/m/00000002/DynamiteLoader.apk has no usable artifacts
04-03 23:02:09.847  2841  2844 I artd    : GetBestInfo: /data/user_de/0/com.google.android.gms/app_chimera/m/00000005/GoogleCertificates.apk has no usable artifacts
04-03 23:02:09.850  2841  2844 I artd    : GetBestInfo: /data/user_de/0/com.google.android.gms/app_chimera/m/00000012/dl-Appsearch.optional_261133100800.apk has no usable artifacts
04-03 23:02:09.853  2841  2844 I artd    : GetBestInfo: /data/user_de/0/com.google.android.gms/app_chimera/m/00000011/dl-PlayCloudSearch.optional_261133100000.apk has no usable artifacts
04-03 23:02:09.855  2841  2844 I artd    : GetBestInfo: /data/user_de/0/com.google.android.gms/app_chimera/m/00000015/dl-MlkitBarcodeUi.optional_261133100800.apk has no usable artifacts
04-03 23:02:09.862  2841  2844 I artd    : GetBestInfo: /data/user_de/0/com.google.android.gms/app_chimera/m/0000000a/dl-Appsearch.optional_253434100800.apk has no usable artifacts
04-03 23:02:09.866  2841  2844 I artd    : GetBestInfo: /data/user_de/0/com.google.android.gms/app_chimera/m/00000008/dl-TfliteDynamiteDynamite.integ_252130102100800.apk has no usable artifacts
04-03 23:02:09.870  2841  2844 I artd    : GetBestInfo: /data/user_de/0/com.google.android.gms/app_chimera/m/0000000f/dl-MlkitOcrCommon.optional_253434100800.apk has no usable artifacts
04-03 23:02:09.872  2841  2844 I artd    : GetBestInfo: /data/user_de/0/com.google.android.gms/app_chimera/m/00000010/dl-VisionOcr.optional_261133100000.apk has no usable artifacts
04-03 23:02:09.876  2841  2844 I artd    : GetBestInfo: vdex next to the dex file (/data/user/0/com.google.android.gms/app_dg_cache/BB2AE5A47BB198AF36C19CFD2B6407061A1BAF30/oat/x86_64/the.vdex) is kOatUpToDate with filter 'verify' executable 'false'
04-03 23:02:09.879  2841  2844 I artd    : GetBestInfo: /data/user_de/0/com.google.android.gms/app_chimera/m/00000007/MeasurementDynamite.apk has no usable artifacts
04-03 23:02:11.270   819   972 I HalDevMgr: bestIfaceCreationProposal is null, requestIface=STA, existingIface=[name=wlan0 type=STA]
04-03 23:02:14.017 18964 19005 I FusedLocation: (REDACTED) location delivery to %s blocked - too close
04-03 23:02:14.048 18964 19005 I FusedLocation: (REDACTED) location delivery to %s blocked - too close
04-03 23:02:14.049 18964 19005 I FusedLocation: (REDACTED) location delivery to %s blocked - too close
04-03 23:02:14.134 18964 18964 D BoundBrokerSvc: onRebind: Intent { act=com.google.android.gms.common.telemetry.service.START dat=chimera-action:/... xflg=0x4 cmp=com.google.android.gms/.chimera.PersistentApiService }
04-03 23:02:14.243   819  1791 D ActivityManager: sync unfroze 14989 com.google.android.gms for 6
04-03 23:02:14.244   819  1026 D BackgroundInstallControlService: Package event received: 0
04-03 23:02:14.253 14989 14989 D BoundBrokerSvc: onBind: Intent { act=com.google.android.gms.auth.service.START xflg=0x4 pkg=com.google.android.gms }
04-03 23:02:14.254 14989 14989 D BoundBrokerSvc: Loading bound service for intent: Intent { act=com.google.android.gms.auth.service.START xflg=0x4 pkg=com.google.android.gms }
04-03 23:02:14.259   819  1791 W ProcessStats: Tracking association SourceState{26500c7 com.google.android.gms.persistent/10155 BFgs #32499} whose proc state 4 is better than process ProcessState{d1b67c5 com.google.android.gms/10155 pkg=com.google.android.gms} proc state 14 (4 skipped)
04-03 23:02:14.281   819   972 I HalDevMgr: bestIfaceCreationProposal is null, requestIface=STA, existingIface=[name=wlan0 type=STA]
04-03 23:02:14.303 18964 18974 W GLSUser : [DeviceKeyStore] Cannot load key: Device key file not found.
04-03 23:02:14.356   819  2275 D ActivityManager: sync unfroze 12618 com.google.android.gms.unstable for 6
04-03 23:02:14.358 12618 12618 D ActivityThread: Package [com.weejobs.app] reported as REPLACED, but missing application info. Assuming REMOVED.
04-03 23:02:14.361   819  1026 D BackgroundInstallControlService: Package event received: 0
04-03 23:02:14.365 12618 12618 D ActivityThread: Package [com.weejobs.app] reported as REPLACED, but missing application info. Assuming REMOVED.
04-03 23:02:14.784   819  2234 D FileUtils: Rounded bytes from 2061062144 to 4000000000
04-03 23:02:14.864 12618 12622 W id.gms.unstable: Reducing the number of considered missed Gc histogram windows from 119 to 100
04-03 23:02:14.875 12618 12627 W libc    : Access denied finding property "persist.adb.tls_server.enable"
04-03 23:02:14.875 12618 12627 W libc    : Access denied finding property "service.adb.tls.port"
04-03 23:02:14.873 12618 12618 W binder:12618_1: type=1400 audit(0.0:488): avc:  denied  { read } for  name="u:object_r:adbd_prop:s0" dev="tmpfs" ino=59 scontext=u:r:gmscore_app:s0:c512,c768 tcontext=u:object_r:adbd_prop:s0 tclass=file permissive=0 app=com.google.android.gms
04-03 23:02:14.984 18964 18974 W GmsUrlRequestImpl: [https://android.googleapis.com/auth/devicekey] Content-Type header is overwritten.
04-03 23:02:15.107   819  2275 W AppOps  : Noting op not finished: uid 10155 pkg com.google.android.gms code 113 startTime of in progress event=1775271430710
04-03 23:02:15.249   819  2185 W AppOps  : Noting op not finished: uid 10155 pkg com.google.android.gms code 79 startTime of in progress event=1775271432330
04-03 23:02:15.274 18964 18974 W GLSUser : [AppCertManager] Exception while requesting key: 
04-03 23:02:15.274 18964 18974 W GLSUser : java.util.concurrent.ExecutionException: cwpz: Parsing Exception
04-03 23:02:15.274 18964 18974 W GLSUser : 	at hggl.j(:com.google.android.gms@261133038@26.11.33 (260800-887465546):21)
04-03 23:02:15.274 18964 18974 W GLSUser : 	at hggu.u(:com.google.android.gms@261133038@26.11.33 (260800-887465546):71)
