--------- beginning of main
03-30 12:49:06.272 I/HalDevMgr(  815): bestIfaceCreationProposal is null, requestIface=STA, existingIface=[name=wlan0 type=STA]
--------- beginning of system
03-30 12:49:06.437 I/ActivityManager(  815): Force stopping com.weejobs.app appid=10227 user=0: from pid 10991
03-30 12:49:06.438 I/ActivityManager(  815): Killing 10783:com.weejobs.app/u0a227 (adj 0): stop com.weejobs.app due to from pid 10991
03-30 12:49:06.439 W/ActivityTaskManager(  815): Force removing ActivityRecord{23697263 u0 com.weejobs.app/.MainActivity t15 f}}: app died, no saved state
03-30 12:49:06.441 V/WindowManagerShell( 1337): Transition requested (#29): android.os.BinderProxy@f6f051c TransitionRequestInfo { type = CLOSE, triggerTask = TaskInfo{userId=0 taskId=15 effectiveUid=10227 displayId=0 isRunning=false baseIntent=Intent { act=android.intent.action.MAIN cat=[android.intent.category.LAUNCHER] flg=0x10000000 cmp=com.weejobs.app/.MainActivity } baseActivity=null topActivity=null origActivity=null realActivity=ComponentInfo{com.weejobs.app/com.weejobs.app.MainActivity} numActivities=0 lastActiveTime=1231150 supportsMultiWindow=true resizeMode=1 isResizeable=true minWidth=-1 minHeight=-1 defaultMinSize=220 token=WCT{android.os.BinderProxy@2586b06} topActivityType=1 pictureInPictureParams=null shouldDockBigOverlays=false launchIntoPipHostTaskId=-1 lastParentTaskIdBeforePip=-1 displayCutoutSafeInsets=Rect(0, 0 - 0, 0) topActivityInfo=null launchCookies=[] positionInParent=Point(0, 0) parentTaskId=-1 isFocused=true isVisible=true isVisibleRequested=true isTopActivityNoDisplay=false isSleeping=false locusId=null displayAreaFeatureId=1 isTopActivityTransparent=false isActivityStackTransparent=true lastNonFullscreenBounds=null capturedLink=null capturedLinkTimestamp=0 requestedVisibleTypes=503 topActivityRequestOpenInBrowserEducationTimestamp=0 appCompatTaskInfo=AppCompatTaskInfo { topActivityInSizeCompat=false isLeafTask= true eligibleForLetterboxEducation= false isLetterboxEducationEnabled= false isLetterboxDoubleTapEnabled= false eligibleForUserAspectRatioButton= false topActivityBoundsLetterboxed= false isFromLetterboxDoubleTap= false topActivityLetterboxVerticalPosition= -1 topActivityLetterboxHorizontalPosition= -1 topActivityLetterboxWidth=-1 topActivityLetterboxHeight=-1 topActivityAppBounds=Rect(0, 0 - 0, 0) isUserFullscreenOverrideEnabled=false isSystemFullscreenOverrideEnabled=false hasMinAspectRatioOverride=false topActivityLetterboxBounds=null cameraCompatTaskInfo=CameraCompatTaskInfo { cameraCompatMode=undefinedundefined} topNonResizableActivityAspectRatio=-1.0} topActivityMainWindowFrame=null isAppBubble=false}, pipChange = null, remoteTransition = null, displayChange = null, requestedLocation = null, userChange = null, windowingLayerChange = null, flags = 0, debugId = 29 }
03-30 12:49:06.441 V/ShellDesktopMode( 1337): DesktopTasksController: handleRequest request=TransitionRequestInfo { type = CLOSE, triggerTask = TaskInfo{userId=0 taskId=15 effectiveUid=10227 displayId=0 isRunning=false baseIntent=Intent { act=android.intent.action.MAIN cat=[android.intent.category.LAUNCHER] flg=0x10000000 cmp=com.weejobs.app/.MainActivity } baseActivity=null topActivity=null origActivity=null realActivity=ComponentInfo{com.weejobs.app/com.weejobs.app.MainActivity} numActivities=0 lastActiveTime=1231150 supportsMultiWindow=true resizeMode=1 isResizeable=true minWidth=-1 minHeight=-1 defaultMinSize=220 token=WCT{android.os.BinderProxy@2586b06} topActivityType=1 pictureInPictureParams=null shouldDockBigOverlays=false launchIntoPipHostTaskId=-1 lastParentTaskIdBeforePip=-1 displayCutoutSafeInsets=Rect(0, 0 - 0, 0) topActivityInfo=null launchCookies=[] positionInParent=Point(0, 0) parentTaskId=-1 isFocused=true isVisible=true isVisibleRequested=true isTopActivityNoDisplay=false isSleeping=false locusId=null displayAreaFeatureId=1 isTopActivityTransparent=false isActivityStackTransparent=true lastNonFullscreenBounds=null capturedLink=null capturedLinkTimestamp=0 requestedVisibleTypes=503 topActivityRequestOpenInBrowserEducationTimestamp=0 appCompatTaskInfo=AppCompatTaskInfo { topActivityInSizeCompat=false isLeafTask= true eligibleForLetterboxEducation= false isLetterboxEducationEnabled= false isLetterboxDoubleTapEnabled= false eligibleForUserAspectRatioButton= false topActivityBoundsLetterboxed= false isFromLetterboxDoubleTap= false topActivityLetterboxVerticalPosition= -1 topActivityLetterboxHorizontalPosition= -1 topActivityLetterboxWidth=-1 topActivityLetterboxHeight=-1 topActivityAppBounds=Rect(0, 0 - 0, 0) isUserFullscreenOverrideEnabled=false isSystemFullscreenOverrideEnabled=false hasMinAspectRatioOverride=false topActivityLetterboxBounds=null cameraCompatTaskInfo=CameraCompatTaskInfo { cameraCompatMode=undefinedundefined} topNonResizableActivityAspectRatio=-1.0} topActivityMainWindowFrame=null isAppBubble=false}, pipChange = null, remoteTransition = null, displayChange = null, requestedLocation = null, userChange = null, windowingLayerChange = null, flags = 0, debugId = 29 }
03-30 12:49:06.441 V/ShellDesktopMode( 1337): DesktopTasksController: skipping handleRequest reason=triggerTask's display doesn't support desktop mode
03-30 12:49:06.443 D/InetDiagMessage(  815): Destroyed 0 sockets, proto=IPPROTO_TCP, family=AF_INET, states=14
03-30 12:49:06.445 D/BackgroundInstallControlService(  815): Package event received: 0
03-30 12:49:06.446 D/InetDiagMessage(  815): Destroyed 0 sockets, proto=IPPROTO_TCP, family=AF_INET6, states=14
03-30 12:49:06.446 D/InetDiagMessage(  815): Destroyed live tcp sockets for uids={10227} in 4ms
03-30 12:49:06.447 I/libbinder.BpBinder(  651): onLastStrongRef automatically unlinking death recipients for descriptor: '(not cached)'
03-30 12:49:06.447 D/InetDiagMessage(  815): Destroyed 0 sockets, proto=IPPROTO_TCP, family=AF_INET, states=14
03-30 12:49:06.448 D/InetDiagMessage(  815): Destroyed 0 sockets, proto=IPPROTO_TCP, family=AF_INET6, states=14
03-30 12:49:06.448 D/InetDiagMessage(  815): Destroyed live tcp sockets for uids={20227} in 1ms
03-30 12:49:06.450 V/WindowManager(  815): Defer transition id=29 for TaskFragmentTransaction=android.os.Binder@3b322e2
03-30 12:49:06.451 V/WindowManager(  815): deferTransitionReady deferReadyDepth=1 stack=com.android.server.wm.TransitionController.deferTransitionReady:1061 com.android.server.wm.TaskFragmentOrganizerController$TaskFragmentOrganizerState.dispatchTransaction:517 com.android.server.wm.TaskFragmentOrganizerController.dispatchPendingEvents:1259 com.android.server.wm.TaskFragmentOrganizerController.dispatchPendingEvents:1228 com.android.server.wm.RootWindowContainer.performSurfacePlacement:777 
03-30 12:49:06.452 D/ViewRootImpl( 1636): Skipping stats log for color mode
03-30 12:49:06.452 D/BaseActivity( 1636): Launcher flags updated: [state_started] +[state_started]
03-30 12:49:06.454 D/BaseActivity( 1636): Launcher flags updated: [state_started|state_resumed|state_user_active] +[state_resumed|state_user_active]
03-30 12:49:06.454 D/BaseActivity( 1636): Launcher flags updated: [state_started|state_resumed|state_deferred_resumed|state_user_active] +[state_deferred_resumed]
03-30 12:49:06.455 D/StatsLog( 1636): LAUNCHER_ONRESUME
03-30 12:49:06.456 D/WindowManagerShell( 1337): setLauncherKeepClearAreaHeight: visible=true, height=495
03-30 12:49:06.456 D/BackgroundInstallControlService(  815): Package event received: 0
03-30 12:49:06.456 D/BackgroundInstallControlService(  815): Package event received: 0
03-30 12:49:06.456 V/WindowManager(  815): Continue transition id=29 for TaskFragmentTransaction=android.os.Binder@3b322e2
03-30 12:49:06.456 V/WindowManager(  815): continueTransitionReady deferReadyDepth=0 stack=com.android.server.wm.TransitionController.continueTransitionReady:1071 com.android.server.wm.TaskFragmentOrganizerController$TaskFragmentOrganizerState.onTransactionFinished:546 com.android.server.wm.TaskFragmentOrganizerController.onTransactionHandled:740 android.window.ITaskFragmentOrganizerController$Stub.onTransact:225 android.os.Binder.execTransactInternal:1473 
03-30 12:49:06.459 I/AppsFilter(  815): interaction: PackageSetting{db3e0b5 com.android.microdroid.empty_payload/10207} -> PackageSetting{4b2e673 com.weejobs.app/10227} BLOCKED
03-30 12:49:06.460 D/QuickstepModelDelegate( 1636): notifyAppTargetEvent action=1 launchLocation=workspace/0/[-1,-1]/[1,1]
03-30 12:49:06.464 W/InputDispatcher(  815): channel '8a2037d com.weejobs.app/com.weejobs.app.MainActivity' ~ Consumer closed input channel or an error occurred.  events=0x9
03-30 12:49:06.464 E/InputDispatcher(  815): channel '8a2037d com.weejobs.app/com.weejobs.app.MainActivity' ~ Channel is unrecoverably broken and will be disposed!
03-30 12:49:06.464 I/WindowManager(  815): WINDOW DIED Window{8a2037d u0 com.weejobs.app/com.weejobs.app.MainActivity}
03-30 12:49:06.465 I/ImeTracker(  815): com.weejobs.app:bcf1fb9a: onRequestHide at ORIGIN_SERVER reason HIDE_REMOVE_CLIENT fromUser false
03-30 12:49:06.468 I/adbd    ( 1634): Remote process closed the socket (on MSG_PEEK)
03-30 12:49:06.469 D/NexusLauncherModelDelegate( 1636): notifySmartspaceEvent: SmartspaceTargetEvent{mSmartspaceTarget=null, mSmartspaceActionId='null', mEventType=6}
03-30 12:49:06.470 I/Zygote  (  579): Process 10783 exited due to signal 9 (Killed)
03-30 12:49:06.471 W/InputDispatcher(  815): channel 'e542ba4 com.weejobs.app/com.weejobs.app.MainActivity' ~ Consumer closed input channel or an error occurred.  events=0x9
03-30 12:49:06.471 E/InputDispatcher(  815): channel 'e542ba4 com.weejobs.app/com.weejobs.app.MainActivity' ~ Channel is unrecoverably broken and will be disposed!
03-30 12:49:06.471 I/WindowManager(  815): WIN DEATH: Window{8a2037d u0 com.weejobs.app/com.weejobs.app.MainActivity EXITING}
03-30 12:49:06.471 V/ActivityManager(  815): Got obituary of 10783:com.weejobs.app
03-30 12:49:06.471 I/libprocessgroup(  815): Removed cgroup /sys/fs/cgroup/apps/uid_10227/pid_10783
03-30 12:49:06.472 I/WindowManager(  815): WIN DEATH: Window{e542ba4 u0 com.weejobs.app/com.weejobs.app.MainActivity}
03-30 12:49:06.472 D/CarrierSvcBindHelper( 1522): onHandleForceStop: [com.weejobs.app]
03-30 12:49:06.475 I/AiAiEcho( 2049): Predicting[0]:  [CONTEXT sampling_count=5 ]
03-30 12:49:06.475 I/ImeTracker(  815): com.weejobs.app:bcf1fb9a: onCancelled at PHASE_SERVER_SHOULD_HIDE
03-30 12:49:06.475 I/AiAiEcho( 2049): EchoTargets: 
03-30 12:49:06.475 I/AiAiEcho( 2049): Filtered by AiAi flag check: 
03-30 12:49:06.475 I/AiAiEcho( 2049): [CONTEXT ratelimit_period="10 SECONDS" ]
03-30 12:49:06.475 D/CarrierSvcBindHelper( 1522): No carrier app for: 0
03-30 12:49:06.476 I/AiAiEcho( 2049): #remoteViewsTwiddler: feature disabled.
03-30 12:49:06.477 W/ActivityManager(  815): setHasOverlayUi called on unknown pid: 10783
03-30 12:49:06.478 I/AiAiEcho( 2049): #postPredictionTargets: Sending updates to UISurface home with targets# 0 (types=[])
03-30 12:49:06.482 D/WallpaperService( 1337): onVisibilityChanged(true): com.android.systemui.wallpapers.ImageWallpaper$CanvasEngine@b85e592
03-30 12:49:06.483 D/BaseDepthController( 1636): setSurface:
03-30 12:49:06.483 D/BaseDepthController( 1636): 	mWaitingOnSurfaceValidity: true
03-30 12:49:06.483 D/BaseDepthController( 1636): 	mBaseSurface: Surface(name=com.google.android.apps.nexuslauncher/com.google.android.apps.nexuslauncher.NexusLauncherActivity#349)/@0x49adec1
03-30 12:49:06.484 V/BaseDepthController( 1636): Applying blur: 0 to Surface(name=com.google.android.apps.nexuslauncher/com.google.android.apps.nexuslauncher.NexusLauncherActivity#349)/@0x49adec1 applyImmediately: false
03-30 12:49:06.484 D/BaseDepthController( 1636): shouldBlurWorkspace: false targetState: Normal currentStableState: Normal mCurrentBlur: 0 mLauncher.getDepthBlurTargets(): [com.android.launcher3.Workspace{15d666 V.ED..... ......ID 0,0-1080,2400 #7f0a049d app:id/workspace}, com.android.launcher3.Hotseat{9838da7 V.ED..... ......ID 0,1905-1080,2400 #7f0a01ee app:id/hotseat}]
03-30 12:49:06.512 D/ActivityManager(  815): sync unfroze 9041 com.google.android.dialer for 6
03-30 12:49:06.534 V/WindowManager(  815): Unknown focus tokens, dropping reportFocusChanged
03-30 12:49:06.539 D/ActivityManager(  815): sync unfroze 9369 com.google.android.apps.messaging for 6
03-30 12:49:06.551 W/ProcessStats(  815): Tracking association SourceState{f361b76 system/1000 ImpBg #10563} whose proc state 6 is better than process ProcessState{c4ea6c0 com.google.android.dialer/10146 pkg=com.google.android.dialer} proc state 14 (19 skipped)
03-30 12:49:06.561 W/.android.dialer( 9041): Suspending all threads took: 14.680ms
03-30 12:49:06.570 W/StateMachineV2( 9369): Can't send message 9 on a StateMachineV2 instance that has already quit.
03-30 12:49:06.570 W/StateMachineV2( 9369): Can't send message 9 on a StateMachineV2 instance that has already quit.
03-30 12:49:06.571 W/StateMachineV2( 9369): Can't send message 9 on a StateMachineV2 instance that has already quit.
03-30 12:49:06.574 W/StateMachineV2( 9369): Can't send message 9 on a StateMachineV2 instance that has already quit.
03-30 12:49:06.574 W/ActivityTaskManager(  815): callingPackage for (uid=2000, pid=10997) has no WPC
03-30 12:49:06.575 V/WindowManager(  815): DesktopModeLaunchParamsModifier: phase= 0 task=null activity=null display-area-from-current-params=null display-area-from-default-fallback=DefaultTaskDisplayArea@146451114 display-id=0 task-display-area-windowing-mode=1 suggested-display-area=DefaultTaskDisplayArea@146451114 task null, skipping
03-30 12:49:06.575 V/WindowManager(  815): TaskLaunchParamsModifier:phase=0 task=null activity=null display-area-from-current-params=null display-area-from-default-fallback=DefaultTaskDisplayArea@146451114 display-id=0 task-display-area-windowing-mode=1 suggested-display-area=DefaultTaskDisplayArea@146451114
03-30 12:49:06.576 V/GrammaticalInflectionUtils(  815): AttributionSource: android.content.AttributionSource@a8b12c4b does not have READ_SYSTEM_GRAMMATICAL_GENDER permission.
03-30 12:49:06.576 W/TransitionChain(  815): Combining startAct into #29(CLOSE|R|0x0) from appDied
03-30 12:49:06.576 V/WindowManager(  815): DesktopModeLaunchParamsModifier: phase= 0 task=null activity=ActivityRecord{209513552 u0 com.weejobs.app/.MainActivity display-area-from-current-params=null display-area-from-default-fallback=DefaultTaskDisplayArea@146451114 display-id=0 task-display-area-windowing-mode=1 suggested-display-area=DefaultTaskDisplayArea@146451114 task null, skipping
03-30 12:49:06.576 V/WindowManager(  815): TaskLaunchParamsModifier:phase=0 task=null activity=ActivityRecord{209513552 u0 com.weejobs.app/.MainActivity t-1} display-area-from-current-params=null display-area-from-default-fallback=DefaultTaskDisplayArea@146451114 display-id=0 task-display-area-windowing-mode=1 suggested-display-area=DefaultTaskDisplayArea@146451114
03-30 12:49:06.577 V/WindowManager(  815): DesktopModeLaunchParamsModifier: phase= 3 task=null activity=ActivityRecord{209513552 u0 com.weejobs.app/.MainActivity t-1} display-area-from-current-params=null display-area-from-default-fallback=DefaultTaskDisplayArea@146451114 display-id=0 task-display-area-windowing-mode=1 suggested-display-area=DefaultTaskDisplayArea@146451114 task null, skipping
03-30 12:49:06.577 V/WindowManager(  815): TaskLaunchParamsModifier:phase=3 task=null activity=ActivityRecord{209513552 u0 com.weejobs.app/.MainActivity t-1} display-area-from-current-params=null display-area-from-default-fallback=DefaultTaskDisplayArea@146451114 display-id=0 task-display-area-windowing-mode=1 suggested-display-area=DefaultTaskDisplayArea@146451114 non-freeform-task-display-area display-area=DefaultTaskDisplayArea@146451114 skip-bounds-fullscreen
03-30 12:49:06.579 V/WindowManager(  815): DesktopModeLaunchParamsModifier: phase= 3 task=Task{7112e49 #16 type=standard A=10227:com.weejobs.app} activity=ActivityRecord{209513552 u0 com.weejobs.app/.MainActivity t-1} display-from-task=0 display-id=0 task-display-area-windowing-mode=1 suggested-display-area=DefaultTaskDisplayArea@146451114 not entering desktop mode, skipping
03-30 12:49:06.579 V/WindowManager(  815): TaskLaunchParamsModifier:phase=3 task=Task{7112e49 #16 type=standard A=10227:com.weejobs.app} activity=ActivityRecord{209513552 u0 com.weejobs.app/.MainActivity t-1} display-from-task=0 display-id=0 task-display-area-windowing-mode=1 suggested-display-area=DefaultTaskDisplayArea@146451114 inherit-from-task=fullscreen non-freeform-task-display-area display-area=DefaultTaskDisplayArea@146451114 skip-bounds-fullscreen
03-30 12:49:06.585 D/CompatChangeReporter(  815): Compat change id reported: 377864165; UID 10227; state: ENABLED
03-30 12:49:06.587 I/ActivityTaskManager(  815): Add Task{4f37c7c #15 type=standard A=10227:com.weejobs.app} to hidden list because adding Task{7112e49 #16 type=standard A=10227:com.weejobs.app}
03-30 12:49:06.589 I/ActivityTaskManager(  815): START u0 {flg=0x10000000 xflg=0x5 cmp=com.weejobs.app/.MainActivity} with LAUNCH_SINGLE_TASK from uid 2000 (com.android.shell) (BAL_ALLOW_PERMISSION) result code=0
03-30 12:49:06.605 V/GrammaticalInflectionUtils(  815): AttributionSource: android.content.AttributionSource@a8b12c4b does not have READ_SYSTEM_GRAMMATICAL_GENDER permission.
03-30 12:49:06.607 D/ShellDesktopMode( 1337): DesktopRepository: Removes freeform task: taskId=15
03-30 12:49:06.607 W/ShellDesktopMode( 1337): DesktopRepository: No display id found for task: taskId=15
03-30 12:49:06.619 W/StateMachineV2( 9369): Can't send message 9 on a StateMachineV2 instance that has already quit.
03-30 12:49:06.619 W/StateMachineV2( 9369): Can't send message 9 on a StateMachineV2 instance that has already quit.
03-30 12:49:06.620 I/ActivityManager(  815): Force stopping com.weejobs.app appid=10227 user=0: from pid 11006
03-30 12:49:06.621 I/WindowManager(  815):   Force removing ActivityRecord{209513552 u0 com.weejobs.app/.MainActivity t16}
03-30 12:49:06.621 I/WindowManager(  815):   Force removing ActivityRecord{23697263 u0 com.weejobs.app/.MainActivity t15 f} isExiting}
03-30 12:49:06.621 W/WindowManager(  815): removeAppToken: Attempted to remove non-existing token: Token{f81f905 ActivityRecord{23697263 u0 com.weejobs.app/.MainActivity t15 f} isExiting}}
03-30 12:49:06.622 W/UsageStatsService(  815): Unexpected activity event reported! (com.weejobs.app/com.weejobs.app.MainActivity event : 23 instanceId : 65086286)
03-30 12:49:06.626 D/Zygote  (  579): Forked child process 11009
03-30 12:49:06.627 I/ActivityManager(  815): Killing 0:com.weejobs.app/u0a227 (adj -10000): stop com.weejobs.app due to from pid 11006
03-30 12:49:06.644 D/WindowOnBackDispatcher( 1337): setTopOnBackInvokedCallback (unwrapped): android.view.ViewRootImpl$$ExternalSyntheticLambda12@b8b8211
03-30 12:49:06.644 I/AppsFilter(  815): interaction: PackageSetting{db3e0b5 com.android.microdroid.empty_payload/10207} -> PackageSetting{4b2e673 com.weejobs.app/10227} BLOCKED
03-30 12:49:06.645 W/ActivityManager(  815): ProcessRecord{8356605 0:com.weejobs.app/u0a227} start not valid, killing pid=11009, killedByAm=true;No entry in mProcessNames;pendingStart=false;
03-30 12:49:06.647 D/CoreBackPreview(  815): Window{a4bf08b u0 Splash Screen com.weejobs.app}: Setting back callback OnBackInvokedCallbackInfo{mCallback=android.window.IOnBackInvokedCallback$Stub$Proxy@46fe603, mPriority=0, mIsAnimationCallback=false, mOverrideBehavior=0}
03-30 12:49:06.649 I/Zygote  (  579): Process 11009 exited due to signal 9 (Killed)
03-30 12:49:06.655 D/CarrierSvcBindHelper( 1522): onHandleForceStop: [com.weejobs.app]
03-30 12:49:06.655 D/CarrierSvcBindHelper( 1522): No carrier app for: 0
03-30 12:49:06.657 I/BugleDataModel( 9369): ActionExecutorImpl: ACTION_EXECUTE_QUEUED_CountryCodeDetectorAction
03-30 12:49:06.659 I/BugleDataModel( 9369): ExecuteActionRunnable: running action CountryCodeDetectorAction
03-30 12:49:06.660 I/BugleDataModel( 9369): ActionExecutorImpl: ACTION_BACKGROUND_QUEUED_CountryCodeDetectorAction
03-30 12:49:06.681 D/WM-DelayedWorkTracker( 9041): Scheduling work 9103f101-fb7e-4b8f-8aaf-f49317462c89
03-30 12:49:06.693 D/b/417220811( 1636): invalidateLoadedTasks - previous requestLoadId: -1
03-30 12:49:06.709 I/ImeTracker(  815): system_server:fbd77ce4: onRequestHide at ORIGIN_SERVER reason IME_REQUESTED_CHANGED_LISTENER fromUser false
03-30 12:49:06.713 I/ImeTracker(  815): system_server:fbd77ce4: onCancelled at PHASE_SERVER_SHOULD_HIDE
03-30 12:49:06.713 D/BaseActivity( 1636): Launcher flags updated: [state_started|state_resumed|state_deferred_resumed] -[state_user_active]
03-30 12:49:06.714 D/BaseActivity( 1636): Launcher flags updated: [state_started] -[state_resumed|state_deferred_resumed]
03-30 12:49:06.714 W/SplitSelectStateCtor( 1636): Missing session instanceIds
03-30 12:49:06.714 D/StatsLog( 1636): LAUNCHER_SPLIT_SELECTION_EXIT_INTERRUPTED
03-30 12:49:06.714 D/WindowManagerShell( 1337): setLauncherKeepClearAreaHeight: visible=false, height=495
03-30 12:49:06.715 I/Bugle   ( 9369): CountryCodeDetector: updateSmsNetworkCountry from default subscription network country. detected country: us
03-30 12:49:06.716 I/BugleDataModel( 9369): ActionExecutorImpl: ACTION_RESPONSE_QUEUED_CountryCodeDetectorAction
03-30 12:49:06.724 D/BackgroundInstallControlService(  815): Package event received: 0
03-30 12:49:06.731 D/RecentsView( 1636): onTaskDisplayChanged: 16, new displayId = 0
03-30 12:49:06.731 D/b/417220811( 1636): invalidateLoadedTasks - previous requestLoadId: -1
03-30 12:49:06.731 D/b/417220811( 1636): invalidateLoadedTasks - previous requestLoadId: -1
03-30 12:49:06.731 V/WindowManagerShell( 1337): onTransitionReady(transaction=3500398349144)
03-30 12:49:06.732 D/BackgroundInstallControlService(  815): Package event received: 0
03-30 12:49:06.732 D/BackgroundInstallControlService(  815): Package event received: 0
03-30 12:49:06.733 V/WindowManagerShell( 1337): onTransitionReady (#29) android.os.BinderProxy@f6f051c: {id=29 t=CLOSE f=0x0 trk=0 r=[0@Point(0, 0)] c=[
03-30 12:49:06.733 V/WindowManagerShell( 1337):         {m=TO_FRONT f=SHOW_WALLPAPER leash=Surface(name=Task=1#44)/@0xfa06613 sb=Rect(0, 0 - 1080, 2400) eb=Rect(0, 0 - 1080, 2400) epz=Point(1080, 2400) d=0 taskParent=-1 winMode=1 userId=0},
03-30 12:49:06.733 V/WindowManagerShell( 1337):         {m=CLOSE f=NONE leash=Surface(name=Task=15#318)/@0xc177050 sb=Rect(0, 0 - 1080, 2400) eb=Rect(0, 0 - 1080, 2400) epz=Point(1080, 2400) d=0 taskParent=-1 winMode=1 userId=0},
03-30 12:49:06.733 V/WindowManagerShell( 1337):         {m=TO_FRONT f=IS_WALLPAPER leash=Surface(name=WallpaperWindowToken{4959bac}#56)/@0x8136249 sb=Rect(0, 0 - 1080, 2400) eb=Rect(0, 0 - 1080, 2400) epz=Point(1080, 2400) d=0}
03-30 12:49:06.733 V/WindowManagerShell( 1337):     ]}
03-30 12:49:06.733 V/WindowManager(  815): Sent Transition (#29) createdAt=03-30 12:49:06.440 via request=TransitionRequestInfo { type = CLOSE, triggerTask = TaskInfo{userId=0 taskId=15 effectiveUid=10227 displayId=0 isRunning=false baseIntent=Intent { act=android.intent.action.MAIN cat=[android.intent.category.LAUNCHER] flg=0x10000000 cmp=com.weejobs.app/.MainActivity } baseActivity=null topActivity=null origActivity=null realActivity=ComponentInfo{com.weejobs.app/com.weejobs.app.MainActivity} numActivities=0 lastActiveTime=1231150 supportsMultiWindow=true resizeMode=1 isResizeable=true minWidth=-1 minHeight=-1 defaultMinSize=220 token=WCT{RemoteToken{5966829 Task{4f37c7c #15 type=standard A=10227:com.weejobs.app}}} topActivityType=1 pictureInPictureParams=null shouldDockBigOverlays=false launchIntoPipHostTaskId=-1 lastParentTaskIdBeforePip=-1 displayCutoutSafeInsets=Rect(0, 0 - 0, 0) topActivityInfo=null launchCookies=[] positionInParent=Point(0, 0) parentTaskId=-1 isFocused=true isVisible=true isVisibleRequested=true isTopActivityNoDisplay=false isSleeping=false locusId=null displayAreaFeatureId=1 isTopActivityTransparent=false isActivityStackTransparent=true lastNonFullscreenBounds=null capturedLink=null capturedLinkTimestamp=0 requestedVisibleTypes=503 topActivityRequestOpenInBrowserEducationTimestamp=0 appCompatTaskInfo=AppCompatTaskInfo { topActivityInSizeCompat=false isLeafTask= true eligibleForLetterboxEducation= false isLetterboxEducationEnabled= false isLetterboxDoubleTapEnabled= false eligibleForUserAspectRatioButton= false topActivityBoundsLetterboxed= false isFromLetterboxDoubleTap= false topActivityLetterboxVerticalPosition= -1 topActivityLetterboxHorizontalPosition= -1 topActivityLetterboxWidth=-1 topActivityLetterboxHeight=-1 topActivityAppBounds=Rect(0, 0 - 0, 0) isUserFullscreenOverrideEnabled=false isSystemFullscreenOverrideEnabled=false hasMinAspectRatioOverride=false topActivityLetterboxBounds=null cameraCompatTaskInfo=CameraCompatTaskInfo { cameraCompatMode=undefinedundefined} topNonResizableActivityAspectRatio=-1.0} topActivityMainWindowFrame=null isAppBubble=false}, pipChange = null, remoteTransition = null, displayChange = null, requestedLocation = null, userChange = null, windowingLayerChange = null, flags = 0, debugId = 29 }
03-30 12:49:06.734 V/WindowManager(  815):     startWCT=WindowContainerTransaction { changes= {} hops= [] errorCallbackToken=null taskFragmentOrganizer=null }
03-30 12:49:06.734 V/WindowManager(  815):     info={id=29 t=CLOSE f=0x0 trk=0 r=[0@Point(0, 0)] c=[
03-30 12:49:06.734 V/WindowManager(  815):         {WCT{RemoteToken{2b288d7 Task{456e129 #1 type=home}}} m=TO_FRONT f=SHOW_WALLPAPER leash=Surface(name=Task=1#44)/@0x377fbff sb=Rect(0, 0 - 1080, 2400) eb=Rect(0, 0 - 1080, 2400) epz=Point(1080, 2400) d=0 taskParent=-1 winMode=1 userId=0},
03-30 12:49:06.734 V/WindowManager(  815):         {WCT{RemoteToken{5966829 Task{4f37c7c #15 type=standard A=10227:com.weejobs.app}}} m=CLOSE f=NONE leash=Surface(name=Task=15#318)/@0x209962d sb=Rect(0, 0 - 1080, 2400) eb=Rect(0, 0 - 1080, 2400) epz=Point(1080, 2400) d=0 taskParent=-1 winMode=1 userId=0},
03-30 12:49:06.734 V/WindowManager(  815):         {m=TO_FRONT f=IS_WALLPAPER leash=Surface(name=WallpaperWindowToken{4959bac}#56)/@0x6259f59 sb=Rect(0, 0 - 1080, 2400) eb=Rect(0, 0 - 1080, 2400) epz=Point(1080, 2400) d=0}
03-30 12:49:06.734 V/WindowManager(  815):     ]}
03-30 12:49:06.734 D/WM-GreedyScheduler( 9041): Starting work for 9103f101-fb7e-4b8f-8aaf-f49317462c89
03-30 12:49:06.736 V/WindowManagerShell( 1337): Playing animation for (#29) android.os.BinderProxy@f6f051c@0
03-30 12:49:06.736 D/SsBaseTemplateCard( 1636): Passed-in item info is null
03-30 12:49:06.736 D/SsBaseTemplateCard( 1636): Passed-in item info is null
03-30 12:49:06.736 D/SsBaseTemplateCard( 1636): Passed-in item info is null
03-30 12:49:06.736 D/SsBaseTemplateCard( 1636): Passed-in item info is null
03-30 12:49:06.736 I/SsBaseTemplateCard( 1636): Secondary card pane is null
03-30 12:49:06.739 V/ShellRecents( 1337): RecentsTransitionHandler.startAnimation: no controller found
03-30 12:49:06.739 V/ShellDesktopMode( 1337): DesktopMixedTransitionHandler: No pending desktop transition
03-30 12:49:06.739 V/WindowManagerShell( 1337): Transition doesn't have explicit remote, search filters for match for {id=29 t=CLOSE f=0x0 trk=0 r=[0@Point(0, 0)] c=[{m=TO_FRONT f=SHOW_WALLPAPER leash=Surface(name=Task=1#44)/@0xfa06613 sb=Rect(0, 0 - 1080, 2400) eb=Rect(0, 0 - 1080, 2400) epz=Point(1080, 2400) d=0 taskParent=-1 winMode=1 userId=0},{m=CLOSE f=NONE leash=Surface(name=Task=15#318)/@0xc177050 sb=Rect(0, 0 - 1080, 2400) eb=Rect(0, 0 - 1080, 2400) epz=Point(1080, 2400) d=0 taskParent=-1 winMode=1 userId=0},{m=TO_FRONT f=IS_WALLPAPER leash=Surface(name=WallpaperWindowToken{4959bac}#56)/@0x8136249 sb=Rect(0, 0 - 1080, 2400) eb=Rect(0, 0 - 1080, 2400) epz=Point(1080, 2400) d=0}]}
03-30 12:49:06.739 V/WindowManagerShell( 1337):  Checking filter Pair{{types=[] flags=0x0] notFlags=0x0 checks=[{atype=undefined independent=true modes=[CLOSE,TO_BACK] flags=IN_TASK_WITH_EMBEDDED_ACTIVITY mustBeTask=false order=ANY topActivity=null launchCookie=null taskFragmentToken=android.os.BinderProxy@c043bef windowingMode=undefined isCrossDisplayMove=false}]} RemoteTransition { remoteTransition = android.window.IRemoteTransition$Stub$Proxy@1ea86fc, appThread = android.app.IApplicationThread$Stub$Proxy@8e47185, debugName = overlayBackTransition }}
03-30 12:49:06.740 V/WindowManagerShell( 1337):  Checking filter Pair{{types=[] flags=0x0] notFlags=0x0 checks=[{atype=dream independent=true modes=[OPEN,TO_FRONT] flags=NONE mustBeTask=false order=ANY topActivity=null launchCookie=null windowingMode=undefined isCrossDisplayMove=false},{atype=home independent=true modes=[CLOSE,TO_BACK] flags=NONE mustBeTask=false order=ANY topActivity=null launchCookie=null windowingMode=undefined isCrossDisplayMove=false}]} RemoteTransition { remoteTransition = android.window.IRemoteTransition$Stub$Proxy@5b90bda, appThread = android.app.IApplicationThread$Stub$Proxy@602a80b, debugName = LauncherToDream }}
03-30 12:49:06.740 V/WindowManagerShell( 1337):  Checking filter Pair{{types=[] flags=0x0] notFlags=0x100 checks=[{atype=home independent=true modes=[OPEN,TO_FRONT] flags=NONE mustBeTask=false order=TOP topActivity=ComponentInfo{com.google.android.apps.nexuslauncher/com.google.android.apps.nexuslauncher.NexusLauncherActivity} launchCookie=null windowingMode=undefined isCrossDisplayMove=false},{atype=standard independent=true modes=[CLOSE,TO_BACK] flags=NONE mustBeTask=false order=ANY topActivity=null launchCookie=null windowingMode=undefined isCrossDisplayMove=false},{NOT atype=undefined independent=true modes=[] flags=NONE mustBeTask=true order=ANY topActivity=null launchCookie=null customAnim=true windowingMode=undefined isCrossDisplayMove=false}]} RemoteTransition { remoteTransition = android.window.IRemoteTransition$Stub$Proxy@1d716e8, appThread = android.app.IApplicationThread$Stub$Proxy@ffa101, debugName = QuickstepLaunchHome }}
03-30 12:49:06.740 D/RemoteTransitionHandler( 1337): Found filterPair{{types=[] flags=0x0] notFlags=0x100 checks=[{atype=home independent=true modes=[OPEN,TO_FRONT] flags=NONE mustBeTask=false order=TOP topActivity=ComponentInfo{com.google.android.apps.nexuslauncher/com.google.android.apps.nexuslauncher.NexusLauncherActivity} launchCookie=null windowingMode=undefined isCrossDisplayMove=false},{atype=standard independent=true modes=[CLOSE,TO_BACK] flags=NONE mustBeTask=false order=ANY topActivity=null launchCookie=null windowingMode=undefined isCrossDisplayMove=false},{NOT atype=undefined independent=true modes=[] flags=NONE mustBeTask=true order=ANY topActivity=null launchCookie=null customAnim=true windowingMode=undefined isCrossDisplayMove=false}]} RemoteTransition { remoteTransition = android.window.IRemoteTransition$Stub$Proxy@1d716e8, appThread = android.app.IApplicationThread$Stub$Proxy@ffa101, debugName = QuickstepLaunchHome }}
03-30 12:49:06.740 V/WindowManagerShell( 1337):  Delegate animation for (#29) to RemoteTransition { remoteTransition = android.window.IRemoteTransition$Stub$Proxy@1d716e8, appThread = android.app.IApplicationThread$Stub$Proxy@ffa101, debugName = QuickstepLaunchHome }
03-30 12:49:06.742 D/BaseActivity( 1636): Launcher flags updated: [state_started|state_resumed|state_user_active] +[state_resumed|state_user_active]
03-30 12:49:06.743 D/b/417220811( 1636): invalidateLoadedTasks - previous requestLoadId: -1
03-30 12:49:06.743 D/BaseActivity( 1636): Launcher flags updated: [state_started|state_resumed|state_deferred_resumed|state_user_active] +[state_deferred_resumed]
03-30 12:49:06.743 D/StatsLog( 1636): LAUNCHER_ONRESUME
03-30 12:49:06.755 V/WindowManagerShell( 1337):  animated by com.android.wm.shell.transition.RemoteTransitionHandler@7ac0ba6
03-30 12:49:06.755 D/WindowManagerShell( 1337): setLauncherKeepClearAreaHeight: visible=true, height=495
03-30 12:49:06.757 D/LauncherStateManager( 1636): StateManager.createAtomicAnimation: fromState: Normal, toState: Normal, partial trace:
03-30 12:49:06.757 D/LauncherStateManager( 1636): 	at com.android.quickstep.util.ScalingWorkspaceRevealAnim.<init>(go/retraceme f3a19d912c87c27267cfbc05ba0bc7b202ab72a6648bd76225f5f7e128d94583:54)
03-30 12:49:06.757 D/LauncherStateManager( 1636): 	at com.android.launcher3.QuickstepTransitionManager.createWallpaperOpenAnimations(go/retraceme f3a19d912c87c27267cfbc05ba0bc7b202ab72a6648bd76225f5f7e128d94583:537)
03-30 12:49:06.757 D/LauncherStateManager( 1636): 	at com.android.launcher3.QuickstepTransitionManager$WallpaperOpenLauncherAnimationRunner.onAnimationStart(go/retraceme f3a19d912c87c27267cfbc05ba0bc7b202ab72a6648bd76225f5f7e128d94583:96)
03-30 12:49:06.757 D/AllAppsTransitionController( 1636): shouldProtectHeader: false skipScrim: true state: Normal stateManager.getState(): Normal
03-30 12:49:06.758 D/KeyboardInsetsHandler( 1636): removePendingImeController: pendingImeController=null
03-30 12:49:06.758 V/BaseDepthController( 1636): Applying blur: 0 to Surface(name=com.google.android.apps.nexuslauncher/com.google.android.apps.nexuslauncher.NexusLauncherActivity#349)/@0x49adec1 applyImmediately: false
03-30 12:49:06.758 D/WM-SystemJobService( 9041): onStartJob for WorkGenerationalId(workSpecId=9103f101-fb7e-4b8f-8aaf-f49317462c89, generation=0)
03-30 12:49:06.758 D/BaseDepthController( 1636): shouldBlurWorkspace: false targetState: Normal currentStableState: Normal mCurrentBlur: 0 mLauncher.getDepthBlurTargets(): [com.android.launcher3.Workspace{15d666 V.ED..... ......ID 0,0-1080,2400 #7f0a049d app:id/workspace}, com.android.launcher3.Hotseat{9838da7 V.ED..... ........ 0,1905-1080,2400 #7f0a01ee app:id/hotseat}]
03-30 12:49:06.758 V/BaseDepthController( 1636): Applying blur: 0 to Surface(name=com.google.android.apps.nexuslauncher/com.google.android.apps.nexuslauncher.NexusLauncherActivity#349)/@0x49adec1 applyImmediately: false
03-30 12:49:06.758 D/BaseDepthController( 1636): shouldBlurWorkspace: false targetState: Normal currentStableState: Normal mCurrentBlur: 0 mLauncher.getDepthBlurTargets(): [com.android.launcher3.Workspace{15d666 V.ED..... ......ID 0,0-1080,2400 #7f0a049d app:id/workspace}, com.android.launcher3.Hotseat{9838da7 V.ED..... ........ 0,1905-1080,2400 #7f0a01ee app:id/hotseat}]
03-30 12:49:06.760 D/LauncherStateManager( 1636): StateManager.cancelAnimation: animation ongoing: false, partial trace:
03-30 12:49:06.760 D/LauncherStateManager( 1636): 	at com.android.launcher3.statemanager.StateManager.setCurrentAnimation(go/retraceme f3a19d912c87c27267cfbc05ba0bc7b202ab72a6648bd76225f5f7e128d94583:18)
03-30 12:49:06.760 D/LauncherStateManager( 1636): 	at com.android.launcher3.QuickstepTransitionManager.createWallpaperOpenAnimations(go/retraceme f3a19d912c87c27267cfbc05ba0bc7b202ab72a6648bd76225f5f7e128d94583:646)
03-30 12:49:06.760 D/LauncherStateManager( 1636): 	at com.android.launcher3.QuickstepTransitionManager$WallpaperOpenLauncherAnimationRunner.onAnimationStart(go/retraceme f3a19d912c87c27267cfbc05ba0bc7b202ab72a6648bd76225f5f7e128d94583:96)
03-30 12:49:06.760 D/b/311077782( 1636): LauncherAnimationRunner.setAnimation
03-30 12:49:06.760 V/BaseDepthController( 1636): Applying blur: 0 to Surface(name=com.google.android.apps.nexuslauncher/com.google.android.apps.nexuslauncher.NexusLauncherActivity#349)/@0x49adec1 applyImmediately: false
03-30 12:49:06.760 D/BaseDepthController( 1636): shouldBlurWorkspace: false targetState: Normal currentStableState: Normal mCurrentBlur: 0 mLauncher.getDepthBlurTargets(): [com.android.launcher3.Workspace{15d666 V.ED..... ......ID 0,0-1080,2400 #7f0a049d app:id/workspace}, com.android.launcher3.Hotseat{9838da7 V.ED..... ......ID 0,1905-1080,2400 #7f0a01ee app:id/hotseat}]
03-30 12:49:06.760 V/BaseDepthController( 1636): Applying blur: 0 to Surface(name=com.google.android.apps.nexuslauncher/com.google.android.apps.nexuslauncher.NexusLauncherActivity#349)/@0x49adec1 applyImmediately: false
03-30 12:49:06.760 D/BaseDepthController( 1636): shouldBlurWorkspace: false targetState: Normal currentStableState: Normal mCurrentBlur: 0 mLauncher.getDepthBlurTargets(): [com.android.launcher3.Workspace{15d666 V.ED..... ......ID 0,0-1080,2400 #7f0a049d app:id/workspace}, com.android.launcher3.Hotseat{9838da7 V.ED..... ......ID 0,1905-1080,2400 #7f0a01ee app:id/hotseat}]
03-30 12:49:06.760 V/BaseDepthController( 1636): Applying blur: 0 to Surface(name=com.google.android.apps.nexuslauncher/com.google.android.apps.nexuslauncher.NexusLauncherActivity#349)/@0x49adec1 applyImmediately: false
03-30 12:49:06.760 D/BaseDepthController( 1636): shouldBlurWorkspace: false targetState: Normal currentStableState: Normal mCurrentBlur: 0 mLauncher.getDepthBlurTargets(): [com.android.launcher3.Workspace{15d666 V.ED..... ......ID 0,0-1080,2400 #7f0a049d app:id/workspace}, com.android.launcher3.Hotseat{9838da7 V.ED..... ......ID 0,1905-1080,2400 #7f0a01ee app:id/hotseat}]
03-30 12:49:06.761 V/BaseDepthController( 1636): Applying blur: 0 to Surface(name=com.google.android.apps.nexuslauncher/com.google.android.apps.nexuslauncher.NexusLauncherActivity#349)/@0x49adec1 applyImmediately: false
03-30 12:49:06.761 D/BaseDepthController( 1636): shouldBlurWorkspace: false targetState: Normal currentStableState: Normal mCurrentBlur: 0 mLauncher.getDepthBlurTargets(): [com.android.launcher3.Workspace{15d666 V.ED..... ......ID 0,0-1080,2400 #7f0a049d app:id/workspace}, com.android.launcher3.Hotseat{9838da7 V.ED..... ......ID 0,1905-1080,2400 #7f0a01ee app:id/hotseat}]
03-30 12:49:06.761 V/BaseDepthController( 1636): Applying blur: 0 to Surface(name=com.google.android.apps.nexuslauncher/com.google.android.apps.nexuslauncher.NexusLauncherActivity#349)/@0x49adec1 applyImmediately: false
03-30 12:49:06.761 D/BaseDepthController( 1636): shouldBlurWorkspace: false targetState: Normal currentStableState: Normal mCurrentBlur: 0 mLauncher.getDepthBlurTargets(): [com.android.launcher3.Workspace{15d666 V.ED..... ......ID 0,0-1080,2400 #7f0a049d app:id/workspace}, com.android.launcher3.Hotseat{9838da7 V.ED..... ......ID 0,1905-1080,2400 #7f0a01ee app:id/hotseat}]
03-30 12:49:06.765 I/AiAiEcho( 2049): Predicting[0]:  [CONTEXT sampling_count=5 ]
03-30 12:49:06.765 I/AiAiEcho( 2049): EchoTargets: 
03-30 12:49:06.765 I/AiAiEcho( 2049): Filtered by AiAi flag check: 
03-30 12:49:06.765 I/AiAiEcho( 2049): [CONTEXT ratelimit_period="10 SECONDS" ]
03-30 12:49:06.766 I/AiAiEcho( 2049): #remoteViewsTwiddler: feature disabled.
03-30 12:49:06.767 E/BpTransactionCompletedListener(  651): Failed to transact (-32)
03-30 12:49:06.768 D/QuickstepModelDelegate( 1636): notifyAppTargetEvent action=1 launchLocation=workspace/0/[-1,-1]/[1,1]
03-30 12:49:06.770 I/AiAiEcho( 2049): #postPredictionTargets: Sending updates to UISurface home with targets# 0 (types=[])
03-30 12:49:06.771 I/ForwardSyncCache( 9369): reclaimMemory: Clearing caches
03-30 12:49:06.773 W/Bugle   ( 9369): TextClassifierLibManagerImpl: Reclaiming memory at level: 40
03-30 12:49:06.785 V/BaseDepthController( 1636): Applying blur: 0 to Surface(name=com.google.android.apps.nexuslauncher/com.google.android.apps.nexuslauncher.NexusLauncherActivity#349)/@0x49adec1 applyImmediately: false
03-30 12:49:06.786 D/BaseDepthController( 1636): shouldBlurWorkspace: false targetState: Normal currentStableState: Normal mCurrentBlur: 0 mLauncher.getDepthBlurTargets(): [com.android.launcher3.Workspace{15d666 V.ED..... ........ 0,0-1080,2400 #7f0a049d app:id/workspace}, com.android.launcher3.Hotseat{9838da7 V.ED..... .......D 0,1905-1080,2400 #7f0a01ee app:id/hotseat}]
03-30 12:49:06.796 D/WindowOnBackDispatcher( 1337): setTopOnBackInvokedCallback (unwrapped): null
03-30 12:49:06.796 D/CoreBackPreview(  815): Window{a4bf08b u0 Splash Screen com.weejobs.app EXITING}: Setting back callback null
03-30 12:49:06.796 D/BaseActivity( 1636): Launcher flags updated: [state_started|state_resumed|state_deferred_resumed|state_window_focused|state_user_active] +[state_window_focused]
03-30 12:49:06.798 I/ImeTracker(  815): com.google.android.apps.nexuslauncher:7ef732ef: onRequestHide at ORIGIN_SERVER reason HIDE_UNSPECIFIED_WINDOW fromUser false
03-30 12:49:06.799 D/InsetsController( 1636): hide(ime())
03-30 12:49:06.799 I/ImeTracker( 1636): com.google.android.apps.nexuslauncher:7ef732ef: onCancelled at PHASE_CLIENT_ALREADY_HIDDEN
03-30 12:49:06.801 V/BaseDepthController( 1636): Applying blur: 0 to Surface(name=com.google.android.apps.nexuslauncher/com.google.android.apps.nexuslauncher.NexusLauncherActivity#349)/@0x49adec1 applyImmediately: false
03-30 12:49:06.801 I/GoogleInputMethodService( 8754): GoogleInputMethodService.onFinishInput():2057 
03-30 12:49:06.802 D/BaseDepthController( 1636): shouldBlurWorkspace: false targetState: Normal currentStableState: Normal mCurrentBlur: 0 mLauncher.getDepthBlurTargets(): [com.android.launcher3.Workspace{15d666 V.ED..... ......I. 0,0-1080,2400 #7f0a049d app:id/workspace}, com.android.launcher3.Hotseat{9838da7 V.ED..... .......D 0,1905-1080,2400 #7f0a01ee app:id/hotseat}]
03-30 12:49:06.803 I/Module  ( 8754): DeviceLockedStatusModuleProvider$Module.updateDeviceLockedStatus():100 repeatCheckTimes = 0, locked = false
03-30 12:49:06.803 I/ImeTracker(  815): system_server:71f499f6: onRequestHide at ORIGIN_SERVER reason IME_REQUESTED_CHANGED_LISTENER fromUser false
03-30 12:49:06.803 D/SsBaseTemplateCard( 1636): Passed-in item info is null
03-30 12:49:06.803 D/SsBaseTemplateCard( 1636): Passed-in item info is null
03-30 12:49:06.803 D/SsBaseTemplateCard( 1636): Passed-in item info is null
03-30 12:49:06.803 D/SsBaseTemplateCard( 1636): Passed-in item info is null
03-30 12:49:06.803 I/SsBaseTemplateCard( 1636): Secondary card pane is null
03-30 12:49:06.804 I/ImeTracker(  815): system_server:71f499f6: onCancelled at PHASE_SERVER_SHOULD_HIDE
03-30 12:49:06.806 I/GoogleInputMethodService( 8754): GoogleInputMethodService.onStartInput():1318 onStartInput(EditorInfo{EditorInfo{packageName=com.google.android.apps.nexuslauncher, inputType=0, inputTypeString=NULL, enableLearning=false, autoCorrection=false, autoComplete=false, imeOptions=0, privateImeOptions=null, actionName=UNSPECIFIED, actionLabel=null, initialSelStart=-1, initialSelEnd=-1, initialCapsMode=0, label=null, fieldId=0, fieldName=null, extras=null, hintText=null, hintLocales=[]}}, false)
03-30 12:49:06.807 I/Module  ( 8754): DeviceLockedStatusModuleProvider$Module.updateDeviceLockedStatus():100 repeatCheckTimes = 1, locked = false
03-30 12:49:06.809 W/PackageConfigPersister(  815): App-specific configuration not found for packageName: com.google.android.apps.nexuslauncher and userId: 0
03-30 12:49:06.816 V/BaseDepthController( 1636): Applying blur: 0 to Surface(name=com.google.android.apps.nexuslauncher/com.google.android.apps.nexuslauncher.NexusLauncherActivity#349)/@0x49adec1 applyImmediately: false
03-30 12:49:06.817 D/BaseDepthController( 1636): shouldBlurWorkspace: false targetState: Normal currentStableState: Normal mCurrentBlur: 0 mLauncher.getDepthBlurTargets(): [com.android.launcher3.Workspace{15d666 V.ED..... ........ 0,0-1080,2400 #7f0a049d app:id/workspace}, com.android.launcher3.Hotseat{9838da7 V.ED..... ........ 0,1905-1080,2400 #7f0a01ee app:id/hotseat}]
03-30 12:49:06.822 D/b/417220811( 1636): invalidateLoadedTasks - previous requestLoadId: -1
03-30 12:49:06.850 V/BaseDepthController( 1636): Applying blur: 0 to Surface(name=com.google.android.apps.nexuslauncher/com.google.android.apps.nexuslauncher.NexusLauncherActivity#349)/@0x49adec1 applyImmediately: false
03-30 12:49:06.851 D/BaseDepthController( 1636): shouldBlurWorkspace: false targetState: Normal currentStableState: Normal mCurrentBlur: 0 mLauncher.getDepthBlurTargets(): [com.android.launcher3.Workspace{15d666 V.ED..... ........ 0,0-1080,2400 #7f0a049d app:id/workspace}, com.android.launcher3.Hotseat{9838da7 V.ED..... ........ 0,1905-1080,2400 #7f0a01ee app:id/hotseat}]
03-30 12:49:06.867 V/BaseDepthController( 1636): Applying blur: 0 to Surface(name=com.google.android.apps.nexuslauncher/com.google.android.apps.nexuslauncher.NexusLauncherActivity#349)/@0x49adec1 applyImmediately: false
03-30 12:49:06.867 D/BaseDepthController( 1636): shouldBlurWorkspace: false targetState: Normal currentStableState: Normal mCurrentBlur: 0 mLauncher.getDepthBlurTargets(): [com.android.launcher3.Workspace{15d666 V.ED..... ........ 0,0-1080,2400 #7f0a049d app:id/workspace}, com.android.launcher3.Hotseat{9838da7 V.ED..... ........ 0,1905-1080,2400 #7f0a01ee app:id/hotseat}]
03-30 12:49:06.883 D/WM-Processor( 9041): fzi: processing WorkGenerationalId(workSpecId=9103f101-fb7e-4b8f-8aaf-f49317462c89, generation=0)
03-30 12:49:06.884 V/BaseDepthController( 1636): Applying blur: 0 to Surface(name=com.google.android.apps.nexuslauncher/com.google.android.apps.nexuslauncher.NexusLauncherActivity#349)/@0x49adec1 applyImmediately: false
03-30 12:49:06.884 D/BaseDepthController( 1636): shouldBlurWorkspace: false targetState: Normal currentStableState: Normal mCurrentBlur: 0 mLauncher.getDepthBlurTargets(): [com.android.launcher3.Workspace{15d666 V.ED..... ........ 0,0-1080,2400 #7f0a049d app:id/workspace}, com.android.launcher3.Hotseat{9838da7 V.ED..... ........ 0,1905-1080,2400 #7f0a01ee app:id/hotseat}]
03-30 12:49:06.892 D/WM-Processor( 9041): Work WorkGenerationalId(workSpecId=9103f101-fb7e-4b8f-8aaf-f49317462c89, generation=0) is already enqueued for processing
03-30 12:49:06.900 V/BaseDepthController( 1636): Applying blur: 0 to Surface(name=com.google.android.apps.nexuslauncher/com.google.android.apps.nexuslauncher.NexusLauncherActivity#349)/@0x49adec1 applyImmediately: false
03-30 12:49:06.901 D/BaseDepthController( 1636): shouldBlurWorkspace: false targetState: Normal currentStableState: Normal mCurrentBlur: 0 mLauncher.getDepthBlurTargets(): [com.android.launcher3.Workspace{15d666 V.ED..... ........ 0,0-1080,2400 #7f0a049d app:id/workspace}, com.android.launcher3.Hotseat{9838da7 V.ED..... ........ 0,1905-1080,2400 #7f0a01ee app:id/hotseat}]
03-30 12:49:06.918 V/BaseDepthController( 1636): Applying blur: 0 to Surface(name=com.google.android.apps.nexuslauncher/com.google.android.apps.nexuslauncher.NexusLauncherActivity#349)/@0x49adec1 applyImmediately: false
03-30 12:49:06.918 D/BaseDepthController( 1636): shouldBlurWorkspace: false targetState: Normal currentStableState: Normal mCurrentBlur: 0 mLauncher.getDepthBlurTargets(): [com.android.launcher3.Workspace{15d666 V.ED..... ........ 0,0-1080,2400 #7f0a049d app:id/workspace}, com.android.launcher3.Hotseat{9838da7 V.ED..... ........ 0,1905-1080,2400 #7f0a01ee app:id/hotseat}]
03-30 12:49:06.935 V/BaseDepthController( 1636): Applying blur: 0 to Surface(name=com.google.android.apps.nexuslauncher/com.google.android.apps.nexuslauncher.NexusLauncherActivity#349)/@0x49adec1 applyImmediately: false
03-30 12:49:06.935 D/BaseDepthController( 1636): shouldBlurWorkspace: false targetState: Normal currentStableState: Normal mCurrentBlur: 0 mLauncher.getDepthBlurTargets(): [com.android.launcher3.Workspace{15d666 V.ED..... ........ 0,0-1080,2400 #7f0a049d app:id/workspace}, com.android.launcher3.Hotseat{9838da7 V.ED..... ........ 0,1905-1080,2400 #7f0a01ee app:id/hotseat}]
03-30 12:49:06.945 D/WM-WorkerWrapper( 9041): Starting work for com.google.apps.tiktok.contrib.work.TikTokListenableWorker
03-30 12:49:06.952 V/BaseDepthController( 1636): Applying blur: 0 to Surface(name=com.google.android.apps.nexuslauncher/com.google.android.apps.nexuslauncher.NexusLauncherActivity#349)/@0x49adec1 applyImmediately: false
03-30 12:49:06.955 D/BaseDepthController( 1636): setEarlyWakeup: true
03-30 12:49:06.955 D/BaseDepthController( 1636): shouldBlurWorkspace: false targetState: Normal currentStableState: Normal mCurrentBlur: 0 mLauncher.getDepthBlurTargets(): [com.android.launcher3.Workspace{15d666 V.ED..... ........ 0,0-1080,2400 #7f0a049d app:id/workspace}, com.android.launcher3.Hotseat{9838da7 V.ED..... ........ 0,1905-1080,2400 #7f0a01ee app:id/hotseat}]
03-30 12:49:06.967 V/BaseDepthController( 1636): Applying blur: 0 to Surface(name=com.google.android.apps.nexuslauncher/com.google.android.apps.nexuslauncher.NexusLauncherActivity#349)/@0x49adec1 applyImmediately: false
03-30 12:49:06.967 D/BaseDepthController( 1636): shouldBlurWorkspace: false targetState: Normal currentStableState: Normal mCurrentBlur: 0 mLauncher.getDepthBlurTargets(): [com.android.launcher3.Workspace{15d666 V.ED..... ........ 0,0-1080,2400 #7f0a049d app:id/workspace}, com.android.launcher3.Hotseat{9838da7 V.ED..... ........ 0,1905-1080,2400 #7f0a01ee app:id/hotseat}]
03-30 12:49:06.986 V/BaseDepthController( 1636): Applying blur: 0 to Surface(name=com.google.android.apps.nexuslauncher/com.google.android.apps.nexuslauncher.NexusLauncherActivity#349)/@0x49adec1 applyImmediately: false
03-30 12:49:06.986 D/BaseDepthController( 1636): shouldBlurWorkspace: false targetState: Normal currentStableState: Normal mCurrentBlur: 0 mLauncher.getDepthBlurTargets(): [com.android.launcher3.Workspace{15d666 V.ED..... ........ 0,0-1080,2400 #7f0a049d app:id/workspace}, com.android.launcher3.Hotseat{9838da7 V.ED..... ........ 0,1905-1080,2400 #7f0a01ee app:id/hotseat}]
03-30 12:49:06.989 I/DialerSingletonScopedExternalsLogging( 9041): com.google.android.dialershared.externals.logging.SingletonScopedExternalsLogging.recordCallMethodInvocation:75 event: TIKTOK_WORK_EXECUTION_MONITOR_ON_WORK_STARTED, function parameters: [9103f101-fb7e-4b8f-8aaf-f49317462c89,com.android.dialer.timekeeper.impl.worker.TimeKeeperDbRefreshingWorker], return value: <empty>
03-30 12:49:07.001 V/BaseDepthController( 1636): Applying blur: 0 to Surface(name=com.google.android.apps.nexuslauncher/com.google.android.apps.nexuslauncher.NexusLauncherActivity#349)/@0x49adec1 applyImmediately: false
