--------- beginning of main
03-29 23:03:25.078  3745  3745 I artd    : GetBestInfo: odex next to the dex file (/data/app/~~RQYCN6NA1SrDbywaNe03mA==/com.google.android.gms-DmnxcEplVZv8mByzVA78WA==/oat/x86_64/split_all_locale_splits.odex) is kOatUpToDate with filter 'speed' executable 'false'
03-29 23:03:25.081   703  3764 W SignedPackage: Package doesn't have required signing certificate: com.google.android.retaildemo
03-29 23:03:25.081   703  3764 E RoleControllerServiceImpl: Default/fallback role holder package doesn't qualify for the role, package: com.google.android.gms.supervision, role: android.app.role.SYSTEM_SUPERVISION
03-29 23:03:25.082  3745  3745 I artd    : GetBestInfo: /data/app/~~RQYCN6NA1SrDbywaNe03mA==/com.google.android.gms-DmnxcEplVZv8mByzVA78WA==/split_maps_core_dynamite_ondemand.apk has no usable artifacts
03-29 23:03:25.093  3745  3745 I artd    : GetBestInfo: /data/user_de/0/com.google.android.gms/app_chimera/m/00000001/CronetDynamite.apk has no usable artifacts
03-29 23:03:25.094  3745  3745 I artd    : GetBestInfo: /data/user_de/0/com.google.android.gms/app_chimera/m/00000002/DynamiteLoader.apk has no usable artifacts
03-29 23:03:25.094   703  3764 W SignedPackage: Package doesn't have required signing certificate: com.google.android.apps.work.clouddpc
03-29 23:03:25.110  3745  3745 I artd    : GetBestInfo: /data/user_de/0/com.google.android.gms/app_chimera/m/00000010/dl-MlkitBarcodeUi.optional_260534100800.apk has no usable artifacts
03-29 23:03:25.129  3745  3745 I artd    : GetBestInfo: /data/user_de/0/com.google.android.gms/app_chimera/m/00000005/GoogleCertificates.apk has no usable artifacts
03-29 23:03:25.136   703   703 D AppSearchAppsIndexerManagerS: userid in package receiver: 10220
03-29 23:03:25.137   703  3764 I Role    : com.google.android.gms not qualified for android.app.role.SYSTEM_DEPENDENCY_INSTALLER due to missing RequiredComponent{mIntentFilterData=IntentFilterData{mAction='android.content.pm.action.INSTALL_DEPENDENCY', mCategories='[]', mDataScheme='null', mDataType='null'}, mMinTargetSdkVersion=1, mFlags='0', mPermission='android.permission.BIND_DEPENDENCY_INSTALLER', mQueryFlags=0, mMetaData=[]}
03-29 23:03:25.137  3745  3745 I artd    : GetBestInfo: /data/user_de/0/com.google.android.gms/app_chimera/m/00000009/dl-TfliteDynamiteDynamite.integ_252130102100800.apk has no usable artifacts
03-29 23:03:25.137   703  3764 E RoleControllerServiceImpl: Default/fallback role holder package doesn't qualify for the role, package: com.google.android.gms, role: android.app.role.SYSTEM_DEPENDENCY_INSTALLER
03-29 23:03:25.141  1062  1062 E SmsApplication: com.google.android.apps.messaging lost android:read_cell_broadcasts:  (fixing)
03-29 23:03:25.144  3745  3745 I artd    : GetBestInfo: /data/user_de/0/com.google.android.gms/app_chimera/m/0000000e/dl-PlayCloudSearch.optional_260534100000.apk has no usable artifacts
--------- beginning of system
03-29 23:03:25.144   703  1927 W AppOpService: Ignored setUidMode call for runtime permission app op: uid = 10145, code = READ_CELL_BROADCASTS, mode = allow, callingUid = 1001, oldMode = allow
03-29 23:03:25.158  3745  3745 I artd    : GetBestInfo: /data/user/0/com.google.android.gms/app_dg_cache/BF7C023AB90CCF01D1F467FC1CEBAF866511FF29/the.apk has no usable artifacts
03-29 23:03:25.168  3745  3745 I artd    : GetBestInfo: /data/user_de/0/com.google.android.gms/app_chimera/m/00000012/dl-VisionOcr.optional_260534100000.apk has no usable artifacts
03-29 23:03:25.169   703   906 D BackgroundInstallControlService: Package event received: 0
03-29 23:03:25.184  3745  3745 I artd    : GetBestInfo: /data/user_de/0/com.google.android.gms/app_chimera/m/00000011/dl-Appsearch.optional_260534100800.apk has no usable artifacts
03-29 23:03:25.191   703   906 D BackgroundInstallControlService: Package event received: 0
03-29 23:03:25.204   703  3764 E RoleControllerServiceImpl: Default/fallback role holder package doesn't qualify for the role, package: com.google.android.gms, role: android.app.role.WALLET
03-29 23:03:25.209   703   703 D TransparencyService: Not an update. Skipping...
03-29 23:03:25.213   703   703 D BackupManagerConstants: getFullBackupIntervalMilliseconds(...) returns 86400000
03-29 23:03:25.215   703   703 D BackupManagerConstants: getFullBackupRequiredNetworkType(...) returns 2
03-29 23:03:25.215   703   703 D BackupManagerConstants: getFullBackupRequireCharging(...) returns true
03-29 23:03:25.217  2323  2484 I PermissionControllerServiceImpl: Updating user sensitive for uid 10220
03-29 23:03:25.219   703   703 I AppsFilter: interaction: PackageSetting{bd84a44 com.android.microdroid.empty_payload/10215} -> PackageSetting{650872d com.weejobs.app/10220} BLOCKED
03-29 23:03:25.230   703  3764 W SignedPackage: Cannot get ApplicationInfo for package: com.google.android.devicelockcontroller
03-29 23:03:25.236   703   735 D LauncherAppsService: onPackageAdded: triggering onPackageAdded for user=UserHandle{0}, packageName=com.weejobs.app
03-29 23:03:25.237   703   735 D LauncherAppsService: onPackageAdded: triggering onPackageAdded for user=UserHandle{0}, packageName=com.weejobs.app
03-29 23:03:25.238   703   735 D LauncherAppsService: onPackageAdded: triggering onPackageAdded for user=UserHandle{0}, packageName=com.weejobs.app
03-29 23:03:25.238   703   735 W PackageManager: Failed registering loading progress callback. Package is fully loaded.
03-29 23:03:25.238  1087  1132 D LauncherAppsCallbackImpl: onPackageAdded triggered for packageName=com.weejobs.app, user=UserHandle{0}
03-29 23:03:25.239  1087  1132 D PackageUpdatedTask: Package updated: mOp=ADD packages=[com.weejobs.app], user=UserHandle{0}
03-29 23:03:25.249   703  1661 W AppOpService: Ignored setUidMode call for runtime permission app op: uid = 1001, code = READ_SMS, mode = allow, callingUid = 1001, oldMode = allow
03-29 23:03:25.255   703   936 W FileUtils: Failed to chmod(AtomicFile[/data/system_de/0/system/game-manager-service.xml]): android.system.ErrnoException: chmod failed: ENOENT (No such file or directory)
03-29 23:03:25.259  1533  1533 I AiAiEcho: AppFetcherImplV2 updateApps package:[com.weejobs.app], userId:[0], reason:[package is added.].
03-29 23:03:25.265  1533 26481 I ogle.android.as: AssetManager2(0x769a6c9c0598) locale list changing from [] to [en-US]
03-29 23:03:25.282  1062  1313 I SatelliteAppTracker: onPackageModified : com.weejobs.app
03-29 23:03:25.282   703   703 D AppSearchAppsIndexerManagerS: userid in package receiver: 10220
03-29 23:03:25.292  1087  1132 I s.nexuslauncher: AssetManager2(0x769a6c9c4738) locale list changing from [] to [en-US]
03-29 23:03:25.306  2323  2484 I PermissionControllerServiceImpl: Updating user sensitive for uid 10220
03-29 23:03:25.307   949   949 D ControlsListingControllerImpl: ServiceConfig reloaded, count: 0
03-29 23:03:25.308 15501 15501 I Finsky  : [2] Memory trim requested to level 40
03-29 23:03:25.308 15501 15501 I Finsky  : [2] Flushing in-memory image cache
03-29 23:03:25.309 15501 15501 I Finsky  : [2] Memory trim requested to level 40
03-29 23:03:25.310 15501 15501 I Finsky  : [2] Flushing in-memory image cache
03-29 23:03:25.310 14801 14801 I Finsky:background: [2] Memory trim requested to level 40
03-29 23:03:25.310 15501 15501 I Finsky  : [2] ahsm - Received: android.intent.action.PACKAGE_ADDED, [Gqk4ewQyzs5K3YXFVstm8EkH33a-0A8vDs_YEc4mwgs]
03-29 23:03:25.311 14801 14801 I Finsky:background: [2] Memory trim requested to level 40
03-29 23:03:25.312 14801 14801 I Finsky:background: [2] ahsc - Received: android.intent.action.PACKAGE_ADDED, [Gqk4ewQyzs5K3YXFVstm8EkH33a-0A8vDs_YEc4mwgs]
03-29 23:03:25.326 14801 14842 I Finsky:background: [51] Current account updated in PVS
03-29 23:03:25.326  3745  3745 I artd    : GetBestInfo: /data/user_de/0/com.google.android.gms/app_chimera/m/00000008/dl-Appsearch.optional_250834100800.apk has no usable artifacts
03-29 23:03:25.334 14801 14838 I Finsky:background: [47] Current account updated in PVS
03-29 23:03:25.336 15501 15521 I Finsky  : [52] Current account updated in PVS
03-29 23:03:25.336 15501 15521 I Finsky  : [52] Current account updated in PVS
03-29 23:03:25.337 14801 14840 I Finsky:background: [49] Current account updated in PVS
03-29 23:03:25.340  3745  3745 I artd    : GetBestInfo: /data/user_de/0/com.google.android.gms/app_chimera/m/0000000a/dl-MlkitBarcodeUi.optional_250834100800.apk has no usable artifacts
03-29 23:03:25.349 15501 15521 I Finsky  : [52] Current account updated in PVS
03-29 23:03:25.349 15501 15524 I Finsky  : [55] Current account updated in PVS
03-29 23:03:25.349 15501 15524 I Finsky  : [55] Current account updated in PVS
03-29 23:03:25.350 15501 15524 I Finsky  : [55] Current account updated in PVS
03-29 23:03:25.352   703  1229 W AppOpService: Ignored setUidMode call for runtime permission app op: uid = 1001, code = RECEIVE_SMS, mode = allow, callingUid = 1001, oldMode = allow
03-29 23:03:25.353 14801 14842 I Finsky:background: [51] Current account updated in PVS
03-29 23:03:25.353   703  1229 W AppOpService: Ignored setUidMode call for runtime permission app op: uid = 1001, code = RECEIVE_WAP_PUSH, mode = allow, callingUid = 1001, oldMode = allow
03-29 23:03:25.353   703  1229 W AppOpService: Ignored setUidMode call for runtime permission app op: uid = 1001, code = SEND_SMS, mode = allow, callingUid = 1001, oldMode = allow
03-29 23:03:25.353   703  1229 W AppOpService: Ignored setUidMode call for runtime permission app op: uid = 1001, code = READ_CELL_BROADCASTS, mode = allow, callingUid = 1001, oldMode = allow
03-29 23:03:25.353 14801 14842 I Finsky:background: [51] Current account updated in PVS
03-29 23:03:25.353 14801 14842 I Finsky:background: [51] Current account updated in PVS
03-29 23:03:25.367   703   905 D ShortcutService: received package broadcast intent: Intent { act=android.intent.action.PACKAGE_CHANGED dat=package: flg=0x5000010 (has extras) }
03-29 23:03:25.367   703   905 D ShortcutService: changing package: com.weejobs.app userId=0
03-29 23:03:25.374  1087  1132 W HWUI    : Image decoding logging dropped!
03-29 23:03:25.376  3745  3745 I artd    : GetBestInfo: vdex next to the dex file (/data/user/0/com.google.android.gms/app_dg_cache/492BB24C67899DCD3E45A896813896109D71DC84/oat/x86_64/the.vdex) is kOatUpToDate with filter 'verify' executable 'false'
03-29 23:03:25.378   703  1015 W ActivityTaskManager: callingPackage for (uid=2000, pid=26501) has no WPC
03-29 23:03:25.390  3745  3745 I artd    : GetBestInfo: /data/user_de/0/com.google.android.gms/app_chimera/m/00000013/dl-MlkitOcrCommon.optional_260534100800.apk has no usable artifacts
03-29 23:03:25.393 14801 26425 I Finsky:background: [168] Wrote row to frosting DB: 488
03-29 23:03:25.406  3745  3745 I artd    : GetBestInfo: /data/user_de/0/com.google.android.gms/app_chimera/m/00000007/MeasurementDynamite.apk has no usable artifacts
03-29 23:03:25.423  1062  1304 D ImsResolver: maybeAddedImsService, packageName: com.weejobs.app
03-29 23:03:25.425  1062  1304 V ImsResolver: searchForImsServices: package=com.weejobs.app, users=[UserHandle{0}]
03-29 23:03:25.425 15501 15501 I Finsky  : [2] Clearing split related stale data.
03-29 23:03:25.425 15501 15524 I Finsky  : [55] Current account updated in PVS
03-29 23:03:25.426  1062  1304 V ImsResolver: searchForImsServices: package=com.weejobs.app, users=[UserHandle{0}]
03-29 23:03:25.432 15501 15524 I Finsky  : [55] Current account updated in PVS
03-29 23:03:25.432 14801 14842 I Finsky:background: [51] Current account updated in PVS
03-29 23:03:25.432 14801 14842 I Finsky:background: [51] Current account updated in PVS
03-29 23:03:25.432 14801 14842 I Finsky:background: [51] Current account updated in PVS
03-29 23:03:25.432 14801 14842 I Finsky:background: [51] Current account updated in PVS
03-29 23:03:25.433 14801 14842 I Finsky:background: [51] Current account updated in PVS
03-29 23:03:25.433 14801 14842 I Finsky:background: [51] Current account updated in PVS
03-29 23:03:25.441 15501 15520 I Finsky  : [51] Current account updated in PVS
03-29 23:03:25.443 15501 15501 I Finsky  : [2] DTU: Received onPackageAdded, replacing: false
03-29 23:03:25.448 15501 15522 I Finsky  : [53] Current account updated in PVS
03-29 23:03:25.461  1533 26507 I AiAiEcho: AppIndexer Package:[com.weejobs.app] UserProfile:[0] Enabled:[true].
03-29 23:03:25.461  1533 26507 I AiAiEcho: AppFetcherImplV2 updateApps package:[com.weejobs.app], userId:[0], reason:[package is updated.].
03-29 23:03:25.464   703   821 V AccessibilityManagerService: onUserStateChangedLocked for userId: 0, forceUpdate: false
03-29 23:03:25.465 15501 15522 I Finsky  : [53] Current account updated in PVS
03-29 23:03:25.480 14801 14801 I Finsky:background: [2] ahsc - Received: android.intent.action.PACKAGE_CHANGED, [Gqk4ewQyzs5K3YXFVstm8EkH33a-0A8vDs_YEc4mwgs]
03-29 23:03:25.480 14801 14842 I Finsky:background: [51] Current account updated in PVS
03-29 23:03:25.483 14801 14842 I Finsky:background: [51] Current account updated in PVS
03-29 23:03:25.487 14801 14842 I Finsky:background: [51] Current account updated in PVS
03-29 23:03:25.488 14801 14842 I Finsky:background: [51] Current account updated in PVS
03-29 23:03:25.488 14801 14842 I Finsky:background: [51] Current account updated in PVS
03-29 23:03:25.488 15501 15521 I Finsky  : [52] Current account updated in PVS
03-29 23:03:25.488 14801 14842 I Finsky:background: [51] Current account updated in PVS
03-29 23:03:25.488 15501 15501 I Finsky  : [2] Do not start WearSupportService due to Wear service optimization
03-29 23:03:25.489 14801 14842 I Finsky:background: [51] Current account updated in PVS
03-29 23:03:25.490 14801 14842 I Finsky:background: [51] Current account updated in PVS
03-29 23:03:25.490 14801 14842 I Finsky:background: [51] Current account updated in PVS
03-29 23:03:25.494 14801 14842 I Finsky:background: [51] Current account updated in PVS
03-29 23:03:25.496 15501 15524 I Finsky  : [55] Current account updated in PVS
03-29 23:03:25.501   703  1015 I system_server: AssetManager2(0x769a6c9e34f8) locale list changing from [] to [en-US]
03-29 23:03:25.502 15501 15524 I Finsky  : [55] Current account updated in PVS
03-29 23:03:25.509 15501 15524 I Finsky  : [55] Current account updated in PVS
03-29 23:03:25.510 15501 15520 I Finsky  : [51] Current account updated in PVS
03-29 23:03:25.511 15501 15520 I Finsky  : [51] Current account updated in PVS
03-29 23:03:25.514 14801 14842 I Finsky:background: [51] Current account updated in PVS
03-29 23:03:25.527 14801 14842 I Finsky:background: [51] Current account updated in PVS
03-29 23:03:25.527 15501 15520 I Finsky  : [51] Current account updated in PVS
03-29 23:03:25.528 14801 14842 I Finsky:background: [51] Current account updated in PVS
03-29 23:03:25.528 14801 14842 I Finsky:background: [51] Current account updated in PVS
03-29 23:03:25.528 14801 14842 I Finsky:background: [51] Current account updated in PVS
03-29 23:03:25.546  1556  1556 I faht    : (REDACTED) O received %s
03-29 23:03:25.553 14801 14842 I Finsky:background: [51] Current account updated in PVS
03-29 23:03:25.554  1087  1885 W HWUI    : Failed to choose config with EGL_SWAP_BEHAVIOR_PRESERVED, retrying without...
03-29 23:03:25.554  1087  1885 W HWUI    : Failed to initialize 101010-2 format, error = EGL_SUCCESS
03-29 23:03:25.559   703  1015 V GrammaticalInflectionUtils: AttributionSource: android.content.AttributionSource@26f647fd does not have READ_SYSTEM_GRAMMATICAL_GENDER permission.
03-29 23:03:25.562 14801 14842 I Finsky:background: [51] Current account updated in PVS
03-29 23:03:25.562 15501 15533 I Finsky  : [61] AIM: AppInfoManager-Perf > OnDeviceAppInfo > cacheHitCount=0, cacheMissCount=1. Missed  in cache (limit 10) : [com.weejobs.app]
03-29 23:03:25.562 15501 15520 I Finsky  : [51] Current account updated in PVS
03-29 23:03:25.565 15501 15501 I Finsky  : [2] ahsm - Received: android.intent.action.PACKAGE_CHANGED, [Gqk4ewQyzs5K3YXFVstm8EkH33a-0A8vDs_YEc4mwgs]
03-29 23:03:25.566 14801 14850 I Finsky:background: [55] RECEIVER_PACKAGE_MONITOR_BACKGROUND#logWorkEndAndFinishGoAsync: SUCCESS
03-29 23:03:25.573   703  1015 W OptProp : Cannot read opt property android.window.PROPERTY_COMPAT_ALLOW_USER_ASPECT_RATIO_OVERRIDE
03-29 23:03:25.573   703  1015 W OptProp : Cannot read opt property android.window.PROPERTY_COMPAT_ALLOW_USER_ASPECT_RATIO_FULLSCREEN_OVERRIDE
03-29 23:03:25.575  1062  1062 W VvmPkgInstalledRcvr: carrierVvmPkgAdded: carrier vvm packages doesn't contain com.weejobs.app
03-29 23:03:25.577   703  1015 W OptProp : Cannot read opt property android.window.PROPERTY_COMPAT_ALLOW_RESIZEABLE_ACTIVITY_OVERRIDES
03-29 23:03:25.578   703  1015 W OptProp : Cannot read opt property android.window.PROPERTY_COMPAT_ALLOW_MIN_ASPECT_RATIO_OVERRIDE
03-29 23:03:25.580 14801 14842 I Finsky:background: [51] Current account updated in PVS
03-29 23:03:25.593 15501 15520 I Finsky  : [51] Current account updated in PVS
03-29 23:03:25.594 15501 15520 I Finsky  : [51] Current account updated in PVS
03-29 23:03:25.596 15501 15520 I Finsky  : [51] Current account updated in PVS
03-29 23:03:25.597 15501 15520 I Finsky  : [51] Current account updated in PVS
03-29 23:03:25.602   703   906 D BackgroundInstallControlService: Package event received: 0
03-29 23:03:25.606 14801 26425 I Finsky:background: [168] Wrote row to frosting DB: 489
03-29 23:03:25.615 15501 15520 I Finsky  : [51] Current account updated in PVS
03-29 23:03:25.616 15501 15521 I Finsky  : [52] Current account updated in PVS
03-29 23:03:25.617 15501 15521 I Finsky  : [52] Current account updated in PVS
03-29 23:03:25.617 15501 15521 I Finsky  : [52] Current account updated in PVS
03-29 23:03:25.618 15501 15521 I Finsky  : [52] Current account updated in PVS
03-29 23:03:25.618 15501 15521 I Finsky  : [52] Current account updated in PVS
03-29 23:03:25.618 15501 15521 I Finsky  : [52] Current account updated in PVS
03-29 23:03:25.618 15501 15521 I Finsky  : [52] Current account updated in PVS
03-29 23:03:25.618 15501 15521 I Finsky  : [52] Current account updated in PVS
03-29 23:03:25.618 15501 15521 I Finsky  : [52] Current account updated in PVS
03-29 23:03:25.618 15501 15521 I Finsky  : [52] Current account updated in PVS
03-29 23:03:25.618 15501 15521 I Finsky  : [52] Current account updated in PVS
03-29 23:03:25.618 15501 15521 I Finsky  : [52] Current account updated in PVS
03-29 23:03:25.618 15501 15521 I Finsky  : [52] Current account updated in PVS
03-29 23:03:25.618 15501 15521 I Finsky  : [52] Current account updated in PVS
03-29 23:03:25.618 15501 15521 I Finsky  : [52] Current account updated in PVS
03-29 23:03:25.618 15501 15521 I Finsky  : [52] Current account updated in PVS
03-29 23:03:25.618 15501 15521 I Finsky  : [52] Current account updated in PVS
03-29 23:03:25.618 15501 15521 I Finsky  : [52] Current account updated in PVS
03-29 23:03:25.619 15501 15521 I Finsky  : [52] Current account updated in PVS
03-29 23:03:25.619 15501 15521 I Finsky  : [52] Current account updated in PVS
03-29 23:03:25.621   703  1015 W OptProp : Cannot read opt property android.window.PROPERTY_COMPAT_ALLOW_ORIENTATION_OVERRIDE
03-29 23:03:25.621 14801 14842 I Finsky:background: [51] Current account updated in PVS
03-29 23:03:25.624 14801 14838 I Finsky:background: [47] Current account updated in PVS
03-29 23:03:25.626 14801 14838 I Finsky:background: [47] Current account updated in PVS
03-29 23:03:25.626 14801 14838 I Finsky:background: [47] Current account updated in PVS
03-29 23:03:25.626 14801 14838 I Finsky:background: [47] Current account updated in PVS
03-29 23:03:25.626 14801 14838 I Finsky:background: [47] Current account updated in PVS
03-29 23:03:25.632 14801 14838 I Finsky:background: [47] Current account updated in PVS
03-29 23:03:25.633 14801 14838 I Finsky:background: [47] Current account updated in PVS
03-29 23:03:25.633  1062  1062 D CarrierSvcBindHelper: onPackageModified: com.weejobs.app
03-29 23:03:25.633  1062  1062 D CarrierSvcBindHelper: No carrier app for: 0
03-29 23:03:25.634 14801 14838 I Finsky:background: [47] Current account updated in PVS
03-29 23:03:25.637 15501 15517 I Finsky  : [48] SCH: Received scheduling request: Id: 37-12, Constraints: [{ L: 0, D: 0, C: CHARGING_NONE, I: IDLE_NONE, N: NET_NONE, B: BATTERY_ANY }]
03-29 23:03:25.635 14801 14838 I Finsky:background: [47] Current account updated in PVS
03-29 23:03:25.641 14801 14838 I Finsky:background: [47] Current account updated in PVS
03-29 23:03:25.641 14801 14840 I Finsky:background: [49] Current account updated in PVS
03-29 23:03:25.645 15501 15516 I Finsky  : [47] RECEIVER_PACKAGE_MONITOR#logWorkEndAndFinishGoAsync: SUCCESS
03-29 23:03:25.646   557   573 I BpBinder: onLastStrongRef automatically unlinking death recipients: 
03-29 23:03:25.648 15501 26439 I Finsky  : [194] [ContentSync] finished, scheduled=false
03-29 23:03:25.649 15501 15521 I Finsky  : [52] Current account updated in PVS
03-29 23:03:25.649 15501 15521 I Finsky  : [52] Current account updated in PVS
03-29 23:03:25.650 14801 14848 I Finsky:background: [54] RECEIVER_ENGAGE_PACKAGE_CHANGED#logWorkEndAndFinishGoAsync: SKIPPED_PRECONDITIONS_UNMET
03-29 23:03:25.651 15501 15521 I Finsky  : [52] Current account updated in PVS
03-29 23:03:25.652 15501 15521 I Finsky  : [52] Current account updated in PVS
03-29 23:03:25.652 15501 15521 I Finsky  : [52] Current account updated in PVS
03-29 23:03:25.652 15501 15521 I Finsky  : [52] Current account updated in PVS
03-29 23:03:25.652 15501 15521 I Finsky  : [52] Current account updated in PVS
03-29 23:03:25.652 15501 15521 I Finsky  : [52] Current account updated in PVS
03-29 23:03:25.652 15501 15521 I Finsky  : [52] Current account updated in PVS
03-29 23:03:25.652 15501 15521 I Finsky  : [52] Current account updated in PVS
03-29 23:03:25.652 15501 15521 I Finsky  : [52] Current account updated in PVS
03-29 23:03:25.652 15501 15521 I Finsky  : [52] Current account updated in PVS
03-29 23:03:25.652  1062  1062 E SmsApplication: com.google.android.apps.messaging lost android:read_cell_broadcasts:  (fixing)
03-29 23:03:25.652   703   772 W AppOpService: Ignored setUidMode call for runtime permission app op: uid = 10145, code = READ_CELL_BROADCASTS, mode = allow, callingUid = 1001, oldMode = allow
03-29 23:03:25.652 14801 14840 I Finsky:background: [49] Current account updated in PVS
03-29 23:03:25.653 14801 14840 I Finsky:background: [49] Current account updated in PVS
03-29 23:03:25.656 15501 15530 I Finsky  : [58] AIM: AppInfoManager-Perf > OnDeviceAppInfo > cacheHitCount=0, cacheMissCount=1. Missed  in cache (limit 10) : [com.weejobs.app]
03-29 23:03:25.656   703   720 W AppOpService: Ignored setUidMode call for runtime permission app op: uid = 1001, code = READ_SMS, mode = allow, callingUid = 1001, oldMode = allow
03-29 23:03:25.657 15501 15531 I Finsky  : [59] AIM: Got app ownership map. App counts: . Unique apps: 0
03-29 23:03:25.658 15501 15531 E Finsky  : [59] [Counters] attempted to use a non-positive increment for: 4752
03-29 23:03:25.658 15501 15531 E Finsky  : [59] [Counters] attempted to use a non-positive increment for: 4753
03-29 23:03:25.658   703  1910 W AppOpService: Ignored setUidMode call for runtime permission app op: uid = 1001, code = RECEIVE_SMS, mode = allow, callingUid = 1001, oldMode = allow
03-29 23:03:25.658   703   720 W AppOpService: Ignored setUidMode call for runtime permission app op: uid = 1001, code = RECEIVE_WAP_PUSH, mode = allow, callingUid = 1001, oldMode = allow
03-29 23:03:25.659   703   720 W AppOpService: Ignored setUidMode call for runtime permission app op: uid = 1001, code = SEND_SMS, mode = allow, callingUid = 1001, oldMode = allow
03-29 23:03:25.660   703   720 W AppOpService: Ignored setUidMode call for runtime permission app op: uid = 1001, code = READ_CELL_BROADCASTS, mode = allow, callingUid = 1001, oldMode = allow
03-29 23:03:25.661  1062  1304 D ImsResolver: maybeAddedImsService, packageName: com.weejobs.app
03-29 23:03:25.664 14801 14842 I Finsky:background: [51] Current account updated in PVS
03-29 23:03:25.666 14801 14838 I Finsky:background: [47] Current account updated in PVS
03-29 23:03:25.666 14801 14840 I Finsky:background: [49] Current account updated in PVS
03-29 23:03:25.666 14801 14840 I Finsky:background: [49] Current account updated in PVS
03-29 23:03:25.666 14801 14840 I Finsky:background: [49] Current account updated in PVS
03-29 23:03:25.666 14801 14840 I Finsky:background: [49] Current account updated in PVS
03-29 23:03:25.666 14801 14840 I Finsky:background: [49] Current account updated in PVS
03-29 23:03:25.666 14801 14840 I Finsky:background: [49] Current account updated in PVS
03-29 23:03:25.666  1062  1304 V ImsResolver: searchForImsServices: package=com.weejobs.app, users=[UserHandle{0}]
03-29 23:03:25.668  1087  1132 W HWUI    : Image decoding logging dropped!
03-29 23:03:25.669 14801 14840 I Finsky:background: [49] Current account updated in PVS
03-29 23:03:25.669 14801 14840 I Finsky:background: [49] Current account updated in PVS
03-29 23:03:25.673  1062  1304 V ImsResolver: searchForImsServices: package=com.weejobs.app, users=[UserHandle{0}]
03-29 23:03:25.676 15501 15524 I Finsky  : [55] Current account updated in PVS
03-29 23:03:25.677 15501 15524 I Finsky  : [55] Current account updated in PVS
03-29 23:03:25.677 15501 15524 I Finsky  : [55] Current account updated in PVS
03-29 23:03:25.677 15501 15520 I Finsky  : [51] Current account updated in PVS
03-29 23:03:25.677 15501 15520 I Finsky  : [51] Current account updated in PVS
03-29 23:03:25.678 15501 15520 I Finsky  : [51] Current account updated in PVS
03-29 23:03:25.678 15501 15520 I Finsky  : [51] Current account updated in PVS
03-29 23:03:25.678 15501 15520 I Finsky  : [51] Current account updated in PVS
03-29 23:03:25.678 15501 15520 I Finsky  : [51] Current account updated in PVS
03-29 23:03:25.682 15501 15520 I Finsky  : [51] Current account updated in PVS
03-29 23:03:25.683 15501 15533 I Finsky  : [61] AIM: Got app ownership map. App counts: . Unique apps: 0
03-29 23:03:25.683 15501 15533 E Finsky  : [61] [Counters] attempted to use a non-positive increment for: 4752
03-29 23:03:25.683 15501 15520 I Finsky  : [51] Current account updated in PVS
03-29 23:03:25.684 15501 15520 I Finsky  : [51] Current account updated in PVS
03-29 23:03:25.684 15501 15520 I Finsky  : [51] Current account updated in PVS
03-29 23:03:25.685 15501 15520 I Finsky  : [51] Current account updated in PVS
03-29 23:03:25.685 15501 15520 I Finsky  : [51] Current account updated in PVS
03-29 23:03:25.685 15501 15520 I Finsky  : [51] Current account updated in PVS
03-29 23:03:25.685 15501 15520 I Finsky  : [51] Current account updated in PVS
03-29 23:03:25.685 15501 15520 I Finsky  : [51] Current account updated in PVS
03-29 23:03:25.686 15501 15520 I Finsky  : [51] Current account updated in PVS
03-29 23:03:25.686 15501 15520 I Finsky  : [51] Current account updated in PVS
03-29 23:03:25.686 15501 15520 I Finsky  : [51] Current account updated in PVS
03-29 23:03:25.691 15501 15520 I Finsky  : [51] Current account updated in PVS
03-29 23:03:25.693 15501 15520 I Finsky  : [51] Current account updated in PVS
03-29 23:03:25.694 15501 15520 I Finsky  : [51] Current account updated in PVS
03-29 23:03:25.694 15501 15520 I Finsky  : [51] Current account updated in PVS
03-29 23:03:25.696 15501 15520 I Finsky  : [51] Current account updated in PVS
03-29 23:03:25.696 15501 15520 I Finsky  : [51] Current account updated in PVS
03-29 23:03:25.696 15501 15520 I Finsky  : [51] Current account updated in PVS
03-29 23:03:25.696 15501 15520 I Finsky  : [51] Current account updated in PVS
03-29 23:03:25.697   237   237 I lowmemorykiller: Kill 'com.android.vending:instant_app_installer' (14922), uid 10146, oom_score_adj 995 to free 47556kB rss, 56852kB swap; reason: low watermark is breached
03-29 23:03:25.697 15618 18649 I gle.android.gms: AssetManager2(0x769a6c946ab8) locale list changing from [] to [en-US]
03-29 23:03:25.699  1062  1062 D SatelliteController: packageStateChanged: package:com.weejobs.app DefaultSmsPackageName:com.google.android.apps.messaging
03-29 23:03:25.699  1062  1062 V SatelliteController: Neither SMS or SatelliteGateway package
03-29 23:03:25.707 15501 15520 I Finsky  : [51] Current account updated in PVS
03-29 23:03:25.708 15501 15520 I Finsky  : [51] Current account updated in PVS
03-29 23:03:25.710 15501 15520 I Finsky  : [51] Current account updated in PVS
03-29 23:03:25.713  1087  1132 D AlphabeticIndexCompat: computeSectionName: cs: WeeJobs sectionName: W
03-29 23:03:25.718 15501 15520 I Finsky  : [51] Current account updated in PVS
03-29 23:03:25.719  1087  1087 D AllAppsStore: setApps: apps.length=21
03-29 23:03:25.719  1087  1087 D AllAppsStore: notifyUpdate: notifying listeners
03-29 23:03:25.719  1087  1087 D ActivityAllAppsContainerView: onAppsUpdated; number of apps: 21
03-29 23:03:25.719  1087  1087 D ActivityAllAppsContainerView: rebindAdapters: force: false
03-29 23:03:25.719  1087  1087 D ActivityAllAppsContainerView: rebindAdapters: Not needed.
03-29 23:03:25.719  1087  1087 D StatsLog: LAUNCHER_ALLAPPS_COUNT
03-29 23:03:25.719  1087  1087 D AlphabeticalAppsList: Clearing FastScrollerSections.
03-29 23:03:25.719  1087  1087 D AlphabeticalAppsList: Adding apps with sections. HasPrivateApps: false
03-29 23:03:25.719  1087  1087 D AlphabeticalAppsList: addAppsWithSections: adding sectionName: C with appInfoTitle: Calendar
03-29 23:03:25.719  1087  1087 D AlphabeticalAppsList: addAppsWithSections: adding sectionName: D with appInfoTitle: Drive
03-29 23:03:25.719  1087  1087 D AlphabeticalAppsList: addAppsWithSections: adding sectionName: F with appInfoTitle: Files
03-29 23:03:25.719  1087  1087 D AlphabeticalAppsList: addAppsWithSections: adding sectionName: G with appInfoTitle: Gmail
03-29 23:03:25.719  1087  1087 D AlphabeticalAppsList: addAppsWithSections: adding sectionName: M with appInfoTitle: Maps
03-29 23:03:25.719  1087  1087 D AlphabeticalAppsList: addAppsWithSections: adding sectionName: P with appInfoTitle: Phone
03-29 23:03:25.719  1087  1087 D AlphabeticalAppsList: addAppsWithSections: adding sectionName: S with appInfoTitle: Safety
03-29 23:03:25.719  1087  1087 D AlphabeticalAppsList: addAppsWithSections: adding sectionName: T with appInfoTitle: TMoble
03-29 23:03:25.719  1087  1087 D AlphabeticalAppsList: addAppsWithSections: adding sectionName: V with appInfoTitle: Voice Access
03-29 23:03:25.719  1087  1087 D AlphabeticalAppsList: addAppsWithSections: adding sectionName: W with appInfoTitle: WeeJobs
03-29 23:03:25.719  1087  1087 D AlphabeticalAppsList: addAppsWithSections: adding sectionName: Y with appInfoTitle: YouTube
03-29 23:03:25.719  1087  1087 D AlphabeticalAppsList: Adding FastScrollSection duplicate to scroll to the bottom.
03-29 23:03:25.720 15501 15520 I Finsky  : [51] Current account updated in PVS
03-29 23:03:25.720 15501 15532 I Finsky  : [60] AIM: AppInfoManager-Perf > ItemModel > CacheSize=0, cacheHitCount=0, cacheMissCount=1, total appsWithNoServerDataCount=0. Missed  in cache (limit 10) : [com.weejobs.app]
03-29 23:03:25.725 15501 15520 I Finsky  : [51] Current account updated in PVS
03-29 23:03:25.726 15501 15520 I Finsky  : [51] Current account updated in PVS
03-29 23:03:25.726 15501 15520 I Finsky  : [51] Current account updated in PVS
03-29 23:03:25.726 15501 15520 I Finsky  : [51] Current account updated in PVS
03-29 23:03:25.726 15501 15520 I Finsky  : [51] Current account updated in PVS
03-29 23:03:25.726 15501 15520 I Finsky  : [51] Current account updated in PVS
03-29 23:03:25.727 15501 15520 I Finsky  : [51] Current account updated in PVS
03-29 23:03:25.728 15501 15520 I Finsky  : [51] Current account updated in PVS
03-29 23:03:25.728 15501 15532 I Finsky  : [60] AIM: AppInfoManager-Perf > ItemModel > ItemStore Called 1 apps cacheOptions = USE_CACHE
03-29 23:03:25.730  1087  1087 D AlphabeticalAppsList: Clearing FastScrollerSections.
03-29 23:03:25.730  1087  1087 D AlphabeticalAppsList: Adding apps with sections. HasPrivateApps: false
03-29 23:03:25.730  1087  1087 D AlphabeticalAppsList: addAppsWithSections: adding sectionName: C with appInfoTitle: Calendar
03-29 23:03:25.730  1087  1087 D AlphabeticalAppsList: addAppsWithSections: adding sectionName: D with appInfoTitle: Drive
03-29 23:03:25.730  1087  1087 D AlphabeticalAppsList: addAppsWithSections: adding sectionName: F with appInfoTitle: Files
03-29 23:03:25.730  1087  1087 D AlphabeticalAppsList: addAppsWithSections: adding sectionName: G with appInfoTitle: Gmail
03-29 23:03:25.730  1087  1087 D AlphabeticalAppsList: addAppsWithSections: adding sectionName: M with appInfoTitle: Maps
03-29 23:03:25.730  1087  1087 D AlphabeticalAppsList: addAppsWithSections: adding sectionName: P with appInfoTitle: Phone
03-29 23:03:25.730  1087  1087 D AlphabeticalAppsList: addAppsWithSections: adding sectionName: S with appInfoTitle: Safety
03-29 23:03:25.730  1087  1087 D AlphabeticalAppsList: addAppsWithSections: adding sectionName: T with appInfoTitle: TMoble
03-29 23:03:25.730  1087  1087 D AlphabeticalAppsList: addAppsWithSections: adding sectionName: V with appInfoTitle: Voice Access
03-29 23:03:25.730  1087  1087 D AlphabeticalAppsList: addAppsWithSections: adding sectionName: W with appInfoTitle: WeeJobs
03-29 23:03:25.730  1087  1087 D AlphabeticalAppsList: addAppsWithSections: adding sectionName: Y with appInfoTitle: YouTube
03-29 23:03:25.730  1087  1087 D AlphabeticalAppsList: Adding FastScrollSection duplicate to scroll to the bottom.
03-29 23:03:25.732  1062  1062 E SmsApplication: com.google.android.apps.messaging lost android:read_cell_broadcasts:  (fixing)
03-29 23:03:25.732 15501 15520 I Finsky  : [51] Current account updated in PVS
03-29 23:03:25.732 15501 15520 I Finsky  : [51] Current account updated in PVS
03-29 23:03:25.733 15501 15520 I Finsky  : [51] Current account updated in PVS
03-29 23:03:25.733 15501 15520 I Finsky  : [51] Current account updated in PVS
03-29 23:03:25.733 15501 15520 I Finsky  : [51] Current account updated in PVS
03-29 23:03:25.734 15501 15520 I Finsky  : [51] Current account updated in PVS
03-29 23:03:25.734 15501 15520 I Finsky  : [51] Current account updated in PVS
03-29 23:03:25.737   703  2019 W AppOpService: Ignored setUidMode call for runtime permission app op: uid = 10145, code = READ_CELL_BROADCASTS, mode = allow, callingUid = 1001, oldMode = allow
03-29 23:03:25.738 15501 15531 I Finsky  : [59] ItemStore: Not cached: com.weejobs.app
03-29 23:03:25.738 15501 15520 I Finsky  : [51] Current account updated in PVS
03-29 23:03:25.739  1087  1087 D BaseAllAppsAdapter: onBindViewHolder: isPrivateSpaceItem: false isStateTransitioning: false isScrolling: false readyToAnimate: false currentState: 0 currentAlpha: 1.0
03-29 23:03:25.740 15501 15521 I Finsky  : [52] Current account updated in PVS
03-29 23:03:25.740  1087  1132 W HWUI    : Image decoding logging dropped!
03-29 23:03:25.740 15501 15521 I Finsky  : [52] Current account updated in PVS
03-29 23:03:25.741 15501 15521 I Finsky  : [52] Current account updated in PVS
03-29 23:03:25.741 15501 15521 I Finsky  : [52] Current account updated in PVS
03-29 23:03:25.741 15501 15521 I Finsky  : [52] Current account updated in PVS
03-29 23:03:25.741 15501 15521 I Finsky  : [52] Current account updated in PVS
03-29 23:03:25.741 15501 15521 I Finsky  : [52] Current account updated in PVS
03-29 23:03:25.741 15501 15521 I Finsky  : [52] Current account updated in PVS
03-29 23:03:25.742 15501 15521 I Finsky  : [52] Current account updated in PVS
03-29 23:03:25.742 15501 15521 I Finsky  : [52] Current account updated in PVS
03-29 23:03:25.742 15501 15521 I Finsky  : [52] Current account updated in PVS
03-29 23:03:25.743 15501 15521 I Finsky  : [52] Current account updated in PVS
03-29 23:03:25.743 15501 15521 I Finsky  : [52] Current account updated in PVS
03-29 23:03:25.744 14801 14801 I Finsky:background: [2] Memory trim requested to level 40
03-29 23:03:25.744 15501 15521 I Finsky  : [52] Current account updated in PVS
03-29 23:03:25.745 15501 15521 I Finsky  : [52] Current account updated in PVS
03-29 23:03:25.745 15501 15521 I Finsky  : [52] Current account updated in PVS
03-29 23:03:25.746 15501 15533 E Finsky  : [61] [Counters] attempted to use a non-positive increment for: 4753
03-29 23:03:25.747  1087  1087 D BaseAllAppsAdapter: onBindViewHolder: isPrivateSpaceItem: false isStateTransitioning: false isScrolling: false readyToAnimate: false currentState: 0 currentAlpha: 1.0
03-29 23:03:25.747  1087  1087 D BaseAllAppsAdapter: onBindViewHolder: isPrivateSpaceItem: false isStateTransitioning: false isScrolling: false readyToAnimate: false currentState: 0 currentAlpha: 1.0
03-29 23:03:25.747 14801 14840 I Finsky:background: [49] Current account updated in PVS
03-29 23:03:25.747  1087  1087 D BaseAllAppsAdapter: onBindViewHolder: isPrivateSpaceItem: false isStateTransitioning: false isScrolling: false readyToAnimate: false currentState: 0 currentAlpha: 1.0
03-29 23:03:25.747  1087  1087 D BaseAllAppsAdapter: onBindViewHolder: isPrivateSpaceItem: false isStateTransitioning: false isScrolling: false readyToAnimate: false currentState: 0 currentAlpha: 1.0
03-29 23:03:25.748  1087  1087 D BaseAllAppsAdapter: onBindViewHolder: isPrivateSpaceItem: false isStateTransitioning: false isScrolling: false readyToAnimate: false currentState: 0 currentAlpha: 1.0
03-29 23:03:25.748  1087  1087 D BaseAllAppsAdapter: onBindViewHolder: isPrivateSpaceItem: false isStateTransitioning: false isScrolling: false readyToAnimate: false currentState: 0 currentAlpha: 1.0
03-29 23:03:25.748  1087  1087 D BaseAllAppsAdapter: onBindViewHolder: isPrivateSpaceItem: false isStateTransitioning: false isScrolling: false readyToAnimate: false currentState: 0 currentAlpha: 1.0
03-29 23:03:25.748  1087  1087 D BaseAllAppsAdapter: onBindViewHolder: isPrivateSpaceItem: false isStateTransitioning: false isScrolling: false readyToAnimate: false currentState: 0 currentAlpha: 1.0
03-29 23:03:25.748  1087  1087 D BaseAllAppsAdapter: onBindViewHolder: isPrivateSpaceItem: false isStateTransitioning: false isScrolling: false readyToAnimate: false currentState: 0 currentAlpha: 1.0
03-29 23:03:25.748  1087  1087 D BaseAllAppsAdapter: onBindViewHolder: isPrivateSpaceItem: false isStateTransitioning: false isScrolling: false readyToAnimate: false currentState: 0 currentAlpha: 1.0
03-29 23:03:25.748  1087  1087 D BaseAllAppsAdapter: onBindViewHolder: isPrivateSpaceItem: false isStateTransitioning: false isScrolling: false readyToAnimate: false currentState: 0 currentAlpha: 1.0
03-29 23:03:25.748  1087  1087 D BaseAllAppsAdapter: onBindViewHolder: isPrivateSpaceItem: false isStateTransitioning: false isScrolling: false readyToAnimate: false currentState: 0 currentAlpha: 1.0
03-29 23:03:25.748 15501 15521 I Finsky  : [52] Current account updated in PVS
03-29 23:03:25.748  1087  1087 D BaseAllAppsAdapter: onBindViewHolder: isPrivateSpaceItem: false isStateTransitioning: false isScrolling: false readyToAnimate: false currentState: 0 currentAlpha: 1.0
03-29 23:03:25.748  1087  1087 D BaseAllAppsAdapter: onBindViewHolder: isPrivateSpaceItem: false isStateTransitioning: false isScrolling: false readyToAnimate: false currentState: 0 currentAlpha: 1.0
03-29 23:03:25.748 15501 15521 I Finsky  : [52] Current account updated in PVS
03-29 23:03:25.748  1087  1087 D BaseAllAppsAdapter: onBindViewHolder: isPrivateSpaceItem: false isStateTransitioning: false isScrolling: false readyToAnimate: false currentState: 0 currentAlpha: 1.0
03-29 23:03:25.748  1087  1087 D BaseAllAppsAdapter: onBindViewHolder: isPrivateSpaceItem: false isStateTransitioning: false isScrolling: false readyToAnimate: false currentState: 0 currentAlpha: 1.0
03-29 23:03:25.757  1087  1087 D BaseAllAppsAdapter: onBindViewHolder: isPrivateSpaceItem: false isStateTransitioning: false isScrolling: false readyToAnimate: false currentState: 0 currentAlpha: 1.0
03-29 23:03:25.757  1087  1087 D BaseAllAppsAdapter: onBindViewHolder: isPrivateSpaceItem: false isStateTransitioning: false isScrolling: false readyToAnimate: false currentState: 0 currentAlpha: 1.0
03-29 23:03:25.757 15501 15532 I Finsky  : [60] AIM: ItemModel fetch - unauth(1), auth()
03-29 23:03:25.757  1087  1087 D BaseAllAppsAdapter: onBindViewHolder: isPrivateSpaceItem: false isStateTransitioning: false isScrolling: false readyToAnimate: false currentState: 0 currentAlpha: 1.0
03-29 23:03:25.758  1087  1087 D BaseAllAppsAdapter: onBindViewHolder: isPrivateSpaceItem: false isStateTransitioning: false isScrolling: false readyToAnimate: false currentState: 0 currentAlpha: 1.0
03-29 23:03:25.760 15501 15524 I Finsky  : [55] Current account updated in PVS
03-29 23:03:25.763 15501 15524 I Finsky  : [55] Current account updated in PVS
03-29 23:03:25.763 15501 15524 I Finsky  : [55] Current account updated in PVS
03-29 23:03:25.763 15501 15524 I Finsky  : [55] Current account updated in PVS
03-29 23:03:25.764 15501 15524 I Finsky  : [55] Current account updated in PVS
03-29 23:03:25.764 15501 15524 I Finsky  : [55] Current account updated in PVS
03-29 23:03:25.764 15501 15524 I Finsky  : [55] Current account updated in PVS
03-29 23:03:25.764 15501 15524 I Finsky  : [55] Current account updated in PVS
03-29 23:03:25.764 15501 15524 I Finsky  : [55] Current account updated in PVS
03-29 23:03:25.764 15501 15524 I Finsky  : [55] Current account updated in PVS
03-29 23:03:25.770   703  1303 W AppOpService: Ignored setUidMode call for runtime permission app op: uid = 1001, code = READ_SMS, mode = allow, callingUid = 1001, oldMode = allow
03-29 23:03:25.791   949  1163 I ndroid.systemui: AssetManager2(0x769a6c97c938) locale list changing from [] to [en-US]
03-29 23:03:25.792 15501 15524 I Finsky  : [55] Current account updated in PVS
03-29 23:03:25.794   237   237 I lowmemorykiller: Kill 'android.process.acore' (4786), uid 10095, oom_score_adj 985 to free 47616kB rss, 40868kB swap; reason: low watermark is breached
03-29 23:03:25.796   703  1927 W AppOpService: Ignored setUidMode call for runtime permission app op: uid = 1001, code = RECEIVE_SMS, mode = allow, callingUid = 1001, oldMode = allow
03-29 23:03:25.797 15501 15524 I Finsky  : [55] Current account updated in PVS
03-29 23:03:25.797 15501 15524 I Finsky  : [55] Current account updated in PVS
03-29 23:03:25.797 15501 15524 I Finsky  : [55] Current account updated in PVS
03-29 23:03:25.798 15501 15524 I Finsky  : [55] Current account updated in PVS
03-29 23:03:25.804   703  2022 W AppOpService: Ignored setUidMode call for runtime permission app op: uid = 1001, code = RECEIVE_WAP_PUSH, mode = allow, callingUid = 1001, oldMode = allow
03-29 23:03:25.812 15501 15524 I Finsky  : [55] Current account updated in PVS
03-29 23:03:25.813   703  2022 W AppOpService: Ignored setUidMode call for runtime permission app op: uid = 1001, code = SEND_SMS, mode = allow, callingUid = 1001, oldMode = allow
03-29 23:03:25.825   703   829 D CompatChangeReporter: Compat change id reported: 377864165; UID 10220; state: ENABLED
03-29 23:03:25.827   703   772 W AppOpService: Ignored setUidMode call for runtime permission app op: uid = 1001, code = READ_CELL_BROADCASTS, mode = allow, callingUid = 1001, oldMode = allow
03-29 23:03:25.827  1062  1062 D SatelliteAccessController: Current default SMS app:ComponentInfo{com.google.android.apps.messaging/com.google.android.apps.messaging.shared.receiver.SmsDeliverReceiver}
03-29 23:03:25.827  1062  1062 D SatelliteController: getSelectedSatelliteSubId: subId=-1
03-29 23:03:25.829 15501 15521 I Finsky  : [52] WM::SCH: Logging work initialize for 37-12
03-29 23:03:25.830  1062  1062 D SatelliteAccessController: supportedMsgApps:com.google.android.apps.messaging
03-29 23:03:25.835   703  1015 I ActivityTaskManager: START u0 {flg=0x10000000 xflg=0x5 cmp=com.weejobs.app/.MainActivity} with LAUNCH_SINGLE_TASK from uid 2000 (BAL_ALLOW_PERMISSION) result code=0
03-29 23:03:25.836   949  1036 V WindowManagerShell: Transition requested (#41): android.os.BinderProxy@8c8128c TransitionRequestInfo { type = OPEN, triggerTask = TaskInfo{userId=0 taskId=19 effectiveUid=10220 displayId=0 isRunning=true baseIntent=Intent { flg=0x10000000 cmp=com.weejobs.app/.MainActivity } baseActivity=ComponentInfo{com.weejobs.app/com.weejobs.app.MainActivity} topActivity=ComponentInfo{com.weejobs.app/com.weejobs.app.MainActivity} origActivity=null realActivity=ComponentInfo{com.weejobs.app/com.weejobs.app.MainActivity} numActivities=1 lastActiveTime=29535148 supportsMultiWindow=true resizeMode=1 isResizeable=true minWidth=-1 minHeight=-1 defaultMinSize=220 token=WCT{android.window.IWindowContainerToken$Stub$Proxy@71ebdd5} topActivityType=1 pictureInPictureParams=null shouldDockBigOverlays=false launchIntoPipHostTaskId=-1 lastParentTaskIdBeforePip=-1 displayCutoutSafeInsets=Rect(0, 0 - 0, 0) topActivityInfo=ActivityInfo{dabe9ea com.weejobs.app.MainActivity} launchCookies=[] positionInParent=Point(0, 0) parentTaskId=-1 isFocused=false isVisible=false isVisibleRequested=false isTopActivityNoDisplay=false isSleeping=false locusId=null displayAreaFeatureId=1 isTopActivityTransparent=false isActivityStackTransparent=false lastNonFullscreenBounds=Rect(269, 600 - 812, 1680) capturedLink=null capturedLinkTimestamp=0 requestedVisibleTypes=-9 topActivityRequestOpenInBrowserEducationTimestamp=0 appCompatTaskInfo=AppCompatTaskInfo { topActivityInSizeCompat=false eligibleForLetterboxEducation= false isLetterboxEducationEnabled= true isLetterboxDoubleTapEnabled= false eligibleForUserAspectRatioButton= false topActivityBoundsLetterboxed= false isFromLetterboxDoubleTap= false topActivityLetterboxVerticalPosition= -1 topActivityLetterboxHorizontalPosition= -1 topActivityLetterboxWidth=-1 topActivityLetterboxHeight=-1 topActivityAppBounds=Rect(0, 0 - 1080, 2280) isUserFullscreenOverrideEnabled=false isSystemFullscreenOverrideEnabled=false hasMinAspectRatioOverride=false topActivityLetterboxBounds=null cameraCompatTaskInfo=CameraCompatTaskInfo { freeformCameraCompatMode=inactive}} topActivityMainWindowFrame=null}, pipChange = null, remoteTransition = null, displayChange = null, flags = 0, debugId = 41 }
03-29 23:03:25.840 15501 15522 I Finsky  : [53] Current account updated in PVS
03-29 23:03:25.840   949  1036 D ShellSplitScreen: logExit: no-op, mLoggerSessionId is null
03-29 23:03:25.846 15501 15522 I Finsky  : [53] Current account updated in PVS
03-29 23:03:25.846 15501 15522 I Finsky  : [53] Current account updated in PVS
03-29 23:03:25.846 15501 15521 I Finsky  : [52] Current account updated in PVS
03-29 23:03:25.846 15501 15521 I Finsky  : [52] Current account updated in PVS
03-29 23:03:25.848 15501 15521 I Finsky  : [52] Current account updated in PVS
03-29 23:03:25.850 15501 15521 I Finsky  : [52] Current account updated in PVS
03-29 23:03:25.850 15501 15521 I Finsky  : [52] Current account updated in PVS
03-29 23:03:25.855   703   800 D ActivityManager: freezing 18800 com.android.chrome
03-29 23:03:25.858 15501 15521 I Finsky  : [52] Current account updated in PVS
03-29 23:03:25.859  1087  1132 D AlphabeticIndexCompat: computeSectionName: cs: Settings sectionName: S
03-29 23:03:25.859  1087  1132 D AlphabeticIndexCompat: computeSectionName: cs: Photos sectionName: P
03-29 23:03:25.859  1087  1132 D AlphabeticIndexCompat: computeSectionName: cs: Battery sectionName: B
03-29 23:03:25.860  1087  1132 D AlphabeticIndexCompat: computeSectionName: cs: Chrome sectionName: C
03-29 23:03:25.860  1087  1132 D AlphabeticIndexCompat: computeSectionName: cs: Gmail sectionName: G
03-29 23:03:25.861  1087  1132 D AlphabeticIndexCompat: computeSectionName: cs: Drive sectionName: D
03-29 23:03:25.861  1087  1132 D AlphabeticIndexCompat: computeSectionName: cs: Clock sectionName: C
03-29 23:03:25.861 15501 15521 I Finsky  : [52] Current account updated in PVS
03-29 23:03:25.862 15501 15521 I Finsky  : [52] Current account updated in PVS
03-29 23:03:25.862  1087  1132 D AlphabeticIndexCompat: computeSectionName: cs: Contacts sectionName: C
03-29 23:03:25.862 15501 15521 I Finsky  : [52] Current account updated in PVS
03-29 23:03:25.862 15501 15521 I Finsky  : [52] Current account updated in PVS
03-29 23:03:25.862  1087  1132 D AlphabeticIndexCompat: computeSectionName: cs: Calendar sectionName: C
03-29 23:03:25.862  1087  1132 D AlphabeticIndexCompat: computeSectionName: cs: Maps sectionName: M
03-29 23:03:25.862  1087  1132 D AlphabeticIndexCompat: computeSectionName: cs: YouTube Music sectionName: Y
03-29 23:03:25.863  1087  1132 D AlphabeticIndexCompat: computeSectionName: cs: YouTube sectionName: Y
03-29 23:03:25.864 15501 15521 I Finsky  : [52] Current account updated in PVS
03-29 23:03:25.865  1087  1132 D AlphabeticIndexCompat: computeSectionName: cs: Google sectionName: G
03-29 23:03:25.866  1087  1132 D AlphabeticIndexCompat: computeSectionName: cs: Android System Intelligence sectionName: A
03-29 23:03:25.866  1087  1132 D AlphabeticIndexCompat: computeSectionName: cs: Digital Wellbeing sectionName: D
03-29 23:03:25.866  1087  1132 D AlphabeticIndexCompat: computeSectionName: cs: Conversations sectionName: C
03-29 23:03:25.866 15501 15521 I Finsky  : [52] Current account updated in PVS
03-29 23:03:25.867 15501 15521 I Finsky  : [52] Current account updated in PVS
03-29 23:03:25.867 15501 15521 I Finsky  : [52] Current account updated in PVS
03-29 23:03:25.867 15501 15521 I Finsky  : [52] Current account updated in PVS
03-29 23:03:25.868 15501 15521 I Finsky  : [52] Current account updated in PVS
03-29 23:03:25.870 15501 15521 I Finsky  : [52] Current account updated in PVS
03-29 23:03:25.870 15501 15521 I Finsky  : [52] Current account updated in PVS
03-29 23:03:25.870 15501 15521 I Finsky  : [52] Current account updated in PVS
03-29 23:03:25.870 15501 15521 I Finsky  : [52] Current account updated in PVS
03-29 23:03:25.870 15501 15521 I Finsky  : [52] Current account updated in PVS
