04-03 23:02:15.274 18964 18974 W GLSUser : 	at amch.b(:com.google.android.gms@261133038@26.11.33 (260800-887465546):439)
04-03 23:02:15.274 18964 18974 W GLSUser : 	at amcf.a(:com.google.android.gms@261133038@26.11.33 (260800-887465546):67)
04-03 23:02:15.274 18964 18974 W GLSUser : 	at amcf.dispatchTransaction(:com.google.android.gms@261133038@26.11.33 (260800-887465546):16)
04-03 23:02:15.274 18964 18974 W GLSUser : 	at bzjc.a(:com.google.android.gms@261133038@26.11.33 (260800-887465546):72)
04-03 23:02:15.274 18964 18974 W GLSUser : 	at zrc.onTransact(:com.google.android.gms@261133038@26.11.33 (260800-887465546):23)
04-03 23:02:15.274 18964 18974 W GLSUser : 	at android.os.Binder.transact(Binder.java:1325)
04-03 23:02:15.274 18964 18974 W GLSUser : 	at cmkj.onTransact(:com.google.android.gms@261133038@26.11.33 (260800-887465546):10)
04-03 23:02:15.274 18964 18974 W GLSUser : 	at android.os.Binder.transact(Binder.java:1325)
04-03 23:02:15.274 18964 18974 W GLSUser : 	at bzjq.onTransact(:com.google.android.gms@261133038@26.11.33 (260800-887465546):161)
04-03 23:02:15.274 18964 18974 W GLSUser : 	at android.os.Binder.execTransactInternal(Binder.java:1473)
04-03 23:02:15.274 18964 18974 W GLSUser : 	at android.os.Binder.execTransact(Binder.java:1418)
04-03 23:02:15.274 18964 18974 W GLSUser : Caused by: cwpz: Parsing Exception
04-03 23:02:15.274 18964 18974 W GLSUser : 	at cwre.a(:com.google.android.gms@261133038@26.11.33 (260800-887465546):15)
04-03 23:02:15.274 18964 18974 W GLSUser : 	at hgjd.run(:com.google.android.gms@261133038@26.11.33 (260800-887465546):47)
04-03 23:02:15.274 18964 18974 W GLSUser : 	at bikh.c(:com.google.android.gms@261133038@26.11.33 (260800-887465546):50)
04-03 23:02:15.274 18964 18974 W GLSUser : 	at bikh.run(:com.google.android.gms@261133038@26.11.33 (260800-887465546):73)
04-03 23:02:15.274 18964 18974 W GLSUser : 	at java.util.concurrent.ThreadPoolExecutor.runWorker(ThreadPoolExecutor.java:1154)
04-03 23:02:15.274 18964 18974 W GLSUser : 	at java.util.concurrent.ThreadPoolExecutor$Worker.run(ThreadPoolExecutor.java:652)
04-03 23:02:15.274 18964 18974 W GLSUser : 	at bipy.run(:com.google.android.gms@261133038@26.11.33 (260800-887465546):8)
04-03 23:02:15.274 18964 18974 W GLSUser : 	at java.lang.Thread.run(Thread.java:1563)
04-03 23:02:15.274 18964 18974 W GLSUser : Caused by: iqel: Protocol message end-group tag did not match expected tag.
04-03 23:02:15.274 18964 18974 W GLSUser : 	at iqgm.a(:com.google.android.gms@261133038@26.11.33 (260800-887465546):62)
04-03 23:02:15.274 18964 18974 W GLSUser : 	at iqfj.l(:com.google.android.gms@261133038@26.11.33 (260800-887465546):60)
04-03 23:02:15.274 18964 18974 W GLSUser : 	at iqdk.s(:com.google.android.gms@261133038@26.11.33 (260800-887465546):19)
04-03 23:02:15.274 18964 18974 W GLSUser : 	at iqbe.f(:com.google.android.gms@261133038@26.11.33 (260800-887465546):5)
04-03 23:02:15.274 18964 18974 W GLSUser : 	at iqbe.c(:com.google.android.gms@261133038@26.11.33 (260800-887465546):1)
04-03 23:02:15.274 18964 18974 W GLSUser : 	at iqbe.o(:com.google.android.gms@261133038@26.11.33 (260800-887465546):1)
04-03 23:02:15.274 18964 18974 W GLSUser : 	at cwrd.a(:com.google.android.gms@261133038@26.11.33 (260800-887465546):15)
04-03 23:02:15.274 18964 18974 W GLSUser : 	at cwri.call(:com.google.android.gms@261133038@26.11.33 (260800-887465546):8)
04-03 23:02:15.274 18964 18974 W GLSUser : 	at java.util.concurrent.FutureTask.run(FutureTask.java:317)
04-03 23:02:15.274 18964 18974 W GLSUser : 	... 6 more
04-03 23:02:15.279 18964 18974 W GLSUser : [DeviceKeyStore] Cannot load key: Device key file not found.
04-03 23:02:15.279 18964 19014 I ActivityScheduler: nextTriggerTime: 185126730, in 238100ms, detectorType: 39, FULL_TYPE alarmWindowMillis: 80000
04-03 23:02:15.523 18964 19373 I cn_CronetUrlRequestContext: destroyNativeStreamLocked org.chromium.net.impl.CronetBidirectionalStream@2985753
04-03 23:02:15.532 18964 19608 W GmsWeatherProviderContr: Failed to fetch weather tile
04-03 23:02:15.532 18964 19608 W GmsWeatherProviderContr: jmqc: INVALID_ARGUMENT: Application credential header not valid. Please fix the client to pass a valid application credential header.
04-03 23:02:15.532 18964 19608 W GmsWeatherProviderContr: 	at gnme.b(:com.google.android.gms@261133038@26.11.33 (260800-887465546):51)
04-03 23:02:15.532 18964 19608 W GmsWeatherProviderContr: 	at gook.g(:com.google.android.gms@261133038@26.11.33 (260800-887465546):15)
04-03 23:02:15.532 18964 19608 W GmsWeatherProviderContr: 	at goog.run(:com.google.android.gms@261133038@26.11.33 (260800-887465546):163)
04-03 23:02:15.532 18964 19608 W GmsWeatherProviderContr: 	at bikh.c(:com.google.android.gms@261133038@26.11.33 (260800-887465546):50)
04-03 23:02:15.532 18964 19608 W GmsWeatherProviderContr: 	at bikh.run(:com.google.android.gms@261133038@26.11.33 (260800-887465546):73)
04-03 23:02:15.532 18964 19608 W GmsWeatherProviderContr: 	at java.util.concurrent.ThreadPoolExecutor.runWorker(ThreadPoolExecutor.java:1154)
04-03 23:02:15.532 18964 19608 W GmsWeatherProviderContr: 	at java.util.concurrent.ThreadPoolExecutor$Worker.run(ThreadPoolExecutor.java:652)
04-03 23:02:15.532 18964 19608 W GmsWeatherProviderContr: 	at bipy.run(:com.google.android.gms@261133038@26.11.33 (260800-887465546):8)
04-03 23:02:15.532 18964 19608 W GmsWeatherProviderContr: 	at java.lang.Thread.run(Thread.java:1563)
04-03 23:02:16.103   819  1796 W AppOps  : Noting op not finished: uid 10155 pkg com.google.android.gms code 113 startTime of in progress event=1775271430710
04-03 23:02:17.299   819   972 I HalDevMgr: bestIfaceCreationProposal is null, requestIface=STA, existingIface=[name=wlan0 type=STA]
04-03 23:02:17.456  1247  1383 D SatelliteController: iisInCarrierRoamingNbIotNtn: satellite is disabled
04-03 23:02:17.457  1247  1383 D SatelliteController: getCarrierRoamingNtnConnectType: Falling back to global carrier config connect type: 0
04-03 23:02:19.147 18964 18964 D BoundBrokerSvc: onUnbind: Intent { act=com.google.android.gms.common.telemetry.service.START dat=chimera-action:/... xflg=0x4 cmp=com.google.android.gms/.chimera.PersistentApiService }
04-03 23:02:19.352 28135 28135 W libbinder.BackendUnifiedServiceManager: Thread Pool max thread count is 0. Cannot cache binder as linkToDeath cannot be implemented. serviceName: package
04-03 23:02:19.727  2841  2844 I artd    : GetBestInfo: odex next to the dex file (/data/app/~~l86ooHn3z7zjJPmRwuVyKA==/com.google.android.gms-mjvtrlLEHAA3R1GV5L8qqg==/oat/x86_64/base.odex) is kOatUpToDate with filter 'speed-profile' executable 'false'
04-03 23:02:19.743  2841 18604 I artd    : GetBestInfo: odex next to the dex file (/data/app/~~l86ooHn3z7zjJPmRwuVyKA==/com.google.android.gms-mjvtrlLEHAA3R1GV5L8qqg==/oat/x86_64/split_AdsDynamite_installtime.odex) is kOatUpToDate with filter 'speed' executable 'false'
04-03 23:02:19.747  2841 18604 I artd    : GetBestInfo: odex next to the dex file (/data/app/~~l86ooHn3z7zjJPmRwuVyKA==/com.google.android.gms-mjvtrlLEHAA3R1GV5L8qqg==/oat/x86_64/split_CronetDynamite_installtime.odex) is kOatUpToDate with filter 'speed' executable 'false'
04-03 23:02:19.749  2841 18604 I artd    : GetBestInfo: odex next to the dex file (/data/app/~~l86ooHn3z7zjJPmRwuVyKA==/com.google.android.gms-mjvtrlLEHAA3R1GV5L8qqg==/oat/x86_64/split_DynamiteLoader_installtime.odex) is kOatUpToDate with filter 'speed' executable 'false'
04-03 23:02:19.753  2841 18604 I artd    : GetBestInfo: odex next to the dex file (/data/app/~~l86ooHn3z7zjJPmRwuVyKA==/com.google.android.gms-mjvtrlLEHAA3R1GV5L8qqg==/oat/x86_64/split_DynamiteModulesA_installtime.odex) is kOatUpToDate with filter 'speed' executable 'false'
04-03 23:02:19.755  2841 18604 I artd    : GetBestInfo: odex next to the dex file (/data/app/~~l86ooHn3z7zjJPmRwuVyKA==/com.google.android.gms-mjvtrlLEHAA3R1GV5L8qqg==/oat/x86_64/split_DynamiteModulesC_installtime.odex) is kOatUpToDate with filter 'speed' executable 'false'
04-03 23:02:19.760  2841 18604 I artd    : GetBestInfo: odex next to the dex file (/data/app/~~l86ooHn3z7zjJPmRwuVyKA==/com.google.android.gms-mjvtrlLEHAA3R1GV5L8qqg==/oat/x86_64/split_GoogleCertificates_installtime.odex) is kOatUpToDate with filter 'speed' executable 'false'
04-03 23:02:19.764  2841 18604 I artd    : GetBestInfo: odex next to the dex file (/data/app/~~l86ooHn3z7zjJPmRwuVyKA==/com.google.android.gms-mjvtrlLEHAA3R1GV5L8qqg==/oat/x86_64/split_MapsDynamite_installtime.odex) is kOatUpToDate with filter 'speed' executable 'false'
04-03 23:02:19.768  2841 18604 I artd    : GetBestInfo: odex next to the dex file (/data/app/~~l86ooHn3z7zjJPmRwuVyKA==/com.google.android.gms-mjvtrlLEHAA3R1GV5L8qqg==/oat/x86_64/split_MeasurementDynamite_installtime.odex) is kOatUpToDate with filter 'speed' executable 'false'
04-03 23:02:19.771  2841 18604 I artd    : GetBestInfo: /data/user_de/0/com.google.android.gms/app_chimera/m/0000000d/dl-PlayCloudSearch.optional_253434100000.apk has no usable artifacts
04-03 23:02:19.776  2841 18604 I artd    : GetBestInfo: /data/user_de/0/com.google.android.gms/app_chimera/m/0000000c/dl-MlkitBarcodeUi.optional_253434100800.apk has no usable artifacts
04-03 23:02:19.778  2841 18604 I artd    : GetBestInfo: /data/user_de/0/com.google.android.gms/app_chimera/m/00000001/CronetDynamite.apk has no usable artifacts
04-03 23:02:19.780  2841 18604 I artd    : GetBestInfo: /data/user_de/0/com.google.android.gms/app_chimera/m/00000016/dl-MlkitOcrCommon.optional_261133100800.apk has no usable artifacts
04-03 23:02:19.783  2841 18604 I artd    : GetBestInfo: /data/user_de/0/com.google.android.gms/app_chimera/m/0000000e/dl-VisionOcr.optional_253434100000.apk has no usable artifacts
04-03 23:02:19.786  2841 18604 I artd    : GetBestInfo: /data/user_de/0/com.google.android.gms/app_chimera/m/00000002/DynamiteLoader.apk has no usable artifacts
04-03 23:02:19.787  2841 18604 I artd    : GetBestInfo: /data/user_de/0/com.google.android.gms/app_chimera/m/00000005/GoogleCertificates.apk has no usable artifacts
04-03 23:02:19.788  2841 18604 I artd    : GetBestInfo: /data/user_de/0/com.google.android.gms/app_chimera/m/00000012/dl-Appsearch.optional_261133100800.apk has no usable artifacts
04-03 23:02:19.791  2841 18604 I artd    : GetBestInfo: /data/user_de/0/com.google.android.gms/app_chimera/m/00000011/dl-PlayCloudSearch.optional_261133100000.apk has no usable artifacts
04-03 23:02:19.795  2841 18604 I artd    : GetBestInfo: /data/user_de/0/com.google.android.gms/app_chimera/m/00000015/dl-MlkitBarcodeUi.optional_261133100800.apk has no usable artifacts
04-03 23:02:19.799  2841 18604 I artd    : GetBestInfo: /data/user_de/0/com.google.android.gms/app_chimera/m/0000000a/dl-Appsearch.optional_253434100800.apk has no usable artifacts
04-03 23:02:19.802  2841 18604 I artd    : GetBestInfo: /data/user_de/0/com.google.android.gms/app_chimera/m/00000008/dl-TfliteDynamiteDynamite.integ_252130102100800.apk has no usable artifacts
04-03 23:02:19.806  2841 18604 I artd    : GetBestInfo: /data/user_de/0/com.google.android.gms/app_chimera/m/0000000f/dl-MlkitOcrCommon.optional_253434100800.apk has no usable artifacts
04-03 23:02:19.811  2841 18604 I artd    : GetBestInfo: /data/user_de/0/com.google.android.gms/app_chimera/m/00000010/dl-VisionOcr.optional_261133100000.apk has no usable artifacts
04-03 23:02:19.817  2841 18604 I artd    : GetBestInfo: vdex next to the dex file (/data/user/0/com.google.android.gms/app_dg_cache/BB2AE5A47BB198AF36C19CFD2B6407061A1BAF30/oat/x86_64/the.vdex) is kOatUpToDate with filter 'verify' executable 'false'
04-03 23:02:19.819  2841 18604 I artd    : GetBestInfo: /data/user_de/0/com.google.android.gms/app_chimera/m/00000007/MeasurementDynamite.apk has no usable artifacts
04-03 23:02:20.309   819   972 I HalDevMgr: bestIfaceCreationProposal is null, requestIface=STA, existingIface=[name=wlan0 type=STA]
04-03 23:02:23.319   819   972 I HalDevMgr: bestIfaceCreationProposal is null, requestIface=STA, existingIface=[name=wlan0 type=STA]
04-03 23:02:26.331   819   972 I HalDevMgr: bestIfaceCreationProposal is null, requestIface=STA, existingIface=[name=wlan0 type=STA]
04-03 23:02:27.456  1247  1383 D SatelliteController: iisInCarrierRoamingNbIotNtn: satellite is disabled
04-03 23:02:27.457  1247  1383 D SatelliteController: getCarrierRoamingNtnConnectType: Falling back to global carrier config connect type: 0
04-03 23:02:29.327 14989 14989 D BoundBrokerSvc: onUnbind: Intent { act=com.google.android.gms.auth.service.START xflg=0x4 pkg=com.google.android.gms }
04-03 23:02:29.344   819   972 I HalDevMgr: bestIfaceCreationProposal is null, requestIface=STA, existingIface=[name=wlan0 type=STA]
04-03 23:02:29.354 28138 28138 W libbinder.BackendUnifiedServiceManager: Thread Pool max thread count is 0. Cannot cache binder as linkToDeath cannot be implemented. serviceName: package
04-03 23:02:29.697  2841 18604 I artd    : GetBestInfo: odex next to the dex file (/data/app/~~l86ooHn3z7zjJPmRwuVyKA==/com.google.android.gms-mjvtrlLEHAA3R1GV5L8qqg==/oat/x86_64/base.odex) is kOatUpToDate with filter 'speed-profile' executable 'false'
04-03 23:02:29.705  2841 18604 I artd    : GetBestInfo: odex next to the dex file (/data/app/~~l86ooHn3z7zjJPmRwuVyKA==/com.google.android.gms-mjvtrlLEHAA3R1GV5L8qqg==/oat/x86_64/split_AdsDynamite_installtime.odex) is kOatUpToDate with filter 'speed' executable 'false'
04-03 23:02:29.706  2841 18604 I artd    : GetBestInfo: odex next to the dex file (/data/app/~~l86ooHn3z7zjJPmRwuVyKA==/com.google.android.gms-mjvtrlLEHAA3R1GV5L8qqg==/oat/x86_64/split_CronetDynamite_installtime.odex) is kOatUpToDate with filter 'speed' executable 'false'
04-03 23:02:29.710  2841 18604 I artd    : GetBestInfo: odex next to the dex file (/data/app/~~l86ooHn3z7zjJPmRwuVyKA==/com.google.android.gms-mjvtrlLEHAA3R1GV5L8qqg==/oat/x86_64/split_DynamiteLoader_installtime.odex) is kOatUpToDate with filter 'speed' executable 'false'
04-03 23:02:29.714  2841 18604 I artd    : GetBestInfo: odex next to the dex file (/data/app/~~l86ooHn3z7zjJPmRwuVyKA==/com.google.android.gms-mjvtrlLEHAA3R1GV5L8qqg==/oat/x86_64/split_DynamiteModulesA_installtime.odex) is kOatUpToDate with filter 'speed' executable 'false'
04-03 23:02:29.717  2841 18604 I artd    : GetBestInfo: odex next to the dex file (/data/app/~~l86ooHn3z7zjJPmRwuVyKA==/com.google.android.gms-mjvtrlLEHAA3R1GV5L8qqg==/oat/x86_64/split_DynamiteModulesC_installtime.odex) is kOatUpToDate with filter 'speed' executable 'false'
04-03 23:02:29.719  2841 18604 I artd    : GetBestInfo: odex next to the dex file (/data/app/~~l86ooHn3z7zjJPmRwuVyKA==/com.google.android.gms-mjvtrlLEHAA3R1GV5L8qqg==/oat/x86_64/split_GoogleCertificates_installtime.odex) is kOatUpToDate with filter 'speed' executable 'false'
04-03 23:02:29.720  2841 18604 I artd    : GetBestInfo: odex next to the dex file (/data/app/~~l86ooHn3z7zjJPmRwuVyKA==/com.google.android.gms-mjvtrlLEHAA3R1GV5L8qqg==/oat/x86_64/split_MapsDynamite_installtime.odex) is kOatUpToDate with filter 'speed' executable 'false'
04-03 23:02:29.724  2841 18604 I artd    : GetBestInfo: odex next to the dex file (/data/app/~~l86ooHn3z7zjJPmRwuVyKA==/com.google.android.gms-mjvtrlLEHAA3R1GV5L8qqg==/oat/x86_64/split_MeasurementDynamite_installtime.odex) is kOatUpToDate with filter 'speed' executable 'false'
04-03 23:02:29.725  2841 18604 I artd    : GetBestInfo: /data/user_de/0/com.google.android.gms/app_chimera/m/0000000d/dl-PlayCloudSearch.optional_253434100000.apk has no usable artifacts
04-03 23:02:29.731  2841 18604 I artd    : GetBestInfo: /data/user_de/0/com.google.android.gms/app_chimera/m/0000000c/dl-MlkitBarcodeUi.optional_253434100800.apk has no usable artifacts
04-03 23:02:29.732  2841 18604 I artd    : GetBestInfo: /data/user_de/0/com.google.android.gms/app_chimera/m/00000001/CronetDynamite.apk has no usable artifacts
04-03 23:02:29.735  2841 18604 I artd    : GetBestInfo: /data/user_de/0/com.google.android.gms/app_chimera/m/00000016/dl-MlkitOcrCommon.optional_261133100800.apk has no usable artifacts
04-03 23:02:29.739  2841 18604 I artd    : GetBestInfo: /data/user_de/0/com.google.android.gms/app_chimera/m/0000000e/dl-VisionOcr.optional_253434100000.apk has no usable artifacts
04-03 23:02:29.741  2841 18604 I artd    : GetBestInfo: /data/user_de/0/com.google.android.gms/app_chimera/m/00000002/DynamiteLoader.apk has no usable artifacts
04-03 23:02:29.742  2841 18604 I artd    : GetBestInfo: /data/user_de/0/com.google.android.gms/app_chimera/m/00000005/GoogleCertificates.apk has no usable artifacts
04-03 23:02:29.745  2841 18604 I artd    : GetBestInfo: /data/user_de/0/com.google.android.gms/app_chimera/m/00000012/dl-Appsearch.optional_261133100800.apk has no usable artifacts
04-03 23:02:29.748  2841 18604 I artd    : GetBestInfo: /data/user_de/0/com.google.android.gms/app_chimera/m/00000011/dl-PlayCloudSearch.optional_261133100000.apk has no usable artifacts
04-03 23:02:29.752  2841 18604 I artd    : GetBestInfo: /data/user_de/0/com.google.android.gms/app_chimera/m/00000015/dl-MlkitBarcodeUi.optional_261133100800.apk has no usable artifacts
04-03 23:02:29.756  2841 18604 I artd    : GetBestInfo: /data/user_de/0/com.google.android.gms/app_chimera/m/0000000a/dl-Appsearch.optional_253434100800.apk has no usable artifacts
04-03 23:02:29.760  2841 18604 I artd    : GetBestInfo: /data/user_de/0/com.google.android.gms/app_chimera/m/00000008/dl-TfliteDynamiteDynamite.integ_252130102100800.apk has no usable artifacts
04-03 23:02:29.764  2841 18604 I artd    : GetBestInfo: /data/user_de/0/com.google.android.gms/app_chimera/m/0000000f/dl-MlkitOcrCommon.optional_253434100800.apk has no usable artifacts
04-03 23:02:29.768  2841 18604 I artd    : GetBestInfo: /data/user_de/0/com.google.android.gms/app_chimera/m/00000010/dl-VisionOcr.optional_261133100000.apk has no usable artifacts
04-03 23:02:29.770  2841 18604 I artd    : GetBestInfo: vdex next to the dex file (/data/user/0/com.google.android.gms/app_dg_cache/BB2AE5A47BB198AF36C19CFD2B6407061A1BAF30/oat/x86_64/the.vdex) is kOatUpToDate with filter 'verify' executable 'false'
04-03 23:02:29.772  2841 18604 I artd    : GetBestInfo: /data/user_de/0/com.google.android.gms/app_chimera/m/00000007/MeasurementDynamite.apk has no usable artifacts
04-03 23:02:30.016   819   917 D ActivityManager: freezing 12618 com.google.android.gms.unstable
04-03 23:02:32.363   819   972 I HalDevMgr: bestIfaceCreationProposal is null, requestIface=STA, existingIface=[name=wlan0 type=STA]
04-03 23:02:35.372   819   972 I HalDevMgr: bestIfaceCreationProposal is null, requestIface=STA, existingIface=[name=wlan0 type=STA]
04-03 23:02:37.456  1247  1383 D SatelliteController: iisInCarrierRoamingNbIotNtn: satellite is disabled
04-03 23:02:37.456  1247  1383 D SatelliteController: getCarrierRoamingNtnConnectType: Falling back to global carrier config connect type: 0
04-03 23:02:38.376   819   972 I HalDevMgr: bestIfaceCreationProposal is null, requestIface=STA, existingIface=[name=wlan0 type=STA]
04-03 23:02:39.346 28141 28141 W libbinder.BackendUnifiedServiceManager: Thread Pool max thread count is 0. Cannot cache binder as linkToDeath cannot be implemented. serviceName: package
04-03 23:02:39.362   819   917 D ActivityManager: freezing 14989 com.google.android.gms
04-03 23:02:39.653  2841  2844 I artd    : GetBestInfo: odex next to the dex file (/data/app/~~l86ooHn3z7zjJPmRwuVyKA==/com.google.android.gms-mjvtrlLEHAA3R1GV5L8qqg==/oat/x86_64/base.odex) is kOatUpToDate with filter 'speed-profile' executable 'false'
04-03 23:02:39.666  2841 18604 I artd    : GetBestInfo: odex next to the dex file (/data/app/~~l86ooHn3z7zjJPmRwuVyKA==/com.google.android.gms-mjvtrlLEHAA3R1GV5L8qqg==/oat/x86_64/split_AdsDynamite_installtime.odex) is kOatUpToDate with filter 'speed' executable 'false'
04-03 23:02:39.679  2841 18604 I artd    : GetBestInfo: odex next to the dex file (/data/app/~~l86ooHn3z7zjJPmRwuVyKA==/com.google.android.gms-mjvtrlLEHAA3R1GV5L8qqg==/oat/x86_64/split_CronetDynamite_installtime.odex) is kOatUpToDate with filter 'speed' executable 'false'
04-03 23:02:39.682  2841 18604 I artd    : GetBestInfo: odex next to the dex file (/data/app/~~l86ooHn3z7zjJPmRwuVyKA==/com.google.android.gms-mjvtrlLEHAA3R1GV5L8qqg==/oat/x86_64/split_DynamiteLoader_installtime.odex) is kOatUpToDate with filter 'speed' executable 'false'
04-03 23:02:39.686  2841 18604 I artd    : GetBestInfo: odex next to the dex file (/data/app/~~l86ooHn3z7zjJPmRwuVyKA==/com.google.android.gms-mjvtrlLEHAA3R1GV5L8qqg==/oat/x86_64/split_DynamiteModulesA_installtime.odex) is kOatUpToDate with filter 'speed' executable 'false'
04-03 23:02:39.687  2841 18604 I artd    : GetBestInfo: odex next to the dex file (/data/app/~~l86ooHn3z7zjJPmRwuVyKA==/com.google.android.gms-mjvtrlLEHAA3R1GV5L8qqg==/oat/x86_64/split_DynamiteModulesC_installtime.odex) is kOatUpToDate with filter 'speed' executable 'false'
04-03 23:02:39.689  2841 18604 I artd    : GetBestInfo: odex next to the dex file (/data/app/~~l86ooHn3z7zjJPmRwuVyKA==/com.google.android.gms-mjvtrlLEHAA3R1GV5L8qqg==/oat/x86_64/split_GoogleCertificates_installtime.odex) is kOatUpToDate with filter 'speed' executable 'false'
04-03 23:02:39.692  2841 18604 I artd    : GetBestInfo: odex next to the dex file (/data/app/~~l86ooHn3z7zjJPmRwuVyKA==/com.google.android.gms-mjvtrlLEHAA3R1GV5L8qqg==/oat/x86_64/split_MapsDynamite_installtime.odex) is kOatUpToDate with filter 'speed' executable 'false'
04-03 23:02:39.696  2841 18604 I artd    : GetBestInfo: odex next to the dex file (/data/app/~~l86ooHn3z7zjJPmRwuVyKA==/com.google.android.gms-mjvtrlLEHAA3R1GV5L8qqg==/oat/x86_64/split_MeasurementDynamite_installtime.odex) is kOatUpToDate with filter 'speed' executable 'false'
04-03 23:02:39.700  2841 18604 I artd    : GetBestInfo: /data/user_de/0/com.google.android.gms/app_chimera/m/0000000d/dl-PlayCloudSearch.optional_253434100000.apk has no usable artifacts
04-03 23:02:39.703  2841 18604 I artd    : GetBestInfo: /data/user_de/0/com.google.android.gms/app_chimera/m/0000000c/dl-MlkitBarcodeUi.optional_253434100800.apk has no usable artifacts
04-03 23:02:39.704  2841 18604 I artd    : GetBestInfo: /data/user_de/0/com.google.android.gms/app_chimera/m/00000001/CronetDynamite.apk has no usable artifacts
04-03 23:02:39.707  2841 18604 I artd    : GetBestInfo: /data/user_de/0/com.google.android.gms/app_chimera/m/00000016/dl-MlkitOcrCommon.optional_261133100800.apk has no usable artifacts
04-03 23:02:39.711  2841 18604 I artd    : GetBestInfo: /data/user_de/0/com.google.android.gms/app_chimera/m/0000000e/dl-VisionOcr.optional_253434100000.apk has no usable artifacts
04-03 23:02:39.713  2841 18604 I artd    : GetBestInfo: /data/user_de/0/com.google.android.gms/app_chimera/m/00000002/DynamiteLoader.apk has no usable artifacts
04-03 23:02:39.715  2841 18604 I artd    : GetBestInfo: /data/user_de/0/com.google.android.gms/app_chimera/m/00000005/GoogleCertificates.apk has no usable artifacts
04-03 23:02:39.717  2841 18604 I artd    : GetBestInfo: /data/user_de/0/com.google.android.gms/app_chimera/m/00000012/dl-Appsearch.optional_261133100800.apk has no usable artifacts
04-03 23:02:39.719  2841 18604 I artd    : GetBestInfo: /data/user_de/0/com.google.android.gms/app_chimera/m/00000011/dl-PlayCloudSearch.optional_261133100000.apk has no usable artifacts
04-03 23:02:39.720  2841 18604 I artd    : GetBestInfo: /data/user_de/0/com.google.android.gms/app_chimera/m/00000015/dl-MlkitBarcodeUi.optional_261133100800.apk has no usable artifacts
04-03 23:02:39.721  2841 18604 I artd    : GetBestInfo: /data/user_de/0/com.google.android.gms/app_chimera/m/0000000a/dl-Appsearch.optional_253434100800.apk has no usable artifacts
04-03 23:02:39.723  2841 18604 I artd    : GetBestInfo: /data/user_de/0/com.google.android.gms/app_chimera/m/00000008/dl-TfliteDynamiteDynamite.integ_252130102100800.apk has no usable artifacts
04-03 23:02:39.724  2841 18604 I artd    : GetBestInfo: /data/user_de/0/com.google.android.gms/app_chimera/m/0000000f/dl-MlkitOcrCommon.optional_253434100800.apk has no usable artifacts
04-03 23:02:39.727  2841 18604 I artd    : GetBestInfo: /data/user_de/0/com.google.android.gms/app_chimera/m/00000010/dl-VisionOcr.optional_261133100000.apk has no usable artifacts
04-03 23:02:39.731  2841 18604 I artd    : GetBestInfo: vdex next to the dex file (/data/user/0/com.google.android.gms/app_dg_cache/BB2AE5A47BB198AF36C19CFD2B6407061A1BAF30/oat/x86_64/the.vdex) is kOatUpToDate with filter 'verify' executable 'false'
04-03 23:02:39.734  2841 18604 I artd    : GetBestInfo: /data/user_de/0/com.google.android.gms/app_chimera/m/00000007/MeasurementDynamite.apk has no usable artifacts
04-03 23:02:41.384   819   972 I HalDevMgr: bestIfaceCreationProposal is null, requestIface=STA, existingIface=[name=wlan0 type=STA]
04-03 23:02:43.154  1176 12493 D TcpSocketTracker/104: data stall suspected, uids: {10155, 10158, 10227}
04-03 23:02:43.155   819  1796 D ConnectivityService: Data stall detected with methods: 2
04-03 23:02:43.155  1176 12493 D NetworkMonitor/104: isDataStall: result=2, tcp packets received=0, latest tcp fail rate=85, consecutive dns timeout count=0
04-03 23:02:43.155  1176 12493 D NetworkMonitor/104: Suspecting data stall, reevaluate
04-03 23:02:43.185  1176 28146 D NetworkMonitor/104: PROBE_DNS connectivitycheck.gstatic.com 27ms OK 142.250.73.99,2607:f8b0:400a:80c::2003
04-03 23:02:43.289  1176 28146 D NetworkMonitor/104: PROBE_HTTP http://connectivitycheck.gstatic.com/generate_204 Probe failed with exception java.io.IOException: unexpected end of stream on com.android.okhttp.Address@484719d8
04-03 23:02:43.322  1176 28145 D NetworkMonitor/104: PROBE_DNS www.google.com 165ms OK 142.251.153.119,142.251.157.119,142.251.154.119,142.251.150.119,142.251.151.119,142.251.156.119,142.251.155.119,142.251.152.119,2001:4860:4829:7700::,2001:4860:482c:7700::,2001:4860:482b:7700::,2001:4860:482a:7700::,2001:4860:4828:7700::,2001:4860:4827:7700::,2001:4860:482d:7700::,2001:4860:4826:7700::
04-03 23:02:43.483  1176 28145 D NetworkMonitor/104: PROBE_HTTPS https://www.google.com/generate_204 Probe failed with exception java.io.IOException: unexpected end of stream on com.android.okhttp.Address@3396c11e
04-03 23:02:43.597  1176 28144 D NetworkMonitor/104: PROBE_FALLBACK http://play.googleapis.com/generate_204 time=104ms ret=204 request={Connection=[close], User-Agent=[Mozilla/5.0 (X11; Linux x86_64) AppleWebKit/537.36 (KHTML, like Gecko) Chrome/60.0.3112.32 Safari/537.36]} headers={null=[HTTP/1.1 204 No Content], Connection=[close], Content-Length=[0], Cross-Origin-Resource-Policy=[cross-origin], Date=[Sat, 04 Apr 2026 06:02:43 GMT], X-Android-Received-Millis=[1775282563592], X-Android-Response-Source=[NETWORK 204], X-Android-Selected-Protocol=[http/1.1], X-Android-Sent-Millis=[1775282563561]}
04-03 23:02:43.607  1176 28144 D NetworkMonitor/104: isCaptivePortal: isSuccessful()=false isPortal()=false RedirectUrl=null isPartialConnectivity()=false Time=451ms
04-03 23:02:43.616   819   978 D ConnectivityService: [104 WIFI] validation failed
04-03 23:02:43.616   819   978 I ConnectivityService: Update capabilities for net 104 : -VALIDATED
04-03 23:02:43.616   819   978 I ConnectivityService: Update score for net 104 : -IS_VALIDATED
04-03 23:02:43.617   819   978 D ConnectivityService: Switching to new default network for: uid/pid:1000/819 activeRequest: 1 callbackRequest: 1 [NetworkRequest [ REQUEST id=1, [ Capabilities: INTERNET&NOT_RESTRICTED&TRUSTED&NOT_VPN&NOT_VCN_MANAGED&NOT_BANDWIDTH_CONSTRAINED RequestorUid: 1000 RequestorPkg: android UnderlyingNetworks: Null] ]] callback flags: 0 order: 2147483647 isUidTracked: false declaredMethods: NONE using NetworkAgentInfo{network{101}  handle{437197393933}  ni{MOBILE[NR] CONNECTED extra: epc.tmobile.com} created=2026-04-02T01:43:12.880Z Score(Policies : TRANSPORT_PRIMARY&EVER_EVALUATED&EVER_VALIDATED&IS_VALIDATED ; KeepConnected : 0)  created 33447 firstValidated 34265 lastValidated 34265  lp{{InterfaceName: eth0 LinkAddresses: [ 10.0.2.15/24 ] DnsAddresses: [ /10.0.2.3 ] Domains: null MTU: 1500 TcpBufferSizes: 2097152,6291456,16777216,512000,2097152,8388608 Routes: [ 0.0.0.0/0 -> 10.0.2.2 eth0 mtu 1500,10.0.2.0/24 -> 0.0.0.0 eth0 mtu 0 ]}}  nc{[ Transports: CELLULAR Capabilities: MMS&SUPL&DUN&FOTA&IMS&CBS&INTERNET&NOT_RESTRICTED&TRUSTED&NOT_VPN&VALIDATED&NOT_ROAMING&NOT_CONGESTED&NOT_SUSPENDED&NOT_VCN_MANAGED&MMTEL&NOT_BANDWIDTH_CONSTRAINED LinkUpBandwidth>=60000Kbps LinkDnBandwidth>=145000Kbps Specifier: <TelephonyNetworkSpecifier [mSubId = 1]> SubscriptionIds: {1} UnderlyingNetworks: Null]}  factorySerialNumber=5}
04-03 23:02:43.636   819   978 D ConnectivityService: Switching to new default network for: uid/pid:1000/819 activeRequest: 13 callbackRequest: 13 [NetworkRequest [ TRACK_DEFAULT id=13, [ Capabilities: INTERNET&NOT_RESTRICTED&TRUSTED&NOT_VPN&NOT_VCN_MANAGED&NOT_BANDWIDTH_CONSTRAINED Uids: <{10155-10155, 10156-10156, 10167-10167}> RequestorUid: 1000 RequestorPkg: android UnderlyingNetworks: Null] ], NetworkRequest [ REQUEST id=14, [ Transports: SATELLITE Capabilities: INTERNET&NOT_RESTRICTED&TRUSTED&NOT_VPN&NOT_VCN_MANAGED Uids: <{10155-10155, 10156-10156, 10167-10167}> UnderlyingNetworks: Null] ]] callback flags: 0 order: 40 isUidTracked: false declaredMethods: NONE using NetworkAgentInfo{network{101}  handle{437197393933}  ni{MOBILE[NR] CONNECTED extra: epc.tmobile.com} created=2026-04-02T01:43:12.880Z Score(Policies : TRANSPORT_PRIMARY&EVER_EVALUATED&EVER_VALIDATED&IS_VALIDATED ; KeepConnected : 0)  created 33447 firstValidated 34265 lastValidated 34265  lp{{InterfaceName: eth0 LinkAddresses: [ 10.0.2.15/24 ] DnsAddresses: [ /10.0.2.3 ] Domains: null MTU: 1500 TcpBufferSizes: 2097152,6291456,16777216,512000,2097152,8388608 Routes: [ 0.0.0.0/0 -> 10.0.2.2 eth0 mtu 1500,10.0.2.0/24 -> 0.0.0.0 eth0 mtu 0 ]}}  nc{[ Transports: CELLULAR Capabilities: MMS&SUPL&DUN&FOTA&IMS&CBS&INTERNET&NOT_RESTRICTED&TRUSTED&NOT_VPN&VALIDATED&NOT_ROAMING&NOT_CONGESTED&NOT_SUSPENDED&NOT_VCN_MANAGED&MMTEL&NOT_BANDWIDTH_CONSTRAINED LinkUpBandwidth>=60000Kbps LinkDnBandwidth>=145000Kbps Specifier: <TelephonyNetworkSpecifier [mSubId = 1]> SubscriptionIds: {1} UnderlyingNetworks: Null]}  factorySerialNumber=5}
04-03 23:02:43.643   819   978 D ConnectivityService: Switching to new default network for: uid/pid:1000/819 activeRequest: 11 callbackRequest: 11 [NetworkRequest [ TRACK_DEFAULT id=11, [ Capabilities: INTERNET&NOT_RESTRICTED&TRUSTED&NOT_VPN&NOT_VCN_MANAGED&NOT_BANDWIDTH_CONSTRAINED Uid: 10154 RequestorUid: 1000 RequestorPkg: android UnderlyingNetworks: Null] ], NetworkRequest [ REQUEST id=12, [ Transports: SATELLITE Capabilities: INTERNET&TRUSTED&NOT_VPN&NOT_VCN_MANAGED Uid: 10154 UnderlyingNetworks: Null] ]] callback flags: 0 order: 40 isUidTracked: false declaredMethods: NONE using NetworkAgentInfo{network{101}  handle{437197393933}  ni{MOBILE[NR] CONNECTED extra: epc.tmobile.com} created=2026-04-02T01:43:12.880Z Score(Policies : TRANSPORT_PRIMARY&EVER_EVALUATED&EVER_VALIDATED&IS_VALIDATED ; KeepConnected : 0)  created 33447 firstValidated 34265 lastValidated 34265  lp{{InterfaceName: eth0 LinkAddresses: [ 10.0.2.15/24 ] DnsAddresses: [ /10.0.2.3 ] Domains: null MTU: 1500 TcpBufferSizes: 2097152,6291456,16777216,512000,2097152,8388608 Routes: [ 0.0.0.0/0 -> 10.0.2.2 eth0 mtu 1500,10.0.2.0/24 -> 0.0.0.0 eth0 mtu 0 ]}}  nc{[ Transports: CELLULAR Capabilities: MMS&SUPL&DUN&FOTA&IMS&CBS&INTERNET&NOT_RESTRICTED&TRUSTED&NOT_VPN&VALIDATED&NOT_ROAMING&NOT_CONGESTED&NOT_SUSPENDED&NOT_VCN_MANAGED&MMTEL&NOT_BANDWIDTH_CONSTRAINED LinkUpBandwidth>=60000Kbps LinkDnBandwidth>=145000Kbps Specifier: <TelephonyNetworkSpecifier [mSubId = 1]> SubscriptionIds: {1} UnderlyingNetworks: Null]}  factorySerialNumber=5}
04-03 23:02:43.644   819   978 W libbinder.IPCThreadState: Sending oneway calls to frozen process.
04-03 23:02:43.644   819   978 W libbinder.IPCThreadState: Sending oneway calls to frozen process.
04-03 23:02:43.645   819   978 W libbinder.IPCThreadState: Sending oneway calls to frozen process.
04-03 23:02:43.645  1176  1208 D UpstreamNetworkMonitor: New default Internet network: 101
04-03 23:02:43.652   819   978 W libbinder.IPCThreadState: Sending oneway calls to frozen process.
04-03 23:02:43.656   819   978 W libbinder.IPCThreadState: Sending oneway calls to frozen process.
04-03 23:02:43.660  1736  2419 I BugleRcsEngine: handleMessage processing message:[NOTIFY_UPTIME_IGNORE_STATE_CHANGED] with [non-null]:RcsEngineImpl reference [CONTEXT log_prefix="RcsEngineImpl[DUAL_REG]:[06ddaaa5-08d8]>Handler" thread_id=61 ]
04-03 23:02:43.668  1736  1967 I BugleRcsEngine: Connected state: [1], networkType: [MOBILE] [CONTEXT thread_id=56 ]
04-03 23:02:43.674  1736  1967 I BugleRcsEngine: Connected state: [1], networkType: [MOBILE] [CONTEXT thread_id=56 ]
04-03 23:02:43.674   819   978 W libbinder.IPCThreadState: Sending oneway calls to frozen process.
04-03 23:02:43.681   819   978 W libbinder.IPCThreadState: Sending oneway calls to frozen process.
04-03 23:02:43.695   819  1007 D NetworkTimeUpdateService: New default network 101; checking time.
04-03 23:02:43.715 18964 19033 I NearbyMediums: WifiNetwork defaultNetworkCallback onAvailable netId:101
04-03 23:02:43.718   819  2234 D ActivityManager: sync unfroze 14909 com.google.android.apps.messaging for 7
04-03 23:02:43.723   819   978 W libbinder.IPCThreadState: Sending oneway calls to frozen process.
04-03 23:02:43.725 14909 14969 D WM-NetworkStateTracker: Network capabilities changed: [ Transports: CELLULAR Capabilities: MMS&SUPL&DUN&FOTA&IMS&CBS&INTERNET&NOT_RESTRICTED&TRUSTED&NOT_VPN&VALIDATED&NOT_ROAMING&NOT_CONGESTED&NOT_SUSPENDED&NOT_VCN_MANAGED&MMTEL&NOT_BANDWIDTH_CONSTRAINED LinkUpBandwidth>=60000Kbps LinkDnBandwidth>=145000Kbps Specifier: <TelephonyNetworkSpecifier [mSubId = 1]> SubscriptionIds: {1} UnderlyingNetworks: Null]
04-03 23:02:43.736   819   839 W time_detector: Existing suggestion found to be invalid elapsedRealtimeMillis=184917052, suggestion=TelephonyTimeSuggestion{mSlotIndex='0', mUnixEpochTime=UnixEpochTime{mElapsedRealtimeMillis=76569611, mUnixEpochTimeMillis=1775174216000}, mDebugInfo=[Sending new time suggestion nitzSignal=NitzSignal{mReceiptElapsedMillis=PT21H16M9.611S, mNitzData=NitzData{mOriginalString=26/04/02:23:56:56-32:1:America!Los_Angeles, mZoneOffset=-28800000, mDstOffset=3600000, mCurrentTimeMillis=1775174216000, mEmulatorHostTimeZone=libcore.util.ZoneInfo[mDstSavings=3600000,mUseDst=true,mDelegate=[id="America/Los_Angeles",mRawOffset=-28800000,mEarliestRawOffset=-28378000,transitions=310]]}, mAgeMillis=0}, reason=handleNitzReceived(NitzSignal{mReceiptElapsedMillis=PT21H16M9.611S, mNitzData=NitzData{mOriginalString=26/04/02:23:56:56-32:1:America!Los_Angeles, mZoneOffset=-28800000, mDstOffset=3600000, mCurrentTimeMillis=1775174216000, mEmulatorHostTimeZone=libcore.util.ZoneInfo[mDstSavings=3600000,mUseDst=true,mDelegate=[id="America/Los_Angeles",mRawOffset=-28800000,mEarliestRawOffset=-28378000,transitions=310]]}, mAgeMillis=0})]}
04-03 23:02:43.796   819  2271 E AppOps  : Bad call made by uid 1001. Package "com.android.phone" does not belong to uid 10155.
04-03 23:02:43.796   819  2271 E AppOps  : Cannot noteOperation
04-03 23:02:43.796   819  2271 E AppOps  : java.lang.SecurityException: Specified package "com.android.phone" under uid 10155 but it is not
04-03 23:02:43.796   819  2271 E AppOps  : 	at com.android.server.appop.AppOpsService.verifyAndGetBypass(AppOpsService.java:5033)
04-03 23:02:43.796   819  2271 E AppOps  : 	at com.android.server.appop.AppOpsService.verifyAndGetBypass(AppOpsService.java:4894)
04-03 23:02:43.796   819  2271 E AppOps  : 	at com.android.server.appop.AppOpsService.noteOperationUnchecked(AppOpsService.java:3409)
04-03 23:02:43.796   819  2271 E AppOps  : 	at com.android.server.appop.AppOpsService.noteOperationImpl(AppOpsService.java:3396)
04-03 23:02:43.796   819  2271 E AppOps  : 	at com.android.server.appop.AppOpsService.-$$Nest$mnoteOperationImpl(AppOpsService.java:0)
04-03 23:02:43.796   819  2271 E AppOps  : 	at com.android.server.appop.AppOpsService$CheckOpsDelegateDispatcher.$r8$lambda$eTKLGbByFLiOzK62QHhpSvtx4do(AppOpsService.java:0)
04-03 23:02:43.796   819  2271 E AppOps  : 	at com.android.server.appop.AppOpsService$CheckOpsDelegateDispatcher$$ExternalSyntheticLambda5.apply(R8$$SyntheticClass:0)
04-03 23:02:43.796   819  2271 E AppOps  : 	at com.android.server.policy.AppOpsPolicy.noteOperation(AppOpsPolicy.java:254)
04-03 23:02:43.796   819  2271 E AppOps  : 	at com.android.server.appop.AppOpsService$CheckOpsDelegateDispatcher.noteOperation(AppOpsService.java:7918)
04-03 23:02:43.796   819  2271 E AppOps  : 	at com.android.server.appop.AppOpsService.noteOperation(AppOpsService.java:3343)
04-03 23:02:43.796   819  2271 E AppOps  : 	at com.android.internal.app.IAppOpsService$Stub.onTransact(IAppOpsService.java:585)
04-03 23:02:43.796   819  2271 E AppOps  : 	at android.os.Binder.execTransactInternal(Binder.java:1473)
04-03 23:02:43.796   819  2271 E AppOps  : 	at android.os.Binder.execTransact(Binder.java:1418)
04-03 23:02:43.796   819  1026 D BackgroundInstallControlService: Package event received: 0
04-03 23:02:43.828   819   978 W libbinder.IPCThreadState: Sending oneway calls to frozen process.
04-03 23:02:43.828   819   978 W libbinder.IPCThreadState: Sending oneway calls to frozen process.
04-03 23:02:43.831 14909 14969 D WM-NetworkStateTracker: Network capabilities changed: [ Transports: CELLULAR Capabilities: MMS&SUPL&DUN&FOTA&IMS&CBS&INTERNET&NOT_RESTRICTED&TRUSTED&NOT_VPN&VALIDATED&NOT_ROAMING&FOREGROUND&NOT_CONGESTED&NOT_SUSPENDED&NOT_VCN_MANAGED&MMTEL&NOT_BANDWIDTH_CONSTRAINED LinkUpBandwidth>=60000Kbps LinkDnBandwidth>=145000Kbps Specifier: <TelephonyNetworkSpecifier [mSubId = 1]> SubscriptionIds: {1} UnderlyingNetworks: Null]
04-03 23:02:43.848   819   829 W system_server: Suspending all threads took: 17.193ms
04-03 23:02:43.888   819   978 W libbinder.IPCThreadState: Sending oneway calls to frozen process.
04-03 23:02:43.898   819   978 W libbinder.IPCThreadState: Sending oneway calls to frozen process.
04-03 23:02:43.899  1560  2344 W chromium: [0403/230243.899215:WARNING:net/dns/dns_config_service_android.cc:69] Failed to read DnsConfig.
04-03 23:02:43.905   819   839 W Looper  : Slow dispatch took 197ms android.fg app=system_server main=false group=FOREGROUND h=android.os.Handler c=com.android.server.timedetector.TimeDetectorInternalImpl$$ExternalSyntheticLambda0@6f9e52 m=0
04-03 23:02:43.908   819   978 W libbinder.IPCThreadState: Sending oneway calls to frozen process.
04-03 23:02:43.914   819   978 W libbinder.IPCThreadState: Sending oneway calls to frozen process.
04-03 23:02:43.916  1736  1967 I BugleRcsEngine: Connected state: [1], networkType: [MOBILE] [CONTEXT thread_id=56 ]
04-03 23:02:43.919 18964 27984 I TrafficStats: tagSocketFd(-1, 1031, -1) failed with errno-9
04-03 23:02:43.931   819   978 W libbinder.IPCThreadState: Sending oneway calls to frozen process.
04-03 23:02:43.931   819   978 W libbinder.IPCThreadState: Sending oneway calls to frozen process.
04-03 23:02:43.931   819   978 W libbinder.IPCThreadState: Sending oneway calls to frozen process.
04-03 23:02:43.932   819   978 W libbinder.IPCThreadState: Sending oneway calls to frozen process.
04-03 23:02:43.933  1247  1436 D ONSProfileActivator: Internet connection lost
04-03 23:02:43.933   819   978 D ConnectivityService: Sending DISCONNECTED broadcast for type 1 [104 WIFI] isDefaultNetwork=true
04-03 23:02:43.934   819   839 I GnssNetworkConnectivityHandler: Network connection lost. Available networks count: 1
04-03 23:02:43.935   819   839 I GnssNetworkConnectivityHandler: updateNetworkState, state=CLOSED, connected=false, network=104, capabilityFlags=3, availableNetworkCount: 1
04-03 23:02:43.936   819   978 W ContextImpl: Calling a method in the system process without a qualified user: android.app.ContextImpl.sendStickyBroadcast:1758 android.net.connectivity.com.android.server.ConnectivityService.sendStickyBroadcast:4373 android.net.connectivity.com.android.server.ConnectivityService.sendLegacyNetworkBroadcast:13237 android.net.connectivity.com.android.server.ConnectivityService$LegacyTypeTracker.remove:1406 android.net.connectivity.com.android.server.ConnectivityService.updateLegacyTypeTrackerAndVpnLockdownForRematch:12697 
04-03 23:02:43.954  1736  2419 I BugleRcsEngine: No RCS Configuration was found in Bugle for simID: redacted-pii:sim_id[chars:20,last3:897] [CONTEXT log_prefix="ProvisioningEngineDataRetriever" thread_id=61 ]
04-03 23:02:43.955  1736  2419 I BugleRcsEngine: handleMessage processing message:[NOTIFY_UPTIME_IGNORE_STATE_CHANGED] with [non-null]:RcsEngineImpl reference [CONTEXT log_prefix="RcsEngineImpl[DUAL_REG]:[06ddaaa5-08d8]>Handler" thread_id=61 ]
04-03 23:02:43.961   819   978 D ConnectivityService: Sending CONNECTED broadcast for type 0 [101 CELLULAR] isDefaultNetwork=true
04-03 23:02:43.962   819   978 W ContextImpl: Calling a method in the system process without a qualified user: android.app.ContextImpl.sendStickyBroadcast:1758 android.net.connectivity.com.android.server.ConnectivityService.sendStickyBroadcast:4373 android.net.connectivity.com.android.server.ConnectivityService.sendGeneralBroadcast:4343 android.net.connectivity.com.android.server.ConnectivityService.sendConnectedBroadcast:4316 android.net.connectivity.com.android.server.ConnectivityService.sendLegacyNetworkBroadcast:13209 
04-03 23:02:43.965  1736  2419 I BugleRcsEngine: No RCS Configuration was found in Bugle for simID: redacted-pii:sim_id[chars:20,last3:897] [CONTEXT log_prefix="ProvisioningEngineDataRetriever" thread_id=61 ]
04-03 23:02:43.966  1736  2419 I BugleRcsEngine: handleMessage processing message:[NOTIFY_UPTIME_IGNORE_STATE_CHANGED] with [non-null]:RcsEngineImpl reference [CONTEXT log_prefix="RcsEngineImpl[DUAL_REG]:[06ddaaa5-08d8]>Handler" thread_id=61 ]
04-03 23:02:43.975   819   829 I system_server: Background young concurrent mark compact GC freed 23MB AllocSpace bytes, 6(280KB) LOS objects, 39% free, 36MB/60MB, paused 52.952ms,3.774ms total 323.922ms
04-03 23:02:43.982   819   978 D ConnectivityService: NetReassign [195 : 104 → 101, 25 : 104 → 101, 1 : 104 → 101, 97 : 104 → 101, 67 : 104 → 101, 90 : 104 → 101, 282 : 104 → 101, 55 : 104 → 101, 21 : 104 → 101, 397 : 104 → 101, 422 : 104 → 101, 32 : 104 → 101, 323 : 104 → 101, 305 : 104 → 101, 23 : 104 → 101, 42 : 104 → 101, 40 : 104 → 101, 453 : 104 → 101, 57 : 104 → 101, 253 : 104 → 101, 455 : 104 → 101, 60 : 104 → 101, 184 : 104 → 101, 430 : 104 → 101, 364 : 104 → 101, 13 : 104 → 101, 46 : 104 → 101, 45 : 104 → 101, 308 : 104 → 101, 100 : 104 → 101, 44 : 104 → 101, 30 : 104 → 101, 451 : 104 → 101, 73 : 104 → 101, 261 : 104 → 101, 258 : 104 → 101, 121 : 104 → 101, 49 : 104 → 101, 284 : 104 → 101, 240 : 104 → 101, 328 : 104 → 101, 440 : 104 → 101, 129 : 104 → 101, 326 : 104 → 101, 156 : 104 → 101, 346 : 104 → 101, 393 : 104 → 101, 11 : 104 → 101, 123 : 104 → 101, 427 : 104 → 101, 355 : 104 → 101, 36 : 104 → 101, 425 : 104 → 101, 53 : 104 → 101, 63 : 104 → 101, 286 : 104 → 101, 79 : 104 → 101, 295 : 104 → 101, 6 : 104 → 101, 34 : 104 → 101, 437 : 104 → 101, 117 : 104 → 101, 280 : 104 → 101, 38 : 104 → 101, 27 : 104 → 101, 256 : 104 → 101, 87 : 104 → 101, 312 : 104 → 101] [c 0] [a 359] [i 6]
04-03 23:02:43.983   819   978 W libbinder.IPCThreadState: Sending oneway calls to frozen process.
04-03 23:02:43.984   819   978 W libbinder.IPCThreadState: Sending oneway calls to frozen process.
04-03 23:02:43.984   819   978 W libbinder.IPCThreadState: Sending oneway calls to frozen process.
04-03 23:02:43.989   819   972 D WifiClientModeImpl[16188:wlan0]: NETWORK_STATUS_UNWANTED_VALIDATION_FAILED
04-03 23:02:43.989   819   972 I WifiClientModeImpl[16188:wlan0]: Temporarily disabling network because of no-internet access
04-03 23:02:43.989   819   975 W LastMileLogger: Failed to read event trace: /sys/kernel/debug/tracing/instances/wifi/trace
04-03 23:02:43.989  1736  2419 I BugleRcsEngine: No RCS Configuration was found in Bugle for simID: redacted-pii:sim_id[chars:20,last3:897] [CONTEXT log_prefix="ProvisioningEngineDataRetriever" thread_id=61 ]
04-03 23:02:43.992 18964 21957 I NullBinder: NullBinder for android.net.action.RECOMMEND_NETWORKS triggering remote TransactionTooLargeException due to Service without Chimera impl, calling uid: 1000, calling pid: 0
04-03 23:02:43.992 18964 21957 W libbinder.Binder: Large reply transaction of 1056768 bytes, interface descriptor , code 1, flags 17
04-03 23:02:43.996   819   978 D ConnectivityService: handleNetworkUnvalidated [104 WIFI] cap=[ Transports: WIFI Capabilities: NOT_METERED&INTERNET&NOT_RESTRICTED&TRUSTED&NOT_VPN&NOT_ROAMING&FOREGROUND&NOT_CONGESTED&NOT_SUSPENDED&NOT_VCN_MANAGED&NOT_BANDWIDTH_CONSTRAINED LinkUpBandwidth>=12000Kbps LinkDnBandwidth>=30000Kbps Specifier: <WifiNetworkAgentSpecifier [WifiConfiguration=, SSID="AndroidWifi", BSSID=00:13:10:85:fe:01, band=1, mMatchLocalOnlySpecifiers=false]> TransportInfo: <SSID: "AndroidWifi", BSSID: 00:13:10:85:fe:01, MAC: 02:15:b4:00:00:00, IP: /10.0.2.16, Security type: 0, Supplicant state: COMPLETED, Wi-Fi standard: legacy, RSSI: -50, Link speed: 1Mbps, Tx Link speed: 1Mbps, Max Supported Tx Link speed: 11Mbps, Rx Link speed: 2Mbps, Max Supported Rx Link speed: 11Mbps, Frequency: 2447MHz, Net ID: 0, Metered hint: false, score: 83, isUsable: true, CarrierMerged: false, SubscriptionId: -1, IsPrimary: 1, Trusted: true, Restricted: false, Ephemeral: false, OEM paid: false, OEM private: false, OSU AP: false, FQDN: <none>, Provider friendly name: <none>, Requesting package name: <none>"AndroidWifi"openMLO Information: , Is TID-To-Link negotiation supported by the AP: false, AP MLD Address: <none>, AP MLO Link Id: <none>, AP MLO Affiliated links: <none>, Vendor Data: <none>> SignalStrength: -50 OwnerUid: 10189 AdminUids: [10189] SSID: "AndroidWifi" UnderlyingNetworks: Null]
04-03 23:02:44.003  1247  1383 D SatelliteController: EVENT_WIFI_CONNECTIVITY_STATE_CHANGED: mIsWifiConnected=false
04-03 23:02:44.003  1247  1383 E SatelliteController: registerForSatelliteCommunicationAccessStateChanged: SatelliteManager is null
04-03 23:02:44.003  1247  1383 D SatelliteController: isCarrierRoamingNtnEligible: satellite access is not allowed
04-03 23:02:44.003  1247  1383 D SatelliteController: evaluateCarrierRoamingNtnEligibilityChange: isCarrierRoamingNtnEligible=false
04-03 23:02:44.003  1247  1383 D SatelliteController: getSelectedSatelliteSubId: subId=-1
04-03 23:02:44.003  1247  1383 D SatelliteController: notifyNtnEligibility: phoneId=0 currentNtnEligibility=false
04-03 23:02:44.015   819  2234 W ScanResultUtil: Empty or null ScanResult list
04-03 23:02:44.015   819  2234 W WifiService: Attempt to retrieve WifiConfiguration with invalid scanResult List
04-03 23:02:44.016   819  2234 W ScanResultUtil: Empty or null ScanResult list
04-03 23:02:44.016   819  2234 E WifiService: Attempt to retrieve passpoint with invalid scanResult List
04-03 23:02:44.017   819  2234 W ScanResultUtil: Empty or null ScanResult list
04-03 23:02:44.017   819  2234 W WifiService: Attempt to retrieve OsuProviders with invalid scanResult List
04-03 23:02:44.112  1736  1753 W s.messaging:rcs: Reducing the number of considered missed Gc histogram windows from 110 to 100
04-03 23:02:44.127 18964 28124 W WakeLock: GCM_HB_ALARM release without a matched acquire! [CONTEXT service_id=259 ]
04-03 23:02:44.127 18964 28124 W WakeLock: GCM_HB_ALARM counter does not exist
04-03 23:02:44.139 18964 28124 I AlarmManager: setExactAndAllowWhileIdle [name: GCM_HB_ALARM type: 2 triggerAtMillis: 186667490]
04-03 23:02:44.194 18964 27948 I AlarmManager: setExactAndAllowWhileIdle [name: GCM_HB_ALARM type: 2 triggerAtMillis: 186667545]
04-03 23:02:44.198 18964 27948 W WakeLock: GCM_CONN_ALARM release without a matched acquire! [CONTEXT service_id=259 ]
04-03 23:02:44.198 18964 27948 W WakeLock: GCM_CONN_ALARM counter does not exist
04-03 23:02:44.200 18964 27948 I AlarmManager: setExactAndAllowWhileIdle [name: GCM_HB_ALARM type: 2 triggerAtMillis: 186667551]
04-03 23:02:44.390   819   972 I HalDevMgr: bestIfaceCreationProposal is null, requestIface=STA, existingIface=[name=wlan0 type=STA]
04-03 23:02:44.483  1560 28167 I DeviceStatusMonitor: DeviceStatusMonitor.handleBroadcast():123 onReceive() : Action = android.net.conn.CONNECTIVITY_CHANGE
04-03 23:02:44.503  1560 28167 I DeviceStatusMonitor: DeviceStatusMonitor.notifyIfNetworkChanged():180 notifyIfNetworkChanged: newState = NON_METERED, airplaneModeOn = false, notifyAnyway = false
04-03 23:02:44.509  1560 28167 I DeviceStatusMonitor: DeviceStatusMonitor.handleBroadcast():123 onReceive() : Action = android.net.conn.CONNECTIVITY_CHANGE
04-03 23:02:44.547 18964 28124 W ctxmgr  : [NetworkStateProducer] No state change for network connection context [CONTEXT service_id=47 ]
04-03 23:02:44.547  1560 28167 I DeviceStatusMonitor: DeviceStatusMonitor.notifyIfNetworkChanged():180 notifyIfNetworkChanged: newState = NON_METERED, airplaneModeOn = false, notifyAnyway = false
04-03 23:02:44.554 18964 18967 W .gms.persistent: Missing inline cache for void abrj.e(long)
04-03 23:02:44.556 18964 18967 W .gms.persistent: Missing inline cache for void abrj.e(long)
04-03 23:02:44.597 14909 28161 W JobInfo : Job 'com.google.android.apps.messaging/.shared.datamodel.action.execution.ActionJobService#102' has a deadline with no functional constraints. The deadline won't improve job execution latency. Consider removing the deadline.
04-03 23:02:44.605   819  2271 W JobInfo : Job 'com.google.android.apps.messaging/.shared.datamodel.action.execution.ActionJobService#102' has a deadline with no functional constraints. The deadline won't improve job execution latency. Consider removing the deadline.
04-03 23:02:44.803   819   849 D ActivityManager: sync unfroze 7166 com.google.android.settings.intelligence for 3
