--------- beginning of main
03-31 00:59:06.936 W/libbinder.IPCThreadState(  815): Sending oneway calls to frozen process.
--------- beginning of system
03-31 00:59:06.941 V/ShellDesktopMode( 1337): DesktopMixedTransitionHandler: No pending desktop transition
03-31 00:59:06.948 V/WindowManagerShell( 1337): Transition doesn't have explicit remote, search filters for match for {id=166 t=CLOSE f=0x0 trk=0 r=[0@Point(0, 0)] c=[{m=TO_FRONT f=SHOW_WALLPAPER|MOVE_TO_TOP leash=Surface(name=Task=1#44)/@0x4a16f30 sb=Rect(0, 0 - 1080, 2400) eb=Rect(0, 0 - 1080, 2400) epz=Point(1080, 2400) d=0 taskParent=-1 winMode=1 userId=0},{m=CLOSE f=NONE leash=Surface(name=Task=75#2348)/@0x7bd27a9 sb=Rect(0, 0 - 1080, 2400) eb=Rect(0, 0 - 1080, 2400) epz=Point(1080, 2400) d=0 taskParent=-1 winMode=1 userId=0},{m=TO_FRONT f=IS_WALLPAPER leash=Surface(name=WallpaperWindowToken{4959bac}#56)/@0x355912e sb=Rect(0, 0 - 1080, 2400) eb=Rect(0, 0 - 1080, 2400) epz=Point(1080, 2400) d=0}]}
03-31 00:59:06.959 V/WindowManagerShell( 1337):  Checking filter Pair{{types=[] flags=0x0] notFlags=0x0 checks=[{atype=undefined independent=true modes=[CLOSE,TO_BACK] flags=IN_TASK_WITH_EMBEDDED_ACTIVITY mustBeTask=false order=ANY topActivity=null launchCookie=null taskFragmentToken=android.os.BinderProxy@c043bef windowingMode=undefined isCrossDisplayMove=false}]} RemoteTransition { remoteTransition = android.window.IRemoteTransition$Stub$Proxy@1ea86fc, appThread = android.app.IApplicationThread$Stub$Proxy@8e47185, debugName = overlayBackTransition }}
03-31 00:59:06.967 V/WindowManagerShell( 1337):  Checking filter Pair{{types=[] flags=0x0] notFlags=0x0 checks=[{atype=dream independent=true modes=[OPEN,TO_FRONT] flags=NONE mustBeTask=false order=ANY topActivity=null launchCookie=null windowingMode=undefined isCrossDisplayMove=false},{atype=home independent=true modes=[CLOSE,TO_BACK] flags=NONE mustBeTask=false order=ANY topActivity=null launchCookie=null windowingMode=undefined isCrossDisplayMove=false}]} RemoteTransition { remoteTransition = android.window.IRemoteTransition$Stub$Proxy@5b90bda, appThread = android.app.IApplicationThread$Stub$Proxy@602a80b, debugName = LauncherToDream }}
03-31 00:59:06.971 V/WindowManagerShell( 1337):  Checking filter Pair{{types=[] flags=0x0] notFlags=0x100 checks=[{atype=home independent=true modes=[OPEN,TO_FRONT] flags=NONE mustBeTask=false order=TOP topActivity=ComponentInfo{com.google.android.apps.nexuslauncher/com.google.android.apps.nexuslauncher.NexusLauncherActivity} launchCookie=null windowingMode=undefined isCrossDisplayMove=false},{atype=standard independent=true modes=[CLOSE,TO_BACK] flags=NONE mustBeTask=false order=ANY topActivity=null launchCookie=null windowingMode=undefined isCrossDisplayMove=false},{NOT atype=undefined independent=true modes=[] flags=NONE mustBeTask=true order=ANY topActivity=null launchCookie=null customAnim=true windowingMode=undefined isCrossDisplayMove=false}]} RemoteTransition { remoteTransition = android.window.IRemoteTransition$Stub$Proxy@1d716e8, appThread = android.app.IApplicationThread$Stub$Proxy@ffa101, debugName = QuickstepLaunchHome }}
03-31 00:59:06.974 D/RemoteTransitionHandler( 1337): Found filterPair{{types=[] flags=0x0] notFlags=0x100 checks=[{atype=home independent=true modes=[OPEN,TO_FRONT] flags=NONE mustBeTask=false order=TOP topActivity=ComponentInfo{com.google.android.apps.nexuslauncher/com.google.android.apps.nexuslauncher.NexusLauncherActivity} launchCookie=null windowingMode=undefined isCrossDisplayMove=false},{atype=standard independent=true modes=[CLOSE,TO_BACK] flags=NONE mustBeTask=false order=ANY topActivity=null launchCookie=null windowingMode=undefined isCrossDisplayMove=false},{NOT atype=undefined independent=true modes=[] flags=NONE mustBeTask=true order=ANY topActivity=null launchCookie=null customAnim=true windowingMode=undefined isCrossDisplayMove=false}]} RemoteTransition { remoteTransition = android.window.IRemoteTransition$Stub$Proxy@1d716e8, appThread = android.app.IApplicationThread$Stub$Proxy@ffa101, debugName = QuickstepLaunchHome }}
03-31 00:59:06.974 V/WindowManagerShell( 1337):  Delegate animation for (#166) to RemoteTransition { remoteTransition = android.window.IRemoteTransition$Stub$Proxy@1d716e8, appThread = android.app.IApplicationThread$Stub$Proxy@ffa101, debugName = QuickstepLaunchHome }
03-31 00:59:06.986 V/WindowManagerShell( 1337):  animated by com.android.wm.shell.transition.RemoteTransitionHandler@7ac0ba6
03-31 00:59:07.058 D/ActivityManager(  815): sync unfroze 27164 com.android.vending:background for 3
03-31 00:59:07.183 D/ActivityThread(27088): Package [com.weejobs.app] reported as REPLACED, but missing application info. Assuming REMOVED.
03-31 00:59:07.185 D/ActivityThread(24277): Package [com.weejobs.app] reported as REPLACED, but missing application info. Assuming REMOVED.
03-31 00:59:07.198 D/ActivityThread(24277): Package [com.weejobs.app] reported as REPLACED, but missing application info. Assuming REMOVED.
03-31 00:59:07.265 D/ActivityThread(27164): Package [com.weejobs.app] reported as REPLACED, but missing application info. Assuming REMOVED.
03-31 00:59:07.279 I/Finsky:background(27164): [46] Stats for Executor: bgExecutor vbl@7faeea9[Running, pool size = 4, active threads = 0, queued tasks = 1, completed tasks = 46]
03-31 00:59:07.285 D/ActivityThread(27164): Package [com.weejobs.app] reported as REPLACED, but missing application info. Assuming REMOVED.
03-31 00:59:07.326 D/ActivityManager(  815): sync unfroze 22626 com.google.android.permissioncontroller for 3
03-31 00:59:07.376 D/LauncherStateManager( 1636): StateManager.createAtomicAnimation: fromState: Normal, toState: Normal, partial trace:
03-31 00:59:07.376 D/LauncherStateManager( 1636): 	at com.android.quickstep.util.ScalingWorkspaceRevealAnim.<init>(go/retraceme f3a19d912c87c27267cfbc05ba0bc7b202ab72a6648bd76225f5f7e128d94583:54)
03-31 00:59:07.376 D/LauncherStateManager( 1636): 	at com.android.launcher3.QuickstepTransitionManager.createWallpaperOpenAnimations(go/retraceme f3a19d912c87c27267cfbc05ba0bc7b202ab72a6648bd76225f5f7e128d94583:537)
03-31 00:59:07.376 D/LauncherStateManager( 1636): 	at com.android.launcher3.QuickstepTransitionManager$WallpaperOpenLauncherAnimationRunner.onAnimationStart(go/retraceme f3a19d912c87c27267cfbc05ba0bc7b202ab72a6648bd76225f5f7e128d94583:96)
03-31 00:59:07.383 I/Finsky:background(27164): [46] Stats for Executor: LightweightExecutor vbl@11f231d[Running, pool size = 4, active threads = 0, queued tasks = 0, completed tasks = 17]
03-31 00:59:07.397 D/AllAppsTransitionController( 1636): shouldProtectHeader: false skipScrim: true state: Normal stateManager.getState(): Normal
03-31 00:59:07.411 D/KeyboardInsetsHandler( 1636): removePendingImeController: pendingImeController=null
03-31 00:59:07.435 V/BaseDepthController( 1636): Applying blur: 0 to Surface(name=com.google.android.apps.nexuslauncher/com.google.android.apps.nexuslauncher.NexusLauncherActivity#2371)/@0x49adec1 applyImmediately: false
03-31 00:59:07.436 D/BaseDepthController( 1636): shouldBlurWorkspace: false targetState: Normal currentStableState: Normal mCurrentBlur: 0 mLauncher.getDepthBlurTargets(): [com.android.launcher3.Workspace{15d666 V.ED..... ......ID 0,0-1080,2400 #7f0a049d app:id/workspace}, com.android.launcher3.Hotseat{9838da7 V.ED..... ........ 0,1905-1080,2400 #7f0a01ee app:id/hotseat}]
03-31 00:59:07.436 I/Finsky:background(27164): [46] Stats for Executor: BlockingExecutor vbl@b4726ac[Running, pool size = 0, active threads = 0, queued tasks = 0, completed tasks = 18]
03-31 00:59:07.438 V/BaseDepthController( 1636): Applying blur: 0 to Surface(name=com.google.android.apps.nexuslauncher/com.google.android.apps.nexuslauncher.NexusLauncherActivity#2371)/@0x49adec1 applyImmediately: false
03-31 00:59:07.438 D/BaseDepthController( 1636): shouldBlurWorkspace: false targetState: Normal currentStableState: Normal mCurrentBlur: 0 mLauncher.getDepthBlurTargets(): [com.android.launcher3.Workspace{15d666 V.ED..... ......ID 0,0-1080,2400 #7f0a049d app:id/workspace}, com.android.launcher3.Hotseat{9838da7 V.ED..... ........ 0,1905-1080,2400 #7f0a01ee app:id/hotseat}]
03-31 00:59:07.439 W/system_server(  815): Suspending all threads took: 16.513ms
03-31 00:59:07.455 D/LauncherStateManager( 1636): StateManager.cancelAnimation: animation ongoing: false, partial trace:
03-31 00:59:07.455 D/LauncherStateManager( 1636): 	at com.android.launcher3.statemanager.StateManager.setCurrentAnimation(go/retraceme f3a19d912c87c27267cfbc05ba0bc7b202ab72a6648bd76225f5f7e128d94583:18)
03-31 00:59:07.455 D/LauncherStateManager( 1636): 	at com.android.launcher3.QuickstepTransitionManager.createWallpaperOpenAnimations(go/retraceme f3a19d912c87c27267cfbc05ba0bc7b202ab72a6648bd76225f5f7e128d94583:646)
03-31 00:59:07.455 D/LauncherStateManager( 1636): 	at com.android.launcher3.QuickstepTransitionManager$WallpaperOpenLauncherAnimationRunner.onAnimationStart(go/retraceme f3a19d912c87c27267cfbc05ba0bc7b202ab72a6648bd76225f5f7e128d94583:96)
03-31 00:59:07.457 D/b/311077782( 1636): LauncherAnimationRunner.setAnimation
03-31 00:59:07.468 V/BaseDepthController( 1636): Applying blur: 0 to Surface(name=com.google.android.apps.nexuslauncher/com.google.android.apps.nexuslauncher.NexusLauncherActivity#2371)/@0x49adec1 applyImmediately: false
03-31 00:59:07.469 D/BaseDepthController( 1636): shouldBlurWorkspace: false targetState: Normal currentStableState: Normal mCurrentBlur: 0 mLauncher.getDepthBlurTargets(): [com.android.launcher3.Workspace{15d666 V.ED..... ......ID 0,0-1080,2400 #7f0a049d app:id/workspace}, com.android.launcher3.Hotseat{9838da7 V.ED..... ......ID 0,1905-1080,2400 #7f0a01ee app:id/hotseat}]
03-31 00:59:07.474 V/BaseDepthController( 1636): Applying blur: 0 to Surface(name=com.google.android.apps.nexuslauncher/com.google.android.apps.nexuslauncher.NexusLauncherActivity#2371)/@0x49adec1 applyImmediately: false
03-31 00:59:07.474 D/BaseDepthController( 1636): shouldBlurWorkspace: false targetState: Normal currentStableState: Normal mCurrentBlur: 0 mLauncher.getDepthBlurTargets(): [com.android.launcher3.Workspace{15d666 V.ED..... ......ID 0,0-1080,2400 #7f0a049d app:id/workspace}, com.android.launcher3.Hotseat{9838da7 V.ED..... ......ID 0,1905-1080,2400 #7f0a01ee app:id/hotseat}]
03-31 00:59:07.475 I/Finsky:background(27164): [2] Memory trim requested to level 40
03-31 00:59:07.513 I/Finsky  (27088): [46] Stats for Executor: LightweightExecutor vbl@9236271[Running, pool size = 4, active threads = 0, queued tasks = 0, completed tasks = 214]
03-31 00:59:07.518 V/BaseDepthController( 1636): Applying blur: 0 to Surface(name=com.google.android.apps.nexuslauncher/com.google.android.apps.nexuslauncher.NexusLauncherActivity#2371)/@0x49adec1 applyImmediately: false
03-31 00:59:07.518 D/BaseDepthController( 1636): shouldBlurWorkspace: false targetState: Normal currentStableState: Normal mCurrentBlur: 0 mLauncher.getDepthBlurTargets(): [com.android.launcher3.Workspace{15d666 V.ED..... ......ID 0,0-1080,2400 #7f0a049d app:id/workspace}, com.android.launcher3.Hotseat{9838da7 V.ED..... ......ID 0,1905-1080,2400 #7f0a01ee app:id/hotseat}]
03-31 00:59:07.519 V/BaseDepthController( 1636): Applying blur: 0 to Surface(name=com.google.android.apps.nexuslauncher/com.google.android.apps.nexuslauncher.NexusLauncherActivity#2371)/@0x49adec1 applyImmediately: false
03-31 00:59:07.520 D/BaseDepthController( 1636): shouldBlurWorkspace: false targetState: Normal currentStableState: Normal mCurrentBlur: 0 mLauncher.getDepthBlurTargets(): [com.android.launcher3.Workspace{15d666 V.ED..... ......ID 0,0-1080,2400 #7f0a049d app:id/workspace}, com.android.launcher3.Hotseat{9838da7 V.ED..... ......ID 0,1905-1080,2400 #7f0a01ee app:id/hotseat}]
03-31 00:59:07.523 I/Finsky  (27088): [46] Stats for Executor: BlockingExecutor vbl@64ba3cf[Running, pool size = 0, active threads = 0, queued tasks = 0, completed tasks = 31]
03-31 00:59:07.527 V/BaseDepthController( 1636): Applying blur: 0 to Surface(name=com.google.android.apps.nexuslauncher/com.google.android.apps.nexuslauncher.NexusLauncherActivity#2371)/@0x49adec1 applyImmediately: false
03-31 00:59:07.527 D/BaseDepthController( 1636): shouldBlurWorkspace: false targetState: Normal currentStableState: Normal mCurrentBlur: 0 mLauncher.getDepthBlurTargets(): [com.android.launcher3.Workspace{15d666 V.ED..... ......ID 0,0-1080,2400 #7f0a049d app:id/workspace}, com.android.launcher3.Hotseat{9838da7 V.ED..... ......ID 0,1905-1080,2400 #7f0a01ee app:id/hotseat}]
03-31 00:59:07.539 I/Finsky  (27088): [2] Memory trim requested to level 40
03-31 00:59:07.560 I/Finsky  (27088): [46] Stats for Executor: bgExecutor vbl@6ca99a8[Running, pool size = 4, active threads = 0, queued tasks = 0, completed tasks = 229]
03-31 00:59:07.598 W/system_server(  815): Weak pointer dereference blocked for 64 milliseconds.
03-31 00:59:07.619 W/system_server(  815): Weak pointer dereference blocked for 36 milliseconds.
03-31 00:59:07.619 W/system_server(  815): Weak pointer dereference blocked for 47 milliseconds.
03-31 00:59:07.681 D/BaseActivity( 1636): Launcher flags updated: [state_started|state_resumed|state_deferred_resumed|state_window_focused|state_user_active] +[state_window_focused]
03-31 00:59:07.769 D/ActivityManager(  815): sync unfroze 27692 com.android.keychain for 10
03-31 00:59:07.777 D/ActivityThread(22626): Package [com.weejobs.app] reported as REPLACED, but missing application info. Assuming REMOVED.
03-31 00:59:07.788 D/ActivityThread(22626): Package [com.weejobs.app] reported as REPLACED, but missing application info. Assuming REMOVED.
03-31 00:59:07.814 W/libbinder.Binder(  815): Binder transaction to android.app.role.IRoleManager code 23 took 1071ms. Data bytes: 80 Reply bytes: 76 Flags: 18
03-31 00:59:07.818 E/SmsApplication( 1522): com.google.android.apps.messaging lost android:read_cell_broadcasts:  (fixing)
03-31 00:59:07.820 W/AppOpService(  815): Ignored setUidMode call for runtime permission app op: uid = 10154, code = READ_CELL_BROADCASTS, mode = allow, callingUid = 1001, oldMode = allow
03-31 00:59:07.831 V/BaseDepthController( 1636): Applying blur: 0 to Surface(name=com.google.android.apps.nexuslauncher/com.google.android.apps.nexuslauncher.NexusLauncherActivity#2371)/@0x49adec1 applyImmediately: false
03-31 00:59:07.831 D/BaseDepthController( 1636): setEarlyWakeup: true
03-31 00:59:07.832 D/BaseDepthController( 1636): shouldBlurWorkspace: false targetState: Normal currentStableState: Normal mCurrentBlur: 0 mLauncher.getDepthBlurTargets(): [com.android.launcher3.Workspace{15d666 V.ED..... ........ 0,0-1080,2400 #7f0a049d app:id/workspace}, com.android.launcher3.Hotseat{9838da7 V.ED..... .......D 0,1905-1080,2400 #7f0a01ee app:id/hotseat}]
03-31 00:59:07.832 W/Looper  ( 1337): Slow dispatch took 2015ms SysUiBg app=com.android.systemui main=false group=FOREGROUND h=android.content.pm.LauncherApps$CallbackMessageHandler c=null m=3
03-31 00:59:07.833 W/Looper  ( 1337): Slow delivery took 1940ms SysUiBg app=com.android.systemui main=false group=FOREGROUND h=android.os.Handler c=com.android.systemui.controls.management.ControlsListingControllerImpl$changeUser$1@6664e5c m=0
03-31 00:59:07.844 I/SdkSandboxManager(  815): No SDKs used. Skipping SDK data reconcilation for CallingInfo{mUid=10227, mPackageName='com.weejobs.app, mAppProcessToken='null'}
03-31 00:59:07.850 I/Finsky:background(27164): [2] Memory trim requested to level 40
03-31 00:59:07.852 I/Finsky  (27088): [2] Flushing in-memory image cache
03-31 00:59:07.853 I/SdkSandboxManager(  815): No SDKs used. Skipping SDK data reconcilation for CallingInfo{mUid=10227, mPackageName='com.weejobs.app, mAppProcessToken='null'}
03-31 00:59:07.860 I/ImeTracker(  815): com.google.android.apps.nexuslauncher:e46e8180: onRequestHide at ORIGIN_SERVER reason HIDE_UNSPECIFIED_WINDOW fromUser false
03-31 00:59:07.867 V/BaseDepthController( 1636): Applying blur: 0 to Surface(name=com.google.android.apps.nexuslauncher/com.google.android.apps.nexuslauncher.NexusLauncherActivity#2371)/@0x49adec1 applyImmediately: false
03-31 00:59:07.867 D/BaseDepthController( 1636): shouldBlurWorkspace: false targetState: Normal currentStableState: Normal mCurrentBlur: 0 mLauncher.getDepthBlurTargets(): [com.android.launcher3.Workspace{15d666 V.ED..... ........ 0,0-1080,2400 #7f0a049d app:id/workspace}, com.android.launcher3.Hotseat{9838da7 V.ED..... .......D 0,1905-1080,2400 #7f0a01ee app:id/hotseat}]
03-31 00:59:07.910 D/ActivityThread(27692): Package [com.weejobs.app] reported as REPLACED, but missing application info. Assuming REMOVED.
03-31 00:59:07.926 W/MediaProvider( 6296): WorkProfileOwnerApps cache is empty
03-31 00:59:07.931 D/ActivityThread(27692): Package [com.weejobs.app] reported as REPLACED, but missing application info. Assuming REMOVED.
03-31 00:59:07.937 V/BaseDepthController( 1636): Applying blur: 0 to Surface(name=com.google.android.apps.nexuslauncher/com.google.android.apps.nexuslauncher.NexusLauncherActivity#2371)/@0x49adec1 applyImmediately: false
03-31 00:59:07.938 D/BaseDepthController( 1636): shouldBlurWorkspace: false targetState: Normal currentStableState: Normal mCurrentBlur: 0 mLauncher.getDepthBlurTargets(): [com.android.launcher3.Workspace{15d666 V.ED..... ........ 0,0-1080,2400 #7f0a049d app:id/workspace}, com.android.launcher3.Hotseat{9838da7 V.ED..... ........ 0,1905-1080,2400 #7f0a01ee app:id/hotseat}]
03-31 00:59:07.946 W/Looper  (  815): Slow delivery took 380ms main app=system_server main=true group=FOREGROUND h=android.app.ActivityThread$H c=android.app.LoadedApk$ReceiverDispatcher$Args$$ExternalSyntheticLambda0@a5d421f m=0
03-31 00:59:07.946 W/Looper  (  815): Slow dispatch took 2119ms main app=system_server main=true group=FOREGROUND h=android.app.ActivityThread$H c=android.app.LoadedApk$ReceiverDispatcher$Args$$ExternalSyntheticLambda0@a5d421f m=0
03-31 00:59:07.966 I/artd    ( 3343): GetBestInfo: odex next to the dex file (/data/app/~~l86ooHn3z7zjJPmRwuVyKA==/com.google.android.gms-mjvtrlLEHAA3R1GV5L8qqg==/oat/x86_64/base.odex) is kOatUpToDate with filter 'speed-profile' executable 'false'
03-31 00:59:07.979 D/PickerSyncLockManager( 6296): Trying to acquire lock com.android.providers.media.photopicker.sync.CloseableReentrantLock@27c89da[Unlocked]. Lock Name = CLOUD_PROVIDER_LOCK. Threads that may be waiting to acquire this lock = []
03-31 00:59:07.979 I/artd    ( 3343): GetBestInfo: odex next to the dex file (/data/app/~~l86ooHn3z7zjJPmRwuVyKA==/com.google.android.gms-mjvtrlLEHAA3R1GV5L8qqg==/oat/x86_64/split_AdsDynamite_installtime.odex) is kOatUpToDate with filter 'speed' executable 'false'
03-31 00:59:07.986 W/AppOpService(  815): Ignored setUidMode call for runtime permission app op: uid = 1001, code = READ_SMS, mode = allow, callingUid = 1001, oldMode = allow
03-31 00:59:07.989 D/InsetsController( 1636): hide(ime())
03-31 00:59:07.991 I/ImeTracker( 1636): com.google.android.apps.nexuslauncher:e46e8180: onCancelled at PHASE_CLIENT_ALREADY_HIDDEN
03-31 00:59:07.994 V/BaseDepthController( 1636): Applying blur: 0 to Surface(name=com.google.android.apps.nexuslauncher/com.google.android.apps.nexuslauncher.NexusLauncherActivity#2371)/@0x49adec1 applyImmediately: false
03-31 00:59:07.996 D/BaseDepthController( 1636): shouldBlurWorkspace: false targetState: Normal currentStableState: Normal mCurrentBlur: 0 mLauncher.getDepthBlurTargets(): [com.android.launcher3.Workspace{15d666 V.ED..... ........ 0,0-1080,2400 #7f0a049d app:id/workspace}, com.android.launcher3.Hotseat{9838da7 V.ED..... ........ 0,1905-1080,2400 #7f0a01ee app:id/hotseat}]
03-31 00:59:08.005 I/artd    ( 3343): GetBestInfo: odex next to the dex file (/data/app/~~l86ooHn3z7zjJPmRwuVyKA==/com.google.android.gms-mjvtrlLEHAA3R1GV5L8qqg==/oat/x86_64/split_CronetDynamite_installtime.odex) is kOatUpToDate with filter 'speed' executable 'false'
03-31 00:59:08.015 I/GoogleInputMethodService( 8754): GoogleInputMethodService.onFinishInput():2057 
03-31 00:59:08.028 V/BaseDepthController( 1636): Applying blur: 0 to Surface(name=com.google.android.apps.nexuslauncher/com.google.android.apps.nexuslauncher.NexusLauncherActivity#2371)/@0x49adec1 applyImmediately: false
03-31 00:59:08.028 D/BaseDepthController( 1636): shouldBlurWorkspace: false targetState: Normal currentStableState: Normal mCurrentBlur: 0 mLauncher.getDepthBlurTargets(): [com.android.launcher3.Workspace{15d666 V.ED..... ........ 0,0-1080,2400 #7f0a049d app:id/workspace}, com.android.launcher3.Hotseat{9838da7 V.ED..... ........ 0,1905-1080,2400 #7f0a01ee app:id/hotseat}]
03-31 00:59:08.053 I/Finsky:background(27164): [2] aiko - Received: android.intent.action.PACKAGE_REMOVED, [Gqk4ewQyzs5K3YXFVstm8EkH33a-0A8vDs_YEc4mwgs]
03-31 00:59:08.064 D/CloseableReentrantLock( 6296): Successfully acquired lock com.android.providers.media.photopicker.sync.CloseableReentrantLock@27c89da[Locked by thread main]. Lock Name = CLOUD_PROVIDER_LOCK. Threads that may be waiting to acquire this lock = []
03-31 00:59:08.073 V/BaseDepthController( 1636): Applying blur: 0 to Surface(name=com.google.android.apps.nexuslauncher/com.google.android.apps.nexuslauncher.NexusLauncherActivity#2371)/@0x49adec1 applyImmediately: false
03-31 00:59:08.075 D/BaseDepthController( 1636): shouldBlurWorkspace: false targetState: Normal currentStableState: Normal mCurrentBlur: 0 mLauncher.getDepthBlurTargets(): [com.android.launcher3.Workspace{15d666 V.ED..... ........ 0,0-1080,2400 #7f0a049d app:id/workspace}, com.android.launcher3.Hotseat{9838da7 V.ED..... ........ 0,1905-1080,2400 #7f0a01ee app:id/hotseat}]
03-31 00:59:08.100 V/BaseDepthController( 1636): Applying blur: 0 to Surface(name=com.google.android.apps.nexuslauncher/com.google.android.apps.nexuslauncher.NexusLauncherActivity#2371)/@0x49adec1 applyImmediately: false
03-31 00:59:08.100 D/BaseDepthController( 1636): shouldBlurWorkspace: false targetState: Normal currentStableState: Normal mCurrentBlur: 0 mLauncher.getDepthBlurTargets(): [com.android.launcher3.Workspace{15d666 V.ED..... ........ 0,0-1080,2400 #7f0a049d app:id/workspace}, com.android.launcher3.Hotseat{9838da7 V.ED..... ........ 0,1905-1080,2400 #7f0a01ee app:id/hotseat}]
03-31 00:59:08.162 V/BaseDepthController( 1636): Applying blur: 0 to Surface(name=com.google.android.apps.nexuslauncher/com.google.android.apps.nexuslauncher.NexusLauncherActivity#2371)/@0x49adec1 applyImmediately: false
03-31 00:59:08.162 D/BaseDepthController( 1636): shouldBlurWorkspace: false targetState: Normal currentStableState: Normal mCurrentBlur: 0 mLauncher.getDepthBlurTargets(): [com.android.launcher3.Workspace{15d666 V.ED..... ........ 0,0-1080,2400 #7f0a049d app:id/workspace}, com.android.launcher3.Hotseat{9838da7 V.ED..... ........ 0,1905-1080,2400 #7f0a01ee app:id/hotseat}]
03-31 00:59:08.183 V/BaseDepthController( 1636): Applying blur: 0 to Surface(name=com.google.android.apps.nexuslauncher/com.google.android.apps.nexuslauncher.NexusLauncherActivity#2371)/@0x49adec1 applyImmediately: false
03-31 00:59:08.183 D/BaseDepthController( 1636): shouldBlurWorkspace: false targetState: Normal currentStableState: Normal mCurrentBlur: 0 mLauncher.getDepthBlurTargets(): [com.android.launcher3.Workspace{15d666 V.ED..... ........ 0,0-1080,2400 #7f0a049d app:id/workspace}, com.android.launcher3.Hotseat{9838da7 V.ED..... ........ 0,1905-1080,2400 #7f0a01ee app:id/hotseat}]
03-31 00:59:08.215 V/BaseDepthController( 1636): Applying blur: 0 to Surface(name=com.google.android.apps.nexuslauncher/com.google.android.apps.nexuslauncher.NexusLauncherActivity#2371)/@0x49adec1 applyImmediately: false
03-31 00:59:08.216 D/BaseDepthController( 1636): shouldBlurWorkspace: false targetState: Normal currentStableState: Normal mCurrentBlur: 0 mLauncher.getDepthBlurTargets(): [com.android.launcher3.Workspace{15d666 V.ED..... ........ 0,0-1080,2400 #7f0a049d app:id/workspace}, com.android.launcher3.Hotseat{9838da7 V.ED..... ........ 0,1905-1080,2400 #7f0a01ee app:id/hotseat}]
03-31 00:59:08.249 V/BaseDepthController( 1636): Applying blur: 0 to Surface(name=com.google.android.apps.nexuslauncher/com.google.android.apps.nexuslauncher.NexusLauncherActivity#2371)/@0x49adec1 applyImmediately: false
03-31 00:59:08.255 D/BaseDepthController( 1636): shouldBlurWorkspace: false targetState: Normal currentStableState: Normal mCurrentBlur: 0 mLauncher.getDepthBlurTargets(): [com.android.launcher3.Workspace{15d666 V.ED..... ........ 0,0-1080,2400 #7f0a049d app:id/workspace}, com.android.launcher3.Hotseat{9838da7 V.ED..... ........ 0,1905-1080,2400 #7f0a01ee app:id/hotseat}]
03-31 00:59:08.257 I/Module  ( 8754): DeviceLockedStatusModuleProvider$Module.updateDeviceLockedStatus():100 repeatCheckTimes = 0, locked = false
03-31 00:59:08.270 V/BaseDepthController( 1636): Applying blur: 0 to Surface(name=com.google.android.apps.nexuslauncher/com.google.android.apps.nexuslauncher.NexusLauncherActivity#2371)/@0x49adec1 applyImmediately: false
03-31 00:59:08.270 D/BaseDepthController( 1636): shouldBlurWorkspace: false targetState: Normal currentStableState: Normal mCurrentBlur: 0 mLauncher.getDepthBlurTargets(): [com.android.launcher3.Workspace{15d666 V.ED..... ........ 0,0-1080,2400 #7f0a049d app:id/workspace}, com.android.launcher3.Hotseat{9838da7 V.ED..... ........ 0,1905-1080,2400 #7f0a01ee app:id/hotseat}]
03-31 00:59:08.278 W/NotificationCenter( 8754): NotificationCenter$NotificationQueue.notifyPendingNotificationsOnExecutor():877 Heavy notify work detected on UI thread: [ltj->jtc, ltj->jup, ltj->lsn, ltj->jqp, ltj->hlv, ltj->jtc, ltj->jtc, ltj->fum, ltj->jtc, ltj->jtc, ltj->jtc, ltj->jtc, ltj->jtc, ltj->lse, ltj->jtc, ltj->jtc, ltj->jtc, ltj->nuz, ltj->fwu, ltj->guu, ltj->kya, ltj->ngp, ltj->jtc, ltj->jtc] takes 173ms
03-31 00:59:08.428 V/BaseDepthController( 1636): Applying blur: 0 to Surface(name=com.google.android.apps.nexuslauncher/com.google.android.apps.nexuslauncher.NexusLauncherActivity#2371)/@0x49adec1 applyImmediately: false
03-31 00:59:08.429 D/BaseDepthController( 1636): shouldBlurWorkspace: false targetState: Normal currentStableState: Normal mCurrentBlur: 0 mLauncher.getDepthBlurTargets(): [com.android.launcher3.Workspace{15d666 V.ED..... ........ 0,0-1080,2400 #7f0a049d app:id/workspace}, com.android.launcher3.Hotseat{9838da7 V.ED..... ........ 0,1905-1080,2400 #7f0a01ee app:id/hotseat}]
03-31 00:59:08.464 V/BaseDepthController( 1636): Applying blur: 0 to Surface(name=com.google.android.apps.nexuslauncher/com.google.android.apps.nexuslauncher.NexusLauncherActivity#2371)/@0x49adec1 applyImmediately: false
03-31 00:59:08.470 D/BaseDepthController( 1636): setEarlyWakeup: false
03-31 00:59:08.470 D/BaseDepthController( 1636): shouldBlurWorkspace: false targetState: Normal currentStableState: Normal mCurrentBlur: 0 mLauncher.getDepthBlurTargets(): [com.android.launcher3.Workspace{15d666 V.ED..... ........ 0,0-1080,2400 #7f0a049d app:id/workspace}, com.android.launcher3.Hotseat{9838da7 V.ED..... ........ 0,1905-1080,2400 #7f0a01ee app:id/hotseat}]
03-31 00:59:08.507 I/GoogleInputMethodService( 8754): GoogleInputMethodService.onStartInput():1318 onStartInput(EditorInfo{EditorInfo{packageName=com.google.android.apps.nexuslauncher, inputType=0, inputTypeString=NULL, enableLearning=false, autoCorrection=false, autoComplete=false, imeOptions=0, privateImeOptions=null, actionName=UNSPECIFIED, actionLabel=null, initialSelStart=-1, initialSelEnd=-1, initialCapsMode=0, label=null, fieldId=0, fieldName=null, extras=null, hintText=null, hintLocales=[]}}, false)
03-31 00:59:08.522 W/Looper  (  815): Slow dispatch took 548ms main app=system_server main=true group=FOREGROUND h=android.app.ActivityThread$H c=android.app.LoadedApk$ReceiverDispatcher$Args$$ExternalSyntheticLambda0@2d6866e m=0
03-31 00:59:08.567 D/CloseableReentrantLock( 6296): Successfully released lock com.android.providers.media.photopicker.sync.CloseableReentrantLock@27c89da[Unlocked]. Lock Name = CLOUD_PROVIDER_LOCK. Threads that may be waiting to acquire this lock = []
03-31 00:59:08.572 I/Finsky  (27088): [2] Memory trim requested to level 40
03-31 00:59:08.584 I/artd    ( 3343): GetBestInfo: odex next to the dex file (/data/app/~~l86ooHn3z7zjJPmRwuVyKA==/com.google.android.gms-mjvtrlLEHAA3R1GV5L8qqg==/oat/x86_64/split_DynamiteLoader_installtime.odex) is kOatUpToDate with filter 'speed' executable 'false'
03-31 00:59:08.619 I/Finsky  (27088): [2] Flushing in-memory image cache
03-31 00:59:08.656 I/Module  ( 8754): DeviceLockedStatusModuleProvider$Module.updateDeviceLockedStatus():100 repeatCheckTimes = 1, locked = false
03-31 00:59:08.671 I/artd    ( 3343): GetBestInfo: odex next to the dex file (/data/app/~~l86ooHn3z7zjJPmRwuVyKA==/com.google.android.gms-mjvtrlLEHAA3R1GV5L8qqg==/oat/x86_64/split_DynamiteModulesA_installtime.odex) is kOatUpToDate with filter 'speed' executable 'false'
03-31 00:59:08.673 D/BackgroundInstallControlService(  815): Package event received: 0
03-31 00:59:08.697 D/ScalingWorkspaceRevealAnim( 1636): onAnimationEnd, workspace and hotseat are visible
03-31 00:59:08.699 V/BaseDepthController( 1636): Applying blur: 0 to Surface(name=com.google.android.apps.nexuslauncher/com.google.android.apps.nexuslauncher.NexusLauncherActivity#2371)/@0x49adec1 applyImmediately: false
03-31 00:59:08.699 D/BaseDepthController( 1636): shouldBlurWorkspace: false targetState: Normal currentStableState: Normal mCurrentBlur: 0 mLauncher.getDepthBlurTargets(): [com.android.launcher3.Workspace{15d666 V.ED..... ......ID 0,0-1080,2400 #7f0a049d app:id/workspace}, com.android.launcher3.Hotseat{9838da7 V.ED..... ......ID 0,1905-1080,2400 #7f0a01ee app:id/hotseat}]
03-31 00:59:08.788 V/WindowManagerShell( 1337): Received remote transition finished callback for (#166)
03-31 00:59:08.802 V/WindowManagerShell( 1337): Transition animation finished (aborted=false), notifying core (#166) android.os.BinderProxy@e48022c@0
03-31 00:59:08.808 I/artd    ( 3343): GetBestInfo: odex next to the dex file (/data/app/~~l86ooHn3z7zjJPmRwuVyKA==/com.google.android.gms-mjvtrlLEHAA3R1GV5L8qqg==/oat/x86_64/split_DynamiteModulesC_installtime.odex) is kOatUpToDate with filter 'speed' executable 'false'
03-31 00:59:08.832 W/NotificationCenter( 8754): NotificationCenter$NotificationQueue.notifyPendingNotificationsOnExecutor():877 Heavy notify work detected on UI thread: [ltj->jtc, ltj->jup, ltj->lsn, ltj->jqp, ltj->hlv, ltj->jtc, ltj->jtc, ltj->fum, ltj->jtc, ltj->jtc, ltj->jtc, ltj->jtc, ltj->jtc, ltj->lse, ltj->jtc, ltj->jtc, ltj->jtc, ltj->nuz, ltj->fwu, ltj->guu, ltj->kya, ltj->ngp, ltj->jtc, ltj->jtc] takes 218ms
03-31 00:59:08.868 I/artd    ( 3343): GetBestInfo: odex next to the dex file (/data/app/~~l86ooHn3z7zjJPmRwuVyKA==/com.google.android.gms-mjvtrlLEHAA3R1GV5L8qqg==/oat/x86_64/split_GoogleCertificates_installtime.odex) is kOatUpToDate with filter 'speed' executable 'false'
03-31 00:59:08.903 W/Looper  (  815): Slow dispatch took 132ms android.ui app=system_server main=false group=TOP_APP h=com.android.server.am.ActivityManagerService$UiHandler c=com.android.server.am.UidObserverController$$ExternalSyntheticLambda0@b25499f m=0
03-31 00:59:08.906 W/PackageConfigPersister(  815): App-specific configuration not found for packageName: com.google.android.apps.nexuslauncher and userId: 0
03-31 00:59:08.918 W/NotificationCenter( 8754): NotificationCenter$NotificationQueue.notifyPendingNotificationsOnExecutor():877 Heavy notify work detected on UI thread: [ltj->kub] takes 76ms
03-31 00:59:08.932 I/Bugle   (24895): BroadcastReceiverAsyncWorkTracker: Acknowledging broadcast of crsu@858225
03-31 00:59:08.937 I/artd    ( 3343): GetBestInfo: odex next to the dex file (/data/app/~~l86ooHn3z7zjJPmRwuVyKA==/com.google.android.gms-mjvtrlLEHAA3R1GV5L8qqg==/oat/x86_64/split_MapsDynamite_installtime.odex) is kOatUpToDate with filter 'speed' executable 'false'
03-31 00:59:08.969 W/AppOpService(  815): Ignored setUidMode call for runtime permission app op: uid = 1001, code = RECEIVE_SMS, mode = allow, callingUid = 1001, oldMode = allow
03-31 00:59:08.972 I/Bugle   (24895): BroadcastReceiverAsyncWorkTracker: Acknowledging broadcast of crsu@858225
03-31 00:59:09.003 I/artd    ( 3343): GetBestInfo: odex next to the dex file (/data/app/~~l86ooHn3z7zjJPmRwuVyKA==/com.google.android.gms-mjvtrlLEHAA3R1GV5L8qqg==/oat/x86_64/split_MeasurementDynamite_installtime.odex) is kOatUpToDate with filter 'speed' executable 'false'
03-31 00:59:09.060 W/AppOpService(  815): Ignored setUidMode call for runtime permission app op: uid = 1001, code = RECEIVE_WAP_PUSH, mode = allow, callingUid = 1001, oldMode = allow
03-31 00:59:09.084 W/AppOpService(  815): Ignored setUidMode call for runtime permission app op: uid = 1001, code = SEND_SMS, mode = allow, callingUid = 1001, oldMode = allow
03-31 00:59:09.098 W/AppOpService(  815): Ignored setUidMode call for runtime permission app op: uid = 1001, code = READ_CELL_BROADCASTS, mode = allow, callingUid = 1001, oldMode = allow
03-31 00:59:09.104 I/artd    ( 3343): GetBestInfo: /data/user_de/0/com.google.android.gms/app_chimera/m/0000000d/dl-PlayCloudSearch.optional_253434100000.apk has no usable artifacts
03-31 00:59:09.175 I/artd    ( 3343): GetBestInfo: /data/user_de/0/com.google.android.gms/app_chimera/m/0000000c/dl-MlkitBarcodeUi.optional_253434100800.apk has no usable artifacts
03-31 00:59:09.191 I/ImeTracker(  815): system_server:2738be95: onRequestHide at ORIGIN_SERVER reason IME_REQUESTED_CHANGED_LISTENER fromUser false
03-31 00:59:09.195 I/SafetyLabelChangedBroadcastReceiver(22626): received broadcast packageName: com.weejobs.app, current user: UserHandle{0}, packageChangeEvent: UPDATE, intent user: UserHandle{0}
03-31 00:59:09.207 I/artd    ( 3343): GetBestInfo: /data/user_de/0/com.google.android.gms/app_chimera/m/00000001/CronetDynamite.apk has no usable artifacts
03-31 00:59:09.222 I/artd    ( 3343): GetBestInfo: /data/user_de/0/com.google.android.gms/app_chimera/m/00000016/dl-MlkitOcrCommon.optional_261133100800.apk has no usable artifacts
03-31 00:59:09.258 I/artd    ( 3343): GetBestInfo: /data/user_de/0/com.google.android.gms/app_chimera/m/0000000e/dl-VisionOcr.optional_253434100000.apk has no usable artifacts
03-31 00:59:09.272 I/Finsky:background(27164): [100] Wrote row to frosting DB: 569
03-31 00:59:09.284 W/libbinder.Binder(  815): Binder transaction to com.android.internal.inputmethod.IInputMethodPrivilegedOperations code 2 took 1319ms. Data bytes: 176 Reply bytes: 0 Flags: 17
03-31 00:59:09.291 I/artd    ( 3343): GetBestInfo: /data/user_de/0/com.google.android.gms/app_chimera/m/00000002/DynamiteLoader.apk has no usable artifacts
03-31 00:59:09.296 I/artd    ( 3343): GetBestInfo: /data/user_de/0/com.google.android.gms/app_chimera/m/00000005/GoogleCertificates.apk has no usable artifacts
03-31 00:59:09.336 W/HWUI    ( 1636): Failed to choose config with EGL_SWAP_BEHAVIOR_PRESERVED, retrying without...
03-31 00:59:09.339 W/HWUI    ( 1636): Failed to initialize 101010-2 format, error = EGL_SUCCESS
03-31 00:59:09.345 I/artd    ( 3343): GetBestInfo: /data/user_de/0/com.google.android.gms/app_chimera/m/00000012/dl-Appsearch.optional_261133100800.apk has no usable artifacts
03-31 00:59:09.365 V/WindowManager(  815): Finish Transition (#166): created at 03-31 00:59:03.972 collect-started=8.122ms request-sent=10.944ms started=438.335ms ready=2635.955ms sent=2807.423ms commit=395.808ms finished=5362.566ms
03-31 00:59:09.369 D/BackgroundInstallControlService(  815): Package event received: 0
03-31 00:59:09.405 I/Finsky  (27088): [2] aiky - Received: android.intent.action.PACKAGE_REMOVED, [Gqk4ewQyzs5K3YXFVstm8EkH33a-0A8vDs_YEc4mwgs]
03-31 00:59:09.422 W/libbinder.Binder(  815): Binder transaction to android.view.IWindowSession code 17 took 1321ms. Data bytes: 104 Reply bytes: 0 Flags: 17
03-31 00:59:09.423 W/Looper  (  815): Slow dispatch took 779ms main app=system_server main=true group=FOREGROUND h=android.app.ActivityThread$H c=android.app.LoadedApk$ServiceDispatcher$RunConnection@2c477a0 m=0
03-31 00:59:09.510 I/Telecom (  815): CarModeTracker: Package com.weejobs.app is not tracked.: SSH.oR@A2A
03-31 00:59:09.511 I/Telecom (  815): InCallController: updateCarModeForConnections: car mode apps: : SSH.oR@A2A
03-31 00:59:09.530 I/artd    ( 3343): GetBestInfo: /data/user_de/0/com.google.android.gms/app_chimera/m/00000011/dl-PlayCloudSearch.optional_261133100000.apk has no usable artifacts
03-31 00:59:09.531 I/Telecom (  815): InCallController: update carmode current:UserHandle{0} parent:null: SSH.oR@A2A
03-31 00:59:09.600 I/artd    ( 3343): GetBestInfo: /data/user_de/0/com.google.android.gms/app_chimera/m/00000015/dl-MlkitBarcodeUi.optional_261133100800.apk has no usable artifacts
03-31 00:59:09.602 D/ActivityManager(  815): sync unfroze 22624 com.google.android.gms for 6
03-31 00:59:09.657 W/ActivityTaskManager(  815): callingPackage for (uid=2000, pid=28369) has no WPC
03-31 00:59:09.658 V/WindowManagerShell( 1337): Track 0 became idle
03-31 00:59:09.658 V/WindowManagerShell( 1337): All active transition animations finished
03-31 00:59:09.662 V/WindowManager(  815): DesktopModeLaunchParamsModifier: phase= 0 task=null activity=null display-area-from-current-params=null display-area-from-default-fallback=DefaultTaskDisplayArea@146451114 display-id=0 task-display-area-windowing-mode=1 suggested-display-area=DefaultTaskDisplayArea@146451114 task null, skipping
03-31 00:59:09.662 V/WindowManager(  815): TaskLaunchParamsModifier:phase=0 task=null activity=null display-area-from-current-params=null display-area-from-default-fallback=DefaultTaskDisplayArea@146451114 display-id=0 task-display-area-windowing-mode=1 suggested-display-area=DefaultTaskDisplayArea@146451114
03-31 00:59:09.687 D/AS.AudioService(  815): received android.intent.action.PACKAGE_ADDED replacing: true archival: false for package com.weejobs.app with uid 10227
03-31 00:59:09.687 D/AlphabeticIndexCompat( 1636): computeSectionName: cs: WeeJobs sectionName: W
03-31 00:59:09.712 I/artd    ( 3343): GetBestInfo: /data/user_de/0/com.google.android.gms/app_chimera/m/0000000a/dl-Appsearch.optional_253434100800.apk has no usable artifacts
03-31 00:59:09.723 D/AllAppsStore( 1636): setApps: apps.length=21
03-31 00:59:09.724 D/AllAppsStore( 1636): notifyUpdate: notifying listeners
03-31 00:59:09.726 D/ActivityAllAppsContainerView( 1636): onAppsUpdated; number of apps: 21
03-31 00:59:09.732 D/ActivityAllAppsContainerView( 1636): rebindAdapters: force: false
03-31 00:59:09.733 D/AppSearchAppsIndexerManagerS(  815): userid in package receiver: 10227
03-31 00:59:09.733 D/ActivityAllAppsContainerView( 1636): rebindAdapters: Not needed.
03-31 00:59:09.733 D/StatsLog( 1636): LAUNCHER_ALLAPPS_COUNT
03-31 00:59:09.736 D/AlphabeticalAppsList( 1636): Clearing FastScrollerSections.
03-31 00:59:09.737 D/AlphabeticalAppsList( 1636): Adding apps with sections. HasPrivateApps: false
03-31 00:59:09.737 D/AlphabeticalAppsList( 1636): addAppsWithSections: adding sectionName: C with appInfoTitle: Calendar
03-31 00:59:09.737 D/AlphabeticalAppsList( 1636): addAppsWithSections: adding sectionName: D with appInfoTitle: Drive
03-31 00:59:09.738 D/ActivityThread(22624): Package [com.weejobs.app] reported as REPLACED, but missing application info. Assuming REMOVED.
03-31 00:59:09.738 D/AlphabeticalAppsList( 1636): addAppsWithSections: adding sectionName: E with appInfoTitle: Expo Go
03-31 00:59:09.738 D/AlphabeticalAppsList( 1636): addAppsWithSections: adding sectionName: F with appInfoTitle: Files
03-31 00:59:09.738 D/AlphabeticalAppsList( 1636): addAppsWithSections: adding sectionName: G with appInfoTitle: Gmail
03-31 00:59:09.738 D/AlphabeticalAppsList( 1636): addAppsWithSections: adding sectionName: M with appInfoTitle: Maps
03-31 00:59:09.738 D/AlphabeticalAppsList( 1636): addAppsWithSections: adding sectionName: P with appInfoTitle: Phone
03-31 00:59:09.738 D/AlphabeticalAppsList( 1636): addAppsWithSections: adding sectionName: S with appInfoTitle: Safety
03-31 00:59:09.739 D/AlphabeticalAppsList( 1636): addAppsWithSections: adding sectionName: T with appInfoTitle: TMoble
03-31 00:59:09.739 D/AlphabeticalAppsList( 1636): addAppsWithSections: adding sectionName: W with appInfoTitle: WeeJobs
03-31 00:59:09.739 D/AlphabeticalAppsList( 1636): addAppsWithSections: adding sectionName: Y with appInfoTitle: YouTube
03-31 00:59:09.739 D/AlphabeticalAppsList( 1636): Adding FastScrollSection duplicate to scroll to the bottom.
03-31 00:59:09.740 D/ActivityThread(22624): Package [com.weejobs.app] reported as REPLACED, but missing application info. Assuming REMOVED.
03-31 00:59:09.749 I/artd    ( 3343): GetBestInfo: /data/user_de/0/com.google.android.gms/app_chimera/m/00000008/dl-TfliteDynamiteDynamite.integ_252130102100800.apk has no usable artifacts
03-31 00:59:09.751 D/AlphabeticalAppsList( 1636): Clearing FastScrollerSections.
03-31 00:59:09.751 D/AlphabeticalAppsList( 1636): Adding apps with sections. HasPrivateApps: false
03-31 00:59:09.751 D/AlphabeticalAppsList( 1636): addAppsWithSections: adding sectionName: C with appInfoTitle: Calendar
03-31 00:59:09.751 D/AlphabeticalAppsList( 1636): addAppsWithSections: adding sectionName: D with appInfoTitle: Drive
03-31 00:59:09.751 D/AlphabeticalAppsList( 1636): addAppsWithSections: adding sectionName: E with appInfoTitle: Expo Go
03-31 00:59:09.751 D/AlphabeticalAppsList( 1636): addAppsWithSections: adding sectionName: F with appInfoTitle: Files
03-31 00:59:09.751 D/AlphabeticalAppsList( 1636): addAppsWithSections: adding sectionName: G with appInfoTitle: Gmail
03-31 00:59:09.751 D/AlphabeticalAppsList( 1636): addAppsWithSections: adding sectionName: M with appInfoTitle: Maps
03-31 00:59:09.751 D/AlphabeticalAppsList( 1636): addAppsWithSections: adding sectionName: P with appInfoTitle: Phone
03-31 00:59:09.751 D/AlphabeticalAppsList( 1636): addAppsWithSections: adding sectionName: S with appInfoTitle: Safety
03-31 00:59:09.752 D/AlphabeticalAppsList( 1636): addAppsWithSections: adding sectionName: T with appInfoTitle: TMoble
03-31 00:59:09.752 D/AlphabeticalAppsList( 1636): addAppsWithSections: adding sectionName: W with appInfoTitle: WeeJobs
03-31 00:59:09.752 D/AlphabeticalAppsList( 1636): addAppsWithSections: adding sectionName: Y with appInfoTitle: YouTube
03-31 00:59:09.752 D/AlphabeticalAppsList( 1636): Adding FastScrollSection duplicate to scroll to the bottom.
03-31 00:59:09.765 I/BugleDataModel(24895): ActionExecutorImpl: ACTION_EXECUTE_QUEUED_CountryCodeDetectorAction
03-31 00:59:09.771 I/BugleDataModel(24895): ExecuteActionRunnable: running action CountryCodeDetectorAction
03-31 00:59:09.775 I/RoleService(  815): Granting default roles...
03-31 00:59:09.784 I/BugleDataModel(24895): ActionExecutorImpl: ACTION_BACKGROUND_QUEUED_CountryCodeDetectorAction
03-31 00:59:09.788 I/artd    ( 3343): GetBestInfo: /data/user_de/0/com.google.android.gms/app_chimera/m/0000000f/dl-MlkitOcrCommon.optional_253434100800.apk has no usable artifacts
03-31 00:59:09.795 I/artd    ( 3343): GetBestInfo: /data/user_de/0/com.google.android.gms/app_chimera/m/00000010/dl-VisionOcr.optional_261133100000.apk has no usable artifacts
03-31 00:59:09.819 I/artd    ( 3343): GetBestInfo: vdex next to the dex file (/data/user/0/com.google.android.gms/app_dg_cache/BB2AE5A47BB198AF36C19CFD2B6407061A1BAF30/oat/x86_64/the.vdex) is kOatUpToDate with filter 'verify' executable 'false'
03-31 00:59:09.819 I/system_server(  815): Background young concurrent mark compact GC freed 26MB AllocSpace bytes, 11(268KB) LOS objects, 32% free, 38MB/56MB, paused 108.352ms,156.055ms total 4.778s
03-31 00:59:09.827 I/artd    ( 3343): GetBestInfo: /data/user_de/0/com.google.android.gms/app_chimera/m/00000007/MeasurementDynamite.apk has no usable artifacts
03-31 00:59:09.839 E/SmsApplication( 1522): com.google.android.apps.messaging lost android:read_cell_broadcasts:  (fixing)
03-31 00:59:09.844 W/AppOpService(  815): Ignored setUidMode call for runtime permission app op: uid = 10154, code = READ_CELL_BROADCASTS, mode = allow, callingUid = 1001, oldMode = allow
03-31 00:59:09.845 I/HalDevMgr(  815): bestIfaceCreationProposal is null, requestIface=STA, existingIface=[name=wlan0 type=STA]
03-31 00:59:09.869 W/libbinder.Binder(  815): Binder transaction to android.content.pm.IPackageManager code 1598311760 took 4766ms. Data bytes: 80 Reply bytes: 4 Flags: 16
03-31 00:59:09.883 D/BackgroundInstallControlService(  815): Package event received: 0
03-31 00:59:09.884 D/BackgroundInstallControlService(  815): Package event received: 0
03-31 00:59:09.884 D/b/387844520( 1636): getOutlineOffsetX: measured width = 173, mNormalizedIconSize = 159, last updated width = 173
03-31 00:59:09.925 W/AppOpService(  815): Ignored setUidMode call for runtime permission app op: uid = 1001, code = READ_SMS, mode = allow, callingUid = 1001, oldMode = allow
03-31 00:59:09.949 W/AppOpService(  815): Ignored setUidMode call for runtime permission app op: uid = 1001, code = RECEIVE_SMS, mode = allow, callingUid = 1001, oldMode = allow
03-31 00:59:09.954 W/AppOpService(  815): Ignored setUidMode call for runtime permission app op: uid = 1001, code = RECEIVE_WAP_PUSH, mode = allow, callingUid = 1001, oldMode = allow
03-31 00:59:09.959 I/PluginActionManager[com.android.systemui.action.ICON_WRAPPER_PLUGIN]( 1636): Found 0 plugins
03-31 00:59:09.961 W/AppOpService(  815): Ignored setUidMode call for runtime permission app op: uid = 1001, code = SEND_SMS, mode = allow, callingUid = 1001, oldMode = allow
03-31 00:59:09.961 I/PluginActionManager[com.android.systemui.action.PLUGIN_CUSTOM_WIDGET]( 1636): Found 0 plugins
03-31 00:59:09.967 I/PluginActionManager[com.android.systemui.action.PLUGIN_NETWORK_FETCHER_ACTIONS]( 1636): Found 0 plugins
03-31 00:59:09.970 W/AppOpService(  815): Ignored setUidMode call for runtime permission app op: uid = 1001, code = READ_CELL_BROADCASTS, mode = allow, callingUid = 1001, oldMode = allow
03-31 00:59:09.986 I/PluginActionManager[com.android.systemui.action.PLUGIN_LAUNCHER_OVERLAY]( 1636): Found 0 plugins
03-31 00:59:09.989 W/System  (  815): A resource failed to call close. 
03-31 00:59:09.991 I/PluginActionManager[com.android.systemui.action.PLUGIN_BC_SMARTSPACE_DATA]( 1636): Found 0 plugins
03-31 00:59:09.996 I/PluginActionManager[com.android.systemui.action.PLUGIN_ALL_APPS_ACTIONS]( 1636): Found 0 plugins
03-31 00:59:10.000 I/PluginActionManager[com.android.launcher3.action.PLUGIN_DYNAMIC_RESOURCE]( 1636): Found 0 plugins
03-31 00:59:10.005 I/PluginActionManager[com.android.systemui.action.ICON_WRAPPER_PLUGIN]( 1636): Found 0 plugins
03-31 00:59:10.010 I/PluginActionManager[com.android.systemui.action.PLUGIN_CUSTOM_WIDGET]( 1636): Found 0 plugins
03-31 00:59:10.017 I/PluginActionManager[com.android.systemui.action.PLUGIN_NETWORK_FETCHER_ACTIONS]( 1636): Found 0 plugins
03-31 00:59:10.022 I/PluginActionManager[com.android.systemui.action.PLUGIN_LAUNCHER_OVERLAY]( 1636): Found 0 plugins
03-31 00:59:10.027 I/PluginActionManager[com.android.systemui.action.PLUGIN_BC_SMARTSPACE_DATA]( 1636): Found 0 plugins
03-31 00:59:10.036 I/PluginActionManager[com.android.systemui.action.PLUGIN_ALL_APPS_ACTIONS]( 1636): Found 0 plugins
03-31 00:59:10.043 D/ImsResolver( 1522): maybeAddedImsService, packageName: com.weejobs.app
03-31 00:59:10.043 I/PluginActionManager[com.android.launcher3.action.PLUGIN_DYNAMIC_RESOURCE]( 1636): Found 0 plugins
03-31 00:59:10.044 V/ImsResolver( 1522): searchForImsServices: package=com.weejobs.app, users=[UserHandle{0}]
03-31 00:59:10.051 W/Looper  (  815): Slow dispatch took 249ms main app=system_server main=true group=FOREGROUND h=android.app.ActivityThread$H c=null m=133
03-31 00:59:10.052 D/QuickstepModelDelegate( 1636): notifyAppTargetEvent action=1 launchLocation=workspace/0/[-1,-1]/[1,1]
03-31 00:59:10.053 V/GrammaticalInflectionUtils(  815): AttributionSource: android.content.AttributionSource@a8b12c4b does not have READ_SYSTEM_GRAMMATICAL_GENDER permission.
03-31 00:59:10.064 V/WindowManager(  815): DesktopModeLaunchParamsModifier: phase= 0 task=null activity=ActivityRecord{238603958 u0 com.weejobs.app/.MainActivity display-area-from-current-params=null display-area-from-default-fallback=DefaultTaskDisplayArea@146451114 display-id=0 task-display-area-windowing-mode=1 suggested-display-area=DefaultTaskDisplayArea@146451114 task null, skipping
03-31 00:59:10.065 V/WindowManager(  815): TaskLaunchParamsModifier:phase=0 task=null activity=ActivityRecord{238603958 u0 com.weejobs.app/.MainActivity t-1} display-area-from-current-params=null display-area-from-default-fallback=DefaultTaskDisplayArea@146451114 display-id=0 task-display-area-windowing-mode=1 suggested-display-area=DefaultTaskDisplayArea@146451114
03-31 00:59:10.065 V/WindowManager(  815): DesktopModeLaunchParamsModifier: phase= 3 task=null activity=ActivityRecord{238603958 u0 com.weejobs.app/.MainActivity t-1} display-area-from-current-params=null display-area-from-default-fallback=DefaultTaskDisplayArea@146451114 display-id=0 task-display-area-windowing-mode=1 suggested-display-area=DefaultTaskDisplayArea@146451114 task null, skipping
03-31 00:59:10.066 V/WindowManager(  815): TaskLaunchParamsModifier:phase=3 task=null activity=ActivityRecord{238603958 u0 com.weejobs.app/.MainActivity t-1} display-area-from-current-params=null display-area-from-default-fallback=DefaultTaskDisplayArea@146451114 display-id=0 task-display-area-windowing-mode=1 suggested-display-area=DefaultTaskDisplayArea@146451114 non-freeform-task-display-area display-area=DefaultTaskDisplayArea@146451114 skip-bounds-fullscreen
03-31 00:59:10.075 V/ImsResolver( 1522): searchForImsServices: package=com.weejobs.app, users=[UserHandle{0}]
03-31 00:59:10.084 V/WindowManager(  815): DesktopModeLaunchParamsModifier: phase= 3 task=Task{3efa7b7 #76 type=standard A=10227:com.weejobs.app} activity=ActivityRecord{238603958 u0 com.weejobs.app/.MainActivity t-1} display-from-task=0 display-id=0 task-display-area-windowing-mode=1 suggested-display-area=DefaultTaskDisplayArea@146451114 not entering desktop mode, skipping
