03-31 02:00:26.582   815  2649 D CoreBackPreview: Window{5bc06ed u0 com.weejobs.app/com.weejobs.app.MainActivity}: Setting back callback OnBackInvokedCallbackInfo{mCallback=android.window.IOnBackInvokedCallback$Stub$Proxy@bc41970, mPriority=0, mIsAnimationCallback=false, mOverrideBehavior=0}
03-31 02:00:26.910  8555  8565 I FontLog : (REDACTED) Received query %s, URI %s
03-31 02:00:26.912  8555  8565 I FontLog : (REDACTED) Query [%s] resolved to %s
03-31 02:00:26.946  8555  8565 I FontLog : (REDACTED) Fetch %s end status %s
03-31 02:00:26.976  8555 19957 I FontLog : (REDACTED) Pulling font file for id = %d, cache size = %d
03-31 02:00:26.983 32258 32294 I HWUI    : Using FreeType backend (prop=Auto)
03-31 02:00:26.988   815   838 W ActivityTaskManager: Launch timeout has expired, giving up wake lock!
03-31 02:00:27.057  8555 19957 I FontLog : (REDACTED) Pulling font file for id = %d, cache size = %d
03-31 02:00:27.724 32258 32263 I com.weejobs.app: Compiler allocated 5087KB to compile void android.view.ViewRootImpl.performTraversals()
03-31 02:00:28.206 32258 32295 D ProfileInstaller: Installing profile for com.weejobs.app
03-31 02:00:28.248 32258 32264 W com.weejobs.app: userfaultfd: MOVE ioctl seems unsupported: Try again
03-31 02:00:28.307 32258 32264 I com.weejobs.app: Background concurrent mark compact GC freed 5799KB AllocSpace bytes, 18(1544KB) LOS objects, 49% free, 3856KB/7712KB, paused 7.563ms,11.193ms total 166.437ms
03-31 02:00:29.219   815  1239 I HalDevMgr: bestIfaceCreationProposal is null, requestIface=STA, existingIface=[name=wlan0 type=STA]
03-31 02:00:29.464  8555  8555 D BoundBrokerSvc: onRebind: Intent { act=com.google.android.gms.common.telemetry.service.START dat=chimera-action:/... xflg=0x4 cmp=com.google.android.gms/.chimera.PersistentApiService }
03-31 02:00:29.488   815  2649 W AppOps  : Noting op not finished: uid 10155 pkg com.google.android.gms code 113 startTime of in progress event=1774940295463
03-31 02:00:29.534   815  2649 W AppOps  : Noting op not finished: uid 10155 pkg com.google.android.gms code 79 startTime of in progress event=1774940295463
03-31 02:00:29.560  8555  8653 I ActivityScheduler: nextTriggerTime: 48016253, in 238097ms, detectorType: 39, FULL_TYPE alarmWindowMillis: 80000
03-31 02:00:30.494   815  2649 W AppOps  : Noting op not finished: uid 10155 pkg com.google.android.gms code 113 startTime of in progress event=1774940295463
03-31 02:00:31.146 32258 32287 W unknown:ReactNative: The packager does not seem to be running as we got an IOException requesting its status: failed to connect to /10.0.2.2 (port 8081) from /10.0.2.16 (port 37218) after 5000ms
03-31 02:00:31.147 32258 32287 W unknown:BridgelessReact: ReactHost{0}.isMetroRunning(): Async result = false
03-31 02:00:31.159 32258 32286 W unknown:BridgelessReact: ReactHost{0}.getOrCreateReactInstanceTask(): Creating BridgelessReactContext
03-31 02:00:31.192 32258 32286 W unknown:BridgelessReact: ReactHost{0}.getOrCreateReactInstanceTask(): Creating ReactInstance
03-31 02:00:31.356 32258 32286 D nativeloader: Load /data/app/~~nI-BoXbxySmZrn1biwQQ3w==/com.weejobs.app-M_aUx0MUKl2B90J_6Xexew==/base.apk!/lib/x86_64/libhermesvm.so using class loader ns clns-9 (caller=/data/app/~~nI-BoXbxySmZrn1biwQQ3w==/com.weejobs.app-M_aUx0MUKl2B90J_6Xexew==/base.apk!classes21.dex): ok
03-31 02:00:31.367 32258 32286 D nativeloader: Load /data/app/~~nI-BoXbxySmZrn1biwQQ3w==/com.weejobs.app-M_aUx0MUKl2B90J_6Xexew==/base.apk!/lib/x86_64/libhermestooling.so using class loader ns clns-9 (caller=/data/app/~~nI-BoXbxySmZrn1biwQQ3w==/com.weejobs.app-M_aUx0MUKl2B90J_6Xexew==/base.apk!classes21.dex): ok
03-31 02:00:31.367 32258 32286 D jni_lib_merge: Entering merged library JNI_OnLoad.
03-31 02:00:31.368 32258 32286 D jni_lib_merge: Preparing 4 pre-merged libs (including stub)
03-31 02:00:31.368 32258 32286 D jni_lib_merge: Preparing to register libhermes_executor_so.  onload_func: 0x76f5d949bad0
03-31 02:00:31.368 32258 32286 D jni_lib_merge: Preparing to register libhermesinstancejni_so.  onload_func: 0x76f5d94c7330
03-31 02:00:31.368 32258 32286 D jni_lib_merge: Preparing to register libjsijniprofiler_so.  onload_func: 0x76f5d94c90a0
03-31 02:00:31.368 32258 32286 D jni_lib_merge: About to register 3 actual methods.
03-31 02:00:32.230   815  1239 I HalDevMgr: bestIfaceCreationProposal is null, requestIface=STA, existingIface=[name=wlan0 type=STA]
03-31 02:00:32.632 32258 32286 I ExpoModulesCore: ✅ AppContext was initialized
03-31 02:00:32.922 32258 32286 W unknown:BridgelessReact: ReactHost{0}.getOrCreateReactInstanceTask(): Loading JS Bundle
03-31 02:00:33.021 32258 32286 W unknown:BridgelessReact: ReactHost{0}.getOrCreateReactInstanceTask(): DevSupportManager.onNewReactContextCreated()
03-31 02:00:33.056 32258 32299 I HermesVM: Compiling JS failed: 785:1:unrecognized Unicode character \ufffd, sourceURL: index.android.bundle
03-31 02:00:33.060 32258 32258 W unknown:ReactNative: Packager connection already open, nooping.
03-31 02:00:33.065 32258 32286 W unknown:BridgelessReact: ReactHost{0}.startSurface(surfaceId = 0): Execute
03-31 02:00:33.076 32258 32258 W unknown:BridgelessReact: ReactHost{0}.ReactContext.onHostResume()
03-31 02:00:33.116 32258 32258 W unknown:BridgelessReact: ReactHost{0}.getOrCreateReactInstanceTask(): Executing ReactInstanceEventListeners
03-31 02:00:33.148  1636  1636 D BaseActivity: Launcher flags updated: [] -[state_started]
03-31 02:00:33.150  1636  1636 D BaseDepthController: setSurface:
03-31 02:00:33.150  1636  1636 D BaseDepthController: 	mWaitingOnSurfaceValidity: false
03-31 02:00:33.150  1636  1636 D BaseDepthController: 	mBaseSurface: null
03-31 02:00:33.151  1636  1636 D BaseDepthController: mSurface is null and mCurrentBlur is: 0
03-31 02:00:33.165  1636  1636 D LauncherStateManager: StateManager.goToState: fromState: Normal, toState: Normal, partial trace:
03-31 02:00:33.165  1636  1636 D LauncherStateManager: 	at com.android.launcher3.statemanager.StateManager.moveToRestState(go/retraceme f3a19d912c87c27267cfbc05ba0bc7b202ab72a6648bd76225f5f7e128d94583:6)
03-31 02:00:33.165  1636  1636 D LauncherStateManager: 	at com.android.launcher3.statemanager.StateManager.moveToRestState(go/retraceme f3a19d912c87c27267cfbc05ba0bc7b202ab72a6648bd76225f5f7e128d94583:2)
03-31 02:00:33.165  1636  1636 D LauncherStateManager: 	at com.android.launcher3.statemanager.StatefulActivity.onStop(go/retraceme f3a19d912c87c27267cfbc05ba0bc7b202ab72a6648bd76225f5f7e128d94583:32)
03-31 02:00:33.166  1636  1636 D LauncherStateManager: StateManager.onRepeatStateSetAborted: state: Normal
03-31 02:00:33.167  1636  1636 D ActivityContext: hideKeyboard
03-31 02:00:33.167  1636  1636 D ActivityContext: isImeShown: false
03-31 02:00:33.167  1636  1636 D StatsLog: LAUNCHER_ONSTOP
03-31 02:00:33.177  1636  8447 D GmsPlayProvider: Shutdown the binder channel gracefully.
03-31 02:00:33.182  1636  8447 D GmsPlayProvider: Binder channel is terminated gracefully.
03-31 02:00:33.184  1636  1636 D StatsLog: LAUNCHER_GOOGLE_SEARCH_RESTORE_LIST_SIZE_AFTER_ACTIVITY_RESTART
03-31 02:00:33.229   815  1292 D BackgroundInstallControlService: Package event received: 0
03-31 02:00:33.391 32258 32299 W unknown:BridgelessReact: ReactHost{0}.handleHostException(message = "[runtime not ready]: Error: Non-js exception: Compiling JS failed: 785:1:unrecognized Unicode character \ufffd, sourceURL: index.android.bundle, stack:
03-31 02:00:33.391 32258 32299 W unknown:BridgelessReact: ")
03-31 02:00:33.394 32258 32299 E unknown:ReactNative: Exception in native call from JS
03-31 02:00:33.394 32258 32299 E unknown:ReactNative: com.facebook.react.common.JavascriptException: [runtime not ready]: Error: Non-js exception: Compiling JS failed: 785:1:unrecognized Unicode character \ufffd, sourceURL: index.android.bundle, stack:
03-31 02:00:33.394 32258 32299 E unknown:ReactNative: 
03-31 02:00:33.394 32258 32299 E unknown:ReactNative: 	at com.facebook.react.modules.core.ExceptionsManagerModule.reportException(ExceptionsManagerModule.kt:52)
03-31 02:00:33.394 32258 32299 E unknown:ReactNative: 	at com.facebook.react.runtime.ReactInstance$ReactJsExceptionHandlerImpl.reportJsException(ReactInstance.kt:291)
03-31 02:00:33.394 32258 32299 E unknown:ReactNative: 	at com.facebook.jni.NativeRunnable.run(Native Method)
03-31 02:00:33.394 32258 32299 E unknown:ReactNative: 	at android.os.Handler.handleCallback(Handler.java:1070)
03-31 02:00:33.394 32258 32299 E unknown:ReactNative: 	at android.os.Handler.dispatchMessage(Handler.java:125)
03-31 02:00:33.394 32258 32299 E unknown:ReactNative: 	at com.facebook.react.bridge.queue.MessageQueueThreadHandler.dispatchMessage(MessageQueueThreadHandler.kt:21)
03-31 02:00:33.394 32258 32299 E unknown:ReactNative: 	at android.os.Looper.dispatchMessage(Looper.java:333)
03-31 02:00:33.394 32258 32299 E unknown:ReactNative: 	at android.os.Looper.loopOnce(Looper.java:263)
03-31 02:00:33.394 32258 32299 E unknown:ReactNative: 	at android.os.Looper.loop(Looper.java:367)
03-31 02:00:33.394 32258 32299 E unknown:ReactNative: 	at com.facebook.react.bridge.queue.MessageQueueThreadImpl$Companion.startNewBackgroundThread$lambda$0(MessageQueueThreadImpl.kt:152)
03-31 02:00:33.394 32258 32299 E unknown:ReactNative: 	at com.facebook.react.bridge.queue.MessageQueueThreadImpl$Companion.$r8$lambda$YYXYCFexeoKtAeDpeNYkxZZlpbA(Unknown Source:0)
03-31 02:00:33.394 32258 32299 E unknown:ReactNative: 	at com.facebook.react.bridge.queue.MessageQueueThreadImpl$Companion$$ExternalSyntheticLambda0.run(D8$$SyntheticClass:0)
03-31 02:00:33.394 32258 32299 E unknown:ReactNative: 	at java.lang.Thread.run(Thread.java:1563)
03-31 02:00:33.397 32258 32286 W unknown:BridgelessReact: ReactHost{0}.getOrCreateDestroyTask()
03-31 02:00:33.398 32258 32286 W unknown:BridgelessReact: ReactHost{0}.getOrCreateDestroyTask(): Resetting createReactInstance task ref
03-31 02:00:33.754 32258 32264 I com.weejobs.app: Background young concurrent mark compact GC freed 2076KB AllocSpace bytes, 8(520KB) LOS objects, 34% free, 5084KB/7712KB, paused 8.703ms,11.282ms total 179.815ms
03-31 02:00:33.847 32258 32258 W unknown:BridgelessReact: ReactHost{0}.getOrCreateDestroyTask(): Starting React Native destruction
03-31 02:00:33.847 32258 32258 W unknown:BridgelessReact: ReactHost{0}.getOrCreateDestroyTask(): DevSupportManager cleanup
03-31 02:00:33.848 32258 32258 W unknown:BridgelessReact: ReactHost{0}.getOrCreateDestroyTask(): Move ReactHost to onHostDestroy()
03-31 02:00:33.849 32258 32258 W unknown:BridgelessReact: ReactHost{0}.ReactContext.onHostPause()
03-31 02:00:33.849 32258 32258 W unknown:BridgelessReact: ReactHost{0}.ReactContext.onHostDestroy()
03-31 02:00:33.886 32258 32286 W unknown:BridgelessReact: ReactHost{0}.getOrCreateDestroyTask(): Stopping all React Native surfaces
03-31 02:00:33.886 32258 32286 E unknown:SurfaceMountingManager: Stopping surface [1]
03-31 02:00:33.895 32258 32258 D WindowOnBackDispatcher: setTopOnBackInvokedCallback (unwrapped): android.view.ViewRootImpl$$ExternalSyntheticLambda12@c889ee9
03-31 02:00:33.898   815   831 D CoreBackPreview: Window{ab7bb91 u0 com.weejobs.app/com.weejobs.app.MainActivity}: Setting back callback OnBackInvokedCallbackInfo{mCallback=android.window.IOnBackInvokedCallback$Stub$Proxy@32ed393, mPriority=0, mIsAnimationCallback=false, mOverrideBehavior=0}
03-31 02:00:34.400 32258 32258 E unknown:SurfaceMountingManager: Surface [1] was stopped on SurfaceMountingManager.
03-31 02:00:34.411 32258 32258 I Choreographer: Skipped 30 frames!  The application may be doing too much work on its main thread.
03-31 02:00:34.427 32258 32258 W unknown:BridgelessReact: ReactHost{0}.getOrCreateDestroyTask(): Destroying MemoryPressureRouter
03-31 02:00:34.430 32258 32258 W unknown:BridgelessReact: ReactHost{0}.getOrCreateDestroyTask(): Resetting ReactContext ref
03-31 02:00:34.431 32258 32258 W unknown:BridgelessReact: ReactHost{0}.getOrCreateDestroyTask(): Destroying ReactContext
03-31 02:00:34.438 32258 32286 W unknown:BridgelessReact: ReactHost{0}.getOrCreateDestroyTask(): Resetting ReactInstance ptr
03-31 02:00:34.438 32258 32286 W unknown:BridgelessReact: ReactHost{0}.getOrCreateDestroyTask(): Destroying ReactInstance
03-31 02:00:34.496 32258 32286 E unknown:ReactNative: Tried to remove non-existent frame callback
03-31 02:00:34.549 32258 32271 I HWUI    : Davey! duration=1049ms; Flags=1, FrameTimelineVsyncId=10295371, IntendedVsync=47782019698510, Vsync=47782469698492, InputEventId=0, HandleInputStart=47782487294614, AnimationStart=47782487462814, PerformTraversalsStart=47782487760014, DrawStart=47782689794914, FrameDeadline=47782036365176, FrameStartTime=47782485650714, FrameInterval=16666666, WorkloadTarget=16666666, SyncQueued=47782698263414, SyncStart=47782711237814, IssueDrawCommandsStart=47782711680414, SwapBuffers=47782971344114, FrameCompleted=47783082136714, DequeueBufferDuration=74600, QueueBufferDuration=2651100, GpuCompleted=47783082136714, SwapBuffersCompleted=47782984175814, DisplayPresentTime=0, CommandSubmissionCompleted=47782971344114, 
03-31 02:00:34.552 32258 32286 W unknown:BridgelessReact: ReactHost{0}.getOrCreateDestroyTask(): Resetting start/destroy task ref
03-31 02:00:34.559  8555  8555 D BoundBrokerSvc: onUnbind: Intent { act=com.google.android.gms.common.telemetry.service.START dat=chimera-action:/... xflg=0x4 cmp=com.google.android.gms/.chimera.PersistentApiService }
03-31 02:00:34.637   815   972 I ImeTracker: com.weejobs.app:18dbf9e7: onRequestHide at ORIGIN_SERVER reason HIDE_UNSPECIFIED_WINDOW fromUser false
03-31 02:00:34.658 32258 32258 D InsetsController: hide(ime())
03-31 02:00:34.659 32258 32258 I ImeTracker: com.weejobs.app:18dbf9e7: onCancelled at PHASE_CLIENT_ALREADY_HIDDEN
03-31 02:00:34.688  8754  8754 I GoogleInputMethodService: GoogleInputMethodService.onFinishInput():2057 
03-31 02:00:34.693  8754  8754 I Module  : DeviceLockedStatusModuleProvider$Module.updateDeviceLockedStatus():100 repeatCheckTimes = 0, locked = false
03-31 02:00:34.693   815  2681 I ImeTracker: system_server:459f7710: onRequestHide at ORIGIN_SERVER reason IME_REQUESTED_CHANGED_LISTENER fromUser false
03-31 02:00:34.698   815   838 I ImeTracker: system_server:459f7710: onCancelled at PHASE_SERVER_SHOULD_HIDE
03-31 02:00:34.704  8754  8754 I GoogleInputMethodService: GoogleInputMethodService.onStartInput():1318 onStartInput(EditorInfo{EditorInfo{packageName=com.weejobs.app, inputType=0, inputTypeString=NULL, enableLearning=false, autoCorrection=false, autoComplete=false, imeOptions=0, privateImeOptions=null, actionName=UNSPECIFIED, actionLabel=null, initialSelStart=-1, initialSelEnd=-1, initialCapsMode=0, label=null, fieldId=0, fieldName=null, extras=null, hintText=null, hintLocales=[]}}, false)
03-31 02:00:34.709  8754  8754 I Module  : DeviceLockedStatusModuleProvider$Module.updateDeviceLockedStatus():100 repeatCheckTimes = 1, locked = false
03-31 02:00:34.719   815  2681 W PackageConfigPersister: App-specific configuration not found for packageName: com.weejobs.app and userId: 0
03-31 02:00:34.908  1522  1586 D SatelliteController: iisInCarrierRoamingNbIotNtn: satellite is disabled
03-31 02:00:34.914  1522  1586 D SatelliteController: getCarrierRoamingNtnConnectType: Falling back to global carrier config connect type: 0
03-31 02:00:34.993 32310 32310 W libbinder.BackendUnifiedServiceManager: Thread Pool max thread count is 0. Cannot cache binder as linkToDeath cannot be implemented. serviceName: package
