03-31 00:59:21.878 D/nativeloader(28393): Configuring clns-9 for other apk /data/app/~~o0J_vZZLRaR9Sohn8T0Hkg==/com.weejobs.app-v35f5KZSPVXSvpVYljMfaQ==/base.apk. target_sdk_version=36, uses_libraries=, library_path=/data/app/~~o0J_vZZLRaR9Sohn8T0Hkg==/com.weejobs.app-v35f5KZSPVXSvpVYljMfaQ==/lib/x86_64:/data/app/~~o0J_vZZLRaR9Sohn8T0Hkg==/com.weejobs.app-v35f5KZSPVXSvpVYljMfaQ==/base.apk!/lib/x86_64, permitted_path=/data:/mnt/expand:/data/user/0/com.weejobs.app
03-31 00:59:21.967 I/HalDevMgr(  815): bestIfaceCreationProposal is null, requestIface=STA, existingIface=[name=wlan0 type=STA]
03-31 00:59:22.123 V/GraphicsEnvironment(28393): Currently set values for:
03-31 00:59:22.123 V/GraphicsEnvironment(28393):   angle_gl_driver_selection_pkgs=[]
03-31 00:59:22.123 V/GraphicsEnvironment(28393):   angle_gl_driver_selection_values=[]
03-31 00:59:22.124 V/GraphicsEnvironment(28393): com.weejobs.app is not listed in per-application setting
03-31 00:59:22.127 V/GraphicsEnvironment(28393): ANGLE allowlist from config: com.dreamgames.royalmatch com.dts.freefiremax com.dxx.firenow com.gramgames.mergedragons com.ludo.king com.mojang.minecraftpe com.my.defense com.nintendo.zaka com.os.airforce com.playrix.fishdomdd.gplay io.teslatech.callbreak jp.konami.prospia net.peakgames.toonblast
03-31 00:59:22.127 V/GraphicsEnvironment(28393): No special selections for ANGLE, returning default driver choice
03-31 00:59:22.128 V/GraphicsEnvironment(28393): Neither updatable production driver nor prerelease driver is supported.
03-31 00:59:22.512 D/ActivityManager(  815): freezing 27164 com.android.vending:background
03-31 00:59:22.874 W/SoLoader(28393): Initializing SoLoader: 0
03-31 00:59:22.896 W/SoLoader(28393): Recording new base apk path: /data/app/~~o0J_vZZLRaR9Sohn8T0Hkg==/com.weejobs.app-v35f5KZSPVXSvpVYljMfaQ==/base.apk
03-31 00:59:22.896 W/SoLoader(28393): Previously recorded 0 base apk paths.
03-31 00:59:22.914 I/SoLoader(28393): Preparing SO source: DirectorySoSource[root = /vendor/lib64 flags = 2]
03-31 00:59:22.915 I/SoLoader(28393): Preparing SO source: DirectorySoSource[root = /system/lib64 flags = 2]
03-31 00:59:22.915 I/SoLoader(28393): Preparing SO source: DirectApkSoSource[root = [/data/app/~~o0J_vZZLRaR9Sohn8T0Hkg==/com.weejobs.app-v35f5KZSPVXSvpVYljMfaQ==/base.apk!/lib/x86_64]]
03-31 00:59:23.250 I/SoLoader(28393): Preparing SO source: ApplicationSoSource[DirectorySoSource[root = /data/app/~~o0J_vZZLRaR9Sohn8T0Hkg==/com.weejobs.app-v35f5KZSPVXSvpVYljMfaQ==/lib/x86_64 flags = 0]]
03-31 00:59:23.250 I/SoLoader(28393): init finish: 4 SO sources prepared
03-31 00:59:23.254 W/SoLoader(28393): SoLoader initialized: 8
03-31 00:59:23.555 D/nativeloader(28393): Load /data/app/~~o0J_vZZLRaR9Sohn8T0Hkg==/com.weejobs.app-v35f5KZSPVXSvpVYljMfaQ==/base.apk!/lib/x86_64/libc++_shared.so using class loader ns clns-9 (caller=/data/app/~~o0J_vZZLRaR9Sohn8T0Hkg==/com.weejobs.app-v35f5KZSPVXSvpVYljMfaQ==/base.apk!classes21.dex): ok
03-31 00:59:23.803 D/nativeloader(28393): Load /data/app/~~o0J_vZZLRaR9Sohn8T0Hkg==/com.weejobs.app-v35f5KZSPVXSvpVYljMfaQ==/base.apk!/lib/x86_64/libjsi.so using class loader ns clns-9 (caller=/data/app/~~o0J_vZZLRaR9Sohn8T0Hkg==/com.weejobs.app-v35f5KZSPVXSvpVYljMfaQ==/base.apk!classes21.dex): ok
03-31 00:59:23.872 D/nativeloader(28393): Load /data/app/~~o0J_vZZLRaR9Sohn8T0Hkg==/com.weejobs.app-v35f5KZSPVXSvpVYljMfaQ==/base.apk!/lib/x86_64/libfbjni.so using class loader ns clns-9 (caller=/data/app/~~o0J_vZZLRaR9Sohn8T0Hkg==/com.weejobs.app-v35f5KZSPVXSvpVYljMfaQ==/base.apk!classes21.dex): ok
03-31 00:59:23.919 D/nativeloader(28393): Load /data/app/~~o0J_vZZLRaR9Sohn8T0Hkg==/com.weejobs.app-v35f5KZSPVXSvpVYljMfaQ==/base.apk!/lib/x86_64/libreactnative.so using class loader ns clns-9 (caller=/data/app/~~o0J_vZZLRaR9Sohn8T0Hkg==/com.weejobs.app-v35f5KZSPVXSvpVYljMfaQ==/base.apk!classes21.dex): ok
03-31 00:59:23.926 D/jni_lib_merge(28393): Entering merged library JNI_OnLoad.
03-31 00:59:23.926 D/jni_lib_merge(28393): Preparing 12 pre-merged libs (including stub)
03-31 00:59:23.926 D/jni_lib_merge(28393): Preparing to register libfabricjni_so.  onload_func: 0x76f5513365d0
03-31 00:59:23.926 D/jni_lib_merge(28393): Preparing to register libreact_devsupportjni_so.  onload_func: 0x76f55154f660
03-31 00:59:23.926 D/jni_lib_merge(28393): Preparing to register libreact_featureflagsjni_so.  onload_func: 0x76f551561530
03-31 00:59:23.926 D/jni_lib_merge(28393): Preparing to register libreact_newarchdefaults_so.  onload_func: 0x76f5515fcb10
03-31 00:59:23.926 D/jni_lib_merge(28393): Preparing to register libreactnativeblob_so.  onload_func: 0x76f5518096c0
03-31 00:59:23.926 D/jni_lib_merge(28393): Preparing to register libreactnativejni_so.  onload_func: 0x76f5518452d0
03-31 00:59:23.926 D/jni_lib_merge(28393): Preparing to register libreactnativejni_common_so.  onload_func: 0x76f55184acd0
03-31 00:59:23.926 D/jni_lib_merge(28393): Preparing to register librninstance_so.  onload_func: 0x76f551894fe0
03-31 00:59:23.926 D/jni_lib_merge(28393): Preparing to register libturbomodulejsijni_so.  onload_func: 0x76f5519f6f40
03-31 00:59:23.926 D/jni_lib_merge(28393): Preparing to register libuimanagerjni_so.  onload_func: 0x76f551a0da30
03-31 00:59:23.926 D/jni_lib_merge(28393): Preparing to register libyoga_so.  onload_func: 0x76f551a1c9c0
03-31 00:59:23.927 D/jni_lib_merge(28393): About to register 11 actual methods.
03-31 00:59:24.023 D/ActivityManager(  815): freezing 27088 com.android.vending
03-31 00:59:24.044 D/InetDiagMessage(  815): Destroyed 0 sockets, proto=IPPROTO_TCP, family=AF_INET, states=14
03-31 00:59:24.053 D/InetDiagMessage(  815): Destroyed 2 sockets, proto=IPPROTO_TCP, family=AF_INET6, states=14
03-31 00:59:24.053 D/InetDiagMessage(  815): Destroyed live tcp sockets for uids={10153} in 15ms
03-31 00:59:24.415 D/nativeloader(28393): Load /data/app/~~o0J_vZZLRaR9Sohn8T0Hkg==/com.weejobs.app-v35f5KZSPVXSvpVYljMfaQ==/base.apk!/lib/x86_64/libreact_codegen_rnscreens.so using class loader ns clns-9 (caller=/data/app/~~o0J_vZZLRaR9Sohn8T0Hkg==/com.weejobs.app-v35f5KZSPVXSvpVYljMfaQ==/base.apk!classes21.dex): ok
03-31 00:59:24.434 D/jni_lib_merge(28393): Entering merged library JNI_OnLoad.
03-31 00:59:24.434 D/jni_lib_merge(28393): Preparing 12 pre-merged libs (including stub)
03-31 00:59:24.434 D/jni_lib_merge(28393): Preparing to register libfabricjni_so.  onload_func: 0x76f5513365d0
03-31 00:59:24.434 D/jni_lib_merge(28393): Preparing to register libreact_devsupportjni_so.  onload_func: 0x76f55154f660
03-31 00:59:24.434 D/jni_lib_merge(28393): Preparing to register libreact_featureflagsjni_so.  onload_func: 0x76f551561530
03-31 00:59:24.434 D/jni_lib_merge(28393): Preparing to register libreact_newarchdefaults_so.  onload_func: 0x76f5515fcb10
03-31 00:59:24.434 D/jni_lib_merge(28393): Preparing to register libreactnativeblob_so.  onload_func: 0x76f5518096c0
03-31 00:59:24.434 D/jni_lib_merge(28393): Preparing to register libreactnativejni_so.  onload_func: 0x76f5518452d0
03-31 00:59:24.434 D/jni_lib_merge(28393): Preparing to register libreactnativejni_common_so.  onload_func: 0x76f55184acd0
03-31 00:59:24.435 D/jni_lib_merge(28393): Preparing to register librninstance_so.  onload_func: 0x76f551894fe0
03-31 00:59:24.435 D/jni_lib_merge(28393): Preparing to register libturbomodulejsijni_so.  onload_func: 0x76f5519f6f40
03-31 00:59:24.435 D/jni_lib_merge(28393): Preparing to register libuimanagerjni_so.  onload_func: 0x76f551a0da30
03-31 00:59:24.435 D/jni_lib_merge(28393): Preparing to register libyoga_so.  onload_func: 0x76f551a1c9c0
03-31 00:59:24.435 D/jni_lib_merge(28393): About to register 11 actual methods.
03-31 00:59:24.439 W/com.weejobs.app(28393): userfaultfd: MOVE ioctl seems unsupported: Connection timed out
03-31 00:59:24.525 I/com.weejobs.app(28393): Background concurrent mark compact GC freed 3072KB AllocSpace bytes, 13(1152KB) LOS objects, 49% free, 2296KB/4593KB, paused 19.822ms,16.698ms total 338.873ms
03-31 00:59:24.644 D/nativeloader(28393): Load /data/app/~~o0J_vZZLRaR9Sohn8T0Hkg==/com.weejobs.app-v35f5KZSPVXSvpVYljMfaQ==/base.apk!/lib/x86_64/libreact_codegen_safeareacontext.so using class loader ns clns-9 (caller=/data/app/~~o0J_vZZLRaR9Sohn8T0Hkg==/com.weejobs.app-v35f5KZSPVXSvpVYljMfaQ==/base.apk!classes21.dex): ok
03-31 00:59:24.660 D/nativeloader(28393): Load /data/app/~~o0J_vZZLRaR9Sohn8T0Hkg==/com.weejobs.app-v35f5KZSPVXSvpVYljMfaQ==/base.apk!/lib/x86_64/libappmodules.so using class loader ns clns-9 (caller=/data/app/~~o0J_vZZLRaR9Sohn8T0Hkg==/com.weejobs.app-v35f5KZSPVXSvpVYljMfaQ==/base.apk!classes21.dex): ok
03-31 00:59:24.666 D/SatelliteController( 1522): iisInCarrierRoamingNbIotNtn: satellite is disabled
03-31 00:59:24.671 D/SatelliteController( 1522): getCarrierRoamingNtnConnectType: Falling back to global carrier config connect type: 0
03-31 00:59:24.717 W/libbinder.BackendUnifiedServiceManager(28443): Thread Pool max thread count is 0. Cannot cache binder as linkToDeath cannot be implemented. serviceName: package
03-31 00:59:25.035 I/HalDevMgr(  815): bestIfaceCreationProposal is null, requestIface=STA, existingIface=[name=wlan0 type=STA]
03-31 00:59:25.250 I/artd    ( 3343): GetBestInfo: odex next to the dex file (/data/app/~~l86ooHn3z7zjJPmRwuVyKA==/com.google.android.gms-mjvtrlLEHAA3R1GV5L8qqg==/oat/x86_64/base.odex) is kOatUpToDate with filter 'speed-profile' executable 'false'
03-31 00:59:25.260 I/artd    ( 3343): GetBestInfo: odex next to the dex file (/data/app/~~l86ooHn3z7zjJPmRwuVyKA==/com.google.android.gms-mjvtrlLEHAA3R1GV5L8qqg==/oat/x86_64/split_AdsDynamite_installtime.odex) is kOatUpToDate with filter 'speed' executable 'false'
03-31 00:59:25.268 I/artd    ( 3343): GetBestInfo: odex next to the dex file (/data/app/~~l86ooHn3z7zjJPmRwuVyKA==/com.google.android.gms-mjvtrlLEHAA3R1GV5L8qqg==/oat/x86_64/split_CronetDynamite_installtime.odex) is kOatUpToDate with filter 'speed' executable 'false'
03-31 00:59:25.275 I/artd    ( 3343): GetBestInfo: odex next to the dex file (/data/app/~~l86ooHn3z7zjJPmRwuVyKA==/com.google.android.gms-mjvtrlLEHAA3R1GV5L8qqg==/oat/x86_64/split_DynamiteLoader_installtime.odex) is kOatUpToDate with filter 'speed' executable 'false'
03-31 00:59:25.280 I/artd    ( 3343): GetBestInfo: odex next to the dex file (/data/app/~~l86ooHn3z7zjJPmRwuVyKA==/com.google.android.gms-mjvtrlLEHAA3R1GV5L8qqg==/oat/x86_64/split_DynamiteModulesA_installtime.odex) is kOatUpToDate with filter 'speed' executable 'false'
03-31 00:59:25.288 I/artd    ( 3343): GetBestInfo: odex next to the dex file (/data/app/~~l86ooHn3z7zjJPmRwuVyKA==/com.google.android.gms-mjvtrlLEHAA3R1GV5L8qqg==/oat/x86_64/split_DynamiteModulesC_installtime.odex) is kOatUpToDate with filter 'speed' executable 'false'
03-31 00:59:25.296 I/artd    ( 3343): GetBestInfo: odex next to the dex file (/data/app/~~l86ooHn3z7zjJPmRwuVyKA==/com.google.android.gms-mjvtrlLEHAA3R1GV5L8qqg==/oat/x86_64/split_GoogleCertificates_installtime.odex) is kOatUpToDate with filter 'speed' executable 'false'
03-31 00:59:25.304 I/artd    ( 3343): GetBestInfo: odex next to the dex file (/data/app/~~l86ooHn3z7zjJPmRwuVyKA==/com.google.android.gms-mjvtrlLEHAA3R1GV5L8qqg==/oat/x86_64/split_MapsDynamite_installtime.odex) is kOatUpToDate with filter 'speed' executable 'false'
03-31 00:59:25.338 I/artd    ( 3343): GetBestInfo: odex next to the dex file (/data/app/~~l86ooHn3z7zjJPmRwuVyKA==/com.google.android.gms-mjvtrlLEHAA3R1GV5L8qqg==/oat/x86_64/split_MeasurementDynamite_installtime.odex) is kOatUpToDate with filter 'speed' executable 'false'
03-31 00:59:25.391 I/artd    ( 3343): GetBestInfo: /data/user_de/0/com.google.android.gms/app_chimera/m/0000000d/dl-PlayCloudSearch.optional_253434100000.apk has no usable artifacts
03-31 00:59:25.456 I/artd    ( 3343): GetBestInfo: /data/user_de/0/com.google.android.gms/app_chimera/m/0000000c/dl-MlkitBarcodeUi.optional_253434100800.apk has no usable artifacts
03-31 00:59:25.469 I/artd    ( 3343): GetBestInfo: /data/user_de/0/com.google.android.gms/app_chimera/m/00000001/CronetDynamite.apk has no usable artifacts
03-31 00:59:25.498 I/artd    ( 3343): GetBestInfo: /data/user_de/0/com.google.android.gms/app_chimera/m/00000016/dl-MlkitOcrCommon.optional_261133100800.apk has no usable artifacts
03-31 00:59:25.519 I/artd    ( 3343): GetBestInfo: /data/user_de/0/com.google.android.gms/app_chimera/m/0000000e/dl-VisionOcr.optional_253434100000.apk has no usable artifacts
03-31 00:59:25.523 I/artd    ( 3343): GetBestInfo: /data/user_de/0/com.google.android.gms/app_chimera/m/00000002/DynamiteLoader.apk has no usable artifacts
03-31 00:59:25.529 I/artd    ( 3343): GetBestInfo: /data/user_de/0/com.google.android.gms/app_chimera/m/00000005/GoogleCertificates.apk has no usable artifacts
03-31 00:59:25.533 I/artd    ( 3343): GetBestInfo: /data/user_de/0/com.google.android.gms/app_chimera/m/00000012/dl-Appsearch.optional_261133100800.apk has no usable artifacts
03-31 00:59:25.535 I/artd    ( 3343): GetBestInfo: /data/user_de/0/com.google.android.gms/app_chimera/m/00000011/dl-PlayCloudSearch.optional_261133100000.apk has no usable artifacts
03-31 00:59:25.539 I/artd    ( 3343): GetBestInfo: /data/user_de/0/com.google.android.gms/app_chimera/m/00000015/dl-MlkitBarcodeUi.optional_261133100800.apk has no usable artifacts
03-31 00:59:25.570 I/artd    ( 3343): GetBestInfo: /data/user_de/0/com.google.android.gms/app_chimera/m/0000000a/dl-Appsearch.optional_253434100800.apk has no usable artifacts
03-31 00:59:25.573 I/artd    ( 3343): GetBestInfo: /data/user_de/0/com.google.android.gms/app_chimera/m/00000008/dl-TfliteDynamiteDynamite.integ_252130102100800.apk has no usable artifacts
03-31 00:59:25.579 I/artd    ( 3343): GetBestInfo: /data/user_de/0/com.google.android.gms/app_chimera/m/0000000f/dl-MlkitOcrCommon.optional_253434100800.apk has no usable artifacts
03-31 00:59:25.583 I/artd    ( 3343): GetBestInfo: /data/user_de/0/com.google.android.gms/app_chimera/m/00000010/dl-VisionOcr.optional_261133100000.apk has no usable artifacts
03-31 00:59:25.586 I/artd    ( 3343): GetBestInfo: vdex next to the dex file (/data/user/0/com.google.android.gms/app_dg_cache/BB2AE5A47BB198AF36C19CFD2B6407061A1BAF30/oat/x86_64/the.vdex) is kOatUpToDate with filter 'verify' executable 'false'
03-31 00:59:25.590 I/artd    ( 3343): GetBestInfo: /data/user_de/0/com.google.android.gms/app_chimera/m/00000007/MeasurementDynamite.apk has no usable artifacts
03-31 00:59:25.875 D/BackgroundInstallControlService(  815): Package event received: 0
03-31 00:59:25.882 D/BackgroundInstallControlService(  815): Package event received: 0
03-31 00:59:25.886 I/Choreographer(28393): Skipped 190 frames!  The application may be doing too much work on its main thread.
03-31 00:59:25.912 I/DisplayManager(28393): Choreographer implicitly registered for the refresh rate.
03-31 00:59:26.730 I/GFXSTREAM(28393): [eglDisplay.cpp(297)] Opening libGLESv1_CM_emulation.so
03-31 00:59:26.739 I/GFXSTREAM(28393): [eglDisplay.cpp(297)] Opening libGLESv2_emulation.so
03-31 00:59:26.771 D/DesktopExperienceFlags(28393): Toggle override initialized to: false
03-31 00:59:26.931 D/AppCompatDelegate(28393): Checking for metadata for AppLocalesMetadataHolderService : Service not found
03-31 00:59:26.996 E/ashmem  (28393): Pinning is deprecated since Android Q. Please use trim or other methods.
03-31 00:59:27.121 W/com.weejobs.app(28393): JNI critical lock held for 17.027ms on Thread[1,tid=28393,Runnable,Thread*=0x76f60260b7b0,peer=0x72ff0f78,"main"]
03-31 00:59:27.294 W/HWUI    (28393): Failed to choose config with EGL_SWAP_BEHAVIOR_PRESERVED, retrying without...
03-31 00:59:27.294 W/HWUI    (28393): Failed to initialize 101010-2 format, error = EGL_SUCCESS
03-31 00:59:27.400 D/CompatChangeReporter(28393): Compat change id reported: 377864165; UID 10227; state: ENABLED
03-31 00:59:27.402 D/DesktopModeFlags(28393): Toggle override initialized to: OVERRIDE_UNSET
03-31 00:59:27.636 I/com.weejobs.app(28393): hiddenapi: Accessing hidden method Landroid/view/ViewGroup;->makeOptionalFitsSystemWindows()V (runtime_flags=0, domain=platform, api=unsupported) from Landroidx/appcompat/widget/ViewUtils; (domain=app, TargetSdkVersion=36) using reflection: allowed
03-31 00:59:27.915 D/BoundBrokerSvc(22624): onUnbind: Intent { act=com.google.android.gms.feedback.internal.IFeedbackService dat=chimera-action:/... xflg=0x4 cmp=com.google.android.gms/.chimera.GmsBoundBrokerService }
03-31 00:59:28.063 I/HalDevMgr(  815): bestIfaceCreationProposal is null, requestIface=STA, existingIface=[name=wlan0 type=STA]
03-31 00:59:28.523 I/com.weejobs.app(28393): Background young concurrent mark compact GC freed 1305KB AllocSpace bytes, 2(188KB) LOS objects, 38% free, 2802KB/4593KB, paused 8.996ms,6.781ms total 125.514ms
03-31 00:59:29.921 W/unknown:BridgelessReact(28393): ReactHost{0}.startSurface(surfaceId = 0): Schedule
03-31 00:59:29.922 W/unknown:BridgelessReact(28393): ReactHost{0}.attachSurface(surfaceId = 0)
03-31 00:59:29.987 W/unknown:BridgelessReact(28393): ReactHost{0}.getOrCreateReactInstanceTask()
03-31 00:59:29.993 W/unknown:BridgelessReact(28393): ReactHost{0}.getOrCreateReactInstanceTask(): Start
03-31 00:59:29.995 W/unknown:BridgelessReact(28393): ReactHost{0}.getJSBundleLoader()
03-31 00:59:30.000 W/unknown:BridgelessReact(28393): ReactHost{0}.isMetroRunning()
03-31 00:59:30.006 I/com.weejobs.app(28393): Background concurrent mark compact GC freed 1120KB AllocSpace bytes, 2(184KB) LOS objects, 49% free, 3243KB/6486KB, paused 9.286ms,5.912ms total 179.756ms
03-31 00:59:30.155 I/expo-router-native(28393): MainActivity.onCreate immediate: sdExists=false appExists=true
03-31 00:59:30.172 I/expo-router-native(28393): Wrote debug routes_manifest_seen in app files: {"nativeDebug":true,"ts":1774943970156}
03-31 00:59:30.207 I/expo-router-native(28393): Found routes_manifest_seen in app files: {"nativeDebug":true,"ts":1774943970156}
03-31 00:59:30.246 W/WindowOnBackDispatcher(28393): OnBackInvokedCallback is not enabled for the application.
03-31 00:59:30.246 W/WindowOnBackDispatcher(28393): Set 'android:enableOnBackInvokedCallback="true"' in the application manifest.
03-31 00:59:30.327 W/unknown:BridgelessReact(28393): ReactHost{0}.onHostResume(activity)
03-31 00:59:30.327 W/unknown:ReactNative(28393): Packager connection already open, nooping.
03-31 00:59:30.580 W/HWUI    (28393): Unknown dataspace 0
03-31 00:59:30.703 D/ActivityManager(  815): freezing 22626 com.google.android.permissioncontroller
03-31 00:59:30.710 D/InetDiagMessage(  815): Destroyed 0 sockets, proto=IPPROTO_TCP, family=AF_INET, states=14
03-31 00:59:30.718 D/InetDiagMessage(  815): Destroyed 0 sockets, proto=IPPROTO_TCP, family=AF_INET6, states=14
03-31 00:59:30.719 D/InetDiagMessage(  815): Destroyed live tcp sockets for uids={10219} in 12ms
03-31 00:59:30.744 D/VRI[MainActivity](28393): WindowInsets changed: 1080x2400 statusBars:[0,63,0,0] navigationBars:[0,0,0,63] mandatorySystemGestures:[0,63,0,84] 
03-31 00:59:30.828 D/WindowOnBackDispatcher(28393): setTopOnBackInvokedCallback (unwrapped): android.view.ViewRootImpl$$ExternalSyntheticLambda12@2deada0
03-31 00:59:30.829 D/CoreBackPreview(  815): Window{6746be7 u0 com.weejobs.app/com.weejobs.app.MainActivity}: Setting back callback OnBackInvokedCallbackInfo{mCallback=android.window.IOnBackInvokedCallback$Stub$Proxy@65d1632, mPriority=0, mIsAnimationCallback=false, mOverrideBehavior=0}
03-31 00:59:30.969 D/ProfileInstaller(28393): Installing profile for com.weejobs.app
03-31 00:59:31.032 I/FontLog ( 8555): (REDACTED) Received query %s, URI %s
03-31 00:59:31.033 I/FontLog ( 8555): (REDACTED) Query [%s] resolved to %s
03-31 00:59:31.087 I/FontLog ( 8555): (REDACTED) Fetch %s end status %s
03-31 00:59:31.091 I/HalDevMgr(  815): bestIfaceCreationProposal is null, requestIface=STA, existingIface=[name=wlan0 type=STA]
03-31 00:59:31.116 I/FontLog ( 8555): (REDACTED) Pulling font file for id = %d, cache size = %d
03-31 00:59:31.124 I/HWUI    (28393): Using FreeType backend (prop=Auto)
03-31 00:59:31.271 I/FontLog ( 8555): (REDACTED) Pulling font file for id = %d, cache size = %d
03-31 00:59:31.939 I/com.weejobs.app(28393): Compiler allocated 5087KB to compile void android.view.ViewRootImpl.performTraversals()
03-31 00:59:32.817 D/InetDiagMessage(  815): Destroyed 0 sockets, proto=IPPROTO_TCP, family=AF_INET, states=14
03-31 00:59:32.818 D/InetDiagMessage(  815): Destroyed 0 sockets, proto=IPPROTO_TCP, family=AF_INET6, states=14
03-31 00:59:32.818 D/InetDiagMessage(  815): Destroyed live tcp sockets for uids={10159} in 2ms
03-31 00:59:32.819 D/InetDiagMessage(  815): Destroyed 0 sockets, proto=IPPROTO_TCP, family=AF_INET, states=14
03-31 00:59:32.819 D/InetDiagMessage(  815): Destroyed 0 sockets, proto=IPPROTO_TCP, family=AF_INET6, states=14
03-31 00:59:32.819 D/InetDiagMessage(  815): Destroyed live tcp sockets for uids={20159} in 0ms
03-31 00:59:34.117 I/HalDevMgr(  815): bestIfaceCreationProposal is null, requestIface=STA, existingIface=[name=wlan0 type=STA]
03-31 00:59:34.485 W/libbinder.BackendUnifiedServiceManager(28470): Thread Pool max thread count is 0. Cannot cache binder as linkToDeath cannot be implemented. serviceName: package
03-31 00:59:34.668 D/SatelliteController( 1522): iisInCarrierRoamingNbIotNtn: satellite is disabled
03-31 00:59:34.677 D/SatelliteController( 1522): getCarrierRoamingNtnConnectType: Falling back to global carrier config connect type: 0
03-31 00:59:34.970 I/artd    ( 3343): GetBestInfo: odex next to the dex file (/data/app/~~l86ooHn3z7zjJPmRwuVyKA==/com.google.android.gms-mjvtrlLEHAA3R1GV5L8qqg==/oat/x86_64/base.odex) is kOatUpToDate with filter 'speed-profile' executable 'false'
03-31 00:59:34.976 I/artd    ( 3343): GetBestInfo: odex next to the dex file (/data/app/~~l86ooHn3z7zjJPmRwuVyKA==/com.google.android.gms-mjvtrlLEHAA3R1GV5L8qqg==/oat/x86_64/split_AdsDynamite_installtime.odex) is kOatUpToDate with filter 'speed' executable 'false'
03-31 00:59:34.981 I/artd    ( 3343): GetBestInfo: odex next to the dex file (/data/app/~~l86ooHn3z7zjJPmRwuVyKA==/com.google.android.gms-mjvtrlLEHAA3R1GV5L8qqg==/oat/x86_64/split_CronetDynamite_installtime.odex) is kOatUpToDate with filter 'speed' executable 'false'
03-31 00:59:34.991 I/artd    ( 3343): GetBestInfo: odex next to the dex file (/data/app/~~l86ooHn3z7zjJPmRwuVyKA==/com.google.android.gms-mjvtrlLEHAA3R1GV5L8qqg==/oat/x86_64/split_DynamiteLoader_installtime.odex) is kOatUpToDate with filter 'speed' executable 'false'
03-31 00:59:34.997 I/artd    ( 3343): GetBestInfo: odex next to the dex file (/data/app/~~l86ooHn3z7zjJPmRwuVyKA==/com.google.android.gms-mjvtrlLEHAA3R1GV5L8qqg==/oat/x86_64/split_DynamiteModulesA_installtime.odex) is kOatUpToDate with filter 'speed' executable 'false'
03-31 00:59:35.001 I/artd    ( 3343): GetBestInfo: odex next to the dex file (/data/app/~~l86ooHn3z7zjJPmRwuVyKA==/com.google.android.gms-mjvtrlLEHAA3R1GV5L8qqg==/oat/x86_64/split_DynamiteModulesC_installtime.odex) is kOatUpToDate with filter 'speed' executable 'false'
03-31 00:59:35.007 I/artd    ( 3343): GetBestInfo: odex next to the dex file (/data/app/~~l86ooHn3z7zjJPmRwuVyKA==/com.google.android.gms-mjvtrlLEHAA3R1GV5L8qqg==/oat/x86_64/split_GoogleCertificates_installtime.odex) is kOatUpToDate with filter 'speed' executable 'false'
03-31 00:59:35.011 I/artd    ( 3343): GetBestInfo: odex next to the dex file (/data/app/~~l86ooHn3z7zjJPmRwuVyKA==/com.google.android.gms-mjvtrlLEHAA3R1GV5L8qqg==/oat/x86_64/split_MapsDynamite_installtime.odex) is kOatUpToDate with filter 'speed' executable 'false'
03-31 00:59:35.015 I/artd    ( 3343): GetBestInfo: odex next to the dex file (/data/app/~~l86ooHn3z7zjJPmRwuVyKA==/com.google.android.gms-mjvtrlLEHAA3R1GV5L8qqg==/oat/x86_64/split_MeasurementDynamite_installtime.odex) is kOatUpToDate with filter 'speed' executable 'false'
03-31 00:59:35.019 I/artd    ( 3343): GetBestInfo: /data/user_de/0/com.google.android.gms/app_chimera/m/0000000d/dl-PlayCloudSearch.optional_253434100000.apk has no usable artifacts
03-31 00:59:35.023 I/artd    ( 3343): GetBestInfo: /data/user_de/0/com.google.android.gms/app_chimera/m/0000000c/dl-MlkitBarcodeUi.optional_253434100800.apk has no usable artifacts
03-31 00:59:35.026 I/artd    ( 3343): GetBestInfo: /data/user_de/0/com.google.android.gms/app_chimera/m/00000001/CronetDynamite.apk has no usable artifacts
03-31 00:59:35.029 I/artd    ( 3343): GetBestInfo: /data/user_de/0/com.google.android.gms/app_chimera/m/00000016/dl-MlkitOcrCommon.optional_261133100800.apk has no usable artifacts
03-31 00:59:35.035 I/artd    ( 3343): GetBestInfo: /data/user_de/0/com.google.android.gms/app_chimera/m/0000000e/dl-VisionOcr.optional_253434100000.apk has no usable artifacts
03-31 00:59:35.039 I/artd    ( 3343): GetBestInfo: /data/user_de/0/com.google.android.gms/app_chimera/m/00000002/DynamiteLoader.apk has no usable artifacts
03-31 00:59:35.040 I/artd    ( 3343): GetBestInfo: /data/user_de/0/com.google.android.gms/app_chimera/m/00000005/GoogleCertificates.apk has no usable artifacts
03-31 00:59:35.046 I/artd    ( 3343): GetBestInfo: /data/user_de/0/com.google.android.gms/app_chimera/m/00000012/dl-Appsearch.optional_261133100800.apk has no usable artifacts
03-31 00:59:35.067 I/artd    ( 3343): GetBestInfo: /data/user_de/0/com.google.android.gms/app_chimera/m/00000011/dl-PlayCloudSearch.optional_261133100000.apk has no usable artifacts
03-31 00:59:35.106 I/artd    ( 3343): GetBestInfo: /data/user_de/0/com.google.android.gms/app_chimera/m/00000015/dl-MlkitBarcodeUi.optional_261133100800.apk has no usable artifacts
03-31 00:59:35.111 I/artd    ( 3343): GetBestInfo: /data/user_de/0/com.google.android.gms/app_chimera/m/0000000a/dl-Appsearch.optional_253434100800.apk has no usable artifacts
03-31 00:59:35.114 I/artd    ( 3343): GetBestInfo: /data/user_de/0/com.google.android.gms/app_chimera/m/00000008/dl-TfliteDynamiteDynamite.integ_252130102100800.apk has no usable artifacts
03-31 00:59:35.118 W/unknown:ReactNative(28393): The packager does not seem to be running as we got an IOException requesting its status: failed to connect to /10.0.2.2 (port 8081) from /10.0.2.16 (port 35180) after 5000ms
03-31 00:59:35.119 W/unknown:BridgelessReact(28393): ReactHost{0}.isMetroRunning(): Async result = false
03-31 00:59:35.127 I/artd    ( 3343): GetBestInfo: /data/user_de/0/com.google.android.gms/app_chimera/m/0000000f/dl-MlkitOcrCommon.optional_253434100800.apk has no usable artifacts
03-31 00:59:35.130 I/artd    ( 3343): GetBestInfo: /data/user_de/0/com.google.android.gms/app_chimera/m/00000010/dl-VisionOcr.optional_261133100000.apk has no usable artifacts
03-31 00:59:35.130 W/unknown:BridgelessReact(28393): ReactHost{0}.getOrCreateReactInstanceTask(): Creating BridgelessReactContext
03-31 00:59:35.135 I/artd    ( 3343): GetBestInfo: vdex next to the dex file (/data/user/0/com.google.android.gms/app_dg_cache/BB2AE5A47BB198AF36C19CFD2B6407061A1BAF30/oat/x86_64/the.vdex) is kOatUpToDate with filter 'verify' executable 'false'
03-31 00:59:35.139 I/artd    ( 3343): GetBestInfo: /data/user_de/0/com.google.android.gms/app_chimera/m/00000007/MeasurementDynamite.apk has no usable artifacts
03-31 00:59:35.158 W/unknown:BridgelessReact(28393): ReactHost{0}.getOrCreateReactInstanceTask(): Creating ReactInstance
03-31 00:59:35.345 D/nativeloader(28393): Load /data/app/~~o0J_vZZLRaR9Sohn8T0Hkg==/com.weejobs.app-v35f5KZSPVXSvpVYljMfaQ==/base.apk!/lib/x86_64/libhermesvm.so using class loader ns clns-9 (caller=/data/app/~~o0J_vZZLRaR9Sohn8T0Hkg==/com.weejobs.app-v35f5KZSPVXSvpVYljMfaQ==/base.apk!classes21.dex): ok
03-31 00:59:35.355 D/nativeloader(28393): Load /data/app/~~o0J_vZZLRaR9Sohn8T0Hkg==/com.weejobs.app-v35f5KZSPVXSvpVYljMfaQ==/base.apk!/lib/x86_64/libhermestooling.so using class loader ns clns-9 (caller=/data/app/~~o0J_vZZLRaR9Sohn8T0Hkg==/com.weejobs.app-v35f5KZSPVXSvpVYljMfaQ==/base.apk!classes21.dex): ok
03-31 00:59:35.355 D/jni_lib_merge(28393): Entering merged library JNI_OnLoad.
03-31 00:59:35.355 D/jni_lib_merge(28393): Preparing 4 pre-merged libs (including stub)
03-31 00:59:35.355 D/jni_lib_merge(28393): Preparing to register libhermes_executor_so.  onload_func: 0x76f5cc7bdad0
03-31 00:59:35.355 D/jni_lib_merge(28393): Preparing to register libhermesinstancejni_so.  onload_func: 0x76f5cc7e9330
03-31 00:59:35.355 D/jni_lib_merge(28393): Preparing to register libjsijniprofiler_so.  onload_func: 0x76f5cc7eb0a0
03-31 00:59:35.356 D/jni_lib_merge(28393): About to register 3 actual methods.
03-31 00:59:35.952 W/libbinder.Binder(  815): Binder transaction to android.app.IActivityManager code 1598246212 took 27753ms. Data bytes: 236 Reply bytes: 4 Flags: 16
03-31 00:59:36.131 D/BaseActivity( 1636): Launcher flags updated: [] -[state_started]
03-31 00:59:36.132 D/BaseDepthController( 1636): setSurface:
03-31 00:59:36.132 D/BaseDepthController( 1636): 	mWaitingOnSurfaceValidity: false
03-31 00:59:36.132 D/BaseDepthController( 1636): 	mBaseSurface: null
03-31 00:59:36.138 D/BaseDepthController( 1636): mSurface is null and mCurrentBlur is: 0
03-31 00:59:36.140 W/com.weejobs.app(28393): Verification of expo.modules.kotlin.modules.ModuleDefinitionData expo.modules.webview.DomWebViewModule.definition() took 109.378ms (15524.03 bytecodes/s) (0B arena alloc)
03-31 00:59:36.170 D/LauncherStateManager( 1636): StateManager.goToState: fromState: Normal, toState: Normal, partial trace:
03-31 00:59:36.170 D/LauncherStateManager( 1636): 	at com.android.launcher3.statemanager.StateManager.moveToRestState(go/retraceme f3a19d912c87c27267cfbc05ba0bc7b202ab72a6648bd76225f5f7e128d94583:6)
03-31 00:59:36.170 D/LauncherStateManager( 1636): 	at com.android.launcher3.statemanager.StateManager.moveToRestState(go/retraceme f3a19d912c87c27267cfbc05ba0bc7b202ab72a6648bd76225f5f7e128d94583:2)
03-31 00:59:36.170 D/LauncherStateManager( 1636): 	at com.android.launcher3.statemanager.StatefulActivity.onStop(go/retraceme f3a19d912c87c27267cfbc05ba0bc7b202ab72a6648bd76225f5f7e128d94583:32)
03-31 00:59:36.170 D/LauncherStateManager( 1636): StateManager.onRepeatStateSetAborted: state: Normal
03-31 00:59:36.179 D/ActivityContext( 1636): hideKeyboard
03-31 00:59:36.182 D/ActivityContext( 1636): isImeShown: false
03-31 00:59:36.192 D/StatsLog( 1636): LAUNCHER_ONSTOP
03-31 00:59:36.254 D/StatsLog( 1636): LAUNCHER_GOOGLE_SEARCH_RESTORE_LIST_SIZE_AFTER_ACTIVITY_RESTART
03-31 00:59:36.258 D/GmsPlayProvider( 1636): Shutdown the binder channel gracefully.
03-31 00:59:36.263 D/GmsPlayProvider( 1636): Binder channel is terminated gracefully.
03-31 00:59:36.308 D/ActivityManager(  815): sync unfroze 27088 com.android.vending for 6
