03-31 00:59:10.084 V/WindowManager(  815): TaskLaunchParamsModifier:phase=3 task=Task{3efa7b7 #76 type=standard A=10227:com.weejobs.app} activity=ActivityRecord{238603958 u0 com.weejobs.app/.MainActivity t-1} display-from-task=0 display-id=0 task-display-area-windowing-mode=1 suggested-display-area=DefaultTaskDisplayArea@146451114 inherit-from-task=fullscreen non-freeform-task-display-area display-area=DefaultTaskDisplayArea@146451114 skip-bounds-fullscreen
03-31 00:59:10.096 I/Bugle   (24895): CountryCodeDetector: updateSmsNetworkCountry from default subscription network country. detected country: us
03-31 00:59:10.103 W/VvmPkgInstalledRcvr( 1522): carrierVvmPkgAdded: carrier vvm packages doesn't contain com.weejobs.app
03-31 00:59:10.103 D/ActivityThread( 1522): Package [com.weejobs.app] reported as REPLACED, but missing application info. Assuming REMOVED.
03-31 00:59:10.108 I/BugleDataModel(24895): ActionExecutorImpl: ACTION_RESPONSE_QUEUED_CountryCodeDetectorAction
03-31 00:59:10.125 D/ActivityThread( 1522): Package [com.weejobs.app] reported as REPLACED, but missing application info. Assuming REMOVED.
03-31 00:59:10.131 I/PermissionControllerServiceImpl(22626): Updating user sensitive for uid 10227
03-31 00:59:10.151 I/ActivityTaskManager(  815): START u0 {flg=0x10000000 xflg=0x5 cmp=com.weejobs.app/.MainActivity} with LAUNCH_SINGLE_TASK from uid 2000 (com.android.shell) (BAL_ALLOW_PERMISSION) result code=0
03-31 00:59:10.191 D/BaseActivity( 1636): Launcher flags updated: [state_started|state_resumed|state_deferred_resumed|state_window_focused] -[state_user_active]
03-31 00:59:10.195 D/BaseActivity( 1636): Launcher flags updated: [state_started|state_window_focused] -[state_resumed|state_deferred_resumed]
03-31 00:59:10.196 W/SplitSelectStateCtor( 1636): Missing session instanceIds
03-31 00:59:10.197 D/StatsLog( 1636): LAUNCHER_SPLIT_SELECTION_EXIT_INTERRUPTED
03-31 00:59:10.209 V/WindowManager(  815): Defer transition id=167 for TaskFragmentTransaction=android.os.Binder@b9efe8e
03-31 00:59:10.212 V/WindowManager(  815): deferTransitionReady deferReadyDepth=1 stack=com.android.server.wm.TransitionController.deferTransitionReady:1061 com.android.server.wm.TaskFragmentOrganizerController$TaskFragmentOrganizerState.dispatchTransaction:517 com.android.server.wm.TaskFragmentOrganizerController.dispatchPendingEvents:1259 com.android.server.wm.TaskFragmentOrganizerController.dispatchPendingEvents:1228 com.android.server.wm.RootWindowContainer.performSurfacePlacement:777 
03-31 00:59:10.241 I/ImeTracker(  815): system_server:2738be95: onCancelled at PHASE_SERVER_SHOULD_HIDE
03-31 00:59:10.243 V/WindowManager(  815): Continue transition id=167 for TaskFragmentTransaction=android.os.Binder@b9efe8e
03-31 00:59:10.251 I/libbinder.BpBinder(  651): onLastStrongRef automatically unlinking death recipients for descriptor: '(not cached)'
03-31 00:59:10.259 V/WindowManager(  815): continueTransitionReady deferReadyDepth=0 stack=com.android.server.wm.TransitionController.continueTransitionReady:1071 com.android.server.wm.TaskFragmentOrganizerController$TaskFragmentOrganizerState.onTransactionFinished:546 com.android.server.wm.TaskFragmentOrganizerController.onTransactionHandled:740 android.window.ITaskFragmentOrganizerController$Stub.onTransact:225 android.os.Binder.execTransactInternal:1473 
03-31 00:59:10.261 I/ProximityAuth( 8555): [RecentAppsMediator] Package added: (user=UserHandle{0}) com.weejobs.app
03-31 00:59:10.288 V/GrammaticalInflectionUtils(  815): AttributionSource: android.content.AttributionSource@a8b12c4b does not have READ_SYSTEM_GRAMMATICAL_GENDER permission.
03-31 00:59:10.300 V/WindowManagerShell( 1337): Transition requested (#167): android.os.BinderProxy@d2d923a TransitionRequestInfo { type = OPEN, triggerTask = TaskInfo{userId=0 taskId=76 effectiveUid=10227 displayId=0 isRunning=true baseIntent=Intent { flg=0x10000000 cmp=com.weejobs.app/.MainActivity } baseActivity=ComponentInfo{com.weejobs.app/com.weejobs.app.MainActivity} topActivity=ComponentInfo{com.weejobs.app/com.weejobs.app.MainActivity} origActivity=null realActivity=ComponentInfo{com.weejobs.app/com.weejobs.app.MainActivity} numActivities=1 lastActiveTime=44098734 supportsMultiWindow=true resizeMode=1 isResizeable=true minWidth=-1 minHeight=-1 defaultMinSize=220 token=WCT{android.os.BinderProxy@1d11eeb} topActivityType=1 pictureInPictureParams=null shouldDockBigOverlays=false launchIntoPipHostTaskId=-1 lastParentTaskIdBeforePip=-1 displayCutoutSafeInsets=Rect(0, 0 - 0, 0) topActivityInfo=ActivityInfo{237f448 com.weejobs.app.MainActivity} launchCookies=[] positionInParent=Point(0, 0) parentTaskId=-1 isFocused=false isVisible=false isVisibleRequested=false isTopActivityNoDisplay=false isSleeping=false locusId=null displayAreaFeatureId=1 isTopActivityTransparent=false isActivityStackTransparent=false lastNonFullscreenBounds=null capturedLink=null capturedLinkTimestamp=0 requestedVisibleTypes=503 topActivityRequestOpenInBrowserEducationTimestamp=0 appCompatTaskInfo=AppCompatTaskInfo { topActivityInSizeCompat=false isLeafTask= true eligibleForLetterboxEducation= false isLetterboxEducationEnabled= true isLetterboxDoubleTapEnabled= false eligibleForUserAspectRatioButton= false topActivityBoundsLetterboxed= false isFromLetterboxDoubleTap= false topActivityLetterboxVerticalPosition= -1 topActivityLetterboxHorizontalPosition= -1 topActivityLetterboxWidth=-1 topActivityLetterboxHeight=-1 topActivityAppBounds=Rect(0, 0 - 1080, 2400) isUserFullscreenOverrideEnabled=false isSystemFullscreenOverrideEnabled=false hasMinAspectRatioOverride=false topActivityLetterboxBounds=null cameraCompatTaskInfo=CameraCompatTaskInfo { cameraCompatMode=undefinedundefined} topNonResizableActivityAspectRatio=-1.0} topActivityMainWindowFrame=null isAppBubble=false}, pipChange = null, remoteTransition = null, displayChange = null, requestedLocation = null, userChange = null, windowingLayerChange = null, flags = 0, debugId = 167 }
03-31 00:59:10.308 D/RecentsView( 1636): onTaskRemoved: 75, not handling task stack changes
03-31 00:59:10.309 D/RecentsView( 1636): onTaskRemoved: 75, not handling task stack changes
03-31 00:59:10.325 D/RecentsView( 1636): onTaskDisplayChanged: 76, new displayId = 0
03-31 00:59:10.328 D/BaseActivity( 1636): Launcher flags updated: [state_started] -[state_window_focused]
03-31 00:59:10.355 D/BackgroundInstallControlService(  815): Package event received: 0
03-31 00:59:10.356 D/ShellSplitScreen( 1337): logExit: no-op, mLoggerSessionId is null
03-31 00:59:10.356 V/ShellDesktopMode( 1337): DesktopTasksController: handleRequest request=TransitionRequestInfo { type = OPEN, triggerTask = TaskInfo{userId=0 taskId=76 effectiveUid=10227 displayId=0 isRunning=true baseIntent=Intent { flg=0x10000000 cmp=com.weejobs.app/.MainActivity } baseActivity=ComponentInfo{com.weejobs.app/com.weejobs.app.MainActivity} topActivity=ComponentInfo{com.weejobs.app/com.weejobs.app.MainActivity} origActivity=null realActivity=ComponentInfo{com.weejobs.app/com.weejobs.app.MainActivity} numActivities=1 lastActiveTime=44098734 supportsMultiWindow=true resizeMode=1 isResizeable=true minWidth=-1 minHeight=-1 defaultMinSize=220 token=WCT{android.os.BinderProxy@1d11eeb} topActivityType=1 pictureInPictureParams=null shouldDockBigOverlays=false launchIntoPipHostTaskId=-1 lastParentTaskIdBeforePip=-1 displayCutoutSafeInsets=Rect(0, 0 - 0, 0) topActivityInfo=ActivityInfo{237f448 com.weejobs.app.MainActivity} launchCookies=[] positionInParent=Point(0, 0) parentTaskId=-1 isFocused=false isVisible=false isVisibleRequested=false isTopActivityNoDisplay=false isSleeping=false locusId=null displayAreaFeatureId=1 isTopActivityTransparent=false isActivityStackTransparent=false lastNonFullscreenBounds=null capturedLink=null capturedLinkTimestamp=0 requestedVisibleTypes=503 topActivityRequestOpenInBrowserEducationTimestamp=0 appCompatTaskInfo=AppCompatTaskInfo { topActivityInSizeCompat=false isLeafTask= true eligibleForLetterboxEducation= false isLetterboxEducationEnabled= true isLetterboxDoubleTapEnabled= false eligibleForUserAspectRatioButton= false topActivityBoundsLetterboxed= false isFromLetterboxDoubleTap= false topActivityLetterboxVerticalPosition= -1 topActivityLetterboxHorizontalPosition= -1 topActivityLetterboxWidth=-1 topActivityLetterboxHeight=-1 topActivityAppBounds=Rect(0, 0 - 1080, 2400) isUserFullscreenOverrideEnabled=false isSystemFullscreenOverrideEnabled=false hasMinAspectRatioOverride=false topActivityLetterboxBounds=null cameraCompatTaskInfo=CameraCompatTaskInfo { cameraCompatMode=undefinedundefined} topNonResizableActivityAspectRatio=-1.0} topActivityMainWindowFrame=null isAppBubble=false}, pipChange = null, remoteTransition = null, displayChange = null, requestedLocation = null, userChange = null, windowingLayerChange = null, flags = 0, debugId = 167 }
03-31 00:59:10.357 V/ShellDesktopMode( 1337): DesktopTasksController: skipping handleRequest reason=triggerTask's display doesn't support desktop mode
03-31 00:59:10.379 V/ShellTaskOrganizer( 1337): Task vanished taskId=75
03-31 00:59:10.392 V/ShellTaskOrganizer( 1337): Fullscreen Task Vanished: #75
03-31 00:59:10.392 V/ShellDesktopMode( 1337): Task Vanished: #75 closed=true
03-31 00:59:10.404 D/CompatChangeReporter(  815): Compat change id reported: 377864165; UID 10227; state: ENABLED
03-31 00:59:10.415 D/ShellDesktopMode( 1337): AppToWebRepository: Task 75 is vanishing. Removing task data from repository
03-31 00:59:10.422 V/AppCompat( 1337): SingleSurfaceLetterboxController: []
03-31 00:59:10.423 V/AppCompat( 1337): MultiSurfaceLetterboxController: []
03-31 00:59:10.423 V/AppCompat( 1337): LetterboxInputController: []
03-31 00:59:10.432 W/Looper  (  815): Slow dispatch took 109ms android.ui app=system_server main=false group=TOP_APP h=com.android.server.am.ActivityManagerService$UiHandler c=com.android.server.am.UidObserverController$$ExternalSyntheticLambda0@b25499f m=0
03-31 00:59:10.438 V/AppCompat( 1337): RoundedCornersLetterboxController: {}
03-31 00:59:10.439 D/WindowManagerShell( 1337): setLauncherKeepClearAreaHeight: visible=false, height=495
03-31 00:59:10.439 D/b/417220811( 1636): invalidateLoadedTasks - previous requestLoadId: -1
03-31 00:59:10.474 I/Finsky:background(27164): [2] aiko - Received: android.intent.action.PACKAGE_ADDED, [Gqk4ewQyzs5K3YXFVstm8EkH33a-0A8vDs_YEc4mwgs]
03-31 00:59:10.491 D/ShellDesktopMode( 1337): DesktopRepository: Removes freeform task: taskId=75
03-31 00:59:10.491 W/ShellDesktopMode( 1337): DesktopRepository: No display id found for task: taskId=75
03-31 00:59:10.498 I/Finsky:background(27164): [100] Wrote row to frosting DB: 570
03-31 00:59:10.515 D/BackupManagerConstants(  815): getFullBackupIntervalMilliseconds(...) returns 86400000
03-31 00:59:10.516 W/WindowManager(  815): takeTaskSnapshot: taskId=76 not found or not visible
03-31 00:59:10.517 D/Zygote  (  579): Forked child process 28393
03-31 00:59:10.535 I/Fitness ( 8555): (REDACTED) FitCleanupIntentOperation received Intent %s
03-31 00:59:10.555 D/BackupManagerConstants(  815): getFullBackupRequiredNetworkType(...) returns 2
03-31 00:59:10.558 D/BackupManagerConstants(  815): getFullBackupRequireCharging(...) returns true
03-31 00:59:10.592 W/ActivityManager(  815): Slow operation: 270ms so far, now at startProcess: returned from zygote!
03-31 00:59:10.594 W/SignedPackage(  815): Package doesn't have required signing certificate: com.google.android.retaildemo
03-31 00:59:10.596 W/ActivityManager(  815): Slow operation: 306ms so far, now at startProcess: done updating battery stats
03-31 00:59:10.596 W/ActivityManager(  815): Slow operation: 306ms so far, now at startProcess: building log message
03-31 00:59:10.596 I/ActivityManager(  815): Start proc 28393:com.weejobs.app/u0a227 for next-top-activity {com.weejobs.app/com.weejobs.app.MainActivity}
03-31 00:59:10.596 W/ActivityManager(  815): Slow operation: 306ms so far, now at startProcess: starting to update pids map
03-31 00:59:10.598 E/RoleControllerServiceImpl(  815): Default/fallback role holder package doesn't qualify for the role, package: com.google.android.gms.supervision, role: android.app.role.SYSTEM_SUPERVISION, user: 0
03-31 00:59:10.614 I/ForwardSyncCache(24895): reclaimMemory: Clearing caches
03-31 00:59:10.627 W/ActivityManager(  815): Slow operation: 337ms so far, now at startProcess: done updating pids map
03-31 00:59:10.691 D/SatelliteController( 1522): packageStateChanged: package:com.weejobs.app defaultSmsPackageName: com.google.android.apps.messaging satelliteGatewayServicePackageName: 
03-31 00:59:10.693 D/b/417220811( 1636): invalidateLoadedTasks - previous requestLoadId: -1
03-31 00:59:10.695 D/b/417220811( 1636): invalidateLoadedTasks - previous requestLoadId: -1
03-31 00:59:10.695 D/b/417220811( 1636): invalidateLoadedTasks - previous requestLoadId: -1
03-31 00:59:10.727 W/Bugle   (24895): TextClassifierLibManagerImpl: Reclaiming memory at level: 40
03-31 00:59:10.751 W/SignedPackage(  815): Package doesn't have required signing certificate: com.google.android.apps.work.clouddpc
03-31 00:59:10.855 I/Finsky:background(27164): [2] aiko - Received: android.intent.action.PACKAGE_ADDED, [Gqk4ewQyzs5K3YXFVstm8EkH33a-0A8vDs_YEc4mwgs]
03-31 00:59:10.878 W/Looper  (  815): Slow dispatch took 819ms main app=system_server main=true group=FOREGROUND h=android.app.ActivityThread$H c=android.app.LoadedApk$ReceiverDispatcher$Args$$ExternalSyntheticLambda0@2b0dbee m=0
03-31 00:59:10.905 I/Finsky:background(27164): [2] aiko - Deduping intent android.intent.action.PACKAGE_ADDED
03-31 00:59:10.916 I/AiAiEcho( 2049): Predicting[0]:  [CONTEXT sampling_count=5 ]
03-31 00:59:10.930 I/AiAiEcho( 2049): EchoTargets: 
03-31 00:59:10.930 I/AiAiEcho( 2049): Filtered by AiAi flag check: 
03-31 00:59:10.930 I/AiAiEcho( 2049): [CONTEXT ratelimit_period="10 SECONDS" ]
03-31 00:59:10.947 D/WindowOnBackDispatcher( 1337): setTopOnBackInvokedCallback (unwrapped): android.view.ViewRootImpl$$ExternalSyntheticLambda12@45b98db
03-31 00:59:10.966 D/CoreBackPreview(  815): Window{defc99f u0 Splash Screen com.weejobs.app}: Setting back callback OnBackInvokedCallbackInfo{mCallback=android.window.IOnBackInvokedCallback$Stub$Proxy@2c86f25, mPriority=0, mIsAnimationCallback=false, mOverrideBehavior=0}
03-31 00:59:10.992 W/Looper  (  815): Slow dispatch took 421ms android.ui app=system_server main=false group=TOP_APP h=com.android.server.am.ActivityManagerService$UiHandler c=com.android.server.am.UidObserverController$$ExternalSyntheticLambda0@b25499f m=0
03-31 00:59:11.011 W/Looper  (  815): Slow delivery took 353ms android.ui app=system_server main=false group=TOP_APP h=com.android.server.am.ActivityManagerService$UiHandler c=com.android.server.am.UidObserverController$$ExternalSyntheticLambda0@b25499f m=0
03-31 00:59:11.012 I/AiAiEcho( 2049): #remoteViewsTwiddler: feature disabled.
03-31 00:59:11.100 I/Zygote  (28393): Process 28393 created for com.weejobs.app
03-31 00:59:11.108 I/com.weejobs.app(28393): Late-enabling -Xcheck:jni
03-31 00:59:11.122 I/Role    (  815): com.google.android.gms not qualified for android.app.role.SYSTEM_DEPENDENCY_INSTALLER due to missing RequiredComponent{mIntentFilterData=IntentFilterData{mAction='android.content.pm.action.INSTALL_DEPENDENCY', mCategories='[]', mDataScheme='null', mDataType='null'}, mMinTargetSdkVersion=1, mFlags='0', mPermission='android.permission.BIND_DEPENDENCY_INSTALLER', mQueryFlags=0, mMetaData=[]}
03-31 00:59:11.123 E/RoleControllerServiceImpl(  815): Default/fallback role holder package doesn't qualify for the role, package: com.google.android.gms, role: android.app.role.SYSTEM_DEPENDENCY_INSTALLER, user: 0
03-31 00:59:11.204 I/Auth    (22624): (REDACTED) [SupervisedAccountIntentOperation] onHandleIntent: %s
03-31 00:59:11.263 I/NearbyDiscovery(22624): (REDACTED) processGrantSlicePermission: %s
03-31 00:59:11.294 I/AiAiEcho( 2049): #postPredictionTargets: Sending updates to UISurface home with targets# 0 (types=[])
03-31 00:59:11.320 I/Finsky:background(27164): [2] aiko - Received: android.intent.action.PACKAGE_ADDED, [Gqk4ewQyzs5K3YXFVstm8EkH33a-0A8vDs_YEc4mwgs]
03-31 00:59:11.331 I/Finsky:background(27164): [100] Wrote row to frosting DB: 571
03-31 00:59:11.335 W/Looper  (  815): Slow dispatch took 442ms main app=system_server main=true group=FOREGROUND h=android.app.ActivityThread$H c=android.app.LoadedApk$ReceiverDispatcher$Args$$ExternalSyntheticLambda0@f4a1867 m=0
03-31 00:59:11.427 W/SQLiteLog(22624): (28) double-quoted string literal: "com.weejobs.app"
03-31 00:59:11.447 W/Looper  (  815): Drained
03-31 00:59:11.460 I/Finsky:background(27164): [2] aiko - Deduping intent android.intent.action.PACKAGE_ADDED
03-31 00:59:11.482 V/WindowManagerShell( 1337): onTransitionReady(transaction=3500398362624)
03-31 00:59:11.484 V/WindowManagerShell( 1337): onTransitionReady (#167) android.os.BinderProxy@d2d923a: {id=167 t=OPEN f=0x0 trk=0 r=[0@Point(0, 0)] c=[
03-31 00:59:11.484 V/WindowManagerShell( 1337):         {m=OPEN f=NONE leash=Surface(name=Task=76#2380)/@0x1e53e8e sb=Rect(0, 0 - 1080, 2400) eb=Rect(0, 0 - 1080, 2400) epz=Point(1080, 2400) d=0 taskParent=-1 winMode=1 userId=0},
03-31 00:59:11.484 V/WindowManagerShell( 1337):         {m=TO_BACK f=SHOW_WALLPAPER leash=Surface(name=Task=1#44)/@0x77f16af sb=Rect(0, 0 - 1080, 2400) eb=Rect(0, 0 - 1080, 2400) epz=Point(1080, 2400) d=0 taskParent=-1 winMode=1 userId=0},
03-31 00:59:11.484 V/WindowManagerShell( 1337):         {m=TO_BACK f=IS_WALLPAPER leash=Surface(name=WallpaperWindowToken{4959bac}#56)/@0x4602abc sb=Rect(0, 0 - 1080, 2400) eb=Rect(0, 0 - 1080, 2400) epz=Point(1080, 2400) d=0}
03-31 00:59:11.484 V/WindowManagerShell( 1337):     ]}
03-31 00:59:11.493 V/WindowManager(  815): Sent Transition (#167) createdAt=03-31 00:59:10.061 via request=TransitionRequestInfo { type = OPEN, triggerTask = TaskInfo{userId=0 taskId=76 effectiveUid=10227 displayId=0 isRunning=true baseIntent=Intent { flg=0x10000000 cmp=com.weejobs.app/.MainActivity } baseActivity=ComponentInfo{com.weejobs.app/com.weejobs.app.MainActivity} topActivity=ComponentInfo{com.weejobs.app/com.weejobs.app.MainActivity} origActivity=null realActivity=ComponentInfo{com.weejobs.app/com.weejobs.app.MainActivity} numActivities=1 lastActiveTime=44098734 supportsMultiWindow=true resizeMode=1 isResizeable=true minWidth=-1 minHeight=-1 defaultMinSize=220 token=WCT{RemoteToken{b5c41fe Task{3efa7b7 #76 type=standard A=10227:com.weejobs.app}}} topActivityType=1 pictureInPictureParams=null shouldDockBigOverlays=false launchIntoPipHostTaskId=-1 lastParentTaskIdBeforePip=-1 displayCutoutSafeInsets=Rect(0, 0 - 0, 0) topActivityInfo=ActivityInfo{ad7ad5f com.weejobs.app.MainActivity} launchCookies=[] positionInParent=Point(0, 0) parentTaskId=-1 isFocused=false isVisible=false isVisibleRequested=false isTopActivityNoDisplay=false isSleeping=false locusId=null displayAreaFeatureId=1 isTopActivityTransparent=false isActivityStackTransparent=false lastNonFullscreenBounds=null capturedLink=null capturedLinkTimestamp=0 requestedVisibleTypes=503 topActivityRequestOpenInBrowserEducationTimestamp=0 appCompatTaskInfo=AppCompatTaskInfo { topActivityInSizeCompat=false isLeafTask= true eligibleForLetterboxEducation= false isLetterboxEducationEnabled= true isLetterboxDoubleTapEnabled= false eligibleForUserAspectRatioButton= false topActivityBoundsLetterboxed= false isFromLetterboxDoubleTap= false topActivityLetterboxVerticalPosition= -1 topActivityLetterboxHorizontalPosition= -1 topActivityLetterboxWidth=-1 topActivityLetterboxHeight=-1 topActivityAppBounds=Rect(0, 0 - 1080, 2400) isUserFullscreenOverrideEnabled=false isSystemFullscreenOverrideEnabled=false hasMinAspectRatioOverride=false topActivityLetterboxBounds=null cameraCompatTaskInfo=CameraCompatTaskInfo { cameraCompatMode=undefinedundefined} topNonResizableActivityAspectRatio=-1.0} topActivityMainWindowFrame=null isAppBubble=false}, pipChange = null, remoteTransition = null, displayChange = null, requestedLocation = null, userChange = null, windowingLayerChange = null, flags = 0, debugId = 167 }
03-31 00:59:11.494 D/BoundBrokerSvc(22624): onBind: Intent { act=com.google.android.gms.common.BIND_SHARED_PREFS xflg=0x4 pkg=com.google.android.gms }
03-31 00:59:11.494 D/BoundBrokerSvc(22624): Loading bound service for intent: Intent { act=com.google.android.gms.common.BIND_SHARED_PREFS xflg=0x4 pkg=com.google.android.gms }
03-31 00:59:11.498 I/Finsky:background(27164): [64] RECEIVER_PACKAGE_MONITOR_BACKGROUND#logWorkEndAndFinishGoAsync: SUCCESS
03-31 00:59:11.503 V/WindowManagerShell( 1337): Playing animation for (#167) android.os.BinderProxy@d2d923a@0
03-31 00:59:11.504 V/ShellRecents( 1337): RecentsTransitionHandler.startAnimation: no controller found
03-31 00:59:11.507 V/ShellDesktopMode( 1337): DesktopMixedTransitionHandler: No pending desktop transition
03-31 00:59:11.510 V/WindowManagerShell( 1337): Transition doesn't have explicit remote, search filters for match for {id=167 t=OPEN f=0x0 trk=0 r=[0@Point(0, 0)] c=[{m=OPEN f=NONE leash=Surface(name=Task=76#2380)/@0x1e53e8e sb=Rect(0, 0 - 1080, 2400) eb=Rect(0, 0 - 1080, 2400) epz=Point(1080, 2400) d=0 taskParent=-1 winMode=1 userId=0},{m=TO_BACK f=SHOW_WALLPAPER leash=Surface(name=Task=1#44)/@0x77f16af sb=Rect(0, 0 - 1080, 2400) eb=Rect(0, 0 - 1080, 2400) epz=Point(1080, 2400) d=0 taskParent=-1 winMode=1 userId=0},{m=TO_BACK f=IS_WALLPAPER leash=Surface(name=WallpaperWindowToken{4959bac}#56)/@0x4602abc sb=Rect(0, 0 - 1080, 2400) eb=Rect(0, 0 - 1080, 2400) epz=Point(1080, 2400) d=0}]}
03-31 00:59:11.511 V/WindowManagerShell( 1337):  Checking filter Pair{{types=[] flags=0x0] notFlags=0x0 checks=[{atype=undefined independent=true modes=[CLOSE,TO_BACK] flags=IN_TASK_WITH_EMBEDDED_ACTIVITY mustBeTask=false order=ANY topActivity=null launchCookie=null taskFragmentToken=android.os.BinderProxy@c043bef windowingMode=undefined isCrossDisplayMove=false}]} RemoteTransition { remoteTransition = android.window.IRemoteTransition$Stub$Proxy@1ea86fc, appThread = android.app.IApplicationThread$Stub$Proxy@8e47185, debugName = overlayBackTransition }}
03-31 00:59:11.511 V/WindowManagerShell( 1337):  Checking filter Pair{{types=[] flags=0x0] notFlags=0x0 checks=[{atype=dream independent=true modes=[OPEN,TO_FRONT] flags=NONE mustBeTask=false order=ANY topActivity=null launchCookie=null windowingMode=undefined isCrossDisplayMove=false},{atype=home independent=true modes=[CLOSE,TO_BACK] flags=NONE mustBeTask=false order=ANY topActivity=null launchCookie=null windowingMode=undefined isCrossDisplayMove=false}]} RemoteTransition { remoteTransition = android.window.IRemoteTransition$Stub$Proxy@5b90bda, appThread = android.app.IApplicationThread$Stub$Proxy@602a80b, debugName = LauncherToDream }}
03-31 00:59:11.512 V/WindowManagerShell( 1337):  Checking filter Pair{{types=[] flags=0x0] notFlags=0x100 checks=[{atype=home independent=true modes=[OPEN,TO_FRONT] flags=NONE mustBeTask=false order=TOP topActivity=ComponentInfo{com.google.android.apps.nexuslauncher/com.google.android.apps.nexuslauncher.NexusLauncherActivity} launchCookie=null windowingMode=undefined isCrossDisplayMove=false},{atype=standard independent=true modes=[CLOSE,TO_BACK] flags=NONE mustBeTask=false order=ANY topActivity=null launchCookie=null windowingMode=undefined isCrossDisplayMove=false},{NOT atype=undefined independent=true modes=[] flags=NONE mustBeTask=true order=ANY topActivity=null launchCookie=null customAnim=true windowingMode=undefined isCrossDisplayMove=false}]} RemoteTransition { remoteTransition = android.window.IRemoteTransition$Stub$Proxy@1d716e8, appThread = android.app.IApplicationThread$Stub$Proxy@ffa101, debugName = QuickstepLaunchHome }}
03-31 00:59:11.515 V/WindowManager(  815):     startWCT=WindowContainerTransaction { changes= {} hops= [] errorCallbackToken=null taskFragmentOrganizer=null }
03-31 00:59:11.516 V/WindowManager(  815):     info={id=167 t=OPEN f=0x0 trk=0 r=[0@Point(0, 0)] c=[
03-31 00:59:11.516 V/WindowManager(  815):         {WCT{RemoteToken{b5c41fe Task{3efa7b7 #76 type=standard A=10227:com.weejobs.app}}} m=OPEN f=NONE leash=Surface(name=Task=76#2380)/@0xca5f614 sb=Rect(0, 0 - 1080, 2400) eb=Rect(0, 0 - 1080, 2400) epz=Point(1080, 2400) d=0 taskParent=-1 winMode=1 userId=0},
03-31 00:59:11.516 V/WindowManager(  815):         {WCT{RemoteToken{2b288d7 Task{456e129 #1 type=home}}} m=TO_BACK f=SHOW_WALLPAPER leash=Surface(name=Task=1#44)/@0x377fbff sb=Rect(0, 0 - 1080, 2400) eb=Rect(0, 0 - 1080, 2400) epz=Point(1080, 2400) d=0 taskParent=-1 winMode=1 userId=0},
03-31 00:59:11.516 V/WindowManager(  815):         {m=TO_BACK f=IS_WALLPAPER leash=Surface(name=WallpaperWindowToken{4959bac}#56)/@0x6259f59 sb=Rect(0, 0 - 1080, 2400) eb=Rect(0, 0 - 1080, 2400) epz=Point(1080, 2400) d=0}
03-31 00:59:11.516 V/WindowManager(  815):     ]}
03-31 00:59:11.512 V/WindowManagerShell( 1337):  Checking filter Pair{{types=[OPEN,TO_FRONT] flags=0x0] notFlags=0x0 checks=[{atype=standard independent=true modes=[OPEN,TO_FRONT] flags=NONE mustBeTask=true order=ANY topActivity=null launchCookie=null windowingMode=freeform isCrossDisplayMove=false}]} RemoteTransition { remoteTransition = android.window.IRemoteTransition$Stub$Proxy@37a315c, appThread = null, debugName = DesktopWindowLimitUnminimize }}
03-31 00:59:11.539 V/WindowManagerShell( 1337):  Delegate animation for (#167) to null
03-31 00:59:11.545 V/WindowManagerShell( 1337): start default transition animation, info = {id=167 t=OPEN f=0x0 trk=0 r=[0@Point(0, 0)] c=[{m=OPEN f=NONE leash=Surface(name=Task=76#2380)/@0x1e53e8e sb=Rect(0, 0 - 1080, 2400) eb=Rect(0, 0 - 1080, 2400) epz=Point(1080, 2400) d=0 taskParent=-1 winMode=1 userId=0},{m=TO_BACK f=SHOW_WALLPAPER leash=Surface(name=Task=1#44)/@0x77f16af sb=Rect(0, 0 - 1080, 2400) eb=Rect(0, 0 - 1080, 2400) epz=Point(1080, 2400) d=0 taskParent=-1 winMode=1 userId=0},{m=TO_BACK f=IS_WALLPAPER leash=Surface(name=WallpaperWindowToken{4959bac}#56)/@0x4602abc sb=Rect(0, 0 - 1080, 2400) eb=Rect(0, 0 - 1080, 2400) epz=Point(1080, 2400) d=0}]}
03-31 00:59:11.567 V/WindowManagerShell( 1337): loadAnimation: anim=android.view.animation.AnimationSet@e6336a8 animAttr=0x13 type=OPEN isEntrance=false
03-31 00:59:11.596 V/WindowManagerShell( 1337): loadAnimation: anim=android.view.animation.AnimationSet@b091554 animAttr=0x12 type=OPEN isEntrance=true
03-31 00:59:11.600 V/WindowManagerShell( 1337):  animated by com.android.wm.shell.transition.DefaultTransitionHandler@7009b89
03-31 00:59:11.601 V/ShellTaskOrganizer( 1337): Task appeared taskId=76 listener=FullscreenTaskListener
03-31 00:59:11.602 V/ShellTaskOrganizer( 1337): Fullscreen Task Appeared: #76
03-31 00:59:11.606 W/Looper  (  815): Slow dispatch took 270ms main app=system_server main=true group=FOREGROUND h=android.app.ActivityThread$H c=android.app.LoadedApk$ReceiverDispatcher$Args$$ExternalSyntheticLambda0@e9e0e74 m=0
03-31 00:59:11.608 D/AS.AudioService(  815): received android.intent.action.PACKAGE_REPLACED replacing: true archival: false for package com.weejobs.app with uid 10227
03-31 00:59:11.613 D/AppSearchAppsIndexerManagerS(  815): userid in package receiver: 10227
03-31 00:59:11.624 D/b/417220811( 1636): invalidateLoadedTasks - previous requestLoadId: -1
03-31 00:59:11.643 W/AlarmManager(  815): Package com.weejobs.app, uid 10227 lost permission to set exact alarms!
03-31 00:59:11.767 I/Finsky:background(27164): [57] IQ:PSL: skipping onPackageRemoved(replacing=true) for untracked package=com.weejobs.app
03-31 00:59:11.782 W/Looper  (  815): Drained
03-31 00:59:11.794 D/SsBaseTemplateCard( 1636): Passed-in item info is null
03-31 00:59:11.794 D/SsBaseTemplateCard( 1636): Passed-in item info is null
03-31 00:59:11.795 D/SsBaseTemplateCard( 1636): Passed-in item info is null
03-31 00:59:11.795 D/SsBaseTemplateCard( 1636): Passed-in item info is null
03-31 00:59:11.795 I/SsBaseTemplateCard( 1636): Secondary card pane is null
03-31 00:59:11.930 I/Icing   (22624): IndexChimeraService.getServiceInterface callingPackage=com.google.android.gms componentName=AppsCorpus serviceId=36
03-31 00:59:12.006 V/WindowManagerShell( 1337): Transition animation finished (aborted=false), notifying core (#167) android.os.BinderProxy@d2d923a@0
03-31 00:59:12.116 V/WindowManagerShell( 1337): Track 0 became idle
03-31 00:59:12.117 V/WindowManagerShell( 1337): All active transition animations finished
03-31 00:59:12.121 V/WindowManager(  815): Finish Transition (#167): created at 03-31 00:59:10.061 collect-started=0.086ms request-sent=81.907ms started=301.927ms ready=1217.715ms sent=1383.521ms commit=166.157ms finished=2020.739ms
03-31 00:59:12.168 D/VRI[NexusLauncherActivity]( 1636): visibilityChanged oldVisibility=true newVisibility=false
03-31 00:59:12.173 D/WallpaperService( 1337): onVisibilityChanged(false): com.android.systemui.wallpapers.ImageWallpaper$CanvasEngine@b85e592
03-31 00:59:12.174 D/NexusLauncherModelDelegate( 1636): notifySmartspaceEvent: SmartspaceTargetEvent{mSmartspaceTarget=null, mSmartspaceActionId='null', mEventType=7}
03-31 00:59:12.206 I/Finsky  (27088): [2] aiky - Received: android.intent.action.PACKAGE_ADDED, [Gqk4ewQyzs5K3YXFVstm8EkH33a-0A8vDs_YEc4mwgs]
03-31 00:59:12.220 D/BackgroundInstallControlService(  815): Package event received: 0
03-31 00:59:12.236 D/BoundBrokerSvc(22624): onBind: Intent { act=com.google.android.gms.feedback.internal.IFeedbackService dat=chimera-action:/... xflg=0x4 cmp=com.google.android.gms/.chimera.GmsBoundBrokerService }
03-31 00:59:12.236 D/BoundBrokerSvc(22624): Loading bound service for intent: Intent { act=com.google.android.gms.feedback.internal.IFeedbackService dat=chimera-action:/... xflg=0x4 cmp=com.google.android.gms/.chimera.GmsBoundBrokerService }
03-31 00:59:12.253 D/Bubbles ( 1337): onLocusVisibilityChanged=Overview|DISABLED visible=false taskId=1
03-31 00:59:12.276 I/Finsky:background(27164): [100] Wrote row to frosting DB: 572
03-31 00:59:12.332 W/Looper  (  815): Slow dispatch took 115ms android.ui app=system_server main=false group=TOP_APP h=com.android.server.wm.DisplayPolicy$PolicyHandler c=com.android.server.wm.DisplayPolicy$2$$ExternalSyntheticLambda3@d42d6d9 m=0
03-31 00:59:12.507 I/Finsky:background(27164): [2] Memory trim requested to level 40
03-31 00:59:12.523 I/Icing   (22624): IndexChimeraService.getServiceInterface callingPackage=com.google.android.gms componentName=null serviceId=30
03-31 00:59:12.532 W/Looper  (  815): Slow dispatch took 200ms android.ui app=system_server main=false group=TOP_APP h=com.android.server.am.ActivityManagerService$UiHandler c=com.android.server.am.UidObserverController$$ExternalSyntheticLambda0@b25499f m=0
03-31 00:59:12.555 I/Finsky:background(27164): [100] Wrote row to frosting DB: 573
03-31 00:59:12.579 I/Finsky  (27088): [129] SCH: Received scheduling request: Id: 12-1, Constraints: [{ L: 15000, D: 86400000, C: CHARGING_NONE, I: IDLE_NONE, N: NET_ANY, B: BATTERY_ANY }]
03-31 00:59:12.639 I/Finsky:background(27164): [100] Wrote row to frosting DB: 574
03-31 00:59:12.644 W/Looper  (  815): Slow dispatch took 111ms android.ui app=system_server main=false group=TOP_APP h=com.android.server.am.ActivityManagerService$UiHandler c=com.android.server.am.UidObserverController$$ExternalSyntheticLambda0@b25499f m=0
03-31 00:59:12.648 W/gle.android.gms(22624): Suspending all threads took: 43.475ms
03-31 00:59:12.664 E/RoleControllerServiceImpl(  815): Default/fallback role holder package doesn't qualify for the role, package: com.google.android.gms, role: android.app.role.WALLET, user: 0
03-31 00:59:12.844 I/Finsky  (27088): [129] SCH: Received scheduling request: Id: 12-1, Constraints: [{ L: 15000, D: 86400000, C: CHARGING_NONE, I: IDLE_NONE, N: NET_ANY, B: BATTERY_ANY }]
03-31 00:59:12.852 I/Finsky  (27088): [2] DTU: Received onPackageAdded, replacing: true
03-31 00:59:12.853 I/com.weejobs.app(28393): Using CollectorTypeCMC GC.
03-31 00:59:12.883 I/HalDevMgr(  815): bestIfaceCreationProposal is null, requestIface=STA, existingIface=[name=wlan0 type=STA]
03-31 00:59:12.898 I/Finsky  (27088): [2] aiky - Received: android.intent.action.PACKAGE_ADDED, [Gqk4ewQyzs5K3YXFVstm8EkH33a-0A8vDs_YEc4mwgs]
03-31 00:59:12.922 W/com.weejobs.app(28393): Unexpected CPU variant for x86: x86_64.
03-31 00:59:12.922 W/com.weejobs.app(28393): Known variants: atom, sandybridge, silvermont, goldmont, goldmont-plus, goldmont-without-sha-xsaves, tremont, kabylake, alderlake, default
03-31 00:59:12.932 I/Finsky  (27088): [2] aiky - Deduping intent android.intent.action.PACKAGE_ADDED
03-31 00:59:13.115 W/gle.android.gms(22624): Suspending all threads took: 80.778ms
03-31 00:59:13.121 I/adbd    ( 1634): jdwp connection from 28393
03-31 00:59:13.176 I/Icing   (22624): Usage reports ok 1, Failed Usage reports 0, indexed 0, rejected 0
03-31 00:59:13.190 I/Finsky  (27088): [2] aiky - Received: android.intent.action.PACKAGE_ADDED, [Gqk4ewQyzs5K3YXFVstm8EkH33a-0A8vDs_YEc4mwgs]
03-31 00:59:13.264 W/Looper  (  815): Slow dispatch took 177ms android.ui app=system_server main=false group=TOP_APP h=com.android.server.am.ActivityManagerService$UiHandler c=com.android.server.am.UidObserverController$$ExternalSyntheticLambda0@b25499f m=0
03-31 00:59:13.271 I/Finsky  (27088): [2] aiky - Deduping intent android.intent.action.PACKAGE_ADDED
03-31 00:59:13.292 I/Finsky  (27088): [50] RECEIVER_PACKAGE_MONITOR#logWorkEndAndFinishGoAsync: SUCCESS
03-31 00:59:13.371 V/SafetySourceDataValidat(  815): Package: com.android.vending has expected signature
03-31 00:59:13.371 V/SafetySourceDataValidat(  815): Package: com.android.vending has expected signature
03-31 00:59:13.450 I/Icing   (22624): Usage reports ok 0, Failed Usage reports 0, indexed 0, rejected 0
03-31 00:59:13.657 D/nativeloader(28393): Load libframework-connectivity-tiramisu-jni.so using APEX ns com_android_tethering for caller /apex/com.android.tethering/javalib/framework-connectivity-t.jar: ok
03-31 00:59:13.743 E/TaskPersister(  815): File error accessing recents directory (directory doesn't exist?).
03-31 00:59:14.120 I/Finsky  (27088): [54] WM::SCH: Logging work initialize for 12-1
03-31 00:59:14.167 I/Finsky  (27088): [2] Memory trim requested to level 40
03-31 00:59:14.199 I/Finsky  (27088): [2] Flushing in-memory image cache
03-31 00:59:14.219 I/Finsky  (27088): [54] WM::SCH: Logging work initialize for 12-1
03-31 00:59:14.333 I/Finsky  (27088): [60] SCH: Scheduling phonesky job Id: 12-1, CT: 1774943952583, Constraints: [{ L: 15000, D: 86400000, C: CHARGING_NONE, I: IDLE_NONE, N: NET_ANY, B: BATTERY_ANY }]
03-31 00:59:14.498 I/Finsky  (27088): [61] SCH: Scheduling 1 system job(s)
03-31 00:59:14.515 I/Finsky  (27088): [61] SCH: Scheduling system job Id: 9610, L: 13081, D: 77550912, C: false, I: false, N: 1
03-31 00:59:14.694 W/SignedPackage(  815): Cannot get ApplicationInfo for package: com.google.android.devicelockcontroller
03-31 00:59:14.712 W/libbinder.BackendUnifiedServiceManager(28433): Thread Pool max thread count is 0. Cannot cache binder as linkToDeath cannot be implemented. serviceName: package
03-31 00:59:14.719 I/Finsky  (27088): [60] SCH: Scheduling phonesky job Id: 12-1, CT: 1774943952844, Constraints: [{ L: 15000, D: 86400000, C: CHARGING_NONE, I: IDLE_NONE, N: NET_ANY, B: BATTERY_ANY }]
03-31 00:59:14.732 I/Finsky  (27088): [53] [ContentSync] finished, scheduled=true
03-31 00:59:14.740 D/SatelliteController( 1522): iisInCarrierRoamingNbIotNtn: satellite is disabled
03-31 00:59:14.747 W/Looper  ( 1337): Drained
03-31 00:59:14.760 D/SatelliteController( 1522): getCarrierRoamingNtnConnectType: Falling back to global carrier config connect type: 0
03-31 00:59:14.766 I/Finsky  (27088): [62] SCH: Scheduling 0 system job(s)
03-31 00:59:14.771 I/Finsky  (27088): [62] [ContentSync] finished, scheduled=true
03-31 00:59:14.789 W/ActivityManager(  815): Slow operation: 51ms so far, now at attachApplicationLocked: immediately after bindApplication
03-31 00:59:14.790 W/ActivityManager(  815): Slow operation: 52ms so far, now at attachApplicationLocked: after updateLruProcessLocked
03-31 00:59:14.794 D/BackgroundInstallControlService(  815): Package event received: 0
03-31 00:59:14.811 W/ActivityManager(  815): Slow operation: 69ms so far, now at attachApplicationLocked: after updateOomAdjLocked
03-31 00:59:15.131 I/Icing   (22624): Indexing com.google.android.gms-apps from com.google.android.gms
03-31 00:59:15.315 D/ApplicationLoaders(28393): Returning zygote-cached class loader: /system/framework/org.apache.http.legacy.jar
03-31 00:59:15.317 D/ApplicationLoaders(28393): Returning zygote-cached class loader: /system_ext/framework/androidx.window.extensions.jar
03-31 00:59:15.318 D/ApplicationLoaders(28393): Returning zygote-cached class loader: /system_ext/framework/androidx.window.sidecar.jar
03-31 00:59:15.594 I/artd    ( 3343): GetBestInfo: odex next to the dex file (/data/app/~~l86ooHn3z7zjJPmRwuVyKA==/com.google.android.gms-mjvtrlLEHAA3R1GV5L8qqg==/oat/x86_64/base.odex) is kOatUpToDate with filter 'speed-profile' executable 'false'
03-31 00:59:15.599 I/artd    ( 3343): GetBestInfo: odex next to the dex file (/data/app/~~l86ooHn3z7zjJPmRwuVyKA==/com.google.android.gms-mjvtrlLEHAA3R1GV5L8qqg==/oat/x86_64/split_AdsDynamite_installtime.odex) is kOatUpToDate with filter 'speed' executable 'false'
03-31 00:59:15.614 I/Icing   (22624): Indexing done com.google.android.gms-apps
03-31 00:59:15.623 I/artd    ( 3343): GetBestInfo: odex next to the dex file (/data/app/~~l86ooHn3z7zjJPmRwuVyKA==/com.google.android.gms-mjvtrlLEHAA3R1GV5L8qqg==/oat/x86_64/split_CronetDynamite_installtime.odex) is kOatUpToDate with filter 'speed' executable 'false'
03-31 00:59:15.679 I/artd    ( 3343): GetBestInfo: odex next to the dex file (/data/app/~~l86ooHn3z7zjJPmRwuVyKA==/com.google.android.gms-mjvtrlLEHAA3R1GV5L8qqg==/oat/x86_64/split_DynamiteLoader_installtime.odex) is kOatUpToDate with filter 'speed' executable 'false'
03-31 00:59:15.684 V/AccessibilityUserState(  815): updateShortcutTargets: type:accessibility_shortcut_target_service, current:{}, new:{}
03-31 00:59:15.684 V/AccessibilityUserState(  815): updateShortcutTargets: type:accessibility_qs_targets, current:{}, new:{}
03-31 00:59:15.684 V/AccessibilityUserState(  815): updateShortcutTargets: type:accessibility_button_targets, current:{}, new:{}
03-31 00:59:15.684 V/AccessibilityUserState(  815): updateShortcutTargets: type:accessibility_gesture_targets, current:{}, new:{}
03-31 00:59:15.685 V/AccessibilityUserState(  815): updateShortcutTargets: type:accessibility_key_gesture_targets, current:{}, new:{}
03-31 00:59:15.694 V/AccessibilityManagerService(  815): onUserStateChangedLocked for userId: 0, forceUpdate: false
03-31 00:59:15.700 I/artd    ( 3343): GetBestInfo: odex next to the dex file (/data/app/~~l86ooHn3z7zjJPmRwuVyKA==/com.google.android.gms-mjvtrlLEHAA3R1GV5L8qqg==/oat/x86_64/split_DynamiteModulesA_installtime.odex) is kOatUpToDate with filter 'speed' executable 'false'
03-31 00:59:15.704 I/system_server(  815): Background young concurrent mark compact GC freed 14MB AllocSpace bytes, 16(616KB) LOS objects, 32% free, 38MB/56MB, paused 21.614ms,12.339ms total 2.564s
03-31 00:59:15.716 I/artd    ( 3343): GetBestInfo: odex next to the dex file (/data/app/~~l86ooHn3z7zjJPmRwuVyKA==/com.google.android.gms-mjvtrlLEHAA3R1GV5L8qqg==/oat/x86_64/split_DynamiteModulesC_installtime.odex) is kOatUpToDate with filter 'speed' executable 'false'
03-31 00:59:15.751 I/artd    ( 3343): GetBestInfo: odex next to the dex file (/data/app/~~l86ooHn3z7zjJPmRwuVyKA==/com.google.android.gms-mjvtrlLEHAA3R1GV5L8qqg==/oat/x86_64/split_GoogleCertificates_installtime.odex) is kOatUpToDate with filter 'speed' executable 'false'
03-31 00:59:15.759 I/artd    ( 3343): GetBestInfo: odex next to the dex file (/data/app/~~l86ooHn3z7zjJPmRwuVyKA==/com.google.android.gms-mjvtrlLEHAA3R1GV5L8qqg==/oat/x86_64/split_MapsDynamite_installtime.odex) is kOatUpToDate with filter 'speed' executable 'false'
03-31 00:59:15.789 I/artd    ( 3343): GetBestInfo: odex next to the dex file (/data/app/~~l86ooHn3z7zjJPmRwuVyKA==/com.google.android.gms-mjvtrlLEHAA3R1GV5L8qqg==/oat/x86_64/split_MeasurementDynamite_installtime.odex) is kOatUpToDate with filter 'speed' executable 'false'
03-31 00:59:15.843 V/AccessibilityUserState(  815): updateShortcutTargets: type:accessibility_shortcut_target_service, current:{}, new:{}
03-31 00:59:15.844 V/AccessibilityUserState(  815): updateShortcutTargets: type:accessibility_button_targets, current:{}, new:{}
03-31 00:59:15.856 I/artd    ( 3343): GetBestInfo: /data/user_de/0/com.google.android.gms/app_chimera/m/0000000d/dl-PlayCloudSearch.optional_253434100000.apk has no usable artifacts
03-31 00:59:15.859 V/AccessibilityUserState(  815): updateShortcutTargets: type:accessibility_gesture_targets, current:{}, new:{}
03-31 00:59:15.859 V/AccessibilityUserState(  815): updateShortcutTargets: type:accessibility_qs_targets, current:{}, new:{}
03-31 00:59:15.859 V/AccessibilityUserState(  815): updateShortcutTargets: type:accessibility_key_gesture_targets, current:{}, new:{}
03-31 00:59:15.884 W/MagnificationConnectionManager(  815): requestConnection duplicated request: connect=false, mConnectionState=DISCONNECTED
03-31 00:59:15.885 V/AccessibilityUserState(  815): updateShortcutTargets: type:accessibility_button_targets, current:{}, new:{}
03-31 00:59:15.885 V/AccessibilityUserState(  815): updateShortcutTargets: type:accessibility_qs_targets, current:{}, new:{}
03-31 00:59:15.890 I/artd    ( 3343): GetBestInfo: /data/user_de/0/com.google.android.gms/app_chimera/m/0000000c/dl-MlkitBarcodeUi.optional_253434100800.apk has no usable artifacts
03-31 00:59:15.892 I/artd    ( 3343): GetBestInfo: /data/user_de/0/com.google.android.gms/app_chimera/m/00000001/CronetDynamite.apk has no usable artifacts
03-31 00:59:15.902 V/AccessibilityUserState(  815): updateShortcutTargets: type:accessibility_shortcut_target_service, current:{}, new:{}
03-31 00:59:15.902 V/AccessibilityUserState(  815): updateShortcutTargets: type:accessibility_qs_targets, current:{}, new:{}
03-31 00:59:15.902 V/AccessibilityUserState(  815): updateShortcutTargets: type:accessibility_button_targets, current:{}, new:{}
03-31 00:59:15.902 V/AccessibilityUserState(  815): updateShortcutTargets: type:accessibility_gesture_targets, current:{}, new:{}
03-31 00:59:15.902 V/AccessibilityUserState(  815): updateShortcutTargets: type:accessibility_key_gesture_targets, current:{}, new:{}
03-31 00:59:15.904 V/AccessibilityManagerService(  815): onUserStateChangedLocked for userId: 0, forceUpdate: false
03-31 00:59:15.906 V/AccessibilityUserState(  815): updateShortcutTargets: type:accessibility_shortcut_target_service, current:{}, new:{}
03-31 00:59:15.906 V/AccessibilityUserState(  815): updateShortcutTargets: type:accessibility_button_targets, current:{}, new:{}
03-31 00:59:15.906 V/AccessibilityUserState(  815): updateShortcutTargets: type:accessibility_gesture_targets, current:{}, new:{}
03-31 00:59:15.906 V/AccessibilityUserState(  815): updateShortcutTargets: type:accessibility_qs_targets, current:{}, new:{}
03-31 00:59:15.907 V/AccessibilityUserState(  815): updateShortcutTargets: type:accessibility_key_gesture_targets, current:{}, new:{}
03-31 00:59:15.907 I/HalDevMgr(  815): bestIfaceCreationProposal is null, requestIface=STA, existingIface=[name=wlan0 type=STA]
03-31 00:59:15.907 W/MagnificationConnectionManager(  815): requestConnection duplicated request: connect=false, mConnectionState=DISCONNECTED
03-31 00:59:15.926 I/artd    ( 3343): GetBestInfo: /data/user_de/0/com.google.android.gms/app_chimera/m/00000016/dl-MlkitOcrCommon.optional_261133100800.apk has no usable artifacts
03-31 00:59:16.033 I/artd    ( 3343): GetBestInfo: /data/user_de/0/com.google.android.gms/app_chimera/m/0000000e/dl-VisionOcr.optional_253434100000.apk has no usable artifacts
03-31 00:59:16.046 I/artd    ( 3343): GetBestInfo: /data/user_de/0/com.google.android.gms/app_chimera/m/00000002/DynamiteLoader.apk has no usable artifacts
03-31 00:59:16.051 I/artd    ( 3343): GetBestInfo: /data/user_de/0/com.google.android.gms/app_chimera/m/00000005/GoogleCertificates.apk has no usable artifacts
03-31 00:59:16.092 I/artd    ( 3343): GetBestInfo: /data/user_de/0/com.google.android.gms/app_chimera/m/00000012/dl-Appsearch.optional_261133100800.apk has no usable artifacts
03-31 00:59:16.213 I/artd    ( 3343): GetBestInfo: /data/user_de/0/com.google.android.gms/app_chimera/m/00000011/dl-PlayCloudSearch.optional_261133100000.apk has no usable artifacts
03-31 00:59:16.323 I/artd    ( 3343): GetBestInfo: /data/user_de/0/com.google.android.gms/app_chimera/m/00000015/dl-MlkitBarcodeUi.optional_261133100800.apk has no usable artifacts
03-31 00:59:16.360 W/WellbeingSettingsProvid(24277): <DWB> Call failed: get_actions
03-31 00:59:16.360 W/WellbeingSettingsProvid(24277): java.util.concurrent.TimeoutException: Waited 5000 milliseconds (plus 494400 nanoseconds delay) for ntm@11e790a[status=PENDING, info=[inputFuture=[ntl@a96c57b[status=PENDING, setFuture=[nss@a7fbf98[status=PENDING, info=[inputFuture=[ntm@c5513f1[status=PENDING, info=[inputFuture=[ntm@9b31bd6[status=PENDING, info=[inputFuture=[nuh@1423e57[status=PENDING, info=[futures=[ntm@67d3d44[status=PENDING, info=[inputFuture=[ntm@295fe2d[status=PENDING, info=[inputFuture=[nvg@11d1f62[status=PENDING, info=[delegate=[nwm@c268f3[status=PENDING, setFuture=[ntm@db2e9b0[status=PENDING, info=[inputFuture=[ntl@6815029[status=PENDING, info=[inputFuture=[nvg@431cfae[status=PENDING, info=[delegate=[nwm@510a14f[status=PENDING, setFuture=[ntl@b54f0dc[status=PENDING, info=[function=[propagating=[egd@ab5c5e5]]]]]]]]]], function=[propagating=[dwm@5cf38ba]]]]], function=[propagating=[dwo@660036b]]]]]]]]]], function=[propagating=[dvz@7ae3ec8]]]]], function=[propagating=[fai@301db61]]]]]]]], function=[propagating=[ewe@6a82686]]]]], function=[propagating=[dtn@2f96b47]]]]], exceptionType=[class java.lang.Throwable], fallback=[propagating=[dwo@2cc7f74]]]]]]], function=[propagating=[dtn@79fcc9d]]]]
03-31 00:59:16.360 W/WellbeingSettingsProvid(24277): 	at ntj.t(PG:370)
03-31 00:59:16.360 W/WellbeingSettingsProvid(24277): 	at ntb.get(PG:2)
03-31 00:59:16.360 W/WellbeingSettingsProvid(24277): 	at nuy.get(PG:2)
03-31 00:59:16.360 W/WellbeingSettingsProvid(24277): 	at com.google.android.apps.wellbeing.api.impl.WellbeingSettingsProvider.i(PG:9)
03-31 00:59:16.360 W/WellbeingSettingsProvid(24277): 	at com.google.android.apps.wellbeing.api.impl.WellbeingSettingsProvider.call(PG:151)
03-31 00:59:16.360 W/WellbeingSettingsProvid(24277): 	at android.content.ContentProvider.call(ContentProvider.java:2746)
03-31 00:59:16.360 W/WellbeingSettingsProvid(24277): 	at android.content.ContentProvider$Transport.call(ContentProvider.java:640)
03-31 00:59:16.360 W/WellbeingSettingsProvid(24277): 	at android.content.ContentProviderNative.onTransact(ContentProviderNative.java:307)
03-31 00:59:16.360 W/WellbeingSettingsProvid(24277): 	at android.os.Binder.execTransactInternal(Binder.java:1473)
03-31 00:59:16.360 W/WellbeingSettingsProvid(24277): 	at android.os.Binder.execTransact(Binder.java:1418)
03-31 00:59:16.378 W/libbinder.Binder(24277): Binder transaction to android.content.IContentProvider code 21 took 9777ms. Data bytes: 472 Reply bytes: 116 Flags: 18
03-31 00:59:16.465 I/artd    ( 3343): GetBestInfo: /data/user_de/0/com.google.android.gms/app_chimera/m/0000000a/dl-Appsearch.optional_253434100800.apk has no usable artifacts
03-31 00:59:16.525 I/artd    ( 3343): GetBestInfo: /data/user_de/0/com.google.android.gms/app_chimera/m/00000008/dl-TfliteDynamiteDynamite.integ_252130102100800.apk has no usable artifacts
03-31 00:59:16.613 I/artd    ( 3343): GetBestInfo: /data/user_de/0/com.google.android.gms/app_chimera/m/0000000f/dl-MlkitOcrCommon.optional_253434100800.apk has no usable artifacts
03-31 00:59:16.646 I/artd    ( 3343): GetBestInfo: /data/user_de/0/com.google.android.gms/app_chimera/m/00000010/dl-VisionOcr.optional_261133100000.apk has no usable artifacts
03-31 00:59:16.690 I/artd    ( 3343): GetBestInfo: vdex next to the dex file (/data/user/0/com.google.android.gms/app_dg_cache/BB2AE5A47BB198AF36C19CFD2B6407061A1BAF30/oat/x86_64/the.vdex) is kOatUpToDate with filter 'verify' executable 'false'
03-31 00:59:16.696 I/artd    ( 3343): GetBestInfo: /data/user_de/0/com.google.android.gms/app_chimera/m/00000007/MeasurementDynamite.apk has no usable artifacts
03-31 00:59:16.780 W/libbinder.Binder(  815): Binder transaction to android.content.pm.IPackageManager code 1598311760 took 2061ms. Data bytes: 80 Reply bytes: 4 Flags: 16
03-31 00:59:18.462 I/ndroid.systemui( 1337): Background concurrent mark compact GC freed 10MB AllocSpace bytes, 0(0B) LOS objects, 44% free, 29MB/53MB, paused 9.364ms,27.674ms total 13.002s
03-31 00:59:18.576 W/System  ( 1337): A resource failed to call release. 
03-31 00:59:18.936 I/HalDevMgr(  815): bestIfaceCreationProposal is null, requestIface=STA, existingIface=[name=wlan0 type=STA]
03-31 00:59:20.144 W/ActivityTaskManager(  815): Launch timeout has expired, giving up wake lock!
03-31 00:59:20.438 D/ActivityManager(  815): freezing 24895 com.google.android.apps.messaging
03-31 00:59:21.445 I/WellbeingModel( 1636): Retrying; attempt 1
03-31 00:59:21.446 I/WellbeingModel( 1636): updateActionsWithRetry(); retryCount: 1, package: com.weejobs.app
03-31 00:59:21.446 D/WellbeingModel( 1636): retrieveActions() called with: packageNames = [com.weejobs.app]
03-31 00:59:21.755 D/WellbeingModel( 1636): ....actionId: pause, packages: com.weejobs.app
03-31 00:59:21.760 I/WellbeingModel( 1636): retrieveActions(): finished
