04-02 18:58:29.575 D/ActivityThread( 1672): Package [com.weejobs.app] reported as REPLACED, but missing application info. Assuming REMOVED.
04-02 18:58:29.578 D/ActivityThread( 6843): Package [com.weejobs.app] reported as REPLACED, but missing application info. Assuming REMOVED.
04-02 18:58:29.578 D/ActivityThread( 1690): Package [com.weejobs.app] reported as REPLACED, but missing application info. Assuming REMOVED.
04-02 18:58:29.578 D/ActivityThread( 1074): Package [com.weejobs.app] reported as REPLACED, but missing application info. Assuming REMOVED.
04-02 18:58:29.579 D/ActivityThread( 1268): Package [com.weejobs.app] reported as REPLACED, but missing application info. Assuming REMOVED.
04-02 18:58:29.581 D/ActivityThread( 1249): Package [com.weejobs.app] reported as REPLACED, but missing application info. Assuming REMOVED.
04-02 18:58:29.583 D/ActivityThread( 1249): Package [com.weejobs.app] reported as REPLACED, but missing application info. Assuming REMOVED.
04-02 18:58:29.583 D/ActivityThread( 1736): Package [com.weejobs.app] reported as REPLACED, but missing application info. Assuming REMOVED.
04-02 18:58:29.583 D/AS.AudioService(  819): received android.intent.action.PACKAGE_ADDED replacing: true archival: false for package com.weejobs.app with uid 10227
04-02 18:58:29.586 D/ActivityThread( 1690): Package [com.weejobs.app] reported as REPLACED, but missing application info. Assuming REMOVED.
04-02 18:58:29.626 D/ActivityThread( 1235): Package [com.weejobs.app] reported as REPLACED, but missing application info. Assuming REMOVED.
04-02 18:58:29.636 D/ActivityThread( 1176): Package [com.weejobs.app] reported as REPLACED, but missing application info. Assuming REMOVED.
04-02 18:58:29.672 D/ActivityThread( 1772): Package [com.weejobs.app] reported as REPLACED, but missing application info. Assuming REMOVED.
04-02 18:58:29.710 D/ActivityThread( 1707): Package [com.weejobs.app] reported as REPLACED, but missing application info. Assuming REMOVED.
04-02 18:58:29.755 D/ActivityThread( 1074): Package [com.weejobs.app] reported as REPLACED, but missing application info. Assuming REMOVED.
04-02 18:58:29.877 W/AlarmManager(  819): Package com.weejobs.app, uid 10227 lost permission to set exact alarms!
04-02 18:58:29.877 D/ActivityThread(  819): Package [com.weejobs.app] reported as REPLACED, but missing application info. Assuming REMOVED.
04-02 18:58:29.877 D/ActivityThread(  819): Package [com.weejobs.app] reported as REPLACED, but missing application info. Assuming REMOVED.
04-02 18:58:29.921 D/AS.AudioService(  819): received android.intent.action.PACKAGE_REPLACED replacing: true archival: false for package com.weejobs.app with uid 10227
04-02 18:58:29.930 D/ActivityThread( 1772): Package [com.weejobs.app] reported as REPLACED, but missing application info. Assuming REMOVED.
04-02 18:58:29.948 I/SdkSandboxManager(  819): No SDKs used. Skipping SDK data reconcilation for CallingInfo{mUid=10227, mPackageName='com.weejobs.app, mAppProcessToken='null'}
04-02 18:58:29.999 D/ImsResolver( 1247): maybeAddedImsService, packageName: com.weejobs.app
04-02 18:58:30.001 V/ImsResolver( 1247): searchForImsServices: package=com.weejobs.app, users=[UserHandle{0}]
04-02 18:58:30.003 V/ImsResolver( 1247): searchForImsServices: package=com.weejobs.app, users=[UserHandle{0}]
04-02 18:58:30.038 D/ActivityThread(10985): Package [com.weejobs.app] reported as REPLACED, but missing application info. Assuming REMOVED.
04-02 18:58:30.069 D/ActivityThread(10985): Package [com.weejobs.app] reported as REPLACED, but missing application info. Assuming REMOVED.
04-02 18:58:30.072 D/ActivityThread(10907): Package [com.weejobs.app] reported as REPLACED, but missing application info. Assuming REMOVED.
04-02 18:58:30.076 D/ActivityThread(10907): Package [com.weejobs.app] reported as REPLACED, but missing application info. Assuming REMOVED.
04-02 18:58:30.080 W/VvmPkgInstalledRcvr( 1247): carrierVvmPkgAdded: carrier vvm packages doesn't contain com.weejobs.app
04-02 18:58:30.102 D/ActivityThread( 1247): Package [com.weejobs.app] reported as REPLACED, but missing application info. Assuming REMOVED.
04-02 18:58:30.114 D/ActivityThread( 1247): Package [com.weejobs.app] reported as REPLACED, but missing application info. Assuming REMOVED.
04-02 18:58:30.182 D/ActivityThread( 5786): Package [com.weejobs.app] reported as REPLACED, but missing application info. Assuming REMOVED.
04-02 18:58:30.194 D/SatelliteController( 1247): packageStateChanged: package:com.weejobs.app defaultSmsPackageName: com.google.android.apps.messaging satelliteGatewayServicePackageName: 
04-02 18:58:30.198 D/ActivityThread( 5786): Package [com.weejobs.app] reported as REPLACED, but missing application info. Assuming REMOVED.
04-02 18:58:30.359 D/ActivityThread(14989): Package [com.weejobs.app] reported as REPLACED, but missing application info. Assuming REMOVED.
04-02 18:58:30.361 D/ActivityThread(14989): Package [com.weejobs.app] reported as REPLACED, but missing application info. Assuming REMOVED.
04-02 18:58:30.748 I/SafetyLabelChangedBroadcastReceiver( 5786): received broadcast packageName: com.weejobs.app, current user: UserHandle{0}, packageChangeEvent: UPDATE, intent user: UserHandle{0}
04-02 18:58:30.949 I/ProximityAuth( 1398): [RecentAppsMediator] Package added: (user=UserHandle{0}) com.weejobs.app
04-02 18:58:31.066 I/Finsky  (10907): [69] AIM: AppInfoManager-Perf > OnDeviceAppInfo > cacheHitCount=0, cacheMissCount=1. Missed  in cache (limit 10) : [com.weejobs.app]
04-02 18:58:31.154 I/Finsky:background(10985): [63] IQ:PSL: skipping onPackageRemoved(replacing=true) for untracked package=com.weejobs.app
04-02 18:58:31.681 I/Finsky  (10907): [69] AIM: AppInfoManager-Perf > OnDeviceAppInfo > cacheHitCount=0, cacheMissCount=1. Missed  in cache (limit 10) : [com.weejobs.app]
04-02 18:58:31.967 W/SQLiteLog(14989): (28) double-quoted string literal: "com.weejobs.app"
04-02 18:58:32.010 I/Finsky  (10907): [70] AIM: AppInfoManager-Perf > ItemModel > CacheSize=0, cacheHitCount=0, cacheMissCount=1, total appsWithNoServerDataCount=0. Missed  in cache (limit 10) : [com.weejobs.app]
04-02 18:58:32.079 I/Finsky  (10907): [69] AIM: AppInfoManager-Perf > ItemModel > CacheSize=0, cacheHitCount=0, cacheMissCount=1, total appsWithNoServerDataCount=0. Missed  in cache (limit 10) : [com.weejobs.app]
04-02 18:58:32.120 I/Finsky  (10907): [70] ItemStore: Not cached: com.weejobs.app
04-02 18:58:32.126 I/Finsky  (10907): [71] ItemStore: Not cached: com.weejobs.app
04-02 18:58:33.019 E/Finsky  (10907): [70] ItemStore: getItems RPC failed for item com.weejobs.app
04-02 18:58:33.046 D/ActivityThread(14782): Package [com.weejobs.app] reported as REPLACED, but missing application info. Assuming REMOVED.
04-02 18:58:33.057 D/ActivityThread(14782): Package [com.weejobs.app] reported as REPLACED, but missing application info. Assuming REMOVED.
04-02 18:58:33.247 D/ActivityThread(14782): Package [com.weejobs.app] reported as REPLACED, but missing application info. Assuming REMOVED.
04-02 18:58:33.249 D/ActivityThread(14782): Package [com.weejobs.app] reported as REPLACED, but missing application info. Assuming REMOVED.
04-02 18:58:33.255 D/ActivityThread(14782): Package [com.weejobs.app] reported as REPLACED, but missing application info. Assuming REMOVED.
04-02 18:58:33.256 D/ActivityThread(14782): Package [com.weejobs.app] reported as REPLACED, but missing application info. Assuming REMOVED.
04-02 18:58:33.331 D/ActivityThread(14909): Package [com.weejobs.app] reported as REPLACED, but missing application info. Assuming REMOVED.
04-02 18:58:33.337 D/ActivityThread(14909): Package [com.weejobs.app] reported as REPLACED, but missing application info. Assuming REMOVED.
04-02 18:58:33.343 D/ActivityThread(14909): Package [com.weejobs.app] reported as REPLACED, but missing application info. Assuming REMOVED.
04-02 18:58:33.345 D/ActivityThread(14909): Package [com.weejobs.app] reported as REPLACED, but missing application info. Assuming REMOVED.
04-02 18:58:33.463 E/Finsky  (10907): [72] ItemStore: getItems RPC failed for item com.weejobs.app
04-02 18:58:33.900 D/WellbeingModel( 1249): ....actionId: pause, packages: com.weejobs.app
04-02 19:03:02.002 I/PackageManager(  819): Update package com.weejobs.app code path from /data/app/~~VYUJE_py75Bg7dMOudXyHA==/com.weejobs.app-g2iXKHchdui1Huuu1Dft1w== to /data/app/vmdl1701431613.tmp; Retain data and using new
04-02 19:03:02.306 I/AppsFilter(  819): interaction: PackageSetting{b22887 com.android.microdroid.empty_payload/10207} -> PackageSetting{3d4538f com.weejobs.app/10227} BLOCKED
04-02 19:03:02.308 I/AppsFilter(  819): interaction: PackageSetting{b22887 com.android.microdroid.empty_payload/10207} -> PackageSetting{1c086a1 com.weejobs.app/10227} BLOCKED
04-02 19:03:02.496 I/ActivityManager(  819): Force stopping com.weejobs.app appid=10227 user=-1: installPackageLI
04-02 19:03:02.530 I/PackageManager(  819): installation completed for package:com.weejobs.app. Final code path: /data/app/~~9k9O_8Wu_AuuK8pogQeUDg==/com.weejobs.app-9-4-VBGcsha0Lme8HCs8eg==
04-02 19:03:02.535 I/AppsFilter(  819): interaction: PackageSetting{8fbe08a com.android.microdroid.empty_payload/10207} -> PackageSetting{90b439b com.weejobs.app/10227} BLOCKED
04-02 19:03:02.690 I/ActivityManager(  819): Force stopping com.weejobs.app appid=10227 user=0: pkg removed
04-02 19:03:03.350 I/WellbeingModel( 1249): updateActionsWithRetry(); retryCount: 0, package: com.weejobs.app
04-02 19:03:03.351 D/WellbeingModel( 1249): retrieveActions() called with: packageNames = [com.weejobs.app]
04-02 19:03:03.376 I/SatelliteAppTracker( 1247): onPackageUpdateFinished : com.weejobs.app
04-02 19:03:03.382 I/SatelliteAppTracker( 1247): onPackageModified : com.weejobs.app
04-02 19:03:03.402 D/ShortcutService(  819): replacing package: com.weejobs.app userId=0
04-02 19:03:03.426 E/SatelliteAppTracker( 1247): packageName: com.weejobs.app, value: null
04-02 19:03:04.210 E/SatelliteAppTracker( 1247): packageName: com.weejobs.app, value: null
04-02 19:03:04.382 I/SdkSandboxManager(  819): No SDKs used. Skipping SDK data reconcilation for CallingInfo{mUid=10227, mPackageName='com.weejobs.app, mAppProcessToken='null'}
04-02 19:03:04.458 D/CarrierSvcBindHelper( 1247): onPackageUpdateFinished: com.weejobs.app
04-02 19:03:04.488 W/PackageConfigPersister(  819): App-specific configuration not found for packageName: com.weejobs.app and userId: 0
04-02 19:03:04.892 D/CarrierSvcBindHelper( 1247): onPackageModified: com.weejobs.app
04-02 19:03:04.986 I/Telecom (  819): CarModeTracker: Package com.weejobs.app is not tracked.: SSH.oR@Ag0
04-02 19:03:05.190 D/AS.AudioService(  819): received android.intent.action.PACKAGE_ADDED replacing: true archival: false for package com.weejobs.app with uid 10227
04-02 19:03:05.212 I/AiAiEcho( 1707): AppIndexer Package:[com.weejobs.app] UserProfile:[0] Enabled:[true].
04-02 19:03:05.218 I/AiAiEcho( 1707): AppFetcherImplV2 updateApps package:[com.weejobs.app], userId:[0], reason:[package is updated.].
04-02 19:03:05.594 D/ImsResolver( 1247): maybeAddedImsService, packageName: com.weejobs.app
04-02 19:03:05.595 V/ImsResolver( 1247): searchForImsServices: package=com.weejobs.app, users=[UserHandle{0}]
04-02 19:03:05.596 V/ImsResolver( 1247): searchForImsServices: package=com.weejobs.app, users=[UserHandle{0}]
04-02 19:03:05.600 D/ActivityThread( 1249): Package [com.weejobs.app] reported as REPLACED, but missing application info. Assuming REMOVED.
04-02 19:03:05.605 D/ActivityThread( 7111): Package [com.weejobs.app] reported as REPLACED, but missing application info. Assuming REMOVED.
04-02 19:03:05.611 D/ActivityThread(10500): Package [com.weejobs.app] reported as REPLACED, but missing application info. Assuming REMOVED.
04-02 19:03:05.616 D/ActivityThread( 1672): Package [com.weejobs.app] reported as REPLACED, but missing application info. Assuming REMOVED.
04-02 19:03:05.631 D/ActivityThread( 6843): Package [com.weejobs.app] reported as REPLACED, but missing application info. Assuming REMOVED.
04-02 19:03:05.655 D/ActivityThread( 1707): Package [com.weejobs.app] reported as REPLACED, but missing application info. Assuming REMOVED.
04-02 19:03:05.665 D/ActivityThread( 1268): Package [com.weejobs.app] reported as REPLACED, but missing application info. Assuming REMOVED.
04-02 19:03:05.716 D/ActivityThread( 1560): Package [com.weejobs.app] reported as REPLACED, but missing application info. Assuming REMOVED.
04-02 19:03:05.729 D/ActivityThread( 1736): Package [com.weejobs.app] reported as REPLACED, but missing application info. Assuming REMOVED.
04-02 19:03:05.737 D/ActivityThread( 1772): Package [com.weejobs.app] reported as REPLACED, but missing application info. Assuming REMOVED.
04-02 19:03:05.757 D/ActivityThread( 1176): Package [com.weejobs.app] reported as REPLACED, but missing application info. Assuming REMOVED.
04-02 19:03:05.760 D/ActivityThread( 1074): Package [com.weejobs.app] reported as REPLACED, but missing application info. Assuming REMOVED.
04-02 19:03:05.764 W/VvmPkgInstalledRcvr( 1247): carrierVvmPkgAdded: carrier vvm packages doesn't contain com.weejobs.app
04-02 19:03:05.768 D/ActivityThread( 1235): Package [com.weejobs.app] reported as REPLACED, but missing application info. Assuming REMOVED.
04-02 19:03:05.772 W/AlarmManager(  819): Package com.weejobs.app, uid 10227 lost permission to set exact alarms!
04-02 19:03:05.778 D/ActivityThread( 1690): Package [com.weejobs.app] reported as REPLACED, but missing application info. Assuming REMOVED.
04-02 19:03:05.788 D/ActivityThread( 1249): Package [com.weejobs.app] reported as REPLACED, but missing application info. Assuming REMOVED.
04-02 19:03:05.789 D/ActivityThread( 7111): Package [com.weejobs.app] reported as REPLACED, but missing application info. Assuming REMOVED.
04-02 19:03:05.789 D/ActivityThread( 1268): Package [com.weejobs.app] reported as REPLACED, but missing application info. Assuming REMOVED.
04-02 19:03:05.791 D/ActivityThread( 6843): Package [com.weejobs.app] reported as REPLACED, but missing application info. Assuming REMOVED.
04-02 19:03:05.791 D/ActivityThread( 1672): Package [com.weejobs.app] reported as REPLACED, but missing application info. Assuming REMOVED.
04-02 19:03:05.792 D/ActivityThread(10500): Package [com.weejobs.app] reported as REPLACED, but missing application info. Assuming REMOVED.
04-02 19:03:05.798 D/ActivityThread( 1690): Package [com.weejobs.app] reported as REPLACED, but missing application info. Assuming REMOVED.
04-02 19:03:05.798 D/ActivityThread(  819): Package [com.weejobs.app] reported as REPLACED, but missing application info. Assuming REMOVED.
04-02 19:03:05.807 D/ActivityThread( 1074): Package [com.weejobs.app] reported as REPLACED, but missing application info. Assuming REMOVED.
04-02 19:03:05.807 D/ActivityThread(  819): Package [com.weejobs.app] reported as REPLACED, but missing application info. Assuming REMOVED.
04-02 19:03:05.810 D/ActivityThread( 1772): Package [com.weejobs.app] reported as REPLACED, but missing application info. Assuming REMOVED.
04-02 19:03:05.810 D/ActivityThread( 1560): Package [com.weejobs.app] reported as REPLACED, but missing application info. Assuming REMOVED.
04-02 19:03:05.810 D/ActivityThread( 1707): Package [com.weejobs.app] reported as REPLACED, but missing application info. Assuming REMOVED.
04-02 19:03:05.813 D/ActivityThread( 1235): Package [com.weejobs.app] reported as REPLACED, but missing application info. Assuming REMOVED.
04-02 19:03:05.820 D/ActivityThread( 1736): Package [com.weejobs.app] reported as REPLACED, but missing application info. Assuming REMOVED.
04-02 19:03:05.898 D/ActivityThread( 1176): Package [com.weejobs.app] reported as REPLACED, but missing application info. Assuming REMOVED.
04-02 19:03:05.912 D/AS.AudioService(  819): received android.intent.action.PACKAGE_REPLACED replacing: true archival: false for package com.weejobs.app with uid 10227
04-02 19:03:06.141 D/ActivityThread( 1247): Package [com.weejobs.app] reported as REPLACED, but missing application info. Assuming REMOVED.
04-02 19:03:06.150 D/ActivityThread( 1398): Package [com.weejobs.app] reported as REPLACED, but missing application info. Assuming REMOVED.
04-02 19:03:06.155 D/ActivityThread( 1398): Package [com.weejobs.app] reported as REPLACED, but missing application info. Assuming REMOVED.
04-02 19:03:06.157 D/ActivityThread( 1247): Package [com.weejobs.app] reported as REPLACED, but missing application info. Assuming REMOVED.
04-02 19:03:06.167 I/SdkSandboxManager(  819): No SDKs used. Skipping SDK data reconcilation for CallingInfo{mUid=10227, mPackageName='com.weejobs.app, mAppProcessToken='null'}
04-02 19:03:06.220 D/ActivityThread(10907): Package [com.weejobs.app] reported as REPLACED, but missing application info. Assuming REMOVED.
04-02 19:03:06.248 D/ActivityThread(10907): Package [com.weejobs.app] reported as REPLACED, but missing application info. Assuming REMOVED.
04-02 19:03:06.383 D/SatelliteController( 1247): packageStateChanged: package:com.weejobs.app defaultSmsPackageName: com.google.android.apps.messaging satelliteGatewayServicePackageName: 
04-02 19:03:06.405 D/ActivityThread(10985): Package [com.weejobs.app] reported as REPLACED, but missing application info. Assuming REMOVED.
04-02 19:03:06.421 D/ActivityThread(10985): Package [com.weejobs.app] reported as REPLACED, but missing application info. Assuming REMOVED.
04-02 19:03:06.703 D/ActivityThread( 5786): Package [com.weejobs.app] reported as REPLACED, but missing application info. Assuming REMOVED.
04-02 19:03:06.712 D/ActivityThread( 5786): Package [com.weejobs.app] reported as REPLACED, but missing application info. Assuming REMOVED.
04-02 19:03:07.176 I/SafetyLabelChangedBroadcastReceiver( 5786): received broadcast packageName: com.weejobs.app, current user: UserHandle{0}, packageChangeEvent: UPDATE, intent user: UserHandle{0}
04-02 19:03:07.281 D/ActivityThread(14989): Package [com.weejobs.app] reported as REPLACED, but missing application info. Assuming REMOVED.
04-02 19:03:07.289 D/ActivityThread(14989): Package [com.weejobs.app] reported as REPLACED, but missing application info. Assuming REMOVED.
04-02 19:03:08.663 I/ProximityAuth( 1398): [RecentAppsMediator] Package added: (user=UserHandle{0}) com.weejobs.app
04-02 19:03:08.895 I/Finsky:background(10985): [63] IQ:PSL: skipping onPackageRemoved(replacing=true) for untracked package=com.weejobs.app
04-02 19:03:10.345 W/SQLiteLog(14989): (28) double-quoted string literal: "com.weejobs.app"
04-02 19:03:10.395 I/Finsky  (10907): [70] AIM: AppInfoManager-Perf > OnDeviceAppInfo > cacheHitCount=0, cacheMissCount=1. Missed  in cache (limit 10) : [com.weejobs.app]
04-02 19:03:11.267 I/Finsky  (10907): [70] AIM: AppInfoManager-Perf > OnDeviceAppInfo > cacheHitCount=0, cacheMissCount=1. Missed  in cache (limit 10) : [com.weejobs.app]
04-02 19:03:11.412 I/Finsky  (10907): [72] AIM: AppInfoManager-Perf > ItemModel > CacheSize=0, cacheHitCount=0, cacheMissCount=1, total appsWithNoServerDataCount=0. Missed  in cache (limit 10) : [com.weejobs.app]
04-02 19:03:11.540 I/Finsky  (10907): [70] ItemStore: Not cached: com.weejobs.app
04-02 19:03:11.544 I/Finsky  (10907): [71] AIM: AppInfoManager-Perf > ItemModel > CacheSize=0, cacheHitCount=0, cacheMissCount=1, total appsWithNoServerDataCount=0. Missed  in cache (limit 10) : [com.weejobs.app]
04-02 19:03:11.560 I/Finsky  (10907): [71] ItemStore: Not cached: com.weejobs.app
04-02 19:03:13.110 E/Finsky  (10907): [71] ItemStore: getItems RPC failed for item com.weejobs.app
04-02 19:03:13.260 E/Finsky  (10907): [71] ItemStore: getItems RPC failed for item com.weejobs.app
04-02 19:03:17.319 I/WellbeingModel( 1249): updateActionsWithRetry(); retryCount: 1, package: com.weejobs.app
04-02 19:03:17.319 D/WellbeingModel( 1249): retrieveActions() called with: packageNames = [com.weejobs.app]
04-02 19:03:17.406 D/WellbeingModel( 1249): ....actionId: pause, packages: com.weejobs.app
04-02 19:08:26.399 I/PackageManager(  819): Update package com.weejobs.app code path from /data/app/~~9k9O_8Wu_AuuK8pogQeUDg==/com.weejobs.app-9-4-VBGcsha0Lme8HCs8eg== to /data/app/vmdl885137266.tmp; Retain data and using new
04-02 19:08:26.699 I/AppsFilter(  819): interaction: PackageSetting{b22887 com.android.microdroid.empty_payload/10207} -> PackageSetting{b13fdcc com.weejobs.app/10227} BLOCKED
04-02 19:08:26.700 I/AppsFilter(  819): interaction: PackageSetting{b22887 com.android.microdroid.empty_payload/10207} -> PackageSetting{1c086a1 com.weejobs.app/10227} BLOCKED
04-02 19:08:26.740 D/ActivityThread(15594): Package [com.weejobs.app] reported as REPLACED, but missing application info. Assuming REMOVED.
04-02 19:08:26.745 D/ActivityThread(15594): Package [com.weejobs.app] reported as REPLACED, but missing application info. Assuming REMOVED.
04-02 19:08:26.745 D/ActivityThread(15594): Package [com.weejobs.app] reported as REPLACED, but missing application info. Assuming REMOVED.
04-02 19:08:26.745 D/ActivityThread(15594): Package [com.weejobs.app] reported as REPLACED, but missing application info. Assuming REMOVED.
04-02 19:08:26.745 D/ActivityThread(15594): Package [com.weejobs.app] reported as REPLACED, but missing application info. Assuming REMOVED.
04-02 19:08:26.745 D/ActivityThread(15594): Package [com.weejobs.app] reported as REPLACED, but missing application info. Assuming REMOVED.
04-02 19:08:26.893 I/ActivityManager(  819): Force stopping com.weejobs.app appid=10227 user=-1: installPackageLI
04-02 19:08:26.916 I/PackageManager(  819): installation completed for package:com.weejobs.app. Final code path: /data/app/~~U1KU6vdfgu256STvHRTCXg==/com.weejobs.app-8EHPRi7xrEr5P6OvL8cTbQ==
04-02 19:08:26.919 I/AppsFilter(  819): interaction: PackageSetting{8fbe08a com.android.microdroid.empty_payload/10207} -> PackageSetting{de8a001 com.weejobs.app/10227} BLOCKED
04-02 19:08:27.017 I/ActivityManager(  819): Force stopping com.weejobs.app appid=10227 user=0: pkg removed
04-02 19:08:27.539 I/SdkSandboxManager(  819): No SDKs used. Skipping SDK data reconcilation for CallingInfo{mUid=10227, mPackageName='com.weejobs.app, mAppProcessToken='null'}
04-02 19:08:27.546 W/PackageConfigPersister(  819): App-specific configuration not found for packageName: com.weejobs.app and userId: 0
04-02 19:08:27.554 I/WellbeingModel( 1249): updateActionsWithRetry(); retryCount: 0, package: com.weejobs.app
04-02 19:08:27.554 D/WellbeingModel( 1249): retrieveActions() called with: packageNames = [com.weejobs.app]
04-02 19:08:27.554 D/ShortcutService(  819): replacing package: com.weejobs.app userId=0
04-02 19:08:27.555 I/SatelliteAppTracker( 1247): onPackageUpdateFinished : com.weejobs.app
04-02 19:08:27.555 I/SatelliteAppTracker( 1247): onPackageModified : com.weejobs.app
04-02 19:08:27.574 E/SatelliteAppTracker( 1247): packageName: com.weejobs.app, value: null
04-02 19:08:27.615 E/SatelliteAppTracker( 1247): packageName: com.weejobs.app, value: null
04-02 19:08:27.618 I/Telecom (  819): CarModeTracker: Package com.weejobs.app is not tracked.: SSH.oR@AhI
04-02 19:08:27.676 D/CarrierSvcBindHelper( 1247): onPackageUpdateFinished: com.weejobs.app
04-02 19:08:27.710 D/CarrierSvcBindHelper( 1247): onPackageModified: com.weejobs.app
04-02 19:08:28.215 D/ActivityThread( 1249): Package [com.weejobs.app] reported as REPLACED, but missing application info. Assuming REMOVED.
04-02 19:08:28.221 D/ActivityThread(15594): Package [com.weejobs.app] reported as REPLACED, but missing application info. Assuming REMOVED.
04-02 19:08:28.224 D/ActivityThread( 6843): Package [com.weejobs.app] reported as REPLACED, but missing application info. Assuming REMOVED.
04-02 19:08:28.244 D/ActivityThread( 1249): Package [com.weejobs.app] reported as REPLACED, but missing application info. Assuming REMOVED.
04-02 19:08:28.251 D/ActivityThread( 1560): Package [com.weejobs.app] reported as REPLACED, but missing application info. Assuming REMOVED.
04-02 19:08:28.255 D/ActivityThread( 1772): Package [com.weejobs.app] reported as REPLACED, but missing application info. Assuming REMOVED.
04-02 19:08:28.260 D/ActivityThread( 6843): Package [com.weejobs.app] reported as REPLACED, but missing application info. Assuming REMOVED.
04-02 19:08:28.261 D/ActivityThread(15594): Package [com.weejobs.app] reported as REPLACED, but missing application info. Assuming REMOVED.
04-02 19:08:28.265 D/ActivityThread( 1560): Package [com.weejobs.app] reported as REPLACED, but missing application info. Assuming REMOVED.
04-02 19:08:28.266 D/ActivityThread( 1772): Package [com.weejobs.app] reported as REPLACED, but missing application info. Assuming REMOVED.
04-02 19:08:28.279 D/ActivityThread( 1074): Package [com.weejobs.app] reported as REPLACED, but missing application info. Assuming REMOVED.
04-02 19:08:28.281 D/ActivityThread( 1074): Package [com.weejobs.app] reported as REPLACED, but missing application info. Assuming REMOVED.
04-02 19:08:28.292 D/ActivityThread( 1235): Package [com.weejobs.app] reported as REPLACED, but missing application info. Assuming REMOVED.
04-02 19:08:28.295 D/ActivityThread( 1176): Package [com.weejobs.app] reported as REPLACED, but missing application info. Assuming REMOVED.
04-02 19:08:28.296 D/ActivityThread( 1235): Package [com.weejobs.app] reported as REPLACED, but missing application info. Assuming REMOVED.
04-02 19:08:28.297 D/ActivityThread( 1176): Package [com.weejobs.app] reported as REPLACED, but missing application info. Assuming REMOVED.
04-02 19:08:28.413 D/ActivityThread( 1690): Package [com.weejobs.app] reported as REPLACED, but missing application info. Assuming REMOVED.
04-02 19:08:28.528 D/ActivityThread( 1690): Package [com.weejobs.app] reported as REPLACED, but missing application info. Assuming REMOVED.
04-02 19:08:29.040 D/ActivityThread( 1736): Package [com.weejobs.app] reported as REPLACED, but missing application info. Assuming REMOVED.
04-02 19:08:29.083 D/ActivityThread(10985): Package [com.weejobs.app] reported as REPLACED, but missing application info. Assuming REMOVED.
04-02 19:08:29.197 D/ActivityThread(10500): Package [com.weejobs.app] reported as REPLACED, but missing application info. Assuming REMOVED.
04-02 19:08:29.226 D/ActivityThread( 1736): Package [com.weejobs.app] reported as REPLACED, but missing application info. Assuming REMOVED.
04-02 19:08:29.288 D/ActivityThread(10500): Package [com.weejobs.app] reported as REPLACED, but missing application info. Assuming REMOVED.
04-02 19:08:29.306 D/ActivityThread(10985): Package [com.weejobs.app] reported as REPLACED, but missing application info. Assuming REMOVED.
04-02 19:08:29.379 I/SafetyLabelChangedBroadcastReceiver( 5786): received broadcast packageName: com.weejobs.app, current user: UserHandle{0}, packageChangeEvent: UPDATE, intent user: UserHandle{0}
04-02 19:08:29.380 D/ActivityThread( 1707): Package [com.weejobs.app] reported as REPLACED, but missing application info. Assuming REMOVED.
04-02 19:08:29.415 D/ActivityThread( 1268): Package [com.weejobs.app] reported as REPLACED, but missing application info. Assuming REMOVED.
04-02 19:08:29.420 D/ActivityThread( 1268): Package [com.weejobs.app] reported as REPLACED, but missing application info. Assuming REMOVED.
04-02 19:08:29.420 D/AS.AudioService(  819): received android.intent.action.PACKAGE_ADDED replacing: true archival: false for package com.weejobs.app with uid 10227
04-02 19:08:29.421 D/ActivityThread( 1707): Package [com.weejobs.app] reported as REPLACED, but missing application info. Assuming REMOVED.
04-02 19:08:29.431 D/ActivityThread(10907): Package [com.weejobs.app] reported as REPLACED, but missing application info. Assuming REMOVED.
04-02 19:08:29.432 I/AiAiEcho( 1707): AppIndexer Package:[com.weejobs.app] UserProfile:[0] Enabled:[true].
04-02 19:08:29.436 I/AiAiEcho( 1707): AppFetcherImplV2 updateApps package:[com.weejobs.app], userId:[0], reason:[package is updated.].
04-02 19:08:29.436 D/ActivityThread(10907): Package [com.weejobs.app] reported as REPLACED, but missing application info. Assuming REMOVED.
04-02 19:08:29.455 D/ActivityThread( 5786): Package [com.weejobs.app] reported as REPLACED, but missing application info. Assuming REMOVED.
04-02 19:08:29.476 D/ActivityThread( 5786): Package [com.weejobs.app] reported as REPLACED, but missing application info. Assuming REMOVED.
04-02 19:08:29.499 D/ActivityThread( 7111): Package [com.weejobs.app] reported as REPLACED, but missing application info. Assuming REMOVED.
04-02 19:08:29.510 D/ActivityThread( 7111): Package [com.weejobs.app] reported as REPLACED, but missing application info. Assuming REMOVED.
04-02 19:08:29.756 D/ActivityThread( 1672): Package [com.weejobs.app] reported as REPLACED, but missing application info. Assuming REMOVED.
04-02 19:08:29.966 D/ActivityThread( 1672): Package [com.weejobs.app] reported as REPLACED, but missing application info. Assuming REMOVED.
04-02 19:08:30.288 D/ActivityThread( 1398): Package [com.weejobs.app] reported as REPLACED, but missing application info. Assuming REMOVED.
04-02 19:08:30.346 D/ActivityThread( 1398): Package [com.weejobs.app] reported as REPLACED, but missing application info. Assuming REMOVED.
04-02 19:08:30.544 I/SdkSandboxManager(  819): No SDKs used. Skipping SDK data reconcilation for CallingInfo{mUid=10227, mPackageName='com.weejobs.app, mAppProcessToken='null'}
04-02 19:08:30.696 D/ActivityThread(  819): Package [com.weejobs.app] reported as REPLACED, but missing application info. Assuming REMOVED.
04-02 19:08:30.696 D/ActivityThread(  819): Package [com.weejobs.app] reported as REPLACED, but missing application info. Assuming REMOVED.
04-02 19:08:30.815 D/ActivityThread(14989): Package [com.weejobs.app] reported as REPLACED, but missing application info. Assuming REMOVED.
04-02 19:08:30.854 D/ActivityThread(14989): Package [com.weejobs.app] reported as REPLACED, but missing application info. Assuming REMOVED.
04-02 19:08:30.893 D/AS.AudioService(  819): received android.intent.action.PACKAGE_REPLACED replacing: true archival: false for package com.weejobs.app with uid 10227
04-02 19:08:30.940 W/AlarmManager(  819): Package com.weejobs.app, uid 10227 lost permission to set exact alarms!
04-02 19:08:31.293 D/ImsResolver( 1247): maybeAddedImsService, packageName: com.weejobs.app
04-02 19:08:31.298 V/ImsResolver( 1247): searchForImsServices: package=com.weejobs.app, users=[UserHandle{0}]
04-02 19:08:31.307 V/ImsResolver( 1247): searchForImsServices: package=com.weejobs.app, users=[UserHandle{0}]
04-02 19:08:31.325 W/VvmPkgInstalledRcvr( 1247): carrierVvmPkgAdded: carrier vvm packages doesn't contain com.weejobs.app
04-02 19:08:31.367 D/ActivityThread( 1247): Package [com.weejobs.app] reported as REPLACED, but missing application info. Assuming REMOVED.
04-02 19:08:31.428 D/ActivityThread( 1247): Package [com.weejobs.app] reported as REPLACED, but missing application info. Assuming REMOVED.
04-02 19:08:31.510 D/SatelliteController( 1247): packageStateChanged: package:com.weejobs.app defaultSmsPackageName: com.google.android.apps.messaging satelliteGatewayServicePackageName: 
04-02 19:08:31.657 I/ProximityAuth( 1398): [RecentAppsMediator] Package added: (user=UserHandle{0}) com.weejobs.app
04-02 19:08:32.506 I/Finsky  (10907): [69] AIM: AppInfoManager-Perf > OnDeviceAppInfo > cacheHitCount=0, cacheMissCount=1. Missed  in cache (limit 10) : [com.weejobs.app]
04-02 19:08:32.719 W/SQLiteLog(14989): (28) double-quoted string literal: "com.weejobs.app"
04-02 19:08:33.154 I/Finsky  (10907): [69] AIM: AppInfoManager-Perf > OnDeviceAppInfo > cacheHitCount=0, cacheMissCount=1. Missed  in cache (limit 10) : [com.weejobs.app]
04-02 19:08:33.338 I/Finsky:background(10985): [63] IQ:PSL: skipping onPackageRemoved(replacing=true) for untracked package=com.weejobs.app
04-02 19:08:33.396 I/Finsky  (10907): [72] AIM: AppInfoManager-Perf > ItemModel > CacheSize=0, cacheHitCount=0, cacheMissCount=1, total appsWithNoServerDataCount=0. Missed  in cache (limit 10) : [com.weejobs.app]
04-02 19:08:33.440 I/Finsky  (10907): [69] AIM: AppInfoManager-Perf > ItemModel > CacheSize=0, cacheHitCount=0, cacheMissCount=1, total appsWithNoServerDataCount=0. Missed  in cache (limit 10) : [com.weejobs.app]
04-02 19:08:33.574 I/Finsky  (10907): [71] ItemStore: Not cached: com.weejobs.app
04-02 19:08:33.576 I/Finsky  (10907): [71] ItemStore: Not cached: com.weejobs.app
04-02 19:08:34.788 E/Finsky  (10907): [70] ItemStore: getItems RPC failed for item com.weejobs.app
04-02 19:08:34.788 E/Finsky  (10907): [72] ItemStore: getItems RPC failed for item com.weejobs.app
04-02 19:08:35.579 D/WellbeingModel( 1249): ....actionId: pause, packages: com.weejobs.app
